Testing image 0:

Predicted value: 3
Testing image 1:

Predicted value: 0
Testing image 2:

Predicted value: 4
Testing image 3:

Predicted value: 1
Testing image 4:

Predicted value: 9
Testing image 5:

Predicted value: 2
Testing image 6:

Predicted value: 1
Testing image 7:

Predicted value: 6
Testing image 8:

Predicted value: 1
Testing image 9:

Predicted value: 4
Testing image 10:

Predicted value: 9
Testing image 11:

Predicted value: 5
Testing image 12:

Predicted value: 3
Testing image 13:

Predicted value: 6
Testing image 14:

Predicted value: 1
Testing image 15:

Predicted value: 7
Testing image 16:

Predicted value: 2
Testing image 17:

Predicted value: 8
Testing image 18:

Predicted value: 6
Testing image 19:

Predicted value: 9
Testing image 20:

Predicted value: 4
Testing image 21:

Predicted value: 0
Testing image 22:

Predicted value: 9
Testing image 23:

Predicted value: 1
Testing image 24:

Predicted value: 1
Testing image 25:

Predicted value: 2
Testing image 26:

Predicted value: 4
Testing image 27:

Predicted value: 6
Testing image 28:

Predicted value: 6
Testing image 29:

Predicted value: 2
Testing image 30:

Predicted value: 3
Testing image 31:

Predicted value: 8
Testing image 32:

Predicted value: 6
Testing image 33:

Predicted value: 9
Testing image 34:

Predicted value: 0
Testing image 35:

Predicted value: 5
Testing image 36:

Predicted value: 6
Testing image 37:

Predicted value: 0
Testing image 38:

Predicted value: 6
Testing image 39:

Predicted value: 6
Testing image 40:

Predicted value: 1
Testing image 41:

Predicted value: 8
Testing image 42:

Predicted value: 7
Testing image 43:

Predicted value: 9
Testing image 44:

Predicted value: 3
Testing image 45:

Predicted value: 6
Testing image 46:

Predicted value: 8
Testing image 47:

Predicted value: 5
Testing image 48:

Predicted value: 9
Testing image 49:

Predicted value: 3
Accuracy: 84%
Vivado Simulator v2025.2
Copyright 1986-2022 Xilinx, Inc. All Rights Reserved.
Copyright 2022-2025 Advanced Micro Devices, Inc. All Rights Reserved.
Running: /home/abdullah/Xilinx/2025.2/Vivado/bin/unwrapped/lnx64.o/xelab xil_defaultlib.apatb_top_top xil_defaultlib.glbl -Oenable_linking_all_libraries -prj top.prj -L smartconnect_v1_0 -L axi_protocol_checker_v1_1_12 -L axi_protocol_checker_v1_1_13 -L axis_protocol_checker_v1_1_11 -L axis_protocol_checker_v1_1_12 -L xil_defaultlib -L unisims_ver -L xpm -L floating_point_v7_1_21 -L floating_point_v7_0_26 --lib ieee_proposed=./ieee_proposed -L uvm -relax -i ./svr -i ./svtb -i ./file_agent -i ./top_subsystem -s top 
Multi-threading is on. Using 20 slave threads.
WARNING: [XSIM 43-3431] One or more environment variables have been detected which affect the operation of the C compiler. These are typically not set in standard installations and are not tested by AMD, however they may be appropriate for your system, so the flow will attempt to continue.  If errors occur, try running xelab with the "-mt off -v 1" switches to see more information from the C compiler. The following environment variables have been detected:
    LIBRARY_PATH
INFO: [VRFC 10-2263] Analyzing SystemVerilog file "/home/abdullah/Desktop/CNN-on-FPGA/hls_component/top/hls/sim/verilog/glbl.v" into library xil_defaultlib
INFO: [VRFC 10-311] analyzing module glbl
INFO: [VRFC 10-2263] Analyzing SystemVerilog file "/home/abdullah/Desktop/CNN-on-FPGA/hls_component/top/hls/sim/verilog/top_conv1_Pipeline_LOAD_B.v" into library xil_defaultlib
INFO: [VRFC 10-311] analyzing module top_conv1_Pipeline_LOAD_B
INFO: [VRFC 10-2263] Analyzing SystemVerilog file "/home/abdullah/Desktop/CNN-on-FPGA/hls_component/top/hls/sim/verilog/top_pool_Pipeline_LOAD_POOL.v" into library xil_defaultlib
INFO: [VRFC 10-311] analyzing module top_pool_Pipeline_LOAD_POOL
INFO: [VRFC 10-2263] Analyzing SystemVerilog file "/home/abdullah/Desktop/CNN-on-FPGA/hls_component/top/hls/sim/verilog/top_sparsemux_21_4_8_1_1.v" into library xil_defaultlib
INFO: [VRFC 10-311] analyzing module top_sparsemux_21_4_8_1_1
INFO: [VRFC 10-2263] Analyzing SystemVerilog file "/home/abdullah/Desktop/CNN-on-FPGA/hls_component/top/hls/sim/verilog/top_conv2_Pipeline_LOAD_W.v" into library xil_defaultlib
INFO: [VRFC 10-311] analyzing module top_conv2_Pipeline_LOAD_W
INFO: [VRFC 10-2263] Analyzing SystemVerilog file "/home/abdullah/Desktop/CNN-on-FPGA/hls_component/top/hls/sim/verilog/top_conv2_conv2_ap_fixed_ap_fixed_ap_fixed_ap_fixed_8_5_5_3_0_local_weight_8_RAM_bkb.v" into library xil_defaultlib
INFO: [VRFC 10-311] analyzing module top_conv2_conv2_ap_fixed_ap_fixed_ap_fixed_ap_fixed_8_5_5_3_0_local_weight_8_RAM_bkb
INFO: [VRFC 10-2263] Analyzing SystemVerilog file "/home/abdullah/Desktop/CNN-on-FPGA/hls_component/top/hls/sim/verilog/top_urem_8ns_4ns_3_12_1.v" into library xil_defaultlib
INFO: [VRFC 10-311] analyzing module top_urem_8ns_4ns_3_12_1_divider
INFO: [VRFC 10-311] analyzing module top_urem_8ns_4ns_3_12_1
INFO: [VRFC 10-2263] Analyzing SystemVerilog file "/home/abdullah/Desktop/CNN-on-FPGA/hls_component/top/hls/sim/verilog/top_conv1_temp_RAM_2P_BRAM_1R1W.v" into library xil_defaultlib
INFO: [VRFC 10-311] analyzing module top_conv1_temp_RAM_2P_BRAM_1R1W
INFO: [VRFC 10-2263] Analyzing SystemVerilog file "/home/abdullah/Desktop/CNN-on-FPGA/hls_component/top/hls/sim/verilog/top_control_s_axi.v" into library xil_defaultlib
INFO: [VRFC 10-311] analyzing module top_control_s_axi
INFO: [VRFC 10-2263] Analyzing SystemVerilog file "/home/abdullah/Desktop/CNN-on-FPGA/hls_component/top/hls/sim/verilog/top_gmem1_m_axi.v" into library xil_defaultlib
INFO: [VRFC 10-311] analyzing module top_gmem1_m_axi
INFO: [VRFC 10-311] analyzing module top_gmem1_m_axi_load
INFO: [VRFC 10-311] analyzing module top_gmem1_m_axi_read
INFO: [VRFC 10-311] analyzing module top_gmem1_m_axi_burst_converter
INFO: [VRFC 10-311] analyzing module top_gmem1_m_axi_burst_interleave
INFO: [VRFC 10-311] analyzing module top_gmem1_m_axi_burst_sequential
INFO: [VRFC 10-311] analyzing module top_gmem1_m_axi_reg_slice
INFO: [VRFC 10-311] analyzing module top_gmem1_m_axi_fifo
INFO: [VRFC 10-311] analyzing module top_gmem1_m_axi_srl
INFO: [VRFC 10-311] analyzing module top_gmem1_m_axi_mem
INFO: [VRFC 10-2263] Analyzing SystemVerilog file "/home/abdullah/Desktop/CNN-on-FPGA/hls_component/top/hls/sim/verilog/top_pool.v" into library xil_defaultlib
INFO: [VRFC 10-311] analyzing module top_pool
INFO: [VRFC 10-2263] Analyzing SystemVerilog file "/home/abdullah/Desktop/CNN-on-FPGA/hls_component/top/hls/sim/verilog/top_mac_muladd_8s_8s_11s_11_4_1.v" into library xil_defaultlib
INFO: [VRFC 10-311] analyzing module top_mac_muladd_8s_8s_11s_11_4_1_DSP48_0
INFO: [VRFC 10-311] analyzing module top_mac_muladd_8s_8s_11s_11_4_1
INFO: [VRFC 10-2263] Analyzing SystemVerilog file "/home/abdullah/Desktop/CNN-on-FPGA/hls_component/top/hls/sim/verilog/top.v" into library xil_defaultlib
INFO: [VRFC 10-311] analyzing module top
INFO: [VRFC 10-2263] Analyzing SystemVerilog file "/home/abdullah/Desktop/CNN-on-FPGA/hls_component/top/hls/sim/verilog/top_pool_1_Pipeline_LOAD_POOL.v" into library xil_defaultlib
INFO: [VRFC 10-311] analyzing module top_pool_1_Pipeline_LOAD_POOL
INFO: [VRFC 10-2263] Analyzing SystemVerilog file "/home/abdullah/Desktop/CNN-on-FPGA/hls_component/top/hls/sim/verilog/top_conv2.v" into library xil_defaultlib
INFO: [VRFC 10-311] analyzing module top_conv2
INFO: [VRFC 10-2263] Analyzing SystemVerilog file "/home/abdullah/Desktop/CNN-on-FPGA/hls_component/top/hls/sim/verilog/top_pool_Pipeline_CO_LOOP_H_LOOP_W_LOOP.v" into library xil_defaultlib
INFO: [VRFC 10-311] analyzing module top_pool_Pipeline_CO_LOOP_H_LOOP_W_LOOP
INFO: [VRFC 10-2263] Analyzing SystemVerilog file "/home/abdullah/Desktop/CNN-on-FPGA/hls_component/top/hls/sim/verilog/top_pool_1.v" into library xil_defaultlib
INFO: [VRFC 10-311] analyzing module top_pool_1
INFO: [VRFC 10-2263] Analyzing SystemVerilog file "/home/abdullah/Desktop/CNN-on-FPGA/hls_component/top/hls/sim/verilog/top_sparsemux_33_4_8_1_1.v" into library xil_defaultlib
INFO: [VRFC 10-311] analyzing module top_sparsemux_33_4_8_1_1
INFO: [VRFC 10-2263] Analyzing SystemVerilog file "/home/abdullah/Desktop/CNN-on-FPGA/hls_component/top/hls/sim/verilog/top_gmem0_m_axi.v" into library xil_defaultlib
INFO: [VRFC 10-311] analyzing module top_gmem0_m_axi
INFO: [VRFC 10-311] analyzing module top_gmem0_m_axi_load
INFO: [VRFC 10-311] analyzing module top_gmem0_m_axi_store
INFO: [VRFC 10-311] analyzing module top_gmem0_m_axi_read
INFO: [VRFC 10-311] analyzing module top_gmem0_m_axi_write
INFO: [VRFC 10-311] analyzing module top_gmem0_m_axi_burst_converter
INFO: [VRFC 10-311] analyzing module top_gmem0_m_axi_burst_interleave
INFO: [VRFC 10-311] analyzing module top_gmem0_m_axi_burst_sequential
INFO: [VRFC 10-311] analyzing module top_gmem0_m_axi_throttle
INFO: [VRFC 10-311] analyzing module top_gmem0_m_axi_reg_slice
INFO: [VRFC 10-311] analyzing module top_gmem0_m_axi_fifo
INFO: [VRFC 10-311] analyzing module top_gmem0_m_axi_srl
INFO: [VRFC 10-311] analyzing module top_gmem0_m_axi_mem
INFO: [VRFC 10-2263] Analyzing SystemVerilog file "/home/abdullah/Desktop/CNN-on-FPGA/hls_component/top/hls/sim/verilog/top_urem_9ns_4ns_3_13_1.v" into library xil_defaultlib
INFO: [VRFC 10-311] analyzing module top_urem_9ns_4ns_3_13_1_divider
INFO: [VRFC 10-311] analyzing module top_urem_9ns_4ns_3_13_1
INFO: [VRFC 10-2263] Analyzing SystemVerilog file "/home/abdullah/Desktop/CNN-on-FPGA/hls_component/top/hls/sim/verilog/top_conv2_Pipeline_LOAD_B.v" into library xil_defaultlib
INFO: [VRFC 10-311] analyzing module top_conv2_Pipeline_LOAD_B
INFO: [VRFC 10-2263] Analyzing SystemVerilog file "/home/abdullah/Desktop/CNN-on-FPGA/hls_component/top/hls/sim/verilog/top_top_Pipeline_LOAD_IN.v" into library xil_defaultlib
INFO: [VRFC 10-311] analyzing module top_top_Pipeline_LOAD_IN
INFO: [VRFC 10-2263] Analyzing SystemVerilog file "/home/abdullah/Desktop/CNN-on-FPGA/hls_component/top/hls/sim/verilog/top_conv1_Pipeline_LOAD_W.v" into library xil_defaultlib
INFO: [VRFC 10-311] analyzing module top_conv1_Pipeline_LOAD_W
INFO: [VRFC 10-2263] Analyzing SystemVerilog file "/home/abdullah/Desktop/CNN-on-FPGA/hls_component/top/hls/sim/verilog/top_pool_ap_fixed_ap_fixed_8_5_5_3_0_int_int_int_int_int_local_input_4_RAM_2P_BRAkbM.v" into library xil_defaultlib
INFO: [VRFC 10-311] analyzing module top_pool_ap_fixed_ap_fixed_8_5_5_3_0_int_int_int_int_int_local_input_4_RAM_2P_BRAkbM
INFO: [VRFC 10-2263] Analyzing SystemVerilog file "/home/abdullah/Desktop/CNN-on-FPGA/hls_component/top/hls/sim/verilog/top_sparsemux_17_3_8_1_1.v" into library xil_defaultlib
INFO: [VRFC 10-311] analyzing module top_sparsemux_17_3_8_1_1
INFO: [VRFC 10-2263] Analyzing SystemVerilog file "/home/abdullah/Desktop/CNN-on-FPGA/hls_component/top/hls/sim/verilog/top_dense_ap_fixed_ap_fixed_ap_fixed_ap_fixed_8_5_5_3_0_temp_7_RAM_AUTO_1R1W.v" into library xil_defaultlib
INFO: [VRFC 10-311] analyzing module top_dense_ap_fixed_ap_fixed_ap_fixed_ap_fixed_8_5_5_3_0_temp_7_RAM_AUTO_1R1W
INFO: [VRFC 10-2263] Analyzing SystemVerilog file "/home/abdullah/Desktop/CNN-on-FPGA/hls_component/top/hls/sim/verilog/top_mac_muladd_8s_8s_11s_16_4_1.v" into library xil_defaultlib
INFO: [VRFC 10-311] analyzing module top_mac_muladd_8s_8s_11s_16_4_1_DSP48_0
INFO: [VRFC 10-311] analyzing module top_mac_muladd_8s_8s_11s_16_4_1
INFO: [VRFC 10-2263] Analyzing SystemVerilog file "/home/abdullah/Desktop/CNN-on-FPGA/hls_component/top/hls/sim/verilog/top_conv1.v" into library xil_defaultlib
INFO: [VRFC 10-311] analyzing module top_conv1
INFO: [VRFC 10-2263] Analyzing SystemVerilog file "/home/abdullah/Desktop/CNN-on-FPGA/hls_component/top/hls/sim/verilog/top_sparsemux_11_3_8_1_1.v" into library xil_defaultlib
INFO: [VRFC 10-311] analyzing module top_sparsemux_11_3_8_1_1
INFO: [VRFC 10-2263] Analyzing SystemVerilog file "/home/abdullah/Desktop/CNN-on-FPGA/hls_component/top/hls/sim/verilog/top_top_Pipeline_LOAD_BIAS.v" into library xil_defaultlib
INFO: [VRFC 10-311] analyzing module top_top_Pipeline_LOAD_BIAS
INFO: [VRFC 10-2263] Analyzing SystemVerilog file "/home/abdullah/Desktop/CNN-on-FPGA/hls_component/top/hls/sim/verilog/top_mul_12ns_14ns_25_1_1.v" into library xil_defaultlib
INFO: [VRFC 10-311] analyzing module top_mul_12ns_14ns_25_1_1
INFO: [VRFC 10-2263] Analyzing SystemVerilog file "/home/abdullah/Desktop/CNN-on-FPGA/hls_component/top/hls/sim/verilog/top_mul_5ns_9ns_12_1_1.v" into library xil_defaultlib
INFO: [VRFC 10-311] analyzing module top_mul_5ns_9ns_12_1_1
INFO: [VRFC 10-2263] Analyzing SystemVerilog file "/home/abdullah/Desktop/CNN-on-FPGA/hls_component/top/hls/sim/verilog/top_conv1_Pipeline_CO_1_H_1_W_1.v" into library xil_defaultlib
INFO: [VRFC 10-311] analyzing module top_conv1_Pipeline_CO_1_H_1_W_1
INFO: [VRFC 10-2263] Analyzing SystemVerilog file "/home/abdullah/Desktop/CNN-on-FPGA/hls_component/top/hls/sim/verilog/top_conv2_Pipeline_LOAD_2.v" into library xil_defaultlib
INFO: [VRFC 10-311] analyzing module top_conv2_Pipeline_LOAD_2
INFO: [VRFC 10-2263] Analyzing SystemVerilog file "/home/abdullah/Desktop/CNN-on-FPGA/hls_component/top/hls/sim/verilog/top.autotb.v" into library xil_defaultlib
INFO: [VRFC 10-311] analyzing module apatb_top_top
INFO: [VRFC 10-2263] Analyzing SystemVerilog file "/home/abdullah/Desktop/CNN-on-FPGA/hls_component/top/hls/sim/verilog/top_conv1_Pipeline_LOAD_1.v" into library xil_defaultlib
INFO: [VRFC 10-311] analyzing module top_conv1_Pipeline_LOAD_1
INFO: [VRFC 10-2263] Analyzing SystemVerilog file "/home/abdullah/Desktop/CNN-on-FPGA/hls_component/top/hls/sim/verilog/top_conv2_temp_RAM_2P_BRAM_1R1W.v" into library xil_defaultlib
INFO: [VRFC 10-311] analyzing module top_conv2_temp_RAM_2P_BRAM_1R1W
INFO: [VRFC 10-2263] Analyzing SystemVerilog file "/home/abdullah/Desktop/CNN-on-FPGA/hls_component/top/hls/sim/verilog/top_flow_control_loop_pipe_sequential_init.v" into library xil_defaultlib
INFO: [VRFC 10-311] analyzing module top_flow_control_loop_pipe_sequential_init
INFO: [VRFC 10-2263] Analyzing SystemVerilog file "/home/abdullah/Desktop/CNN-on-FPGA/hls_component/top/hls/sim/verilog/top_conv2_Pipeline_CI_2.v" into library xil_defaultlib
INFO: [VRFC 10-311] analyzing module top_conv2_Pipeline_CI_2
INFO: [VRFC 10-2263] Analyzing SystemVerilog file "/home/abdullah/Desktop/CNN-on-FPGA/hls_component/top/hls/sim/verilog/top_top_Pipeline_DENSE_OUTER_DENSE_INNER.v" into library xil_defaultlib
INFO: [VRFC 10-311] analyzing module top_top_Pipeline_DENSE_OUTER_DENSE_INNER
INFO: [VRFC 10-2263] Analyzing SystemVerilog file "/home/abdullah/Desktop/CNN-on-FPGA/hls_component/top/hls/sim/verilog/top_sparsemux_17_3_8_1_1_x.v" into library xil_defaultlib
INFO: [VRFC 10-311] analyzing module top_sparsemux_17_3_8_1_1_x
INFO: [VRFC 10-2263] Analyzing SystemVerilog file "/home/abdullah/Desktop/CNN-on-FPGA/hls_component/top/hls/sim/verilog/top_mul_4ns_11ns_13_1_1.v" into library xil_defaultlib
INFO: [VRFC 10-311] analyzing module top_mul_4ns_11ns_13_1_1
INFO: [VRFC 10-2263] Analyzing SystemVerilog file "/home/abdullah/Desktop/CNN-on-FPGA/hls_component/top/hls/sim/verilog/top_pool_1_Pipeline_CO_LOOP_H_LOOP_W_LOOP.v" into library xil_defaultlib
INFO: [VRFC 10-311] analyzing module top_pool_1_Pipeline_CO_LOOP_H_LOOP_W_LOOP
INFO: [VRFC 10-2263] Analyzing SystemVerilog file "/home/abdullah/Desktop/CNN-on-FPGA/hls_component/top/hls/sim/verilog/top_mul_13ns_15ns_27_1_1.v" into library xil_defaultlib
INFO: [VRFC 10-311] analyzing module top_mul_13ns_15ns_27_1_1
INFO: [VRFC 10-2263] Analyzing SystemVerilog file "/home/abdullah/Desktop/CNN-on-FPGA/hls_component/top/hls/sim/verilog/dataflow_monitor.sv" into library xil_defaultlib
INFO: [VRFC 10-311] analyzing module dataflow_monitor
INFO: [VRFC 10-2263] Analyzing SystemVerilog file "/home/abdullah/Desktop/CNN-on-FPGA/hls_component/top/hls/sim/verilog/file_agent/file_agent_pkg.sv" into library xil_defaultlib
INFO: [VRFC 10-2263] Analyzing SystemVerilog file "/home/abdullah/Desktop/CNN-on-FPGA/hls_component/top/hls/sim/verilog/axivip/axi_pkg.sv" into library xil_defaultlib
INFO: [VRFC 10-2263] Analyzing SystemVerilog file "/home/abdullah/Desktop/CNN-on-FPGA/hls_component/top/hls/sim/verilog/axivip/axi_if.sv" into library xil_defaultlib
INFO: [VRFC 10-2263] Analyzing SystemVerilog file "/home/abdullah/Desktop/CNN-on-FPGA/hls_component/top/hls/sim/verilog/top_subsystem/top_subsystem_pkg.sv" into library xil_defaultlib
INFO: [VRFC 10-2263] Analyzing SystemVerilog file "/home/abdullah/Desktop/CNN-on-FPGA/hls_component/top/hls/sim/verilog/svtb/misc_interface.sv" into library xil_defaultlib
INFO: [VRFC 10-2263] Analyzing SystemVerilog file "/home/abdullah/Desktop/CNN-on-FPGA/hls_component/top/hls/sim/verilog/svtb/sv_module_top.sv" into library xil_defaultlib
INFO: [VRFC 10-311] analyzing module sv_module_top
Starting static elaboration
Pass Through NonSizing Optimizer
Completed static elaboration
Starting simulation data flow analysis
WARNING: [XSIM 43-4099] "/proj/primebuilds/9999.0_PRIME_0428_0031/installs/data/system_verilog/uvm_1.2/xlnx_uvm_package.sv" Line 4356. Module uvm_pkg doesn't have a timescale but at least one module in design has a timescale.
Completed simulation data flow analysis
Time Resolution for simulation is 1ps
Compiling package xil_defaultlib.$unit_sv_module_top_sv
Compiling package uvm.uvm_pkg
Compiling package std.std
Compiling package xil_defaultlib.axi_pkg
Compiling package xil_defaultlib.top_subsystem_pkg
Compiling package xil_defaultlib.file_agent_pkg
Compiling package xil_defaultlib.$unit_dataflow_monitor_sv
Compiling module xil_defaultlib.top_pool_ap_fixed_ap_fixed_8_5_5...
Compiling module xil_defaultlib.top_dense_ap_fixed_ap_fixed_ap_f...
Compiling module xil_defaultlib.top_conv1_temp_RAM_2P_BRAM_1R1W
Compiling module xil_defaultlib.top_flow_control_loop_pipe_seque...
Compiling module xil_defaultlib.top_conv1_Pipeline_LOAD_W
Compiling module xil_defaultlib.top_conv1_Pipeline_LOAD_B
Compiling module xil_defaultlib.top_conv1_Pipeline_LOAD_1
Compiling module xil_defaultlib.top_sparsemux_33_4_8_1_1(din0_WI...
Compiling module xil_defaultlib.top_sparsemux_17_3_8_1_1(din0_WI...
Compiling module xil_defaultlib.top_mac_muladd_8s_8s_11s_11_4_1_...
Compiling module xil_defaultlib.top_mac_muladd_8s_8s_11s_11_4_1(...
Compiling module xil_defaultlib.top_conv1_Pipeline_CO_1_H_1_W_1
Compiling module xil_defaultlib.top_conv1
Compiling module xil_defaultlib.top_pool_Pipeline_LOAD_POOL
Compiling module xil_defaultlib.top_urem_8ns_4ns_3_12_1_divider(...
Compiling module xil_defaultlib.top_urem_8ns_4ns_3_12_1(NUM_STAG...
Compiling module xil_defaultlib.top_mul_4ns_11ns_13_1_1(NUM_STAG...
Compiling module xil_defaultlib.top_mul_13ns_15ns_27_1_1(NUM_STA...
Compiling module xil_defaultlib.top_sparsemux_11_3_8_1_1(din0_WI...
Compiling module xil_defaultlib.top_pool_Pipeline_CO_LOOP_H_LOOP...
Compiling module xil_defaultlib.top_pool
Compiling module xil_defaultlib.top_conv2_conv2_ap_fixed_ap_fixe...
Compiling module xil_defaultlib.top_conv2_temp_RAM_2P_BRAM_1R1W
Compiling module xil_defaultlib.top_conv2_Pipeline_LOAD_W
Compiling module xil_defaultlib.top_conv2_Pipeline_LOAD_B
Compiling module xil_defaultlib.top_conv2_Pipeline_LOAD_2
Compiling module xil_defaultlib.top_sparsemux_17_3_8_1_1_x(din0_...
Compiling module xil_defaultlib.top_mac_muladd_8s_8s_11s_16_4_1_...
Compiling module xil_defaultlib.top_mac_muladd_8s_8s_11s_16_4_1(...
Compiling module xil_defaultlib.top_conv2_Pipeline_CI_2
Compiling module xil_defaultlib.top_conv2
Compiling module xil_defaultlib.top_pool_1_Pipeline_LOAD_POOL
Compiling module xil_defaultlib.top_urem_9ns_4ns_3_13_1_divider(...
Compiling module xil_defaultlib.top_urem_9ns_4ns_3_13_1(NUM_STAG...
Compiling module xil_defaultlib.top_mul_5ns_9ns_12_1_1(NUM_STAGE...
Compiling module xil_defaultlib.top_mul_12ns_14ns_25_1_1(NUM_STA...
Compiling module xil_defaultlib.top_pool_1_Pipeline_CO_LOOP_H_LO...
Compiling module xil_defaultlib.top_pool_1
Compiling module xil_defaultlib.top_top_Pipeline_LOAD_IN
Compiling module xil_defaultlib.top_top_Pipeline_LOAD_BIAS
Compiling module xil_defaultlib.top_sparsemux_21_4_8_1_1(din0_WI...
Compiling module xil_defaultlib.top_top_Pipeline_DENSE_OUTER_DEN...
Compiling module xil_defaultlib.top_control_s_axi
Compiling module xil_defaultlib.top_gmem0_m_axi_srl(DATA_WIDTH=9...
Compiling module xil_defaultlib.top_gmem0_m_axi_fifo(DATA_WIDTH=...
Compiling module xil_defaultlib.top_gmem0_m_axi_srl(DATA_WIDTH=8...
Compiling module xil_defaultlib.top_gmem0_m_axi_fifo(DATA_WIDTH=...
Compiling module xil_defaultlib.top_gmem0_m_axi_srl(DATA_WIDTH=3...
Compiling module xil_defaultlib.top_gmem0_m_axi_fifo(DATA_WIDTH=...
Compiling module xil_defaultlib.top_gmem0_m_axi_srl(DATA_WIDTH=3...
Compiling module xil_defaultlib.top_gmem0_m_axi_fifo(DATA_WIDTH=...
Compiling module xil_defaultlib.top_gmem0_m_axi_srl(DATA_WIDTH=9...
Compiling module xil_defaultlib.top_gmem0_m_axi_fifo(DATA_WIDTH=...
Compiling module xil_defaultlib.top_gmem0_m_axi_srl(DATA_WIDTH=1...
Compiling module xil_defaultlib.top_gmem0_m_axi_fifo(DATA_WIDTH=...
Compiling module xil_defaultlib.top_gmem0_m_axi_srl(DATA_WIDTH=1...
Compiling module xil_defaultlib.top_gmem0_m_axi_fifo(DATA_WIDTH=...
Compiling module xil_defaultlib.top_gmem0_m_axi_store(CONSERVATI...
Compiling module xil_defaultlib.top_gmem0_m_axi_mem(MEM_STYLE="b...
Compiling module xil_defaultlib.top_gmem0_m_axi_fifo(MEM_STYLE="...
Compiling module xil_defaultlib.top_gmem0_m_axi_srl(DATA_WIDTH=4...
Compiling module xil_defaultlib.top_gmem0_m_axi_fifo(DATA_WIDTH=...
Compiling module xil_defaultlib.top_gmem0_m_axi_reg_slice(DATA_W...
Compiling module xil_defaultlib.top_gmem0_m_axi_load(NUM_READ_OU...
Compiling module xil_defaultlib.top_gmem0_m_axi_reg_slice(DATA_W...
Compiling module xil_defaultlib.top_gmem0_m_axi_burst_sequential...
Compiling module xil_defaultlib.top_gmem0_m_axi_reg_slice(DATA_W...
Compiling module xil_defaultlib.top_gmem0_m_axi_srl(DATA_WIDTH=6...
Compiling module xil_defaultlib.top_gmem0_m_axi_fifo(DATA_WIDTH=...
Compiling module xil_defaultlib.top_gmem0_m_axi_reg_slice(DATA_W...
Compiling module xil_defaultlib.top_gmem0_m_axi_throttle(CONSERV...
Compiling module xil_defaultlib.top_gmem0_m_axi_reg_slice(DATA_W...
Compiling module xil_defaultlib.top_gmem0_m_axi_write(CONSERVATI...
Compiling module xil_defaultlib.top_gmem0_m_axi_reg_slice(DATA_W...
Compiling module xil_defaultlib.top_gmem0_m_axi_read(C_USER_VALU...
Compiling module xil_defaultlib.top_gmem0_m_axi(C_M_AXI_ADDR_WID...
Compiling module xil_defaultlib.top_gmem1_m_axi_srl(DATA_WIDTH=9...
Compiling module xil_defaultlib.top_gmem1_m_axi_fifo(DATA_WIDTH=...
Compiling module xil_defaultlib.top_gmem1_m_axi_mem(MEM_STYLE="b...
Compiling module xil_defaultlib.top_gmem1_m_axi_fifo(MEM_STYLE="...
Compiling module xil_defaultlib.top_gmem1_m_axi_srl(DATA_WIDTH=4...
Compiling module xil_defaultlib.top_gmem1_m_axi_fifo(DATA_WIDTH=...
Compiling module xil_defaultlib.top_gmem1_m_axi_reg_slice(DATA_W...
Compiling module xil_defaultlib.top_gmem1_m_axi_load(NUM_READ_OU...
Compiling module xil_defaultlib.top_gmem1_m_axi_reg_slice(DATA_W...
Compiling module xil_defaultlib.top_gmem1_m_axi_burst_sequential...
Compiling module xil_defaultlib.top_gmem1_m_axi_reg_slice(DATA_W...
Compiling module xil_defaultlib.top_gmem1_m_axi_srl(DATA_WIDTH=1...
Compiling module xil_defaultlib.top_gmem1_m_axi_fifo(DATA_WIDTH=...
Compiling module xil_defaultlib.top_gmem1_m_axi_read(C_USER_VALU...
Compiling module xil_defaultlib.top_gmem1_m_axi(C_M_AXI_ADDR_WID...
Compiling module xil_defaultlib.top
Compiling module xil_defaultlib.misc_interface_default
Compiling module xil_defaultlib.axi_if(ADDR_WIDTH=64,STRB_WIDTH=...
Compiling module xil_defaultlib.axi_if(ADDR_WIDTH=8,STRB_WIDTH=4...
Compiling module xil_defaultlib.sv_module_top
Compiling module xil_defaultlib.nodf_module_intf_default
Compiling module xil_defaultlib.seq_loop_intf(FSM_WIDTH=44)
Compiling module xil_defaultlib.upc_loop_intf(FSM_WIDTH=1)
Compiling module xil_defaultlib.dataflow_monitor_1
Compiling module xil_defaultlib.apatb_top_top
Compiling module xil_defaultlib.glbl
Built simulation snapshot top

****** xsim v2025.2 (64-bit)
  **** SW Build 6299465 on Fri Nov 14 12:34:56 MST 2025
  **** IP Build 6300035 on Fri Nov 14 10:48:45 MST 2025
  **** SharedData Build 6298862 on Thu Nov 13 04:50:51 MST 2025
  **** Start of session at: Sat Mar  7 18:29:29 2026
    ** Copyright 1986-2022 Xilinx, Inc. All Rights Reserved.
    ** Copyright 2022-2025 Advanced Micro Devices, Inc. All Rights Reserved.

source xsim.dir/top/xsim_script.tcl
# xsim {top} -testplusarg UVM_VERBOSITY=UVM_NONE -testplusarg UVM_TESTNAME=top_test_lib -testplusarg UVM_TIMEOUT=20000000000000 -autoloadwcfg -tclbatch {top.tcl}
Time resolution is 1 ps
source top.tcl
## run all
UVM_INFO /home/abdullah/Xilinx/2025.2/Vivado/data/system_verilog/uvm_1.2/xlnx_uvm_package.sv(18601) @ 0: reporter [UVM/RELNOTES] 
----------------------------------------------------------------
UVM-1.2
(C) 2007-2014 Mentor Graphics Corporation
(C) 2007-2014 Cadence Design Systems, Inc.
(C) 2006-2014 Synopsys, Inc.
(C) 2011-2013 Cypress Semiconductor Corp.
(C) 2013-2014 NVIDIA Corporation
----------------------------------------------------------------

  ***********       IMPORTANT RELEASE NOTES         ************

  You are using a version of the UVM library that has been compiled
  with `UVM_NO_DEPRECATED undefined.

  You are using a version of the UVM library that has been compiled
  with `UVM_OBJECT_DO_NOT_NEED_CONSTRUCTOR undefined.

      (Specify +UVM_NO_RELNOTES to turn off this notice)

UVM_INFO /home/abdullah/Xilinx/2025.2/Vivado/data/system_verilog/uvm_1.2/xlnx_uvm_package.sv(18648) @ 0: reporter [NO_DPI_TSTNAME] UVM_NO_DPI defined--getting UVM_TESTNAME directly, without DPI
UVM_INFO /home/abdullah/Xilinx/2025.2/Vivado/data/system_verilog/uvm_1.2/xlnx_uvm_package.sv(18752) @ 0: reporter [UVMTOP] UVM testbench topology:
------------------------------------------------------------------------------------
Name                         Type                              Size  Value          
------------------------------------------------------------------------------------
uvm_test_top                 top_test_lib                      -     @369           
  top_env                    top_env                           -     @380           
    axi_lite_control         uvm_env                           -     @468           
      item_rtr_port          uvm_analysis_port                 -     @487           
      item_wtr_port          uvm_analysis_port                 -     @477           
      master                 uvm_agent                         -     @900           
        ardrv                uvm_driver #(REQ,RSP)             -     @1575          
          item_read_imp      uvm_analysis_port                 -     @1604          
          rsp_port           uvm_analysis_port                 -     @1594          
          seq_item_port      uvm_seq_item_pull_port            -     @1584          
          m_num_sent         integral                          32    'h0            
        arsqr                axi_sequencer                     -     @1614          
          rsp_export         uvm_analysis_export               -     @1623          
          seq_item_export    uvm_seq_item_pull_imp             -     @1741          
          arbitration_queue  array                             0     -              
          lock_queue         array                             0     -              
          num_last_reqs      integral                          32    'd1            
          num_last_rsps      integral                          32    'd1            
        awdrv                uvm_driver #(REQ,RSP)             -     @1047          
          item_read_imp      uvm_analysis_port                 -     @1076          
          rsp_port           uvm_analysis_port                 -     @1066          
          seq_item_port      uvm_seq_item_pull_port            -     @1056          
          m_num_sent         integral                          32    'h0            
        awsqr                axi_sequencer                     -     @1086          
          rsp_export         uvm_analysis_export               -     @1095          
          seq_item_export    uvm_seq_item_pull_imp             -     @1213          
          arbitration_queue  array                             0     -              
          lock_queue         array                             0     -              
          num_last_reqs      integral                          32    'd1            
          num_last_rsps      integral                          32    'd1            
        bdrv                 uvm_driver #(REQ,RSP)             -     @1399          
          item_read_imp      uvm_analysis_port                 -     @1428          
          rsp_port           uvm_analysis_port                 -     @1418          
          seq_item_port      uvm_seq_item_pull_port            -     @1408          
          m_num_sent         integral                          32    'h0            
        bsqr                 axi_sequencer                     -     @1438          
          rsp_export         uvm_analysis_export               -     @1447          
          seq_item_export    uvm_seq_item_pull_imp             -     @1565          
          arbitration_queue  array                             0     -              
          lock_queue         array                             0     -              
          num_last_reqs      integral                          32    'd1            
          num_last_rsps      integral                          32    'd1            
        rdrv                 uvm_driver #(REQ,RSP)             -     @1751          
          item_read_imp      uvm_analysis_port                 -     @1780          
          rsp_port           uvm_analysis_port                 -     @1770          
          seq_item_port      uvm_seq_item_pull_port            -     @1760          
          m_num_sent         integral                          32    'h0            
        rsqr                 axi_sequencer                     -     @1790          
          rsp_export         uvm_analysis_export               -     @1799          
          seq_item_export    uvm_seq_item_pull_imp             -     @1917          
          arbitration_queue  array                             0     -              
          lock_queue         array                             0     -              
          num_last_reqs      integral                          32    'd1            
          num_last_rsps      integral                          32    'd1            
        wdrv                 uvm_driver #(REQ,RSP)             -     @1223          
          item_read_imp      uvm_analysis_port                 -     @1252          
          rsp_port           uvm_analysis_port                 -     @1242          
          seq_item_port      uvm_seq_item_pull_port            -     @1232          
          m_num_sent         integral                          32    'h0            
        wsqr                 axi_sequencer                     -     @1262          
          rsp_export         uvm_analysis_export               -     @1271          
          seq_item_export    uvm_seq_item_pull_imp             -     @1389          
          arbitration_queue  array                             0     -              
          lock_queue         array                             0     -              
          num_last_reqs      integral                          32    'd1            
          num_last_rsps      integral                          32    'd1            
      monitor                uvm_monitor                       -     @722           
        item_ar2r_port       uvm_analysis_port                 -     @791           
        item_ar_port         uvm_analysis_port                 -     @761           
        item_aw2b_port       uvm_analysis_port                 -     @781           
        item_aw_port         uvm_analysis_port                 -     @731           
        item_b_port          uvm_analysis_port                 -     @751           
        item_r_port          uvm_analysis_port                 -     @771           
        item_w_port          uvm_analysis_port                 -     @741           
        checks_enable        integral                          1     'h1            
        coverage_enable      integral                          1     'h1            
      state                  axi_state                         -     @801           
        ar2r_imp             uvm_analysis_imp_ar2r             -     @870           
        ar_imp               uvm_analysis_imp_ar               -     @840           
        aw2b_imp             uvm_analysis_imp_aw2b             -     @860           
        aw_imp               uvm_analysis_imp_aw               -     @810           
        b_imp                uvm_analysis_imp_b                -     @830           
        item_rtr_port        uvm_analysis_port                 -     @890           
        item_wtr_port        uvm_analysis_port                 -     @880           
        r_imp                uvm_analysis_imp_r                -     @850           
        w_imp                uvm_analysis_imp_w                -     @820           
        avg_rate             integral                          32    'h0            
        exp_rate             integral                          32    'h0            
        win_size             integral                          32    'h0            
        bqnum_for_slaseq     integral                          32    'h0            
        rq_from_model_num    integral                          32    'h0            
      vsqr                   axi_virtual_sequencer             -     @909           
        rsp_export           uvm_analysis_export               -     @918           
        seq_item_export      uvm_seq_item_pull_imp             -     @1036          
        arbitration_queue    array                             0     -              
        lock_queue           array                             0     -              
        num_last_reqs        integral                          32    'd1            
        num_last_rsps        integral                          32    'd1            
      cfg                    axi_cfg                           -     @397           
        has_checker          integral                          1     'h1            
        has_coverage         integral                          1     'h1            
        id_num               integral                          32    'h1            
        reset_level          reset_level_enum                  32    RESET_LEVEL_LOW
        drv_type             drv_type_enum                     32    MASTER         
        write_latency_mode   latency_mode_enum                 32    CHANNEL_FIRST  
        read_latency_mode    latency_mode_enum                 32    CHANNEL_FIRST  
        clatency             axi_latency_control               -     @466           
          wr_latency         integral                          32    'h0            
          rd_latency         integral                          32    'h0            
    axi_master_gmem0         uvm_env                           -     @404           
      item_rtr_port          uvm_analysis_port                 -     @423           
      item_wtr_port          uvm_analysis_port                 -     @413           
      monitor                uvm_monitor                       -     @2000          
        item_ar2r_port       uvm_analysis_port                 -     @2069          
        item_ar_port         uvm_analysis_port                 -     @2039          
        item_aw2b_port       uvm_analysis_port                 -     @2059          
        item_aw_port         uvm_analysis_port                 -     @2009          
        item_b_port          uvm_analysis_port                 -     @2029          
        item_r_port          uvm_analysis_port                 -     @2049          
        item_w_port          uvm_analysis_port                 -     @2019          
        checks_enable        integral                          1     'h1            
        coverage_enable      integral                          1     'h1            
      slave                  uvm_agent                         -     @2178          
        ardrv                uvm_driver #(REQ,RSP)             -     @2855          
          item_read_imp      uvm_analysis_port                 -     @2884          
          rsp_port           uvm_analysis_port                 -     @2874          
          seq_item_port      uvm_seq_item_pull_port            -     @2864          
          m_num_sent         integral                          32    'h0            
        arsqr                axi_sequencer                     -     @2894          
          rsp_export         uvm_analysis_export               -     @2903          
          seq_item_export    uvm_seq_item_pull_imp             -     @3021          
          arbitration_queue  array                             0     -              
          lock_queue         array                             0     -              
          num_last_reqs      integral                          32    'd1            
          num_last_rsps      integral                          32    'd1            
        awdrv                uvm_driver #(REQ,RSP)             -     @2327          
          item_read_imp      uvm_analysis_port                 -     @2356          
          rsp_port           uvm_analysis_port                 -     @2346          
          seq_item_port      uvm_seq_item_pull_port            -     @2336          
          m_num_sent         integral                          32    'h0            
        awsqr                axi_sequencer                     -     @2366          
          rsp_export         uvm_analysis_export               -     @2375          
          seq_item_export    uvm_seq_item_pull_imp             -     @2493          
          arbitration_queue  array                             0     -              
          lock_queue         array                             0     -              
          num_last_reqs      integral                          32    'd1            
          num_last_rsps      integral                          32    'd1            
        bdrv                 uvm_driver #(REQ,RSP)             -     @2679          
          item_read_imp      uvm_analysis_port                 -     @2708          
          rsp_port           uvm_analysis_port                 -     @2698          
          seq_item_port      uvm_seq_item_pull_port            -     @2688          
          m_num_sent         integral                          32    'h0            
        bsqr                 axi_sequencer                     -     @2718          
          rsp_export         uvm_analysis_export               -     @2727          
          seq_item_export    uvm_seq_item_pull_imp             -     @2845          
          arbitration_queue  array                             0     -              
          lock_queue         array                             0     -              
          num_last_reqs      integral                          32    'd1            
          num_last_rsps      integral                          32    'd1            
        rdrv                 uvm_driver #(REQ,RSP)             -     @3031          
          item_read_imp      uvm_analysis_port                 -     @3060          
          rsp_port           uvm_analysis_port                 -     @3050          
          seq_item_port      uvm_seq_item_pull_port            -     @3040          
          m_num_sent         integral                          32    'h0            
        rsqr                 axi_sequencer                     -     @3070          
          rsp_export         uvm_analysis_export               -     @3079          
          seq_item_export    uvm_seq_item_pull_imp             -     @3197          
          arbitration_queue  array                             0     -              
          lock_queue         array                             0     -              
          num_last_reqs      integral                          32    'd1            
          num_last_rsps      integral                          32    'd1            
        wdrv                 uvm_driver #(REQ,RSP)             -     @2503          
          item_read_imp      uvm_analysis_port                 -     @2532          
          rsp_port           uvm_analysis_port                 -     @2522          
          seq_item_port      uvm_seq_item_pull_port            -     @2512          
          m_num_sent         integral                          32    'h0            
        wsqr                 axi_sequencer                     -     @2542          
          rsp_export         uvm_analysis_export               -     @2551          
          seq_item_export    uvm_seq_item_pull_imp             -     @2669          
          arbitration_queue  array                             0     -              
          lock_queue         array                             0     -              
          num_last_reqs      integral                          32    'd1            
          num_last_rsps      integral                          32    'd1            
      state                  axi_state                         -     @2079          
        ar2r_imp             uvm_analysis_imp_ar2r             -     @2148          
        ar_imp               uvm_analysis_imp_ar               -     @2118          
        aw2b_imp             uvm_analysis_imp_aw2b             -     @2138          
        aw_imp               uvm_analysis_imp_aw               -     @2088          
        b_imp                uvm_analysis_imp_b                -     @2108          
        item_rtr_port        uvm_analysis_port                 -     @2168          
        item_wtr_port        uvm_analysis_port                 -     @2158          
        r_imp                uvm_analysis_imp_r                -     @2128          
        w_imp                uvm_analysis_imp_w                -     @2098          
        avg_rate             integral                          32    'h0            
        exp_rate             integral                          32    'h0            
        win_size             integral                          32    'h0            
        bqnum_for_slaseq     integral                          32    'h0            
        rq_from_model_num    integral                          32    'h0            
      vsqr                   axi_virtual_sequencer             -     @2187          
        rsp_export           uvm_analysis_export               -     @2196          
        seq_item_export      uvm_seq_item_pull_imp             -     @2314          
        arbitration_queue    array                             0     -              
        lock_queue           array                             0     -              
        num_last_reqs        integral                          32    'd1            
        num_last_rsps        integral                          32    'd1            
      cfg                    axi_cfg                           -     @395           
        has_checker          integral                          1     'h1            
        has_coverage         integral                          1     'h1            
        id_num               integral                          32    'h1            
        reset_level          reset_level_enum                  32    RESET_LEVEL_LOW
        drv_type             drv_type_enum                     32    SLAVE          
        write_latency_mode   latency_mode_enum                 32    CHANNEL_FIRST  
        read_latency_mode    latency_mode_enum                 32    CHANNEL_FIRST  
        clatency             axi_latency_gmem0                 -     @399           
          wr_latency         integral                          32    'h0            
          rd_latency         integral                          32    'h0            
    axi_master_gmem1         uvm_env                           -     @436           
      item_rtr_port          uvm_analysis_port                 -     @455           
      item_wtr_port          uvm_analysis_port                 -     @445           
      monitor                uvm_monitor                       -     @3278          
        item_ar2r_port       uvm_analysis_port                 -     @3347          
        item_ar_port         uvm_analysis_port                 -     @3317          
        item_aw2b_port       uvm_analysis_port                 -     @3337          
        item_aw_port         uvm_analysis_port                 -     @3287          
        item_b_port          uvm_analysis_port                 -     @3307          
        item_r_port          uvm_analysis_port                 -     @3327          
        item_w_port          uvm_analysis_port                 -     @3297          
        checks_enable        integral                          1     'h1            
        coverage_enable      integral                          1     'h1            
      slave                  uvm_agent                         -     @3456          
        ardrv                uvm_driver #(REQ,RSP)             -     @4133          
          item_read_imp      uvm_analysis_port                 -     @4162          
          rsp_port           uvm_analysis_port                 -     @4152          
          seq_item_port      uvm_seq_item_pull_port            -     @4142          
          m_num_sent         integral                          32    'h0            
        arsqr                axi_sequencer                     -     @4172          
          rsp_export         uvm_analysis_export               -     @4181          
          seq_item_export    uvm_seq_item_pull_imp             -     @4299          
          arbitration_queue  array                             0     -              
          lock_queue         array                             0     -              
          num_last_reqs      integral                          32    'd1            
          num_last_rsps      integral                          32    'd1            
        awdrv                uvm_driver #(REQ,RSP)             -     @3605          
          item_read_imp      uvm_analysis_port                 -     @3634          
          rsp_port           uvm_analysis_port                 -     @3624          
          seq_item_port      uvm_seq_item_pull_port            -     @3614          
          m_num_sent         integral                          32    'h0            
        awsqr                axi_sequencer                     -     @3644          
          rsp_export         uvm_analysis_export               -     @3653          
          seq_item_export    uvm_seq_item_pull_imp             -     @3771          
          arbitration_queue  array                             0     -              
          lock_queue         array                             0     -              
          num_last_reqs      integral                          32    'd1            
          num_last_rsps      integral                          32    'd1            
        bdrv                 uvm_driver #(REQ,RSP)             -     @3957          
          item_read_imp      uvm_analysis_port                 -     @3986          
          rsp_port           uvm_analysis_port                 -     @3976          
          seq_item_port      uvm_seq_item_pull_port            -     @3966          
          m_num_sent         integral                          32    'h0            
        bsqr                 axi_sequencer                     -     @3996          
          rsp_export         uvm_analysis_export               -     @4005          
          seq_item_export    uvm_seq_item_pull_imp             -     @4123          
          arbitration_queue  array                             0     -              
          lock_queue         array                             0     -              
          num_last_reqs      integral                          32    'd1            
          num_last_rsps      integral                          32    'd1            
        rdrv                 uvm_driver #(REQ,RSP)             -     @4309          
          item_read_imp      uvm_analysis_port                 -     @4338          
          rsp_port           uvm_analysis_port                 -     @4328          
          seq_item_port      uvm_seq_item_pull_port            -     @4318          
          m_num_sent         integral                          32    'h0            
        rsqr                 axi_sequencer                     -     @4348          
          rsp_export         uvm_analysis_export               -     @4357          
          seq_item_export    uvm_seq_item_pull_imp             -     @4475          
          arbitration_queue  array                             0     -              
          lock_queue         array                             0     -              
          num_last_reqs      integral                          32    'd1            
          num_last_rsps      integral                          32    'd1            
        wdrv                 uvm_driver #(REQ,RSP)             -     @3781          
          item_read_imp      uvm_analysis_port                 -     @3810          
          rsp_port           uvm_analysis_port                 -     @3800          
          seq_item_port      uvm_seq_item_pull_port            -     @3790          
          m_num_sent         integral                          32    'h0            
        wsqr                 axi_sequencer                     -     @3820          
          rsp_export         uvm_analysis_export               -     @3829          
          seq_item_export    uvm_seq_item_pull_imp             -     @3947          
          arbitration_queue  array                             0     -              
          lock_queue         array                             0     -              
          num_last_reqs      integral                          32    'd1            
          num_last_rsps      integral                          32    'd1            
      state                  axi_state                         -     @3357          
        ar2r_imp             uvm_analysis_imp_ar2r             -     @3426          
        ar_imp               uvm_analysis_imp_ar               -     @3396          
        aw2b_imp             uvm_analysis_imp_aw2b             -     @3416          
        aw_imp               uvm_analysis_imp_aw               -     @3366          
        b_imp                uvm_analysis_imp_b                -     @3386          
        item_rtr_port        uvm_analysis_port                 -     @3446          
        item_wtr_port        uvm_analysis_port                 -     @3436          
        r_imp                uvm_analysis_imp_r                -     @3406          
        w_imp                uvm_analysis_imp_w                -     @3376          
        avg_rate             integral                          32    'h0            
        exp_rate             integral                          32    'h0            
        win_size             integral                          32    'h0            
        bqnum_for_slaseq     integral                          32    'h0            
        rq_from_model_num    integral                          32    'h0            
      vsqr                   axi_virtual_sequencer             -     @3465          
        rsp_export           uvm_analysis_export               -     @3474          
        seq_item_export      uvm_seq_item_pull_imp             -     @3592          
        arbitration_queue    array                             0     -              
        lock_queue           array                             0     -              
        num_last_reqs        integral                          32    'd1            
        num_last_rsps        integral                          32    'd1            
      cfg                    axi_cfg                           -     @396           
        has_checker          integral                          1     'h1            
        has_coverage         integral                          1     'h1            
        id_num               integral                          32    'h1            
        reset_level          reset_level_enum                  32    RESET_LEVEL_LOW
        drv_type             drv_type_enum                     32    SLAVE          
        write_latency_mode   latency_mode_enum                 32    CHANNEL_FIRST  
        read_latency_mode    latency_mode_enum                 32    CHANNEL_FIRST  
        clatency             axi_latency_gmem1                 -     @434           
          wr_latency         integral                          32    'h0            
          rd_latency         integral                          32    'h0            
    refm                     top_reference_model               -     @497           
      trans_num_idx          integral                          32    'h0            
    subsys_mon               top_subsystem_monitor             -     @510           
      control_rtr_imp        uvm_analysis_imp_axi_rtr_control  -     @569           
      control_wtr_imp        uvm_analysis_imp_axi_wtr_control  -     @559           
      gmem0_rtr_imp          uvm_analysis_imp_axi_rtr_gmem0    -     @529           
      gmem0_wtr_imp          uvm_analysis_imp_axi_wtr_gmem0    -     @519           
      gmem1_rtr_imp          uvm_analysis_imp_axi_rtr_gmem1    -     @549           
      gmem1_wtr_imp          uvm_analysis_imp_axi_wtr_gmem1    -     @539           
      scbd                   top_scoreboard                    -     @4557          
        refm                 top_reference_model               -     @497           
          trans_num_idx      integral                          32    'h0            
    top_virtual_sqr          top_virtual_sequencer             -     @579           
      rsp_export             uvm_analysis_export               -     @588           
      seq_item_export        uvm_seq_item_pull_imp             -     @706           
      arbitration_queue      array                             0     -              
      lock_queue             array                             0     -              
      num_last_reqs          integral                          32    'd1            
      num_last_rsps          integral                          32    'd1            
    refm                     top_reference_model               -     @497           
    top_virtual_sqr          top_virtual_sequencer             -     @579           
    top_cfg                  top_config                        -     @394           
      gmem0_cfg              axi_cfg                           -     @395           
        has_checker          integral                          1     'h1            
        has_coverage         integral                          1     'h1            
        id_num               integral                          32    'h1            
        reset_level          reset_level_enum                  32    RESET_LEVEL_LOW
        drv_type             drv_type_enum                     32    SLAVE          
        write_latency_mode   latency_mode_enum                 32    CHANNEL_FIRST  
        read_latency_mode    latency_mode_enum                 32    CHANNEL_FIRST  
        clatency             axi_latency_gmem0                 -     @399           
          wr_latency         integral                          32    'h0            
          rd_latency         integral                          32    'h0            
      gmem1_cfg              axi_cfg                           -     @396           
        has_checker          integral                          1     'h1            
        has_coverage         integral                          1     'h1            
        id_num               integral                          32    'h1            
        reset_level          reset_level_enum                  32    RESET_LEVEL_LOW
        drv_type             drv_type_enum                     32    SLAVE          
        write_latency_mode   latency_mode_enum                 32    CHANNEL_FIRST  
        read_latency_mode    latency_mode_enum                 32    CHANNEL_FIRST  
        clatency             axi_latency_gmem1                 -     @434           
          wr_latency         integral                          32    'h0            
          rd_latency         integral                          32    'h0            
      control_cfg            axi_cfg                           -     @397           
        has_checker          integral                          1     'h1            
        has_coverage         integral                          1     'h1            
        id_num               integral                          32    'h1            
        reset_level          reset_level_enum                  32    RESET_LEVEL_LOW
        drv_type             drv_type_enum                     32    MASTER         
        write_latency_mode   latency_mode_enum                 32    CHANNEL_FIRST  
        read_latency_mode    latency_mode_enum                 32    CHANNEL_FIRST  
        clatency             axi_latency_control               -     @466           
          wr_latency         integral                          32    'h0            
          rd_latency         integral                          32    'h0            
      check_ena              integral                          32    'h0            
      cover_ena              integral                          32    'h0            
------------------------------------------------------------------------------------

UVM_INFO /home/abdullah/Xilinx/2025.2/Vivado/data/system_verilog/uvm_1.2/xlnx_uvm_package.sv(20867) @ 0: reporter [UVM/COMP/NAMECHECK] This implementation of the component name checks requires DPI to be enabled
////////////////////////////////////////////////////////////////////////////////////
// Inter-Transaction Progress: Completed Transaction / Total Transaction
// Intra-Transaction Progress: Measured Latency / Latency Estimation * 100%
//
// RTL Simulation : "Inter-Transaction Progress" ["Intra-Transaction Progress"] @ "Simulation Time"
////////////////////////////////////////////////////////////////////////////////////
// RTL Simulation : 0 / 50 [0.00%] @ "125000"
// RTL Simulation : 1 / 50 [100.00%] @ "4419105000"
// RTL Simulation : 2 / 50 [100.00%] @ "8771625000"
// RTL Simulation : 3 / 50 [100.00%] @ "13255075000"
// RTL Simulation : 4 / 50 [100.00%] @ "17585875000"
// RTL Simulation : 5 / 50 [100.00%] @ "22028745000"
// RTL Simulation : 6 / 50 [100.00%] @ "26357105000"
// RTL Simulation : 7 / 50 [100.00%] @ "30598375000"
// RTL Simulation : 8 / 50 [100.00%] @ "34967255000"
// RTL Simulation : 9 / 50 [100.00%] @ "39396395000"
// RTL Simulation : 10 / 50 [100.00%] @ "43817625000"
// RTL Simulation : 11 / 50 [100.00%] @ "48215735000"
// RTL Simulation : 12 / 50 [100.00%] @ "52592925000"
// RTL Simulation : 13 / 50 [100.00%] @ "56965475000"
// RTL Simulation : 14 / 50 [100.00%] @ "61177705000"
// RTL Simulation : 15 / 50 [100.00%] @ "65450325000"
// RTL Simulation : 16 / 50 [100.00%] @ "69875255000"
// RTL Simulation : 17 / 50 [100.00%] @ "74268815000"
// RTL Simulation : 18 / 50 [100.00%] @ "78690845000"
// RTL Simulation : 19 / 50 [100.00%] @ "83143165000"
// RTL Simulation : 20 / 50 [100.00%] @ "87451955000"
// RTL Simulation : 21 / 50 [100.00%] @ "91822695000"
// RTL Simulation : 22 / 50 [100.00%] @ "96231215000"
// RTL Simulation : 23 / 50 [100.00%] @ "100676645000"
// RTL Simulation : 24 / 50 [100.00%] @ "104890975000"
// RTL Simulation : 25 / 50 [100.00%] @ "109325935000"
// RTL Simulation : 26 / 50 [100.00%] @ "113664085000"
// RTL Simulation : 27 / 50 [100.00%] @ "118074625000"
// RTL Simulation : 28 / 50 [100.00%] @ "122465655000"
// RTL Simulation : 29 / 50 [100.00%] @ "126932755000"
// RTL Simulation : 30 / 50 [100.00%] @ "131365685000"
// RTL Simulation : 31 / 50 [100.00%] @ "135797995000"
// RTL Simulation : 32 / 50 [100.00%] @ "140166995000"
// RTL Simulation : 33 / 50 [100.00%] @ "144493495000"
// RTL Simulation : 34 / 50 [100.00%] @ "148916575000"
// RTL Simulation : 35 / 50 [100.00%] @ "153212975000"
// RTL Simulation : 36 / 50 [100.00%] @ "157655585000"
// RTL Simulation : 37 / 50 [100.00%] @ "161996545000"
// RTL Simulation : 38 / 50 [100.00%] @ "166472695000"
// RTL Simulation : 39 / 50 [100.00%] @ "170890145000"
// RTL Simulation : 40 / 50 [100.00%] @ "175181795000"
// RTL Simulation : 41 / 50 [100.00%] @ "179565855000"
// RTL Simulation : 42 / 50 [100.00%] @ "183919295000"
// RTL Simulation : 43 / 50 [100.00%] @ "188362205000"
// RTL Simulation : 44 / 50 [100.00%] @ "192824125000"
// RTL Simulation : 45 / 50 [100.00%] @ "197334765000"
// RTL Simulation : 46 / 50 [100.00%] @ "201718345000"
// RTL Simulation : 47 / 50 [100.00%] @ "206173325000"
// RTL Simulation : 48 / 50 [100.00%] @ "210503895000"
// RTL Simulation : 49 / 50 [100.00%] @ "214998495000"
// RTL Simulation : 50 / 50 [100.00%] @ "219452955000"
////////////////////////////////////////////////////////////////////////////////////
$finish called at time : 219453025 ns : File "/home/abdullah/Xilinx/2025.2/Vivado/data/system_verilog/uvm_1.2/xlnx_uvm_package.sv" Line 18699
run: Time (s): cpu = 00:00:00.07 ; elapsed = 00:05:07 . Memory (MB): peak = 1428.711 ; gain = 0.000 ; free physical = 320 ; free virtual = 11276
## quit
INFO: xsimkernel Simulation Memory Usage: 22232592 KB (Peak: 22238024 KB), Simulation CPU Usage: 307430 ms
INFO: [Common 17-206] Exiting xsim at Sat Mar  7 18:34:39 2026...
Testing image 0:

Predicted value: 3
Testing image 1:

Predicted value: 0
Testing image 2:

Predicted value: 4
Testing image 3:

Predicted value: 1
Testing image 4:

Predicted value: 9
Testing image 5:

Predicted value: 2
Testing image 6:

Predicted value: 1
Testing image 7:

Predicted value: 6
Testing image 8:

Predicted value: 1
Testing image 9:

Predicted value: 4
Testing image 10:

Predicted value: 9
Testing image 11:

Predicted value: 5
Testing image 12:

Predicted value: 3
Testing image 13:

Predicted value: 6
Testing image 14:

Predicted value: 1
Testing image 15:

Predicted value: 7
Testing image 16:

Predicted value: 2
Testing image 17:

Predicted value: 8
Testing image 18:

Predicted value: 6
Testing image 19:

Predicted value: 9
Testing image 20:

Predicted value: 4
Testing image 21:

Predicted value: 0
Testing image 22:

Predicted value: 9
Testing image 23:

Predicted value: 1
Testing image 24:

Predicted value: 1
Testing image 25:

Predicted value: 2
Testing image 26:

Predicted value: 4
Testing image 27:

Predicted value: 6
Testing image 28:

Predicted value: 6
Testing image 29:

Predicted value: 2
Testing image 30:

Predicted value: 3
Testing image 31:

Predicted value: 8
Testing image 32:

Predicted value: 6
Testing image 33:

Predicted value: 9
Testing image 34:

Predicted value: 0
Testing image 35:

Predicted value: 5
Testing image 36:

Predicted value: 6
Testing image 37:

Predicted value: 0
Testing image 38:

Predicted value: 6
Testing image 39:

Predicted value: 6
Testing image 40:

Predicted value: 1
Testing image 41:

Predicted value: 8
Testing image 42:

Predicted value: 7
Testing image 43:

Predicted value: 9
Testing image 44:

Predicted value: 3
Testing image 45:

Predicted value: 6
Testing image 46:

Predicted value: 8
Testing image 47:

Predicted value: 5
Testing image 48:

Predicted value: 9
Testing image 49:

Predicted value: 3
Accuracy: 84%
