

================================================================
== Vivado HLS Report for 'dense'
================================================================
* Date:           Thu Jul 10 17:06:55 2025

* Version:        2020.1 (Build 2897737 on Wed May 27 20:21:37 MDT 2020)
* Project:        cnn
* Solution:       solution1
* Product family: zynq
* Target device:  xc7z020-clg484-1


================================================================
== Performance Estimates
================================================================
+ Timing: 
    * Summary: 
    +--------+----------+----------+------------+
    |  Clock |  Target  | Estimated| Uncertainty|
    +--------+----------+----------+------------+
    |ap_clk  | 10.00 ns | 8.750 ns |   1.25 ns  |
    +--------+----------+----------+------------+

+ Latency: 
    * Summary: 
    +---------+---------+----------+----------+-------+-------+---------+
    |  Latency (cycles) |  Latency (absolute) |    Interval   | Pipeline|
    |   min   |   max   |    min   |    max   |  min  |  max  |   Type  |
    +---------+---------+----------+----------+-------+-------+---------+
    |    26837|    26837| 0.268 ms | 0.268 ms |  26837|  26837|   none  |
    +---------+---------+----------+----------+-------+-------+---------+

    + Detail: 
        * Instance: 
        N/A

        * Loop: 
        +-------------+---------+---------+----------+-----------+-----------+------+----------+
        |             |  Latency (cycles) | Iteration|  Initiation Interval  | Trip |          |
        |  Loop Name  |   min   |   max   |  Latency |  achieved |   target  | Count| Pipelined|
        +-------------+---------+---------+----------+-----------+-----------+------+----------+
        |- Loop 1     |     2352|     2352|         3|          -|          -|   784|    no    |
        |- Loop 2     |    23520|    23520|         3|          -|          -|  7840|    no    |
        |- Loop 3     |      950|      950|        95|          -|          -|    10|    no    |
        | + Loop 3.1  |       77|       77|        11|          -|          -|     7|    no    |
        +-------------+---------+---------+----------+-----------+-----------+------+----------+



================================================================
== Utilization Estimates
================================================================
* Summary: 
+-----------------+---------+-------+--------+-------+-----+
|       Name      | BRAM_18K| DSP48E|   FF   |  LUT  | URAM|
+-----------------+---------+-------+--------+-------+-----+
|DSP              |        -|      -|       -|      -|    -|
|Expression       |        -|      0|       0|   9277|    -|
|FIFO             |        -|      -|       -|      -|    -|
|Instance         |        -|      -|       -|      -|    -|
|Memory           |        8|      -|     128|    104|    0|
|Multiplexer      |        -|      -|       -|   1710|    -|
|Register         |        -|      -|    1655|      -|    -|
+-----------------+---------+-------+--------+-------+-----+
|Total            |        8|      0|    1783|  11091|    0|
+-----------------+---------+-------+--------+-------+-----+
|Available        |      280|    220|  106400|  53200|    0|
+-----------------+---------+-------+--------+-------+-----+
|Utilization (%)  |        2|      0|       1|     20|    0|
+-----------------+---------+-------+--------+-------+-----+

+ Detail: 
    * Instance: 
    N/A

    * DSP48E: 
    N/A

    * Memory: 
    +------------------+----------------------+---------+----+----+-----+------+-----+------+-------------+
    |      Memory      |        Module        | BRAM_18K| FF | LUT| URAM| Words| Bits| Banks| W*Bits*Banks|
    +------------------+----------------------+---------+----+----+-----+------+-----+------+-------------+
    |tempWeight_0_V_U  |dense_tempWeight_bkb  |        1|   0|   0|    0|   980|    8|     1|         7840|
    |tempWeight_1_V_U  |dense_tempWeight_bkb  |        1|   0|   0|    0|   980|    8|     1|         7840|
    |tempWeight_2_V_U  |dense_tempWeight_bkb  |        1|   0|   0|    0|   980|    8|     1|         7840|
    |tempWeight_3_V_U  |dense_tempWeight_bkb  |        1|   0|   0|    0|   980|    8|     1|         7840|
    |tempWeight_4_V_U  |dense_tempWeight_bkb  |        1|   0|   0|    0|   980|    8|     1|         7840|
    |tempWeight_5_V_U  |dense_tempWeight_bkb  |        1|   0|   0|    0|   980|    8|     1|         7840|
    |tempWeight_6_V_U  |dense_tempWeight_bkb  |        1|   0|   0|    0|   980|    8|     1|         7840|
    |tempWeight_7_V_U  |dense_tempWeight_bkb  |        1|   0|   0|    0|   980|    8|     1|         7840|
    |temp_0_V_U        |dense_temp_0_V        |        0|  16|  13|    0|    98|    8|     1|          784|
    |temp_1_V_U        |dense_temp_0_V        |        0|  16|  13|    0|    98|    8|     1|          784|
    |temp_2_V_U        |dense_temp_0_V        |        0|  16|  13|    0|    98|    8|     1|          784|
    |temp_3_V_U        |dense_temp_0_V        |        0|  16|  13|    0|    98|    8|     1|          784|
    |temp_4_V_U        |dense_temp_0_V        |        0|  16|  13|    0|    98|    8|     1|          784|
    |temp_5_V_U        |dense_temp_0_V        |        0|  16|  13|    0|    98|    8|     1|          784|
    |temp_6_V_U        |dense_temp_0_V        |        0|  16|  13|    0|    98|    8|     1|          784|
    |temp_7_V_U        |dense_temp_0_V        |        0|  16|  13|    0|    98|    8|     1|          784|
    +------------------+----------------------+---------+----+----+-----+------+-----+------+-------------+
    |Total             |                      |        8| 128| 104|    0|  8624|  128|    16|        68992|
    +------------------+----------------------+---------+----+----+-----+------+-----+------+-------------+

    * FIFO: 
    N/A

    * Expression: 
    +----------------------------+----------+-------+---+----+------------+------------+
    |        Variable Name       | Operation| DSP48E| FF| LUT| Bitwidth P0| Bitwidth P1|
    +----------------------------+----------+-------+---+----+------------+------------+
    |mul_ln1118_100_fu_10315_p2  |     *    |      0|  0|  41|           8|           8|
    |mul_ln1118_101_fu_10339_p2  |     *    |      0|  0|  41|           8|           8|
    |mul_ln1118_102_fu_10363_p2  |     *    |      0|  0|  41|           8|           8|
    |mul_ln1118_103_fu_10387_p2  |     *    |      0|  0|  41|           8|           8|
    |mul_ln1118_104_fu_10411_p2  |     *    |      0|  0|  41|           8|           8|
    |mul_ln1118_105_fu_10435_p2  |     *    |      0|  0|  41|           8|           8|
    |mul_ln1118_106_fu_10459_p2  |     *    |      0|  0|  41|           8|           8|
    |mul_ln1118_107_fu_10483_p2  |     *    |      0|  0|  41|           8|           8|
    |mul_ln1118_108_fu_10507_p2  |     *    |      0|  0|  41|           8|           8|
    |mul_ln1118_109_fu_10531_p2  |     *    |      0|  0|  41|           8|           8|
    |mul_ln1118_10_fu_3392_p2    |     *    |      0|  0|  41|           8|           8|
    |mul_ln1118_110_fu_10555_p2  |     *    |      0|  0|  41|           8|           8|
    |mul_ln1118_111_fu_10579_p2  |     *    |      0|  0|  41|           8|           8|
    |mul_ln1118_11_fu_3416_p2    |     *    |      0|  0|  41|           8|           8|
    |mul_ln1118_12_fu_3440_p2    |     *    |      0|  0|  41|           8|           8|
    |mul_ln1118_13_fu_3464_p2    |     *    |      0|  0|  41|           8|           8|
    |mul_ln1118_14_fu_3488_p2    |     *    |      0|  0|  41|           8|           8|
    |mul_ln1118_15_fu_3512_p2    |     *    |      0|  0|  41|           8|           8|
    |mul_ln1118_16_fu_4272_p2    |     *    |      0|  0|  41|           8|           8|
    |mul_ln1118_17_fu_4296_p2    |     *    |      0|  0|  41|           8|           8|
    |mul_ln1118_18_fu_4320_p2    |     *    |      0|  0|  41|           8|           8|
    |mul_ln1118_19_fu_4344_p2    |     *    |      0|  0|  41|           8|           8|
    |mul_ln1118_1_fu_3176_p2     |     *    |      0|  0|  41|           8|           8|
    |mul_ln1118_20_fu_4368_p2    |     *    |      0|  0|  41|           8|           8|
    |mul_ln1118_21_fu_4392_p2    |     *    |      0|  0|  41|           8|           8|
    |mul_ln1118_22_fu_4416_p2    |     *    |      0|  0|  41|           8|           8|
    |mul_ln1118_23_fu_4440_p2    |     *    |      0|  0|  41|           8|           8|
    |mul_ln1118_24_fu_4464_p2    |     *    |      0|  0|  41|           8|           8|
    |mul_ln1118_25_fu_4488_p2    |     *    |      0|  0|  41|           8|           8|
    |mul_ln1118_26_fu_4512_p2    |     *    |      0|  0|  41|           8|           8|
    |mul_ln1118_27_fu_4536_p2    |     *    |      0|  0|  41|           8|           8|
    |mul_ln1118_28_fu_4560_p2    |     *    |      0|  0|  41|           8|           8|
    |mul_ln1118_29_fu_4584_p2    |     *    |      0|  0|  41|           8|           8|
    |mul_ln1118_2_fu_3200_p2     |     *    |      0|  0|  41|           8|           8|
    |mul_ln1118_30_fu_4608_p2    |     *    |      0|  0|  41|           8|           8|
    |mul_ln1118_31_fu_4632_p2    |     *    |      0|  0|  41|           8|           8|
    |mul_ln1118_32_fu_5444_p2    |     *    |      0|  0|  41|           8|           8|
    |mul_ln1118_33_fu_5468_p2    |     *    |      0|  0|  41|           8|           8|
    |mul_ln1118_34_fu_5492_p2    |     *    |      0|  0|  41|           8|           8|
    |mul_ln1118_35_fu_5516_p2    |     *    |      0|  0|  41|           8|           8|
    |mul_ln1118_36_fu_5540_p2    |     *    |      0|  0|  41|           8|           8|
    |mul_ln1118_37_fu_5564_p2    |     *    |      0|  0|  41|           8|           8|
    |mul_ln1118_38_fu_5588_p2    |     *    |      0|  0|  41|           8|           8|
    |mul_ln1118_39_fu_5612_p2    |     *    |      0|  0|  41|           8|           8|
    |mul_ln1118_3_fu_3224_p2     |     *    |      0|  0|  41|           8|           8|
    |mul_ln1118_40_fu_5636_p2    |     *    |      0|  0|  41|           8|           8|
    |mul_ln1118_41_fu_5660_p2    |     *    |      0|  0|  41|           8|           8|
    |mul_ln1118_42_fu_5684_p2    |     *    |      0|  0|  41|           8|           8|
    |mul_ln1118_43_fu_5708_p2    |     *    |      0|  0|  41|           8|           8|
    |mul_ln1118_44_fu_5732_p2    |     *    |      0|  0|  41|           8|           8|
    |mul_ln1118_45_fu_5756_p2    |     *    |      0|  0|  41|           8|           8|
    |mul_ln1118_46_fu_5780_p2    |     *    |      0|  0|  41|           8|           8|
    |mul_ln1118_47_fu_5804_p2    |     *    |      0|  0|  41|           8|           8|
    |mul_ln1118_48_fu_6640_p2    |     *    |      0|  0|  41|           8|           8|
    |mul_ln1118_49_fu_6664_p2    |     *    |      0|  0|  41|           8|           8|
    |mul_ln1118_4_fu_3248_p2     |     *    |      0|  0|  41|           8|           8|
    |mul_ln1118_50_fu_6688_p2    |     *    |      0|  0|  41|           8|           8|
    |mul_ln1118_51_fu_6712_p2    |     *    |      0|  0|  41|           8|           8|
    |mul_ln1118_52_fu_6736_p2    |     *    |      0|  0|  41|           8|           8|
    |mul_ln1118_53_fu_6760_p2    |     *    |      0|  0|  41|           8|           8|
    |mul_ln1118_54_fu_6784_p2    |     *    |      0|  0|  41|           8|           8|
    |mul_ln1118_55_fu_6808_p2    |     *    |      0|  0|  41|           8|           8|
    |mul_ln1118_56_fu_6832_p2    |     *    |      0|  0|  41|           8|           8|
    |mul_ln1118_57_fu_6856_p2    |     *    |      0|  0|  41|           8|           8|
    |mul_ln1118_58_fu_6880_p2    |     *    |      0|  0|  41|           8|           8|
    |mul_ln1118_59_fu_6904_p2    |     *    |      0|  0|  41|           8|           8|
    |mul_ln1118_5_fu_3272_p2     |     *    |      0|  0|  41|           8|           8|
    |mul_ln1118_60_fu_6928_p2    |     *    |      0|  0|  41|           8|           8|
    |mul_ln1118_61_fu_6952_p2    |     *    |      0|  0|  41|           8|           8|
    |mul_ln1118_62_fu_6976_p2    |     *    |      0|  0|  41|           8|           8|
    |mul_ln1118_63_fu_7000_p2    |     *    |      0|  0|  41|           8|           8|
    |mul_ln1118_64_fu_7824_p2    |     *    |      0|  0|  41|           8|           8|
    |mul_ln1118_65_fu_7848_p2    |     *    |      0|  0|  41|           8|           8|
    |mul_ln1118_66_fu_7872_p2    |     *    |      0|  0|  41|           8|           8|
    |mul_ln1118_67_fu_7896_p2    |     *    |      0|  0|  41|           8|           8|
    |mul_ln1118_68_fu_7920_p2    |     *    |      0|  0|  41|           8|           8|
    |mul_ln1118_69_fu_7944_p2    |     *    |      0|  0|  41|           8|           8|
    |mul_ln1118_6_fu_3296_p2     |     *    |      0|  0|  41|           8|           8|
    |mul_ln1118_70_fu_7968_p2    |     *    |      0|  0|  41|           8|           8|
    |mul_ln1118_71_fu_7992_p2    |     *    |      0|  0|  41|           8|           8|
    |mul_ln1118_72_fu_8016_p2    |     *    |      0|  0|  41|           8|           8|
    |mul_ln1118_73_fu_8040_p2    |     *    |      0|  0|  41|           8|           8|
    |mul_ln1118_74_fu_8064_p2    |     *    |      0|  0|  41|           8|           8|
    |mul_ln1118_75_fu_8088_p2    |     *    |      0|  0|  41|           8|           8|
    |mul_ln1118_76_fu_8112_p2    |     *    |      0|  0|  41|           8|           8|
    |mul_ln1118_77_fu_8136_p2    |     *    |      0|  0|  41|           8|           8|
    |mul_ln1118_78_fu_8160_p2    |     *    |      0|  0|  41|           8|           8|
    |mul_ln1118_79_fu_8184_p2    |     *    |      0|  0|  41|           8|           8|
    |mul_ln1118_7_fu_3320_p2     |     *    |      0|  0|  41|           8|           8|
    |mul_ln1118_80_fu_9019_p2    |     *    |      0|  0|  41|           8|           8|
    |mul_ln1118_81_fu_9043_p2    |     *    |      0|  0|  41|           8|           8|
    |mul_ln1118_82_fu_9067_p2    |     *    |      0|  0|  41|           8|           8|
    |mul_ln1118_83_fu_9091_p2    |     *    |      0|  0|  41|           8|           8|
    |mul_ln1118_84_fu_9115_p2    |     *    |      0|  0|  41|           8|           8|
    |mul_ln1118_85_fu_9139_p2    |     *    |      0|  0|  41|           8|           8|
    |mul_ln1118_86_fu_9163_p2    |     *    |      0|  0|  41|           8|           8|
    |mul_ln1118_87_fu_9187_p2    |     *    |      0|  0|  41|           8|           8|
    |mul_ln1118_88_fu_9211_p2    |     *    |      0|  0|  41|           8|           8|
    |mul_ln1118_89_fu_9235_p2    |     *    |      0|  0|  41|           8|           8|
    |mul_ln1118_8_fu_3344_p2     |     *    |      0|  0|  41|           8|           8|
    |mul_ln1118_90_fu_9259_p2    |     *    |      0|  0|  41|           8|           8|
    |mul_ln1118_91_fu_9283_p2    |     *    |      0|  0|  41|           8|           8|
    |mul_ln1118_92_fu_9307_p2    |     *    |      0|  0|  41|           8|           8|
    |mul_ln1118_93_fu_9331_p2    |     *    |      0|  0|  41|           8|           8|
    |mul_ln1118_94_fu_9355_p2    |     *    |      0|  0|  41|           8|           8|
    |mul_ln1118_95_fu_9379_p2    |     *    |      0|  0|  41|           8|           8|
    |mul_ln1118_96_fu_10219_p2   |     *    |      0|  0|  41|           8|           8|
    |mul_ln1118_97_fu_10243_p2   |     *    |      0|  0|  41|           8|           8|
    |mul_ln1118_98_fu_10267_p2   |     *    |      0|  0|  41|           8|           8|
    |mul_ln1118_99_fu_10291_p2   |     *    |      0|  0|  41|           8|           8|
    |mul_ln1118_9_fu_3368_p2     |     *    |      0|  0|  41|           8|           8|
    |mul_ln1118_fu_3152_p2       |     *    |      0|  0|  41|           8|           8|
    |add_ln203_fu_3130_p2        |     +    |      0|  0|  40|          33|          33|
    |add_ln31_fu_2471_p2         |     +    |      0|  0|  40|          33|          33|
    |add_ln33_10_fu_3988_p2      |     +    |      0|  0|  14|          10|           5|
    |add_ln33_11_fu_4034_p2      |     +    |      0|  0|  14|          10|           5|
    |add_ln33_12_fu_4080_p2      |     +    |      0|  0|  14|          10|           5|
    |add_ln33_13_fu_4126_p2      |     +    |      0|  0|  14|          10|           5|
    |add_ln33_14_fu_4172_p2      |     +    |      0|  0|  14|          10|           5|
    |add_ln33_15_fu_4218_p2      |     +    |      0|  0|  14|          10|           5|
    |add_ln33_16_fu_4648_p2      |     +    |      0|  0|  14|          10|           6|
    |add_ln33_17_fu_4694_p2      |     +    |      0|  0|  14|          10|           6|
    |add_ln33_18_fu_4740_p2      |     +    |      0|  0|  14|          10|           6|
    |add_ln33_19_fu_4786_p2      |     +    |      0|  0|  14|          10|           6|
    |add_ln33_1_fu_3574_p2       |     +    |      0|  0|  14|          10|           5|
    |add_ln33_20_fu_4832_p2      |     +    |      0|  0|  14|          10|           6|
    |add_ln33_21_fu_4878_p2      |     +    |      0|  0|  14|          10|           6|
    |add_ln33_22_fu_4924_p2      |     +    |      0|  0|  14|          10|           6|
    |add_ln33_23_fu_4970_p2      |     +    |      0|  0|  14|          10|           6|
    |add_ln33_24_fu_5016_p2      |     +    |      0|  0|  14|          10|           6|
    |add_ln33_25_fu_5062_p2      |     +    |      0|  0|  14|          10|           6|
    |add_ln33_26_fu_5108_p2      |     +    |      0|  0|  14|          10|           6|
    |add_ln33_27_fu_5154_p2      |     +    |      0|  0|  14|          10|           6|
    |add_ln33_28_fu_5200_p2      |     +    |      0|  0|  14|          10|           6|
    |add_ln33_29_fu_5246_p2      |     +    |      0|  0|  14|          10|           6|
    |add_ln33_2_fu_3620_p2       |     +    |      0|  0|  14|          10|           5|
    |add_ln33_30_fu_5292_p2      |     +    |      0|  0|  14|          10|           6|
    |add_ln33_31_fu_5338_p2      |     +    |      0|  0|  14|          10|           6|
    |add_ln33_32_fu_5820_p2      |     +    |      0|  0|  14|          10|           6|
    |add_ln33_33_fu_5866_p2      |     +    |      0|  0|  14|          10|           6|
    |add_ln33_34_fu_5912_p2      |     +    |      0|  0|  14|          10|           6|
    |add_ln33_35_fu_5958_p2      |     +    |      0|  0|  14|          10|           6|
    |add_ln33_36_fu_6004_p2      |     +    |      0|  0|  14|          10|           6|
    |add_ln33_37_fu_6050_p2      |     +    |      0|  0|  14|          10|           6|
    |add_ln33_38_fu_6096_p2      |     +    |      0|  0|  14|          10|           6|
    |add_ln33_39_fu_6142_p2      |     +    |      0|  0|  14|          10|           6|
    |add_ln33_3_fu_3666_p2       |     +    |      0|  0|  14|          10|           5|
    |add_ln33_40_fu_6188_p2      |     +    |      0|  0|  14|          10|           6|
    |add_ln33_41_fu_6234_p2      |     +    |      0|  0|  14|          10|           6|
    |add_ln33_42_fu_6280_p2      |     +    |      0|  0|  14|          10|           6|
    |add_ln33_43_fu_6326_p2      |     +    |      0|  0|  14|          10|           6|
    |add_ln33_44_fu_6372_p2      |     +    |      0|  0|  14|          10|           6|
    |add_ln33_45_fu_6418_p2      |     +    |      0|  0|  14|          10|           6|
    |add_ln33_46_fu_6464_p2      |     +    |      0|  0|  14|          10|           6|
    |add_ln33_47_fu_6510_p2      |     +    |      0|  0|  14|          10|           6|
    |add_ln33_48_fu_7016_p2      |     +    |      0|  0|  14|          10|           7|
    |add_ln33_49_fu_7062_p2      |     +    |      0|  0|  14|          10|           7|
    |add_ln33_4_fu_3712_p2       |     +    |      0|  0|  14|          10|           5|
    |add_ln33_50_fu_7108_p2      |     +    |      0|  0|  14|          10|           7|
    |add_ln33_51_fu_7154_p2      |     +    |      0|  0|  14|          10|           7|
    |add_ln33_52_fu_7200_p2      |     +    |      0|  0|  14|          10|           7|
    |add_ln33_53_fu_7246_p2      |     +    |      0|  0|  14|          10|           7|
    |add_ln33_54_fu_7292_p2      |     +    |      0|  0|  14|          10|           7|
    |add_ln33_55_fu_7338_p2      |     +    |      0|  0|  14|          10|           7|
    |add_ln33_56_fu_7384_p2      |     +    |      0|  0|  14|          10|           7|
    |add_ln33_57_fu_7430_p2      |     +    |      0|  0|  14|          10|           7|
    |add_ln33_58_fu_7476_p2      |     +    |      0|  0|  14|          10|           7|
    |add_ln33_59_fu_7522_p2      |     +    |      0|  0|  14|          10|           7|
    |add_ln33_5_fu_3758_p2       |     +    |      0|  0|  14|          10|           5|
    |add_ln33_60_fu_7568_p2      |     +    |      0|  0|  14|          10|           7|
    |add_ln33_61_fu_7614_p2      |     +    |      0|  0|  14|          10|           7|
    |add_ln33_62_fu_7660_p2      |     +    |      0|  0|  14|          10|           7|
    |add_ln33_63_fu_7706_p2      |     +    |      0|  0|  14|          10|           7|
    |add_ln33_64_fu_8200_p2      |     +    |      0|  0|  14|          10|           7|
    |add_ln33_65_fu_8246_p2      |     +    |      0|  0|  14|          10|           7|
    |add_ln33_66_fu_8292_p2      |     +    |      0|  0|  14|          10|           7|
    |add_ln33_67_fu_8338_p2      |     +    |      0|  0|  14|          10|           7|
    |add_ln33_68_fu_8384_p2      |     +    |      0|  0|  14|          10|           7|
    |add_ln33_69_fu_8430_p2      |     +    |      0|  0|  14|          10|           7|
    |add_ln33_6_fu_3804_p2       |     +    |      0|  0|  14|          10|           5|
    |add_ln33_70_fu_8476_p2      |     +    |      0|  0|  14|          10|           7|
    |add_ln33_71_fu_8522_p2      |     +    |      0|  0|  14|          10|           7|
    |add_ln33_72_fu_8568_p2      |     +    |      0|  0|  14|          10|           7|
    |add_ln33_73_fu_8614_p2      |     +    |      0|  0|  14|          10|           7|
    |add_ln33_74_fu_8660_p2      |     +    |      0|  0|  14|          10|           7|
    |add_ln33_75_fu_8706_p2      |     +    |      0|  0|  14|          10|           7|
    |add_ln33_76_fu_8752_p2      |     +    |      0|  0|  14|          10|           7|
    |add_ln33_77_fu_8798_p2      |     +    |      0|  0|  14|          10|           7|
    |add_ln33_78_fu_8844_p2      |     +    |      0|  0|  14|          10|           7|
    |add_ln33_79_fu_8890_p2      |     +    |      0|  0|  14|          10|           7|
    |add_ln33_7_fu_3850_p2       |     +    |      0|  0|  14|          10|           5|
    |add_ln33_80_fu_9395_p2      |     +    |      0|  0|  14|          10|           7|
    |add_ln33_81_fu_9441_p2      |     +    |      0|  0|  14|          10|           7|
    |add_ln33_82_fu_9487_p2      |     +    |      0|  0|  14|          10|           7|
    |add_ln33_83_fu_9533_p2      |     +    |      0|  0|  14|          10|           7|
    |add_ln33_84_fu_9579_p2      |     +    |      0|  0|  14|          10|           7|
    |add_ln33_85_fu_9625_p2      |     +    |      0|  0|  14|          10|           7|
    |add_ln33_86_fu_9671_p2      |     +    |      0|  0|  14|          10|           7|
    |add_ln33_87_fu_9717_p2      |     +    |      0|  0|  14|          10|           7|
    |add_ln33_88_fu_9763_p2      |     +    |      0|  0|  14|          10|           7|
    |add_ln33_89_fu_9809_p2      |     +    |      0|  0|  14|          10|           7|
    |add_ln33_8_fu_3896_p2       |     +    |      0|  0|  14|          10|           5|
    |add_ln33_90_fu_9855_p2      |     +    |      0|  0|  14|          10|           7|
    |add_ln33_91_fu_9901_p2      |     +    |      0|  0|  14|          10|           7|
    |add_ln33_92_fu_9947_p2      |     +    |      0|  0|  14|          10|           7|
    |add_ln33_93_fu_9993_p2      |     +    |      0|  0|  14|          10|           7|
    |add_ln33_94_fu_10039_p2     |     +    |      0|  0|  14|          10|           7|
    |add_ln33_95_fu_10085_p2     |     +    |      0|  0|  14|          10|           7|
    |add_ln33_96_fu_3124_p2      |     +    |      0|  0|  14|          10|           7|
    |add_ln33_9_fu_3942_p2       |     +    |      0|  0|  14|          10|           5|
    |add_ln33_fu_3528_p2         |     +    |      0|  0|  14|          10|           5|
    |add_ln35_100_fu_9589_p2     |     +    |      0|  0|  17|          13|          13|
    |add_ln35_101_fu_9635_p2     |     +    |      0|  0|  17|          13|          13|
    |add_ln35_102_fu_9681_p2     |     +    |      0|  0|  17|          13|          13|
    |add_ln35_103_fu_9727_p2     |     +    |      0|  0|  17|          13|          13|
    |add_ln35_104_fu_9773_p2     |     +    |      0|  0|  17|          13|          13|
    |add_ln35_105_fu_9819_p2     |     +    |      0|  0|  17|          13|          13|
    |add_ln35_106_fu_9865_p2     |     +    |      0|  0|  17|          13|          13|
    |add_ln35_107_fu_9911_p2     |     +    |      0|  0|  17|          13|          13|
    |add_ln35_108_fu_9957_p2     |     +    |      0|  0|  17|          13|          13|
    |add_ln35_109_fu_10003_p2    |     +    |      0|  0|  17|          13|          13|
    |add_ln35_10_fu_2858_p2      |     +    |      0|  0|  17|          13|          13|
    |add_ln35_110_fu_10049_p2    |     +    |      0|  0|  17|          13|          13|
    |add_ln35_111_fu_10095_p2    |     +    |      0|  0|  17|          13|          13|
    |add_ln35_112_fu_2449_p2     |     +    |      0|  0|  17|          13|          10|
    |add_ln35_11_fu_2904_p2      |     +    |      0|  0|  17|          13|          13|
    |add_ln35_12_fu_2950_p2      |     +    |      0|  0|  17|          13|          13|
    |add_ln35_13_fu_2996_p2      |     +    |      0|  0|  17|          13|          13|
    |add_ln35_14_fu_3042_p2      |     +    |      0|  0|  17|          13|          13|
    |add_ln35_15_fu_3088_p2      |     +    |      0|  0|  17|          13|          13|
    |add_ln35_16_fu_3538_p2      |     +    |      0|  0|  17|          13|          13|
    |add_ln35_17_fu_3584_p2      |     +    |      0|  0|  17|          13|          13|
    |add_ln35_18_fu_3630_p2      |     +    |      0|  0|  17|          13|          13|
    |add_ln35_19_fu_3676_p2      |     +    |      0|  0|  17|          13|          13|
    |add_ln35_1_fu_2549_p2       |     +    |      0|  0|  17|          13|          13|
    |add_ln35_20_fu_3722_p2      |     +    |      0|  0|  17|          13|          13|
    |add_ln35_21_fu_3768_p2      |     +    |      0|  0|  17|          13|          13|
    |add_ln35_22_fu_3814_p2      |     +    |      0|  0|  17|          13|          13|
    |add_ln35_23_fu_3860_p2      |     +    |      0|  0|  17|          13|          13|
    |add_ln35_24_fu_3906_p2      |     +    |      0|  0|  17|          13|          13|
    |add_ln35_25_fu_3952_p2      |     +    |      0|  0|  17|          13|          13|
    |add_ln35_26_fu_3998_p2      |     +    |      0|  0|  17|          13|          13|
    |add_ln35_27_fu_4044_p2      |     +    |      0|  0|  17|          13|          13|
    |add_ln35_28_fu_4090_p2      |     +    |      0|  0|  17|          13|          13|
    |add_ln35_29_fu_4136_p2      |     +    |      0|  0|  17|          13|          13|
    |add_ln35_2_fu_2580_p2       |     +    |      0|  0|  17|          13|          13|
    |add_ln35_30_fu_4182_p2      |     +    |      0|  0|  17|          13|          13|
    |add_ln35_31_fu_4228_p2      |     +    |      0|  0|  17|          13|          13|
    |add_ln35_32_fu_4658_p2      |     +    |      0|  0|  17|          13|          13|
    |add_ln35_33_fu_4704_p2      |     +    |      0|  0|  17|          13|          13|
    |add_ln35_34_fu_4750_p2      |     +    |      0|  0|  17|          13|          13|
    |add_ln35_35_fu_4796_p2      |     +    |      0|  0|  17|          13|          13|
    |add_ln35_36_fu_4842_p2      |     +    |      0|  0|  17|          13|          13|
    |add_ln35_37_fu_4888_p2      |     +    |      0|  0|  17|          13|          13|
    |add_ln35_38_fu_4934_p2      |     +    |      0|  0|  17|          13|          13|
    |add_ln35_39_fu_4980_p2      |     +    |      0|  0|  17|          13|          13|
    |add_ln35_3_fu_2611_p2       |     +    |      0|  0|  17|          13|          13|
    |add_ln35_40_fu_5026_p2      |     +    |      0|  0|  17|          13|          13|
    |add_ln35_41_fu_5072_p2      |     +    |      0|  0|  17|          13|          13|
    |add_ln35_42_fu_5118_p2      |     +    |      0|  0|  17|          13|          13|
    |add_ln35_43_fu_5164_p2      |     +    |      0|  0|  17|          13|          13|
    |add_ln35_44_fu_5210_p2      |     +    |      0|  0|  17|          13|          13|
    |add_ln35_45_fu_5256_p2      |     +    |      0|  0|  17|          13|          13|
    |add_ln35_46_fu_5302_p2      |     +    |      0|  0|  17|          13|          13|
    |add_ln35_47_fu_5348_p2      |     +    |      0|  0|  17|          13|          13|
    |add_ln35_48_fu_5830_p2      |     +    |      0|  0|  17|          13|          13|
    |add_ln35_49_fu_5876_p2      |     +    |      0|  0|  17|          13|          13|
    |add_ln35_4_fu_2642_p2       |     +    |      0|  0|  17|          13|          13|
    |add_ln35_50_fu_5922_p2      |     +    |      0|  0|  17|          13|          13|
    |add_ln35_51_fu_5968_p2      |     +    |      0|  0|  17|          13|          13|
    |add_ln35_52_fu_6014_p2      |     +    |      0|  0|  17|          13|          13|
    |add_ln35_53_fu_6060_p2      |     +    |      0|  0|  17|          13|          13|
    |add_ln35_54_fu_6106_p2      |     +    |      0|  0|  17|          13|          13|
    |add_ln35_55_fu_6152_p2      |     +    |      0|  0|  17|          13|          13|
    |add_ln35_56_fu_6198_p2      |     +    |      0|  0|  17|          13|          13|
    |add_ln35_57_fu_6244_p2      |     +    |      0|  0|  17|          13|          13|
    |add_ln35_58_fu_6290_p2      |     +    |      0|  0|  17|          13|          13|
    |add_ln35_59_fu_6336_p2      |     +    |      0|  0|  17|          13|          13|
    |add_ln35_5_fu_2673_p2       |     +    |      0|  0|  17|          13|          13|
    |add_ln35_60_fu_6382_p2      |     +    |      0|  0|  17|          13|          13|
    |add_ln35_61_fu_6428_p2      |     +    |      0|  0|  17|          13|          13|
    |add_ln35_62_fu_6474_p2      |     +    |      0|  0|  17|          13|          13|
    |add_ln35_63_fu_6520_p2      |     +    |      0|  0|  17|          13|          13|
    |add_ln35_64_fu_7026_p2      |     +    |      0|  0|  17|          13|          13|
    |add_ln35_65_fu_7072_p2      |     +    |      0|  0|  17|          13|          13|
    |add_ln35_66_fu_7118_p2      |     +    |      0|  0|  17|          13|          13|
    |add_ln35_67_fu_7164_p2      |     +    |      0|  0|  17|          13|          13|
    |add_ln35_68_fu_7210_p2      |     +    |      0|  0|  17|          13|          13|
    |add_ln35_69_fu_7256_p2      |     +    |      0|  0|  17|          13|          13|
    |add_ln35_6_fu_2704_p2       |     +    |      0|  0|  17|          13|          13|
    |add_ln35_70_fu_7302_p2      |     +    |      0|  0|  17|          13|          13|
    |add_ln35_71_fu_7348_p2      |     +    |      0|  0|  17|          13|          13|
    |add_ln35_72_fu_7394_p2      |     +    |      0|  0|  17|          13|          13|
    |add_ln35_73_fu_7440_p2      |     +    |      0|  0|  17|          13|          13|
    |add_ln35_74_fu_7486_p2      |     +    |      0|  0|  17|          13|          13|
    |add_ln35_75_fu_7532_p2      |     +    |      0|  0|  17|          13|          13|
    |add_ln35_76_fu_7578_p2      |     +    |      0|  0|  17|          13|          13|
    |add_ln35_77_fu_7624_p2      |     +    |      0|  0|  17|          13|          13|
    |add_ln35_78_fu_7670_p2      |     +    |      0|  0|  17|          13|          13|
    |add_ln35_79_fu_7716_p2      |     +    |      0|  0|  17|          13|          13|
    |add_ln35_7_fu_2735_p2       |     +    |      0|  0|  17|          13|          13|
    |add_ln35_80_fu_8210_p2      |     +    |      0|  0|  17|          13|          13|
    |add_ln35_81_fu_8256_p2      |     +    |      0|  0|  17|          13|          13|
    |add_ln35_82_fu_8302_p2      |     +    |      0|  0|  17|          13|          13|
    |add_ln35_83_fu_8348_p2      |     +    |      0|  0|  17|          13|          13|
    |add_ln35_84_fu_8394_p2      |     +    |      0|  0|  17|          13|          13|
    |add_ln35_85_fu_8440_p2      |     +    |      0|  0|  17|          13|          13|
    |add_ln35_86_fu_8486_p2      |     +    |      0|  0|  17|          13|          13|
    |add_ln35_87_fu_8532_p2      |     +    |      0|  0|  17|          13|          13|
    |add_ln35_88_fu_8578_p2      |     +    |      0|  0|  17|          13|          13|
    |add_ln35_89_fu_8624_p2      |     +    |      0|  0|  17|          13|          13|
    |add_ln35_8_fu_2766_p2       |     +    |      0|  0|  17|          13|          13|
    |add_ln35_90_fu_8670_p2      |     +    |      0|  0|  17|          13|          13|
    |add_ln35_91_fu_8716_p2      |     +    |      0|  0|  17|          13|          13|
    |add_ln35_92_fu_8762_p2      |     +    |      0|  0|  17|          13|          13|
    |add_ln35_93_fu_8808_p2      |     +    |      0|  0|  17|          13|          13|
    |add_ln35_94_fu_8854_p2      |     +    |      0|  0|  17|          13|          13|
    |add_ln35_95_fu_8900_p2      |     +    |      0|  0|  17|          13|          13|
    |add_ln35_96_fu_9405_p2      |     +    |      0|  0|  17|          13|          13|
    |add_ln35_97_fu_9451_p2      |     +    |      0|  0|  17|          13|          13|
    |add_ln35_98_fu_9497_p2      |     +    |      0|  0|  17|          13|          13|
    |add_ln35_99_fu_9543_p2      |     +    |      0|  0|  17|          13|          13|
    |add_ln35_9_fu_2812_p2       |     +    |      0|  0|  17|          13|          13|
    |add_ln35_fu_2496_p2         |     +    |      0|  0|  17|          13|          13|
    |add_ln703_100_fu_10716_p2   |     +    |      0|  0|   8|           8|           8|
    |add_ln703_101_fu_10722_p2   |     +    |      0|  0|   8|           8|           8|
    |add_ln703_102_fu_10726_p2   |     +    |      0|  0|   8|           8|           8|
    |add_ln703_103_fu_10731_p2   |     +    |      0|  0|  15|           8|           8|
    |add_ln703_104_fu_10735_p2   |     +    |      0|  0|   8|           8|           8|
    |add_ln703_105_fu_10739_p2   |     +    |      0|  0|   8|           8|           8|
    |add_ln703_106_fu_10745_p2   |     +    |      0|  0|   8|           8|           8|
    |add_ln703_107_fu_10749_p2   |     +    |      0|  0|   8|           8|           8|
    |add_ln703_108_fu_10754_p2   |     +    |      0|  0|   8|           8|           8|
    |add_ln703_109_fu_10759_p2   |     +    |      0|  0|   8|           8|           8|
    |add_ln703_10_fu_5430_p2     |     +    |      0|  0|   8|           8|           8|
    |add_ln703_110_fu_10764_p2   |     +    |      0|  0|   8|           8|           8|
    |add_ln703_111_fu_10768_p2   |     +    |      0|  0|   8|           8|           8|
    |add_ln703_11_fu_6556_p2     |     +    |      0|  0|   8|           8|           8|
    |add_ln703_12_fu_6560_p2     |     +    |      0|  0|   8|           8|           8|
    |add_ln703_13_fu_6565_p2     |     +    |      0|  0|   8|           8|           8|
    |add_ln703_14_fu_6569_p2     |     +    |      0|  0|   8|           8|           8|
    |add_ln703_15_fu_6574_p2     |     +    |      0|  0|  15|           8|           8|
    |add_ln703_16_fu_6578_p2     |     +    |      0|  0|  15|           8|           8|
    |add_ln703_17_fu_6582_p2     |     +    |      0|  0|   8|           8|           8|
    |add_ln703_18_fu_6588_p2     |     +    |      0|  0|   8|           8|           8|
    |add_ln703_19_fu_6594_p2     |     +    |      0|  0|   8|           8|           8|
    |add_ln703_1_fu_5388_p2      |     +    |      0|  0|   8|           8|           8|
    |add_ln703_20_fu_6598_p2     |     +    |      0|  0|   8|           8|           8|
    |add_ln703_21_fu_6603_p2     |     +    |      0|  0|  15|           8|           8|
    |add_ln703_22_fu_6607_p2     |     +    |      0|  0|  15|           8|           8|
    |add_ln703_23_fu_6611_p2     |     +    |      0|  0|   8|           8|           8|
    |add_ln703_24_fu_6617_p2     |     +    |      0|  0|   8|           8|           8|
    |add_ln703_25_fu_7752_p2     |     +    |      0|  0|   8|           8|           8|
    |add_ln703_26_fu_7756_p2     |     +    |      0|  0|   8|           8|           8|
    |add_ln703_27_fu_6623_p2     |     +    |      0|  0|   8|           8|           8|
    |add_ln703_28_fu_6627_p2     |     +    |      0|  0|   8|           8|           8|
    |add_ln703_29_fu_7761_p2     |     +    |      0|  0|  15|           8|           8|
    |add_ln703_2_fu_5393_p2      |     +    |      0|  0|  15|           8|           8|
    |add_ln703_30_fu_7765_p2     |     +    |      0|  0|  15|           8|           8|
    |add_ln703_31_fu_7769_p2     |     +    |      0|  0|   8|           8|           8|
    |add_ln703_32_fu_7775_p2     |     +    |      0|  0|   8|           8|           8|
    |add_ln703_33_fu_7780_p2     |     +    |      0|  0|   8|           8|           8|
    |add_ln703_34_fu_7784_p2     |     +    |      0|  0|   8|           8|           8|
    |add_ln703_35_fu_7789_p2     |     +    |      0|  0|  15|           8|           8|
    |add_ln703_36_fu_7793_p2     |     +    |      0|  0|   8|           8|           8|
    |add_ln703_37_fu_7797_p2     |     +    |      0|  0|   8|           8|           8|
    |add_ln703_38_fu_8936_p2     |     +    |      0|  0|   8|           8|           8|
    |add_ln703_39_fu_8940_p2     |     +    |      0|  0|   8|           8|           8|
    |add_ln703_3_fu_5397_p2      |     +    |      0|  0|  15|           8|           8|
    |add_ln703_40_fu_7803_p2     |     +    |      0|  0|   8|           8|           8|
    |add_ln703_41_fu_7807_p2     |     +    |      0|  0|   8|           8|           8|
    |add_ln703_42_fu_7812_p2     |     +    |      0|  0|  15|           8|           8|
    |add_ln703_43_fu_8945_p2     |     +    |      0|  0|  15|           8|           8|
    |add_ln703_44_fu_8949_p2     |     +    |      0|  0|   8|           8|           8|
    |add_ln703_45_fu_8954_p2     |     +    |      0|  0|   8|           8|           8|
    |add_ln703_46_fu_8959_p2     |     +    |      0|  0|   8|           8|           8|
    |add_ln703_47_fu_8963_p2     |     +    |      0|  0|   8|           8|           8|
    |add_ln703_48_fu_8968_p2     |     +    |      0|  0|  15|           8|           8|
    |add_ln703_49_fu_8972_p2     |     +    |      0|  0|   8|           8|           8|
    |add_ln703_4_fu_5401_p2      |     +    |      0|  0|   8|           8|           8|
    |add_ln703_50_fu_8976_p2     |     +    |      0|  0|   8|           8|           8|
    |add_ln703_51_fu_10131_p2    |     +    |      0|  0|   8|           8|           8|
    |add_ln703_52_fu_10135_p2    |     +    |      0|  0|   8|           8|           8|
    |add_ln703_53_fu_10140_p2    |     +    |      0|  0|   8|           8|           8|
    |add_ln703_54_fu_10145_p2    |     +    |      0|  0|   8|           8|           8|
    |add_ln703_55_fu_8982_p2     |     +    |      0|  0|   8|           8|           8|
    |add_ln703_56_fu_8986_p2     |     +    |      0|  0|   8|           8|           8|
    |add_ln703_57_fu_8991_p2     |     +    |      0|  0|  15|           8|           8|
    |add_ln703_58_fu_8995_p2     |     +    |      0|  0|  15|           8|           8|
    |add_ln703_59_fu_8999_p2     |     +    |      0|  0|   8|           8|           8|
    |add_ln703_5_fu_5407_p2      |     +    |      0|  0|   8|           8|           8|
    |add_ln703_60_fu_9005_p2     |     +    |      0|  0|   8|           8|           8|
    |add_ln703_61_fu_10150_p2    |     +    |      0|  0|   8|           8|           8|
    |add_ln703_62_fu_10154_p2    |     +    |      0|  0|   8|           8|           8|
    |add_ln703_63_fu_10159_p2    |     +    |      0|  0|  15|           8|           8|
    |add_ln703_64_fu_10163_p2    |     +    |      0|  0|   8|           8|           8|
    |add_ln703_65_fu_10167_p2    |     +    |      0|  0|   8|           8|           8|
    |add_ln703_66_fu_10595_p2    |     +    |      0|  0|   8|           8|           8|
    |add_ln703_67_fu_10599_p2    |     +    |      0|  0|   8|           8|           8|
    |add_ln703_68_fu_10173_p2    |     +    |      0|  0|   8|           8|           8|
    |add_ln703_69_fu_10177_p2    |     +    |      0|  0|   8|           8|           8|
    |add_ln703_6_fu_5413_p2      |     +    |      0|  0|   8|           8|           8|
    |add_ln703_70_fu_10182_p2    |     +    |      0|  0|  15|           8|           8|
    |add_ln703_71_fu_10186_p2    |     +    |      0|  0|  15|           8|           8|
    |add_ln703_72_fu_10190_p2    |     +    |      0|  0|   8|           8|           8|
    |add_ln703_73_fu_10196_p2    |     +    |      0|  0|   8|           8|           8|
    |add_ln703_74_fu_10202_p2    |     +    |      0|  0|   8|           8|           8|
    |add_ln703_75_fu_10206_p2    |     +    |      0|  0|   8|           8|           8|
    |add_ln703_76_fu_10604_p2    |     +    |      0|  0|  15|           8|           8|
    |add_ln703_77_fu_10608_p2    |     +    |      0|  0|  15|           8|           8|
    |add_ln703_78_fu_10612_p2    |     +    |      0|  0|   8|           8|           8|
    |add_ln703_79_fu_10618_p2    |     +    |      0|  0|   8|           8|           8|
    |add_ln703_7_fu_5417_p2      |     +    |      0|  0|   8|           8|           8|
    |add_ln703_80_fu_10665_p2    |     +    |      0|  0|   8|           8|           8|
    |add_ln703_81_fu_10669_p2    |     +    |      0|  0|   8|           8|           8|
    |add_ln703_82_fu_10623_p2    |     +    |      0|  0|   8|           8|           8|
    |add_ln703_83_fu_10627_p2    |     +    |      0|  0|   8|           8|           8|
    |add_ln703_84_fu_10632_p2    |     +    |      0|  0|  15|           8|           8|
    |add_ln703_85_fu_10636_p2    |     +    |      0|  0|  15|           8|           8|
    |add_ln703_86_fu_10640_p2    |     +    |      0|  0|   8|           8|           8|
    |add_ln703_87_fu_10646_p2    |     +    |      0|  0|   8|           8|           8|
    |add_ln703_88_fu_10652_p2    |     +    |      0|  0|   8|           8|           8|
    |add_ln703_89_fu_10656_p2    |     +    |      0|  0|   8|           8|           8|
    |add_ln703_8_fu_5422_p2      |     +    |      0|  0|  15|           8|           8|
    |add_ln703_90_fu_10661_p2    |     +    |      0|  0|  15|           8|           8|
    |add_ln703_91_fu_10674_p2    |     +    |      0|  0|   8|           8|           8|
    |add_ln703_92_fu_10678_p2    |     +    |      0|  0|   8|           8|           8|
    |add_ln703_93_fu_10683_p2    |     +    |      0|  0|   8|           8|           8|
    |add_ln703_94_fu_10688_p2    |     +    |      0|  0|   8|           8|           8|
    |add_ln703_95_fu_10693_p2    |     +    |      0|  0|   8|           8|           8|
    |add_ln703_96_fu_10697_p2    |     +    |      0|  0|   8|           8|           8|
    |add_ln703_97_fu_10702_p2    |     +    |      0|  0|  15|           8|           8|
    |add_ln703_98_fu_10706_p2    |     +    |      0|  0|  15|           8|           8|
    |add_ln703_99_fu_10710_p2    |     +    |      0|  0|   8|           8|           8|
    |add_ln703_9_fu_5426_p2      |     +    |      0|  0|   8|           8|           8|
    |add_ln703_fu_5384_p2        |     +    |      0|  0|   8|           8|           8|
    |c_fu_2461_p2                |     +    |      0|  0|  13|           4|           1|
    |i_1_fu_2417_p2              |     +    |      0|  0|  17|          13|           1|
    |i_fu_2379_p2                |     +    |      0|  0|  14|          10|           1|
    |ap_block_state17            |    and   |      0|  0|   2|           1|           1|
    |ap_block_state8             |    and   |      0|  0|   2|           1|           1|
    |ap_block_state8_io          |    and   |      0|  0|   2|           1|           1|
    |icmp_ln15_fu_2373_p2        |   icmp   |      0|  0|  13|          10|           9|
    |icmp_ln20_fu_2411_p2        |   icmp   |      0|  0|  13|          13|          10|
    |icmp_ln30_fu_2455_p2        |   icmp   |      0|  0|   9|           4|           4|
    |icmp_ln33_fu_2490_p2        |   icmp   |      0|  0|  13|          10|           9|
    |or_ln33_10_fu_2894_p2       |    or    |      0|  0|  10|          10|           4|
    |or_ln33_11_fu_2940_p2       |    or    |      0|  0|  10|          10|           4|
    |or_ln33_12_fu_2986_p2       |    or    |      0|  0|  10|          10|           4|
    |or_ln33_13_fu_3032_p2       |    or    |      0|  0|  10|          10|           4|
    |or_ln33_14_fu_3078_p2       |    or    |      0|  0|  10|          10|           4|
    |or_ln33_1_fu_2570_p2        |    or    |      0|  0|  10|          10|           2|
    |or_ln33_2_fu_2601_p2        |    or    |      0|  0|  10|          10|           2|
    |or_ln33_3_fu_2632_p2        |    or    |      0|  0|  10|          10|           3|
    |or_ln33_4_fu_2663_p2        |    or    |      0|  0|  10|          10|           3|
    |or_ln33_5_fu_2694_p2        |    or    |      0|  0|  10|          10|           3|
    |or_ln33_6_fu_2725_p2        |    or    |      0|  0|  10|          10|           3|
    |or_ln33_7_fu_2756_p2        |    or    |      0|  0|  10|          10|           4|
    |or_ln33_8_fu_2802_p2        |    or    |      0|  0|  10|          10|           4|
    |or_ln33_9_fu_2848_p2        |    or    |      0|  0|  10|          10|           4|
    |or_ln33_fu_2539_p2          |    or    |      0|  0|  10|          10|           1|
    +----------------------------+----------+-------+---+----+------------+------------+
    |Total                       |          |      0|  0|9277|        4514|        4026|
    +----------------------------+----------+-------+---+----+------------+------------+

    * Multiplexer: 
    +-------------------------+-----+-----------+-----+-----------+
    |           Name          | LUT | Input Size| Bits| Total Bits|
    +-------------------------+-----+-----------+-----+-----------+
    |ap_NS_fsm                |  209|         48|    1|         48|
    |c_0_reg_2298             |    9|          2|    4|          8|
    |i2_0_reg_2287            |    9|          2|   13|         26|
    |i3_0_0_reg_2332          |    9|          2|   10|         20|
    |i_0_reg_2276             |    9|          2|   10|         20|
    |input_V_blk_n_AR         |    9|          2|    1|          2|
    |input_V_blk_n_AW         |    9|          2|    1|          2|
    |input_V_blk_n_B          |    9|          2|    1|          2|
    |input_V_blk_n_R          |    9|          2|    1|          2|
    |input_V_blk_n_W          |    9|          2|    1|          2|
    |m_axi_input_V_ARADDR     |   21|          4|   32|        128|
    |m_axi_input_V_ARLEN      |   21|          4|   32|        128|
    |p_Val2_1_0_reg_2321      |    9|          2|    8|         16|
    |phi_mul_reg_2309         |    9|          2|   13|         26|
    |tempWeight_0_V_address0  |   44|          9|   10|         90|
    |tempWeight_0_V_address1  |   41|          8|   10|         80|
    |tempWeight_1_V_address0  |   44|          9|   10|         90|
    |tempWeight_1_V_address1  |   41|          8|   10|         80|
    |tempWeight_2_V_address0  |   44|          9|   10|         90|
    |tempWeight_2_V_address1  |   41|          8|   10|         80|
    |tempWeight_3_V_address0  |   44|          9|   10|         90|
    |tempWeight_3_V_address1  |   41|          8|   10|         80|
    |tempWeight_4_V_address0  |   44|          9|   10|         90|
    |tempWeight_4_V_address1  |   41|          8|   10|         80|
    |tempWeight_5_V_address0  |   44|          9|   10|         90|
    |tempWeight_5_V_address1  |   41|          8|   10|         80|
    |tempWeight_6_V_address0  |   44|          9|   10|         90|
    |tempWeight_6_V_address1  |   41|          8|   10|         80|
    |tempWeight_7_V_address0  |   44|          9|   10|         90|
    |tempWeight_7_V_address1  |   41|          8|   10|         80|
    |temp_0_V_address0        |   44|          9|    7|         63|
    |temp_0_V_address1        |   41|          8|    7|         56|
    |temp_1_V_address0        |   44|          9|    7|         63|
    |temp_1_V_address1        |   41|          8|    7|         56|
    |temp_2_V_address0        |   44|          9|    7|         63|
    |temp_2_V_address1        |   41|          8|    7|         56|
    |temp_3_V_address0        |   44|          9|    7|         63|
    |temp_3_V_address1        |   41|          8|    7|         56|
    |temp_4_V_address0        |   44|          9|    7|         63|
    |temp_4_V_address1        |   41|          8|    7|         56|
    |temp_5_V_address0        |   44|          9|    7|         63|
    |temp_5_V_address1        |   41|          8|    7|         56|
    |temp_6_V_address0        |   44|          9|    7|         63|
    |temp_6_V_address1        |   41|          8|    7|         56|
    |temp_7_V_address0        |   44|          9|    7|         63|
    |temp_7_V_address1        |   41|          8|    7|         56|
    +-------------------------+-----+-----------+-----+-----------+
    |Total                    | 1710|        350|  400|       2742|
    +-------------------------+-----+-----------+-----+-----------+

    * Register: 
    +-------------------------------+----+----+-----+-----------+
    |              Name             | FF | LUT| Bits| Const Bits|
    +-------------------------------+----+----+-----+-----------+
    |add_ln33_96_reg_11116          |  10|   0|   10|          0|
    |add_ln35_112_reg_10924         |  13|   0|   13|          0|
    |add_ln703_100_reg_12797        |   8|   0|    8|          0|
    |add_ln703_102_reg_12802        |   8|   0|    8|          0|
    |add_ln703_105_reg_12807        |   8|   0|    8|          0|
    |add_ln703_109_reg_12812        |   8|   0|    8|          0|
    |add_ln703_10_reg_11617         |   8|   0|    8|          0|
    |add_ln703_12_reg_11862         |   8|   0|    8|          0|
    |add_ln703_18_reg_11867         |   8|   0|    8|          0|
    |add_ln703_24_reg_11872         |   8|   0|    8|          0|
    |add_ln703_26_reg_12122         |   8|   0|    8|          0|
    |add_ln703_28_reg_11877         |   8|   0|    8|          0|
    |add_ln703_32_reg_12127         |   8|   0|    8|          0|
    |add_ln703_34_reg_12132         |   8|   0|    8|          0|
    |add_ln703_37_reg_12137         |   8|   0|    8|          0|
    |add_ln703_39_reg_12392         |   8|   0|    8|          0|
    |add_ln703_41_reg_12142         |   8|   0|    8|          0|
    |add_ln703_42_reg_12147         |   8|   0|    8|          0|
    |add_ln703_45_reg_12397         |   8|   0|    8|          0|
    |add_ln703_47_reg_12402         |   8|   0|    8|          0|
    |add_ln703_50_reg_12407         |   8|   0|    8|          0|
    |add_ln703_54_reg_12657         |   8|   0|    8|          0|
    |add_ln703_5_reg_11607          |   8|   0|    8|          0|
    |add_ln703_60_reg_12412         |   8|   0|    8|          0|
    |add_ln703_62_reg_12662         |   8|   0|    8|          0|
    |add_ln703_65_reg_12667         |   8|   0|    8|          0|
    |add_ln703_67_reg_12762         |   8|   0|    8|          0|
    |add_ln703_73_reg_12672         |   8|   0|    8|          0|
    |add_ln703_75_reg_12677         |   8|   0|    8|          0|
    |add_ln703_79_reg_12767         |   8|   0|    8|          0|
    |add_ln703_7_reg_11612          |   8|   0|    8|          0|
    |add_ln703_81_reg_12787         |   8|   0|    8|          0|
    |add_ln703_87_reg_12772         |   8|   0|    8|          0|
    |add_ln703_89_reg_12777         |   8|   0|    8|          0|
    |add_ln703_90_reg_12782         |   8|   0|    8|          0|
    |add_ln703_94_reg_12792         |   8|   0|    8|          0|
    |ap_CS_fsm                      |  47|   0|   47|          0|
    |c_0_reg_2298                   |   4|   0|    4|          0|
    |c_reg_10932                    |   4|   0|    4|          0|
    |fcBias_V_addr_1_reg_11121      |  32|   0|   32|          0|
    |fcBias_V_addr_reg_10942        |  32|   0|   32|          0|
    |i2_0_reg_2287                  |  13|   0|   13|          0|
    |i3_0_0_reg_2332                |  10|   0|   10|          0|
    |i_0_reg_2276                   |  10|   0|   10|          0|
    |i_1_reg_10863                  |  13|   0|   13|          0|
    |i_reg_10799                    |  10|   0|   10|          0|
    |input_V_addr_1_read_reg_10804  |   8|   0|    8|          0|
    |input_V_addr_read_reg_10868    |   8|   0|    8|          0|
    |input_V_addr_reg_10785         |  32|   0|   32|          0|
    |p_Val2_1_0_reg_2321            |   8|   0|    8|          0|
    |phi_mul_reg_2309               |  13|   0|   13|          0|
    |sext_ln7_reg_10791             |  33|   0|   33|          0|
    |sext_ln8_reg_10780             |  33|   0|   33|          0|
    |sum_V_reg_10948                |   8|   0|    8|          0|
    |tempWeight_0_V_addr_reg_10884  |  10|   0|   10|          0|
    |tempWeight_1_V_addr_reg_10889  |  10|   0|   10|          0|
    |tempWeight_2_V_addr_reg_10894  |  10|   0|   10|          0|
    |tempWeight_3_V_addr_reg_10899  |  10|   0|   10|          0|
    |tempWeight_4_V_addr_reg_10904  |  10|   0|   10|          0|
    |tempWeight_5_V_addr_reg_10909  |  10|   0|   10|          0|
    |tempWeight_6_V_addr_reg_10914  |  10|   0|   10|          0|
    |tempWeight_7_V_addr_reg_10919  |  10|   0|   10|          0|
    |temp_0_V_addr_reg_10820        |   7|   0|    7|          0|
    |temp_1_V_addr_reg_10825        |   7|   0|    7|          0|
    |temp_2_V_addr_reg_10830        |   7|   0|    7|          0|
    |temp_3_V_addr_reg_10835        |   7|   0|    7|          0|
    |temp_4_V_addr_reg_10840        |   7|   0|    7|          0|
    |temp_5_V_addr_reg_10845        |   7|   0|    7|          0|
    |temp_6_V_addr_reg_10850        |   7|   0|    7|          0|
    |temp_7_V_addr_reg_10855        |   7|   0|    7|          0|
    |trunc_ln203_1_reg_10880        |   3|   0|    3|          0|
    |trunc_ln203_reg_10816          |   3|   0|    3|          0|
    |trunc_ln2_reg_11127            |   8|   0|    8|          0|
    |trunc_ln708_100_reg_12707      |   8|   0|    8|          0|
    |trunc_ln708_101_reg_12712      |   8|   0|    8|          0|
    |trunc_ln708_102_reg_12717      |   8|   0|    8|          0|
    |trunc_ln708_103_reg_12722      |   8|   0|    8|          0|
    |trunc_ln708_104_reg_12727      |   8|   0|    8|          0|
    |trunc_ln708_105_reg_12732      |   8|   0|    8|          0|
    |trunc_ln708_106_reg_12737      |   8|   0|    8|          0|
    |trunc_ln708_107_reg_12742      |   8|   0|    8|          0|
    |trunc_ln708_108_reg_12747      |   8|   0|    8|          0|
    |trunc_ln708_109_reg_12752      |   8|   0|    8|          0|
    |trunc_ln708_10_reg_11182       |   8|   0|    8|          0|
    |trunc_ln708_110_reg_12757      |   8|   0|    8|          0|
    |trunc_ln708_11_reg_11187       |   8|   0|    8|          0|
    |trunc_ln708_12_reg_11192       |   8|   0|    8|          0|
    |trunc_ln708_13_reg_11197       |   8|   0|    8|          0|
    |trunc_ln708_14_reg_11202       |   8|   0|    8|          0|
    |trunc_ln708_15_reg_11367       |   8|   0|    8|          0|
    |trunc_ln708_16_reg_11372       |   8|   0|    8|          0|
    |trunc_ln708_17_reg_11377       |   8|   0|    8|          0|
    |trunc_ln708_18_reg_11382       |   8|   0|    8|          0|
    |trunc_ln708_19_reg_11387       |   8|   0|    8|          0|
    |trunc_ln708_1_reg_11132        |   8|   0|    8|          0|
    |trunc_ln708_20_reg_11392       |   8|   0|    8|          0|
    |trunc_ln708_21_reg_11397       |   8|   0|    8|          0|
    |trunc_ln708_22_reg_11402       |   8|   0|    8|          0|
    |trunc_ln708_23_reg_11407       |   8|   0|    8|          0|
    |trunc_ln708_24_reg_11412       |   8|   0|    8|          0|
    |trunc_ln708_25_reg_11417       |   8|   0|    8|          0|
    |trunc_ln708_26_reg_11422       |   8|   0|    8|          0|
    |trunc_ln708_27_reg_11427       |   8|   0|    8|          0|
    |trunc_ln708_28_reg_11432       |   8|   0|    8|          0|
    |trunc_ln708_29_reg_11437       |   8|   0|    8|          0|
    |trunc_ln708_2_reg_11137        |   8|   0|    8|          0|
    |trunc_ln708_30_reg_11442       |   8|   0|    8|          0|
    |trunc_ln708_31_reg_11622       |   8|   0|    8|          0|
    |trunc_ln708_32_reg_11627       |   8|   0|    8|          0|
    |trunc_ln708_33_reg_11632       |   8|   0|    8|          0|
    |trunc_ln708_34_reg_11637       |   8|   0|    8|          0|
    |trunc_ln708_35_reg_11642       |   8|   0|    8|          0|
    |trunc_ln708_36_reg_11647       |   8|   0|    8|          0|
    |trunc_ln708_37_reg_11652       |   8|   0|    8|          0|
    |trunc_ln708_38_reg_11657       |   8|   0|    8|          0|
    |trunc_ln708_39_reg_11662       |   8|   0|    8|          0|
    |trunc_ln708_3_reg_11142        |   8|   0|    8|          0|
    |trunc_ln708_40_reg_11667       |   8|   0|    8|          0|
    |trunc_ln708_41_reg_11672       |   8|   0|    8|          0|
    |trunc_ln708_42_reg_11677       |   8|   0|    8|          0|
    |trunc_ln708_43_reg_11682       |   8|   0|    8|          0|
    |trunc_ln708_44_reg_11687       |   8|   0|    8|          0|
    |trunc_ln708_45_reg_11692       |   8|   0|    8|          0|
    |trunc_ln708_46_reg_11697       |   8|   0|    8|          0|
    |trunc_ln708_47_reg_11882       |   8|   0|    8|          0|
    |trunc_ln708_48_reg_11887       |   8|   0|    8|          0|
    |trunc_ln708_49_reg_11892       |   8|   0|    8|          0|
    |trunc_ln708_4_reg_11147        |   8|   0|    8|          0|
    |trunc_ln708_50_reg_11897       |   8|   0|    8|          0|
    |trunc_ln708_51_reg_11902       |   8|   0|    8|          0|
    |trunc_ln708_52_reg_11907       |   8|   0|    8|          0|
    |trunc_ln708_53_reg_11912       |   8|   0|    8|          0|
    |trunc_ln708_54_reg_11917       |   8|   0|    8|          0|
    |trunc_ln708_55_reg_11922       |   8|   0|    8|          0|
    |trunc_ln708_56_reg_11927       |   8|   0|    8|          0|
    |trunc_ln708_57_reg_11932       |   8|   0|    8|          0|
    |trunc_ln708_58_reg_11937       |   8|   0|    8|          0|
    |trunc_ln708_59_reg_11942       |   8|   0|    8|          0|
    |trunc_ln708_5_reg_11152        |   8|   0|    8|          0|
    |trunc_ln708_60_reg_11947       |   8|   0|    8|          0|
    |trunc_ln708_61_reg_11952       |   8|   0|    8|          0|
    |trunc_ln708_62_reg_11957       |   8|   0|    8|          0|
    |trunc_ln708_63_reg_12152       |   8|   0|    8|          0|
    |trunc_ln708_64_reg_12157       |   8|   0|    8|          0|
    |trunc_ln708_65_reg_12162       |   8|   0|    8|          0|
    |trunc_ln708_66_reg_12167       |   8|   0|    8|          0|
    |trunc_ln708_67_reg_12172       |   8|   0|    8|          0|
    |trunc_ln708_68_reg_12177       |   8|   0|    8|          0|
    |trunc_ln708_69_reg_12182       |   8|   0|    8|          0|
    |trunc_ln708_6_reg_11157        |   8|   0|    8|          0|
    |trunc_ln708_70_reg_12187       |   8|   0|    8|          0|
    |trunc_ln708_71_reg_12192       |   8|   0|    8|          0|
    |trunc_ln708_72_reg_12197       |   8|   0|    8|          0|
    |trunc_ln708_73_reg_12202       |   8|   0|    8|          0|
    |trunc_ln708_74_reg_12207       |   8|   0|    8|          0|
    |trunc_ln708_75_reg_12212       |   8|   0|    8|          0|
    |trunc_ln708_76_reg_12217       |   8|   0|    8|          0|
    |trunc_ln708_77_reg_12222       |   8|   0|    8|          0|
    |trunc_ln708_78_reg_12227       |   8|   0|    8|          0|
    |trunc_ln708_79_reg_12417       |   8|   0|    8|          0|
    |trunc_ln708_7_reg_11162        |   8|   0|    8|          0|
    |trunc_ln708_80_reg_12422       |   8|   0|    8|          0|
    |trunc_ln708_81_reg_12427       |   8|   0|    8|          0|
    |trunc_ln708_82_reg_12432       |   8|   0|    8|          0|
    |trunc_ln708_83_reg_12437       |   8|   0|    8|          0|
    |trunc_ln708_84_reg_12442       |   8|   0|    8|          0|
    |trunc_ln708_85_reg_12447       |   8|   0|    8|          0|
    |trunc_ln708_86_reg_12452       |   8|   0|    8|          0|
    |trunc_ln708_87_reg_12457       |   8|   0|    8|          0|
    |trunc_ln708_88_reg_12462       |   8|   0|    8|          0|
    |trunc_ln708_89_reg_12467       |   8|   0|    8|          0|
    |trunc_ln708_8_reg_11167        |   8|   0|    8|          0|
    |trunc_ln708_90_reg_12472       |   8|   0|    8|          0|
    |trunc_ln708_91_reg_12477       |   8|   0|    8|          0|
    |trunc_ln708_92_reg_12482       |   8|   0|    8|          0|
    |trunc_ln708_93_reg_12487       |   8|   0|    8|          0|
    |trunc_ln708_94_reg_12492       |   8|   0|    8|          0|
    |trunc_ln708_95_reg_12682       |   8|   0|    8|          0|
    |trunc_ln708_96_reg_12687       |   8|   0|    8|          0|
    |trunc_ln708_97_reg_12692       |   8|   0|    8|          0|
    |trunc_ln708_98_reg_12697       |   8|   0|    8|          0|
    |trunc_ln708_99_reg_12702       |   8|   0|    8|          0|
    |trunc_ln708_9_reg_11172        |   8|   0|    8|          0|
    |trunc_ln708_s_reg_11177        |   8|   0|    8|          0|
    |zext_ln31_reg_10937            |   4|   0|   33|         29|
    +-------------------------------+----+----+-----+-----------+
    |Total                          |1655|   0| 1684|         29|
    +-------------------------------+----+----+-----+-----------+



================================================================
== Interface
================================================================
* Summary: 
+------------------------+-----+-----+------------+----------------------+--------------+
|        RTL Ports       | Dir | Bits|  Protocol  |     Source Object    |    C Type    |
+------------------------+-----+-----+------------+----------------------+--------------+
|ap_clk                  |  in |    1| ap_ctrl_hs |         dense        | return value |
|ap_rst                  |  in |    1| ap_ctrl_hs |         dense        | return value |
|ap_start                |  in |    1| ap_ctrl_hs |         dense        | return value |
|ap_done                 | out |    1| ap_ctrl_hs |         dense        | return value |
|ap_idle                 | out |    1| ap_ctrl_hs |         dense        | return value |
|ap_ready                | out |    1| ap_ctrl_hs |         dense        | return value |
|m_axi_input_V_AWVALID   | out |    1|    m_axi   |        input_V       |    pointer   |
|m_axi_input_V_AWREADY   |  in |    1|    m_axi   |        input_V       |    pointer   |
|m_axi_input_V_AWADDR    | out |   32|    m_axi   |        input_V       |    pointer   |
|m_axi_input_V_AWID      | out |    1|    m_axi   |        input_V       |    pointer   |
|m_axi_input_V_AWLEN     | out |   32|    m_axi   |        input_V       |    pointer   |
|m_axi_input_V_AWSIZE    | out |    3|    m_axi   |        input_V       |    pointer   |
|m_axi_input_V_AWBURST   | out |    2|    m_axi   |        input_V       |    pointer   |
|m_axi_input_V_AWLOCK    | out |    2|    m_axi   |        input_V       |    pointer   |
|m_axi_input_V_AWCACHE   | out |    4|    m_axi   |        input_V       |    pointer   |
|m_axi_input_V_AWPROT    | out |    3|    m_axi   |        input_V       |    pointer   |
|m_axi_input_V_AWQOS     | out |    4|    m_axi   |        input_V       |    pointer   |
|m_axi_input_V_AWREGION  | out |    4|    m_axi   |        input_V       |    pointer   |
|m_axi_input_V_AWUSER    | out |    1|    m_axi   |        input_V       |    pointer   |
|m_axi_input_V_WVALID    | out |    1|    m_axi   |        input_V       |    pointer   |
|m_axi_input_V_WREADY    |  in |    1|    m_axi   |        input_V       |    pointer   |
|m_axi_input_V_WDATA     | out |    8|    m_axi   |        input_V       |    pointer   |
|m_axi_input_V_WSTRB     | out |    1|    m_axi   |        input_V       |    pointer   |
|m_axi_input_V_WLAST     | out |    1|    m_axi   |        input_V       |    pointer   |
|m_axi_input_V_WID       | out |    1|    m_axi   |        input_V       |    pointer   |
|m_axi_input_V_WUSER     | out |    1|    m_axi   |        input_V       |    pointer   |
|m_axi_input_V_ARVALID   | out |    1|    m_axi   |        input_V       |    pointer   |
|m_axi_input_V_ARREADY   |  in |    1|    m_axi   |        input_V       |    pointer   |
|m_axi_input_V_ARADDR    | out |   32|    m_axi   |        input_V       |    pointer   |
|m_axi_input_V_ARID      | out |    1|    m_axi   |        input_V       |    pointer   |
|m_axi_input_V_ARLEN     | out |   32|    m_axi   |        input_V       |    pointer   |
|m_axi_input_V_ARSIZE    | out |    3|    m_axi   |        input_V       |    pointer   |
|m_axi_input_V_ARBURST   | out |    2|    m_axi   |        input_V       |    pointer   |
|m_axi_input_V_ARLOCK    | out |    2|    m_axi   |        input_V       |    pointer   |
|m_axi_input_V_ARCACHE   | out |    4|    m_axi   |        input_V       |    pointer   |
|m_axi_input_V_ARPROT    | out |    3|    m_axi   |        input_V       |    pointer   |
|m_axi_input_V_ARQOS     | out |    4|    m_axi   |        input_V       |    pointer   |
|m_axi_input_V_ARREGION  | out |    4|    m_axi   |        input_V       |    pointer   |
|m_axi_input_V_ARUSER    | out |    1|    m_axi   |        input_V       |    pointer   |
|m_axi_input_V_RVALID    |  in |    1|    m_axi   |        input_V       |    pointer   |
|m_axi_input_V_RREADY    | out |    1|    m_axi   |        input_V       |    pointer   |
|m_axi_input_V_RDATA     |  in |    8|    m_axi   |        input_V       |    pointer   |
|m_axi_input_V_RLAST     |  in |    1|    m_axi   |        input_V       |    pointer   |
|m_axi_input_V_RID       |  in |    1|    m_axi   |        input_V       |    pointer   |
|m_axi_input_V_RUSER     |  in |    1|    m_axi   |        input_V       |    pointer   |
|m_axi_input_V_RRESP     |  in |    2|    m_axi   |        input_V       |    pointer   |
|m_axi_input_V_BVALID    |  in |    1|    m_axi   |        input_V       |    pointer   |
|m_axi_input_V_BREADY    | out |    1|    m_axi   |        input_V       |    pointer   |
|m_axi_input_V_BRESP     |  in |    2|    m_axi   |        input_V       |    pointer   |
|m_axi_input_V_BID       |  in |    1|    m_axi   |        input_V       |    pointer   |
|m_axi_input_V_BUSER     |  in |    1|    m_axi   |        input_V       |    pointer   |
|input_V_offset          |  in |   32|   ap_none  |    input_V_offset    |    scalar    |
|outputDense_V_offset    |  in |   32|   ap_none  | outputDense_V_offset |    scalar    |
|fcWeight_V_offset       |  in |   32|   ap_none  |   fcWeight_V_offset  |    scalar    |
|fcBias_V_offset         |  in |   32|   ap_none  |    fcBias_V_offset   |    scalar    |
+------------------------+-----+-----+------------+----------------------+--------------+

