

================================================================
== Vitis HLS Report for 'conv1'
================================================================
* Date:           Sun Mar 15 23:46:46 2026

* Version:        2025.2 (Build 6295257 on Nov 14 2025)
* Project:        top
* Solution:       hls (Vivado IP Flow Target)
* Product family: zynq
* Target device:  xc7z020-clg484-1


================================================================
== Performance Estimates
================================================================
+ Timing: 
    * Summary: 
    +--------+----------+----------+------------+
    |  Clock |  Target  | Estimated| Uncertainty|
    +--------+----------+----------+------------+
    |ap_clk  |  10.00 ns|  8.750 ns|     1.25 ns|
    +--------+----------+----------+------------+

+ Latency: 
    * Summary: 
    +---------+---------+-----------+-----------+------+------+---------+
    |  Latency (cycles) |   Latency (absolute)  |   Interval  | Pipeline|
    |   min   |   max   |    min    |    max    |  min |  max |   Type  |
    +---------+---------+-----------+-----------+------+------+---------+
    |     7085|     7085|  70.850 us|  70.850 us|  7085|  7085|       no|
    +---------+---------+-----------+-----------+------+------+---------+

    + Detail: 
        * Instance: 
        +----------------------------------------+-----------------------------+---------+---------+-----------+-----------+-----+-----+-------------------+
        |                                        |                             |  Latency (cycles) |   Latency (absolute)  |  Interval |      Pipeline     |
        |                Instance                |            Module           |   min   |   max   |    min    |    max    | min | max |        Type       |
        +----------------------------------------+-----------------------------+---------+---------+-----------+-----------+-----+-----+-------------------+
        |grp_conv1_Pipeline_LOAD_1_fu_133        |conv1_Pipeline_LOAD_1        |      787|      787|   7.870 us|   7.870 us|    0|    0|  loop pipeline stp|
        |grp_conv1_Pipeline_CO_1_H_1_W_1_fu_156  |conv1_Pipeline_CO_1_H_1_W_1  |     6287|     6287|  62.870 us|  62.870 us|    0|    0|  loop pipeline stp|
        +----------------------------------------+-----------------------------+---------+---------+-----------+-----------+-----+-----+-------------------+

        * Loop: 
        N/A



================================================================
== Utilization Estimates
================================================================
* Summary: 
+-----------------+---------+-----+--------+-------+-----+
|       Name      | BRAM_18K| DSP |   FF   |  LUT  | URAM|
+-----------------+---------+-----+--------+-------+-----+
|DSP              |        -|    -|       -|      -|    -|
|Expression       |        -|    -|       -|      -|    -|
|FIFO             |        -|    -|       -|      -|    -|
|Instance         |        -|    2|    1389|   3786|    -|
|Memory           |       16|    -|       0|      0|    -|
|Multiplexer      |        -|    -|       0|    638|    -|
|Register         |        -|    -|      14|      -|    -|
+-----------------+---------+-----+--------+-------+-----+
|Total            |       16|    2|    1403|   4424|    0|
+-----------------+---------+-----+--------+-------+-----+
|Available        |      280|  220|  106400|  53200|    0|
+-----------------+---------+-----+--------+-------+-----+
|Utilization (%)  |        5|   ~0|       1|      8|    0|
+-----------------+---------+-----+--------+-------+-----+

+ Detail: 
    * Instance: 
    +----------------------------------------+-----------------------------+---------+----+------+------+-----+
    |                Instance                |            Module           | BRAM_18K| DSP|  FF  |  LUT | URAM|
    +----------------------------------------+-----------------------------+---------+----+------+------+-----+
    |grp_conv1_Pipeline_CO_1_H_1_W_1_fu_156  |conv1_Pipeline_CO_1_H_1_W_1  |        0|   2|  1345|  3711|    0|
    |grp_conv1_Pipeline_LOAD_1_fu_133        |conv1_Pipeline_LOAD_1        |        0|   0|    44|    75|    0|
    +----------------------------------------+-----------------------------+---------+----+------+------+-----+
    |Total                                   |                             |        0|   2|  1389|  3786|    0|
    +----------------------------------------+-----------------------------+---------+----+------+------+-----+

    * DSP: 
    N/A

    * Memory: 
    +-----------+-----------------------------+---------+---+----+-----+------+-----+------+-------------+
    |   Memory  |            Module           | BRAM_18K| FF| LUT| URAM| Words| Bits| Banks| W*Bits*Banks|
    +-----------+-----------------------------+---------+---+----+-----+------+-----+------+-------------+
    |temp_U     |conv1_temp_RAM_2P_BRAM_1R1W  |        1|  0|   0|    0|    49|    8|     1|          392|
    |temp_1_U   |conv1_temp_RAM_2P_BRAM_1R1W  |        1|  0|   0|    0|    49|    8|     1|          392|
    |temp_2_U   |conv1_temp_RAM_2P_BRAM_1R1W  |        1|  0|   0|    0|    49|    8|     1|          392|
    |temp_3_U   |conv1_temp_RAM_2P_BRAM_1R1W  |        1|  0|   0|    0|    49|    8|     1|          392|
    |temp_4_U   |conv1_temp_RAM_2P_BRAM_1R1W  |        1|  0|   0|    0|    49|    8|     1|          392|
    |temp_5_U   |conv1_temp_RAM_2P_BRAM_1R1W  |        1|  0|   0|    0|    49|    8|     1|          392|
    |temp_6_U   |conv1_temp_RAM_2P_BRAM_1R1W  |        1|  0|   0|    0|    49|    8|     1|          392|
    |temp_7_U   |conv1_temp_RAM_2P_BRAM_1R1W  |        1|  0|   0|    0|    49|    8|     1|          392|
    |temp_8_U   |conv1_temp_RAM_2P_BRAM_1R1W  |        1|  0|   0|    0|    49|    8|     1|          392|
    |temp_9_U   |conv1_temp_RAM_2P_BRAM_1R1W  |        1|  0|   0|    0|    49|    8|     1|          392|
    |temp_10_U  |conv1_temp_RAM_2P_BRAM_1R1W  |        1|  0|   0|    0|    49|    8|     1|          392|
    |temp_11_U  |conv1_temp_RAM_2P_BRAM_1R1W  |        1|  0|   0|    0|    49|    8|     1|          392|
    |temp_12_U  |conv1_temp_RAM_2P_BRAM_1R1W  |        1|  0|   0|    0|    49|    8|     1|          392|
    |temp_13_U  |conv1_temp_RAM_2P_BRAM_1R1W  |        1|  0|   0|    0|    49|    8|     1|          392|
    |temp_14_U  |conv1_temp_RAM_2P_BRAM_1R1W  |        1|  0|   0|    0|    49|    8|     1|          392|
    |temp_15_U  |conv1_temp_RAM_2P_BRAM_1R1W  |        1|  0|   0|    0|    49|    8|     1|          392|
    +-----------+-----------------------------+---------+---+----+-----+------+-----+------+-------------+
    |Total      |                             |       16|  0|   0|    0|   784|  128|    16|         6272|
    +-----------+-----------------------------+---------+---+----+-----+------+-----+------+-------------+

    * FIFO: 
    N/A

    * Expression: 
    N/A

    * Multiplexer: 
    +------------------------+----+-----------+-----+-----------+
    |          Name          | LUT| Input Size| Bits| Total Bits|
    +------------------------+----+-----------+-----+-----------+
    |ap_NS_fsm               |  65|         13|    1|         13|
    |gmem0_blk_n_AR          |   9|          2|    1|          2|
    |m_axi_gmem0_0_ARADDR    |  14|          3|   64|        192|
    |m_axi_gmem0_0_ARBURST   |   9|          2|    2|          4|
    |m_axi_gmem0_0_ARCACHE   |   9|          2|    4|          8|
    |m_axi_gmem0_0_ARID      |   9|          2|    1|          2|
    |m_axi_gmem0_0_ARLEN     |  14|          3|   32|         96|
    |m_axi_gmem0_0_ARLOCK    |   9|          2|    2|          4|
    |m_axi_gmem0_0_ARPROT    |   9|          2|    3|          6|
    |m_axi_gmem0_0_ARQOS     |   9|          2|    4|          8|
    |m_axi_gmem0_0_ARREGION  |   9|          2|    4|          8|
    |m_axi_gmem0_0_ARSIZE    |   9|          2|    3|          6|
    |m_axi_gmem0_0_ARUSER    |   9|          2|    1|          2|
    |m_axi_gmem0_0_ARVALID   |  14|          3|    1|          3|
    |m_axi_gmem0_0_RREADY    |   9|          2|    1|          2|
    |temp_10_ce0             |   9|          2|    1|          2|
    |temp_10_ce1             |   9|          2|    1|          2|
    |temp_10_we1             |   9|          2|    1|          2|
    |temp_11_ce0             |   9|          2|    1|          2|
    |temp_11_ce1             |   9|          2|    1|          2|
    |temp_11_we1             |   9|          2|    1|          2|
    |temp_12_ce0             |   9|          2|    1|          2|
    |temp_12_ce1             |   9|          2|    1|          2|
    |temp_12_we1             |   9|          2|    1|          2|
    |temp_13_ce0             |   9|          2|    1|          2|
    |temp_13_ce1             |   9|          2|    1|          2|
    |temp_13_we1             |   9|          2|    1|          2|
    |temp_14_ce0             |   9|          2|    1|          2|
    |temp_14_ce1             |   9|          2|    1|          2|
    |temp_14_we1             |   9|          2|    1|          2|
    |temp_15_ce0             |   9|          2|    1|          2|
    |temp_15_ce1             |   9|          2|    1|          2|
    |temp_15_we1             |   9|          2|    1|          2|
    |temp_1_ce0              |   9|          2|    1|          2|
    |temp_1_ce1              |   9|          2|    1|          2|
    |temp_1_we1              |   9|          2|    1|          2|
    |temp_2_ce0              |   9|          2|    1|          2|
    |temp_2_ce1              |   9|          2|    1|          2|
    |temp_2_we1              |   9|          2|    1|          2|
    |temp_3_ce0              |   9|          2|    1|          2|
    |temp_3_ce1              |   9|          2|    1|          2|
    |temp_3_we1              |   9|          2|    1|          2|
    |temp_4_ce0              |   9|          2|    1|          2|
    |temp_4_ce1              |   9|          2|    1|          2|
    |temp_4_we1              |   9|          2|    1|          2|
    |temp_5_ce0              |   9|          2|    1|          2|
    |temp_5_ce1              |   9|          2|    1|          2|
    |temp_5_we1              |   9|          2|    1|          2|
    |temp_6_ce0              |   9|          2|    1|          2|
    |temp_6_ce1              |   9|          2|    1|          2|
    |temp_6_we1              |   9|          2|    1|          2|
    |temp_7_ce0              |   9|          2|    1|          2|
    |temp_7_ce1              |   9|          2|    1|          2|
    |temp_7_we1              |   9|          2|    1|          2|
    |temp_8_ce0              |   9|          2|    1|          2|
    |temp_8_ce1              |   9|          2|    1|          2|
    |temp_8_we1              |   9|          2|    1|          2|
    |temp_9_ce0              |   9|          2|    1|          2|
    |temp_9_ce1              |   9|          2|    1|          2|
    |temp_9_we1              |   9|          2|    1|          2|
    |temp_ce0                |   9|          2|    1|          2|
    |temp_ce1                |   9|          2|    1|          2|
    |temp_we1                |   9|          2|    1|          2|
    +------------------------+----+-----------+-----+-----------+
    |Total                   | 638|        140|  172|        452|
    +------------------------+----+-----------+-----+-----------+

    * Register: 
    +-----------------------------------------------------+----+----+-----+-----------+
    |                         Name                        | FF | LUT| Bits| Const Bits|
    +-----------------------------------------------------+----+----+-----+-----------+
    |ap_CS_fsm                                            |  12|   0|   12|          0|
    |grp_conv1_Pipeline_CO_1_H_1_W_1_fu_156_ap_start_reg  |   1|   0|    1|          0|
    |grp_conv1_Pipeline_LOAD_1_fu_133_ap_start_reg        |   1|   0|    1|          0|
    +-----------------------------------------------------+----+----+-----+-----------+
    |Total                                                |  14|   0|   14|          0|
    +-----------------------------------------------------+----+----+-----+-----------+



================================================================
== Interface
================================================================
* Summary: 
+------------------------+-----+-----+------------+--------------+--------------+
|        RTL Ports       | Dir | Bits|  Protocol  | Source Object|    C Type    |
+------------------------+-----+-----+------------+--------------+--------------+
|ap_clk                  |   in|    1|  ap_ctrl_hs|         conv1|  return value|
|ap_rst                  |   in|    1|  ap_ctrl_hs|         conv1|  return value|
|ap_start                |   in|    1|  ap_ctrl_hs|         conv1|  return value|
|ap_done                 |  out|    1|  ap_ctrl_hs|         conv1|  return value|
|ap_idle                 |  out|    1|  ap_ctrl_hs|         conv1|  return value|
|ap_ready                |  out|    1|  ap_ctrl_hs|         conv1|  return value|
|m_axi_gmem0_0_AWVALID   |  out|    1|       m_axi|         gmem0|       pointer|
|m_axi_gmem0_0_AWREADY   |   in|    1|       m_axi|         gmem0|       pointer|
|m_axi_gmem0_0_AWADDR    |  out|   64|       m_axi|         gmem0|       pointer|
|m_axi_gmem0_0_AWID      |  out|    1|       m_axi|         gmem0|       pointer|
|m_axi_gmem0_0_AWLEN     |  out|   32|       m_axi|         gmem0|       pointer|
|m_axi_gmem0_0_AWSIZE    |  out|    3|       m_axi|         gmem0|       pointer|
|m_axi_gmem0_0_AWBURST   |  out|    2|       m_axi|         gmem0|       pointer|
|m_axi_gmem0_0_AWLOCK    |  out|    2|       m_axi|         gmem0|       pointer|
|m_axi_gmem0_0_AWCACHE   |  out|    4|       m_axi|         gmem0|       pointer|
|m_axi_gmem0_0_AWPROT    |  out|    3|       m_axi|         gmem0|       pointer|
|m_axi_gmem0_0_AWQOS     |  out|    4|       m_axi|         gmem0|       pointer|
|m_axi_gmem0_0_AWREGION  |  out|    4|       m_axi|         gmem0|       pointer|
|m_axi_gmem0_0_AWUSER    |  out|    1|       m_axi|         gmem0|       pointer|
|m_axi_gmem0_0_WVALID    |  out|    1|       m_axi|         gmem0|       pointer|
|m_axi_gmem0_0_WREADY    |   in|    1|       m_axi|         gmem0|       pointer|
|m_axi_gmem0_0_WDATA     |  out|    8|       m_axi|         gmem0|       pointer|
|m_axi_gmem0_0_WSTRB     |  out|    1|       m_axi|         gmem0|       pointer|
|m_axi_gmem0_0_WLAST     |  out|    1|       m_axi|         gmem0|       pointer|
|m_axi_gmem0_0_WID       |  out|    1|       m_axi|         gmem0|       pointer|
|m_axi_gmem0_0_WUSER     |  out|    1|       m_axi|         gmem0|       pointer|
|m_axi_gmem0_0_ARVALID   |  out|    1|       m_axi|         gmem0|       pointer|
|m_axi_gmem0_0_ARREADY   |   in|    1|       m_axi|         gmem0|       pointer|
|m_axi_gmem0_0_ARADDR    |  out|   64|       m_axi|         gmem0|       pointer|
|m_axi_gmem0_0_ARID      |  out|    1|       m_axi|         gmem0|       pointer|
|m_axi_gmem0_0_ARLEN     |  out|   32|       m_axi|         gmem0|       pointer|
|m_axi_gmem0_0_ARSIZE    |  out|    3|       m_axi|         gmem0|       pointer|
|m_axi_gmem0_0_ARBURST   |  out|    2|       m_axi|         gmem0|       pointer|
|m_axi_gmem0_0_ARLOCK    |  out|    2|       m_axi|         gmem0|       pointer|
|m_axi_gmem0_0_ARCACHE   |  out|    4|       m_axi|         gmem0|       pointer|
|m_axi_gmem0_0_ARPROT    |  out|    3|       m_axi|         gmem0|       pointer|
|m_axi_gmem0_0_ARQOS     |  out|    4|       m_axi|         gmem0|       pointer|
|m_axi_gmem0_0_ARREGION  |  out|    4|       m_axi|         gmem0|       pointer|
|m_axi_gmem0_0_ARUSER    |  out|    1|       m_axi|         gmem0|       pointer|
|m_axi_gmem0_0_RVALID    |   in|    1|       m_axi|         gmem0|       pointer|
|m_axi_gmem0_0_RREADY    |  out|    1|       m_axi|         gmem0|       pointer|
|m_axi_gmem0_0_RDATA     |   in|    8|       m_axi|         gmem0|       pointer|
|m_axi_gmem0_0_RLAST     |   in|    1|       m_axi|         gmem0|       pointer|
|m_axi_gmem0_0_RID       |   in|    1|       m_axi|         gmem0|       pointer|
|m_axi_gmem0_0_RFIFONUM  |   in|   11|       m_axi|         gmem0|       pointer|
|m_axi_gmem0_0_RUSER     |   in|    1|       m_axi|         gmem0|       pointer|
|m_axi_gmem0_0_RRESP     |   in|    2|       m_axi|         gmem0|       pointer|
|m_axi_gmem0_0_BVALID    |   in|    1|       m_axi|         gmem0|       pointer|
|m_axi_gmem0_0_BREADY    |  out|    1|       m_axi|         gmem0|       pointer|
|m_axi_gmem0_0_BRESP     |   in|    2|       m_axi|         gmem0|       pointer|
|m_axi_gmem0_0_BID       |   in|    1|       m_axi|         gmem0|       pointer|
|m_axi_gmem0_0_BUSER     |   in|    1|       m_axi|         gmem0|       pointer|
|input_r                 |   in|   64|     ap_none|       input_r|        scalar|
|outputConv_0_address1   |  out|   11|   ap_memory|  outputConv_0|         array|
|outputConv_0_ce1        |  out|    1|   ap_memory|  outputConv_0|         array|
|outputConv_0_we1        |  out|    1|   ap_memory|  outputConv_0|         array|
|outputConv_0_d1         |  out|    7|   ap_memory|  outputConv_0|         array|
|outputConv_1_address1   |  out|   11|   ap_memory|  outputConv_1|         array|
|outputConv_1_ce1        |  out|    1|   ap_memory|  outputConv_1|         array|
|outputConv_1_we1        |  out|    1|   ap_memory|  outputConv_1|         array|
|outputConv_1_d1         |  out|    7|   ap_memory|  outputConv_1|         array|
|outputConv_2_address1   |  out|   11|   ap_memory|  outputConv_2|         array|
|outputConv_2_ce1        |  out|    1|   ap_memory|  outputConv_2|         array|
|outputConv_2_we1        |  out|    1|   ap_memory|  outputConv_2|         array|
|outputConv_2_d1         |  out|    7|   ap_memory|  outputConv_2|         array|
|outputConv_3_address1   |  out|   11|   ap_memory|  outputConv_3|         array|
|outputConv_3_ce1        |  out|    1|   ap_memory|  outputConv_3|         array|
|outputConv_3_we1        |  out|    1|   ap_memory|  outputConv_3|         array|
|outputConv_3_d1         |  out|    7|   ap_memory|  outputConv_3|         array|
|outputConv_4_address1   |  out|   11|   ap_memory|  outputConv_4|         array|
|outputConv_4_ce1        |  out|    1|   ap_memory|  outputConv_4|         array|
|outputConv_4_we1        |  out|    1|   ap_memory|  outputConv_4|         array|
|outputConv_4_d1         |  out|    7|   ap_memory|  outputConv_4|         array|
+------------------------+-----+-----+------------+--------------+--------------+

============================================================
+ Verbose Summary: Synthesis Manager
============================================================
InlineROM: 1
ExposeGlobal: 0
============================================================
+ Verbose Summary: CDFG Model
============================================================
IsTopModel: 0
ResetActiveHigh: 1
IsCombinational: 2
IsDatapathOnly: 2
HasWiredReturn: 1
HasMFsm: 0
HasVarLatency: 1
IsPipeline: 0
IsRtlPipelined: 0
IsInstanceOverlapped: 0
IsDontTouch: 0
HasImplIP: 0
IsGatedGlobalClock: 0


============================================================
+ Verbose Summary: Schedule
============================================================
* Number of FSM states : 12
* Pipeline : 0
* Dataflow Pipeline: 0

* FSM state transitions: 
1 --> 2 
2 --> 3 
3 --> 4 
4 --> 5 
5 --> 6 
6 --> 7 
7 --> 8 
8 --> 9 
9 --> 10 
10 --> 11 
11 --> 12 
12 --> 

* FSM state operations: 

State 1 <SV = 0> <Delay = 8.75>
ST_1 : Operation 13 [1/1] (0.00ns)   --->   "%input_read = read i64 @_ssdm_op_Read.ap_auto.i64, i64 %input_r"   --->   Operation 13 'read' 'input_read' <Predicate = true> <Delay = 0.00>
ST_1 : Operation 14 [1/1] (3.25ns)   --->   "%temp = alloca i64 1" [../src/conv.cpp:10]   --->   Operation 14 'alloca' 'temp' <Predicate = true> <Delay = 3.25> <CoreInst = "RAM_2P_BRAM">   --->   Core 90 'RAM_2P_BRAM' <Latency = 1> <II = 1> <Delay = 3.25> <Storage> <Opcode : 'load' 'store'> <Ports = 2> <Width = 8> <Depth = 49> <RAM>
ST_1 : Operation 15 [1/1] (3.25ns)   --->   "%temp_1 = alloca i64 1" [../src/conv.cpp:10]   --->   Operation 15 'alloca' 'temp_1' <Predicate = true> <Delay = 3.25> <CoreInst = "RAM_2P_BRAM">   --->   Core 90 'RAM_2P_BRAM' <Latency = 1> <II = 1> <Delay = 3.25> <Storage> <Opcode : 'load' 'store'> <Ports = 2> <Width = 8> <Depth = 49> <RAM>
ST_1 : Operation 16 [1/1] (3.25ns)   --->   "%temp_2 = alloca i64 1" [../src/conv.cpp:10]   --->   Operation 16 'alloca' 'temp_2' <Predicate = true> <Delay = 3.25> <CoreInst = "RAM_2P_BRAM">   --->   Core 90 'RAM_2P_BRAM' <Latency = 1> <II = 1> <Delay = 3.25> <Storage> <Opcode : 'load' 'store'> <Ports = 2> <Width = 8> <Depth = 49> <RAM>
ST_1 : Operation 17 [1/1] (3.25ns)   --->   "%temp_3 = alloca i64 1" [../src/conv.cpp:10]   --->   Operation 17 'alloca' 'temp_3' <Predicate = true> <Delay = 3.25> <CoreInst = "RAM_2P_BRAM">   --->   Core 90 'RAM_2P_BRAM' <Latency = 1> <II = 1> <Delay = 3.25> <Storage> <Opcode : 'load' 'store'> <Ports = 2> <Width = 8> <Depth = 49> <RAM>
ST_1 : Operation 18 [1/1] (3.25ns)   --->   "%temp_4 = alloca i64 1" [../src/conv.cpp:10]   --->   Operation 18 'alloca' 'temp_4' <Predicate = true> <Delay = 3.25> <CoreInst = "RAM_2P_BRAM">   --->   Core 90 'RAM_2P_BRAM' <Latency = 1> <II = 1> <Delay = 3.25> <Storage> <Opcode : 'load' 'store'> <Ports = 2> <Width = 8> <Depth = 49> <RAM>
ST_1 : Operation 19 [1/1] (3.25ns)   --->   "%temp_5 = alloca i64 1" [../src/conv.cpp:10]   --->   Operation 19 'alloca' 'temp_5' <Predicate = true> <Delay = 3.25> <CoreInst = "RAM_2P_BRAM">   --->   Core 90 'RAM_2P_BRAM' <Latency = 1> <II = 1> <Delay = 3.25> <Storage> <Opcode : 'load' 'store'> <Ports = 2> <Width = 8> <Depth = 49> <RAM>
ST_1 : Operation 20 [1/1] (3.25ns)   --->   "%temp_6 = alloca i64 1" [../src/conv.cpp:10]   --->   Operation 20 'alloca' 'temp_6' <Predicate = true> <Delay = 3.25> <CoreInst = "RAM_2P_BRAM">   --->   Core 90 'RAM_2P_BRAM' <Latency = 1> <II = 1> <Delay = 3.25> <Storage> <Opcode : 'load' 'store'> <Ports = 2> <Width = 8> <Depth = 49> <RAM>
ST_1 : Operation 21 [1/1] (3.25ns)   --->   "%temp_7 = alloca i64 1" [../src/conv.cpp:10]   --->   Operation 21 'alloca' 'temp_7' <Predicate = true> <Delay = 3.25> <CoreInst = "RAM_2P_BRAM">   --->   Core 90 'RAM_2P_BRAM' <Latency = 1> <II = 1> <Delay = 3.25> <Storage> <Opcode : 'load' 'store'> <Ports = 2> <Width = 8> <Depth = 49> <RAM>
ST_1 : Operation 22 [1/1] (3.25ns)   --->   "%temp_8 = alloca i64 1" [../src/conv.cpp:10]   --->   Operation 22 'alloca' 'temp_8' <Predicate = true> <Delay = 3.25> <CoreInst = "RAM_2P_BRAM">   --->   Core 90 'RAM_2P_BRAM' <Latency = 1> <II = 1> <Delay = 3.25> <Storage> <Opcode : 'load' 'store'> <Ports = 2> <Width = 8> <Depth = 49> <RAM>
ST_1 : Operation 23 [1/1] (3.25ns)   --->   "%temp_9 = alloca i64 1" [../src/conv.cpp:10]   --->   Operation 23 'alloca' 'temp_9' <Predicate = true> <Delay = 3.25> <CoreInst = "RAM_2P_BRAM">   --->   Core 90 'RAM_2P_BRAM' <Latency = 1> <II = 1> <Delay = 3.25> <Storage> <Opcode : 'load' 'store'> <Ports = 2> <Width = 8> <Depth = 49> <RAM>
ST_1 : Operation 24 [1/1] (3.25ns)   --->   "%temp_10 = alloca i64 1" [../src/conv.cpp:10]   --->   Operation 24 'alloca' 'temp_10' <Predicate = true> <Delay = 3.25> <CoreInst = "RAM_2P_BRAM">   --->   Core 90 'RAM_2P_BRAM' <Latency = 1> <II = 1> <Delay = 3.25> <Storage> <Opcode : 'load' 'store'> <Ports = 2> <Width = 8> <Depth = 49> <RAM>
ST_1 : Operation 25 [1/1] (3.25ns)   --->   "%temp_11 = alloca i64 1" [../src/conv.cpp:10]   --->   Operation 25 'alloca' 'temp_11' <Predicate = true> <Delay = 3.25> <CoreInst = "RAM_2P_BRAM">   --->   Core 90 'RAM_2P_BRAM' <Latency = 1> <II = 1> <Delay = 3.25> <Storage> <Opcode : 'load' 'store'> <Ports = 2> <Width = 8> <Depth = 49> <RAM>
ST_1 : Operation 26 [1/1] (3.25ns)   --->   "%temp_12 = alloca i64 1" [../src/conv.cpp:10]   --->   Operation 26 'alloca' 'temp_12' <Predicate = true> <Delay = 3.25> <CoreInst = "RAM_2P_BRAM">   --->   Core 90 'RAM_2P_BRAM' <Latency = 1> <II = 1> <Delay = 3.25> <Storage> <Opcode : 'load' 'store'> <Ports = 2> <Width = 8> <Depth = 49> <RAM>
ST_1 : Operation 27 [1/1] (3.25ns)   --->   "%temp_13 = alloca i64 1" [../src/conv.cpp:10]   --->   Operation 27 'alloca' 'temp_13' <Predicate = true> <Delay = 3.25> <CoreInst = "RAM_2P_BRAM">   --->   Core 90 'RAM_2P_BRAM' <Latency = 1> <II = 1> <Delay = 3.25> <Storage> <Opcode : 'load' 'store'> <Ports = 2> <Width = 8> <Depth = 49> <RAM>
ST_1 : Operation 28 [1/1] (3.25ns)   --->   "%temp_14 = alloca i64 1" [../src/conv.cpp:10]   --->   Operation 28 'alloca' 'temp_14' <Predicate = true> <Delay = 3.25> <CoreInst = "RAM_2P_BRAM">   --->   Core 90 'RAM_2P_BRAM' <Latency = 1> <II = 1> <Delay = 3.25> <Storage> <Opcode : 'load' 'store'> <Ports = 2> <Width = 8> <Depth = 49> <RAM>
ST_1 : Operation 29 [1/1] (3.25ns)   --->   "%temp_15 = alloca i64 1" [../src/conv.cpp:10]   --->   Operation 29 'alloca' 'temp_15' <Predicate = true> <Delay = 3.25> <CoreInst = "RAM_2P_BRAM">   --->   Core 90 'RAM_2P_BRAM' <Latency = 1> <II = 1> <Delay = 3.25> <Storage> <Opcode : 'load' 'store'> <Ports = 2> <Width = 8> <Depth = 49> <RAM>
ST_1 : Operation 30 [1/1] (0.00ns)   --->   "%gmem0_addr = getelementptr i8 %gmem0, i64 %input_read" [../src/conv.cpp:16]   --->   Operation 30 'getelementptr' 'gmem0_addr' <Predicate = true> <Delay = 0.00>
ST_1 : Operation 31 [8/8] (8.75ns)   --->   "%empty = readreq i1 @_ssdm_op_ReadReq.m_axi.p1i8, i64 %gmem0_addr, i64 784" [../src/conv.cpp:16]   --->   Operation 31 'readreq' 'empty' <Predicate = true> <Delay = 8.75> <CoreInst = "m_axi">   --->   Core 111 'm_axi' <Latency = 6> <II = 1> <Delay = 1.00> <Adapter> <Opcode : 'readrequnaligned' 'writerequnaligned' 'read' 'write' 'readreq' 'writereq' 'writeresp'>

State 2 <SV = 1> <Delay = 0.00>
ST_2 : Operation 32 [7/8] (8.75ns)   --->   "%empty = readreq i1 @_ssdm_op_ReadReq.m_axi.p1i8, i64 %gmem0_addr, i64 784" [../src/conv.cpp:16]   --->   Operation 32 'readreq' 'empty' <Predicate = true> <Delay = 8.75> <CoreInst = "m_axi">   --->   Core 111 'm_axi' <Latency = 6> <II = 1> <Delay = 1.00> <Adapter> <Opcode : 'readrequnaligned' 'writerequnaligned' 'read' 'write' 'readreq' 'writereq' 'writeresp'>

State 3 <SV = 2> <Delay = 0.00>
ST_3 : Operation 33 [6/8] (8.75ns)   --->   "%empty = readreq i1 @_ssdm_op_ReadReq.m_axi.p1i8, i64 %gmem0_addr, i64 784" [../src/conv.cpp:16]   --->   Operation 33 'readreq' 'empty' <Predicate = true> <Delay = 8.75> <CoreInst = "m_axi">   --->   Core 111 'm_axi' <Latency = 6> <II = 1> <Delay = 1.00> <Adapter> <Opcode : 'readrequnaligned' 'writerequnaligned' 'read' 'write' 'readreq' 'writereq' 'writeresp'>

State 4 <SV = 3> <Delay = 0.00>
ST_4 : Operation 34 [5/8] (8.75ns)   --->   "%empty = readreq i1 @_ssdm_op_ReadReq.m_axi.p1i8, i64 %gmem0_addr, i64 784" [../src/conv.cpp:16]   --->   Operation 34 'readreq' 'empty' <Predicate = true> <Delay = 8.75> <CoreInst = "m_axi">   --->   Core 111 'm_axi' <Latency = 6> <II = 1> <Delay = 1.00> <Adapter> <Opcode : 'readrequnaligned' 'writerequnaligned' 'read' 'write' 'readreq' 'writereq' 'writeresp'>

State 5 <SV = 4> <Delay = 0.00>
ST_5 : Operation 35 [4/8] (8.75ns)   --->   "%empty = readreq i1 @_ssdm_op_ReadReq.m_axi.p1i8, i64 %gmem0_addr, i64 784" [../src/conv.cpp:16]   --->   Operation 35 'readreq' 'empty' <Predicate = true> <Delay = 8.75> <CoreInst = "m_axi">   --->   Core 111 'm_axi' <Latency = 6> <II = 1> <Delay = 1.00> <Adapter> <Opcode : 'readrequnaligned' 'writerequnaligned' 'read' 'write' 'readreq' 'writereq' 'writeresp'>

State 6 <SV = 5> <Delay = 0.00>
ST_6 : Operation 36 [3/8] (8.75ns)   --->   "%empty = readreq i1 @_ssdm_op_ReadReq.m_axi.p1i8, i64 %gmem0_addr, i64 784" [../src/conv.cpp:16]   --->   Operation 36 'readreq' 'empty' <Predicate = true> <Delay = 8.75> <CoreInst = "m_axi">   --->   Core 111 'm_axi' <Latency = 6> <II = 1> <Delay = 1.00> <Adapter> <Opcode : 'readrequnaligned' 'writerequnaligned' 'read' 'write' 'readreq' 'writereq' 'writeresp'>

State 7 <SV = 6> <Delay = 0.00>
ST_7 : Operation 37 [2/8] (8.75ns)   --->   "%empty = readreq i1 @_ssdm_op_ReadReq.m_axi.p1i8, i64 %gmem0_addr, i64 784" [../src/conv.cpp:16]   --->   Operation 37 'readreq' 'empty' <Predicate = true> <Delay = 8.75> <CoreInst = "m_axi">   --->   Core 111 'm_axi' <Latency = 6> <II = 1> <Delay = 1.00> <Adapter> <Opcode : 'readrequnaligned' 'writerequnaligned' 'read' 'write' 'readreq' 'writereq' 'writeresp'>

State 8 <SV = 7> <Delay = 8.75>
ST_8 : Operation 38 [1/8] ( I:8.75ns O:8.75ns )   --->   "%empty = readreq i1 @_ssdm_op_ReadReq.m_axi.p1i8, i64 %gmem0_addr, i64 784" [../src/conv.cpp:16]   --->   Operation 38 'readreq' 'empty' <Predicate = true> <Delay = 8.75> <CoreInst = "m_axi">   --->   Core 111 'm_axi' <Latency = 6> <II = 1> <Delay = 1.00> <Adapter> <Opcode : 'readrequnaligned' 'writerequnaligned' 'read' 'write' 'readreq' 'writereq' 'writeresp'>

State 9 <SV = 8> <Delay = 0.00>
ST_9 : Operation 39 [2/2] (0.00ns)   --->   "%call_ln0 = call void @conv1_Pipeline_LOAD_1, i8 %gmem0, i64 %input_read, i8 %temp_15, i8 %temp_14, i8 %temp_13, i8 %temp_12, i8 %temp_11, i8 %temp_10, i8 %temp_9, i8 %temp_8, i8 %temp_7, i8 %temp_6, i8 %temp_5, i8 %temp_4, i8 %temp_3, i8 %temp_2, i8 %temp_1, i8 %temp"   --->   Operation 39 'call' 'call_ln0' <Predicate = true> <Delay = 0.00> <CoreType = "Generic">   --->   Generic Core

State 10 <SV = 9> <Delay = 0.00>
ST_10 : Operation 40 [1/2] (0.00ns)   --->   "%call_ln0 = call void @conv1_Pipeline_LOAD_1, i8 %gmem0, i64 %input_read, i8 %temp_15, i8 %temp_14, i8 %temp_13, i8 %temp_12, i8 %temp_11, i8 %temp_10, i8 %temp_9, i8 %temp_8, i8 %temp_7, i8 %temp_6, i8 %temp_5, i8 %temp_4, i8 %temp_3, i8 %temp_2, i8 %temp_1, i8 %temp"   --->   Operation 40 'call' 'call_ln0' <Predicate = true> <Delay = 0.00> <CoreType = "Generic">   --->   Generic Core

State 11 <SV = 10> <Delay = 0.00>
ST_11 : Operation 41 [2/2] (0.00ns)   --->   "%call_ln0 = call void @conv1_Pipeline_CO_1_H_1_W_1, i7 %outputConv_4, i7 %outputConv_3, i7 %outputConv_2, i7 %outputConv_1, i7 %outputConv_0, i8 %temp, i8 %temp_1, i8 %temp_2, i8 %temp_3, i8 %temp_4, i8 %temp_5, i8 %temp_6, i8 %temp_7, i8 %temp_8, i8 %temp_9, i8 %temp_10, i8 %temp_11, i8 %temp_12, i8 %temp_13, i8 %temp_14, i8 %temp_15"   --->   Operation 41 'call' 'call_ln0' <Predicate = true> <Delay = 0.00> <CoreType = "Generic">   --->   Generic Core

State 12 <SV = 11> <Delay = 0.00>
ST_12 : Operation 42 [1/1] (0.00ns)   --->   "%specmemcore_ln0 = specmemcore void @_ssdm_op_SpecMemCore, i7 %outputConv_0, i64 666, i64 22, i64 18446744073709551615, i1 0"   --->   Operation 42 'specmemcore' 'specmemcore_ln0' <Predicate = true> <Delay = 0.00>
ST_12 : Operation 43 [1/1] (0.00ns)   --->   "%specmemcore_ln0 = specmemcore void @_ssdm_op_SpecMemCore, i7 %outputConv_1, i64 666, i64 22, i64 18446744073709551615, i1 0"   --->   Operation 43 'specmemcore' 'specmemcore_ln0' <Predicate = true> <Delay = 0.00>
ST_12 : Operation 44 [1/1] (0.00ns)   --->   "%specmemcore_ln0 = specmemcore void @_ssdm_op_SpecMemCore, i7 %outputConv_2, i64 666, i64 22, i64 18446744073709551615, i1 0"   --->   Operation 44 'specmemcore' 'specmemcore_ln0' <Predicate = true> <Delay = 0.00>
ST_12 : Operation 45 [1/1] (0.00ns)   --->   "%specmemcore_ln0 = specmemcore void @_ssdm_op_SpecMemCore, i7 %outputConv_3, i64 666, i64 22, i64 18446744073709551615, i1 0"   --->   Operation 45 'specmemcore' 'specmemcore_ln0' <Predicate = true> <Delay = 0.00>
ST_12 : Operation 46 [1/1] (0.00ns)   --->   "%specmemcore_ln0 = specmemcore void @_ssdm_op_SpecMemCore, i7 %outputConv_4, i64 666, i64 22, i64 18446744073709551615, i1 0"   --->   Operation 46 'specmemcore' 'specmemcore_ln0' <Predicate = true> <Delay = 0.00>
ST_12 : Operation 47 [1/1] (0.00ns)   --->   "%specinterface_ln0 = specinterface void @_ssdm_op_SpecInterface, i8 %gmem0, void @empty_21, i32 0, i32 0, void @empty_22, i32 0, i32 848, void @empty_14, void @empty, void @empty_22, i32 16, i32 16, i32 16, i32 16, void @empty_22, void @empty_22, i32 4294967295, i32 0, i32 0, i32 1"   --->   Operation 47 'specinterface' 'specinterface_ln0' <Predicate = true> <Delay = 0.00>
ST_12 : Operation 48 [1/1] (0.00ns)   --->   "%specmemcore_ln14 = specmemcore void @_ssdm_op_SpecMemCore, i8 %temp_15, i64 666, i64 22, i64 18446744073709551615, i1 0" [../src/conv.cpp:14]   --->   Operation 48 'specmemcore' 'specmemcore_ln14' <Predicate = true> <Delay = 0.00>
ST_12 : Operation 49 [1/1] (0.00ns)   --->   "%specmemcore_ln14 = specmemcore void @_ssdm_op_SpecMemCore, i8 %temp_14, i64 666, i64 22, i64 18446744073709551615, i1 0" [../src/conv.cpp:14]   --->   Operation 49 'specmemcore' 'specmemcore_ln14' <Predicate = true> <Delay = 0.00>
ST_12 : Operation 50 [1/1] (0.00ns)   --->   "%specmemcore_ln14 = specmemcore void @_ssdm_op_SpecMemCore, i8 %temp_13, i64 666, i64 22, i64 18446744073709551615, i1 0" [../src/conv.cpp:14]   --->   Operation 50 'specmemcore' 'specmemcore_ln14' <Predicate = true> <Delay = 0.00>
ST_12 : Operation 51 [1/1] (0.00ns)   --->   "%specmemcore_ln14 = specmemcore void @_ssdm_op_SpecMemCore, i8 %temp_12, i64 666, i64 22, i64 18446744073709551615, i1 0" [../src/conv.cpp:14]   --->   Operation 51 'specmemcore' 'specmemcore_ln14' <Predicate = true> <Delay = 0.00>
ST_12 : Operation 52 [1/1] (0.00ns)   --->   "%specmemcore_ln14 = specmemcore void @_ssdm_op_SpecMemCore, i8 %temp_11, i64 666, i64 22, i64 18446744073709551615, i1 0" [../src/conv.cpp:14]   --->   Operation 52 'specmemcore' 'specmemcore_ln14' <Predicate = true> <Delay = 0.00>
ST_12 : Operation 53 [1/1] (0.00ns)   --->   "%specmemcore_ln14 = specmemcore void @_ssdm_op_SpecMemCore, i8 %temp_10, i64 666, i64 22, i64 18446744073709551615, i1 0" [../src/conv.cpp:14]   --->   Operation 53 'specmemcore' 'specmemcore_ln14' <Predicate = true> <Delay = 0.00>
ST_12 : Operation 54 [1/1] (0.00ns)   --->   "%specmemcore_ln14 = specmemcore void @_ssdm_op_SpecMemCore, i8 %temp_9, i64 666, i64 22, i64 18446744073709551615, i1 0" [../src/conv.cpp:14]   --->   Operation 54 'specmemcore' 'specmemcore_ln14' <Predicate = true> <Delay = 0.00>
ST_12 : Operation 55 [1/1] (0.00ns)   --->   "%specmemcore_ln14 = specmemcore void @_ssdm_op_SpecMemCore, i8 %temp_8, i64 666, i64 22, i64 18446744073709551615, i1 0" [../src/conv.cpp:14]   --->   Operation 55 'specmemcore' 'specmemcore_ln14' <Predicate = true> <Delay = 0.00>
ST_12 : Operation 56 [1/1] (0.00ns)   --->   "%specmemcore_ln14 = specmemcore void @_ssdm_op_SpecMemCore, i8 %temp_7, i64 666, i64 22, i64 18446744073709551615, i1 0" [../src/conv.cpp:14]   --->   Operation 56 'specmemcore' 'specmemcore_ln14' <Predicate = true> <Delay = 0.00>
ST_12 : Operation 57 [1/1] (0.00ns)   --->   "%specmemcore_ln14 = specmemcore void @_ssdm_op_SpecMemCore, i8 %temp_6, i64 666, i64 22, i64 18446744073709551615, i1 0" [../src/conv.cpp:14]   --->   Operation 57 'specmemcore' 'specmemcore_ln14' <Predicate = true> <Delay = 0.00>
ST_12 : Operation 58 [1/1] (0.00ns)   --->   "%specmemcore_ln14 = specmemcore void @_ssdm_op_SpecMemCore, i8 %temp_5, i64 666, i64 22, i64 18446744073709551615, i1 0" [../src/conv.cpp:14]   --->   Operation 58 'specmemcore' 'specmemcore_ln14' <Predicate = true> <Delay = 0.00>
ST_12 : Operation 59 [1/1] (0.00ns)   --->   "%specmemcore_ln14 = specmemcore void @_ssdm_op_SpecMemCore, i8 %temp_4, i64 666, i64 22, i64 18446744073709551615, i1 0" [../src/conv.cpp:14]   --->   Operation 59 'specmemcore' 'specmemcore_ln14' <Predicate = true> <Delay = 0.00>
ST_12 : Operation 60 [1/1] (0.00ns)   --->   "%specmemcore_ln14 = specmemcore void @_ssdm_op_SpecMemCore, i8 %temp_3, i64 666, i64 22, i64 18446744073709551615, i1 0" [../src/conv.cpp:14]   --->   Operation 60 'specmemcore' 'specmemcore_ln14' <Predicate = true> <Delay = 0.00>
ST_12 : Operation 61 [1/1] (0.00ns)   --->   "%specmemcore_ln14 = specmemcore void @_ssdm_op_SpecMemCore, i8 %temp_2, i64 666, i64 22, i64 18446744073709551615, i1 0" [../src/conv.cpp:14]   --->   Operation 61 'specmemcore' 'specmemcore_ln14' <Predicate = true> <Delay = 0.00>
ST_12 : Operation 62 [1/1] (0.00ns)   --->   "%specmemcore_ln14 = specmemcore void @_ssdm_op_SpecMemCore, i8 %temp_1, i64 666, i64 22, i64 18446744073709551615, i1 0" [../src/conv.cpp:14]   --->   Operation 62 'specmemcore' 'specmemcore_ln14' <Predicate = true> <Delay = 0.00>
ST_12 : Operation 63 [1/1] (0.00ns)   --->   "%specmemcore_ln14 = specmemcore void @_ssdm_op_SpecMemCore, i8 %temp, i64 666, i64 22, i64 18446744073709551615, i1 0" [../src/conv.cpp:14]   --->   Operation 63 'specmemcore' 'specmemcore_ln14' <Predicate = true> <Delay = 0.00>
ST_12 : Operation 64 [1/2] (0.00ns)   --->   "%call_ln0 = call void @conv1_Pipeline_CO_1_H_1_W_1, i7 %outputConv_4, i7 %outputConv_3, i7 %outputConv_2, i7 %outputConv_1, i7 %outputConv_0, i8 %temp, i8 %temp_1, i8 %temp_2, i8 %temp_3, i8 %temp_4, i8 %temp_5, i8 %temp_6, i8 %temp_7, i8 %temp_8, i8 %temp_9, i8 %temp_10, i8 %temp_11, i8 %temp_12, i8 %temp_13, i8 %temp_14, i8 %temp_15"   --->   Operation 64 'call' 'call_ln0' <Predicate = true> <Delay = 0.00> <CoreType = "Generic">   --->   Generic Core
ST_12 : Operation 65 [1/1] (0.00ns)   --->   "%ret_ln50 = ret" [../src/conv.cpp:50]   --->   Operation 65 'ret' 'ret_ln50' <Predicate = true> <Delay = 0.00>


============================================================
+ Verbose Summary: Binding
============================================================
STG Binding: 
---------------- STG Properties BEGIN ----------------
- Is combinational: 0
- Is one-state seq: 0
- Is datapath-only: 0
- Is pipelined: 0
- Is top level: 0
Port [ Return ] is wired: 1; IO mode=ap_ctrl_hs:ce=0
Port [ gmem0]:  wired=1; compound=1; hidden=0; nouse=0; global=0; static=0; extern=0; dir=0; type=4; pingpong=0; private_global=0; IO mode=m_axi:ce=0
Port [ input_r]:  wired=1; compound=0; hidden=0; nouse=0; global=0; static=0; extern=0; dir=0; type=0; pingpong=0; private_global=0; IO mode=ap_none:ce=0
Port [ outputConv_0]:  wired=1; compound=1; hidden=0; nouse=0; global=0; static=0; extern=0; dir=1; type=1; pingpong=0; private_global=0; MemPort=[30]; IO mode=ap_memory:ce=0
Port [ outputConv_1]:  wired=1; compound=1; hidden=0; nouse=0; global=0; static=0; extern=0; dir=1; type=1; pingpong=0; private_global=0; MemPort=[30]; IO mode=ap_memory:ce=0
Port [ outputConv_2]:  wired=1; compound=1; hidden=0; nouse=0; global=0; static=0; extern=0; dir=1; type=1; pingpong=0; private_global=0; MemPort=[30]; IO mode=ap_memory:ce=0
Port [ outputConv_3]:  wired=1; compound=1; hidden=0; nouse=0; global=0; static=0; extern=0; dir=1; type=1; pingpong=0; private_global=0; MemPort=[30]; IO mode=ap_memory:ce=0
Port [ outputConv_4]:  wired=1; compound=1; hidden=0; nouse=0; global=0; static=0; extern=0; dir=1; type=1; pingpong=0; private_global=0; MemPort=[30]; IO mode=ap_memory:ce=0
---------------- STG Properties END ------------------

---------------- Datapath Model BEGIN ----------------

<LifeTime>
<method=bitvector/>
input_read        (read         ) [ 0011111111100]
temp              (alloca       ) [ 0011111111111]
temp_1            (alloca       ) [ 0011111111111]
temp_2            (alloca       ) [ 0011111111111]
temp_3            (alloca       ) [ 0011111111111]
temp_4            (alloca       ) [ 0011111111111]
temp_5            (alloca       ) [ 0011111111111]
temp_6            (alloca       ) [ 0011111111111]
temp_7            (alloca       ) [ 0011111111111]
temp_8            (alloca       ) [ 0011111111111]
temp_9            (alloca       ) [ 0011111111111]
temp_10           (alloca       ) [ 0011111111111]
temp_11           (alloca       ) [ 0011111111111]
temp_12           (alloca       ) [ 0011111111111]
temp_13           (alloca       ) [ 0011111111111]
temp_14           (alloca       ) [ 0011111111111]
temp_15           (alloca       ) [ 0011111111111]
gmem0_addr        (getelementptr) [ 0011111110000]
empty             (readreq      ) [ 0000000000000]
call_ln0          (call         ) [ 0000000000000]
specmemcore_ln0   (specmemcore  ) [ 0000000000000]
specmemcore_ln0   (specmemcore  ) [ 0000000000000]
specmemcore_ln0   (specmemcore  ) [ 0000000000000]
specmemcore_ln0   (specmemcore  ) [ 0000000000000]
specmemcore_ln0   (specmemcore  ) [ 0000000000000]
specinterface_ln0 (specinterface) [ 0000000000000]
specmemcore_ln14  (specmemcore  ) [ 0000000000000]
specmemcore_ln14  (specmemcore  ) [ 0000000000000]
specmemcore_ln14  (specmemcore  ) [ 0000000000000]
specmemcore_ln14  (specmemcore  ) [ 0000000000000]
specmemcore_ln14  (specmemcore  ) [ 0000000000000]
specmemcore_ln14  (specmemcore  ) [ 0000000000000]
specmemcore_ln14  (specmemcore  ) [ 0000000000000]
specmemcore_ln14  (specmemcore  ) [ 0000000000000]
specmemcore_ln14  (specmemcore  ) [ 0000000000000]
specmemcore_ln14  (specmemcore  ) [ 0000000000000]
specmemcore_ln14  (specmemcore  ) [ 0000000000000]
specmemcore_ln14  (specmemcore  ) [ 0000000000000]
specmemcore_ln14  (specmemcore  ) [ 0000000000000]
specmemcore_ln14  (specmemcore  ) [ 0000000000000]
specmemcore_ln14  (specmemcore  ) [ 0000000000000]
specmemcore_ln14  (specmemcore  ) [ 0000000000000]
call_ln0          (call         ) [ 0000000000000]
ret_ln50          (ret          ) [ 0000000000000]
</LifeTime>

<model>

<comp_list>
<comp id="0" class="1000" name="gmem0">
<pin_list>
<pin id="1" dir="1" index="0" bw="1" slack="0"/>
</pin_list>
<bind>
<StgValue><ssdm name="gmem0"/><MemPortTyVec>0 </MemPortTyVec>
</StgValue>
</bind>
</comp>

<comp id="2" class="1000" name="input_r">
<pin_list>
<pin id="3" dir="1" index="0" bw="1" slack="0"/>
</pin_list>
<bind>
<StgValue><ssdm name="input_r"/></StgValue>
</bind>
</comp>

<comp id="4" class="1000" name="outputConv_0">
<pin_list>
<pin id="5" dir="1" index="0" bw="1" slack="0"/>
</pin_list>
<bind>
<StgValue><ssdm name="outputConv_0"/><MemPortTyVec>3 0 </MemPortTyVec>
</StgValue>
</bind>
</comp>

<comp id="6" class="1000" name="outputConv_1">
<pin_list>
<pin id="7" dir="1" index="0" bw="1" slack="0"/>
</pin_list>
<bind>
<StgValue><ssdm name="outputConv_1"/><MemPortTyVec>3 0 </MemPortTyVec>
</StgValue>
</bind>
</comp>

<comp id="8" class="1000" name="outputConv_2">
<pin_list>
<pin id="9" dir="1" index="0" bw="1" slack="0"/>
</pin_list>
<bind>
<StgValue><ssdm name="outputConv_2"/><MemPortTyVec>3 0 </MemPortTyVec>
</StgValue>
</bind>
</comp>

<comp id="10" class="1000" name="outputConv_3">
<pin_list>
<pin id="11" dir="1" index="0" bw="1" slack="0"/>
</pin_list>
<bind>
<StgValue><ssdm name="outputConv_3"/><MemPortTyVec>3 0 </MemPortTyVec>
</StgValue>
</bind>
</comp>

<comp id="12" class="1000" name="outputConv_4">
<pin_list>
<pin id="13" dir="1" index="0" bw="1" slack="0"/>
</pin_list>
<bind>
<StgValue><ssdm name="outputConv_4"/><MemPortTyVec>3 0 </MemPortTyVec>
</StgValue>
</bind>
</comp>

<comp id="14" class="1001" name="const_14">
<pin_list>
<pin id="15" dir="1" index="0" bw="1" slack="0"/>
</pin_list>
<bind>
<StgValue><ssdm name="_ssdm_op_Read.ap_auto.i64"/></StgValue>
</bind>
</comp>

<comp id="16" class="1001" name="const_16">
<pin_list>
<pin id="17" dir="1" index="0" bw="1" slack="0"/>
</pin_list>
<bind>
<StgValue><ssdm name=""/></StgValue>
</bind>
</comp>

<comp id="18" class="1001" name="const_18">
<pin_list>
<pin id="19" dir="1" index="0" bw="1" slack="0"/>
</pin_list>
<bind>
<StgValue><ssdm name="_ssdm_op_ReadReq.m_axi.p1i8"/></StgValue>
</bind>
</comp>

<comp id="20" class="1001" name="const_20">
<pin_list>
<pin id="21" dir="1" index="0" bw="1" slack="0"/>
</pin_list>
<bind>
<StgValue><ssdm name=""/></StgValue>
</bind>
</comp>

<comp id="22" class="1001" name="const_22">
<pin_list>
<pin id="23" dir="1" index="0" bw="1" slack="0"/>
</pin_list>
<bind>
<StgValue><ssdm name="conv1_Pipeline_LOAD_1"/></StgValue>
</bind>
</comp>

<comp id="24" class="1001" name="const_24">
<pin_list>
<pin id="25" dir="1" index="0" bw="1" slack="0"/>
</pin_list>
<bind>
<StgValue><ssdm name="conv1_Pipeline_CO_1_H_1_W_1"/></StgValue>
</bind>
</comp>

<comp id="26" class="1001" name="const_26">
<pin_list>
<pin id="27" dir="1" index="0" bw="1" slack="2147483647"/>
</pin_list>
<bind>
<StgValue><ssdm name="_ssdm_op_SpecMemCore"/></StgValue>
</bind>
</comp>

<comp id="28" class="1001" name="const_28">
<pin_list>
<pin id="29" dir="1" index="0" bw="1" slack="2147483647"/>
</pin_list>
<bind>
<StgValue><ssdm name=""/></StgValue>
</bind>
</comp>

<comp id="30" class="1001" name="const_30">
<pin_list>
<pin id="31" dir="1" index="0" bw="1" slack="2147483647"/>
</pin_list>
<bind>
<StgValue><ssdm name=""/></StgValue>
</bind>
</comp>

<comp id="32" class="1001" name="const_32">
<pin_list>
<pin id="33" dir="1" index="0" bw="1" slack="2147483647"/>
</pin_list>
<bind>
<StgValue><ssdm name=""/></StgValue>
</bind>
</comp>

<comp id="34" class="1001" name="const_34">
<pin_list>
<pin id="35" dir="1" index="0" bw="1" slack="2147483647"/>
</pin_list>
<bind>
<StgValue><ssdm name=""/></StgValue>
</bind>
</comp>

<comp id="36" class="1001" name="const_36">
<pin_list>
<pin id="37" dir="1" index="0" bw="1" slack="2147483647"/>
</pin_list>
<bind>
<StgValue><ssdm name="_ssdm_op_SpecInterface"/></StgValue>
</bind>
</comp>

<comp id="38" class="1001" name="const_38">
<pin_list>
<pin id="39" dir="1" index="0" bw="1" slack="2147483647"/>
</pin_list>
<bind>
<StgValue><ssdm name="empty_21"/></StgValue>
</bind>
</comp>

<comp id="40" class="1001" name="const_40">
<pin_list>
<pin id="41" dir="1" index="0" bw="1" slack="2147483647"/>
</pin_list>
<bind>
<StgValue><ssdm name=""/></StgValue>
</bind>
</comp>

<comp id="42" class="1001" name="const_42">
<pin_list>
<pin id="43" dir="1" index="0" bw="1" slack="2147483647"/>
</pin_list>
<bind>
<StgValue><ssdm name="empty_22"/></StgValue>
</bind>
</comp>

<comp id="44" class="1001" name="const_44">
<pin_list>
<pin id="45" dir="1" index="0" bw="1" slack="2147483647"/>
</pin_list>
<bind>
<StgValue><ssdm name=""/></StgValue>
</bind>
</comp>

<comp id="46" class="1001" name="const_46">
<pin_list>
<pin id="47" dir="1" index="0" bw="1" slack="2147483647"/>
</pin_list>
<bind>
<StgValue><ssdm name="empty_14"/></StgValue>
</bind>
</comp>

<comp id="48" class="1001" name="const_48">
<pin_list>
<pin id="49" dir="1" index="0" bw="1" slack="2147483647"/>
</pin_list>
<bind>
<StgValue><ssdm name="empty"/></StgValue>
</bind>
</comp>

<comp id="50" class="1001" name="const_50">
<pin_list>
<pin id="51" dir="1" index="0" bw="1" slack="2147483647"/>
</pin_list>
<bind>
<StgValue><ssdm name=""/></StgValue>
</bind>
</comp>

<comp id="52" class="1001" name="const_52">
<pin_list>
<pin id="53" dir="1" index="0" bw="1" slack="2147483647"/>
</pin_list>
<bind>
<StgValue><ssdm name=""/></StgValue>
</bind>
</comp>

<comp id="54" class="1001" name="const_54">
<pin_list>
<pin id="55" dir="1" index="0" bw="1" slack="2147483647"/>
</pin_list>
<bind>
<StgValue><ssdm name=""/></StgValue>
</bind>
</comp>

<comp id="56" class="1004" name="temp_alloca_fu_56">
<pin_list>
<pin id="57" dir="0" index="0" bw="1" slack="0"/>
<pin id="58" dir="1" index="1" bw="8" slack="2147483647"/>
</pin_list>
<bind>
<opcode="alloca(26) " fcode="alloca"/>
<opset="temp/1 "/>
</bind>
</comp>

<comp id="60" class="1004" name="temp_1_alloca_fu_60">
<pin_list>
<pin id="61" dir="0" index="0" bw="1" slack="0"/>
<pin id="62" dir="1" index="1" bw="8" slack="2147483647"/>
</pin_list>
<bind>
<opcode="alloca(26) " fcode="alloca"/>
<opset="temp_1/1 "/>
</bind>
</comp>

<comp id="64" class="1004" name="temp_2_alloca_fu_64">
<pin_list>
<pin id="65" dir="0" index="0" bw="1" slack="0"/>
<pin id="66" dir="1" index="1" bw="8" slack="2147483647"/>
</pin_list>
<bind>
<opcode="alloca(26) " fcode="alloca"/>
<opset="temp_2/1 "/>
</bind>
</comp>

<comp id="68" class="1004" name="temp_3_alloca_fu_68">
<pin_list>
<pin id="69" dir="0" index="0" bw="1" slack="0"/>
<pin id="70" dir="1" index="1" bw="8" slack="2147483647"/>
</pin_list>
<bind>
<opcode="alloca(26) " fcode="alloca"/>
<opset="temp_3/1 "/>
</bind>
</comp>

<comp id="72" class="1004" name="temp_4_alloca_fu_72">
<pin_list>
<pin id="73" dir="0" index="0" bw="1" slack="0"/>
<pin id="74" dir="1" index="1" bw="8" slack="2147483647"/>
</pin_list>
<bind>
<opcode="alloca(26) " fcode="alloca"/>
<opset="temp_4/1 "/>
</bind>
</comp>

<comp id="76" class="1004" name="temp_5_alloca_fu_76">
<pin_list>
<pin id="77" dir="0" index="0" bw="1" slack="0"/>
<pin id="78" dir="1" index="1" bw="8" slack="2147483647"/>
</pin_list>
<bind>
<opcode="alloca(26) " fcode="alloca"/>
<opset="temp_5/1 "/>
</bind>
</comp>

<comp id="80" class="1004" name="temp_6_alloca_fu_80">
<pin_list>
<pin id="81" dir="0" index="0" bw="1" slack="0"/>
<pin id="82" dir="1" index="1" bw="8" slack="2147483647"/>
</pin_list>
<bind>
<opcode="alloca(26) " fcode="alloca"/>
<opset="temp_6/1 "/>
</bind>
</comp>

<comp id="84" class="1004" name="temp_7_alloca_fu_84">
<pin_list>
<pin id="85" dir="0" index="0" bw="1" slack="0"/>
<pin id="86" dir="1" index="1" bw="8" slack="2147483647"/>
</pin_list>
<bind>
<opcode="alloca(26) " fcode="alloca"/>
<opset="temp_7/1 "/>
</bind>
</comp>

<comp id="88" class="1004" name="temp_8_alloca_fu_88">
<pin_list>
<pin id="89" dir="0" index="0" bw="1" slack="0"/>
<pin id="90" dir="1" index="1" bw="8" slack="2147483647"/>
</pin_list>
<bind>
<opcode="alloca(26) " fcode="alloca"/>
<opset="temp_8/1 "/>
</bind>
</comp>

<comp id="92" class="1004" name="temp_9_alloca_fu_92">
<pin_list>
<pin id="93" dir="0" index="0" bw="1" slack="0"/>
<pin id="94" dir="1" index="1" bw="8" slack="2147483647"/>
</pin_list>
<bind>
<opcode="alloca(26) " fcode="alloca"/>
<opset="temp_9/1 "/>
</bind>
</comp>

<comp id="96" class="1004" name="temp_10_alloca_fu_96">
<pin_list>
<pin id="97" dir="0" index="0" bw="1" slack="0"/>
<pin id="98" dir="1" index="1" bw="8" slack="2147483647"/>
</pin_list>
<bind>
<opcode="alloca(26) " fcode="alloca"/>
<opset="temp_10/1 "/>
</bind>
</comp>

<comp id="100" class="1004" name="temp_11_alloca_fu_100">
<pin_list>
<pin id="101" dir="0" index="0" bw="1" slack="0"/>
<pin id="102" dir="1" index="1" bw="8" slack="2147483647"/>
</pin_list>
<bind>
<opcode="alloca(26) " fcode="alloca"/>
<opset="temp_11/1 "/>
</bind>
</comp>

<comp id="104" class="1004" name="temp_12_alloca_fu_104">
<pin_list>
<pin id="105" dir="0" index="0" bw="1" slack="0"/>
<pin id="106" dir="1" index="1" bw="8" slack="2147483647"/>
</pin_list>
<bind>
<opcode="alloca(26) " fcode="alloca"/>
<opset="temp_12/1 "/>
</bind>
</comp>

<comp id="108" class="1004" name="temp_13_alloca_fu_108">
<pin_list>
<pin id="109" dir="0" index="0" bw="1" slack="0"/>
<pin id="110" dir="1" index="1" bw="8" slack="2147483647"/>
</pin_list>
<bind>
<opcode="alloca(26) " fcode="alloca"/>
<opset="temp_13/1 "/>
</bind>
</comp>

<comp id="112" class="1004" name="temp_14_alloca_fu_112">
<pin_list>
<pin id="113" dir="0" index="0" bw="1" slack="0"/>
<pin id="114" dir="1" index="1" bw="8" slack="2147483647"/>
</pin_list>
<bind>
<opcode="alloca(26) " fcode="alloca"/>
<opset="temp_14/1 "/>
</bind>
</comp>

<comp id="116" class="1004" name="temp_15_alloca_fu_116">
<pin_list>
<pin id="117" dir="0" index="0" bw="1" slack="0"/>
<pin id="118" dir="1" index="1" bw="8" slack="2147483647"/>
</pin_list>
<bind>
<opcode="alloca(26) " fcode="alloca"/>
<opset="temp_15/1 "/>
</bind>
</comp>

<comp id="120" class="1004" name="input_read_read_fu_120">
<pin_list>
<pin id="121" dir="0" index="0" bw="64" slack="0"/>
<pin id="122" dir="0" index="1" bw="64" slack="0"/>
<pin id="123" dir="1" index="2" bw="64" slack="0"/>
</pin_list>
<bind>
<opcode="read(1150) " fcode="read"/>
<opset="input_read/1 "/>
</bind>
</comp>

<comp id="126" class="1004" name="grp_readreq_fu_126">
<pin_list>
<pin id="127" dir="0" index="0" bw="1" slack="0"/>
<pin id="128" dir="0" index="1" bw="8" slack="0"/>
<pin id="129" dir="0" index="2" bw="11" slack="0"/>
<pin id="130" dir="1" index="3" bw="1" slack="2147483647"/>
</pin_list>
<bind>
<opcode="readreq(1154) " fcode="readreq"/>
<opset="empty/1 "/>
</bind>
</comp>

<comp id="133" class="1004" name="grp_conv1_Pipeline_LOAD_1_fu_133">
<pin_list>
<pin id="134" dir="0" index="0" bw="0" slack="0"/>
<pin id="135" dir="0" index="1" bw="8" slack="0"/>
<pin id="136" dir="0" index="2" bw="64" slack="8"/>
<pin id="137" dir="0" index="3" bw="8" slack="2147483647"/>
<pin id="138" dir="0" index="4" bw="8" slack="2147483647"/>
<pin id="139" dir="0" index="5" bw="8" slack="2147483647"/>
<pin id="140" dir="0" index="6" bw="8" slack="2147483647"/>
<pin id="141" dir="0" index="7" bw="8" slack="2147483647"/>
<pin id="142" dir="0" index="8" bw="8" slack="2147483647"/>
<pin id="143" dir="0" index="9" bw="8" slack="2147483647"/>
<pin id="144" dir="0" index="10" bw="8" slack="2147483647"/>
<pin id="145" dir="0" index="11" bw="8" slack="2147483647"/>
<pin id="146" dir="0" index="12" bw="8" slack="2147483647"/>
<pin id="147" dir="0" index="13" bw="8" slack="2147483647"/>
<pin id="148" dir="0" index="14" bw="8" slack="2147483647"/>
<pin id="149" dir="0" index="15" bw="8" slack="2147483647"/>
<pin id="150" dir="0" index="16" bw="8" slack="2147483647"/>
<pin id="151" dir="0" index="17" bw="8" slack="2147483647"/>
<pin id="152" dir="0" index="18" bw="8" slack="2147483647"/>
<pin id="153" dir="1" index="19" bw="0" slack="2147483647"/>
</pin_list>
<bind>
<opcode="call(48) " fcode="call"/>
<opset="call_ln0/9 "/>
</bind>
</comp>

<comp id="156" class="1004" name="grp_conv1_Pipeline_CO_1_H_1_W_1_fu_156">
<pin_list>
<pin id="157" dir="0" index="0" bw="0" slack="0"/>
<pin id="158" dir="0" index="1" bw="7" slack="0"/>
<pin id="159" dir="0" index="2" bw="7" slack="0"/>
<pin id="160" dir="0" index="3" bw="7" slack="0"/>
<pin id="161" dir="0" index="4" bw="7" slack="0"/>
<pin id="162" dir="0" index="5" bw="7" slack="0"/>
<pin id="163" dir="0" index="6" bw="8" slack="2147483647"/>
<pin id="164" dir="0" index="7" bw="8" slack="2147483647"/>
<pin id="165" dir="0" index="8" bw="8" slack="2147483647"/>
<pin id="166" dir="0" index="9" bw="8" slack="2147483647"/>
<pin id="167" dir="0" index="10" bw="8" slack="2147483647"/>
<pin id="168" dir="0" index="11" bw="8" slack="2147483647"/>
<pin id="169" dir="0" index="12" bw="8" slack="2147483647"/>
<pin id="170" dir="0" index="13" bw="8" slack="2147483647"/>
<pin id="171" dir="0" index="14" bw="8" slack="2147483647"/>
<pin id="172" dir="0" index="15" bw="8" slack="2147483647"/>
<pin id="173" dir="0" index="16" bw="8" slack="2147483647"/>
<pin id="174" dir="0" index="17" bw="8" slack="2147483647"/>
<pin id="175" dir="0" index="18" bw="8" slack="2147483647"/>
<pin id="176" dir="0" index="19" bw="8" slack="2147483647"/>
<pin id="177" dir="0" index="20" bw="8" slack="2147483647"/>
<pin id="178" dir="0" index="21" bw="8" slack="2147483647"/>
<pin id="179" dir="1" index="22" bw="0" slack="2147483647"/>
</pin_list>
<bind>
<opcode="call(48) " fcode="call"/>
<opset="call_ln0/11 "/>
</bind>
</comp>

<comp id="186" class="1004" name="gmem0_addr_fu_186">
<pin_list>
<pin id="187" dir="0" index="0" bw="64" slack="0"/>
<pin id="188" dir="0" index="1" bw="64" slack="0"/>
<pin id="189" dir="1" index="2" bw="64" slack="0"/>
</pin_list>
<bind>
<opcode="getelementptr(29) " fcode="getelementptr"/>
<opset="gmem0_addr/1 "/>
</bind>
</comp>

<comp id="193" class="1005" name="input_read_reg_193">
<pin_list>
<pin id="194" dir="0" index="0" bw="64" slack="8"/>
<pin id="195" dir="1" index="1" bw="64" slack="8"/>
</pin_list>
<bind>
<opset="input_read "/>
</bind>
</comp>

<comp id="198" class="1005" name="gmem0_addr_reg_198">
<pin_list>
<pin id="199" dir="0" index="0" bw="8" slack="1"/>
<pin id="200" dir="1" index="1" bw="8" slack="1"/>
</pin_list>
<bind>
<opset="gmem0_addr "/>
</bind>
</comp>

</comp_list>

<net_list>
<net id="59"><net_src comp="16" pin="0"/><net_sink comp="56" pin=0"/></net>

<net id="63"><net_src comp="16" pin="0"/><net_sink comp="60" pin=0"/></net>

<net id="67"><net_src comp="16" pin="0"/><net_sink comp="64" pin=0"/></net>

<net id="71"><net_src comp="16" pin="0"/><net_sink comp="68" pin=0"/></net>

<net id="75"><net_src comp="16" pin="0"/><net_sink comp="72" pin=0"/></net>

<net id="79"><net_src comp="16" pin="0"/><net_sink comp="76" pin=0"/></net>

<net id="83"><net_src comp="16" pin="0"/><net_sink comp="80" pin=0"/></net>

<net id="87"><net_src comp="16" pin="0"/><net_sink comp="84" pin=0"/></net>

<net id="91"><net_src comp="16" pin="0"/><net_sink comp="88" pin=0"/></net>

<net id="95"><net_src comp="16" pin="0"/><net_sink comp="92" pin=0"/></net>

<net id="99"><net_src comp="16" pin="0"/><net_sink comp="96" pin=0"/></net>

<net id="103"><net_src comp="16" pin="0"/><net_sink comp="100" pin=0"/></net>

<net id="107"><net_src comp="16" pin="0"/><net_sink comp="104" pin=0"/></net>

<net id="111"><net_src comp="16" pin="0"/><net_sink comp="108" pin=0"/></net>

<net id="115"><net_src comp="16" pin="0"/><net_sink comp="112" pin=0"/></net>

<net id="119"><net_src comp="16" pin="0"/><net_sink comp="116" pin=0"/></net>

<net id="124"><net_src comp="14" pin="0"/><net_sink comp="120" pin=0"/></net>

<net id="125"><net_src comp="2" pin="0"/><net_sink comp="120" pin=1"/></net>

<net id="131"><net_src comp="18" pin="0"/><net_sink comp="126" pin=0"/></net>

<net id="132"><net_src comp="20" pin="0"/><net_sink comp="126" pin=2"/></net>

<net id="154"><net_src comp="22" pin="0"/><net_sink comp="133" pin=0"/></net>

<net id="155"><net_src comp="0" pin="0"/><net_sink comp="133" pin=1"/></net>

<net id="180"><net_src comp="24" pin="0"/><net_sink comp="156" pin=0"/></net>

<net id="181"><net_src comp="12" pin="0"/><net_sink comp="156" pin=1"/></net>

<net id="182"><net_src comp="10" pin="0"/><net_sink comp="156" pin=2"/></net>

<net id="183"><net_src comp="8" pin="0"/><net_sink comp="156" pin=3"/></net>

<net id="184"><net_src comp="6" pin="0"/><net_sink comp="156" pin=4"/></net>

<net id="185"><net_src comp="4" pin="0"/><net_sink comp="156" pin=5"/></net>

<net id="190"><net_src comp="0" pin="0"/><net_sink comp="186" pin=0"/></net>

<net id="191"><net_src comp="120" pin="2"/><net_sink comp="186" pin=1"/></net>

<net id="192"><net_src comp="186" pin="2"/><net_sink comp="126" pin=1"/></net>

<net id="196"><net_src comp="120" pin="2"/><net_sink comp="193" pin=0"/></net>

<net id="197"><net_src comp="193" pin="1"/><net_sink comp="133" pin=2"/></net>

<net id="201"><net_src comp="186" pin="2"/><net_sink comp="198" pin=0"/></net>

<net id="202"><net_src comp="198" pin="1"/><net_sink comp="126" pin=1"/></net>

</net_list>

</model> 
---------------- Datapath Model END ------------------

* FSMD analyzer results:
  - Output states:
	Port: gmem0 | {}
	Port: outputConv_0 | {11 12 }
	Port: outputConv_1 | {11 12 }
	Port: outputConv_2 | {11 12 }
	Port: outputConv_3 | {11 12 }
	Port: outputConv_4 | {11 12 }
 - Input state : 
	Port: conv1 : gmem0 | {1 2 3 4 5 6 7 8 9 10 }
	Port: conv1 : input_r | {1 }
  - Chain level:
	State 1
		empty : 1
	State 2
	State 3
	State 4
	State 5
	State 6
	State 7
	State 8
	State 9
	State 10
	State 11
	State 12


============================================================
+ Verbose Summary: Datapath Resource usage 
============================================================

* Functional unit list:
|----------|----------------------------------------|---------|---------|---------|---------|
| Operation|             Functional Unit            |   DSP   |  Delay  |    FF   |   LUT   |
|----------|----------------------------------------|---------|---------|---------|---------|
|   call   |    grp_conv1_Pipeline_LOAD_1_fu_133    |    0    |    0    |    37   |    26   |
|          | grp_conv1_Pipeline_CO_1_H_1_W_1_fu_156 |    2    | 50.2264 |   1428  |   3803  |
|----------|----------------------------------------|---------|---------|---------|---------|
|   read   |         input_read_read_fu_120         |    0    |    0    |    0    |    0    |
|----------|----------------------------------------|---------|---------|---------|---------|
|  readreq |           grp_readreq_fu_126           |    0    |    0    |    0    |    0    |
|----------|----------------------------------------|---------|---------|---------|---------|
|   Total  |                                        |    2    | 50.2264 |   1465  |   3829  |
|----------|----------------------------------------|---------|---------|---------|---------|

Memories:
+-------+--------+--------+--------+
|       |  BRAM  |   FF   |   LUT  |
+-------+--------+--------+--------+
|  temp |    1   |    0   |    0   |
| temp_1|    1   |    0   |    0   |
|temp_10|    1   |    0   |    0   |
|temp_11|    1   |    0   |    0   |
|temp_12|    1   |    0   |    0   |
|temp_13|    1   |    0   |    0   |
|temp_14|    1   |    0   |    0   |
|temp_15|    1   |    0   |    0   |
| temp_2|    1   |    0   |    0   |
| temp_3|    1   |    0   |    0   |
| temp_4|    1   |    0   |    0   |
| temp_5|    1   |    0   |    0   |
| temp_6|    1   |    0   |    0   |
| temp_7|    1   |    0   |    0   |
| temp_8|    1   |    0   |    0   |
| temp_9|    1   |    0   |    0   |
+-------+--------+--------+--------+
| Total |   16   |    0   |    0   |
+-------+--------+--------+--------+

* Register list:
+------------------+--------+
|                  |   FF   |
+------------------+--------+
|gmem0_addr_reg_198|    8   |
|input_read_reg_193|   64   |
+------------------+--------+
|       Total      |   72   |
+------------------+--------+

* Multiplexer (MUX) list: 
|--------------------|------|------|------|--------||---------||---------||---------|
|        Comp        |  Pin | Size |  BW  | S x BW ||  Delay  ||    FF   ||   LUT   |
|--------------------|------|------|------|--------||---------||---------||---------|
| grp_readreq_fu_126 |  p1  |   2  |   8  |   16   ||    0    ||    9    |
|--------------------|------|------|------|--------||---------||---------||---------|
|        Total       |      |      |      |   16   ||  1.588  ||    0    ||    9    |
|--------------------|------|------|------|--------||---------||---------||---------|



* Summary:
+-----------+--------+--------+--------+--------+--------+
|           |  BRAM  |   DSP  |  Delay |   FF   |   LUT  |
+-----------+--------+--------+--------+--------+--------+
|  Function |    -   |    2   |   50   |  1465  |  3829  |
|   Memory  |   16   |    -   |    -   |    0   |    0   |
|Multiplexer|    -   |    -   |    1   |    0   |    9   |
|  Register |    -   |    -   |    -   |   72   |    -   |
+-----------+--------+--------+--------+--------+--------+
|   Total   |   16   |    2   |   51   |  1537  |  3838  |
+-----------+--------+--------+--------+--------+--------+
