

================================================================
== Vitis HLS Report for 'conv1_Pipeline_LOAD_1'
================================================================
* Date:           Sun Mar 15 23:46:44 2026

* Version:        2025.2 (Build 6295257 on Nov 14 2025)
* Project:        top
* Solution:       hls (Vivado IP Flow Target)
* Product family: zynq
* Target device:  xc7z020-clg484-1


================================================================
== Performance Estimates
================================================================
+ Timing: 
    * Summary: 
    +--------+----------+----------+------------+
    |  Clock |  Target  | Estimated| Uncertainty|
    +--------+----------+----------+------------+
    |ap_clk  |  10.00 ns|  8.750 ns|     1.25 ns|
    +--------+----------+----------+------------+

+ Latency: 
    * Summary: 
    +---------+---------+----------+----------+-----+-----+-------------------+
    |  Latency (cycles) |  Latency (absolute) |  Interval |      Pipeline     |
    |   min   |   max   |    min   |    max   | min | max |        Type       |
    +---------+---------+----------+----------+-----+-----+-------------------+
    |      787|      787|  7.870 us|  7.870 us|    0|    0|  loop pipeline stp|
    +---------+---------+----------+----------+-----+-----+-------------------+

    + Detail: 
        * Instance: 
        N/A

        * Loop: 
        +----------+---------+---------+----------+-----------+-----------+------+----------+
        |          |  Latency (cycles) | Iteration|  Initiation Interval  | Trip |          |
        | Loop Name|   min   |   max   |  Latency |  achieved |   target  | Count| Pipelined|
        +----------+---------+---------+----------+-----------+-----------+------+----------+
        |- LOAD_1  |      785|      785|         3|          1|          1|   784|       yes|
        +----------+---------+---------+----------+-----------+-----------+------+----------+

============================================================
+ Verbose Summary: Synthesis Manager
============================================================
InlineROM: 1
ExposeGlobal: 0
============================================================
+ Verbose Summary: CDFG Model
============================================================
IsTopModel: 0
ResetActiveHigh: 1
IsCombinational: 0
IsDatapathOnly: 0
HasWiredReturn: 1
HasMFsm: 2
HasVarLatency: 1
IsPipeline: 0
IsRtlPipelined: 0
IsInstanceOverlapped: 0
IsDontTouch: 0
HasImplIP: 0
IsGatedGlobalClock: 0

+ Individual pipeline summary: 
  * Pipeline-0: initiation interval (II) = 1, depth = 3


============================================================
+ Verbose Summary: Schedule
============================================================
* Number of FSM states : 3
* Pipeline : 1
  Pipeline-0 : II = 1, D = 3, States = { 1 2 3 }
* Dataflow Pipeline: 0

* FSM state transitions: 
1 --> 2 
2 --> 3 
3 --> 

* FSM state operations: 

State 1 <SV = 0> <Delay = 4.90>
ST_1 : Operation 6 [1/1] (0.00ns)   --->   "%i = alloca i32 1" [../src/conv.cpp:16]   --->   Operation 6 'alloca' 'i' <Predicate = true> <Delay = 0.00>
ST_1 : Operation 7 [1/1] (0.00ns)   --->   "%specmemcore_ln0 = specmemcore void @_ssdm_op_SpecMemCore, i8 %temp, i64 666, i64 22, i64 18446744073709551615, i1 0"   --->   Operation 7 'specmemcore' 'specmemcore_ln0' <Predicate = true> <Delay = 0.00>
ST_1 : Operation 8 [1/1] (0.00ns)   --->   "%specmemcore_ln0 = specmemcore void @_ssdm_op_SpecMemCore, i8 %temp_1, i64 666, i64 22, i64 18446744073709551615, i1 0"   --->   Operation 8 'specmemcore' 'specmemcore_ln0' <Predicate = true> <Delay = 0.00>
ST_1 : Operation 9 [1/1] (0.00ns)   --->   "%specmemcore_ln0 = specmemcore void @_ssdm_op_SpecMemCore, i8 %temp_2, i64 666, i64 22, i64 18446744073709551615, i1 0"   --->   Operation 9 'specmemcore' 'specmemcore_ln0' <Predicate = true> <Delay = 0.00>
ST_1 : Operation 10 [1/1] (0.00ns)   --->   "%specmemcore_ln0 = specmemcore void @_ssdm_op_SpecMemCore, i8 %temp_3, i64 666, i64 22, i64 18446744073709551615, i1 0"   --->   Operation 10 'specmemcore' 'specmemcore_ln0' <Predicate = true> <Delay = 0.00>
ST_1 : Operation 11 [1/1] (0.00ns)   --->   "%specmemcore_ln0 = specmemcore void @_ssdm_op_SpecMemCore, i8 %temp_4, i64 666, i64 22, i64 18446744073709551615, i1 0"   --->   Operation 11 'specmemcore' 'specmemcore_ln0' <Predicate = true> <Delay = 0.00>
ST_1 : Operation 12 [1/1] (0.00ns)   --->   "%specmemcore_ln0 = specmemcore void @_ssdm_op_SpecMemCore, i8 %temp_5, i64 666, i64 22, i64 18446744073709551615, i1 0"   --->   Operation 12 'specmemcore' 'specmemcore_ln0' <Predicate = true> <Delay = 0.00>
ST_1 : Operation 13 [1/1] (0.00ns)   --->   "%specmemcore_ln0 = specmemcore void @_ssdm_op_SpecMemCore, i8 %temp_6, i64 666, i64 22, i64 18446744073709551615, i1 0"   --->   Operation 13 'specmemcore' 'specmemcore_ln0' <Predicate = true> <Delay = 0.00>
ST_1 : Operation 14 [1/1] (0.00ns)   --->   "%specmemcore_ln0 = specmemcore void @_ssdm_op_SpecMemCore, i8 %temp_7, i64 666, i64 22, i64 18446744073709551615, i1 0"   --->   Operation 14 'specmemcore' 'specmemcore_ln0' <Predicate = true> <Delay = 0.00>
ST_1 : Operation 15 [1/1] (0.00ns)   --->   "%specmemcore_ln0 = specmemcore void @_ssdm_op_SpecMemCore, i8 %temp_8, i64 666, i64 22, i64 18446744073709551615, i1 0"   --->   Operation 15 'specmemcore' 'specmemcore_ln0' <Predicate = true> <Delay = 0.00>
ST_1 : Operation 16 [1/1] (0.00ns)   --->   "%specmemcore_ln0 = specmemcore void @_ssdm_op_SpecMemCore, i8 %temp_9, i64 666, i64 22, i64 18446744073709551615, i1 0"   --->   Operation 16 'specmemcore' 'specmemcore_ln0' <Predicate = true> <Delay = 0.00>
ST_1 : Operation 17 [1/1] (0.00ns)   --->   "%specmemcore_ln0 = specmemcore void @_ssdm_op_SpecMemCore, i8 %temp_10, i64 666, i64 22, i64 18446744073709551615, i1 0"   --->   Operation 17 'specmemcore' 'specmemcore_ln0' <Predicate = true> <Delay = 0.00>
ST_1 : Operation 18 [1/1] (0.00ns)   --->   "%specmemcore_ln0 = specmemcore void @_ssdm_op_SpecMemCore, i8 %temp_11, i64 666, i64 22, i64 18446744073709551615, i1 0"   --->   Operation 18 'specmemcore' 'specmemcore_ln0' <Predicate = true> <Delay = 0.00>
ST_1 : Operation 19 [1/1] (0.00ns)   --->   "%specmemcore_ln0 = specmemcore void @_ssdm_op_SpecMemCore, i8 %temp_12, i64 666, i64 22, i64 18446744073709551615, i1 0"   --->   Operation 19 'specmemcore' 'specmemcore_ln0' <Predicate = true> <Delay = 0.00>
ST_1 : Operation 20 [1/1] (0.00ns)   --->   "%specmemcore_ln0 = specmemcore void @_ssdm_op_SpecMemCore, i8 %temp_13, i64 666, i64 22, i64 18446744073709551615, i1 0"   --->   Operation 20 'specmemcore' 'specmemcore_ln0' <Predicate = true> <Delay = 0.00>
ST_1 : Operation 21 [1/1] (0.00ns)   --->   "%specmemcore_ln0 = specmemcore void @_ssdm_op_SpecMemCore, i8 %temp_14, i64 666, i64 22, i64 18446744073709551615, i1 0"   --->   Operation 21 'specmemcore' 'specmemcore_ln0' <Predicate = true> <Delay = 0.00>
ST_1 : Operation 22 [1/1] (0.00ns)   --->   "%specmemcore_ln0 = specmemcore void @_ssdm_op_SpecMemCore, i8 %temp_15, i64 666, i64 22, i64 18446744073709551615, i1 0"   --->   Operation 22 'specmemcore' 'specmemcore_ln0' <Predicate = true> <Delay = 0.00>
ST_1 : Operation 23 [1/1] (0.00ns)   --->   "%specinterface_ln0 = specinterface void @_ssdm_op_SpecInterface, i8 %gmem0, void @empty_21, i32 0, i32 0, void @empty_22, i32 0, i32 848, void @empty_14, void @empty, void @empty_22, i32 16, i32 16, i32 16, i32 16, void @empty_22, void @empty_22, i32 4294967295, i32 0, i32 0, i32 1"   --->   Operation 23 'specinterface' 'specinterface_ln0' <Predicate = true> <Delay = 0.00>
ST_1 : Operation 24 [1/1] (0.00ns)   --->   "%input_read = read i64 @_ssdm_op_Read.ap_auto.i64, i64 %input_r"   --->   Operation 24 'read' 'input_read' <Predicate = true> <Delay = 0.00>
ST_1 : Operation 25 [1/1] (1.58ns)   --->   "%store_ln16 = store i10 0, i10 %i" [../src/conv.cpp:16]   --->   Operation 25 'store' 'store_ln16' <Predicate = true> <Delay = 1.58>
ST_1 : Operation 26 [1/1] (0.00ns)   --->   "%br_ln0 = br void %for.inc"   --->   Operation 26 'br' 'br_ln0' <Predicate = true> <Delay = 0.00>
ST_1 : Operation 27 [1/1] (0.00ns)   --->   "%i_4 = load i10 %i" [../src/conv.cpp:16]   --->   Operation 27 'load' 'i_4' <Predicate = true> <Delay = 0.00>
ST_1 : Operation 28 [1/1] (1.73ns)   --->   "%icmp_ln16 = icmp_eq  i10 %i_4, i10 784" [../src/conv.cpp:16]   --->   Operation 28 'icmp' 'icmp_ln16' <Predicate = true> <Delay = 1.73> <CoreInst = "Cmp">   --->   Core 9 'Cmp' <Latency = 0> <II = 1> <Delay = 1.73> <FuncUnit> <Opcode : 'seteq' 'setne' 'setle' 'setge' 'setlt' 'setgt'> <InPorts = 2> <OutPorts = 1>
ST_1 : Operation 29 [1/1] (1.73ns)   --->   "%add_ln16 = add i10 %i_4, i10 1" [../src/conv.cpp:16]   --->   Operation 29 'add' 'add_ln16' <Predicate = true> <Delay = 1.73> <CoreInst = "Adder">   --->   Core 1 'Adder' <Latency = 0> <II = 1> <Delay = 1.73> <FuncUnit> <Opcode : 'add' 'sub'> <InPorts = 2> <OutPorts = 1>
ST_1 : Operation 30 [1/1] (0.00ns)   --->   "%br_ln16 = br i1 %icmp_ln16, void %for.inc.split, void %KH_1.preheader.exitStub" [../src/conv.cpp:16]   --->   Operation 30 'br' 'br_ln16' <Predicate = true> <Delay = 0.00>
ST_1 : Operation 31 [1/1] (0.00ns)   --->   "%gmem0_addr = getelementptr i8 %gmem0, i64 %input_read" [../src/conv.cpp:16]   --->   Operation 31 'getelementptr' 'gmem0_addr' <Predicate = (!icmp_ln16)> <Delay = 0.00>
ST_1 : Operation 32 [1/1] (0.00ns)   --->   "%trunc_ln16 = trunc i10 %i_4" [../src/conv.cpp:16]   --->   Operation 32 'trunc' 'trunc_ln16' <Predicate = (!icmp_ln16)> <Delay = 0.00>
ST_1 : Operation 33 [1/1] (0.00ns)   --->   "%lshr_ln = partselect i6 @_ssdm_op_PartSelect.i6.i10.i32.i32, i10 %i_4, i32 4, i32 9" [../src/conv.cpp:16]   --->   Operation 33 'partselect' 'lshr_ln' <Predicate = (!icmp_ln16)> <Delay = 0.00>
ST_1 : Operation 34 [1/1] (1.73ns)   --->   "%switch_ln18 = switch i4 %trunc_ln16, void %arrayidx2.case.15, i4 0, void %arrayidx2.case.0, i4 1, void %arrayidx2.case.1, i4 2, void %arrayidx2.case.2, i4 3, void %arrayidx2.case.3, i4 4, void %arrayidx2.case.4, i4 5, void %arrayidx2.case.5, i4 6, void %arrayidx2.case.6, i4 7, void %arrayidx2.case.7, i4 8, void %arrayidx2.case.8, i4 9, void %arrayidx2.case.9, i4 10, void %arrayidx2.case.10, i4 11, void %arrayidx2.case.11, i4 12, void %arrayidx2.case.12, i4 13, void %arrayidx2.case.13, i4 14, void %arrayidx2.case.14" [../src/conv.cpp:18]   --->   Operation 34 'switch' 'switch_ln18' <Predicate = (!icmp_ln16)> <Delay = 1.73>
ST_1 : Operation 35 [1/1] (1.58ns)   --->   "%store_ln16 = store i10 %add_ln16, i10 %i" [../src/conv.cpp:16]   --->   Operation 35 'store' 'store_ln16' <Predicate = (!icmp_ln16)> <Delay = 1.58>
ST_1 : Operation 36 [1/1] (0.00ns)   --->   "%br_ln16 = br void %for.inc" [../src/conv.cpp:16]   --->   Operation 36 'br' 'br_ln16' <Predicate = (!icmp_ln16)> <Delay = 0.00>

State 2 <SV = 1> <Delay = 8.75>
ST_2 : Operation 37 [1/1] ( I:8.75ns O:8.75ns )   --->   "%gmem0_addr_read = read i8 @_ssdm_op_Read.m_axi.i8.p1i8, i8 %gmem0_addr" [../src/conv.cpp:18]   --->   Operation 37 'read' 'gmem0_addr_read' <Predicate = true> <Delay = 8.75> <CoreInst = "m_axi">   --->   Core 111 'm_axi' <Latency = 3> <II = 1> <Delay = 1.00> <Adapter> <Opcode : 'readrequnaligned' 'writerequnaligned' 'read' 'write' 'readreq' 'writereq' 'writeresp'>
ST_2 : Operation 90 [1/1] (1.58ns)   --->   "%ret_ln0 = ret"   --->   Operation 90 'ret' 'ret_ln0' <Predicate = (icmp_ln16)> <Delay = 1.58>

State 3 <SV = 2> <Delay = 3.25>
ST_3 : Operation 38 [1/1] (0.00ns)   --->   "%specpipeline_ln17 = specpipeline void @_ssdm_op_SpecPipeline, i32 1, i32 0, i32 0, i32 0, i32 4294967295, void @empty_22" [../src/conv.cpp:17]   --->   Operation 38 'specpipeline' 'specpipeline_ln17' <Predicate = true> <Delay = 0.00>
ST_3 : Operation 39 [1/1] (0.00ns)   --->   "%speclooptripcount_ln16 = speclooptripcount void @_ssdm_op_SpecLoopTripCount, i64 784, i64 784, i64 784" [../src/conv.cpp:16]   --->   Operation 39 'speclooptripcount' 'speclooptripcount_ln16' <Predicate = true> <Delay = 0.00>
ST_3 : Operation 40 [1/1] (0.00ns)   --->   "%specloopname_ln16 = specloopname void @_ssdm_op_SpecLoopName, void @empty_6" [../src/conv.cpp:16]   --->   Operation 40 'specloopname' 'specloopname_ln16' <Predicate = true> <Delay = 0.00>
ST_3 : Operation 41 [1/1] (0.00ns)   --->   "%zext_ln16 = zext i6 %lshr_ln" [../src/conv.cpp:16]   --->   Operation 41 'zext' 'zext_ln16' <Predicate = true> <Delay = 0.00>
ST_3 : Operation 42 [1/1] (0.00ns)   --->   "%temp_addr = getelementptr i8 %temp, i64 0, i64 %zext_ln16" [../src/conv.cpp:18]   --->   Operation 42 'getelementptr' 'temp_addr' <Predicate = true> <Delay = 0.00>
ST_3 : Operation 43 [1/1] (0.00ns)   --->   "%temp_1_addr = getelementptr i8 %temp_1, i64 0, i64 %zext_ln16" [../src/conv.cpp:18]   --->   Operation 43 'getelementptr' 'temp_1_addr' <Predicate = true> <Delay = 0.00>
ST_3 : Operation 44 [1/1] (0.00ns)   --->   "%temp_2_addr = getelementptr i8 %temp_2, i64 0, i64 %zext_ln16" [../src/conv.cpp:18]   --->   Operation 44 'getelementptr' 'temp_2_addr' <Predicate = true> <Delay = 0.00>
ST_3 : Operation 45 [1/1] (0.00ns)   --->   "%temp_3_addr = getelementptr i8 %temp_3, i64 0, i64 %zext_ln16" [../src/conv.cpp:18]   --->   Operation 45 'getelementptr' 'temp_3_addr' <Predicate = true> <Delay = 0.00>
ST_3 : Operation 46 [1/1] (0.00ns)   --->   "%temp_4_addr = getelementptr i8 %temp_4, i64 0, i64 %zext_ln16" [../src/conv.cpp:18]   --->   Operation 46 'getelementptr' 'temp_4_addr' <Predicate = true> <Delay = 0.00>
ST_3 : Operation 47 [1/1] (0.00ns)   --->   "%temp_5_addr = getelementptr i8 %temp_5, i64 0, i64 %zext_ln16" [../src/conv.cpp:18]   --->   Operation 47 'getelementptr' 'temp_5_addr' <Predicate = true> <Delay = 0.00>
ST_3 : Operation 48 [1/1] (0.00ns)   --->   "%temp_6_addr = getelementptr i8 %temp_6, i64 0, i64 %zext_ln16" [../src/conv.cpp:18]   --->   Operation 48 'getelementptr' 'temp_6_addr' <Predicate = true> <Delay = 0.00>
ST_3 : Operation 49 [1/1] (0.00ns)   --->   "%temp_7_addr = getelementptr i8 %temp_7, i64 0, i64 %zext_ln16" [../src/conv.cpp:18]   --->   Operation 49 'getelementptr' 'temp_7_addr' <Predicate = true> <Delay = 0.00>
ST_3 : Operation 50 [1/1] (0.00ns)   --->   "%temp_8_addr = getelementptr i8 %temp_8, i64 0, i64 %zext_ln16" [../src/conv.cpp:18]   --->   Operation 50 'getelementptr' 'temp_8_addr' <Predicate = true> <Delay = 0.00>
ST_3 : Operation 51 [1/1] (0.00ns)   --->   "%temp_9_addr = getelementptr i8 %temp_9, i64 0, i64 %zext_ln16" [../src/conv.cpp:18]   --->   Operation 51 'getelementptr' 'temp_9_addr' <Predicate = true> <Delay = 0.00>
ST_3 : Operation 52 [1/1] (0.00ns)   --->   "%temp_10_addr = getelementptr i8 %temp_10, i64 0, i64 %zext_ln16" [../src/conv.cpp:18]   --->   Operation 52 'getelementptr' 'temp_10_addr' <Predicate = true> <Delay = 0.00>
ST_3 : Operation 53 [1/1] (0.00ns)   --->   "%temp_11_addr = getelementptr i8 %temp_11, i64 0, i64 %zext_ln16" [../src/conv.cpp:18]   --->   Operation 53 'getelementptr' 'temp_11_addr' <Predicate = true> <Delay = 0.00>
ST_3 : Operation 54 [1/1] (0.00ns)   --->   "%temp_12_addr = getelementptr i8 %temp_12, i64 0, i64 %zext_ln16" [../src/conv.cpp:18]   --->   Operation 54 'getelementptr' 'temp_12_addr' <Predicate = true> <Delay = 0.00>
ST_3 : Operation 55 [1/1] (0.00ns)   --->   "%temp_13_addr = getelementptr i8 %temp_13, i64 0, i64 %zext_ln16" [../src/conv.cpp:18]   --->   Operation 55 'getelementptr' 'temp_13_addr' <Predicate = true> <Delay = 0.00>
ST_3 : Operation 56 [1/1] (0.00ns)   --->   "%temp_14_addr = getelementptr i8 %temp_14, i64 0, i64 %zext_ln16" [../src/conv.cpp:18]   --->   Operation 56 'getelementptr' 'temp_14_addr' <Predicate = true> <Delay = 0.00>
ST_3 : Operation 57 [1/1] (0.00ns)   --->   "%temp_15_addr = getelementptr i8 %temp_15, i64 0, i64 %zext_ln16" [../src/conv.cpp:18]   --->   Operation 57 'getelementptr' 'temp_15_addr' <Predicate = true> <Delay = 0.00>
ST_3 : Operation 58 [1/1] ( I:3.25ns O:3.25ns )   --->   "%store_ln18 = store i8 %gmem0_addr_read, i6 %temp_14_addr" [../src/conv.cpp:18]   --->   Operation 58 'store' 'store_ln18' <Predicate = (trunc_ln16 == 14)> <Delay = 3.25> <CoreInst = "RAM_2P_BRAM">   --->   Core 90 'RAM_2P_BRAM' <Latency = 1> <II = 1> <Delay = 3.25> <Storage> <Opcode : 'load' 'store'> <Ports = 2> <Width = 8> <Depth = 49> <RAM>
ST_3 : Operation 59 [1/1] (0.00ns)   --->   "%br_ln18 = br void %arrayidx2.exit" [../src/conv.cpp:18]   --->   Operation 59 'br' 'br_ln18' <Predicate = (trunc_ln16 == 14)> <Delay = 0.00>
ST_3 : Operation 60 [1/1] ( I:3.25ns O:3.25ns )   --->   "%store_ln18 = store i8 %gmem0_addr_read, i6 %temp_13_addr" [../src/conv.cpp:18]   --->   Operation 60 'store' 'store_ln18' <Predicate = (trunc_ln16 == 13)> <Delay = 3.25> <CoreInst = "RAM_2P_BRAM">   --->   Core 90 'RAM_2P_BRAM' <Latency = 1> <II = 1> <Delay = 3.25> <Storage> <Opcode : 'load' 'store'> <Ports = 2> <Width = 8> <Depth = 49> <RAM>
ST_3 : Operation 61 [1/1] (0.00ns)   --->   "%br_ln18 = br void %arrayidx2.exit" [../src/conv.cpp:18]   --->   Operation 61 'br' 'br_ln18' <Predicate = (trunc_ln16 == 13)> <Delay = 0.00>
ST_3 : Operation 62 [1/1] ( I:3.25ns O:3.25ns )   --->   "%store_ln18 = store i8 %gmem0_addr_read, i6 %temp_12_addr" [../src/conv.cpp:18]   --->   Operation 62 'store' 'store_ln18' <Predicate = (trunc_ln16 == 12)> <Delay = 3.25> <CoreInst = "RAM_2P_BRAM">   --->   Core 90 'RAM_2P_BRAM' <Latency = 1> <II = 1> <Delay = 3.25> <Storage> <Opcode : 'load' 'store'> <Ports = 2> <Width = 8> <Depth = 49> <RAM>
ST_3 : Operation 63 [1/1] (0.00ns)   --->   "%br_ln18 = br void %arrayidx2.exit" [../src/conv.cpp:18]   --->   Operation 63 'br' 'br_ln18' <Predicate = (trunc_ln16 == 12)> <Delay = 0.00>
ST_3 : Operation 64 [1/1] ( I:3.25ns O:3.25ns )   --->   "%store_ln18 = store i8 %gmem0_addr_read, i6 %temp_11_addr" [../src/conv.cpp:18]   --->   Operation 64 'store' 'store_ln18' <Predicate = (trunc_ln16 == 11)> <Delay = 3.25> <CoreInst = "RAM_2P_BRAM">   --->   Core 90 'RAM_2P_BRAM' <Latency = 1> <II = 1> <Delay = 3.25> <Storage> <Opcode : 'load' 'store'> <Ports = 2> <Width = 8> <Depth = 49> <RAM>
ST_3 : Operation 65 [1/1] (0.00ns)   --->   "%br_ln18 = br void %arrayidx2.exit" [../src/conv.cpp:18]   --->   Operation 65 'br' 'br_ln18' <Predicate = (trunc_ln16 == 11)> <Delay = 0.00>
ST_3 : Operation 66 [1/1] ( I:3.25ns O:3.25ns )   --->   "%store_ln18 = store i8 %gmem0_addr_read, i6 %temp_10_addr" [../src/conv.cpp:18]   --->   Operation 66 'store' 'store_ln18' <Predicate = (trunc_ln16 == 10)> <Delay = 3.25> <CoreInst = "RAM_2P_BRAM">   --->   Core 90 'RAM_2P_BRAM' <Latency = 1> <II = 1> <Delay = 3.25> <Storage> <Opcode : 'load' 'store'> <Ports = 2> <Width = 8> <Depth = 49> <RAM>
ST_3 : Operation 67 [1/1] (0.00ns)   --->   "%br_ln18 = br void %arrayidx2.exit" [../src/conv.cpp:18]   --->   Operation 67 'br' 'br_ln18' <Predicate = (trunc_ln16 == 10)> <Delay = 0.00>
ST_3 : Operation 68 [1/1] ( I:3.25ns O:3.25ns )   --->   "%store_ln18 = store i8 %gmem0_addr_read, i6 %temp_9_addr" [../src/conv.cpp:18]   --->   Operation 68 'store' 'store_ln18' <Predicate = (trunc_ln16 == 9)> <Delay = 3.25> <CoreInst = "RAM_2P_BRAM">   --->   Core 90 'RAM_2P_BRAM' <Latency = 1> <II = 1> <Delay = 3.25> <Storage> <Opcode : 'load' 'store'> <Ports = 2> <Width = 8> <Depth = 49> <RAM>
ST_3 : Operation 69 [1/1] (0.00ns)   --->   "%br_ln18 = br void %arrayidx2.exit" [../src/conv.cpp:18]   --->   Operation 69 'br' 'br_ln18' <Predicate = (trunc_ln16 == 9)> <Delay = 0.00>
ST_3 : Operation 70 [1/1] ( I:3.25ns O:3.25ns )   --->   "%store_ln18 = store i8 %gmem0_addr_read, i6 %temp_8_addr" [../src/conv.cpp:18]   --->   Operation 70 'store' 'store_ln18' <Predicate = (trunc_ln16 == 8)> <Delay = 3.25> <CoreInst = "RAM_2P_BRAM">   --->   Core 90 'RAM_2P_BRAM' <Latency = 1> <II = 1> <Delay = 3.25> <Storage> <Opcode : 'load' 'store'> <Ports = 2> <Width = 8> <Depth = 49> <RAM>
ST_3 : Operation 71 [1/1] (0.00ns)   --->   "%br_ln18 = br void %arrayidx2.exit" [../src/conv.cpp:18]   --->   Operation 71 'br' 'br_ln18' <Predicate = (trunc_ln16 == 8)> <Delay = 0.00>
ST_3 : Operation 72 [1/1] ( I:3.25ns O:3.25ns )   --->   "%store_ln18 = store i8 %gmem0_addr_read, i6 %temp_7_addr" [../src/conv.cpp:18]   --->   Operation 72 'store' 'store_ln18' <Predicate = (trunc_ln16 == 7)> <Delay = 3.25> <CoreInst = "RAM_2P_BRAM">   --->   Core 90 'RAM_2P_BRAM' <Latency = 1> <II = 1> <Delay = 3.25> <Storage> <Opcode : 'load' 'store'> <Ports = 2> <Width = 8> <Depth = 49> <RAM>
ST_3 : Operation 73 [1/1] (0.00ns)   --->   "%br_ln18 = br void %arrayidx2.exit" [../src/conv.cpp:18]   --->   Operation 73 'br' 'br_ln18' <Predicate = (trunc_ln16 == 7)> <Delay = 0.00>
ST_3 : Operation 74 [1/1] ( I:3.25ns O:3.25ns )   --->   "%store_ln18 = store i8 %gmem0_addr_read, i6 %temp_6_addr" [../src/conv.cpp:18]   --->   Operation 74 'store' 'store_ln18' <Predicate = (trunc_ln16 == 6)> <Delay = 3.25> <CoreInst = "RAM_2P_BRAM">   --->   Core 90 'RAM_2P_BRAM' <Latency = 1> <II = 1> <Delay = 3.25> <Storage> <Opcode : 'load' 'store'> <Ports = 2> <Width = 8> <Depth = 49> <RAM>
ST_3 : Operation 75 [1/1] (0.00ns)   --->   "%br_ln18 = br void %arrayidx2.exit" [../src/conv.cpp:18]   --->   Operation 75 'br' 'br_ln18' <Predicate = (trunc_ln16 == 6)> <Delay = 0.00>
ST_3 : Operation 76 [1/1] ( I:3.25ns O:3.25ns )   --->   "%store_ln18 = store i8 %gmem0_addr_read, i6 %temp_5_addr" [../src/conv.cpp:18]   --->   Operation 76 'store' 'store_ln18' <Predicate = (trunc_ln16 == 5)> <Delay = 3.25> <CoreInst = "RAM_2P_BRAM">   --->   Core 90 'RAM_2P_BRAM' <Latency = 1> <II = 1> <Delay = 3.25> <Storage> <Opcode : 'load' 'store'> <Ports = 2> <Width = 8> <Depth = 49> <RAM>
ST_3 : Operation 77 [1/1] (0.00ns)   --->   "%br_ln18 = br void %arrayidx2.exit" [../src/conv.cpp:18]   --->   Operation 77 'br' 'br_ln18' <Predicate = (trunc_ln16 == 5)> <Delay = 0.00>
ST_3 : Operation 78 [1/1] ( I:3.25ns O:3.25ns )   --->   "%store_ln18 = store i8 %gmem0_addr_read, i6 %temp_4_addr" [../src/conv.cpp:18]   --->   Operation 78 'store' 'store_ln18' <Predicate = (trunc_ln16 == 4)> <Delay = 3.25> <CoreInst = "RAM_2P_BRAM">   --->   Core 90 'RAM_2P_BRAM' <Latency = 1> <II = 1> <Delay = 3.25> <Storage> <Opcode : 'load' 'store'> <Ports = 2> <Width = 8> <Depth = 49> <RAM>
ST_3 : Operation 79 [1/1] (0.00ns)   --->   "%br_ln18 = br void %arrayidx2.exit" [../src/conv.cpp:18]   --->   Operation 79 'br' 'br_ln18' <Predicate = (trunc_ln16 == 4)> <Delay = 0.00>
ST_3 : Operation 80 [1/1] ( I:3.25ns O:3.25ns )   --->   "%store_ln18 = store i8 %gmem0_addr_read, i6 %temp_3_addr" [../src/conv.cpp:18]   --->   Operation 80 'store' 'store_ln18' <Predicate = (trunc_ln16 == 3)> <Delay = 3.25> <CoreInst = "RAM_2P_BRAM">   --->   Core 90 'RAM_2P_BRAM' <Latency = 1> <II = 1> <Delay = 3.25> <Storage> <Opcode : 'load' 'store'> <Ports = 2> <Width = 8> <Depth = 49> <RAM>
ST_3 : Operation 81 [1/1] (0.00ns)   --->   "%br_ln18 = br void %arrayidx2.exit" [../src/conv.cpp:18]   --->   Operation 81 'br' 'br_ln18' <Predicate = (trunc_ln16 == 3)> <Delay = 0.00>
ST_3 : Operation 82 [1/1] ( I:3.25ns O:3.25ns )   --->   "%store_ln18 = store i8 %gmem0_addr_read, i6 %temp_2_addr" [../src/conv.cpp:18]   --->   Operation 82 'store' 'store_ln18' <Predicate = (trunc_ln16 == 2)> <Delay = 3.25> <CoreInst = "RAM_2P_BRAM">   --->   Core 90 'RAM_2P_BRAM' <Latency = 1> <II = 1> <Delay = 3.25> <Storage> <Opcode : 'load' 'store'> <Ports = 2> <Width = 8> <Depth = 49> <RAM>
ST_3 : Operation 83 [1/1] (0.00ns)   --->   "%br_ln18 = br void %arrayidx2.exit" [../src/conv.cpp:18]   --->   Operation 83 'br' 'br_ln18' <Predicate = (trunc_ln16 == 2)> <Delay = 0.00>
ST_3 : Operation 84 [1/1] ( I:3.25ns O:3.25ns )   --->   "%store_ln18 = store i8 %gmem0_addr_read, i6 %temp_1_addr" [../src/conv.cpp:18]   --->   Operation 84 'store' 'store_ln18' <Predicate = (trunc_ln16 == 1)> <Delay = 3.25> <CoreInst = "RAM_2P_BRAM">   --->   Core 90 'RAM_2P_BRAM' <Latency = 1> <II = 1> <Delay = 3.25> <Storage> <Opcode : 'load' 'store'> <Ports = 2> <Width = 8> <Depth = 49> <RAM>
ST_3 : Operation 85 [1/1] (0.00ns)   --->   "%br_ln18 = br void %arrayidx2.exit" [../src/conv.cpp:18]   --->   Operation 85 'br' 'br_ln18' <Predicate = (trunc_ln16 == 1)> <Delay = 0.00>
ST_3 : Operation 86 [1/1] ( I:3.25ns O:3.25ns )   --->   "%store_ln18 = store i8 %gmem0_addr_read, i6 %temp_addr" [../src/conv.cpp:18]   --->   Operation 86 'store' 'store_ln18' <Predicate = (trunc_ln16 == 0)> <Delay = 3.25> <CoreInst = "RAM_2P_BRAM">   --->   Core 90 'RAM_2P_BRAM' <Latency = 1> <II = 1> <Delay = 3.25> <Storage> <Opcode : 'load' 'store'> <Ports = 2> <Width = 8> <Depth = 49> <RAM>
ST_3 : Operation 87 [1/1] (0.00ns)   --->   "%br_ln18 = br void %arrayidx2.exit" [../src/conv.cpp:18]   --->   Operation 87 'br' 'br_ln18' <Predicate = (trunc_ln16 == 0)> <Delay = 0.00>
ST_3 : Operation 88 [1/1] ( I:3.25ns O:3.25ns )   --->   "%store_ln18 = store i8 %gmem0_addr_read, i6 %temp_15_addr" [../src/conv.cpp:18]   --->   Operation 88 'store' 'store_ln18' <Predicate = (trunc_ln16 == 15)> <Delay = 3.25> <CoreInst = "RAM_2P_BRAM">   --->   Core 90 'RAM_2P_BRAM' <Latency = 1> <II = 1> <Delay = 3.25> <Storage> <Opcode : 'load' 'store'> <Ports = 2> <Width = 8> <Depth = 49> <RAM>
ST_3 : Operation 89 [1/1] (0.00ns)   --->   "%br_ln18 = br void %arrayidx2.exit" [../src/conv.cpp:18]   --->   Operation 89 'br' 'br_ln18' <Predicate = (trunc_ln16 == 15)> <Delay = 0.00>


============================================================
+ Verbose Summary: Binding
============================================================
STG Binding: 
---------------- STG Properties BEGIN ----------------
- Is combinational: 0
- Is one-state seq: 0
- Is datapath-only: 0
- Is pipelined: 0
- Is top level: 0
Port [ Return ] is wired: 1; IO mode=ap_ctrl_hs:ce=0
Port [ gmem0]:  wired=1; compound=1; hidden=0; nouse=0; global=0; static=0; extern=0; dir=0; type=4; pingpong=0; private_global=0; IO mode=m_axi:ce=0
Port [ input_r]:  wired=1; compound=0; hidden=0; nouse=0; global=0; static=0; extern=0; dir=0; type=0; pingpong=0; private_global=0; IO mode=ap_none:ce=0
Port [ temp_15]:  wired=1; compound=1; hidden=0; nouse=0; global=0; static=0; extern=0; dir=1; type=1; pingpong=0; private_global=0; MemPort=[30]; IO mode=ap_memory:ce=0
Port [ temp_14]:  wired=1; compound=1; hidden=0; nouse=0; global=0; static=0; extern=0; dir=1; type=1; pingpong=0; private_global=0; MemPort=[30]; IO mode=ap_memory:ce=0
Port [ temp_13]:  wired=1; compound=1; hidden=0; nouse=0; global=0; static=0; extern=0; dir=1; type=1; pingpong=0; private_global=0; MemPort=[30]; IO mode=ap_memory:ce=0
Port [ temp_12]:  wired=1; compound=1; hidden=0; nouse=0; global=0; static=0; extern=0; dir=1; type=1; pingpong=0; private_global=0; MemPort=[30]; IO mode=ap_memory:ce=0
Port [ temp_11]:  wired=1; compound=1; hidden=0; nouse=0; global=0; static=0; extern=0; dir=1; type=1; pingpong=0; private_global=0; MemPort=[30]; IO mode=ap_memory:ce=0
Port [ temp_10]:  wired=1; compound=1; hidden=0; nouse=0; global=0; static=0; extern=0; dir=1; type=1; pingpong=0; private_global=0; MemPort=[30]; IO mode=ap_memory:ce=0
Port [ temp_9]:  wired=1; compound=1; hidden=0; nouse=0; global=0; static=0; extern=0; dir=1; type=1; pingpong=0; private_global=0; MemPort=[30]; IO mode=ap_memory:ce=0
Port [ temp_8]:  wired=1; compound=1; hidden=0; nouse=0; global=0; static=0; extern=0; dir=1; type=1; pingpong=0; private_global=0; MemPort=[30]; IO mode=ap_memory:ce=0
Port [ temp_7]:  wired=1; compound=1; hidden=0; nouse=0; global=0; static=0; extern=0; dir=1; type=1; pingpong=0; private_global=0; MemPort=[30]; IO mode=ap_memory:ce=0
Port [ temp_6]:  wired=1; compound=1; hidden=0; nouse=0; global=0; static=0; extern=0; dir=1; type=1; pingpong=0; private_global=0; MemPort=[30]; IO mode=ap_memory:ce=0
Port [ temp_5]:  wired=1; compound=1; hidden=0; nouse=0; global=0; static=0; extern=0; dir=1; type=1; pingpong=0; private_global=0; MemPort=[30]; IO mode=ap_memory:ce=0
Port [ temp_4]:  wired=1; compound=1; hidden=0; nouse=0; global=0; static=0; extern=0; dir=1; type=1; pingpong=0; private_global=0; MemPort=[30]; IO mode=ap_memory:ce=0
Port [ temp_3]:  wired=1; compound=1; hidden=0; nouse=0; global=0; static=0; extern=0; dir=1; type=1; pingpong=0; private_global=0; MemPort=[30]; IO mode=ap_memory:ce=0
Port [ temp_2]:  wired=1; compound=1; hidden=0; nouse=0; global=0; static=0; extern=0; dir=1; type=1; pingpong=0; private_global=0; MemPort=[30]; IO mode=ap_memory:ce=0
Port [ temp_1]:  wired=1; compound=1; hidden=0; nouse=0; global=0; static=0; extern=0; dir=1; type=1; pingpong=0; private_global=0; MemPort=[30]; IO mode=ap_memory:ce=0
Port [ temp]:  wired=1; compound=1; hidden=0; nouse=0; global=0; static=0; extern=0; dir=1; type=1; pingpong=0; private_global=0; MemPort=[30]; IO mode=ap_memory:ce=0
---------------- STG Properties END ------------------

---------------- Datapath Model BEGIN ----------------

<LifeTime>
<method=bitvector/>
i                      (alloca           ) [ 0100]
specmemcore_ln0        (specmemcore      ) [ 0000]
specmemcore_ln0        (specmemcore      ) [ 0000]
specmemcore_ln0        (specmemcore      ) [ 0000]
specmemcore_ln0        (specmemcore      ) [ 0000]
specmemcore_ln0        (specmemcore      ) [ 0000]
specmemcore_ln0        (specmemcore      ) [ 0000]
specmemcore_ln0        (specmemcore      ) [ 0000]
specmemcore_ln0        (specmemcore      ) [ 0000]
specmemcore_ln0        (specmemcore      ) [ 0000]
specmemcore_ln0        (specmemcore      ) [ 0000]
specmemcore_ln0        (specmemcore      ) [ 0000]
specmemcore_ln0        (specmemcore      ) [ 0000]
specmemcore_ln0        (specmemcore      ) [ 0000]
specmemcore_ln0        (specmemcore      ) [ 0000]
specmemcore_ln0        (specmemcore      ) [ 0000]
specmemcore_ln0        (specmemcore      ) [ 0000]
specinterface_ln0      (specinterface    ) [ 0000]
input_read             (read             ) [ 0000]
store_ln16             (store            ) [ 0000]
br_ln0                 (br               ) [ 0000]
i_4                    (load             ) [ 0000]
icmp_ln16              (icmp             ) [ 0110]
add_ln16               (add              ) [ 0000]
br_ln16                (br               ) [ 0000]
gmem0_addr             (getelementptr    ) [ 0110]
trunc_ln16             (trunc            ) [ 0111]
lshr_ln                (partselect       ) [ 0111]
switch_ln18            (switch           ) [ 0000]
store_ln16             (store            ) [ 0000]
br_ln16                (br               ) [ 0000]
gmem0_addr_read        (read             ) [ 0101]
specpipeline_ln17      (specpipeline     ) [ 0000]
speclooptripcount_ln16 (speclooptripcount) [ 0000]
specloopname_ln16      (specloopname     ) [ 0000]
zext_ln16              (zext             ) [ 0000]
temp_addr              (getelementptr    ) [ 0000]
temp_1_addr            (getelementptr    ) [ 0000]
temp_2_addr            (getelementptr    ) [ 0000]
temp_3_addr            (getelementptr    ) [ 0000]
temp_4_addr            (getelementptr    ) [ 0000]
temp_5_addr            (getelementptr    ) [ 0000]
temp_6_addr            (getelementptr    ) [ 0000]
temp_7_addr            (getelementptr    ) [ 0000]
temp_8_addr            (getelementptr    ) [ 0000]
temp_9_addr            (getelementptr    ) [ 0000]
temp_10_addr           (getelementptr    ) [ 0000]
temp_11_addr           (getelementptr    ) [ 0000]
temp_12_addr           (getelementptr    ) [ 0000]
temp_13_addr           (getelementptr    ) [ 0000]
temp_14_addr           (getelementptr    ) [ 0000]
temp_15_addr           (getelementptr    ) [ 0000]
store_ln18             (store            ) [ 0000]
br_ln18                (br               ) [ 0000]
store_ln18             (store            ) [ 0000]
br_ln18                (br               ) [ 0000]
store_ln18             (store            ) [ 0000]
br_ln18                (br               ) [ 0000]
store_ln18             (store            ) [ 0000]
br_ln18                (br               ) [ 0000]
store_ln18             (store            ) [ 0000]
br_ln18                (br               ) [ 0000]
store_ln18             (store            ) [ 0000]
br_ln18                (br               ) [ 0000]
store_ln18             (store            ) [ 0000]
br_ln18                (br               ) [ 0000]
store_ln18             (store            ) [ 0000]
br_ln18                (br               ) [ 0000]
store_ln18             (store            ) [ 0000]
br_ln18                (br               ) [ 0000]
store_ln18             (store            ) [ 0000]
br_ln18                (br               ) [ 0000]
store_ln18             (store            ) [ 0000]
br_ln18                (br               ) [ 0000]
store_ln18             (store            ) [ 0000]
br_ln18                (br               ) [ 0000]
store_ln18             (store            ) [ 0000]
br_ln18                (br               ) [ 0000]
store_ln18             (store            ) [ 0000]
br_ln18                (br               ) [ 0000]
store_ln18             (store            ) [ 0000]
br_ln18                (br               ) [ 0000]
store_ln18             (store            ) [ 0000]
br_ln18                (br               ) [ 0000]
ret_ln0                (ret              ) [ 0000]
</LifeTime>

<model>

<comp_list>
<comp id="0" class="1000" name="gmem0">
<pin_list>
<pin id="1" dir="1" index="0" bw="1" slack="0"/>
</pin_list>
<bind>
<StgValue><ssdm name="gmem0"/><MemPortTyVec>0 </MemPortTyVec>
</StgValue>
</bind>
</comp>

<comp id="2" class="1000" name="input_r">
<pin_list>
<pin id="3" dir="1" index="0" bw="1" slack="0"/>
</pin_list>
<bind>
<StgValue><ssdm name="input_r"/></StgValue>
</bind>
</comp>

<comp id="4" class="1000" name="temp_15">
<pin_list>
<pin id="5" dir="1" index="0" bw="1" slack="0"/>
</pin_list>
<bind>
<StgValue><ssdm name="temp_15"/><MemPortTyVec>3 0 </MemPortTyVec>
</StgValue>
</bind>
</comp>

<comp id="6" class="1000" name="temp_14">
<pin_list>
<pin id="7" dir="1" index="0" bw="1" slack="0"/>
</pin_list>
<bind>
<StgValue><ssdm name="temp_14"/><MemPortTyVec>3 0 </MemPortTyVec>
</StgValue>
</bind>
</comp>

<comp id="8" class="1000" name="temp_13">
<pin_list>
<pin id="9" dir="1" index="0" bw="1" slack="0"/>
</pin_list>
<bind>
<StgValue><ssdm name="temp_13"/><MemPortTyVec>3 0 </MemPortTyVec>
</StgValue>
</bind>
</comp>

<comp id="10" class="1000" name="temp_12">
<pin_list>
<pin id="11" dir="1" index="0" bw="1" slack="0"/>
</pin_list>
<bind>
<StgValue><ssdm name="temp_12"/><MemPortTyVec>3 0 </MemPortTyVec>
</StgValue>
</bind>
</comp>

<comp id="12" class="1000" name="temp_11">
<pin_list>
<pin id="13" dir="1" index="0" bw="1" slack="0"/>
</pin_list>
<bind>
<StgValue><ssdm name="temp_11"/><MemPortTyVec>3 0 </MemPortTyVec>
</StgValue>
</bind>
</comp>

<comp id="14" class="1000" name="temp_10">
<pin_list>
<pin id="15" dir="1" index="0" bw="1" slack="0"/>
</pin_list>
<bind>
<StgValue><ssdm name="temp_10"/><MemPortTyVec>3 0 </MemPortTyVec>
</StgValue>
</bind>
</comp>

<comp id="16" class="1000" name="temp_9">
<pin_list>
<pin id="17" dir="1" index="0" bw="1" slack="0"/>
</pin_list>
<bind>
<StgValue><ssdm name="temp_9"/><MemPortTyVec>3 0 </MemPortTyVec>
</StgValue>
</bind>
</comp>

<comp id="18" class="1000" name="temp_8">
<pin_list>
<pin id="19" dir="1" index="0" bw="1" slack="0"/>
</pin_list>
<bind>
<StgValue><ssdm name="temp_8"/><MemPortTyVec>3 0 </MemPortTyVec>
</StgValue>
</bind>
</comp>

<comp id="20" class="1000" name="temp_7">
<pin_list>
<pin id="21" dir="1" index="0" bw="1" slack="0"/>
</pin_list>
<bind>
<StgValue><ssdm name="temp_7"/><MemPortTyVec>3 0 </MemPortTyVec>
</StgValue>
</bind>
</comp>

<comp id="22" class="1000" name="temp_6">
<pin_list>
<pin id="23" dir="1" index="0" bw="1" slack="0"/>
</pin_list>
<bind>
<StgValue><ssdm name="temp_6"/><MemPortTyVec>3 0 </MemPortTyVec>
</StgValue>
</bind>
</comp>

<comp id="24" class="1000" name="temp_5">
<pin_list>
<pin id="25" dir="1" index="0" bw="1" slack="0"/>
</pin_list>
<bind>
<StgValue><ssdm name="temp_5"/><MemPortTyVec>3 0 </MemPortTyVec>
</StgValue>
</bind>
</comp>

<comp id="26" class="1000" name="temp_4">
<pin_list>
<pin id="27" dir="1" index="0" bw="1" slack="0"/>
</pin_list>
<bind>
<StgValue><ssdm name="temp_4"/><MemPortTyVec>3 0 </MemPortTyVec>
</StgValue>
</bind>
</comp>

<comp id="28" class="1000" name="temp_3">
<pin_list>
<pin id="29" dir="1" index="0" bw="1" slack="0"/>
</pin_list>
<bind>
<StgValue><ssdm name="temp_3"/><MemPortTyVec>3 0 </MemPortTyVec>
</StgValue>
</bind>
</comp>

<comp id="30" class="1000" name="temp_2">
<pin_list>
<pin id="31" dir="1" index="0" bw="1" slack="0"/>
</pin_list>
<bind>
<StgValue><ssdm name="temp_2"/><MemPortTyVec>3 0 </MemPortTyVec>
</StgValue>
</bind>
</comp>

<comp id="32" class="1000" name="temp_1">
<pin_list>
<pin id="33" dir="1" index="0" bw="1" slack="0"/>
</pin_list>
<bind>
<StgValue><ssdm name="temp_1"/><MemPortTyVec>3 0 </MemPortTyVec>
</StgValue>
</bind>
</comp>

<comp id="34" class="1000" name="temp">
<pin_list>
<pin id="35" dir="1" index="0" bw="1" slack="0"/>
</pin_list>
<bind>
<StgValue><ssdm name="temp"/><MemPortTyVec>3 0 </MemPortTyVec>
</StgValue>
</bind>
</comp>

<comp id="36" class="1001" name="const_36">
<pin_list>
<pin id="37" dir="1" index="0" bw="1" slack="0"/>
</pin_list>
<bind>
<StgValue><ssdm name=""/></StgValue>
</bind>
</comp>

<comp id="38" class="1001" name="const_38">
<pin_list>
<pin id="39" dir="1" index="0" bw="1" slack="2147483647"/>
</pin_list>
<bind>
<StgValue><ssdm name="_ssdm_op_SpecMemCore"/></StgValue>
</bind>
</comp>

<comp id="40" class="1001" name="const_40">
<pin_list>
<pin id="41" dir="1" index="0" bw="1" slack="2147483647"/>
</pin_list>
<bind>
<StgValue><ssdm name=""/></StgValue>
</bind>
</comp>

<comp id="42" class="1001" name="const_42">
<pin_list>
<pin id="43" dir="1" index="0" bw="1" slack="2147483647"/>
</pin_list>
<bind>
<StgValue><ssdm name=""/></StgValue>
</bind>
</comp>

<comp id="44" class="1001" name="const_44">
<pin_list>
<pin id="45" dir="1" index="0" bw="1" slack="2147483647"/>
</pin_list>
<bind>
<StgValue><ssdm name=""/></StgValue>
</bind>
</comp>

<comp id="46" class="1001" name="const_46">
<pin_list>
<pin id="47" dir="1" index="0" bw="1" slack="2147483647"/>
</pin_list>
<bind>
<StgValue><ssdm name=""/></StgValue>
</bind>
</comp>

<comp id="48" class="1001" name="const_48">
<pin_list>
<pin id="49" dir="1" index="0" bw="1" slack="2147483647"/>
</pin_list>
<bind>
<StgValue><ssdm name="_ssdm_op_SpecInterface"/></StgValue>
</bind>
</comp>

<comp id="50" class="1001" name="const_50">
<pin_list>
<pin id="51" dir="1" index="0" bw="1" slack="2147483647"/>
</pin_list>
<bind>
<StgValue><ssdm name="empty_21"/></StgValue>
</bind>
</comp>

<comp id="52" class="1001" name="const_52">
<pin_list>
<pin id="53" dir="1" index="0" bw="1" slack="2147483647"/>
</pin_list>
<bind>
<StgValue><ssdm name=""/></StgValue>
</bind>
</comp>

<comp id="54" class="1001" name="const_54">
<pin_list>
<pin id="55" dir="1" index="0" bw="1" slack="2147483647"/>
</pin_list>
<bind>
<StgValue><ssdm name="empty_22"/></StgValue>
</bind>
</comp>

<comp id="56" class="1001" name="const_56">
<pin_list>
<pin id="57" dir="1" index="0" bw="1" slack="2147483647"/>
</pin_list>
<bind>
<StgValue><ssdm name=""/></StgValue>
</bind>
</comp>

<comp id="58" class="1001" name="const_58">
<pin_list>
<pin id="59" dir="1" index="0" bw="1" slack="2147483647"/>
</pin_list>
<bind>
<StgValue><ssdm name="empty_14"/></StgValue>
</bind>
</comp>

<comp id="60" class="1001" name="const_60">
<pin_list>
<pin id="61" dir="1" index="0" bw="1" slack="2147483647"/>
</pin_list>
<bind>
<StgValue><ssdm name="empty"/></StgValue>
</bind>
</comp>

<comp id="62" class="1001" name="const_62">
<pin_list>
<pin id="63" dir="1" index="0" bw="1" slack="2147483647"/>
</pin_list>
<bind>
<StgValue><ssdm name=""/></StgValue>
</bind>
</comp>

<comp id="64" class="1001" name="const_64">
<pin_list>
<pin id="65" dir="1" index="0" bw="1" slack="2147483647"/>
</pin_list>
<bind>
<StgValue><ssdm name=""/></StgValue>
</bind>
</comp>

<comp id="66" class="1001" name="const_66">
<pin_list>
<pin id="67" dir="1" index="0" bw="1" slack="0"/>
</pin_list>
<bind>
<StgValue><ssdm name="_ssdm_op_Read.ap_auto.i64"/></StgValue>
</bind>
</comp>

<comp id="68" class="1001" name="const_68">
<pin_list>
<pin id="69" dir="1" index="0" bw="1" slack="0"/>
</pin_list>
<bind>
<StgValue><ssdm name=""/></StgValue>
</bind>
</comp>

<comp id="70" class="1001" name="const_70">
<pin_list>
<pin id="71" dir="1" index="0" bw="1" slack="0"/>
</pin_list>
<bind>
<StgValue><ssdm name=""/></StgValue>
</bind>
</comp>

<comp id="72" class="1001" name="const_72">
<pin_list>
<pin id="73" dir="1" index="0" bw="1" slack="0"/>
</pin_list>
<bind>
<StgValue><ssdm name=""/></StgValue>
</bind>
</comp>

<comp id="74" class="1001" name="const_74">
<pin_list>
<pin id="75" dir="1" index="0" bw="1" slack="0"/>
</pin_list>
<bind>
<StgValue><ssdm name="_ssdm_op_PartSelect.i6.i10.i32.i32"/></StgValue>
</bind>
</comp>

<comp id="76" class="1001" name="const_76">
<pin_list>
<pin id="77" dir="1" index="0" bw="1" slack="0"/>
</pin_list>
<bind>
<StgValue><ssdm name=""/></StgValue>
</bind>
</comp>

<comp id="78" class="1001" name="const_78">
<pin_list>
<pin id="79" dir="1" index="0" bw="1" slack="0"/>
</pin_list>
<bind>
<StgValue><ssdm name=""/></StgValue>
</bind>
</comp>

<comp id="80" class="1001" name="const_80">
<pin_list>
<pin id="81" dir="1" index="0" bw="1" slack="0"/>
</pin_list>
<bind>
<StgValue><ssdm name=""/></StgValue>
</bind>
</comp>

<comp id="82" class="1001" name="const_82">
<pin_list>
<pin id="83" dir="1" index="0" bw="1" slack="0"/>
</pin_list>
<bind>
<StgValue><ssdm name=""/></StgValue>
</bind>
</comp>

<comp id="84" class="1001" name="const_84">
<pin_list>
<pin id="85" dir="1" index="0" bw="1" slack="0"/>
</pin_list>
<bind>
<StgValue><ssdm name=""/></StgValue>
</bind>
</comp>

<comp id="86" class="1001" name="const_86">
<pin_list>
<pin id="87" dir="1" index="0" bw="1" slack="0"/>
</pin_list>
<bind>
<StgValue><ssdm name=""/></StgValue>
</bind>
</comp>

<comp id="88" class="1001" name="const_88">
<pin_list>
<pin id="89" dir="1" index="0" bw="1" slack="0"/>
</pin_list>
<bind>
<StgValue><ssdm name=""/></StgValue>
</bind>
</comp>

<comp id="90" class="1001" name="const_90">
<pin_list>
<pin id="91" dir="1" index="0" bw="1" slack="0"/>
</pin_list>
<bind>
<StgValue><ssdm name=""/></StgValue>
</bind>
</comp>

<comp id="92" class="1001" name="const_92">
<pin_list>
<pin id="93" dir="1" index="0" bw="1" slack="0"/>
</pin_list>
<bind>
<StgValue><ssdm name=""/></StgValue>
</bind>
</comp>

<comp id="94" class="1001" name="const_94">
<pin_list>
<pin id="95" dir="1" index="0" bw="1" slack="0"/>
</pin_list>
<bind>
<StgValue><ssdm name=""/></StgValue>
</bind>
</comp>

<comp id="96" class="1001" name="const_96">
<pin_list>
<pin id="97" dir="1" index="0" bw="1" slack="0"/>
</pin_list>
<bind>
<StgValue><ssdm name=""/></StgValue>
</bind>
</comp>

<comp id="98" class="1001" name="const_98">
<pin_list>
<pin id="99" dir="1" index="0" bw="1" slack="0"/>
</pin_list>
<bind>
<StgValue><ssdm name=""/></StgValue>
</bind>
</comp>

<comp id="100" class="1001" name="const_100">
<pin_list>
<pin id="101" dir="1" index="0" bw="1" slack="0"/>
</pin_list>
<bind>
<StgValue><ssdm name=""/></StgValue>
</bind>
</comp>

<comp id="102" class="1001" name="const_102">
<pin_list>
<pin id="103" dir="1" index="0" bw="1" slack="0"/>
</pin_list>
<bind>
<StgValue><ssdm name=""/></StgValue>
</bind>
</comp>

<comp id="104" class="1001" name="const_104">
<pin_list>
<pin id="105" dir="1" index="0" bw="1" slack="0"/>
</pin_list>
<bind>
<StgValue><ssdm name=""/></StgValue>
</bind>
</comp>

<comp id="106" class="1001" name="const_106">
<pin_list>
<pin id="107" dir="1" index="0" bw="1" slack="0"/>
</pin_list>
<bind>
<StgValue><ssdm name=""/></StgValue>
</bind>
</comp>

<comp id="108" class="1001" name="const_108">
<pin_list>
<pin id="109" dir="1" index="0" bw="1" slack="0"/>
</pin_list>
<bind>
<StgValue><ssdm name=""/></StgValue>
</bind>
</comp>

<comp id="110" class="1001" name="const_110">
<pin_list>
<pin id="111" dir="1" index="0" bw="1" slack="0"/>
</pin_list>
<bind>
<StgValue><ssdm name="_ssdm_op_Read.m_axi.i8.p1i8"/></StgValue>
</bind>
</comp>

<comp id="112" class="1001" name="const_112">
<pin_list>
<pin id="113" dir="1" index="0" bw="1" slack="2147483647"/>
</pin_list>
<bind>
<StgValue><ssdm name="_ssdm_op_SpecPipeline"/></StgValue>
</bind>
</comp>

<comp id="114" class="1001" name="const_114">
<pin_list>
<pin id="115" dir="1" index="0" bw="1" slack="2147483647"/>
</pin_list>
<bind>
<StgValue><ssdm name="_ssdm_op_SpecLoopTripCount"/></StgValue>
</bind>
</comp>

<comp id="116" class="1001" name="const_116">
<pin_list>
<pin id="117" dir="1" index="0" bw="1" slack="2147483647"/>
</pin_list>
<bind>
<StgValue><ssdm name=""/></StgValue>
</bind>
</comp>

<comp id="118" class="1001" name="const_118">
<pin_list>
<pin id="119" dir="1" index="0" bw="1" slack="2147483647"/>
</pin_list>
<bind>
<StgValue><ssdm name="_ssdm_op_SpecLoopName"/></StgValue>
</bind>
</comp>

<comp id="120" class="1001" name="const_120">
<pin_list>
<pin id="121" dir="1" index="0" bw="1" slack="2147483647"/>
</pin_list>
<bind>
<StgValue><ssdm name="empty_6"/></StgValue>
</bind>
</comp>

<comp id="122" class="1001" name="const_122">
<pin_list>
<pin id="123" dir="1" index="0" bw="1" slack="0"/>
</pin_list>
<bind>
<StgValue><ssdm name=""/></StgValue>
</bind>
</comp>

<comp id="124" class="1004" name="i_fu_124">
<pin_list>
<pin id="125" dir="0" index="0" bw="1" slack="0"/>
<pin id="126" dir="1" index="1" bw="10" slack="0"/>
</pin_list>
<bind>
<opcode="alloca(26) " fcode="alloca"/>
<opset="i/1 "/>
</bind>
</comp>

<comp id="128" class="1004" name="input_read_read_fu_128">
<pin_list>
<pin id="129" dir="0" index="0" bw="64" slack="0"/>
<pin id="130" dir="0" index="1" bw="64" slack="0"/>
<pin id="131" dir="1" index="2" bw="64" slack="0"/>
</pin_list>
<bind>
<opcode="read(1150) " fcode="read"/>
<opset="input_read/1 "/>
</bind>
</comp>

<comp id="134" class="1004" name="temp_addr_gep_fu_134">
<pin_list>
<pin id="135" dir="0" index="0" bw="8" slack="0"/>
<pin id="136" dir="0" index="1" bw="1" slack="0"/>
<pin id="137" dir="0" index="2" bw="6" slack="0"/>
<pin id="138" dir="1" index="3" bw="6" slack="0"/>
</pin_list>
<bind>
<opcode="getelementptr(29) " fcode="getelementptr"/>
<opset="temp_addr/3 "/>
</bind>
</comp>

<comp id="141" class="1004" name="temp_1_addr_gep_fu_141">
<pin_list>
<pin id="142" dir="0" index="0" bw="8" slack="0"/>
<pin id="143" dir="0" index="1" bw="1" slack="0"/>
<pin id="144" dir="0" index="2" bw="6" slack="0"/>
<pin id="145" dir="1" index="3" bw="6" slack="0"/>
</pin_list>
<bind>
<opcode="getelementptr(29) " fcode="getelementptr"/>
<opset="temp_1_addr/3 "/>
</bind>
</comp>

<comp id="148" class="1004" name="temp_2_addr_gep_fu_148">
<pin_list>
<pin id="149" dir="0" index="0" bw="8" slack="0"/>
<pin id="150" dir="0" index="1" bw="1" slack="0"/>
<pin id="151" dir="0" index="2" bw="6" slack="0"/>
<pin id="152" dir="1" index="3" bw="6" slack="0"/>
</pin_list>
<bind>
<opcode="getelementptr(29) " fcode="getelementptr"/>
<opset="temp_2_addr/3 "/>
</bind>
</comp>

<comp id="155" class="1004" name="temp_3_addr_gep_fu_155">
<pin_list>
<pin id="156" dir="0" index="0" bw="8" slack="0"/>
<pin id="157" dir="0" index="1" bw="1" slack="0"/>
<pin id="158" dir="0" index="2" bw="6" slack="0"/>
<pin id="159" dir="1" index="3" bw="6" slack="0"/>
</pin_list>
<bind>
<opcode="getelementptr(29) " fcode="getelementptr"/>
<opset="temp_3_addr/3 "/>
</bind>
</comp>

<comp id="162" class="1004" name="temp_4_addr_gep_fu_162">
<pin_list>
<pin id="163" dir="0" index="0" bw="8" slack="0"/>
<pin id="164" dir="0" index="1" bw="1" slack="0"/>
<pin id="165" dir="0" index="2" bw="6" slack="0"/>
<pin id="166" dir="1" index="3" bw="6" slack="0"/>
</pin_list>
<bind>
<opcode="getelementptr(29) " fcode="getelementptr"/>
<opset="temp_4_addr/3 "/>
</bind>
</comp>

<comp id="169" class="1004" name="temp_5_addr_gep_fu_169">
<pin_list>
<pin id="170" dir="0" index="0" bw="8" slack="0"/>
<pin id="171" dir="0" index="1" bw="1" slack="0"/>
<pin id="172" dir="0" index="2" bw="6" slack="0"/>
<pin id="173" dir="1" index="3" bw="6" slack="0"/>
</pin_list>
<bind>
<opcode="getelementptr(29) " fcode="getelementptr"/>
<opset="temp_5_addr/3 "/>
</bind>
</comp>

<comp id="176" class="1004" name="temp_6_addr_gep_fu_176">
<pin_list>
<pin id="177" dir="0" index="0" bw="8" slack="0"/>
<pin id="178" dir="0" index="1" bw="1" slack="0"/>
<pin id="179" dir="0" index="2" bw="6" slack="0"/>
<pin id="180" dir="1" index="3" bw="6" slack="0"/>
</pin_list>
<bind>
<opcode="getelementptr(29) " fcode="getelementptr"/>
<opset="temp_6_addr/3 "/>
</bind>
</comp>

<comp id="183" class="1004" name="temp_7_addr_gep_fu_183">
<pin_list>
<pin id="184" dir="0" index="0" bw="8" slack="0"/>
<pin id="185" dir="0" index="1" bw="1" slack="0"/>
<pin id="186" dir="0" index="2" bw="6" slack="0"/>
<pin id="187" dir="1" index="3" bw="6" slack="0"/>
</pin_list>
<bind>
<opcode="getelementptr(29) " fcode="getelementptr"/>
<opset="temp_7_addr/3 "/>
</bind>
</comp>

<comp id="190" class="1004" name="temp_8_addr_gep_fu_190">
<pin_list>
<pin id="191" dir="0" index="0" bw="8" slack="0"/>
<pin id="192" dir="0" index="1" bw="1" slack="0"/>
<pin id="193" dir="0" index="2" bw="6" slack="0"/>
<pin id="194" dir="1" index="3" bw="6" slack="0"/>
</pin_list>
<bind>
<opcode="getelementptr(29) " fcode="getelementptr"/>
<opset="temp_8_addr/3 "/>
</bind>
</comp>

<comp id="197" class="1004" name="temp_9_addr_gep_fu_197">
<pin_list>
<pin id="198" dir="0" index="0" bw="8" slack="0"/>
<pin id="199" dir="0" index="1" bw="1" slack="0"/>
<pin id="200" dir="0" index="2" bw="6" slack="0"/>
<pin id="201" dir="1" index="3" bw="6" slack="0"/>
</pin_list>
<bind>
<opcode="getelementptr(29) " fcode="getelementptr"/>
<opset="temp_9_addr/3 "/>
</bind>
</comp>

<comp id="204" class="1004" name="temp_10_addr_gep_fu_204">
<pin_list>
<pin id="205" dir="0" index="0" bw="8" slack="0"/>
<pin id="206" dir="0" index="1" bw="1" slack="0"/>
<pin id="207" dir="0" index="2" bw="6" slack="0"/>
<pin id="208" dir="1" index="3" bw="6" slack="0"/>
</pin_list>
<bind>
<opcode="getelementptr(29) " fcode="getelementptr"/>
<opset="temp_10_addr/3 "/>
</bind>
</comp>

<comp id="211" class="1004" name="temp_11_addr_gep_fu_211">
<pin_list>
<pin id="212" dir="0" index="0" bw="8" slack="0"/>
<pin id="213" dir="0" index="1" bw="1" slack="0"/>
<pin id="214" dir="0" index="2" bw="6" slack="0"/>
<pin id="215" dir="1" index="3" bw="6" slack="0"/>
</pin_list>
<bind>
<opcode="getelementptr(29) " fcode="getelementptr"/>
<opset="temp_11_addr/3 "/>
</bind>
</comp>

<comp id="218" class="1004" name="temp_12_addr_gep_fu_218">
<pin_list>
<pin id="219" dir="0" index="0" bw="8" slack="0"/>
<pin id="220" dir="0" index="1" bw="1" slack="0"/>
<pin id="221" dir="0" index="2" bw="6" slack="0"/>
<pin id="222" dir="1" index="3" bw="6" slack="0"/>
</pin_list>
<bind>
<opcode="getelementptr(29) " fcode="getelementptr"/>
<opset="temp_12_addr/3 "/>
</bind>
</comp>

<comp id="225" class="1004" name="temp_13_addr_gep_fu_225">
<pin_list>
<pin id="226" dir="0" index="0" bw="8" slack="0"/>
<pin id="227" dir="0" index="1" bw="1" slack="0"/>
<pin id="228" dir="0" index="2" bw="6" slack="0"/>
<pin id="229" dir="1" index="3" bw="6" slack="0"/>
</pin_list>
<bind>
<opcode="getelementptr(29) " fcode="getelementptr"/>
<opset="temp_13_addr/3 "/>
</bind>
</comp>

<comp id="232" class="1004" name="temp_14_addr_gep_fu_232">
<pin_list>
<pin id="233" dir="0" index="0" bw="8" slack="0"/>
<pin id="234" dir="0" index="1" bw="1" slack="0"/>
<pin id="235" dir="0" index="2" bw="6" slack="0"/>
<pin id="236" dir="1" index="3" bw="6" slack="0"/>
</pin_list>
<bind>
<opcode="getelementptr(29) " fcode="getelementptr"/>
<opset="temp_14_addr/3 "/>
</bind>
</comp>

<comp id="239" class="1004" name="temp_15_addr_gep_fu_239">
<pin_list>
<pin id="240" dir="0" index="0" bw="8" slack="0"/>
<pin id="241" dir="0" index="1" bw="1" slack="0"/>
<pin id="242" dir="0" index="2" bw="6" slack="0"/>
<pin id="243" dir="1" index="3" bw="6" slack="0"/>
</pin_list>
<bind>
<opcode="getelementptr(29) " fcode="getelementptr"/>
<opset="temp_15_addr/3 "/>
</bind>
</comp>

<comp id="246" class="1004" name="store_ln18_access_fu_246">
<pin_list>
<pin id="247" dir="0" index="0" bw="6" slack="2147483647"/>
<pin id="248" dir="0" index="1" bw="8" slack="2147483647"/>
<pin id="249" dir="0" index="2" bw="0" slack="0"/>
<pin id="251" dir="0" index="4" bw="6" slack="1"/>
<pin id="252" dir="0" index="5" bw="8" slack="2147483647"/>
<pin id="253" dir="0" index="6" bw="0" slack="2147483647"/>
<pin id="250" dir="1" index="3" bw="8" slack="2147483647"/>
<pin id="254" dir="1" index="7" bw="8" slack="2147483647"/>
</pin_list>
<bind>
<opcode="store(28) " fcode="store"/>
<opset="store_ln18/3 "/>
</bind>
</comp>

<comp id="256" class="1004" name="store_ln18_access_fu_256">
<pin_list>
<pin id="257" dir="0" index="0" bw="6" slack="2147483647"/>
<pin id="258" dir="0" index="1" bw="8" slack="2147483647"/>
<pin id="259" dir="0" index="2" bw="0" slack="0"/>
<pin id="261" dir="0" index="4" bw="6" slack="1"/>
<pin id="262" dir="0" index="5" bw="8" slack="2147483647"/>
<pin id="263" dir="0" index="6" bw="0" slack="2147483647"/>
<pin id="260" dir="1" index="3" bw="8" slack="2147483647"/>
<pin id="264" dir="1" index="7" bw="8" slack="2147483647"/>
</pin_list>
<bind>
<opcode="store(28) " fcode="store"/>
<opset="store_ln18/3 "/>
</bind>
</comp>

<comp id="266" class="1004" name="store_ln18_access_fu_266">
<pin_list>
<pin id="267" dir="0" index="0" bw="6" slack="2147483647"/>
<pin id="268" dir="0" index="1" bw="8" slack="2147483647"/>
<pin id="269" dir="0" index="2" bw="0" slack="0"/>
<pin id="271" dir="0" index="4" bw="6" slack="1"/>
<pin id="272" dir="0" index="5" bw="8" slack="2147483647"/>
<pin id="273" dir="0" index="6" bw="0" slack="2147483647"/>
<pin id="270" dir="1" index="3" bw="8" slack="2147483647"/>
<pin id="274" dir="1" index="7" bw="8" slack="2147483647"/>
</pin_list>
<bind>
<opcode="store(28) " fcode="store"/>
<opset="store_ln18/3 "/>
</bind>
</comp>

<comp id="276" class="1004" name="store_ln18_access_fu_276">
<pin_list>
<pin id="277" dir="0" index="0" bw="6" slack="2147483647"/>
<pin id="278" dir="0" index="1" bw="8" slack="2147483647"/>
<pin id="279" dir="0" index="2" bw="0" slack="0"/>
<pin id="281" dir="0" index="4" bw="6" slack="1"/>
<pin id="282" dir="0" index="5" bw="8" slack="2147483647"/>
<pin id="283" dir="0" index="6" bw="0" slack="2147483647"/>
<pin id="280" dir="1" index="3" bw="8" slack="2147483647"/>
<pin id="284" dir="1" index="7" bw="8" slack="2147483647"/>
</pin_list>
<bind>
<opcode="store(28) " fcode="store"/>
<opset="store_ln18/3 "/>
</bind>
</comp>

<comp id="286" class="1004" name="store_ln18_access_fu_286">
<pin_list>
<pin id="287" dir="0" index="0" bw="6" slack="2147483647"/>
<pin id="288" dir="0" index="1" bw="8" slack="2147483647"/>
<pin id="289" dir="0" index="2" bw="0" slack="0"/>
<pin id="291" dir="0" index="4" bw="6" slack="1"/>
<pin id="292" dir="0" index="5" bw="8" slack="2147483647"/>
<pin id="293" dir="0" index="6" bw="0" slack="2147483647"/>
<pin id="290" dir="1" index="3" bw="8" slack="2147483647"/>
<pin id="294" dir="1" index="7" bw="8" slack="2147483647"/>
</pin_list>
<bind>
<opcode="store(28) " fcode="store"/>
<opset="store_ln18/3 "/>
</bind>
</comp>

<comp id="296" class="1004" name="store_ln18_access_fu_296">
<pin_list>
<pin id="297" dir="0" index="0" bw="6" slack="2147483647"/>
<pin id="298" dir="0" index="1" bw="8" slack="2147483647"/>
<pin id="299" dir="0" index="2" bw="0" slack="0"/>
<pin id="301" dir="0" index="4" bw="6" slack="1"/>
<pin id="302" dir="0" index="5" bw="8" slack="2147483647"/>
<pin id="303" dir="0" index="6" bw="0" slack="2147483647"/>
<pin id="300" dir="1" index="3" bw="8" slack="2147483647"/>
<pin id="304" dir="1" index="7" bw="8" slack="2147483647"/>
</pin_list>
<bind>
<opcode="store(28) " fcode="store"/>
<opset="store_ln18/3 "/>
</bind>
</comp>

<comp id="306" class="1004" name="store_ln18_access_fu_306">
<pin_list>
<pin id="307" dir="0" index="0" bw="6" slack="2147483647"/>
<pin id="308" dir="0" index="1" bw="8" slack="2147483647"/>
<pin id="309" dir="0" index="2" bw="0" slack="0"/>
<pin id="311" dir="0" index="4" bw="6" slack="1"/>
<pin id="312" dir="0" index="5" bw="8" slack="2147483647"/>
<pin id="313" dir="0" index="6" bw="0" slack="2147483647"/>
<pin id="310" dir="1" index="3" bw="8" slack="2147483647"/>
<pin id="314" dir="1" index="7" bw="8" slack="2147483647"/>
</pin_list>
<bind>
<opcode="store(28) " fcode="store"/>
<opset="store_ln18/3 "/>
</bind>
</comp>

<comp id="316" class="1004" name="store_ln18_access_fu_316">
<pin_list>
<pin id="317" dir="0" index="0" bw="6" slack="2147483647"/>
<pin id="318" dir="0" index="1" bw="8" slack="2147483647"/>
<pin id="319" dir="0" index="2" bw="0" slack="0"/>
<pin id="321" dir="0" index="4" bw="6" slack="1"/>
<pin id="322" dir="0" index="5" bw="8" slack="2147483647"/>
<pin id="323" dir="0" index="6" bw="0" slack="2147483647"/>
<pin id="320" dir="1" index="3" bw="8" slack="2147483647"/>
<pin id="324" dir="1" index="7" bw="8" slack="2147483647"/>
</pin_list>
<bind>
<opcode="store(28) " fcode="store"/>
<opset="store_ln18/3 "/>
</bind>
</comp>

<comp id="326" class="1004" name="store_ln18_access_fu_326">
<pin_list>
<pin id="327" dir="0" index="0" bw="6" slack="2147483647"/>
<pin id="328" dir="0" index="1" bw="8" slack="2147483647"/>
<pin id="329" dir="0" index="2" bw="0" slack="0"/>
<pin id="331" dir="0" index="4" bw="6" slack="1"/>
<pin id="332" dir="0" index="5" bw="8" slack="2147483647"/>
<pin id="333" dir="0" index="6" bw="0" slack="2147483647"/>
<pin id="330" dir="1" index="3" bw="8" slack="2147483647"/>
<pin id="334" dir="1" index="7" bw="8" slack="2147483647"/>
</pin_list>
<bind>
<opcode="store(28) " fcode="store"/>
<opset="store_ln18/3 "/>
</bind>
</comp>

<comp id="336" class="1004" name="store_ln18_access_fu_336">
<pin_list>
<pin id="337" dir="0" index="0" bw="6" slack="2147483647"/>
<pin id="338" dir="0" index="1" bw="8" slack="2147483647"/>
<pin id="339" dir="0" index="2" bw="0" slack="0"/>
<pin id="341" dir="0" index="4" bw="6" slack="1"/>
<pin id="342" dir="0" index="5" bw="8" slack="2147483647"/>
<pin id="343" dir="0" index="6" bw="0" slack="2147483647"/>
<pin id="340" dir="1" index="3" bw="8" slack="2147483647"/>
<pin id="344" dir="1" index="7" bw="8" slack="2147483647"/>
</pin_list>
<bind>
<opcode="store(28) " fcode="store"/>
<opset="store_ln18/3 "/>
</bind>
</comp>

<comp id="346" class="1004" name="store_ln18_access_fu_346">
<pin_list>
<pin id="347" dir="0" index="0" bw="6" slack="2147483647"/>
<pin id="348" dir="0" index="1" bw="8" slack="2147483647"/>
<pin id="349" dir="0" index="2" bw="0" slack="0"/>
<pin id="351" dir="0" index="4" bw="6" slack="1"/>
<pin id="352" dir="0" index="5" bw="8" slack="2147483647"/>
<pin id="353" dir="0" index="6" bw="0" slack="2147483647"/>
<pin id="350" dir="1" index="3" bw="8" slack="2147483647"/>
<pin id="354" dir="1" index="7" bw="8" slack="2147483647"/>
</pin_list>
<bind>
<opcode="store(28) " fcode="store"/>
<opset="store_ln18/3 "/>
</bind>
</comp>

<comp id="356" class="1004" name="store_ln18_access_fu_356">
<pin_list>
<pin id="357" dir="0" index="0" bw="6" slack="2147483647"/>
<pin id="358" dir="0" index="1" bw="8" slack="2147483647"/>
<pin id="359" dir="0" index="2" bw="0" slack="0"/>
<pin id="361" dir="0" index="4" bw="6" slack="1"/>
<pin id="362" dir="0" index="5" bw="8" slack="2147483647"/>
<pin id="363" dir="0" index="6" bw="0" slack="2147483647"/>
<pin id="360" dir="1" index="3" bw="8" slack="2147483647"/>
<pin id="364" dir="1" index="7" bw="8" slack="2147483647"/>
</pin_list>
<bind>
<opcode="store(28) " fcode="store"/>
<opset="store_ln18/3 "/>
</bind>
</comp>

<comp id="366" class="1004" name="store_ln18_access_fu_366">
<pin_list>
<pin id="367" dir="0" index="0" bw="6" slack="2147483647"/>
<pin id="368" dir="0" index="1" bw="8" slack="2147483647"/>
<pin id="369" dir="0" index="2" bw="0" slack="0"/>
<pin id="371" dir="0" index="4" bw="6" slack="1"/>
<pin id="372" dir="0" index="5" bw="8" slack="2147483647"/>
<pin id="373" dir="0" index="6" bw="0" slack="2147483647"/>
<pin id="370" dir="1" index="3" bw="8" slack="2147483647"/>
<pin id="374" dir="1" index="7" bw="8" slack="2147483647"/>
</pin_list>
<bind>
<opcode="store(28) " fcode="store"/>
<opset="store_ln18/3 "/>
</bind>
</comp>

<comp id="376" class="1004" name="store_ln18_access_fu_376">
<pin_list>
<pin id="377" dir="0" index="0" bw="6" slack="2147483647"/>
<pin id="378" dir="0" index="1" bw="8" slack="2147483647"/>
<pin id="379" dir="0" index="2" bw="0" slack="0"/>
<pin id="381" dir="0" index="4" bw="6" slack="1"/>
<pin id="382" dir="0" index="5" bw="8" slack="2147483647"/>
<pin id="383" dir="0" index="6" bw="0" slack="2147483647"/>
<pin id="380" dir="1" index="3" bw="8" slack="2147483647"/>
<pin id="384" dir="1" index="7" bw="8" slack="2147483647"/>
</pin_list>
<bind>
<opcode="store(28) " fcode="store"/>
<opset="store_ln18/3 "/>
</bind>
</comp>

<comp id="386" class="1004" name="store_ln18_access_fu_386">
<pin_list>
<pin id="387" dir="0" index="0" bw="6" slack="2147483647"/>
<pin id="388" dir="0" index="1" bw="8" slack="2147483647"/>
<pin id="389" dir="0" index="2" bw="0" slack="0"/>
<pin id="391" dir="0" index="4" bw="6" slack="1"/>
<pin id="392" dir="0" index="5" bw="8" slack="2147483647"/>
<pin id="393" dir="0" index="6" bw="0" slack="2147483647"/>
<pin id="390" dir="1" index="3" bw="8" slack="2147483647"/>
<pin id="394" dir="1" index="7" bw="8" slack="2147483647"/>
</pin_list>
<bind>
<opcode="store(28) " fcode="store"/>
<opset="store_ln18/3 "/>
</bind>
</comp>

<comp id="396" class="1004" name="store_ln18_access_fu_396">
<pin_list>
<pin id="397" dir="0" index="0" bw="6" slack="2147483647"/>
<pin id="398" dir="0" index="1" bw="8" slack="2147483647"/>
<pin id="399" dir="0" index="2" bw="0" slack="0"/>
<pin id="401" dir="0" index="4" bw="6" slack="1"/>
<pin id="402" dir="0" index="5" bw="8" slack="2147483647"/>
<pin id="403" dir="0" index="6" bw="0" slack="2147483647"/>
<pin id="400" dir="1" index="3" bw="8" slack="2147483647"/>
<pin id="404" dir="1" index="7" bw="8" slack="2147483647"/>
</pin_list>
<bind>
<opcode="store(28) " fcode="store"/>
<opset="store_ln18/3 "/>
</bind>
</comp>

<comp id="406" class="1004" name="gmem0_addr_read_read_fu_406">
<pin_list>
<pin id="407" dir="0" index="0" bw="8" slack="0"/>
<pin id="408" dir="0" index="1" bw="8" slack="1"/>
<pin id="409" dir="1" index="2" bw="8" slack="1"/>
</pin_list>
<bind>
<opcode="read(1150) " fcode="read"/>
<opset="gmem0_addr_read/2 "/>
</bind>
</comp>

<comp id="411" class="1004" name="store_ln16_store_fu_411">
<pin_list>
<pin id="412" dir="0" index="0" bw="1" slack="0"/>
<pin id="413" dir="0" index="1" bw="10" slack="0"/>
<pin id="414" dir="1" index="2" bw="0" slack="2147483647"/>
</pin_list>
<bind>
<opcode="store(28) " fcode="store"/>
<opset="store_ln16/1 "/>
</bind>
</comp>

<comp id="416" class="1004" name="i_4_load_fu_416">
<pin_list>
<pin id="417" dir="0" index="0" bw="10" slack="0"/>
<pin id="418" dir="1" index="1" bw="10" slack="0"/>
</pin_list>
<bind>
<opcode="load(27) " fcode="load"/>
<opset="i_4/1 "/>
</bind>
</comp>

<comp id="419" class="1004" name="icmp_ln16_fu_419">
<pin_list>
<pin id="420" dir="0" index="0" bw="10" slack="0"/>
<pin id="421" dir="0" index="1" bw="9" slack="0"/>
<pin id="422" dir="1" index="2" bw="1" slack="1"/>
</pin_list>
<bind>
<opcode="icmp(45) " fcode="icmp"/>
<opset="icmp_ln16/1 "/>
</bind>
</comp>

<comp id="425" class="1004" name="add_ln16_fu_425">
<pin_list>
<pin id="426" dir="0" index="0" bw="10" slack="0"/>
<pin id="427" dir="0" index="1" bw="1" slack="0"/>
<pin id="428" dir="1" index="2" bw="10" slack="0"/>
</pin_list>
<bind>
<opcode="add(8) " fcode="add"/>
<opset="add_ln16/1 "/>
</bind>
</comp>

<comp id="431" class="1004" name="gmem0_addr_fu_431">
<pin_list>
<pin id="432" dir="0" index="0" bw="8" slack="0"/>
<pin id="433" dir="0" index="1" bw="64" slack="0"/>
<pin id="434" dir="1" index="2" bw="8" slack="1"/>
</pin_list>
<bind>
<opcode="getelementptr(29) " fcode="getelementptr"/>
<opset="gmem0_addr/1 "/>
</bind>
</comp>

<comp id="437" class="1004" name="trunc_ln16_fu_437">
<pin_list>
<pin id="438" dir="0" index="0" bw="10" slack="0"/>
<pin id="439" dir="1" index="1" bw="4" slack="0"/>
</pin_list>
<bind>
<opcode="trunc(33) " fcode="trunc"/>
<opset="trunc_ln16/1 "/>
</bind>
</comp>

<comp id="441" class="1004" name="lshr_ln_fu_441">
<pin_list>
<pin id="442" dir="0" index="0" bw="6" slack="0"/>
<pin id="443" dir="0" index="1" bw="10" slack="0"/>
<pin id="444" dir="0" index="2" bw="4" slack="0"/>
<pin id="445" dir="0" index="3" bw="5" slack="0"/>
<pin id="446" dir="1" index="4" bw="6" slack="2"/>
</pin_list>
<bind>
<opcode="partselect(1002) " fcode="partselect"/>
<opset="lshr_ln/1 "/>
</bind>
</comp>

<comp id="451" class="1004" name="switch_ln18_fu_451">
<pin_list>
<pin id="452" dir="0" index="0" bw="4" slack="0"/>
<pin id="453" dir="0" index="1" bw="1" slack="0"/>
<pin id="454" dir="0" index="2" bw="1" slack="0"/>
<pin id="455" dir="0" index="3" bw="3" slack="0"/>
<pin id="456" dir="0" index="4" bw="3" slack="0"/>
<pin id="457" dir="0" index="5" bw="4" slack="0"/>
<pin id="458" dir="0" index="6" bw="4" slack="0"/>
<pin id="459" dir="0" index="7" bw="4" slack="0"/>
<pin id="460" dir="0" index="8" bw="4" slack="0"/>
<pin id="461" dir="0" index="9" bw="4" slack="0"/>
<pin id="462" dir="0" index="10" bw="4" slack="0"/>
<pin id="463" dir="0" index="11" bw="4" slack="0"/>
<pin id="464" dir="0" index="12" bw="4" slack="0"/>
<pin id="465" dir="0" index="13" bw="3" slack="0"/>
<pin id="466" dir="0" index="14" bw="3" slack="0"/>
<pin id="467" dir="0" index="15" bw="2" slack="0"/>
<pin id="468" dir="1" index="16" bw="0" slack="2147483647"/>
</pin_list>
<bind>
<opcode="switch(3) " fcode="switch"/>
<opset="switch_ln18/1 "/>
</bind>
</comp>

<comp id="485" class="1004" name="store_ln16_store_fu_485">
<pin_list>
<pin id="486" dir="0" index="0" bw="10" slack="0"/>
<pin id="487" dir="0" index="1" bw="10" slack="0"/>
<pin id="488" dir="1" index="2" bw="0" slack="2147483647"/>
</pin_list>
<bind>
<opcode="store(28) " fcode="store"/>
<opset="store_ln16/1 "/>
</bind>
</comp>

<comp id="490" class="1004" name="zext_ln16_fu_490">
<pin_list>
<pin id="491" dir="0" index="0" bw="6" slack="2"/>
<pin id="492" dir="1" index="1" bw="64" slack="0"/>
</pin_list>
<bind>
<opcode="zext(34) " fcode="zext"/>
<opset="zext_ln16/3 "/>
</bind>
</comp>

<comp id="509" class="1005" name="i_reg_509">
<pin_list>
<pin id="510" dir="0" index="0" bw="10" slack="0"/>
<pin id="511" dir="1" index="1" bw="10" slack="0"/>
</pin_list>
<bind>
<opset="i "/>
</bind>
</comp>

<comp id="516" class="1005" name="icmp_ln16_reg_516">
<pin_list>
<pin id="517" dir="0" index="0" bw="1" slack="1"/>
<pin id="518" dir="1" index="1" bw="1" slack="2147483647"/>
</pin_list>
<bind>
<opset="icmp_ln16 "/>
</bind>
</comp>

<comp id="520" class="1005" name="gmem0_addr_reg_520">
<pin_list>
<pin id="521" dir="0" index="0" bw="8" slack="1"/>
<pin id="522" dir="1" index="1" bw="8" slack="1"/>
</pin_list>
<bind>
<opset="gmem0_addr "/>
</bind>
</comp>

<comp id="525" class="1005" name="trunc_ln16_reg_525">
<pin_list>
<pin id="526" dir="0" index="0" bw="4" slack="2"/>
<pin id="527" dir="1" index="1" bw="4" slack="2147483647"/>
</pin_list>
<bind>
<opset="trunc_ln16 "/>
</bind>
</comp>

<comp id="529" class="1005" name="lshr_ln_reg_529">
<pin_list>
<pin id="530" dir="0" index="0" bw="6" slack="2"/>
<pin id="531" dir="1" index="1" bw="6" slack="2"/>
</pin_list>
<bind>
<opset="lshr_ln "/>
</bind>
</comp>

<comp id="534" class="1005" name="gmem0_addr_read_reg_534">
<pin_list>
<pin id="535" dir="0" index="0" bw="8" slack="1"/>
<pin id="536" dir="1" index="1" bw="8" slack="1"/>
</pin_list>
<bind>
<opset="gmem0_addr_read "/>
</bind>
</comp>

</comp_list>

<net_list>
<net id="127"><net_src comp="36" pin="0"/><net_sink comp="124" pin=0"/></net>

<net id="132"><net_src comp="66" pin="0"/><net_sink comp="128" pin=0"/></net>

<net id="133"><net_src comp="2" pin="0"/><net_sink comp="128" pin=1"/></net>

<net id="139"><net_src comp="34" pin="0"/><net_sink comp="134" pin=0"/></net>

<net id="140"><net_src comp="122" pin="0"/><net_sink comp="134" pin=1"/></net>

<net id="146"><net_src comp="32" pin="0"/><net_sink comp="141" pin=0"/></net>

<net id="147"><net_src comp="122" pin="0"/><net_sink comp="141" pin=1"/></net>

<net id="153"><net_src comp="30" pin="0"/><net_sink comp="148" pin=0"/></net>

<net id="154"><net_src comp="122" pin="0"/><net_sink comp="148" pin=1"/></net>

<net id="160"><net_src comp="28" pin="0"/><net_sink comp="155" pin=0"/></net>

<net id="161"><net_src comp="122" pin="0"/><net_sink comp="155" pin=1"/></net>

<net id="167"><net_src comp="26" pin="0"/><net_sink comp="162" pin=0"/></net>

<net id="168"><net_src comp="122" pin="0"/><net_sink comp="162" pin=1"/></net>

<net id="174"><net_src comp="24" pin="0"/><net_sink comp="169" pin=0"/></net>

<net id="175"><net_src comp="122" pin="0"/><net_sink comp="169" pin=1"/></net>

<net id="181"><net_src comp="22" pin="0"/><net_sink comp="176" pin=0"/></net>

<net id="182"><net_src comp="122" pin="0"/><net_sink comp="176" pin=1"/></net>

<net id="188"><net_src comp="20" pin="0"/><net_sink comp="183" pin=0"/></net>

<net id="189"><net_src comp="122" pin="0"/><net_sink comp="183" pin=1"/></net>

<net id="195"><net_src comp="18" pin="0"/><net_sink comp="190" pin=0"/></net>

<net id="196"><net_src comp="122" pin="0"/><net_sink comp="190" pin=1"/></net>

<net id="202"><net_src comp="16" pin="0"/><net_sink comp="197" pin=0"/></net>

<net id="203"><net_src comp="122" pin="0"/><net_sink comp="197" pin=1"/></net>

<net id="209"><net_src comp="14" pin="0"/><net_sink comp="204" pin=0"/></net>

<net id="210"><net_src comp="122" pin="0"/><net_sink comp="204" pin=1"/></net>

<net id="216"><net_src comp="12" pin="0"/><net_sink comp="211" pin=0"/></net>

<net id="217"><net_src comp="122" pin="0"/><net_sink comp="211" pin=1"/></net>

<net id="223"><net_src comp="10" pin="0"/><net_sink comp="218" pin=0"/></net>

<net id="224"><net_src comp="122" pin="0"/><net_sink comp="218" pin=1"/></net>

<net id="230"><net_src comp="8" pin="0"/><net_sink comp="225" pin=0"/></net>

<net id="231"><net_src comp="122" pin="0"/><net_sink comp="225" pin=1"/></net>

<net id="237"><net_src comp="6" pin="0"/><net_sink comp="232" pin=0"/></net>

<net id="238"><net_src comp="122" pin="0"/><net_sink comp="232" pin=1"/></net>

<net id="244"><net_src comp="4" pin="0"/><net_sink comp="239" pin=0"/></net>

<net id="245"><net_src comp="122" pin="0"/><net_sink comp="239" pin=1"/></net>

<net id="255"><net_src comp="232" pin="3"/><net_sink comp="246" pin=2"/></net>

<net id="265"><net_src comp="225" pin="3"/><net_sink comp="256" pin=2"/></net>

<net id="275"><net_src comp="218" pin="3"/><net_sink comp="266" pin=2"/></net>

<net id="285"><net_src comp="211" pin="3"/><net_sink comp="276" pin=2"/></net>

<net id="295"><net_src comp="204" pin="3"/><net_sink comp="286" pin=2"/></net>

<net id="305"><net_src comp="197" pin="3"/><net_sink comp="296" pin=2"/></net>

<net id="315"><net_src comp="190" pin="3"/><net_sink comp="306" pin=2"/></net>

<net id="325"><net_src comp="183" pin="3"/><net_sink comp="316" pin=2"/></net>

<net id="335"><net_src comp="176" pin="3"/><net_sink comp="326" pin=2"/></net>

<net id="345"><net_src comp="169" pin="3"/><net_sink comp="336" pin=2"/></net>

<net id="355"><net_src comp="162" pin="3"/><net_sink comp="346" pin=2"/></net>

<net id="365"><net_src comp="155" pin="3"/><net_sink comp="356" pin=2"/></net>

<net id="375"><net_src comp="148" pin="3"/><net_sink comp="366" pin=2"/></net>

<net id="385"><net_src comp="141" pin="3"/><net_sink comp="376" pin=2"/></net>

<net id="395"><net_src comp="134" pin="3"/><net_sink comp="386" pin=2"/></net>

<net id="405"><net_src comp="239" pin="3"/><net_sink comp="396" pin=2"/></net>

<net id="410"><net_src comp="110" pin="0"/><net_sink comp="406" pin=0"/></net>

<net id="415"><net_src comp="68" pin="0"/><net_sink comp="411" pin=0"/></net>

<net id="423"><net_src comp="416" pin="1"/><net_sink comp="419" pin=0"/></net>

<net id="424"><net_src comp="70" pin="0"/><net_sink comp="419" pin=1"/></net>

<net id="429"><net_src comp="416" pin="1"/><net_sink comp="425" pin=0"/></net>

<net id="430"><net_src comp="72" pin="0"/><net_sink comp="425" pin=1"/></net>

<net id="435"><net_src comp="0" pin="0"/><net_sink comp="431" pin=0"/></net>

<net id="436"><net_src comp="128" pin="2"/><net_sink comp="431" pin=1"/></net>

<net id="440"><net_src comp="416" pin="1"/><net_sink comp="437" pin=0"/></net>

<net id="447"><net_src comp="74" pin="0"/><net_sink comp="441" pin=0"/></net>

<net id="448"><net_src comp="416" pin="1"/><net_sink comp="441" pin=1"/></net>

<net id="449"><net_src comp="76" pin="0"/><net_sink comp="441" pin=2"/></net>

<net id="450"><net_src comp="78" pin="0"/><net_sink comp="441" pin=3"/></net>

<net id="469"><net_src comp="437" pin="1"/><net_sink comp="451" pin=0"/></net>

<net id="470"><net_src comp="80" pin="0"/><net_sink comp="451" pin=1"/></net>

<net id="471"><net_src comp="82" pin="0"/><net_sink comp="451" pin=2"/></net>

<net id="472"><net_src comp="84" pin="0"/><net_sink comp="451" pin=3"/></net>

<net id="473"><net_src comp="86" pin="0"/><net_sink comp="451" pin=4"/></net>

<net id="474"><net_src comp="88" pin="0"/><net_sink comp="451" pin=5"/></net>

<net id="475"><net_src comp="90" pin="0"/><net_sink comp="451" pin=6"/></net>

<net id="476"><net_src comp="92" pin="0"/><net_sink comp="451" pin=7"/></net>

<net id="477"><net_src comp="94" pin="0"/><net_sink comp="451" pin=8"/></net>

<net id="478"><net_src comp="96" pin="0"/><net_sink comp="451" pin=9"/></net>

<net id="479"><net_src comp="98" pin="0"/><net_sink comp="451" pin=10"/></net>

<net id="480"><net_src comp="100" pin="0"/><net_sink comp="451" pin=11"/></net>

<net id="481"><net_src comp="102" pin="0"/><net_sink comp="451" pin=12"/></net>

<net id="482"><net_src comp="104" pin="0"/><net_sink comp="451" pin=13"/></net>

<net id="483"><net_src comp="106" pin="0"/><net_sink comp="451" pin=14"/></net>

<net id="484"><net_src comp="108" pin="0"/><net_sink comp="451" pin=15"/></net>

<net id="489"><net_src comp="425" pin="2"/><net_sink comp="485" pin=0"/></net>

<net id="493"><net_src comp="490" pin="1"/><net_sink comp="134" pin=2"/></net>

<net id="494"><net_src comp="490" pin="1"/><net_sink comp="141" pin=2"/></net>

<net id="495"><net_src comp="490" pin="1"/><net_sink comp="148" pin=2"/></net>

<net id="496"><net_src comp="490" pin="1"/><net_sink comp="155" pin=2"/></net>

<net id="497"><net_src comp="490" pin="1"/><net_sink comp="162" pin=2"/></net>

<net id="498"><net_src comp="490" pin="1"/><net_sink comp="169" pin=2"/></net>

<net id="499"><net_src comp="490" pin="1"/><net_sink comp="176" pin=2"/></net>

<net id="500"><net_src comp="490" pin="1"/><net_sink comp="183" pin=2"/></net>

<net id="501"><net_src comp="490" pin="1"/><net_sink comp="190" pin=2"/></net>

<net id="502"><net_src comp="490" pin="1"/><net_sink comp="197" pin=2"/></net>

<net id="503"><net_src comp="490" pin="1"/><net_sink comp="204" pin=2"/></net>

<net id="504"><net_src comp="490" pin="1"/><net_sink comp="211" pin=2"/></net>

<net id="505"><net_src comp="490" pin="1"/><net_sink comp="218" pin=2"/></net>

<net id="506"><net_src comp="490" pin="1"/><net_sink comp="225" pin=2"/></net>

<net id="507"><net_src comp="490" pin="1"/><net_sink comp="232" pin=2"/></net>

<net id="508"><net_src comp="490" pin="1"/><net_sink comp="239" pin=2"/></net>

<net id="512"><net_src comp="124" pin="1"/><net_sink comp="509" pin=0"/></net>

<net id="513"><net_src comp="509" pin="1"/><net_sink comp="411" pin=1"/></net>

<net id="514"><net_src comp="509" pin="1"/><net_sink comp="416" pin=0"/></net>

<net id="515"><net_src comp="509" pin="1"/><net_sink comp="485" pin=1"/></net>

<net id="519"><net_src comp="419" pin="2"/><net_sink comp="516" pin=0"/></net>

<net id="523"><net_src comp="431" pin="2"/><net_sink comp="520" pin=0"/></net>

<net id="524"><net_src comp="520" pin="1"/><net_sink comp="406" pin=1"/></net>

<net id="528"><net_src comp="437" pin="1"/><net_sink comp="525" pin=0"/></net>

<net id="532"><net_src comp="441" pin="4"/><net_sink comp="529" pin=0"/></net>

<net id="533"><net_src comp="529" pin="1"/><net_sink comp="490" pin=0"/></net>

<net id="537"><net_src comp="406" pin="2"/><net_sink comp="534" pin=0"/></net>

<net id="538"><net_src comp="534" pin="1"/><net_sink comp="246" pin=4"/></net>

<net id="539"><net_src comp="534" pin="1"/><net_sink comp="256" pin=4"/></net>

<net id="540"><net_src comp="534" pin="1"/><net_sink comp="266" pin=4"/></net>

<net id="541"><net_src comp="534" pin="1"/><net_sink comp="276" pin=4"/></net>

<net id="542"><net_src comp="534" pin="1"/><net_sink comp="286" pin=4"/></net>

<net id="543"><net_src comp="534" pin="1"/><net_sink comp="296" pin=4"/></net>

<net id="544"><net_src comp="534" pin="1"/><net_sink comp="306" pin=4"/></net>

<net id="545"><net_src comp="534" pin="1"/><net_sink comp="316" pin=4"/></net>

<net id="546"><net_src comp="534" pin="1"/><net_sink comp="326" pin=4"/></net>

<net id="547"><net_src comp="534" pin="1"/><net_sink comp="336" pin=4"/></net>

<net id="548"><net_src comp="534" pin="1"/><net_sink comp="346" pin=4"/></net>

<net id="549"><net_src comp="534" pin="1"/><net_sink comp="356" pin=4"/></net>

<net id="550"><net_src comp="534" pin="1"/><net_sink comp="366" pin=4"/></net>

<net id="551"><net_src comp="534" pin="1"/><net_sink comp="376" pin=4"/></net>

<net id="552"><net_src comp="534" pin="1"/><net_sink comp="386" pin=4"/></net>

<net id="553"><net_src comp="534" pin="1"/><net_sink comp="396" pin=4"/></net>

</net_list>

</model> 
---------------- Datapath Model END ------------------

* FSMD analyzer results:
  - Output states:
	Port: temp_15 | {3 }
	Port: temp_14 | {3 }
	Port: temp_13 | {3 }
	Port: temp_12 | {3 }
	Port: temp_11 | {3 }
	Port: temp_10 | {3 }
	Port: temp_9 | {3 }
	Port: temp_8 | {3 }
	Port: temp_7 | {3 }
	Port: temp_6 | {3 }
	Port: temp_5 | {3 }
	Port: temp_4 | {3 }
	Port: temp_3 | {3 }
	Port: temp_2 | {3 }
	Port: temp_1 | {3 }
	Port: temp | {3 }
 - Input state : 
	Port: conv1_Pipeline_LOAD_1 : gmem0 | {2 }
	Port: conv1_Pipeline_LOAD_1 : input_r | {1 }
  - Chain level:
	State 1
		store_ln16 : 1
		i_4 : 1
		icmp_ln16 : 2
		add_ln16 : 2
		br_ln16 : 3
		trunc_ln16 : 2
		lshr_ln : 2
		switch_ln18 : 3
		store_ln16 : 3
	State 2
	State 3
		temp_addr : 1
		temp_1_addr : 1
		temp_2_addr : 1
		temp_3_addr : 1
		temp_4_addr : 1
		temp_5_addr : 1
		temp_6_addr : 1
		temp_7_addr : 1
		temp_8_addr : 1
		temp_9_addr : 1
		temp_10_addr : 1
		temp_11_addr : 1
		temp_12_addr : 1
		temp_13_addr : 1
		temp_14_addr : 1
		temp_15_addr : 1
		store_ln18 : 2
		store_ln18 : 2
		store_ln18 : 2
		store_ln18 : 2
		store_ln18 : 2
		store_ln18 : 2
		store_ln18 : 2
		store_ln18 : 2
		store_ln18 : 2
		store_ln18 : 2
		store_ln18 : 2
		store_ln18 : 2
		store_ln18 : 2
		store_ln18 : 2
		store_ln18 : 2
		store_ln18 : 2


============================================================
+ Verbose Summary: Datapath Resource usage 
============================================================

* Functional unit list:
|----------|-----------------------------|---------|---------|
| Operation|       Functional Unit       |    FF   |   LUT   |
|----------|-----------------------------|---------|---------|
|   icmp   |       icmp_ln16_fu_419      |    0    |    13   |
|----------|-----------------------------|---------|---------|
|    add   |       add_ln16_fu_425       |    0    |    13   |
|----------|-----------------------------|---------|---------|
|   read   |    input_read_read_fu_128   |    0    |    0    |
|          | gmem0_addr_read_read_fu_406 |    0    |    0    |
|----------|-----------------------------|---------|---------|
|   trunc  |      trunc_ln16_fu_437      |    0    |    0    |
|----------|-----------------------------|---------|---------|
|partselect|        lshr_ln_fu_441       |    0    |    0    |
|----------|-----------------------------|---------|---------|
|  switch  |      switch_ln18_fu_451     |    0    |    0    |
|----------|-----------------------------|---------|---------|
|   zext   |       zext_ln16_fu_490      |    0    |    0    |
|----------|-----------------------------|---------|---------|
|   Total  |                             |    0    |    26   |
|----------|-----------------------------|---------|---------|

Memories:
N/A

* Register list:
+-----------------------+--------+
|                       |   FF   |
+-----------------------+--------+
|gmem0_addr_read_reg_534|    8   |
|   gmem0_addr_reg_520  |    8   |
|       i_reg_509       |   10   |
|   icmp_ln16_reg_516   |    1   |
|    lshr_ln_reg_529    |    6   |
|   trunc_ln16_reg_525  |    4   |
+-----------------------+--------+
|         Total         |   37   |
+-----------------------+--------+

* Multiplexer (MUX) list: 
|--------|------|------|------|--------|
|  Comp  |  Pin | Size |  BW  | S x BW |
|--------|------|------|------|--------|
|  Total |      |      |      |    0   |
|--------|------|------|------|--------|



* Summary:
+-----------+--------+--------+
|           |   FF   |   LUT  |
+-----------+--------+--------+
|  Function |    0   |   26   |
|   Memory  |    -   |    -   |
|Multiplexer|    -   |    -   |
|  Register |   37   |    -   |
+-----------+--------+--------+
|   Total   |   37   |   26   |
+-----------+--------+--------+
