

================================================================
== Vitis HLS Report for 'conv2_Pipeline_LOAD_2'
================================================================
* Date:           Sat Mar  7 18:28:20 2026

* Version:        2025.2 (Build 6295257 on Nov 14 2025)
* Project:        top
* Solution:       hls (Vivado IP Flow Target)
* Product family: zynq
* Target device:  xc7z020-clg484-1


================================================================
== Performance Estimates
================================================================
+ Timing: 
    * Summary: 
    +--------+----------+----------+------------+
    |  Clock |  Target  | Estimated| Uncertainty|
    +--------+----------+----------+------------+
    |ap_clk  |  10.00 ns|  8.750 ns|     1.25 ns|
    +--------+----------+----------+------------+

+ Latency: 
    * Summary: 
    +---------+---------+-----------+-----------+-----+-----+-------------------+
    |  Latency (cycles) |   Latency (absolute)  |  Interval |      Pipeline     |
    |   min   |   max   |    min    |    max    | min | max |        Type       |
    +---------+---------+-----------+-----------+-----+-----+-------------------+
    |     1571|     1571|  15.710 us|  15.710 us|    0|    0|  loop pipeline stp|
    +---------+---------+-----------+-----------+-----+-----+-------------------+

    + Detail: 
        * Instance: 
        N/A

        * Loop: 
        +----------+---------+---------+----------+-----------+-----------+------+----------+
        |          |  Latency (cycles) | Iteration|  Initiation Interval  | Trip |          |
        | Loop Name|   min   |   max   |  Latency |  achieved |   target  | Count| Pipelined|
        +----------+---------+---------+----------+-----------+-----------+------+----------+
        |- LOAD_2  |     1569|     1569|         3|          1|          1|  1568|       yes|
        +----------+---------+---------+----------+-----------+-----------+------+----------+

============================================================
+ Verbose Summary: Synthesis Manager
============================================================
InlineROM: 1
ExposeGlobal: 0
============================================================
+ Verbose Summary: CDFG Model
============================================================
IsTopModel: 0
ResetActiveHigh: 1
IsCombinational: 0
IsDatapathOnly: 0
HasWiredReturn: 1
HasMFsm: 2
HasVarLatency: 1
IsPipeline: 0
IsRtlPipelined: 0
IsInstanceOverlapped: 0
IsDontTouch: 0
HasImplIP: 0
IsGatedGlobalClock: 0

+ Individual pipeline summary: 
  * Pipeline-0: initiation interval (II) = 1, depth = 3


============================================================
+ Verbose Summary: Schedule
============================================================
* Number of FSM states : 3
* Pipeline : 1
  Pipeline-0 : II = 1, D = 3, States = { 1 2 3 }
* Dataflow Pipeline: 0

* FSM state transitions: 
1 --> 2 
2 --> 3 
3 --> 

* FSM state operations: 

State 1 <SV = 0> <Delay = 4.81>
ST_1 : Operation 6 [1/1] (0.00ns)   --->   "%i_4 = alloca i32 1" [../src/conv.cpp:85]   --->   Operation 6 'alloca' 'i_4' <Predicate = true> <Delay = 0.00>
ST_1 : Operation 7 [1/1] (0.00ns)   --->   "%specmemcore_ln0 = specmemcore void @_ssdm_op_SpecMemCore, i8 %temp, i64 666, i64 22, i64 18446744073709551615, i1 0"   --->   Operation 7 'specmemcore' 'specmemcore_ln0' <Predicate = true> <Delay = 0.00>
ST_1 : Operation 8 [1/1] (0.00ns)   --->   "%specmemcore_ln0 = specmemcore void @_ssdm_op_SpecMemCore, i8 %temp_1, i64 666, i64 22, i64 18446744073709551615, i1 0"   --->   Operation 8 'specmemcore' 'specmemcore_ln0' <Predicate = true> <Delay = 0.00>
ST_1 : Operation 9 [1/1] (0.00ns)   --->   "%specmemcore_ln0 = specmemcore void @_ssdm_op_SpecMemCore, i8 %temp_2, i64 666, i64 22, i64 18446744073709551615, i1 0"   --->   Operation 9 'specmemcore' 'specmemcore_ln0' <Predicate = true> <Delay = 0.00>
ST_1 : Operation 10 [1/1] (0.00ns)   --->   "%specmemcore_ln0 = specmemcore void @_ssdm_op_SpecMemCore, i8 %temp_3, i64 666, i64 22, i64 18446744073709551615, i1 0"   --->   Operation 10 'specmemcore' 'specmemcore_ln0' <Predicate = true> <Delay = 0.00>
ST_1 : Operation 11 [1/1] (0.00ns)   --->   "%specmemcore_ln0 = specmemcore void @_ssdm_op_SpecMemCore, i8 %temp_4, i64 666, i64 22, i64 18446744073709551615, i1 0"   --->   Operation 11 'specmemcore' 'specmemcore_ln0' <Predicate = true> <Delay = 0.00>
ST_1 : Operation 12 [1/1] (0.00ns)   --->   "%specmemcore_ln0 = specmemcore void @_ssdm_op_SpecMemCore, i8 %temp_5, i64 666, i64 22, i64 18446744073709551615, i1 0"   --->   Operation 12 'specmemcore' 'specmemcore_ln0' <Predicate = true> <Delay = 0.00>
ST_1 : Operation 13 [1/1] (0.00ns)   --->   "%specmemcore_ln0 = specmemcore void @_ssdm_op_SpecMemCore, i8 %temp_6, i64 666, i64 22, i64 18446744073709551615, i1 0"   --->   Operation 13 'specmemcore' 'specmemcore_ln0' <Predicate = true> <Delay = 0.00>
ST_1 : Operation 14 [1/1] (0.00ns)   --->   "%specmemcore_ln0 = specmemcore void @_ssdm_op_SpecMemCore, i8 %temp_7, i64 666, i64 22, i64 18446744073709551615, i1 0"   --->   Operation 14 'specmemcore' 'specmemcore_ln0' <Predicate = true> <Delay = 0.00>
ST_1 : Operation 15 [1/1] (0.00ns)   --->   "%specinterface_ln0 = specinterface void @_ssdm_op_SpecInterface, i8 %gmem0, void @empty_7, i32 0, i32 0, void @empty_8, i32 0, i32 848, void @empty_34, void @empty_20, void @empty_8, i32 16, i32 16, i32 16, i32 16, void @empty_8, void @empty_8, i32 4294967295, i32 0, i32 0, i32 1"   --->   Operation 15 'specinterface' 'specinterface_ln0' <Predicate = true> <Delay = 0.00>
ST_1 : Operation 16 [1/1] (0.00ns)   --->   "%input_read = read i64 @_ssdm_op_Read.ap_auto.i64, i64 %input_r"   --->   Operation 16 'read' 'input_read' <Predicate = true> <Delay = 0.00>
ST_1 : Operation 17 [1/1] (1.58ns)   --->   "%store_ln85 = store i11 0, i11 %i_4" [../src/conv.cpp:85]   --->   Operation 17 'store' 'store_ln85' <Predicate = true> <Delay = 1.58>
ST_1 : Operation 18 [1/1] (0.00ns)   --->   "%br_ln0 = br void %for.inc24"   --->   Operation 18 'br' 'br_ln0' <Predicate = true> <Delay = 0.00>
ST_1 : Operation 19 [1/1] (0.00ns)   --->   "%i = load i11 %i_4" [../src/conv.cpp:85]   --->   Operation 19 'load' 'i' <Predicate = true> <Delay = 0.00>
ST_1 : Operation 20 [1/1] (1.63ns)   --->   "%icmp_ln85 = icmp_eq  i11 %i, i11 1568" [../src/conv.cpp:85]   --->   Operation 20 'icmp' 'icmp_ln85' <Predicate = true> <Delay = 1.63> <CoreInst = "Cmp">   --->   Core 9 'Cmp' <Latency = 0> <II = 1> <Delay = 1.63> <FuncUnit> <Opcode : 'seteq' 'setne' 'setle' 'setge' 'setlt' 'setgt'> <InPorts = 2> <OutPorts = 1>
ST_1 : Operation 21 [1/1] (1.63ns)   --->   "%add_ln85 = add i11 %i, i11 1" [../src/conv.cpp:85]   --->   Operation 21 'add' 'add_ln85' <Predicate = true> <Delay = 1.63> <CoreInst = "Adder">   --->   Core 1 'Adder' <Latency = 0> <II = 1> <Delay = 1.63> <FuncUnit> <Opcode : 'add' 'sub'> <InPorts = 2> <OutPorts = 1>
ST_1 : Operation 22 [1/1] (0.00ns)   --->   "%br_ln85 = br i1 %icmp_ln85, void %for.inc24.split, void %for.end26.exitStub" [../src/conv.cpp:85]   --->   Operation 22 'br' 'br_ln85' <Predicate = true> <Delay = 0.00>
ST_1 : Operation 23 [1/1] (0.00ns)   --->   "%gmem0_addr = getelementptr i8 %gmem0, i64 %input_read" [../src/conv.cpp:85]   --->   Operation 23 'getelementptr' 'gmem0_addr' <Predicate = (!icmp_ln85)> <Delay = 0.00>
ST_1 : Operation 24 [1/1] (0.00ns)   --->   "%trunc_ln85 = trunc i11 %i" [../src/conv.cpp:85]   --->   Operation 24 'trunc' 'trunc_ln85' <Predicate = (!icmp_ln85)> <Delay = 0.00>
ST_1 : Operation 25 [1/1] (0.00ns)   --->   "%lshr_ln = partselect i8 @_ssdm_op_PartSelect.i8.i11.i32.i32, i11 %i, i32 3, i32 10" [../src/conv.cpp:85]   --->   Operation 25 'partselect' 'lshr_ln' <Predicate = (!icmp_ln85)> <Delay = 0.00>
ST_1 : Operation 26 [1/1] (1.65ns)   --->   "%switch_ln87 = switch i3 %trunc_ln85, void %arrayidx23.case.7, i3 0, void %arrayidx23.case.0, i3 1, void %arrayidx23.case.1, i3 2, void %arrayidx23.case.2, i3 3, void %arrayidx23.case.3, i3 4, void %arrayidx23.case.4, i3 5, void %arrayidx23.case.5, i3 6, void %arrayidx23.case.6" [../src/conv.cpp:87]   --->   Operation 26 'switch' 'switch_ln87' <Predicate = (!icmp_ln85)> <Delay = 1.65>
ST_1 : Operation 27 [1/1] (1.58ns)   --->   "%store_ln85 = store i11 %add_ln85, i11 %i_4" [../src/conv.cpp:85]   --->   Operation 27 'store' 'store_ln85' <Predicate = (!icmp_ln85)> <Delay = 1.58>
ST_1 : Operation 28 [1/1] (0.00ns)   --->   "%br_ln85 = br void %for.inc24" [../src/conv.cpp:85]   --->   Operation 28 'br' 'br_ln85' <Predicate = (!icmp_ln85)> <Delay = 0.00>

State 2 <SV = 1> <Delay = 8.75>
ST_2 : Operation 29 [1/1] ( I:8.75ns O:8.75ns )   --->   "%gmem0_addr_read = read i8 @_ssdm_op_Read.m_axi.i8.p1i8, i8 %gmem0_addr" [../src/conv.cpp:87]   --->   Operation 29 'read' 'gmem0_addr_read' <Predicate = true> <Delay = 8.75> <CoreInst = "m_axi">   --->   Core 111 'm_axi' <Latency = 3> <II = 1> <Delay = 1.00> <Adapter> <Opcode : 'readrequnaligned' 'writerequnaligned' 'read' 'write' 'readreq' 'writereq' 'writeresp'>
ST_2 : Operation 58 [1/1] (1.58ns)   --->   "%ret_ln0 = ret"   --->   Operation 58 'ret' 'ret_ln0' <Predicate = (icmp_ln85)> <Delay = 1.58>

State 3 <SV = 2> <Delay = 3.25>
ST_3 : Operation 30 [1/1] (0.00ns)   --->   "%specpipeline_ln86 = specpipeline void @_ssdm_op_SpecPipeline, i32 1, i32 0, i32 0, i32 0, i32 4294967295, void @empty_8" [../src/conv.cpp:86]   --->   Operation 30 'specpipeline' 'specpipeline_ln86' <Predicate = true> <Delay = 0.00>
ST_3 : Operation 31 [1/1] (0.00ns)   --->   "%speclooptripcount_ln85 = speclooptripcount void @_ssdm_op_SpecLoopTripCount, i64 1568, i64 1568, i64 1568" [../src/conv.cpp:85]   --->   Operation 31 'speclooptripcount' 'speclooptripcount_ln85' <Predicate = true> <Delay = 0.00>
ST_3 : Operation 32 [1/1] (0.00ns)   --->   "%specloopname_ln85 = specloopname void @_ssdm_op_SpecLoopName, void @empty_19" [../src/conv.cpp:85]   --->   Operation 32 'specloopname' 'specloopname_ln85' <Predicate = true> <Delay = 0.00>
ST_3 : Operation 33 [1/1] (0.00ns)   --->   "%zext_ln85 = zext i8 %lshr_ln" [../src/conv.cpp:85]   --->   Operation 33 'zext' 'zext_ln85' <Predicate = true> <Delay = 0.00>
ST_3 : Operation 34 [1/1] (0.00ns)   --->   "%temp_addr = getelementptr i8 %temp, i64 0, i64 %zext_ln85" [../src/conv.cpp:87]   --->   Operation 34 'getelementptr' 'temp_addr' <Predicate = true> <Delay = 0.00>
ST_3 : Operation 35 [1/1] (0.00ns)   --->   "%temp_1_addr = getelementptr i8 %temp_1, i64 0, i64 %zext_ln85" [../src/conv.cpp:87]   --->   Operation 35 'getelementptr' 'temp_1_addr' <Predicate = true> <Delay = 0.00>
ST_3 : Operation 36 [1/1] (0.00ns)   --->   "%temp_2_addr = getelementptr i8 %temp_2, i64 0, i64 %zext_ln85" [../src/conv.cpp:87]   --->   Operation 36 'getelementptr' 'temp_2_addr' <Predicate = true> <Delay = 0.00>
ST_3 : Operation 37 [1/1] (0.00ns)   --->   "%temp_3_addr = getelementptr i8 %temp_3, i64 0, i64 %zext_ln85" [../src/conv.cpp:87]   --->   Operation 37 'getelementptr' 'temp_3_addr' <Predicate = true> <Delay = 0.00>
ST_3 : Operation 38 [1/1] (0.00ns)   --->   "%temp_4_addr = getelementptr i8 %temp_4, i64 0, i64 %zext_ln85" [../src/conv.cpp:87]   --->   Operation 38 'getelementptr' 'temp_4_addr' <Predicate = true> <Delay = 0.00>
ST_3 : Operation 39 [1/1] (0.00ns)   --->   "%temp_5_addr = getelementptr i8 %temp_5, i64 0, i64 %zext_ln85" [../src/conv.cpp:87]   --->   Operation 39 'getelementptr' 'temp_5_addr' <Predicate = true> <Delay = 0.00>
ST_3 : Operation 40 [1/1] (0.00ns)   --->   "%temp_6_addr = getelementptr i8 %temp_6, i64 0, i64 %zext_ln85" [../src/conv.cpp:87]   --->   Operation 40 'getelementptr' 'temp_6_addr' <Predicate = true> <Delay = 0.00>
ST_3 : Operation 41 [1/1] (0.00ns)   --->   "%temp_7_addr = getelementptr i8 %temp_7, i64 0, i64 %zext_ln85" [../src/conv.cpp:87]   --->   Operation 41 'getelementptr' 'temp_7_addr' <Predicate = true> <Delay = 0.00>
ST_3 : Operation 42 [1/1] ( I:3.25ns O:3.25ns )   --->   "%store_ln87 = store i8 %gmem0_addr_read, i8 %temp_6_addr" [../src/conv.cpp:87]   --->   Operation 42 'store' 'store_ln87' <Predicate = (trunc_ln85 == 6)> <Delay = 3.25> <CoreInst = "RAM_2P_BRAM">   --->   Core 90 'RAM_2P_BRAM' <Latency = 1> <II = 1> <Delay = 3.25> <Storage> <Opcode : 'load' 'store'> <Ports = 2> <Width = 8> <Depth = 196> <RAM>
ST_3 : Operation 43 [1/1] (0.00ns)   --->   "%br_ln87 = br void %arrayidx23.exit" [../src/conv.cpp:87]   --->   Operation 43 'br' 'br_ln87' <Predicate = (trunc_ln85 == 6)> <Delay = 0.00>
ST_3 : Operation 44 [1/1] ( I:3.25ns O:3.25ns )   --->   "%store_ln87 = store i8 %gmem0_addr_read, i8 %temp_5_addr" [../src/conv.cpp:87]   --->   Operation 44 'store' 'store_ln87' <Predicate = (trunc_ln85 == 5)> <Delay = 3.25> <CoreInst = "RAM_2P_BRAM">   --->   Core 90 'RAM_2P_BRAM' <Latency = 1> <II = 1> <Delay = 3.25> <Storage> <Opcode : 'load' 'store'> <Ports = 2> <Width = 8> <Depth = 196> <RAM>
ST_3 : Operation 45 [1/1] (0.00ns)   --->   "%br_ln87 = br void %arrayidx23.exit" [../src/conv.cpp:87]   --->   Operation 45 'br' 'br_ln87' <Predicate = (trunc_ln85 == 5)> <Delay = 0.00>
ST_3 : Operation 46 [1/1] ( I:3.25ns O:3.25ns )   --->   "%store_ln87 = store i8 %gmem0_addr_read, i8 %temp_4_addr" [../src/conv.cpp:87]   --->   Operation 46 'store' 'store_ln87' <Predicate = (trunc_ln85 == 4)> <Delay = 3.25> <CoreInst = "RAM_2P_BRAM">   --->   Core 90 'RAM_2P_BRAM' <Latency = 1> <II = 1> <Delay = 3.25> <Storage> <Opcode : 'load' 'store'> <Ports = 2> <Width = 8> <Depth = 196> <RAM>
ST_3 : Operation 47 [1/1] (0.00ns)   --->   "%br_ln87 = br void %arrayidx23.exit" [../src/conv.cpp:87]   --->   Operation 47 'br' 'br_ln87' <Predicate = (trunc_ln85 == 4)> <Delay = 0.00>
ST_3 : Operation 48 [1/1] ( I:3.25ns O:3.25ns )   --->   "%store_ln87 = store i8 %gmem0_addr_read, i8 %temp_3_addr" [../src/conv.cpp:87]   --->   Operation 48 'store' 'store_ln87' <Predicate = (trunc_ln85 == 3)> <Delay = 3.25> <CoreInst = "RAM_2P_BRAM">   --->   Core 90 'RAM_2P_BRAM' <Latency = 1> <II = 1> <Delay = 3.25> <Storage> <Opcode : 'load' 'store'> <Ports = 2> <Width = 8> <Depth = 196> <RAM>
ST_3 : Operation 49 [1/1] (0.00ns)   --->   "%br_ln87 = br void %arrayidx23.exit" [../src/conv.cpp:87]   --->   Operation 49 'br' 'br_ln87' <Predicate = (trunc_ln85 == 3)> <Delay = 0.00>
ST_3 : Operation 50 [1/1] ( I:3.25ns O:3.25ns )   --->   "%store_ln87 = store i8 %gmem0_addr_read, i8 %temp_2_addr" [../src/conv.cpp:87]   --->   Operation 50 'store' 'store_ln87' <Predicate = (trunc_ln85 == 2)> <Delay = 3.25> <CoreInst = "RAM_2P_BRAM">   --->   Core 90 'RAM_2P_BRAM' <Latency = 1> <II = 1> <Delay = 3.25> <Storage> <Opcode : 'load' 'store'> <Ports = 2> <Width = 8> <Depth = 196> <RAM>
ST_3 : Operation 51 [1/1] (0.00ns)   --->   "%br_ln87 = br void %arrayidx23.exit" [../src/conv.cpp:87]   --->   Operation 51 'br' 'br_ln87' <Predicate = (trunc_ln85 == 2)> <Delay = 0.00>
ST_3 : Operation 52 [1/1] ( I:3.25ns O:3.25ns )   --->   "%store_ln87 = store i8 %gmem0_addr_read, i8 %temp_1_addr" [../src/conv.cpp:87]   --->   Operation 52 'store' 'store_ln87' <Predicate = (trunc_ln85 == 1)> <Delay = 3.25> <CoreInst = "RAM_2P_BRAM">   --->   Core 90 'RAM_2P_BRAM' <Latency = 1> <II = 1> <Delay = 3.25> <Storage> <Opcode : 'load' 'store'> <Ports = 2> <Width = 8> <Depth = 196> <RAM>
ST_3 : Operation 53 [1/1] (0.00ns)   --->   "%br_ln87 = br void %arrayidx23.exit" [../src/conv.cpp:87]   --->   Operation 53 'br' 'br_ln87' <Predicate = (trunc_ln85 == 1)> <Delay = 0.00>
ST_3 : Operation 54 [1/1] ( I:3.25ns O:3.25ns )   --->   "%store_ln87 = store i8 %gmem0_addr_read, i8 %temp_addr" [../src/conv.cpp:87]   --->   Operation 54 'store' 'store_ln87' <Predicate = (trunc_ln85 == 0)> <Delay = 3.25> <CoreInst = "RAM_2P_BRAM">   --->   Core 90 'RAM_2P_BRAM' <Latency = 1> <II = 1> <Delay = 3.25> <Storage> <Opcode : 'load' 'store'> <Ports = 2> <Width = 8> <Depth = 196> <RAM>
ST_3 : Operation 55 [1/1] (0.00ns)   --->   "%br_ln87 = br void %arrayidx23.exit" [../src/conv.cpp:87]   --->   Operation 55 'br' 'br_ln87' <Predicate = (trunc_ln85 == 0)> <Delay = 0.00>
ST_3 : Operation 56 [1/1] ( I:3.25ns O:3.25ns )   --->   "%store_ln87 = store i8 %gmem0_addr_read, i8 %temp_7_addr" [../src/conv.cpp:87]   --->   Operation 56 'store' 'store_ln87' <Predicate = (trunc_ln85 == 7)> <Delay = 3.25> <CoreInst = "RAM_2P_BRAM">   --->   Core 90 'RAM_2P_BRAM' <Latency = 1> <II = 1> <Delay = 3.25> <Storage> <Opcode : 'load' 'store'> <Ports = 2> <Width = 8> <Depth = 196> <RAM>
ST_3 : Operation 57 [1/1] (0.00ns)   --->   "%br_ln87 = br void %arrayidx23.exit" [../src/conv.cpp:87]   --->   Operation 57 'br' 'br_ln87' <Predicate = (trunc_ln85 == 7)> <Delay = 0.00>


============================================================
+ Verbose Summary: Binding
============================================================
STG Binding: 
---------------- STG Properties BEGIN ----------------
- Is combinational: 0
- Is one-state seq: 0
- Is datapath-only: 0
- Is pipelined: 0
- Is top level: 0
Port [ Return ] is wired: 1; IO mode=ap_ctrl_hs:ce=0
Port [ gmem0]:  wired=1; compound=1; hidden=0; nouse=0; global=0; static=0; extern=0; dir=0; type=4; pingpong=0; private_global=0; IO mode=m_axi:ce=0
Port [ input_r]:  wired=1; compound=0; hidden=0; nouse=0; global=0; static=0; extern=0; dir=0; type=0; pingpong=0; private_global=0; IO mode=ap_none:ce=0
Port [ temp_7]:  wired=1; compound=1; hidden=0; nouse=0; global=0; static=0; extern=0; dir=1; type=1; pingpong=0; private_global=0; MemPort=[30]; IO mode=ap_memory:ce=0
Port [ temp_6]:  wired=1; compound=1; hidden=0; nouse=0; global=0; static=0; extern=0; dir=1; type=1; pingpong=0; private_global=0; MemPort=[30]; IO mode=ap_memory:ce=0
Port [ temp_5]:  wired=1; compound=1; hidden=0; nouse=0; global=0; static=0; extern=0; dir=1; type=1; pingpong=0; private_global=0; MemPort=[30]; IO mode=ap_memory:ce=0
Port [ temp_4]:  wired=1; compound=1; hidden=0; nouse=0; global=0; static=0; extern=0; dir=1; type=1; pingpong=0; private_global=0; MemPort=[30]; IO mode=ap_memory:ce=0
Port [ temp_3]:  wired=1; compound=1; hidden=0; nouse=0; global=0; static=0; extern=0; dir=1; type=1; pingpong=0; private_global=0; MemPort=[30]; IO mode=ap_memory:ce=0
Port [ temp_2]:  wired=1; compound=1; hidden=0; nouse=0; global=0; static=0; extern=0; dir=1; type=1; pingpong=0; private_global=0; MemPort=[30]; IO mode=ap_memory:ce=0
Port [ temp_1]:  wired=1; compound=1; hidden=0; nouse=0; global=0; static=0; extern=0; dir=1; type=1; pingpong=0; private_global=0; MemPort=[30]; IO mode=ap_memory:ce=0
Port [ temp]:  wired=1; compound=1; hidden=0; nouse=0; global=0; static=0; extern=0; dir=1; type=1; pingpong=0; private_global=0; MemPort=[30]; IO mode=ap_memory:ce=0
---------------- STG Properties END ------------------

---------------- Datapath Model BEGIN ----------------

<LifeTime>
<method=bitvector/>
i_4                    (alloca           ) [ 0100]
specmemcore_ln0        (specmemcore      ) [ 0000]
specmemcore_ln0        (specmemcore      ) [ 0000]
specmemcore_ln0        (specmemcore      ) [ 0000]
specmemcore_ln0        (specmemcore      ) [ 0000]
specmemcore_ln0        (specmemcore      ) [ 0000]
specmemcore_ln0        (specmemcore      ) [ 0000]
specmemcore_ln0        (specmemcore      ) [ 0000]
specmemcore_ln0        (specmemcore      ) [ 0000]
specinterface_ln0      (specinterface    ) [ 0000]
input_read             (read             ) [ 0000]
store_ln85             (store            ) [ 0000]
br_ln0                 (br               ) [ 0000]
i                      (load             ) [ 0000]
icmp_ln85              (icmp             ) [ 0110]
add_ln85               (add              ) [ 0000]
br_ln85                (br               ) [ 0000]
gmem0_addr             (getelementptr    ) [ 0110]
trunc_ln85             (trunc            ) [ 0111]
lshr_ln                (partselect       ) [ 0111]
switch_ln87            (switch           ) [ 0000]
store_ln85             (store            ) [ 0000]
br_ln85                (br               ) [ 0000]
gmem0_addr_read        (read             ) [ 0101]
specpipeline_ln86      (specpipeline     ) [ 0000]
speclooptripcount_ln85 (speclooptripcount) [ 0000]
specloopname_ln85      (specloopname     ) [ 0000]
zext_ln85              (zext             ) [ 0000]
temp_addr              (getelementptr    ) [ 0000]
temp_1_addr            (getelementptr    ) [ 0000]
temp_2_addr            (getelementptr    ) [ 0000]
temp_3_addr            (getelementptr    ) [ 0000]
temp_4_addr            (getelementptr    ) [ 0000]
temp_5_addr            (getelementptr    ) [ 0000]
temp_6_addr            (getelementptr    ) [ 0000]
temp_7_addr            (getelementptr    ) [ 0000]
store_ln87             (store            ) [ 0000]
br_ln87                (br               ) [ 0000]
store_ln87             (store            ) [ 0000]
br_ln87                (br               ) [ 0000]
store_ln87             (store            ) [ 0000]
br_ln87                (br               ) [ 0000]
store_ln87             (store            ) [ 0000]
br_ln87                (br               ) [ 0000]
store_ln87             (store            ) [ 0000]
br_ln87                (br               ) [ 0000]
store_ln87             (store            ) [ 0000]
br_ln87                (br               ) [ 0000]
store_ln87             (store            ) [ 0000]
br_ln87                (br               ) [ 0000]
store_ln87             (store            ) [ 0000]
br_ln87                (br               ) [ 0000]
ret_ln0                (ret              ) [ 0000]
</LifeTime>

<model>

<comp_list>
<comp id="0" class="1000" name="gmem0">
<pin_list>
<pin id="1" dir="1" index="0" bw="1" slack="0"/>
</pin_list>
<bind>
<StgValue><ssdm name="gmem0"/><MemPortTyVec>0 </MemPortTyVec>
</StgValue>
</bind>
</comp>

<comp id="2" class="1000" name="input_r">
<pin_list>
<pin id="3" dir="1" index="0" bw="1" slack="0"/>
</pin_list>
<bind>
<StgValue><ssdm name="input_r"/></StgValue>
</bind>
</comp>

<comp id="4" class="1000" name="temp_7">
<pin_list>
<pin id="5" dir="1" index="0" bw="1" slack="0"/>
</pin_list>
<bind>
<StgValue><ssdm name="temp_7"/><MemPortTyVec>3 0 </MemPortTyVec>
</StgValue>
</bind>
</comp>

<comp id="6" class="1000" name="temp_6">
<pin_list>
<pin id="7" dir="1" index="0" bw="1" slack="0"/>
</pin_list>
<bind>
<StgValue><ssdm name="temp_6"/><MemPortTyVec>3 0 </MemPortTyVec>
</StgValue>
</bind>
</comp>

<comp id="8" class="1000" name="temp_5">
<pin_list>
<pin id="9" dir="1" index="0" bw="1" slack="0"/>
</pin_list>
<bind>
<StgValue><ssdm name="temp_5"/><MemPortTyVec>3 0 </MemPortTyVec>
</StgValue>
</bind>
</comp>

<comp id="10" class="1000" name="temp_4">
<pin_list>
<pin id="11" dir="1" index="0" bw="1" slack="0"/>
</pin_list>
<bind>
<StgValue><ssdm name="temp_4"/><MemPortTyVec>3 0 </MemPortTyVec>
</StgValue>
</bind>
</comp>

<comp id="12" class="1000" name="temp_3">
<pin_list>
<pin id="13" dir="1" index="0" bw="1" slack="0"/>
</pin_list>
<bind>
<StgValue><ssdm name="temp_3"/><MemPortTyVec>3 0 </MemPortTyVec>
</StgValue>
</bind>
</comp>

<comp id="14" class="1000" name="temp_2">
<pin_list>
<pin id="15" dir="1" index="0" bw="1" slack="0"/>
</pin_list>
<bind>
<StgValue><ssdm name="temp_2"/><MemPortTyVec>3 0 </MemPortTyVec>
</StgValue>
</bind>
</comp>

<comp id="16" class="1000" name="temp_1">
<pin_list>
<pin id="17" dir="1" index="0" bw="1" slack="0"/>
</pin_list>
<bind>
<StgValue><ssdm name="temp_1"/><MemPortTyVec>3 0 </MemPortTyVec>
</StgValue>
</bind>
</comp>

<comp id="18" class="1000" name="temp">
<pin_list>
<pin id="19" dir="1" index="0" bw="1" slack="0"/>
</pin_list>
<bind>
<StgValue><ssdm name="temp"/><MemPortTyVec>3 0 </MemPortTyVec>
</StgValue>
</bind>
</comp>

<comp id="20" class="1001" name="const_20">
<pin_list>
<pin id="21" dir="1" index="0" bw="1" slack="0"/>
</pin_list>
<bind>
<StgValue><ssdm name=""/></StgValue>
</bind>
</comp>

<comp id="22" class="1001" name="const_22">
<pin_list>
<pin id="23" dir="1" index="0" bw="1" slack="2147483647"/>
</pin_list>
<bind>
<StgValue><ssdm name="_ssdm_op_SpecMemCore"/></StgValue>
</bind>
</comp>

<comp id="24" class="1001" name="const_24">
<pin_list>
<pin id="25" dir="1" index="0" bw="1" slack="2147483647"/>
</pin_list>
<bind>
<StgValue><ssdm name=""/></StgValue>
</bind>
</comp>

<comp id="26" class="1001" name="const_26">
<pin_list>
<pin id="27" dir="1" index="0" bw="1" slack="2147483647"/>
</pin_list>
<bind>
<StgValue><ssdm name=""/></StgValue>
</bind>
</comp>

<comp id="28" class="1001" name="const_28">
<pin_list>
<pin id="29" dir="1" index="0" bw="1" slack="2147483647"/>
</pin_list>
<bind>
<StgValue><ssdm name=""/></StgValue>
</bind>
</comp>

<comp id="30" class="1001" name="const_30">
<pin_list>
<pin id="31" dir="1" index="0" bw="1" slack="2147483647"/>
</pin_list>
<bind>
<StgValue><ssdm name=""/></StgValue>
</bind>
</comp>

<comp id="32" class="1001" name="const_32">
<pin_list>
<pin id="33" dir="1" index="0" bw="1" slack="2147483647"/>
</pin_list>
<bind>
<StgValue><ssdm name="_ssdm_op_SpecInterface"/></StgValue>
</bind>
</comp>

<comp id="34" class="1001" name="const_34">
<pin_list>
<pin id="35" dir="1" index="0" bw="1" slack="2147483647"/>
</pin_list>
<bind>
<StgValue><ssdm name="empty_7"/></StgValue>
</bind>
</comp>

<comp id="36" class="1001" name="const_36">
<pin_list>
<pin id="37" dir="1" index="0" bw="1" slack="2147483647"/>
</pin_list>
<bind>
<StgValue><ssdm name=""/></StgValue>
</bind>
</comp>

<comp id="38" class="1001" name="const_38">
<pin_list>
<pin id="39" dir="1" index="0" bw="1" slack="2147483647"/>
</pin_list>
<bind>
<StgValue><ssdm name="empty_8"/></StgValue>
</bind>
</comp>

<comp id="40" class="1001" name="const_40">
<pin_list>
<pin id="41" dir="1" index="0" bw="1" slack="2147483647"/>
</pin_list>
<bind>
<StgValue><ssdm name=""/></StgValue>
</bind>
</comp>

<comp id="42" class="1001" name="const_42">
<pin_list>
<pin id="43" dir="1" index="0" bw="1" slack="2147483647"/>
</pin_list>
<bind>
<StgValue><ssdm name="empty_34"/></StgValue>
</bind>
</comp>

<comp id="44" class="1001" name="const_44">
<pin_list>
<pin id="45" dir="1" index="0" bw="1" slack="2147483647"/>
</pin_list>
<bind>
<StgValue><ssdm name="empty_20"/></StgValue>
</bind>
</comp>

<comp id="46" class="1001" name="const_46">
<pin_list>
<pin id="47" dir="1" index="0" bw="1" slack="2147483647"/>
</pin_list>
<bind>
<StgValue><ssdm name=""/></StgValue>
</bind>
</comp>

<comp id="48" class="1001" name="const_48">
<pin_list>
<pin id="49" dir="1" index="0" bw="1" slack="2147483647"/>
</pin_list>
<bind>
<StgValue><ssdm name=""/></StgValue>
</bind>
</comp>

<comp id="50" class="1001" name="const_50">
<pin_list>
<pin id="51" dir="1" index="0" bw="1" slack="0"/>
</pin_list>
<bind>
<StgValue><ssdm name="_ssdm_op_Read.ap_auto.i64"/></StgValue>
</bind>
</comp>

<comp id="52" class="1001" name="const_52">
<pin_list>
<pin id="53" dir="1" index="0" bw="1" slack="0"/>
</pin_list>
<bind>
<StgValue><ssdm name=""/></StgValue>
</bind>
</comp>

<comp id="54" class="1001" name="const_54">
<pin_list>
<pin id="55" dir="1" index="0" bw="1" slack="0"/>
</pin_list>
<bind>
<StgValue><ssdm name=""/></StgValue>
</bind>
</comp>

<comp id="56" class="1001" name="const_56">
<pin_list>
<pin id="57" dir="1" index="0" bw="1" slack="0"/>
</pin_list>
<bind>
<StgValue><ssdm name=""/></StgValue>
</bind>
</comp>

<comp id="58" class="1001" name="const_58">
<pin_list>
<pin id="59" dir="1" index="0" bw="1" slack="0"/>
</pin_list>
<bind>
<StgValue><ssdm name="_ssdm_op_PartSelect.i8.i11.i32.i32"/></StgValue>
</bind>
</comp>

<comp id="60" class="1001" name="const_60">
<pin_list>
<pin id="61" dir="1" index="0" bw="1" slack="0"/>
</pin_list>
<bind>
<StgValue><ssdm name=""/></StgValue>
</bind>
</comp>

<comp id="62" class="1001" name="const_62">
<pin_list>
<pin id="63" dir="1" index="0" bw="1" slack="0"/>
</pin_list>
<bind>
<StgValue><ssdm name=""/></StgValue>
</bind>
</comp>

<comp id="64" class="1001" name="const_64">
<pin_list>
<pin id="65" dir="1" index="0" bw="1" slack="0"/>
</pin_list>
<bind>
<StgValue><ssdm name=""/></StgValue>
</bind>
</comp>

<comp id="66" class="1001" name="const_66">
<pin_list>
<pin id="67" dir="1" index="0" bw="1" slack="0"/>
</pin_list>
<bind>
<StgValue><ssdm name=""/></StgValue>
</bind>
</comp>

<comp id="68" class="1001" name="const_68">
<pin_list>
<pin id="69" dir="1" index="0" bw="1" slack="0"/>
</pin_list>
<bind>
<StgValue><ssdm name=""/></StgValue>
</bind>
</comp>

<comp id="70" class="1001" name="const_70">
<pin_list>
<pin id="71" dir="1" index="0" bw="1" slack="0"/>
</pin_list>
<bind>
<StgValue><ssdm name=""/></StgValue>
</bind>
</comp>

<comp id="72" class="1001" name="const_72">
<pin_list>
<pin id="73" dir="1" index="0" bw="1" slack="0"/>
</pin_list>
<bind>
<StgValue><ssdm name=""/></StgValue>
</bind>
</comp>

<comp id="74" class="1001" name="const_74">
<pin_list>
<pin id="75" dir="1" index="0" bw="1" slack="0"/>
</pin_list>
<bind>
<StgValue><ssdm name=""/></StgValue>
</bind>
</comp>

<comp id="76" class="1001" name="const_76">
<pin_list>
<pin id="77" dir="1" index="0" bw="1" slack="0"/>
</pin_list>
<bind>
<StgValue><ssdm name=""/></StgValue>
</bind>
</comp>

<comp id="78" class="1001" name="const_78">
<pin_list>
<pin id="79" dir="1" index="0" bw="1" slack="0"/>
</pin_list>
<bind>
<StgValue><ssdm name="_ssdm_op_Read.m_axi.i8.p1i8"/></StgValue>
</bind>
</comp>

<comp id="80" class="1001" name="const_80">
<pin_list>
<pin id="81" dir="1" index="0" bw="1" slack="2147483647"/>
</pin_list>
<bind>
<StgValue><ssdm name="_ssdm_op_SpecPipeline"/></StgValue>
</bind>
</comp>

<comp id="82" class="1001" name="const_82">
<pin_list>
<pin id="83" dir="1" index="0" bw="1" slack="2147483647"/>
</pin_list>
<bind>
<StgValue><ssdm name="_ssdm_op_SpecLoopTripCount"/></StgValue>
</bind>
</comp>

<comp id="84" class="1001" name="const_84">
<pin_list>
<pin id="85" dir="1" index="0" bw="1" slack="2147483647"/>
</pin_list>
<bind>
<StgValue><ssdm name=""/></StgValue>
</bind>
</comp>

<comp id="86" class="1001" name="const_86">
<pin_list>
<pin id="87" dir="1" index="0" bw="1" slack="2147483647"/>
</pin_list>
<bind>
<StgValue><ssdm name="_ssdm_op_SpecLoopName"/></StgValue>
</bind>
</comp>

<comp id="88" class="1001" name="const_88">
<pin_list>
<pin id="89" dir="1" index="0" bw="1" slack="2147483647"/>
</pin_list>
<bind>
<StgValue><ssdm name="empty_19"/></StgValue>
</bind>
</comp>

<comp id="90" class="1001" name="const_90">
<pin_list>
<pin id="91" dir="1" index="0" bw="1" slack="0"/>
</pin_list>
<bind>
<StgValue><ssdm name=""/></StgValue>
</bind>
</comp>

<comp id="92" class="1004" name="i_4_fu_92">
<pin_list>
<pin id="93" dir="0" index="0" bw="1" slack="0"/>
<pin id="94" dir="1" index="1" bw="11" slack="0"/>
</pin_list>
<bind>
<opcode="alloca(26) " fcode="alloca"/>
<opset="i_4/1 "/>
</bind>
</comp>

<comp id="96" class="1004" name="input_read_read_fu_96">
<pin_list>
<pin id="97" dir="0" index="0" bw="64" slack="0"/>
<pin id="98" dir="0" index="1" bw="64" slack="0"/>
<pin id="99" dir="1" index="2" bw="64" slack="0"/>
</pin_list>
<bind>
<opcode="read(1150) " fcode="read"/>
<opset="input_read/1 "/>
</bind>
</comp>

<comp id="102" class="1004" name="temp_addr_gep_fu_102">
<pin_list>
<pin id="103" dir="0" index="0" bw="8" slack="0"/>
<pin id="104" dir="0" index="1" bw="1" slack="0"/>
<pin id="105" dir="0" index="2" bw="8" slack="0"/>
<pin id="106" dir="1" index="3" bw="8" slack="0"/>
</pin_list>
<bind>
<opcode="getelementptr(29) " fcode="getelementptr"/>
<opset="temp_addr/3 "/>
</bind>
</comp>

<comp id="109" class="1004" name="temp_1_addr_gep_fu_109">
<pin_list>
<pin id="110" dir="0" index="0" bw="8" slack="0"/>
<pin id="111" dir="0" index="1" bw="1" slack="0"/>
<pin id="112" dir="0" index="2" bw="8" slack="0"/>
<pin id="113" dir="1" index="3" bw="8" slack="0"/>
</pin_list>
<bind>
<opcode="getelementptr(29) " fcode="getelementptr"/>
<opset="temp_1_addr/3 "/>
</bind>
</comp>

<comp id="116" class="1004" name="temp_2_addr_gep_fu_116">
<pin_list>
<pin id="117" dir="0" index="0" bw="8" slack="0"/>
<pin id="118" dir="0" index="1" bw="1" slack="0"/>
<pin id="119" dir="0" index="2" bw="8" slack="0"/>
<pin id="120" dir="1" index="3" bw="8" slack="0"/>
</pin_list>
<bind>
<opcode="getelementptr(29) " fcode="getelementptr"/>
<opset="temp_2_addr/3 "/>
</bind>
</comp>

<comp id="123" class="1004" name="temp_3_addr_gep_fu_123">
<pin_list>
<pin id="124" dir="0" index="0" bw="8" slack="0"/>
<pin id="125" dir="0" index="1" bw="1" slack="0"/>
<pin id="126" dir="0" index="2" bw="8" slack="0"/>
<pin id="127" dir="1" index="3" bw="8" slack="0"/>
</pin_list>
<bind>
<opcode="getelementptr(29) " fcode="getelementptr"/>
<opset="temp_3_addr/3 "/>
</bind>
</comp>

<comp id="130" class="1004" name="temp_4_addr_gep_fu_130">
<pin_list>
<pin id="131" dir="0" index="0" bw="8" slack="0"/>
<pin id="132" dir="0" index="1" bw="1" slack="0"/>
<pin id="133" dir="0" index="2" bw="8" slack="0"/>
<pin id="134" dir="1" index="3" bw="8" slack="0"/>
</pin_list>
<bind>
<opcode="getelementptr(29) " fcode="getelementptr"/>
<opset="temp_4_addr/3 "/>
</bind>
</comp>

<comp id="137" class="1004" name="temp_5_addr_gep_fu_137">
<pin_list>
<pin id="138" dir="0" index="0" bw="8" slack="0"/>
<pin id="139" dir="0" index="1" bw="1" slack="0"/>
<pin id="140" dir="0" index="2" bw="8" slack="0"/>
<pin id="141" dir="1" index="3" bw="8" slack="0"/>
</pin_list>
<bind>
<opcode="getelementptr(29) " fcode="getelementptr"/>
<opset="temp_5_addr/3 "/>
</bind>
</comp>

<comp id="144" class="1004" name="temp_6_addr_gep_fu_144">
<pin_list>
<pin id="145" dir="0" index="0" bw="8" slack="0"/>
<pin id="146" dir="0" index="1" bw="1" slack="0"/>
<pin id="147" dir="0" index="2" bw="8" slack="0"/>
<pin id="148" dir="1" index="3" bw="8" slack="0"/>
</pin_list>
<bind>
<opcode="getelementptr(29) " fcode="getelementptr"/>
<opset="temp_6_addr/3 "/>
</bind>
</comp>

<comp id="151" class="1004" name="temp_7_addr_gep_fu_151">
<pin_list>
<pin id="152" dir="0" index="0" bw="8" slack="0"/>
<pin id="153" dir="0" index="1" bw="1" slack="0"/>
<pin id="154" dir="0" index="2" bw="8" slack="0"/>
<pin id="155" dir="1" index="3" bw="8" slack="0"/>
</pin_list>
<bind>
<opcode="getelementptr(29) " fcode="getelementptr"/>
<opset="temp_7_addr/3 "/>
</bind>
</comp>

<comp id="158" class="1004" name="store_ln87_access_fu_158">
<pin_list>
<pin id="159" dir="0" index="0" bw="8" slack="2147483647"/>
<pin id="160" dir="0" index="1" bw="8" slack="2147483647"/>
<pin id="161" dir="0" index="2" bw="0" slack="0"/>
<pin id="163" dir="0" index="4" bw="8" slack="1"/>
<pin id="164" dir="0" index="5" bw="8" slack="2147483647"/>
<pin id="165" dir="0" index="6" bw="0" slack="2147483647"/>
<pin id="162" dir="1" index="3" bw="8" slack="2147483647"/>
<pin id="166" dir="1" index="7" bw="8" slack="2147483647"/>
</pin_list>
<bind>
<opcode="store(28) " fcode="store"/>
<opset="store_ln87/3 "/>
</bind>
</comp>

<comp id="168" class="1004" name="store_ln87_access_fu_168">
<pin_list>
<pin id="169" dir="0" index="0" bw="8" slack="2147483647"/>
<pin id="170" dir="0" index="1" bw="8" slack="2147483647"/>
<pin id="171" dir="0" index="2" bw="0" slack="0"/>
<pin id="173" dir="0" index="4" bw="8" slack="1"/>
<pin id="174" dir="0" index="5" bw="8" slack="2147483647"/>
<pin id="175" dir="0" index="6" bw="0" slack="2147483647"/>
<pin id="172" dir="1" index="3" bw="8" slack="2147483647"/>
<pin id="176" dir="1" index="7" bw="8" slack="2147483647"/>
</pin_list>
<bind>
<opcode="store(28) " fcode="store"/>
<opset="store_ln87/3 "/>
</bind>
</comp>

<comp id="178" class="1004" name="store_ln87_access_fu_178">
<pin_list>
<pin id="179" dir="0" index="0" bw="8" slack="2147483647"/>
<pin id="180" dir="0" index="1" bw="8" slack="2147483647"/>
<pin id="181" dir="0" index="2" bw="0" slack="0"/>
<pin id="183" dir="0" index="4" bw="8" slack="1"/>
<pin id="184" dir="0" index="5" bw="8" slack="2147483647"/>
<pin id="185" dir="0" index="6" bw="0" slack="2147483647"/>
<pin id="182" dir="1" index="3" bw="8" slack="2147483647"/>
<pin id="186" dir="1" index="7" bw="8" slack="2147483647"/>
</pin_list>
<bind>
<opcode="store(28) " fcode="store"/>
<opset="store_ln87/3 "/>
</bind>
</comp>

<comp id="188" class="1004" name="store_ln87_access_fu_188">
<pin_list>
<pin id="189" dir="0" index="0" bw="8" slack="2147483647"/>
<pin id="190" dir="0" index="1" bw="8" slack="2147483647"/>
<pin id="191" dir="0" index="2" bw="0" slack="0"/>
<pin id="193" dir="0" index="4" bw="8" slack="1"/>
<pin id="194" dir="0" index="5" bw="8" slack="2147483647"/>
<pin id="195" dir="0" index="6" bw="0" slack="2147483647"/>
<pin id="192" dir="1" index="3" bw="8" slack="2147483647"/>
<pin id="196" dir="1" index="7" bw="8" slack="2147483647"/>
</pin_list>
<bind>
<opcode="store(28) " fcode="store"/>
<opset="store_ln87/3 "/>
</bind>
</comp>

<comp id="198" class="1004" name="store_ln87_access_fu_198">
<pin_list>
<pin id="199" dir="0" index="0" bw="8" slack="2147483647"/>
<pin id="200" dir="0" index="1" bw="8" slack="2147483647"/>
<pin id="201" dir="0" index="2" bw="0" slack="0"/>
<pin id="203" dir="0" index="4" bw="8" slack="1"/>
<pin id="204" dir="0" index="5" bw="8" slack="2147483647"/>
<pin id="205" dir="0" index="6" bw="0" slack="2147483647"/>
<pin id="202" dir="1" index="3" bw="8" slack="2147483647"/>
<pin id="206" dir="1" index="7" bw="8" slack="2147483647"/>
</pin_list>
<bind>
<opcode="store(28) " fcode="store"/>
<opset="store_ln87/3 "/>
</bind>
</comp>

<comp id="208" class="1004" name="store_ln87_access_fu_208">
<pin_list>
<pin id="209" dir="0" index="0" bw="8" slack="2147483647"/>
<pin id="210" dir="0" index="1" bw="8" slack="2147483647"/>
<pin id="211" dir="0" index="2" bw="0" slack="0"/>
<pin id="213" dir="0" index="4" bw="8" slack="1"/>
<pin id="214" dir="0" index="5" bw="8" slack="2147483647"/>
<pin id="215" dir="0" index="6" bw="0" slack="2147483647"/>
<pin id="212" dir="1" index="3" bw="8" slack="2147483647"/>
<pin id="216" dir="1" index="7" bw="8" slack="2147483647"/>
</pin_list>
<bind>
<opcode="store(28) " fcode="store"/>
<opset="store_ln87/3 "/>
</bind>
</comp>

<comp id="218" class="1004" name="store_ln87_access_fu_218">
<pin_list>
<pin id="219" dir="0" index="0" bw="8" slack="2147483647"/>
<pin id="220" dir="0" index="1" bw="8" slack="2147483647"/>
<pin id="221" dir="0" index="2" bw="0" slack="0"/>
<pin id="223" dir="0" index="4" bw="8" slack="1"/>
<pin id="224" dir="0" index="5" bw="8" slack="2147483647"/>
<pin id="225" dir="0" index="6" bw="0" slack="2147483647"/>
<pin id="222" dir="1" index="3" bw="8" slack="2147483647"/>
<pin id="226" dir="1" index="7" bw="8" slack="2147483647"/>
</pin_list>
<bind>
<opcode="store(28) " fcode="store"/>
<opset="store_ln87/3 "/>
</bind>
</comp>

<comp id="228" class="1004" name="store_ln87_access_fu_228">
<pin_list>
<pin id="229" dir="0" index="0" bw="8" slack="2147483647"/>
<pin id="230" dir="0" index="1" bw="8" slack="2147483647"/>
<pin id="231" dir="0" index="2" bw="0" slack="0"/>
<pin id="233" dir="0" index="4" bw="8" slack="1"/>
<pin id="234" dir="0" index="5" bw="8" slack="2147483647"/>
<pin id="235" dir="0" index="6" bw="0" slack="2147483647"/>
<pin id="232" dir="1" index="3" bw="8" slack="2147483647"/>
<pin id="236" dir="1" index="7" bw="8" slack="2147483647"/>
</pin_list>
<bind>
<opcode="store(28) " fcode="store"/>
<opset="store_ln87/3 "/>
</bind>
</comp>

<comp id="238" class="1004" name="gmem0_addr_read_read_fu_238">
<pin_list>
<pin id="239" dir="0" index="0" bw="8" slack="0"/>
<pin id="240" dir="0" index="1" bw="8" slack="1"/>
<pin id="241" dir="1" index="2" bw="8" slack="1"/>
</pin_list>
<bind>
<opcode="read(1150) " fcode="read"/>
<opset="gmem0_addr_read/2 "/>
</bind>
</comp>

<comp id="243" class="1004" name="store_ln85_store_fu_243">
<pin_list>
<pin id="244" dir="0" index="0" bw="1" slack="0"/>
<pin id="245" dir="0" index="1" bw="11" slack="0"/>
<pin id="246" dir="1" index="2" bw="0" slack="2147483647"/>
</pin_list>
<bind>
<opcode="store(28) " fcode="store"/>
<opset="store_ln85/1 "/>
</bind>
</comp>

<comp id="248" class="1004" name="i_load_fu_248">
<pin_list>
<pin id="249" dir="0" index="0" bw="11" slack="0"/>
<pin id="250" dir="1" index="1" bw="11" slack="0"/>
</pin_list>
<bind>
<opcode="load(27) " fcode="load"/>
<opset="i/1 "/>
</bind>
</comp>

<comp id="251" class="1004" name="icmp_ln85_fu_251">
<pin_list>
<pin id="252" dir="0" index="0" bw="11" slack="0"/>
<pin id="253" dir="0" index="1" bw="10" slack="0"/>
<pin id="254" dir="1" index="2" bw="1" slack="1"/>
</pin_list>
<bind>
<opcode="icmp(45) " fcode="icmp"/>
<opset="icmp_ln85/1 "/>
</bind>
</comp>

<comp id="257" class="1004" name="add_ln85_fu_257">
<pin_list>
<pin id="258" dir="0" index="0" bw="11" slack="0"/>
<pin id="259" dir="0" index="1" bw="1" slack="0"/>
<pin id="260" dir="1" index="2" bw="11" slack="0"/>
</pin_list>
<bind>
<opcode="add(8) " fcode="add"/>
<opset="add_ln85/1 "/>
</bind>
</comp>

<comp id="263" class="1004" name="gmem0_addr_fu_263">
<pin_list>
<pin id="264" dir="0" index="0" bw="8" slack="0"/>
<pin id="265" dir="0" index="1" bw="64" slack="0"/>
<pin id="266" dir="1" index="2" bw="8" slack="1"/>
</pin_list>
<bind>
<opcode="getelementptr(29) " fcode="getelementptr"/>
<opset="gmem0_addr/1 "/>
</bind>
</comp>

<comp id="269" class="1004" name="trunc_ln85_fu_269">
<pin_list>
<pin id="270" dir="0" index="0" bw="11" slack="0"/>
<pin id="271" dir="1" index="1" bw="3" slack="0"/>
</pin_list>
<bind>
<opcode="trunc(33) " fcode="trunc"/>
<opset="trunc_ln85/1 "/>
</bind>
</comp>

<comp id="273" class="1004" name="lshr_ln_fu_273">
<pin_list>
<pin id="274" dir="0" index="0" bw="8" slack="0"/>
<pin id="275" dir="0" index="1" bw="11" slack="0"/>
<pin id="276" dir="0" index="2" bw="3" slack="0"/>
<pin id="277" dir="0" index="3" bw="5" slack="0"/>
<pin id="278" dir="1" index="4" bw="8" slack="2"/>
</pin_list>
<bind>
<opcode="partselect(1002) " fcode="partselect"/>
<opset="lshr_ln/1 "/>
</bind>
</comp>

<comp id="283" class="1004" name="switch_ln87_fu_283">
<pin_list>
<pin id="284" dir="0" index="0" bw="3" slack="0"/>
<pin id="285" dir="0" index="1" bw="1" slack="0"/>
<pin id="286" dir="0" index="2" bw="1" slack="0"/>
<pin id="287" dir="0" index="3" bw="3" slack="0"/>
<pin id="288" dir="0" index="4" bw="3" slack="0"/>
<pin id="289" dir="0" index="5" bw="3" slack="0"/>
<pin id="290" dir="0" index="6" bw="3" slack="0"/>
<pin id="291" dir="0" index="7" bw="2" slack="0"/>
<pin id="292" dir="1" index="8" bw="0" slack="2147483647"/>
</pin_list>
<bind>
<opcode="switch(3) " fcode="switch"/>
<opset="switch_ln87/1 "/>
</bind>
</comp>

<comp id="301" class="1004" name="store_ln85_store_fu_301">
<pin_list>
<pin id="302" dir="0" index="0" bw="11" slack="0"/>
<pin id="303" dir="0" index="1" bw="11" slack="0"/>
<pin id="304" dir="1" index="2" bw="0" slack="2147483647"/>
</pin_list>
<bind>
<opcode="store(28) " fcode="store"/>
<opset="store_ln85/1 "/>
</bind>
</comp>

<comp id="306" class="1004" name="zext_ln85_fu_306">
<pin_list>
<pin id="307" dir="0" index="0" bw="8" slack="2"/>
<pin id="308" dir="1" index="1" bw="64" slack="0"/>
</pin_list>
<bind>
<opcode="zext(34) " fcode="zext"/>
<opset="zext_ln85/3 "/>
</bind>
</comp>

<comp id="317" class="1005" name="i_4_reg_317">
<pin_list>
<pin id="318" dir="0" index="0" bw="11" slack="0"/>
<pin id="319" dir="1" index="1" bw="11" slack="0"/>
</pin_list>
<bind>
<opset="i_4 "/>
</bind>
</comp>

<comp id="324" class="1005" name="icmp_ln85_reg_324">
<pin_list>
<pin id="325" dir="0" index="0" bw="1" slack="1"/>
<pin id="326" dir="1" index="1" bw="1" slack="2147483647"/>
</pin_list>
<bind>
<opset="icmp_ln85 "/>
</bind>
</comp>

<comp id="328" class="1005" name="gmem0_addr_reg_328">
<pin_list>
<pin id="329" dir="0" index="0" bw="8" slack="1"/>
<pin id="330" dir="1" index="1" bw="8" slack="1"/>
</pin_list>
<bind>
<opset="gmem0_addr "/>
</bind>
</comp>

<comp id="333" class="1005" name="trunc_ln85_reg_333">
<pin_list>
<pin id="334" dir="0" index="0" bw="3" slack="2"/>
<pin id="335" dir="1" index="1" bw="3" slack="2147483647"/>
</pin_list>
<bind>
<opset="trunc_ln85 "/>
</bind>
</comp>

<comp id="337" class="1005" name="lshr_ln_reg_337">
<pin_list>
<pin id="338" dir="0" index="0" bw="8" slack="2"/>
<pin id="339" dir="1" index="1" bw="8" slack="2"/>
</pin_list>
<bind>
<opset="lshr_ln "/>
</bind>
</comp>

<comp id="342" class="1005" name="gmem0_addr_read_reg_342">
<pin_list>
<pin id="343" dir="0" index="0" bw="8" slack="1"/>
<pin id="344" dir="1" index="1" bw="8" slack="1"/>
</pin_list>
<bind>
<opset="gmem0_addr_read "/>
</bind>
</comp>

</comp_list>

<net_list>
<net id="95"><net_src comp="20" pin="0"/><net_sink comp="92" pin=0"/></net>

<net id="100"><net_src comp="50" pin="0"/><net_sink comp="96" pin=0"/></net>

<net id="101"><net_src comp="2" pin="0"/><net_sink comp="96" pin=1"/></net>

<net id="107"><net_src comp="18" pin="0"/><net_sink comp="102" pin=0"/></net>

<net id="108"><net_src comp="90" pin="0"/><net_sink comp="102" pin=1"/></net>

<net id="114"><net_src comp="16" pin="0"/><net_sink comp="109" pin=0"/></net>

<net id="115"><net_src comp="90" pin="0"/><net_sink comp="109" pin=1"/></net>

<net id="121"><net_src comp="14" pin="0"/><net_sink comp="116" pin=0"/></net>

<net id="122"><net_src comp="90" pin="0"/><net_sink comp="116" pin=1"/></net>

<net id="128"><net_src comp="12" pin="0"/><net_sink comp="123" pin=0"/></net>

<net id="129"><net_src comp="90" pin="0"/><net_sink comp="123" pin=1"/></net>

<net id="135"><net_src comp="10" pin="0"/><net_sink comp="130" pin=0"/></net>

<net id="136"><net_src comp="90" pin="0"/><net_sink comp="130" pin=1"/></net>

<net id="142"><net_src comp="8" pin="0"/><net_sink comp="137" pin=0"/></net>

<net id="143"><net_src comp="90" pin="0"/><net_sink comp="137" pin=1"/></net>

<net id="149"><net_src comp="6" pin="0"/><net_sink comp="144" pin=0"/></net>

<net id="150"><net_src comp="90" pin="0"/><net_sink comp="144" pin=1"/></net>

<net id="156"><net_src comp="4" pin="0"/><net_sink comp="151" pin=0"/></net>

<net id="157"><net_src comp="90" pin="0"/><net_sink comp="151" pin=1"/></net>

<net id="167"><net_src comp="144" pin="3"/><net_sink comp="158" pin=2"/></net>

<net id="177"><net_src comp="137" pin="3"/><net_sink comp="168" pin=2"/></net>

<net id="187"><net_src comp="130" pin="3"/><net_sink comp="178" pin=2"/></net>

<net id="197"><net_src comp="123" pin="3"/><net_sink comp="188" pin=2"/></net>

<net id="207"><net_src comp="116" pin="3"/><net_sink comp="198" pin=2"/></net>

<net id="217"><net_src comp="109" pin="3"/><net_sink comp="208" pin=2"/></net>

<net id="227"><net_src comp="102" pin="3"/><net_sink comp="218" pin=2"/></net>

<net id="237"><net_src comp="151" pin="3"/><net_sink comp="228" pin=2"/></net>

<net id="242"><net_src comp="78" pin="0"/><net_sink comp="238" pin=0"/></net>

<net id="247"><net_src comp="52" pin="0"/><net_sink comp="243" pin=0"/></net>

<net id="255"><net_src comp="248" pin="1"/><net_sink comp="251" pin=0"/></net>

<net id="256"><net_src comp="54" pin="0"/><net_sink comp="251" pin=1"/></net>

<net id="261"><net_src comp="248" pin="1"/><net_sink comp="257" pin=0"/></net>

<net id="262"><net_src comp="56" pin="0"/><net_sink comp="257" pin=1"/></net>

<net id="267"><net_src comp="0" pin="0"/><net_sink comp="263" pin=0"/></net>

<net id="268"><net_src comp="96" pin="2"/><net_sink comp="263" pin=1"/></net>

<net id="272"><net_src comp="248" pin="1"/><net_sink comp="269" pin=0"/></net>

<net id="279"><net_src comp="58" pin="0"/><net_sink comp="273" pin=0"/></net>

<net id="280"><net_src comp="248" pin="1"/><net_sink comp="273" pin=1"/></net>

<net id="281"><net_src comp="60" pin="0"/><net_sink comp="273" pin=2"/></net>

<net id="282"><net_src comp="62" pin="0"/><net_sink comp="273" pin=3"/></net>

<net id="293"><net_src comp="269" pin="1"/><net_sink comp="283" pin=0"/></net>

<net id="294"><net_src comp="64" pin="0"/><net_sink comp="283" pin=1"/></net>

<net id="295"><net_src comp="66" pin="0"/><net_sink comp="283" pin=2"/></net>

<net id="296"><net_src comp="68" pin="0"/><net_sink comp="283" pin=3"/></net>

<net id="297"><net_src comp="70" pin="0"/><net_sink comp="283" pin=4"/></net>

<net id="298"><net_src comp="72" pin="0"/><net_sink comp="283" pin=5"/></net>

<net id="299"><net_src comp="74" pin="0"/><net_sink comp="283" pin=6"/></net>

<net id="300"><net_src comp="76" pin="0"/><net_sink comp="283" pin=7"/></net>

<net id="305"><net_src comp="257" pin="2"/><net_sink comp="301" pin=0"/></net>

<net id="309"><net_src comp="306" pin="1"/><net_sink comp="102" pin=2"/></net>

<net id="310"><net_src comp="306" pin="1"/><net_sink comp="109" pin=2"/></net>

<net id="311"><net_src comp="306" pin="1"/><net_sink comp="116" pin=2"/></net>

<net id="312"><net_src comp="306" pin="1"/><net_sink comp="123" pin=2"/></net>

<net id="313"><net_src comp="306" pin="1"/><net_sink comp="130" pin=2"/></net>

<net id="314"><net_src comp="306" pin="1"/><net_sink comp="137" pin=2"/></net>

<net id="315"><net_src comp="306" pin="1"/><net_sink comp="144" pin=2"/></net>

<net id="316"><net_src comp="306" pin="1"/><net_sink comp="151" pin=2"/></net>

<net id="320"><net_src comp="92" pin="1"/><net_sink comp="317" pin=0"/></net>

<net id="321"><net_src comp="317" pin="1"/><net_sink comp="243" pin=1"/></net>

<net id="322"><net_src comp="317" pin="1"/><net_sink comp="248" pin=0"/></net>

<net id="323"><net_src comp="317" pin="1"/><net_sink comp="301" pin=1"/></net>

<net id="327"><net_src comp="251" pin="2"/><net_sink comp="324" pin=0"/></net>

<net id="331"><net_src comp="263" pin="2"/><net_sink comp="328" pin=0"/></net>

<net id="332"><net_src comp="328" pin="1"/><net_sink comp="238" pin=1"/></net>

<net id="336"><net_src comp="269" pin="1"/><net_sink comp="333" pin=0"/></net>

<net id="340"><net_src comp="273" pin="4"/><net_sink comp="337" pin=0"/></net>

<net id="341"><net_src comp="337" pin="1"/><net_sink comp="306" pin=0"/></net>

<net id="345"><net_src comp="238" pin="2"/><net_sink comp="342" pin=0"/></net>

<net id="346"><net_src comp="342" pin="1"/><net_sink comp="158" pin=4"/></net>

<net id="347"><net_src comp="342" pin="1"/><net_sink comp="168" pin=4"/></net>

<net id="348"><net_src comp="342" pin="1"/><net_sink comp="178" pin=4"/></net>

<net id="349"><net_src comp="342" pin="1"/><net_sink comp="188" pin=4"/></net>

<net id="350"><net_src comp="342" pin="1"/><net_sink comp="198" pin=4"/></net>

<net id="351"><net_src comp="342" pin="1"/><net_sink comp="208" pin=4"/></net>

<net id="352"><net_src comp="342" pin="1"/><net_sink comp="218" pin=4"/></net>

<net id="353"><net_src comp="342" pin="1"/><net_sink comp="228" pin=4"/></net>

</net_list>

</model> 
---------------- Datapath Model END ------------------

* FSMD analyzer results:
  - Output states:
	Port: temp_7 | {3 }
	Port: temp_6 | {3 }
	Port: temp_5 | {3 }
	Port: temp_4 | {3 }
	Port: temp_3 | {3 }
	Port: temp_2 | {3 }
	Port: temp_1 | {3 }
	Port: temp | {3 }
 - Input state : 
	Port: conv2_Pipeline_LOAD_2 : gmem0 | {2 }
	Port: conv2_Pipeline_LOAD_2 : input_r | {1 }
  - Chain level:
	State 1
		store_ln85 : 1
		i : 1
		icmp_ln85 : 2
		add_ln85 : 2
		br_ln85 : 3
		trunc_ln85 : 2
		lshr_ln : 2
		switch_ln87 : 3
		store_ln85 : 3
	State 2
	State 3
		temp_addr : 1
		temp_1_addr : 1
		temp_2_addr : 1
		temp_3_addr : 1
		temp_4_addr : 1
		temp_5_addr : 1
		temp_6_addr : 1
		temp_7_addr : 1
		store_ln87 : 2
		store_ln87 : 2
		store_ln87 : 2
		store_ln87 : 2
		store_ln87 : 2
		store_ln87 : 2
		store_ln87 : 2
		store_ln87 : 2


============================================================
+ Verbose Summary: Datapath Resource usage 
============================================================

* Functional unit list:
|----------|-----------------------------|---------|---------|
| Operation|       Functional Unit       |    FF   |   LUT   |
|----------|-----------------------------|---------|---------|
|   icmp   |       icmp_ln85_fu_251      |    0    |    12   |
|----------|-----------------------------|---------|---------|
|    add   |       add_ln85_fu_257       |    0    |    12   |
|----------|-----------------------------|---------|---------|
|   read   |    input_read_read_fu_96    |    0    |    0    |
|          | gmem0_addr_read_read_fu_238 |    0    |    0    |
|----------|-----------------------------|---------|---------|
|   trunc  |      trunc_ln85_fu_269      |    0    |    0    |
|----------|-----------------------------|---------|---------|
|partselect|        lshr_ln_fu_273       |    0    |    0    |
|----------|-----------------------------|---------|---------|
|  switch  |      switch_ln87_fu_283     |    0    |    0    |
|----------|-----------------------------|---------|---------|
|   zext   |       zext_ln85_fu_306      |    0    |    0    |
|----------|-----------------------------|---------|---------|
|   Total  |                             |    0    |    24   |
|----------|-----------------------------|---------|---------|

Memories:
N/A

* Register list:
+-----------------------+--------+
|                       |   FF   |
+-----------------------+--------+
|gmem0_addr_read_reg_342|    8   |
|   gmem0_addr_reg_328  |    8   |
|      i_4_reg_317      |   11   |
|   icmp_ln85_reg_324   |    1   |
|    lshr_ln_reg_337    |    8   |
|   trunc_ln85_reg_333  |    3   |
+-----------------------+--------+
|         Total         |   39   |
+-----------------------+--------+

* Multiplexer (MUX) list: 
|--------|------|------|------|--------|
|  Comp  |  Pin | Size |  BW  | S x BW |
|--------|------|------|------|--------|
|  Total |      |      |      |    0   |
|--------|------|------|------|--------|



* Summary:
+-----------+--------+--------+
|           |   FF   |   LUT  |
+-----------+--------+--------+
|  Function |    0   |   24   |
|   Memory  |    -   |    -   |
|Multiplexer|    -   |    -   |
|  Register |   39   |    -   |
+-----------+--------+--------+
|   Total   |   39   |   24   |
+-----------+--------+--------+
