

================================================================
== Vitis HLS Report for 'conv1_Pipeline_LOAD_B'
================================================================
* Date:           Sat Mar  7 18:28:21 2026

* Version:        2025.2 (Build 6295257 on Nov 14 2025)
* Project:        top
* Solution:       hls (Vivado IP Flow Target)
* Product family: zynq
* Target device:  xc7z020-clg484-1


================================================================
== Performance Estimates
================================================================
+ Timing: 
    * Summary: 
    +--------+----------+----------+------------+
    |  Clock |  Target  | Estimated| Uncertainty|
    +--------+----------+----------+------------+
    |ap_clk  |  10.00 ns|  8.750 ns|     1.25 ns|
    +--------+----------+----------+------------+

+ Latency: 
    * Summary: 
    +---------+---------+----------+----------+-----+-----+-------------------+
    |  Latency (cycles) |  Latency (absolute) |  Interval |      Pipeline     |
    |   min   |   max   |    min   |    max   | min | max |        Type       |
    +---------+---------+----------+----------+-----+-----+-------------------+
    |       10|       10|  0.100 us|  0.100 us|    0|    0|  loop pipeline stp|
    +---------+---------+----------+----------+-----+-----+-------------------+

    + Detail: 
        * Instance: 
        N/A

        * Loop: 
        +----------+---------+---------+----------+-----------+-----------+------+----------+
        |          |  Latency (cycles) | Iteration|  Initiation Interval  | Trip |          |
        | Loop Name|   min   |   max   |  Latency |  achieved |   target  | Count| Pipelined|
        +----------+---------+---------+----------+-----------+-----------+------+----------+
        |- LOAD_B  |        8|        8|         2|          1|          1|     8|       yes|
        +----------+---------+---------+----------+-----------+-----------+------+----------+



================================================================
== Utilization Estimates
================================================================
* Summary: 
+-----------------+---------+-----+--------+-------+-----+
|       Name      | BRAM_18K| DSP |   FF   |  LUT  | URAM|
+-----------------+---------+-----+--------+-------+-----+
|DSP              |        -|    -|       -|      -|    -|
|Expression       |        -|    -|       0|     30|    -|
|FIFO             |        -|    -|       -|      -|    -|
|Instance         |        -|    -|       -|      -|    -|
|Memory           |        -|    -|       -|      -|    -|
|Multiplexer      |        -|    -|       0|     45|    -|
|Register         |        -|    -|      10|      -|    -|
+-----------------+---------+-----+--------+-------+-----+
|Total            |        0|    0|      10|     75|    0|
+-----------------+---------+-----+--------+-------+-----+
|Available        |      280|  220|  106400|  53200|    0|
+-----------------+---------+-----+--------+-------+-----+
|Utilization (%)  |        0|    0|      ~0|     ~0|    0|
+-----------------+---------+-----+--------+-------+-----+

+ Detail: 
    * Instance: 
    N/A

    * DSP: 
    N/A

    * Memory: 
    N/A

    * FIFO: 
    N/A

    * Expression: 
    +---------------------------+----------+----+---+----+------------+------------+
    |       Variable Name       | Operation| DSP| FF| LUT| Bitwidth P0| Bitwidth P1|
    +---------------------------+----------+----+---+----+------------+------------+
    |add_ln25_fu_109_p2         |         +|   0|  0|  13|           4|           1|
    |ap_block_pp0_stage0_11001  |       and|   0|  0|   2|           1|           1|
    |icmp_ln25_fu_103_p2        |      icmp|   0|  0|  13|           4|           5|
    |ap_enable_pp0              |       xor|   0|  0|   2|           1|           2|
    +---------------------------+----------+----+---+----+------------+------------+
    |Total                      |          |   0|  0|  30|          10|           9|
    +---------------------------+----------+----+---+----+------------+------------+

    * Multiplexer: 
    +-------------------------+----+-----------+-----+-----------+
    |           Name          | LUT| Input Size| Bits| Total Bits|
    +-------------------------+----+-----------+-----+-----------+
    |ap_done_int              |   9|          2|    1|          2|
    |ap_enable_reg_pp0_iter1  |   9|          2|    1|          2|
    |ap_sig_allocacmp_i       |   9|          2|    4|          8|
    |gmem1_blk_n_R            |   9|          2|    1|          2|
    |i_5_fu_80                |   9|          2|    4|          8|
    +-------------------------+----+-----------+-----+-----------+
    |Total                    |  45|         10|   11|         22|
    +-------------------------+----+-----------+-----+-----------+

    * Register: 
    +-------------------------+---+----+-----+-----------+
    |           Name          | FF| LUT| Bits| Const Bits|
    +-------------------------+---+----+-----+-----------+
    |ap_CS_fsm                |  1|   0|    1|          0|
    |ap_done_reg              |  1|   0|    1|          0|
    |ap_enable_reg_pp0_iter1  |  1|   0|    1|          0|
    |i_5_fu_80                |  4|   0|    4|          0|
    |trunc_ln25_reg_211       |  3|   0|    3|          0|
    +-------------------------+---+----+-----+-----------+
    |Total                    | 10|   0|   10|          0|
    +-------------------------+---+----+-----+-----------+



================================================================
== Interface
================================================================
* Summary: 
+-------------------------------------------------------------------------+-----+-----+------------+------------------------------------------------------------------+--------------+
|                                RTL Ports                                | Dir | Bits|  Protocol  |                           Source Object                          |    C Type    |
+-------------------------------------------------------------------------+-----+-----+------------+------------------------------------------------------------------+--------------+
|ap_clk                                                                   |   in|    1|  ap_ctrl_hs|                                             conv1_Pipeline_LOAD_B|  return value|
|ap_rst                                                                   |   in|    1|  ap_ctrl_hs|                                             conv1_Pipeline_LOAD_B|  return value|
|ap_start                                                                 |   in|    1|  ap_ctrl_hs|                                             conv1_Pipeline_LOAD_B|  return value|
|ap_done                                                                  |  out|    1|  ap_ctrl_hs|                                             conv1_Pipeline_LOAD_B|  return value|
|ap_idle                                                                  |  out|    1|  ap_ctrl_hs|                                             conv1_Pipeline_LOAD_B|  return value|
|ap_ready                                                                 |  out|    1|  ap_ctrl_hs|                                             conv1_Pipeline_LOAD_B|  return value|
|m_axi_gmem1_0_AWVALID                                                    |  out|    1|       m_axi|                                                             gmem1|       pointer|
|m_axi_gmem1_0_AWREADY                                                    |   in|    1|       m_axi|                                                             gmem1|       pointer|
|m_axi_gmem1_0_AWADDR                                                     |  out|   64|       m_axi|                                                             gmem1|       pointer|
|m_axi_gmem1_0_AWID                                                       |  out|    1|       m_axi|                                                             gmem1|       pointer|
|m_axi_gmem1_0_AWLEN                                                      |  out|   32|       m_axi|                                                             gmem1|       pointer|
|m_axi_gmem1_0_AWSIZE                                                     |  out|    3|       m_axi|                                                             gmem1|       pointer|
|m_axi_gmem1_0_AWBURST                                                    |  out|    2|       m_axi|                                                             gmem1|       pointer|
|m_axi_gmem1_0_AWLOCK                                                     |  out|    2|       m_axi|                                                             gmem1|       pointer|
|m_axi_gmem1_0_AWCACHE                                                    |  out|    4|       m_axi|                                                             gmem1|       pointer|
|m_axi_gmem1_0_AWPROT                                                     |  out|    3|       m_axi|                                                             gmem1|       pointer|
|m_axi_gmem1_0_AWQOS                                                      |  out|    4|       m_axi|                                                             gmem1|       pointer|
|m_axi_gmem1_0_AWREGION                                                   |  out|    4|       m_axi|                                                             gmem1|       pointer|
|m_axi_gmem1_0_AWUSER                                                     |  out|    1|       m_axi|                                                             gmem1|       pointer|
|m_axi_gmem1_0_WVALID                                                     |  out|    1|       m_axi|                                                             gmem1|       pointer|
|m_axi_gmem1_0_WREADY                                                     |   in|    1|       m_axi|                                                             gmem1|       pointer|
|m_axi_gmem1_0_WDATA                                                      |  out|    8|       m_axi|                                                             gmem1|       pointer|
|m_axi_gmem1_0_WSTRB                                                      |  out|    1|       m_axi|                                                             gmem1|       pointer|
|m_axi_gmem1_0_WLAST                                                      |  out|    1|       m_axi|                                                             gmem1|       pointer|
|m_axi_gmem1_0_WID                                                        |  out|    1|       m_axi|                                                             gmem1|       pointer|
|m_axi_gmem1_0_WUSER                                                      |  out|    1|       m_axi|                                                             gmem1|       pointer|
|m_axi_gmem1_0_ARVALID                                                    |  out|    1|       m_axi|                                                             gmem1|       pointer|
|m_axi_gmem1_0_ARREADY                                                    |   in|    1|       m_axi|                                                             gmem1|       pointer|
|m_axi_gmem1_0_ARADDR                                                     |  out|   64|       m_axi|                                                             gmem1|       pointer|
|m_axi_gmem1_0_ARID                                                       |  out|    1|       m_axi|                                                             gmem1|       pointer|
|m_axi_gmem1_0_ARLEN                                                      |  out|   32|       m_axi|                                                             gmem1|       pointer|
|m_axi_gmem1_0_ARSIZE                                                     |  out|    3|       m_axi|                                                             gmem1|       pointer|
|m_axi_gmem1_0_ARBURST                                                    |  out|    2|       m_axi|                                                             gmem1|       pointer|
|m_axi_gmem1_0_ARLOCK                                                     |  out|    2|       m_axi|                                                             gmem1|       pointer|
|m_axi_gmem1_0_ARCACHE                                                    |  out|    4|       m_axi|                                                             gmem1|       pointer|
|m_axi_gmem1_0_ARPROT                                                     |  out|    3|       m_axi|                                                             gmem1|       pointer|
|m_axi_gmem1_0_ARQOS                                                      |  out|    4|       m_axi|                                                             gmem1|       pointer|
|m_axi_gmem1_0_ARREGION                                                   |  out|    4|       m_axi|                                                             gmem1|       pointer|
|m_axi_gmem1_0_ARUSER                                                     |  out|    1|       m_axi|                                                             gmem1|       pointer|
|m_axi_gmem1_0_RVALID                                                     |   in|    1|       m_axi|                                                             gmem1|       pointer|
|m_axi_gmem1_0_RREADY                                                     |  out|    1|       m_axi|                                                             gmem1|       pointer|
|m_axi_gmem1_0_RDATA                                                      |   in|    8|       m_axi|                                                             gmem1|       pointer|
|m_axi_gmem1_0_RLAST                                                      |   in|    1|       m_axi|                                                             gmem1|       pointer|
|m_axi_gmem1_0_RID                                                        |   in|    1|       m_axi|                                                             gmem1|       pointer|
|m_axi_gmem1_0_RFIFONUM                                                   |   in|   11|       m_axi|                                                             gmem1|       pointer|
|m_axi_gmem1_0_RUSER                                                      |   in|    1|       m_axi|                                                             gmem1|       pointer|
|m_axi_gmem1_0_RRESP                                                      |   in|    2|       m_axi|                                                             gmem1|       pointer|
|m_axi_gmem1_0_BVALID                                                     |   in|    1|       m_axi|                                                             gmem1|       pointer|
|m_axi_gmem1_0_BREADY                                                     |  out|    1|       m_axi|                                                             gmem1|       pointer|
|m_axi_gmem1_0_BRESP                                                      |   in|    2|       m_axi|                                                             gmem1|       pointer|
|m_axi_gmem1_0_BID                                                        |   in|    1|       m_axi|                                                             gmem1|       pointer|
|m_axi_gmem1_0_BUSER                                                      |   in|    1|       m_axi|                                                             gmem1|       pointer|
|bias                                                                     |   in|   64|     ap_none|                                                              bias|        scalar|
|conv1_ap_fixed_ap_fixed_ap_fixed_ap_fixed_8_5_5_3_0_local_bias_7         |  out|    8|      ap_vld|  conv1_ap_fixed_ap_fixed_ap_fixed_ap_fixed_8_5_5_3_0_local_bias_7|       pointer|
|conv1_ap_fixed_ap_fixed_ap_fixed_ap_fixed_8_5_5_3_0_local_bias_7_ap_vld  |  out|    1|      ap_vld|  conv1_ap_fixed_ap_fixed_ap_fixed_ap_fixed_8_5_5_3_0_local_bias_7|       pointer|
|conv1_ap_fixed_ap_fixed_ap_fixed_ap_fixed_8_5_5_3_0_local_bias_6         |  out|    8|      ap_vld|  conv1_ap_fixed_ap_fixed_ap_fixed_ap_fixed_8_5_5_3_0_local_bias_6|       pointer|
|conv1_ap_fixed_ap_fixed_ap_fixed_ap_fixed_8_5_5_3_0_local_bias_6_ap_vld  |  out|    1|      ap_vld|  conv1_ap_fixed_ap_fixed_ap_fixed_ap_fixed_8_5_5_3_0_local_bias_6|       pointer|
|conv1_ap_fixed_ap_fixed_ap_fixed_ap_fixed_8_5_5_3_0_local_bias_5         |  out|    8|      ap_vld|  conv1_ap_fixed_ap_fixed_ap_fixed_ap_fixed_8_5_5_3_0_local_bias_5|       pointer|
|conv1_ap_fixed_ap_fixed_ap_fixed_ap_fixed_8_5_5_3_0_local_bias_5_ap_vld  |  out|    1|      ap_vld|  conv1_ap_fixed_ap_fixed_ap_fixed_ap_fixed_8_5_5_3_0_local_bias_5|       pointer|
|conv1_ap_fixed_ap_fixed_ap_fixed_ap_fixed_8_5_5_3_0_local_bias_4         |  out|    8|      ap_vld|  conv1_ap_fixed_ap_fixed_ap_fixed_ap_fixed_8_5_5_3_0_local_bias_4|       pointer|
|conv1_ap_fixed_ap_fixed_ap_fixed_ap_fixed_8_5_5_3_0_local_bias_4_ap_vld  |  out|    1|      ap_vld|  conv1_ap_fixed_ap_fixed_ap_fixed_ap_fixed_8_5_5_3_0_local_bias_4|       pointer|
|conv1_ap_fixed_ap_fixed_ap_fixed_ap_fixed_8_5_5_3_0_local_bias_3         |  out|    8|      ap_vld|  conv1_ap_fixed_ap_fixed_ap_fixed_ap_fixed_8_5_5_3_0_local_bias_3|       pointer|
|conv1_ap_fixed_ap_fixed_ap_fixed_ap_fixed_8_5_5_3_0_local_bias_3_ap_vld  |  out|    1|      ap_vld|  conv1_ap_fixed_ap_fixed_ap_fixed_ap_fixed_8_5_5_3_0_local_bias_3|       pointer|
|conv1_ap_fixed_ap_fixed_ap_fixed_ap_fixed_8_5_5_3_0_local_bias_2         |  out|    8|      ap_vld|  conv1_ap_fixed_ap_fixed_ap_fixed_ap_fixed_8_5_5_3_0_local_bias_2|       pointer|
|conv1_ap_fixed_ap_fixed_ap_fixed_ap_fixed_8_5_5_3_0_local_bias_2_ap_vld  |  out|    1|      ap_vld|  conv1_ap_fixed_ap_fixed_ap_fixed_ap_fixed_8_5_5_3_0_local_bias_2|       pointer|
|conv1_ap_fixed_ap_fixed_ap_fixed_ap_fixed_8_5_5_3_0_local_bias_1         |  out|    8|      ap_vld|  conv1_ap_fixed_ap_fixed_ap_fixed_ap_fixed_8_5_5_3_0_local_bias_1|       pointer|
|conv1_ap_fixed_ap_fixed_ap_fixed_ap_fixed_8_5_5_3_0_local_bias_1_ap_vld  |  out|    1|      ap_vld|  conv1_ap_fixed_ap_fixed_ap_fixed_ap_fixed_8_5_5_3_0_local_bias_1|       pointer|
|conv1_ap_fixed_ap_fixed_ap_fixed_ap_fixed_8_5_5_3_0_local_bias           |  out|    8|      ap_vld|    conv1_ap_fixed_ap_fixed_ap_fixed_ap_fixed_8_5_5_3_0_local_bias|       pointer|
|conv1_ap_fixed_ap_fixed_ap_fixed_ap_fixed_8_5_5_3_0_local_bias_ap_vld    |  out|    1|      ap_vld|    conv1_ap_fixed_ap_fixed_ap_fixed_ap_fixed_8_5_5_3_0_local_bias|       pointer|
+-------------------------------------------------------------------------+-----+-----+------------+------------------------------------------------------------------+--------------+

============================================================
+ Verbose Summary: Synthesis Manager
============================================================
InlineROM: 1
ExposeGlobal: 0
============================================================
+ Verbose Summary: CDFG Model
============================================================
IsTopModel: 0
ResetActiveHigh: 1
IsCombinational: 2
IsDatapathOnly: 2
HasWiredReturn: 1
HasMFsm: 2
HasVarLatency: 1
IsPipeline: 0
IsRtlPipelined: 0
IsInstanceOverlapped: 0
IsDontTouch: 0
HasImplIP: 0
IsGatedGlobalClock: 0

+ Individual pipeline summary: 
  * Pipeline-0: initiation interval (II) = 1, depth = 2


============================================================
+ Verbose Summary: Schedule
============================================================
* Number of FSM states : 2
* Pipeline : 1
  Pipeline-0 : II = 1, D = 2, States = { 1 2 }
* Dataflow Pipeline: 0

* FSM state transitions: 
1 --> 2 
2 --> 

* FSM state operations: 

State 1 <SV = 0> <Delay = 4.91>
ST_1 : Operation 5 [1/1] (0.00ns)   --->   "%i_5 = alloca i32 1" [../src/conv.cpp:25]   --->   Operation 5 'alloca' 'i_5' <Predicate = true> <Delay = 0.00>
ST_1 : Operation 6 [1/1] (0.00ns)   --->   "%specstablecontent_ln0 = specstablecontent void @_ssdm_op_SpecStableContent, i8 %gmem1, i1 1, void "   --->   Operation 6 'specstablecontent' 'specstablecontent_ln0' <Predicate = true> <Delay = 0.00>
ST_1 : Operation 7 [1/1] (0.00ns)   --->   "%specinterface_ln0 = specinterface void @_ssdm_op_SpecInterface, i8 %gmem1, void @empty_7, i32 0, i32 0, void @empty_8, i32 0, i32 136, void @empty_32, void @empty_20, void @empty_8, i32 16, i32 16, i32 16, i32 16, void @empty_8, void @empty_8, i32 4294967295, i32 0, i32 0, i32 1"   --->   Operation 7 'specinterface' 'specinterface_ln0' <Predicate = true> <Delay = 0.00>
ST_1 : Operation 8 [1/1] (0.00ns)   --->   "%bias_read = read i64 @_ssdm_op_Read.ap_auto.i64, i64 %bias"   --->   Operation 8 'read' 'bias_read' <Predicate = true> <Delay = 0.00>
ST_1 : Operation 9 [1/1] (1.58ns)   --->   "%store_ln25 = store i4 0, i4 %i_5" [../src/conv.cpp:25]   --->   Operation 9 'store' 'store_ln25' <Predicate = true> <Delay = 1.58>
ST_1 : Operation 10 [1/1] (0.00ns)   --->   "%br_ln0 = br void %for.inc12"   --->   Operation 10 'br' 'br_ln0' <Predicate = true> <Delay = 0.00>
ST_1 : Operation 11 [1/1] (0.00ns)   --->   "%i = load i4 %i_5" [../src/conv.cpp:25]   --->   Operation 11 'load' 'i' <Predicate = true> <Delay = 0.00>
ST_1 : Operation 12 [1/1] (1.73ns)   --->   "%icmp_ln25 = icmp_eq  i4 %i, i4 8" [../src/conv.cpp:25]   --->   Operation 12 'icmp' 'icmp_ln25' <Predicate = true> <Delay = 1.73> <CoreInst = "Cmp">   --->   Core 9 'Cmp' <Latency = 0> <II = 1> <Delay = 1.78> <FuncUnit> <Opcode : 'seteq' 'setne' 'setle' 'setge' 'setlt' 'setgt'> <InPorts = 2> <OutPorts = 1>
ST_1 : Operation 13 [1/1] (1.73ns)   --->   "%add_ln25 = add i4 %i, i4 1" [../src/conv.cpp:25]   --->   Operation 13 'add' 'add_ln25' <Predicate = true> <Delay = 1.73> <CoreInst = "Adder">   --->   Core 1 'Adder' <Latency = 0> <II = 1> <Delay = 1.73> <FuncUnit> <Opcode : 'add' 'sub'> <InPorts = 2> <OutPorts = 1>
ST_1 : Operation 14 [1/1] (0.00ns)   --->   "%br_ln25 = br i1 %icmp_ln25, void %for.inc12.split, void %LOAD_1.exitStub" [../src/conv.cpp:25]   --->   Operation 14 'br' 'br_ln25' <Predicate = true> <Delay = 0.00>
ST_1 : Operation 15 [1/1] (0.00ns)   --->   "%gmem1_addr = getelementptr i8 %gmem1, i64 %bias_read" [../src/conv.cpp:25]   --->   Operation 15 'getelementptr' 'gmem1_addr' <Predicate = (!icmp_ln25)> <Delay = 0.00>
ST_1 : Operation 16 [1/1] (0.00ns)   --->   "%trunc_ln25 = trunc i4 %i" [../src/conv.cpp:25]   --->   Operation 16 'trunc' 'trunc_ln25' <Predicate = (!icmp_ln25)> <Delay = 0.00>
ST_1 : Operation 17 [1/1] (1.65ns)   --->   "%switch_ln27 = switch i3 %trunc_ln25, void %arrayidx11.case.7, i3 0, void %arrayidx11.case.0, i3 1, void %arrayidx11.case.1, i3 2, void %arrayidx11.case.2, i3 3, void %arrayidx11.case.3, i3 4, void %arrayidx11.case.4, i3 5, void %arrayidx11.case.5, i3 6, void %arrayidx11.case.6" [../src/conv.cpp:27]   --->   Operation 17 'switch' 'switch_ln27' <Predicate = (!icmp_ln25)> <Delay = 1.65>
ST_1 : Operation 18 [1/1] (1.58ns)   --->   "%store_ln25 = store i4 %add_ln25, i4 %i_5" [../src/conv.cpp:25]   --->   Operation 18 'store' 'store_ln25' <Predicate = (!icmp_ln25)> <Delay = 1.58>
ST_1 : Operation 19 [1/1] (0.00ns)   --->   "%br_ln25 = br void %for.inc12" [../src/conv.cpp:25]   --->   Operation 19 'br' 'br_ln25' <Predicate = (!icmp_ln25)> <Delay = 0.00>
ST_1 : Operation 40 [1/1] (1.58ns)   --->   "%ret_ln0 = ret"   --->   Operation 40 'ret' 'ret_ln0' <Predicate = (icmp_ln25)> <Delay = 1.58>

State 2 <SV = 1> <Delay = 8.75>
ST_2 : Operation 20 [1/1] (0.00ns)   --->   "%specpipeline_ln26 = specpipeline void @_ssdm_op_SpecPipeline, i32 1, i32 0, i32 0, i32 0, i32 4294967295, void @empty_8" [../src/conv.cpp:26]   --->   Operation 20 'specpipeline' 'specpipeline_ln26' <Predicate = true> <Delay = 0.00>
ST_2 : Operation 21 [1/1] (0.00ns)   --->   "%speclooptripcount_ln25 = speclooptripcount void @_ssdm_op_SpecLoopTripCount, i64 8, i64 8, i64 8" [../src/conv.cpp:25]   --->   Operation 21 'speclooptripcount' 'speclooptripcount_ln25' <Predicate = true> <Delay = 0.00>
ST_2 : Operation 22 [1/1] (0.00ns)   --->   "%specloopname_ln25 = specloopname void @_ssdm_op_SpecLoopName, void @empty_22" [../src/conv.cpp:25]   --->   Operation 22 'specloopname' 'specloopname_ln25' <Predicate = true> <Delay = 0.00>
ST_2 : Operation 23 [1/1] ( I:8.75ns O:8.75ns )   --->   "%gmem1_addr_read = read i8 @_ssdm_op_Read.m_axi.i8.p1i8, i64 %gmem1_addr" [../src/conv.cpp:27]   --->   Operation 23 'read' 'gmem1_addr_read' <Predicate = true> <Delay = 8.75> <CoreInst = "m_axi">   --->   Core 111 'm_axi' <Latency = 3> <II = 1> <Delay = 1.00> <Adapter> <Opcode : 'readrequnaligned' 'writerequnaligned' 'read' 'write' 'readreq' 'writereq' 'writeresp'>
ST_2 : Operation 24 [1/1] (0.00ns)   --->   "%store_ln27 = store i8 %gmem1_addr_read, i8 %conv1_ap_fixed_ap_fixed_ap_fixed_ap_fixed_8_5_5_3_0_local_bias_1" [../src/conv.cpp:27]   --->   Operation 24 'store' 'store_ln27' <Predicate = (trunc_ln25 == 6)> <Delay = 0.00>
ST_2 : Operation 25 [1/1] (0.00ns)   --->   "%br_ln27 = br void %arrayidx11.exit" [../src/conv.cpp:27]   --->   Operation 25 'br' 'br_ln27' <Predicate = (trunc_ln25 == 6)> <Delay = 0.00>
ST_2 : Operation 26 [1/1] (0.00ns)   --->   "%store_ln27 = store i8 %gmem1_addr_read, i8 %conv1_ap_fixed_ap_fixed_ap_fixed_ap_fixed_8_5_5_3_0_local_bias_2" [../src/conv.cpp:27]   --->   Operation 26 'store' 'store_ln27' <Predicate = (trunc_ln25 == 5)> <Delay = 0.00>
ST_2 : Operation 27 [1/1] (0.00ns)   --->   "%br_ln27 = br void %arrayidx11.exit" [../src/conv.cpp:27]   --->   Operation 27 'br' 'br_ln27' <Predicate = (trunc_ln25 == 5)> <Delay = 0.00>
ST_2 : Operation 28 [1/1] (0.00ns)   --->   "%store_ln27 = store i8 %gmem1_addr_read, i8 %conv1_ap_fixed_ap_fixed_ap_fixed_ap_fixed_8_5_5_3_0_local_bias_3" [../src/conv.cpp:27]   --->   Operation 28 'store' 'store_ln27' <Predicate = (trunc_ln25 == 4)> <Delay = 0.00>
ST_2 : Operation 29 [1/1] (0.00ns)   --->   "%br_ln27 = br void %arrayidx11.exit" [../src/conv.cpp:27]   --->   Operation 29 'br' 'br_ln27' <Predicate = (trunc_ln25 == 4)> <Delay = 0.00>
ST_2 : Operation 30 [1/1] (0.00ns)   --->   "%store_ln27 = store i8 %gmem1_addr_read, i8 %conv1_ap_fixed_ap_fixed_ap_fixed_ap_fixed_8_5_5_3_0_local_bias_4" [../src/conv.cpp:27]   --->   Operation 30 'store' 'store_ln27' <Predicate = (trunc_ln25 == 3)> <Delay = 0.00>
ST_2 : Operation 31 [1/1] (0.00ns)   --->   "%br_ln27 = br void %arrayidx11.exit" [../src/conv.cpp:27]   --->   Operation 31 'br' 'br_ln27' <Predicate = (trunc_ln25 == 3)> <Delay = 0.00>
ST_2 : Operation 32 [1/1] (0.00ns)   --->   "%store_ln27 = store i8 %gmem1_addr_read, i8 %conv1_ap_fixed_ap_fixed_ap_fixed_ap_fixed_8_5_5_3_0_local_bias_5" [../src/conv.cpp:27]   --->   Operation 32 'store' 'store_ln27' <Predicate = (trunc_ln25 == 2)> <Delay = 0.00>
ST_2 : Operation 33 [1/1] (0.00ns)   --->   "%br_ln27 = br void %arrayidx11.exit" [../src/conv.cpp:27]   --->   Operation 33 'br' 'br_ln27' <Predicate = (trunc_ln25 == 2)> <Delay = 0.00>
ST_2 : Operation 34 [1/1] (0.00ns)   --->   "%store_ln27 = store i8 %gmem1_addr_read, i8 %conv1_ap_fixed_ap_fixed_ap_fixed_ap_fixed_8_5_5_3_0_local_bias_6" [../src/conv.cpp:27]   --->   Operation 34 'store' 'store_ln27' <Predicate = (trunc_ln25 == 1)> <Delay = 0.00>
ST_2 : Operation 35 [1/1] (0.00ns)   --->   "%br_ln27 = br void %arrayidx11.exit" [../src/conv.cpp:27]   --->   Operation 35 'br' 'br_ln27' <Predicate = (trunc_ln25 == 1)> <Delay = 0.00>
ST_2 : Operation 36 [1/1] (0.00ns)   --->   "%store_ln27 = store i8 %gmem1_addr_read, i8 %conv1_ap_fixed_ap_fixed_ap_fixed_ap_fixed_8_5_5_3_0_local_bias_7" [../src/conv.cpp:27]   --->   Operation 36 'store' 'store_ln27' <Predicate = (trunc_ln25 == 0)> <Delay = 0.00>
ST_2 : Operation 37 [1/1] (0.00ns)   --->   "%br_ln27 = br void %arrayidx11.exit" [../src/conv.cpp:27]   --->   Operation 37 'br' 'br_ln27' <Predicate = (trunc_ln25 == 0)> <Delay = 0.00>
ST_2 : Operation 38 [1/1] (0.00ns)   --->   "%store_ln27 = store i8 %gmem1_addr_read, i8 %conv1_ap_fixed_ap_fixed_ap_fixed_ap_fixed_8_5_5_3_0_local_bias" [../src/conv.cpp:27]   --->   Operation 38 'store' 'store_ln27' <Predicate = (trunc_ln25 == 7)> <Delay = 0.00>
ST_2 : Operation 39 [1/1] (0.00ns)   --->   "%br_ln27 = br void %arrayidx11.exit" [../src/conv.cpp:27]   --->   Operation 39 'br' 'br_ln27' <Predicate = (trunc_ln25 == 7)> <Delay = 0.00>


============================================================
+ Verbose Summary: Binding
============================================================
STG Binding: 
---------------- STG Properties BEGIN ----------------
- Is combinational: 0
- Is one-state seq: 0
- Is datapath-only: 0
- Is pipelined: 0
- Is top level: 0
Port [ Return ] is wired: 1; IO mode=ap_ctrl_hs:ce=0
Port [ gmem1]:  wired=1; compound=1; hidden=0; nouse=0; global=0; static=0; extern=0; dir=0; type=4; pingpong=0; private_global=0; IO mode=m_axi:ce=0
Port [ bias]:  wired=1; compound=0; hidden=0; nouse=0; global=0; static=0; extern=0; dir=0; type=0; pingpong=0; private_global=0; IO mode=ap_none:ce=0
Port [ conv1_ap_fixed_ap_fixed_ap_fixed_ap_fixed_8_5_5_3_0_local_bias_7]:  wired=1; compound=0; hidden=0; nouse=0; global=1; static=1; extern=0; dir=1; type=0; pingpong=0; private_global=0; IO mode=ap_vld:ce=0
Port [ conv1_ap_fixed_ap_fixed_ap_fixed_ap_fixed_8_5_5_3_0_local_bias_6]:  wired=1; compound=0; hidden=0; nouse=0; global=1; static=1; extern=0; dir=1; type=0; pingpong=0; private_global=0; IO mode=ap_vld:ce=0
Port [ conv1_ap_fixed_ap_fixed_ap_fixed_ap_fixed_8_5_5_3_0_local_bias_5]:  wired=1; compound=0; hidden=0; nouse=0; global=1; static=1; extern=0; dir=1; type=0; pingpong=0; private_global=0; IO mode=ap_vld:ce=0
Port [ conv1_ap_fixed_ap_fixed_ap_fixed_ap_fixed_8_5_5_3_0_local_bias_4]:  wired=1; compound=0; hidden=0; nouse=0; global=1; static=1; extern=0; dir=1; type=0; pingpong=0; private_global=0; IO mode=ap_vld:ce=0
Port [ conv1_ap_fixed_ap_fixed_ap_fixed_ap_fixed_8_5_5_3_0_local_bias_3]:  wired=1; compound=0; hidden=0; nouse=0; global=1; static=1; extern=0; dir=1; type=0; pingpong=0; private_global=0; IO mode=ap_vld:ce=0
Port [ conv1_ap_fixed_ap_fixed_ap_fixed_ap_fixed_8_5_5_3_0_local_bias_2]:  wired=1; compound=0; hidden=0; nouse=0; global=1; static=1; extern=0; dir=1; type=0; pingpong=0; private_global=0; IO mode=ap_vld:ce=0
Port [ conv1_ap_fixed_ap_fixed_ap_fixed_ap_fixed_8_5_5_3_0_local_bias_1]:  wired=1; compound=0; hidden=0; nouse=0; global=1; static=1; extern=0; dir=1; type=0; pingpong=0; private_global=0; IO mode=ap_vld:ce=0
Port [ conv1_ap_fixed_ap_fixed_ap_fixed_ap_fixed_8_5_5_3_0_local_bias]:  wired=1; compound=0; hidden=0; nouse=0; global=1; static=1; extern=0; dir=1; type=0; pingpong=0; private_global=0; IO mode=ap_vld:ce=0
---------------- STG Properties END ------------------

---------------- Datapath Model BEGIN ----------------

<LifeTime>
<method=bitvector/>
i_5                    (alloca           ) [ 010]
specstablecontent_ln0  (specstablecontent) [ 000]
specinterface_ln0      (specinterface    ) [ 000]
bias_read              (read             ) [ 000]
store_ln25             (store            ) [ 000]
br_ln0                 (br               ) [ 000]
i                      (load             ) [ 000]
icmp_ln25              (icmp             ) [ 010]
add_ln25               (add              ) [ 000]
br_ln25                (br               ) [ 000]
gmem1_addr             (getelementptr    ) [ 011]
trunc_ln25             (trunc            ) [ 011]
switch_ln27            (switch           ) [ 000]
store_ln25             (store            ) [ 000]
br_ln25                (br               ) [ 000]
specpipeline_ln26      (specpipeline     ) [ 000]
speclooptripcount_ln25 (speclooptripcount) [ 000]
specloopname_ln25      (specloopname     ) [ 000]
gmem1_addr_read        (read             ) [ 000]
store_ln27             (store            ) [ 000]
br_ln27                (br               ) [ 000]
store_ln27             (store            ) [ 000]
br_ln27                (br               ) [ 000]
store_ln27             (store            ) [ 000]
br_ln27                (br               ) [ 000]
store_ln27             (store            ) [ 000]
br_ln27                (br               ) [ 000]
store_ln27             (store            ) [ 000]
br_ln27                (br               ) [ 000]
store_ln27             (store            ) [ 000]
br_ln27                (br               ) [ 000]
store_ln27             (store            ) [ 000]
br_ln27                (br               ) [ 000]
store_ln27             (store            ) [ 000]
br_ln27                (br               ) [ 000]
ret_ln0                (ret              ) [ 000]
</LifeTime>

<model>

<comp_list>
<comp id="0" class="1000" name="gmem1">
<pin_list>
<pin id="1" dir="1" index="0" bw="1" slack="0"/>
</pin_list>
<bind>
<StgValue><ssdm name="gmem1"/><MemPortTyVec>0 </MemPortTyVec>
</StgValue>
</bind>
</comp>

<comp id="2" class="1000" name="bias">
<pin_list>
<pin id="3" dir="1" index="0" bw="1" slack="0"/>
</pin_list>
<bind>
<StgValue><ssdm name="bias"/></StgValue>
</bind>
</comp>

<comp id="4" class="1000" name="conv1_ap_fixed_ap_fixed_ap_fixed_ap_fixed_8_5_5_3_0_local_bias_7">
<pin_list>
<pin id="5" dir="1" index="0" bw="1" slack="0"/>
</pin_list>
<bind>
<StgValue><ssdm name="conv1_ap_fixed_ap_fixed_ap_fixed_ap_fixed_8_5_5_3_0_local_bias_7"/></StgValue>
</bind>
</comp>

<comp id="6" class="1000" name="conv1_ap_fixed_ap_fixed_ap_fixed_ap_fixed_8_5_5_3_0_local_bias_6">
<pin_list>
<pin id="7" dir="1" index="0" bw="1" slack="0"/>
</pin_list>
<bind>
<StgValue><ssdm name="conv1_ap_fixed_ap_fixed_ap_fixed_ap_fixed_8_5_5_3_0_local_bias_6"/></StgValue>
</bind>
</comp>

<comp id="8" class="1000" name="conv1_ap_fixed_ap_fixed_ap_fixed_ap_fixed_8_5_5_3_0_local_bias_5">
<pin_list>
<pin id="9" dir="1" index="0" bw="1" slack="0"/>
</pin_list>
<bind>
<StgValue><ssdm name="conv1_ap_fixed_ap_fixed_ap_fixed_ap_fixed_8_5_5_3_0_local_bias_5"/></StgValue>
</bind>
</comp>

<comp id="10" class="1000" name="conv1_ap_fixed_ap_fixed_ap_fixed_ap_fixed_8_5_5_3_0_local_bias_4">
<pin_list>
<pin id="11" dir="1" index="0" bw="1" slack="0"/>
</pin_list>
<bind>
<StgValue><ssdm name="conv1_ap_fixed_ap_fixed_ap_fixed_ap_fixed_8_5_5_3_0_local_bias_4"/></StgValue>
</bind>
</comp>

<comp id="12" class="1000" name="conv1_ap_fixed_ap_fixed_ap_fixed_ap_fixed_8_5_5_3_0_local_bias_3">
<pin_list>
<pin id="13" dir="1" index="0" bw="1" slack="0"/>
</pin_list>
<bind>
<StgValue><ssdm name="conv1_ap_fixed_ap_fixed_ap_fixed_ap_fixed_8_5_5_3_0_local_bias_3"/></StgValue>
</bind>
</comp>

<comp id="14" class="1000" name="conv1_ap_fixed_ap_fixed_ap_fixed_ap_fixed_8_5_5_3_0_local_bias_2">
<pin_list>
<pin id="15" dir="1" index="0" bw="1" slack="0"/>
</pin_list>
<bind>
<StgValue><ssdm name="conv1_ap_fixed_ap_fixed_ap_fixed_ap_fixed_8_5_5_3_0_local_bias_2"/></StgValue>
</bind>
</comp>

<comp id="16" class="1000" name="conv1_ap_fixed_ap_fixed_ap_fixed_ap_fixed_8_5_5_3_0_local_bias_1">
<pin_list>
<pin id="17" dir="1" index="0" bw="1" slack="0"/>
</pin_list>
<bind>
<StgValue><ssdm name="conv1_ap_fixed_ap_fixed_ap_fixed_ap_fixed_8_5_5_3_0_local_bias_1"/></StgValue>
</bind>
</comp>

<comp id="18" class="1000" name="conv1_ap_fixed_ap_fixed_ap_fixed_ap_fixed_8_5_5_3_0_local_bias">
<pin_list>
<pin id="19" dir="1" index="0" bw="1" slack="0"/>
</pin_list>
<bind>
<StgValue><ssdm name="conv1_ap_fixed_ap_fixed_ap_fixed_ap_fixed_8_5_5_3_0_local_bias"/></StgValue>
</bind>
</comp>

<comp id="20" class="1001" name="const_20">
<pin_list>
<pin id="21" dir="1" index="0" bw="1" slack="0"/>
</pin_list>
<bind>
<StgValue><ssdm name=""/></StgValue>
</bind>
</comp>

<comp id="22" class="1001" name="const_22">
<pin_list>
<pin id="23" dir="1" index="0" bw="1" slack="2147483647"/>
</pin_list>
<bind>
<StgValue><ssdm name="_ssdm_op_SpecStableContent"/></StgValue>
</bind>
</comp>

<comp id="24" class="1001" name="const_24">
<pin_list>
<pin id="25" dir="1" index="0" bw="1" slack="2147483647"/>
</pin_list>
<bind>
<StgValue><ssdm name=""/></StgValue>
</bind>
</comp>

<comp id="26" class="1001" name="const_26">
<pin_list>
<pin id="27" dir="1" index="0" bw="1" slack="2147483647"/>
</pin_list>
<bind>
<StgValue><ssdm name=""/></StgValue>
</bind>
</comp>

<comp id="28" class="1001" name="const_28">
<pin_list>
<pin id="29" dir="1" index="0" bw="1" slack="2147483647"/>
</pin_list>
<bind>
<StgValue><ssdm name="_ssdm_op_SpecInterface"/></StgValue>
</bind>
</comp>

<comp id="30" class="1001" name="const_30">
<pin_list>
<pin id="31" dir="1" index="0" bw="1" slack="2147483647"/>
</pin_list>
<bind>
<StgValue><ssdm name="empty_7"/></StgValue>
</bind>
</comp>

<comp id="32" class="1001" name="const_32">
<pin_list>
<pin id="33" dir="1" index="0" bw="1" slack="2147483647"/>
</pin_list>
<bind>
<StgValue><ssdm name=""/></StgValue>
</bind>
</comp>

<comp id="34" class="1001" name="const_34">
<pin_list>
<pin id="35" dir="1" index="0" bw="1" slack="2147483647"/>
</pin_list>
<bind>
<StgValue><ssdm name="empty_8"/></StgValue>
</bind>
</comp>

<comp id="36" class="1001" name="const_36">
<pin_list>
<pin id="37" dir="1" index="0" bw="1" slack="2147483647"/>
</pin_list>
<bind>
<StgValue><ssdm name=""/></StgValue>
</bind>
</comp>

<comp id="38" class="1001" name="const_38">
<pin_list>
<pin id="39" dir="1" index="0" bw="1" slack="2147483647"/>
</pin_list>
<bind>
<StgValue><ssdm name="empty_32"/></StgValue>
</bind>
</comp>

<comp id="40" class="1001" name="const_40">
<pin_list>
<pin id="41" dir="1" index="0" bw="1" slack="2147483647"/>
</pin_list>
<bind>
<StgValue><ssdm name="empty_20"/></StgValue>
</bind>
</comp>

<comp id="42" class="1001" name="const_42">
<pin_list>
<pin id="43" dir="1" index="0" bw="1" slack="2147483647"/>
</pin_list>
<bind>
<StgValue><ssdm name=""/></StgValue>
</bind>
</comp>

<comp id="44" class="1001" name="const_44">
<pin_list>
<pin id="45" dir="1" index="0" bw="1" slack="2147483647"/>
</pin_list>
<bind>
<StgValue><ssdm name=""/></StgValue>
</bind>
</comp>

<comp id="46" class="1001" name="const_46">
<pin_list>
<pin id="47" dir="1" index="0" bw="1" slack="0"/>
</pin_list>
<bind>
<StgValue><ssdm name="_ssdm_op_Read.ap_auto.i64"/></StgValue>
</bind>
</comp>

<comp id="48" class="1001" name="const_48">
<pin_list>
<pin id="49" dir="1" index="0" bw="1" slack="0"/>
</pin_list>
<bind>
<StgValue><ssdm name=""/></StgValue>
</bind>
</comp>

<comp id="50" class="1001" name="const_50">
<pin_list>
<pin id="51" dir="1" index="0" bw="1" slack="0"/>
</pin_list>
<bind>
<StgValue><ssdm name=""/></StgValue>
</bind>
</comp>

<comp id="52" class="1001" name="const_52">
<pin_list>
<pin id="53" dir="1" index="0" bw="1" slack="0"/>
</pin_list>
<bind>
<StgValue><ssdm name=""/></StgValue>
</bind>
</comp>

<comp id="54" class="1001" name="const_54">
<pin_list>
<pin id="55" dir="1" index="0" bw="1" slack="0"/>
</pin_list>
<bind>
<StgValue><ssdm name=""/></StgValue>
</bind>
</comp>

<comp id="56" class="1001" name="const_56">
<pin_list>
<pin id="57" dir="1" index="0" bw="1" slack="0"/>
</pin_list>
<bind>
<StgValue><ssdm name=""/></StgValue>
</bind>
</comp>

<comp id="58" class="1001" name="const_58">
<pin_list>
<pin id="59" dir="1" index="0" bw="1" slack="0"/>
</pin_list>
<bind>
<StgValue><ssdm name=""/></StgValue>
</bind>
</comp>

<comp id="60" class="1001" name="const_60">
<pin_list>
<pin id="61" dir="1" index="0" bw="1" slack="0"/>
</pin_list>
<bind>
<StgValue><ssdm name=""/></StgValue>
</bind>
</comp>

<comp id="62" class="1001" name="const_62">
<pin_list>
<pin id="63" dir="1" index="0" bw="1" slack="0"/>
</pin_list>
<bind>
<StgValue><ssdm name=""/></StgValue>
</bind>
</comp>

<comp id="64" class="1001" name="const_64">
<pin_list>
<pin id="65" dir="1" index="0" bw="1" slack="0"/>
</pin_list>
<bind>
<StgValue><ssdm name=""/></StgValue>
</bind>
</comp>

<comp id="66" class="1001" name="const_66">
<pin_list>
<pin id="67" dir="1" index="0" bw="1" slack="0"/>
</pin_list>
<bind>
<StgValue><ssdm name=""/></StgValue>
</bind>
</comp>

<comp id="68" class="1001" name="const_68">
<pin_list>
<pin id="69" dir="1" index="0" bw="1" slack="2147483647"/>
</pin_list>
<bind>
<StgValue><ssdm name="_ssdm_op_SpecPipeline"/></StgValue>
</bind>
</comp>

<comp id="70" class="1001" name="const_70">
<pin_list>
<pin id="71" dir="1" index="0" bw="1" slack="2147483647"/>
</pin_list>
<bind>
<StgValue><ssdm name="_ssdm_op_SpecLoopTripCount"/></StgValue>
</bind>
</comp>

<comp id="72" class="1001" name="const_72">
<pin_list>
<pin id="73" dir="1" index="0" bw="1" slack="2147483647"/>
</pin_list>
<bind>
<StgValue><ssdm name=""/></StgValue>
</bind>
</comp>

<comp id="74" class="1001" name="const_74">
<pin_list>
<pin id="75" dir="1" index="0" bw="1" slack="2147483647"/>
</pin_list>
<bind>
<StgValue><ssdm name="_ssdm_op_SpecLoopName"/></StgValue>
</bind>
</comp>

<comp id="76" class="1001" name="const_76">
<pin_list>
<pin id="77" dir="1" index="0" bw="1" slack="2147483647"/>
</pin_list>
<bind>
<StgValue><ssdm name="empty_22"/></StgValue>
</bind>
</comp>

<comp id="78" class="1001" name="const_78">
<pin_list>
<pin id="79" dir="1" index="0" bw="1" slack="0"/>
</pin_list>
<bind>
<StgValue><ssdm name="_ssdm_op_Read.m_axi.i8.p1i8"/></StgValue>
</bind>
</comp>

<comp id="80" class="1004" name="i_5_fu_80">
<pin_list>
<pin id="81" dir="0" index="0" bw="1" slack="0"/>
<pin id="82" dir="1" index="1" bw="4" slack="0"/>
</pin_list>
<bind>
<opcode="alloca(26) " fcode="alloca"/>
<opset="i_5/1 "/>
</bind>
</comp>

<comp id="84" class="1004" name="bias_read_read_fu_84">
<pin_list>
<pin id="85" dir="0" index="0" bw="64" slack="0"/>
<pin id="86" dir="0" index="1" bw="64" slack="0"/>
<pin id="87" dir="1" index="2" bw="64" slack="0"/>
</pin_list>
<bind>
<opcode="read(1150) " fcode="read"/>
<opset="bias_read/1 "/>
</bind>
</comp>

<comp id="90" class="1004" name="gmem1_addr_read_read_fu_90">
<pin_list>
<pin id="91" dir="0" index="0" bw="8" slack="0"/>
<pin id="92" dir="0" index="1" bw="8" slack="1"/>
<pin id="93" dir="1" index="2" bw="8" slack="0"/>
</pin_list>
<bind>
<opcode="read(1150) " fcode="read"/>
<opset="gmem1_addr_read/2 "/>
</bind>
</comp>

<comp id="95" class="1004" name="store_ln25_store_fu_95">
<pin_list>
<pin id="96" dir="0" index="0" bw="1" slack="0"/>
<pin id="97" dir="0" index="1" bw="4" slack="0"/>
<pin id="98" dir="1" index="2" bw="0" slack="2147483647"/>
</pin_list>
<bind>
<opcode="store(28) " fcode="store"/>
<opset="store_ln25/1 "/>
</bind>
</comp>

<comp id="100" class="1004" name="i_load_fu_100">
<pin_list>
<pin id="101" dir="0" index="0" bw="4" slack="0"/>
<pin id="102" dir="1" index="1" bw="4" slack="0"/>
</pin_list>
<bind>
<opcode="load(27) " fcode="load"/>
<opset="i/1 "/>
</bind>
</comp>

<comp id="103" class="1004" name="icmp_ln25_fu_103">
<pin_list>
<pin id="104" dir="0" index="0" bw="4" slack="0"/>
<pin id="105" dir="0" index="1" bw="4" slack="0"/>
<pin id="106" dir="1" index="2" bw="1" slack="2147483647"/>
</pin_list>
<bind>
<opcode="icmp(45) " fcode="icmp"/>
<opset="icmp_ln25/1 "/>
</bind>
</comp>

<comp id="109" class="1004" name="add_ln25_fu_109">
<pin_list>
<pin id="110" dir="0" index="0" bw="4" slack="0"/>
<pin id="111" dir="0" index="1" bw="1" slack="0"/>
<pin id="112" dir="1" index="2" bw="4" slack="0"/>
</pin_list>
<bind>
<opcode="add(8) " fcode="add"/>
<opset="add_ln25/1 "/>
</bind>
</comp>

<comp id="115" class="1004" name="gmem1_addr_fu_115">
<pin_list>
<pin id="116" dir="0" index="0" bw="64" slack="0"/>
<pin id="117" dir="0" index="1" bw="64" slack="0"/>
<pin id="118" dir="1" index="2" bw="64" slack="1"/>
</pin_list>
<bind>
<opcode="getelementptr(29) " fcode="getelementptr"/>
<opset="gmem1_addr/1 "/>
</bind>
</comp>

<comp id="121" class="1004" name="trunc_ln25_fu_121">
<pin_list>
<pin id="122" dir="0" index="0" bw="4" slack="0"/>
<pin id="123" dir="1" index="1" bw="3" slack="0"/>
</pin_list>
<bind>
<opcode="trunc(33) " fcode="trunc"/>
<opset="trunc_ln25/1 "/>
</bind>
</comp>

<comp id="125" class="1004" name="switch_ln27_fu_125">
<pin_list>
<pin id="126" dir="0" index="0" bw="3" slack="0"/>
<pin id="127" dir="0" index="1" bw="1" slack="0"/>
<pin id="128" dir="0" index="2" bw="1" slack="0"/>
<pin id="129" dir="0" index="3" bw="3" slack="0"/>
<pin id="130" dir="0" index="4" bw="3" slack="0"/>
<pin id="131" dir="0" index="5" bw="3" slack="0"/>
<pin id="132" dir="0" index="6" bw="3" slack="0"/>
<pin id="133" dir="0" index="7" bw="2" slack="0"/>
<pin id="134" dir="1" index="8" bw="0" slack="2147483647"/>
</pin_list>
<bind>
<opcode="switch(3) " fcode="switch"/>
<opset="switch_ln27/1 "/>
</bind>
</comp>

<comp id="143" class="1004" name="store_ln25_store_fu_143">
<pin_list>
<pin id="144" dir="0" index="0" bw="4" slack="0"/>
<pin id="145" dir="0" index="1" bw="4" slack="0"/>
<pin id="146" dir="1" index="2" bw="0" slack="2147483647"/>
</pin_list>
<bind>
<opcode="store(28) " fcode="store"/>
<opset="store_ln25/1 "/>
</bind>
</comp>

<comp id="148" class="1004" name="store_ln27_store_fu_148">
<pin_list>
<pin id="149" dir="0" index="0" bw="8" slack="0"/>
<pin id="150" dir="0" index="1" bw="8" slack="0"/>
<pin id="151" dir="1" index="2" bw="0" slack="2147483647"/>
</pin_list>
<bind>
<opcode="store(28) " fcode="store"/>
<opset="store_ln27/2 "/>
</bind>
</comp>

<comp id="154" class="1004" name="store_ln27_store_fu_154">
<pin_list>
<pin id="155" dir="0" index="0" bw="8" slack="0"/>
<pin id="156" dir="0" index="1" bw="8" slack="0"/>
<pin id="157" dir="1" index="2" bw="0" slack="2147483647"/>
</pin_list>
<bind>
<opcode="store(28) " fcode="store"/>
<opset="store_ln27/2 "/>
</bind>
</comp>

<comp id="160" class="1004" name="store_ln27_store_fu_160">
<pin_list>
<pin id="161" dir="0" index="0" bw="8" slack="0"/>
<pin id="162" dir="0" index="1" bw="8" slack="0"/>
<pin id="163" dir="1" index="2" bw="0" slack="2147483647"/>
</pin_list>
<bind>
<opcode="store(28) " fcode="store"/>
<opset="store_ln27/2 "/>
</bind>
</comp>

<comp id="166" class="1004" name="store_ln27_store_fu_166">
<pin_list>
<pin id="167" dir="0" index="0" bw="8" slack="0"/>
<pin id="168" dir="0" index="1" bw="8" slack="0"/>
<pin id="169" dir="1" index="2" bw="0" slack="2147483647"/>
</pin_list>
<bind>
<opcode="store(28) " fcode="store"/>
<opset="store_ln27/2 "/>
</bind>
</comp>

<comp id="172" class="1004" name="store_ln27_store_fu_172">
<pin_list>
<pin id="173" dir="0" index="0" bw="8" slack="0"/>
<pin id="174" dir="0" index="1" bw="8" slack="0"/>
<pin id="175" dir="1" index="2" bw="0" slack="2147483647"/>
</pin_list>
<bind>
<opcode="store(28) " fcode="store"/>
<opset="store_ln27/2 "/>
</bind>
</comp>

<comp id="178" class="1004" name="store_ln27_store_fu_178">
<pin_list>
<pin id="179" dir="0" index="0" bw="8" slack="0"/>
<pin id="180" dir="0" index="1" bw="8" slack="0"/>
<pin id="181" dir="1" index="2" bw="0" slack="2147483647"/>
</pin_list>
<bind>
<opcode="store(28) " fcode="store"/>
<opset="store_ln27/2 "/>
</bind>
</comp>

<comp id="184" class="1004" name="store_ln27_store_fu_184">
<pin_list>
<pin id="185" dir="0" index="0" bw="8" slack="0"/>
<pin id="186" dir="0" index="1" bw="8" slack="0"/>
<pin id="187" dir="1" index="2" bw="0" slack="2147483647"/>
</pin_list>
<bind>
<opcode="store(28) " fcode="store"/>
<opset="store_ln27/2 "/>
</bind>
</comp>

<comp id="190" class="1004" name="store_ln27_store_fu_190">
<pin_list>
<pin id="191" dir="0" index="0" bw="8" slack="0"/>
<pin id="192" dir="0" index="1" bw="8" slack="0"/>
<pin id="193" dir="1" index="2" bw="0" slack="2147483647"/>
</pin_list>
<bind>
<opcode="store(28) " fcode="store"/>
<opset="store_ln27/2 "/>
</bind>
</comp>

<comp id="196" class="1005" name="i_5_reg_196">
<pin_list>
<pin id="197" dir="0" index="0" bw="4" slack="0"/>
<pin id="198" dir="1" index="1" bw="4" slack="0"/>
</pin_list>
<bind>
<opset="i_5 "/>
</bind>
</comp>

<comp id="206" class="1005" name="gmem1_addr_reg_206">
<pin_list>
<pin id="207" dir="0" index="0" bw="8" slack="1"/>
<pin id="208" dir="1" index="1" bw="8" slack="1"/>
</pin_list>
<bind>
<opset="gmem1_addr "/>
</bind>
</comp>

<comp id="211" class="1005" name="trunc_ln25_reg_211">
<pin_list>
<pin id="212" dir="0" index="0" bw="3" slack="1"/>
<pin id="213" dir="1" index="1" bw="3" slack="2147483647"/>
</pin_list>
<bind>
<opset="trunc_ln25 "/>
</bind>
</comp>

</comp_list>

<net_list>
<net id="83"><net_src comp="20" pin="0"/><net_sink comp="80" pin=0"/></net>

<net id="88"><net_src comp="46" pin="0"/><net_sink comp="84" pin=0"/></net>

<net id="89"><net_src comp="2" pin="0"/><net_sink comp="84" pin=1"/></net>

<net id="94"><net_src comp="78" pin="0"/><net_sink comp="90" pin=0"/></net>

<net id="99"><net_src comp="48" pin="0"/><net_sink comp="95" pin=0"/></net>

<net id="107"><net_src comp="100" pin="1"/><net_sink comp="103" pin=0"/></net>

<net id="108"><net_src comp="50" pin="0"/><net_sink comp="103" pin=1"/></net>

<net id="113"><net_src comp="100" pin="1"/><net_sink comp="109" pin=0"/></net>

<net id="114"><net_src comp="52" pin="0"/><net_sink comp="109" pin=1"/></net>

<net id="119"><net_src comp="0" pin="0"/><net_sink comp="115" pin=0"/></net>

<net id="120"><net_src comp="84" pin="2"/><net_sink comp="115" pin=1"/></net>

<net id="124"><net_src comp="100" pin="1"/><net_sink comp="121" pin=0"/></net>

<net id="135"><net_src comp="121" pin="1"/><net_sink comp="125" pin=0"/></net>

<net id="136"><net_src comp="54" pin="0"/><net_sink comp="125" pin=1"/></net>

<net id="137"><net_src comp="56" pin="0"/><net_sink comp="125" pin=2"/></net>

<net id="138"><net_src comp="58" pin="0"/><net_sink comp="125" pin=3"/></net>

<net id="139"><net_src comp="60" pin="0"/><net_sink comp="125" pin=4"/></net>

<net id="140"><net_src comp="62" pin="0"/><net_sink comp="125" pin=5"/></net>

<net id="141"><net_src comp="64" pin="0"/><net_sink comp="125" pin=6"/></net>

<net id="142"><net_src comp="66" pin="0"/><net_sink comp="125" pin=7"/></net>

<net id="147"><net_src comp="109" pin="2"/><net_sink comp="143" pin=0"/></net>

<net id="152"><net_src comp="90" pin="2"/><net_sink comp="148" pin=0"/></net>

<net id="153"><net_src comp="16" pin="0"/><net_sink comp="148" pin=1"/></net>

<net id="158"><net_src comp="90" pin="2"/><net_sink comp="154" pin=0"/></net>

<net id="159"><net_src comp="14" pin="0"/><net_sink comp="154" pin=1"/></net>

<net id="164"><net_src comp="90" pin="2"/><net_sink comp="160" pin=0"/></net>

<net id="165"><net_src comp="12" pin="0"/><net_sink comp="160" pin=1"/></net>

<net id="170"><net_src comp="90" pin="2"/><net_sink comp="166" pin=0"/></net>

<net id="171"><net_src comp="10" pin="0"/><net_sink comp="166" pin=1"/></net>

<net id="176"><net_src comp="90" pin="2"/><net_sink comp="172" pin=0"/></net>

<net id="177"><net_src comp="8" pin="0"/><net_sink comp="172" pin=1"/></net>

<net id="182"><net_src comp="90" pin="2"/><net_sink comp="178" pin=0"/></net>

<net id="183"><net_src comp="6" pin="0"/><net_sink comp="178" pin=1"/></net>

<net id="188"><net_src comp="90" pin="2"/><net_sink comp="184" pin=0"/></net>

<net id="189"><net_src comp="4" pin="0"/><net_sink comp="184" pin=1"/></net>

<net id="194"><net_src comp="90" pin="2"/><net_sink comp="190" pin=0"/></net>

<net id="195"><net_src comp="18" pin="0"/><net_sink comp="190" pin=1"/></net>

<net id="199"><net_src comp="80" pin="1"/><net_sink comp="196" pin=0"/></net>

<net id="200"><net_src comp="196" pin="1"/><net_sink comp="95" pin=1"/></net>

<net id="201"><net_src comp="196" pin="1"/><net_sink comp="100" pin=0"/></net>

<net id="202"><net_src comp="196" pin="1"/><net_sink comp="143" pin=1"/></net>

<net id="209"><net_src comp="115" pin="2"/><net_sink comp="206" pin=0"/></net>

<net id="210"><net_src comp="206" pin="1"/><net_sink comp="90" pin=1"/></net>

<net id="214"><net_src comp="121" pin="1"/><net_sink comp="211" pin=0"/></net>

</net_list>

</model> 
---------------- Datapath Model END ------------------

* FSMD analyzer results:
  - Output states:
	Port: gmem1 | {}
	Port: conv1_ap_fixed_ap_fixed_ap_fixed_ap_fixed_8_5_5_3_0_local_bias_7 | {2 }
	Port: conv1_ap_fixed_ap_fixed_ap_fixed_ap_fixed_8_5_5_3_0_local_bias_6 | {2 }
	Port: conv1_ap_fixed_ap_fixed_ap_fixed_ap_fixed_8_5_5_3_0_local_bias_5 | {2 }
	Port: conv1_ap_fixed_ap_fixed_ap_fixed_ap_fixed_8_5_5_3_0_local_bias_4 | {2 }
	Port: conv1_ap_fixed_ap_fixed_ap_fixed_ap_fixed_8_5_5_3_0_local_bias_3 | {2 }
	Port: conv1_ap_fixed_ap_fixed_ap_fixed_ap_fixed_8_5_5_3_0_local_bias_2 | {2 }
	Port: conv1_ap_fixed_ap_fixed_ap_fixed_ap_fixed_8_5_5_3_0_local_bias_1 | {2 }
	Port: conv1_ap_fixed_ap_fixed_ap_fixed_ap_fixed_8_5_5_3_0_local_bias | {2 }
 - Input state : 
	Port: conv1_Pipeline_LOAD_B : gmem1 | {2 }
	Port: conv1_Pipeline_LOAD_B : bias | {1 }
	Port: conv1_Pipeline_LOAD_B : conv1_ap_fixed_ap_fixed_ap_fixed_ap_fixed_8_5_5_3_0_local_bias_7 | {}
	Port: conv1_Pipeline_LOAD_B : conv1_ap_fixed_ap_fixed_ap_fixed_ap_fixed_8_5_5_3_0_local_bias_6 | {}
	Port: conv1_Pipeline_LOAD_B : conv1_ap_fixed_ap_fixed_ap_fixed_ap_fixed_8_5_5_3_0_local_bias_5 | {}
	Port: conv1_Pipeline_LOAD_B : conv1_ap_fixed_ap_fixed_ap_fixed_ap_fixed_8_5_5_3_0_local_bias_4 | {}
	Port: conv1_Pipeline_LOAD_B : conv1_ap_fixed_ap_fixed_ap_fixed_ap_fixed_8_5_5_3_0_local_bias_3 | {}
	Port: conv1_Pipeline_LOAD_B : conv1_ap_fixed_ap_fixed_ap_fixed_ap_fixed_8_5_5_3_0_local_bias_2 | {}
	Port: conv1_Pipeline_LOAD_B : conv1_ap_fixed_ap_fixed_ap_fixed_ap_fixed_8_5_5_3_0_local_bias_1 | {}
	Port: conv1_Pipeline_LOAD_B : conv1_ap_fixed_ap_fixed_ap_fixed_ap_fixed_8_5_5_3_0_local_bias | {}
  - Chain level:
	State 1
		store_ln25 : 1
		i : 1
		icmp_ln25 : 2
		add_ln25 : 2
		br_ln25 : 3
		trunc_ln25 : 2
		switch_ln27 : 3
		store_ln25 : 3
	State 2


============================================================
+ Verbose Summary: Datapath Resource usage 
============================================================

* Functional unit list:
|----------|----------------------------|---------|---------|
| Operation|       Functional Unit      |    FF   |   LUT   |
|----------|----------------------------|---------|---------|
|   icmp   |      icmp_ln25_fu_103      |    0    |    13   |
|----------|----------------------------|---------|---------|
|    add   |       add_ln25_fu_109      |    0    |    13   |
|----------|----------------------------|---------|---------|
|   read   |    bias_read_read_fu_84    |    0    |    0    |
|          | gmem1_addr_read_read_fu_90 |    0    |    0    |
|----------|----------------------------|---------|---------|
|   trunc  |      trunc_ln25_fu_121     |    0    |    0    |
|----------|----------------------------|---------|---------|
|  switch  |     switch_ln27_fu_125     |    0    |    0    |
|----------|----------------------------|---------|---------|
|   Total  |                            |    0    |    26   |
|----------|----------------------------|---------|---------|

Memories:
N/A

* Register list:
+------------------+--------+
|                  |   FF   |
+------------------+--------+
|gmem1_addr_reg_206|    8   |
|    i_5_reg_196   |    4   |
|trunc_ln25_reg_211|    3   |
+------------------+--------+
|       Total      |   15   |
+------------------+--------+

* Multiplexer (MUX) list: 
|--------|------|------|------|--------|
|  Comp  |  Pin | Size |  BW  | S x BW |
|--------|------|------|------|--------|
|  Total |      |      |      |    0   |
|--------|------|------|------|--------|



* Summary:
+-----------+--------+--------+
|           |   FF   |   LUT  |
+-----------+--------+--------+
|  Function |    0   |   26   |
|   Memory  |    -   |    -   |
|Multiplexer|    -   |    -   |
|  Register |   15   |    -   |
+-----------+--------+--------+
|   Total   |   15   |   26   |
+-----------+--------+--------+
