../src/conv.cpp:13:1: warning: HLS pragma dump _XLX_SEP_ PragmaIsValid=1_XLX_SEP_ PragmaType=array_partition_XLX_SEP_ PragmaContext=hls_XLX_SEP_ PragmaFunction=conv1_XLX_SEP_ PragmaOptions=variable=temp cyclic factor=16 dim=1_XLX_SEP_ [-Wdump-hls-pragmas]
#pragma HLS ARRAY_PARTITION variable=temp cyclic factor=16 dim=1
^
../src/conv.cpp:14:1: warning: HLS pragma dump _XLX_SEP_ PragmaIsValid=1_XLX_SEP_ PragmaType=bind_storage_XLX_SEP_ PragmaContext=hls_XLX_SEP_ PragmaFunction=conv1_XLX_SEP_ PragmaOptions=variable=temp type=RAM_2P impl=BRAM_XLX_SEP_ [-Wdump-hls-pragmas]
#pragma HLS bind_storage variable=temp type=RAM_2P impl=BRAM
^
../src/conv.cpp:17:1: warning: HLS pragma dump _XLX_SEP_ PragmaIsValid=1_XLX_SEP_ PragmaType=pipeline_XLX_SEP_ PragmaContext=hls_XLX_SEP_ PragmaFunction=conv1_XLX_SEP_ PragmaOptions=II=1_XLX_SEP_ [-Wdump-hls-pragmas]
#pragma HLS PIPELINE II=1
^
../src/conv.cpp:22:1: warning: HLS pragma dump _XLX_SEP_ PragmaIsValid=1_XLX_SEP_ PragmaType=array_partition_XLX_SEP_ PragmaContext=hls_XLX_SEP_ PragmaFunction=conv1_XLX_SEP_ PragmaOptions=variable=conv1_weight complete_XLX_SEP_ [-Wdump-hls-pragmas]
#pragma HLS ARRAY_PARTITION variable=conv1_weight complete
^
../src/conv.cpp:23:1: warning: HLS pragma dump _XLX_SEP_ PragmaIsValid=1_XLX_SEP_ PragmaType=array_partition_XLX_SEP_ PragmaContext=hls_XLX_SEP_ PragmaFunction=conv1_XLX_SEP_ PragmaOptions=variable=conv1_bias complete_XLX_SEP_ [-Wdump-hls-pragmas]
#pragma HLS ARRAY_PARTITION variable=conv1_bias complete
^
../src/conv.cpp:29:1: warning: HLS pragma dump _XLX_SEP_ PragmaIsValid=1_XLX_SEP_ PragmaType=pipeline_XLX_SEP_ PragmaContext=hls_XLX_SEP_ PragmaFunction=conv1_XLX_SEP_ PragmaOptions=II=1_XLX_SEP_ [-Wdump-hls-pragmas]
#pragma HLS PIPELINE II=1
^
../src/conv.cpp:31:1: warning: HLS pragma dump _XLX_SEP_ PragmaIsValid=1_XLX_SEP_ PragmaType=bind_op_XLX_SEP_ PragmaContext=hls_XLX_SEP_ PragmaFunction=conv1_XLX_SEP_ PragmaOptions=variable=sum op=mul impl=fabric_XLX_SEP_ [-Wdump-hls-pragmas]
#pragma HLS BIND_OP variable=sum op=mul impl=fabric
^
../src/conv.cpp:32:1: warning: HLS pragma dump _XLX_SEP_ PragmaIsValid=1_XLX_SEP_ PragmaType=bind_op_XLX_SEP_ PragmaContext=hls_XLX_SEP_ PragmaFunction=conv1_XLX_SEP_ PragmaOptions=variable=sum op=add impl=fabric_XLX_SEP_ [-Wdump-hls-pragmas]
#pragma HLS BIND_OP variable=sum op=add impl=fabric
^
../src/conv.cpp:56:1: warning: HLS pragma dump _XLX_SEP_ PragmaIsValid=1_XLX_SEP_ PragmaType=array_partition_XLX_SEP_ PragmaContext=hls_XLX_SEP_ PragmaFunction=conv2_XLX_SEP_ PragmaOptions=variable=conv2_weight cyclic factor=9 dim=1_XLX_SEP_ [-Wdump-hls-pragmas]
#pragma HLS ARRAY_PARTITION variable=conv2_weight cyclic factor=9 dim=1
^
../src/conv.cpp:57:1: warning: HLS pragma dump _XLX_SEP_ PragmaIsValid=1_XLX_SEP_ PragmaType=array_partition_XLX_SEP_ PragmaContext=hls_XLX_SEP_ PragmaFunction=conv2_XLX_SEP_ PragmaOptions=variable=conv2_bias complete_XLX_SEP_ [-Wdump-hls-pragmas]
#pragma HLS ARRAY_PARTITION variable=conv2_bias complete
^
../src/conv.cpp:61:1: warning: HLS pragma dump _XLX_SEP_ PragmaIsValid=1_XLX_SEP_ PragmaType=array_partition_XLX_SEP_ PragmaContext=hls_XLX_SEP_ PragmaFunction=conv2_XLX_SEP_ PragmaOptions=variable=input cyclic factor=8 dim=1_XLX_SEP_ [-Wdump-hls-pragmas]
#pragma HLS ARRAY_PARTITION variable=input cyclic factor=8 dim=1
^
../src/conv.cpp:62:1: warning: HLS pragma dump _XLX_SEP_ PragmaIsValid=1_XLX_SEP_ PragmaType=bind_storage_XLX_SEP_ PragmaContext=hls_XLX_SEP_ PragmaFunction=conv2_XLX_SEP_ PragmaOptions=variable=input type=RAM_2P impl=BRAM_XLX_SEP_ [-Wdump-hls-pragmas]
#pragma HLS bind_storage variable=input type=RAM_2P impl=BRAM
^
../src/conv.cpp:66:1: warning: HLS pragma dump _XLX_SEP_ PragmaIsValid=1_XLX_SEP_ PragmaType=array_partition_XLX_SEP_ PragmaContext=hls_XLX_SEP_ PragmaFunction=conv2_XLX_SEP_ PragmaOptions=variable=partial_sums complete_XLX_SEP_ [-Wdump-hls-pragmas]
#pragma HLS ARRAY_PARTITION variable=partial_sums complete
^
../src/conv.cpp:74:1: warning: HLS pragma dump _XLX_SEP_ PragmaIsValid=1_XLX_SEP_ PragmaType=unroll_XLX_SEP_ PragmaContext=hls_XLX_SEP_ PragmaFunction=conv2_XLX_SEP_ PragmaOptions=_XLX_SEP_ [-Wdump-hls-pragmas]
#pragma HLS UNROLL
^
../src/conv.cpp:79:1: warning: HLS pragma dump _XLX_SEP_ PragmaIsValid=1_XLX_SEP_ PragmaType=pipeline_XLX_SEP_ PragmaContext=hls_XLX_SEP_ PragmaFunction=conv2_XLX_SEP_ PragmaOptions=II=1_XLX_SEP_ [-Wdump-hls-pragmas]
#pragma HLS PIPELINE II=1
^
../src/conv.cpp:97:1: warning: HLS pragma dump _XLX_SEP_ PragmaIsValid=1_XLX_SEP_ PragmaType=bind_op_XLX_SEP_ PragmaContext=hls_XLX_SEP_ PragmaFunction=conv2_XLX_SEP_ PragmaOptions=variable=sum op=mul impl=fabric_XLX_SEP_ [-Wdump-hls-pragmas]
#pragma HLS BIND_OP variable=sum op=mul impl=fabric
^
../src/conv.cpp:98:1: warning: HLS pragma dump _XLX_SEP_ PragmaIsValid=1_XLX_SEP_ PragmaType=bind_op_XLX_SEP_ PragmaContext=hls_XLX_SEP_ PragmaFunction=conv2_XLX_SEP_ PragmaOptions=variable=sum op=add impl=fabric_XLX_SEP_ [-Wdump-hls-pragmas]
#pragma HLS BIND_OP variable=sum op=add impl=fabric
^
../src/conv.cpp:100:1: warning: HLS pragma dump _XLX_SEP_ PragmaIsValid=1_XLX_SEP_ PragmaType=unroll_XLX_SEP_ PragmaContext=hls_XLX_SEP_ PragmaFunction=conv2_XLX_SEP_ PragmaOptions=_XLX_SEP_ [-Wdump-hls-pragmas]
#pragma HLS UNROLL
^
18 warnings generated.
