

================================================================
== Vitis HLS Report for 'conv2_Pipeline_LOAD_W'
================================================================
* Date:           Sat Mar  7 18:28:22 2026

* Version:        2025.2 (Build 6295257 on Nov 14 2025)
* Project:        top
* Solution:       hls (Vivado IP Flow Target)
* Product family: zynq
* Target device:  xc7z020-clg484-1


================================================================
== Performance Estimates
================================================================
+ Timing: 
    * Summary: 
    +--------+----------+----------+------------+
    |  Clock |  Target  | Estimated| Uncertainty|
    +--------+----------+----------+------------+
    |ap_clk  |  10.00 ns|  8.750 ns|     1.25 ns|
    +--------+----------+----------+------------+

+ Latency: 
    * Summary: 
    +---------+---------+-----------+-----------+-----+-----+-------------------+
    |  Latency (cycles) |   Latency (absolute)  |  Interval |      Pipeline     |
    |   min   |   max   |    min    |    max    | min | max |        Type       |
    +---------+---------+-----------+-----------+-----+-----+-------------------+
    |     1155|     1155|  11.550 us|  11.550 us|    0|    0|  loop pipeline stp|
    +---------+---------+-----------+-----------+-----+-----+-------------------+

    + Detail: 
        * Instance: 
        N/A

        * Loop: 
        +----------+---------+---------+----------+-----------+-----------+------+----------+
        |          |  Latency (cycles) | Iteration|  Initiation Interval  | Trip |          |
        | Loop Name|   min   |   max   |  Latency |  achieved |   target  | Count| Pipelined|
        +----------+---------+---------+----------+-----------+-----------+------+----------+
        |- LOAD_W  |     1153|     1153|         3|          1|          1|  1152|       yes|
        +----------+---------+---------+----------+-----------+-----------+------+----------+



================================================================
== Utilization Estimates
================================================================
* Summary: 
+-----------------+---------+-----+--------+-------+-----+
|       Name      | BRAM_18K| DSP |   FF   |  LUT  | URAM|
+-----------------+---------+-----+--------+-------+-----+
|DSP              |        -|    -|       -|      -|    -|
|Expression       |        -|    -|       0|     93|    -|
|FIFO             |        -|    -|       -|      -|    -|
|Instance         |        -|    -|       -|      -|    -|
|Memory           |        -|    -|       -|      -|    -|
|Multiplexer      |        -|    -|       0|     72|    -|
|Register         |        -|    -|      67|      -|    -|
+-----------------+---------+-----+--------+-------+-----+
|Total            |        0|    0|      67|    165|    0|
+-----------------+---------+-----+--------+-------+-----+
|Available        |      280|  220|  106400|  53200|    0|
+-----------------+---------+-----+--------+-------+-----+
|Utilization (%)  |        0|    0|      ~0|     ~0|    0|
+-----------------+---------+-----+--------+-------+-----+

+ Detail: 
    * Instance: 
    N/A

    * DSP: 
    N/A

    * Memory: 
    N/A

    * FIFO: 
    N/A

    * Expression: 
    +---------------------------+----------+----+---+----+------------+------------+
    |       Variable Name       | Operation| DSP| FF| LUT| Bitwidth P0| Bitwidth P1|
    +---------------------------+----------+----+---+----+------------+------------+
    |add_ln70_1_fu_334_p2       |         +|   0|  0|  30|          23|          12|
    |add_ln70_2_fu_301_p2       |         +|   0|  0|  12|          11|           1|
    |add_ln70_fu_265_p2         |         +|   0|  0|  12|          11|           1|
    |ap_block_pp0_stage0_11001  |       and|   0|  0|   2|           1|           1|
    |icmp_ln70_1_fu_307_p2      |      icmp|   0|  0|  12|          11|           4|
    |icmp_ln70_fu_259_p2        |      icmp|   0|  0|  12|          11|          11|
    |select_ln70_fu_313_p3      |    select|   0|  0|  11|           1|           1|
    |ap_enable_pp0              |       xor|   0|  0|   2|           1|           2|
    +---------------------------+----------+----+---+----+------------+------------+
    |Total                      |          |   0|  0|  93|          70|          33|
    +---------------------------+----------+----+---+----+------------+------------+

    * Multiplexer: 
    +--------------------------------+----+-----------+-----+-----------+
    |              Name              | LUT| Input Size| Bits| Total Bits|
    +--------------------------------+----+-----------+-----+-----------+
    |ap_done_int                     |   9|          2|    1|          2|
    |ap_enable_reg_pp0_iter1         |   9|          2|    1|          2|
    |ap_sig_allocacmp_i_4            |   9|          2|   11|         22|
    |ap_sig_allocacmp_phi_urem_load  |   9|          2|   11|         22|
    |gmem1_blk_n_R                   |   9|          2|    1|          2|
    |i_fu_106                        |   9|          2|   11|         22|
    |phi_mul_fu_102                  |   9|          2|   23|         46|
    |phi_urem_fu_98                  |   9|          2|   11|         22|
    +--------------------------------+----+-----------+-----+-----------+
    |Total                           |  72|         16|   70|        140|
    +--------------------------------+----+-----------+-----+-----------+

    * Register: 
    +-------------------------------------------+----+----+-----+-----------+
    |                    Name                   | FF | LUT| Bits| Const Bits|
    +-------------------------------------------+----+----+-----+-----------+
    |ap_CS_fsm                                  |   1|   0|    1|          0|
    |ap_block_pp0_stage0_subdone_grp0_done_reg  |   1|   0|    1|          0|
    |ap_done_reg                                |   1|   0|    1|          0|
    |ap_enable_reg_pp0_iter1                    |   1|   0|    1|          0|
    |ap_enable_reg_pp0_iter2                    |   1|   0|    1|          0|
    |ap_loop_exit_ready_pp0_iter1_reg           |   1|   0|    1|          0|
    |gmem1_addr_read_reg_402                    |   8|   0|    8|          0|
    |i_fu_106                                   |  11|   0|   11|          0|
    |phi_mul_fu_102                             |  23|   0|   23|          0|
    |phi_urem_fu_98                             |  11|   0|   11|          0|
    |trunc_ln70_reg_398                         |   4|   0|    4|          0|
    |trunc_ln70_reg_398_pp0_iter1_reg           |   4|   0|    4|          0|
    +-------------------------------------------+----+----+-----+-----------+
    |Total                                      |  67|   0|   67|          0|
    +-------------------------------------------+----+----+-----+-----------+



================================================================
== Interface
================================================================
* Summary: 
+-----------------------------------------------------------------------------+-----+-----+------------+--------------------------------------------------------------------+--------------+
|                                  RTL Ports                                  | Dir | Bits|  Protocol  |                            Source Object                           |    C Type    |
+-----------------------------------------------------------------------------+-----+-----+------------+--------------------------------------------------------------------+--------------+
|ap_clk                                                                       |   in|    1|  ap_ctrl_hs|                                               conv2_Pipeline_LOAD_W|  return value|
|ap_rst                                                                       |   in|    1|  ap_ctrl_hs|                                               conv2_Pipeline_LOAD_W|  return value|
|ap_start                                                                     |   in|    1|  ap_ctrl_hs|                                               conv2_Pipeline_LOAD_W|  return value|
|ap_done                                                                      |  out|    1|  ap_ctrl_hs|                                               conv2_Pipeline_LOAD_W|  return value|
|ap_idle                                                                      |  out|    1|  ap_ctrl_hs|                                               conv2_Pipeline_LOAD_W|  return value|
|ap_ready                                                                     |  out|    1|  ap_ctrl_hs|                                               conv2_Pipeline_LOAD_W|  return value|
|m_axi_gmem1_0_AWVALID                                                        |  out|    1|       m_axi|                                                               gmem1|       pointer|
|m_axi_gmem1_0_AWREADY                                                        |   in|    1|       m_axi|                                                               gmem1|       pointer|
|m_axi_gmem1_0_AWADDR                                                         |  out|   64|       m_axi|                                                               gmem1|       pointer|
|m_axi_gmem1_0_AWID                                                           |  out|    1|       m_axi|                                                               gmem1|       pointer|
|m_axi_gmem1_0_AWLEN                                                          |  out|   32|       m_axi|                                                               gmem1|       pointer|
|m_axi_gmem1_0_AWSIZE                                                         |  out|    3|       m_axi|                                                               gmem1|       pointer|
|m_axi_gmem1_0_AWBURST                                                        |  out|    2|       m_axi|                                                               gmem1|       pointer|
|m_axi_gmem1_0_AWLOCK                                                         |  out|    2|       m_axi|                                                               gmem1|       pointer|
|m_axi_gmem1_0_AWCACHE                                                        |  out|    4|       m_axi|                                                               gmem1|       pointer|
|m_axi_gmem1_0_AWPROT                                                         |  out|    3|       m_axi|                                                               gmem1|       pointer|
|m_axi_gmem1_0_AWQOS                                                          |  out|    4|       m_axi|                                                               gmem1|       pointer|
|m_axi_gmem1_0_AWREGION                                                       |  out|    4|       m_axi|                                                               gmem1|       pointer|
|m_axi_gmem1_0_AWUSER                                                         |  out|    1|       m_axi|                                                               gmem1|       pointer|
|m_axi_gmem1_0_WVALID                                                         |  out|    1|       m_axi|                                                               gmem1|       pointer|
|m_axi_gmem1_0_WREADY                                                         |   in|    1|       m_axi|                                                               gmem1|       pointer|
|m_axi_gmem1_0_WDATA                                                          |  out|    8|       m_axi|                                                               gmem1|       pointer|
|m_axi_gmem1_0_WSTRB                                                          |  out|    1|       m_axi|                                                               gmem1|       pointer|
|m_axi_gmem1_0_WLAST                                                          |  out|    1|       m_axi|                                                               gmem1|       pointer|
|m_axi_gmem1_0_WID                                                            |  out|    1|       m_axi|                                                               gmem1|       pointer|
|m_axi_gmem1_0_WUSER                                                          |  out|    1|       m_axi|                                                               gmem1|       pointer|
|m_axi_gmem1_0_ARVALID                                                        |  out|    1|       m_axi|                                                               gmem1|       pointer|
|m_axi_gmem1_0_ARREADY                                                        |   in|    1|       m_axi|                                                               gmem1|       pointer|
|m_axi_gmem1_0_ARADDR                                                         |  out|   64|       m_axi|                                                               gmem1|       pointer|
|m_axi_gmem1_0_ARID                                                           |  out|    1|       m_axi|                                                               gmem1|       pointer|
|m_axi_gmem1_0_ARLEN                                                          |  out|   32|       m_axi|                                                               gmem1|       pointer|
|m_axi_gmem1_0_ARSIZE                                                         |  out|    3|       m_axi|                                                               gmem1|       pointer|
|m_axi_gmem1_0_ARBURST                                                        |  out|    2|       m_axi|                                                               gmem1|       pointer|
|m_axi_gmem1_0_ARLOCK                                                         |  out|    2|       m_axi|                                                               gmem1|       pointer|
|m_axi_gmem1_0_ARCACHE                                                        |  out|    4|       m_axi|                                                               gmem1|       pointer|
|m_axi_gmem1_0_ARPROT                                                         |  out|    3|       m_axi|                                                               gmem1|       pointer|
|m_axi_gmem1_0_ARQOS                                                          |  out|    4|       m_axi|                                                               gmem1|       pointer|
|m_axi_gmem1_0_ARREGION                                                       |  out|    4|       m_axi|                                                               gmem1|       pointer|
|m_axi_gmem1_0_ARUSER                                                         |  out|    1|       m_axi|                                                               gmem1|       pointer|
|m_axi_gmem1_0_RVALID                                                         |   in|    1|       m_axi|                                                               gmem1|       pointer|
|m_axi_gmem1_0_RREADY                                                         |  out|    1|       m_axi|                                                               gmem1|       pointer|
|m_axi_gmem1_0_RDATA                                                          |   in|    8|       m_axi|                                                               gmem1|       pointer|
|m_axi_gmem1_0_RLAST                                                          |   in|    1|       m_axi|                                                               gmem1|       pointer|
|m_axi_gmem1_0_RID                                                            |   in|    1|       m_axi|                                                               gmem1|       pointer|
|m_axi_gmem1_0_RFIFONUM                                                       |   in|   11|       m_axi|                                                               gmem1|       pointer|
|m_axi_gmem1_0_RUSER                                                          |   in|    1|       m_axi|                                                               gmem1|       pointer|
|m_axi_gmem1_0_RRESP                                                          |   in|    2|       m_axi|                                                               gmem1|       pointer|
|m_axi_gmem1_0_BVALID                                                         |   in|    1|       m_axi|                                                               gmem1|       pointer|
|m_axi_gmem1_0_BREADY                                                         |  out|    1|       m_axi|                                                               gmem1|       pointer|
|m_axi_gmem1_0_BRESP                                                          |   in|    2|       m_axi|                                                               gmem1|       pointer|
|m_axi_gmem1_0_BID                                                            |   in|    1|       m_axi|                                                               gmem1|       pointer|
|m_axi_gmem1_0_BUSER                                                          |   in|    1|       m_axi|                                                               gmem1|       pointer|
|weight                                                                       |   in|   64|     ap_none|                                                              weight|        scalar|
|conv2_ap_fixed_ap_fixed_ap_fixed_ap_fixed_8_5_5_3_0_local_weight_8_address0  |  out|    7|   ap_memory|  conv2_ap_fixed_ap_fixed_ap_fixed_ap_fixed_8_5_5_3_0_local_weight_8|         array|
|conv2_ap_fixed_ap_fixed_ap_fixed_ap_fixed_8_5_5_3_0_local_weight_8_ce0       |  out|    1|   ap_memory|  conv2_ap_fixed_ap_fixed_ap_fixed_ap_fixed_8_5_5_3_0_local_weight_8|         array|
|conv2_ap_fixed_ap_fixed_ap_fixed_ap_fixed_8_5_5_3_0_local_weight_8_we0       |  out|    1|   ap_memory|  conv2_ap_fixed_ap_fixed_ap_fixed_ap_fixed_8_5_5_3_0_local_weight_8|         array|
|conv2_ap_fixed_ap_fixed_ap_fixed_ap_fixed_8_5_5_3_0_local_weight_8_d0        |  out|    8|   ap_memory|  conv2_ap_fixed_ap_fixed_ap_fixed_ap_fixed_8_5_5_3_0_local_weight_8|         array|
|conv2_ap_fixed_ap_fixed_ap_fixed_ap_fixed_8_5_5_3_0_local_weight_7_address0  |  out|    7|   ap_memory|  conv2_ap_fixed_ap_fixed_ap_fixed_ap_fixed_8_5_5_3_0_local_weight_7|         array|
|conv2_ap_fixed_ap_fixed_ap_fixed_ap_fixed_8_5_5_3_0_local_weight_7_ce0       |  out|    1|   ap_memory|  conv2_ap_fixed_ap_fixed_ap_fixed_ap_fixed_8_5_5_3_0_local_weight_7|         array|
|conv2_ap_fixed_ap_fixed_ap_fixed_ap_fixed_8_5_5_3_0_local_weight_7_we0       |  out|    1|   ap_memory|  conv2_ap_fixed_ap_fixed_ap_fixed_ap_fixed_8_5_5_3_0_local_weight_7|         array|
|conv2_ap_fixed_ap_fixed_ap_fixed_ap_fixed_8_5_5_3_0_local_weight_7_d0        |  out|    8|   ap_memory|  conv2_ap_fixed_ap_fixed_ap_fixed_ap_fixed_8_5_5_3_0_local_weight_7|         array|
|conv2_ap_fixed_ap_fixed_ap_fixed_ap_fixed_8_5_5_3_0_local_weight_6_address0  |  out|    7|   ap_memory|  conv2_ap_fixed_ap_fixed_ap_fixed_ap_fixed_8_5_5_3_0_local_weight_6|         array|
|conv2_ap_fixed_ap_fixed_ap_fixed_ap_fixed_8_5_5_3_0_local_weight_6_ce0       |  out|    1|   ap_memory|  conv2_ap_fixed_ap_fixed_ap_fixed_ap_fixed_8_5_5_3_0_local_weight_6|         array|
|conv2_ap_fixed_ap_fixed_ap_fixed_ap_fixed_8_5_5_3_0_local_weight_6_we0       |  out|    1|   ap_memory|  conv2_ap_fixed_ap_fixed_ap_fixed_ap_fixed_8_5_5_3_0_local_weight_6|         array|
|conv2_ap_fixed_ap_fixed_ap_fixed_ap_fixed_8_5_5_3_0_local_weight_6_d0        |  out|    8|   ap_memory|  conv2_ap_fixed_ap_fixed_ap_fixed_ap_fixed_8_5_5_3_0_local_weight_6|         array|
|conv2_ap_fixed_ap_fixed_ap_fixed_ap_fixed_8_5_5_3_0_local_weight_5_address0  |  out|    7|   ap_memory|  conv2_ap_fixed_ap_fixed_ap_fixed_ap_fixed_8_5_5_3_0_local_weight_5|         array|
|conv2_ap_fixed_ap_fixed_ap_fixed_ap_fixed_8_5_5_3_0_local_weight_5_ce0       |  out|    1|   ap_memory|  conv2_ap_fixed_ap_fixed_ap_fixed_ap_fixed_8_5_5_3_0_local_weight_5|         array|
|conv2_ap_fixed_ap_fixed_ap_fixed_ap_fixed_8_5_5_3_0_local_weight_5_we0       |  out|    1|   ap_memory|  conv2_ap_fixed_ap_fixed_ap_fixed_ap_fixed_8_5_5_3_0_local_weight_5|         array|
|conv2_ap_fixed_ap_fixed_ap_fixed_ap_fixed_8_5_5_3_0_local_weight_5_d0        |  out|    8|   ap_memory|  conv2_ap_fixed_ap_fixed_ap_fixed_ap_fixed_8_5_5_3_0_local_weight_5|         array|
|conv2_ap_fixed_ap_fixed_ap_fixed_ap_fixed_8_5_5_3_0_local_weight_4_address0  |  out|    7|   ap_memory|  conv2_ap_fixed_ap_fixed_ap_fixed_ap_fixed_8_5_5_3_0_local_weight_4|         array|
|conv2_ap_fixed_ap_fixed_ap_fixed_ap_fixed_8_5_5_3_0_local_weight_4_ce0       |  out|    1|   ap_memory|  conv2_ap_fixed_ap_fixed_ap_fixed_ap_fixed_8_5_5_3_0_local_weight_4|         array|
|conv2_ap_fixed_ap_fixed_ap_fixed_ap_fixed_8_5_5_3_0_local_weight_4_we0       |  out|    1|   ap_memory|  conv2_ap_fixed_ap_fixed_ap_fixed_ap_fixed_8_5_5_3_0_local_weight_4|         array|
|conv2_ap_fixed_ap_fixed_ap_fixed_ap_fixed_8_5_5_3_0_local_weight_4_d0        |  out|    8|   ap_memory|  conv2_ap_fixed_ap_fixed_ap_fixed_ap_fixed_8_5_5_3_0_local_weight_4|         array|
|conv2_ap_fixed_ap_fixed_ap_fixed_ap_fixed_8_5_5_3_0_local_weight_3_address0  |  out|    7|   ap_memory|  conv2_ap_fixed_ap_fixed_ap_fixed_ap_fixed_8_5_5_3_0_local_weight_3|         array|
|conv2_ap_fixed_ap_fixed_ap_fixed_ap_fixed_8_5_5_3_0_local_weight_3_ce0       |  out|    1|   ap_memory|  conv2_ap_fixed_ap_fixed_ap_fixed_ap_fixed_8_5_5_3_0_local_weight_3|         array|
|conv2_ap_fixed_ap_fixed_ap_fixed_ap_fixed_8_5_5_3_0_local_weight_3_we0       |  out|    1|   ap_memory|  conv2_ap_fixed_ap_fixed_ap_fixed_ap_fixed_8_5_5_3_0_local_weight_3|         array|
|conv2_ap_fixed_ap_fixed_ap_fixed_ap_fixed_8_5_5_3_0_local_weight_3_d0        |  out|    8|   ap_memory|  conv2_ap_fixed_ap_fixed_ap_fixed_ap_fixed_8_5_5_3_0_local_weight_3|         array|
|conv2_ap_fixed_ap_fixed_ap_fixed_ap_fixed_8_5_5_3_0_local_weight_2_address0  |  out|    7|   ap_memory|  conv2_ap_fixed_ap_fixed_ap_fixed_ap_fixed_8_5_5_3_0_local_weight_2|         array|
|conv2_ap_fixed_ap_fixed_ap_fixed_ap_fixed_8_5_5_3_0_local_weight_2_ce0       |  out|    1|   ap_memory|  conv2_ap_fixed_ap_fixed_ap_fixed_ap_fixed_8_5_5_3_0_local_weight_2|         array|
|conv2_ap_fixed_ap_fixed_ap_fixed_ap_fixed_8_5_5_3_0_local_weight_2_we0       |  out|    1|   ap_memory|  conv2_ap_fixed_ap_fixed_ap_fixed_ap_fixed_8_5_5_3_0_local_weight_2|         array|
|conv2_ap_fixed_ap_fixed_ap_fixed_ap_fixed_8_5_5_3_0_local_weight_2_d0        |  out|    8|   ap_memory|  conv2_ap_fixed_ap_fixed_ap_fixed_ap_fixed_8_5_5_3_0_local_weight_2|         array|
|conv2_ap_fixed_ap_fixed_ap_fixed_ap_fixed_8_5_5_3_0_local_weight_1_address0  |  out|    7|   ap_memory|  conv2_ap_fixed_ap_fixed_ap_fixed_ap_fixed_8_5_5_3_0_local_weight_1|         array|
|conv2_ap_fixed_ap_fixed_ap_fixed_ap_fixed_8_5_5_3_0_local_weight_1_ce0       |  out|    1|   ap_memory|  conv2_ap_fixed_ap_fixed_ap_fixed_ap_fixed_8_5_5_3_0_local_weight_1|         array|
|conv2_ap_fixed_ap_fixed_ap_fixed_ap_fixed_8_5_5_3_0_local_weight_1_we0       |  out|    1|   ap_memory|  conv2_ap_fixed_ap_fixed_ap_fixed_ap_fixed_8_5_5_3_0_local_weight_1|         array|
|conv2_ap_fixed_ap_fixed_ap_fixed_ap_fixed_8_5_5_3_0_local_weight_1_d0        |  out|    8|   ap_memory|  conv2_ap_fixed_ap_fixed_ap_fixed_ap_fixed_8_5_5_3_0_local_weight_1|         array|
|conv2_ap_fixed_ap_fixed_ap_fixed_ap_fixed_8_5_5_3_0_local_weight_address0    |  out|    7|   ap_memory|    conv2_ap_fixed_ap_fixed_ap_fixed_ap_fixed_8_5_5_3_0_local_weight|         array|
|conv2_ap_fixed_ap_fixed_ap_fixed_ap_fixed_8_5_5_3_0_local_weight_ce0         |  out|    1|   ap_memory|    conv2_ap_fixed_ap_fixed_ap_fixed_ap_fixed_8_5_5_3_0_local_weight|         array|
|conv2_ap_fixed_ap_fixed_ap_fixed_ap_fixed_8_5_5_3_0_local_weight_we0         |  out|    1|   ap_memory|    conv2_ap_fixed_ap_fixed_ap_fixed_ap_fixed_8_5_5_3_0_local_weight|         array|
|conv2_ap_fixed_ap_fixed_ap_fixed_ap_fixed_8_5_5_3_0_local_weight_d0          |  out|    8|   ap_memory|    conv2_ap_fixed_ap_fixed_ap_fixed_ap_fixed_8_5_5_3_0_local_weight|         array|
+-----------------------------------------------------------------------------+-----+-----+------------+--------------------------------------------------------------------+--------------+

============================================================
+ Verbose Summary: Synthesis Manager
============================================================
InlineROM: 1
ExposeGlobal: 0
============================================================
+ Verbose Summary: CDFG Model
============================================================
IsTopModel: 0
ResetActiveHigh: 1
IsCombinational: 2
IsDatapathOnly: 2
HasWiredReturn: 1
HasMFsm: 2
HasVarLatency: 1
IsPipeline: 0
IsRtlPipelined: 0
IsInstanceOverlapped: 0
IsDontTouch: 0
HasImplIP: 0
IsGatedGlobalClock: 0

+ Individual pipeline summary: 
  * Pipeline-0: initiation interval (II) = 1, depth = 3


============================================================
+ Verbose Summary: Schedule
============================================================
* Number of FSM states : 3
* Pipeline : 1
  Pipeline-0 : II = 1, D = 3, States = { 1 2 3 }
* Dataflow Pipeline: 0

* FSM state transitions: 
1 --> 2 
2 --> 3 
3 --> 

* FSM state operations: 

State 1 <SV = 0> <Delay = 5.50>
ST_1 : Operation 6 [1/1] (0.00ns)   --->   "%phi_urem = alloca i32 1"   --->   Operation 6 'alloca' 'phi_urem' <Predicate = true> <Delay = 0.00>
ST_1 : Operation 7 [1/1] (0.00ns)   --->   "%phi_mul = alloca i32 1"   --->   Operation 7 'alloca' 'phi_mul' <Predicate = true> <Delay = 0.00>
ST_1 : Operation 8 [1/1] (0.00ns)   --->   "%i = alloca i32 1" [../src/conv.cpp:70]   --->   Operation 8 'alloca' 'i' <Predicate = true> <Delay = 0.00>
ST_1 : Operation 9 [1/1] (0.00ns)   --->   "%specstablecontent_ln0 = specstablecontent void @_ssdm_op_SpecStableContent, i8 %gmem1, i1 1, void "   --->   Operation 9 'specstablecontent' 'specstablecontent_ln0' <Predicate = true> <Delay = 0.00>
ST_1 : Operation 10 [1/1] (0.00ns)   --->   "%specinterface_ln0 = specinterface void @_ssdm_op_SpecInterface, i8 %gmem1, void @empty_7, i32 0, i32 0, void @empty_8, i32 0, i32 136, void @empty_32, void @empty_20, void @empty_8, i32 16, i32 16, i32 16, i32 16, void @empty_8, void @empty_8, i32 4294967295, i32 0, i32 0, i32 1"   --->   Operation 10 'specinterface' 'specinterface_ln0' <Predicate = true> <Delay = 0.00>
ST_1 : Operation 11 [1/1] (0.00ns)   --->   "%weight_read = read i64 @_ssdm_op_Read.ap_auto.i64, i64 %weight"   --->   Operation 11 'read' 'weight_read' <Predicate = true> <Delay = 0.00>
ST_1 : Operation 12 [1/1] (1.58ns)   --->   "%store_ln70 = store i11 0, i11 %i" [../src/conv.cpp:70]   --->   Operation 12 'store' 'store_ln70' <Predicate = true> <Delay = 1.58>
ST_1 : Operation 13 [1/1] (1.58ns)   --->   "%store_ln0 = store i23 0, i23 %phi_mul"   --->   Operation 13 'store' 'store_ln0' <Predicate = true> <Delay = 1.58>
ST_1 : Operation 14 [1/1] (1.58ns)   --->   "%store_ln0 = store i11 0, i11 %phi_urem"   --->   Operation 14 'store' 'store_ln0' <Predicate = true> <Delay = 1.58>
ST_1 : Operation 15 [1/1] (0.00ns)   --->   "%br_ln0 = br void %for.inc"   --->   Operation 15 'br' 'br_ln0' <Predicate = true> <Delay = 0.00>
ST_1 : Operation 16 [1/1] (0.00ns)   --->   "%phi_urem_load = load i11 %phi_urem" [../src/conv.cpp:70]   --->   Operation 16 'load' 'phi_urem_load' <Predicate = true> <Delay = 0.00>
ST_1 : Operation 17 [1/1] (0.00ns)   --->   "%i_4 = load i11 %i" [../src/conv.cpp:70]   --->   Operation 17 'load' 'i_4' <Predicate = true> <Delay = 0.00>
ST_1 : Operation 18 [1/1] (1.63ns)   --->   "%icmp_ln70 = icmp_eq  i11 %i_4, i11 1152" [../src/conv.cpp:70]   --->   Operation 18 'icmp' 'icmp_ln70' <Predicate = true> <Delay = 1.63> <CoreInst = "Cmp">   --->   Core 9 'Cmp' <Latency = 0> <II = 1> <Delay = 1.63> <FuncUnit> <Opcode : 'seteq' 'setne' 'setle' 'setge' 'setlt' 'setgt'> <InPorts = 2> <OutPorts = 1>
ST_1 : Operation 19 [1/1] (1.63ns)   --->   "%add_ln70 = add i11 %i_4, i11 1" [../src/conv.cpp:70]   --->   Operation 19 'add' 'add_ln70' <Predicate = true> <Delay = 1.63> <CoreInst = "Adder">   --->   Core 1 'Adder' <Latency = 0> <II = 1> <Delay = 1.63> <FuncUnit> <Opcode : 'add' 'sub'> <InPorts = 2> <OutPorts = 1>
ST_1 : Operation 20 [1/1] (0.00ns)   --->   "%br_ln70 = br i1 %icmp_ln70, void %for.inc.split, void %LOAD_B.exitStub" [../src/conv.cpp:70]   --->   Operation 20 'br' 'br_ln70' <Predicate = true> <Delay = 0.00>
ST_1 : Operation 21 [1/1] (0.00ns)   --->   "%gmem1_addr = getelementptr i8 %gmem1, i64 %weight_read" [../src/conv.cpp:70]   --->   Operation 21 'getelementptr' 'gmem1_addr' <Predicate = (!icmp_ln70)> <Delay = 0.00>
ST_1 : Operation 22 [1/1] (0.00ns)   --->   "%trunc_ln70 = trunc i11 %phi_urem_load" [../src/conv.cpp:70]   --->   Operation 22 'trunc' 'trunc_ln70' <Predicate = (!icmp_ln70)> <Delay = 0.00>
ST_1 : Operation 23 [1/1] (1.73ns)   --->   "%switch_ln72 = switch i4 %trunc_ln70, void %arrayidx2.case.8, i4 0, void %arrayidx2.case.0, i4 1, void %arrayidx2.case.1, i4 2, void %arrayidx2.case.2, i4 3, void %arrayidx2.case.3, i4 4, void %arrayidx2.case.4, i4 5, void %arrayidx2.case.5, i4 6, void %arrayidx2.case.6, i4 7, void %arrayidx2.case.7" [../src/conv.cpp:72]   --->   Operation 23 'switch' 'switch_ln72' <Predicate = (!icmp_ln70)> <Delay = 1.73>
ST_1 : Operation 24 [1/1] (1.63ns)   --->   "%add_ln70_2 = add i11 %phi_urem_load, i11 1" [../src/conv.cpp:70]   --->   Operation 24 'add' 'add_ln70_2' <Predicate = (!icmp_ln70)> <Delay = 1.63> <CoreInst = "Adder">   --->   Core 1 'Adder' <Latency = 0> <II = 1> <Delay = 1.63> <FuncUnit> <Opcode : 'add' 'sub'> <InPorts = 2> <OutPorts = 1>
ST_1 : Operation 25 [1/1] (1.63ns)   --->   "%icmp_ln70_1 = icmp_eq  i11 %phi_urem_load, i11 8" [../src/conv.cpp:70]   --->   Operation 25 'icmp' 'icmp_ln70_1' <Predicate = (!icmp_ln70)> <Delay = 1.63> <CoreInst = "Cmp">   --->   Core 9 'Cmp' <Latency = 0> <II = 1> <Delay = 1.63> <FuncUnit> <Opcode : 'seteq' 'setne' 'setle' 'setge' 'setlt' 'setgt'> <InPorts = 2> <OutPorts = 1>
ST_1 : Operation 26 [1/1] (0.69ns)   --->   "%select_ln70 = select i1 %icmp_ln70_1, i11 0, i11 %add_ln70_2" [../src/conv.cpp:70]   --->   Operation 26 'select' 'select_ln70' <Predicate = (!icmp_ln70)> <Delay = 0.69> <CoreInst = "Sel">   --->   Core 73 'Sel' <Latency = 0> <II = 1> <Delay = 0.69> <FuncUnit> <Opcode : 'select'> <InPorts = 3> <OutPorts = 1>
ST_1 : Operation 27 [1/1] (1.58ns)   --->   "%store_ln70 = store i11 %add_ln70, i11 %i" [../src/conv.cpp:70]   --->   Operation 27 'store' 'store_ln70' <Predicate = (!icmp_ln70)> <Delay = 1.58>
ST_1 : Operation 28 [1/1] (1.58ns)   --->   "%store_ln70 = store i11 %select_ln70, i11 %phi_urem" [../src/conv.cpp:70]   --->   Operation 28 'store' 'store_ln70' <Predicate = (!icmp_ln70)> <Delay = 1.58>

State 2 <SV = 1> <Delay = 8.75>
ST_2 : Operation 29 [1/1] ( I:8.75ns O:8.75ns )   --->   "%gmem1_addr_read = read i8 @_ssdm_op_Read.m_axi.i8.p1i8, i64 %gmem1_addr" [../src/conv.cpp:72]   --->   Operation 29 'read' 'gmem1_addr_read' <Predicate = true> <Delay = 8.75> <CoreInst = "m_axi">   --->   Core 111 'm_axi' <Latency = 3> <II = 1> <Delay = 1.00> <Adapter> <Opcode : 'readrequnaligned' 'writerequnaligned' 'read' 'write' 'readreq' 'writereq' 'writeresp'>
ST_2 : Operation 66 [1/1] (1.58ns)   --->   "%ret_ln0 = ret"   --->   Operation 66 'ret' 'ret_ln0' <Predicate = (icmp_ln70)> <Delay = 1.58>

State 3 <SV = 2> <Delay = 3.87>
ST_3 : Operation 30 [1/1] (0.00ns)   --->   "%phi_mul_load = load i23 %phi_mul" [../src/conv.cpp:70]   --->   Operation 30 'load' 'phi_mul_load' <Predicate = true> <Delay = 0.00>
ST_3 : Operation 31 [1/1] (0.00ns)   --->   "%specpipeline_ln71 = specpipeline void @_ssdm_op_SpecPipeline, i32 1, i32 0, i32 0, i32 0, i32 4294967295, void @empty_8" [../src/conv.cpp:71]   --->   Operation 31 'specpipeline' 'specpipeline_ln71' <Predicate = true> <Delay = 0.00>
ST_3 : Operation 32 [1/1] (0.00ns)   --->   "%speclooptripcount_ln70 = speclooptripcount void @_ssdm_op_SpecLoopTripCount, i64 1152, i64 1152, i64 1152" [../src/conv.cpp:70]   --->   Operation 32 'speclooptripcount' 'speclooptripcount_ln70' <Predicate = true> <Delay = 0.00>
ST_3 : Operation 33 [1/1] (0.00ns)   --->   "%specloopname_ln70 = specloopname void @_ssdm_op_SpecLoopName, void @empty" [../src/conv.cpp:70]   --->   Operation 33 'specloopname' 'specloopname_ln70' <Predicate = true> <Delay = 0.00>
ST_3 : Operation 34 [1/1] (2.28ns)   --->   "%add_ln70_1 = add i23 %phi_mul_load, i23 3641" [../src/conv.cpp:70]   --->   Operation 34 'add' 'add_ln70_1' <Predicate = true> <Delay = 2.28> <CoreInst = "Adder">   --->   Core 1 'Adder' <Latency = 0> <II = 1> <Delay = 2.28> <FuncUnit> <Opcode : 'add' 'sub'> <InPorts = 2> <OutPorts = 1>
ST_3 : Operation 35 [1/1] (0.00ns)   --->   "%tmp = partselect i8 @_ssdm_op_PartSelect.i8.i23.i32.i32, i23 %phi_mul_load, i32 15, i32 22" [../src/conv.cpp:70]   --->   Operation 35 'partselect' 'tmp' <Predicate = true> <Delay = 0.00>
ST_3 : Operation 36 [1/1] (0.00ns)   --->   "%zext_ln70 = zext i8 %tmp" [../src/conv.cpp:70]   --->   Operation 36 'zext' 'zext_ln70' <Predicate = true> <Delay = 0.00>
ST_3 : Operation 37 [1/1] (0.00ns)   --->   "%conv2_ap_fixed_ap_fixed_ap_fixed_ap_fixed_8_5_5_3_0_local_weight_8_addr = getelementptr i8 %conv2_ap_fixed_ap_fixed_ap_fixed_ap_fixed_8_5_5_3_0_local_weight_8, i64 0, i64 %zext_ln70" [../src/conv.cpp:72]   --->   Operation 37 'getelementptr' 'conv2_ap_fixed_ap_fixed_ap_fixed_ap_fixed_8_5_5_3_0_local_weight_8_addr' <Predicate = true> <Delay = 0.00>
ST_3 : Operation 38 [1/1] (0.00ns)   --->   "%conv2_ap_fixed_ap_fixed_ap_fixed_ap_fixed_8_5_5_3_0_local_weight_7_addr = getelementptr i8 %conv2_ap_fixed_ap_fixed_ap_fixed_ap_fixed_8_5_5_3_0_local_weight_7, i64 0, i64 %zext_ln70" [../src/conv.cpp:72]   --->   Operation 38 'getelementptr' 'conv2_ap_fixed_ap_fixed_ap_fixed_ap_fixed_8_5_5_3_0_local_weight_7_addr' <Predicate = true> <Delay = 0.00>
ST_3 : Operation 39 [1/1] (0.00ns)   --->   "%conv2_ap_fixed_ap_fixed_ap_fixed_ap_fixed_8_5_5_3_0_local_weight_6_addr = getelementptr i8 %conv2_ap_fixed_ap_fixed_ap_fixed_ap_fixed_8_5_5_3_0_local_weight_6, i64 0, i64 %zext_ln70" [../src/conv.cpp:72]   --->   Operation 39 'getelementptr' 'conv2_ap_fixed_ap_fixed_ap_fixed_ap_fixed_8_5_5_3_0_local_weight_6_addr' <Predicate = true> <Delay = 0.00>
ST_3 : Operation 40 [1/1] (0.00ns)   --->   "%conv2_ap_fixed_ap_fixed_ap_fixed_ap_fixed_8_5_5_3_0_local_weight_5_addr = getelementptr i8 %conv2_ap_fixed_ap_fixed_ap_fixed_ap_fixed_8_5_5_3_0_local_weight_5, i64 0, i64 %zext_ln70" [../src/conv.cpp:72]   --->   Operation 40 'getelementptr' 'conv2_ap_fixed_ap_fixed_ap_fixed_ap_fixed_8_5_5_3_0_local_weight_5_addr' <Predicate = true> <Delay = 0.00>
ST_3 : Operation 41 [1/1] (0.00ns)   --->   "%conv2_ap_fixed_ap_fixed_ap_fixed_ap_fixed_8_5_5_3_0_local_weight_4_addr = getelementptr i8 %conv2_ap_fixed_ap_fixed_ap_fixed_ap_fixed_8_5_5_3_0_local_weight_4, i64 0, i64 %zext_ln70" [../src/conv.cpp:72]   --->   Operation 41 'getelementptr' 'conv2_ap_fixed_ap_fixed_ap_fixed_ap_fixed_8_5_5_3_0_local_weight_4_addr' <Predicate = true> <Delay = 0.00>
ST_3 : Operation 42 [1/1] (0.00ns)   --->   "%conv2_ap_fixed_ap_fixed_ap_fixed_ap_fixed_8_5_5_3_0_local_weight_3_addr = getelementptr i8 %conv2_ap_fixed_ap_fixed_ap_fixed_ap_fixed_8_5_5_3_0_local_weight_3, i64 0, i64 %zext_ln70" [../src/conv.cpp:72]   --->   Operation 42 'getelementptr' 'conv2_ap_fixed_ap_fixed_ap_fixed_ap_fixed_8_5_5_3_0_local_weight_3_addr' <Predicate = true> <Delay = 0.00>
ST_3 : Operation 43 [1/1] (0.00ns)   --->   "%conv2_ap_fixed_ap_fixed_ap_fixed_ap_fixed_8_5_5_3_0_local_weight_2_addr = getelementptr i8 %conv2_ap_fixed_ap_fixed_ap_fixed_ap_fixed_8_5_5_3_0_local_weight_2, i64 0, i64 %zext_ln70" [../src/conv.cpp:72]   --->   Operation 43 'getelementptr' 'conv2_ap_fixed_ap_fixed_ap_fixed_ap_fixed_8_5_5_3_0_local_weight_2_addr' <Predicate = true> <Delay = 0.00>
ST_3 : Operation 44 [1/1] (0.00ns)   --->   "%conv2_ap_fixed_ap_fixed_ap_fixed_ap_fixed_8_5_5_3_0_local_weight_1_addr = getelementptr i8 %conv2_ap_fixed_ap_fixed_ap_fixed_ap_fixed_8_5_5_3_0_local_weight_1, i64 0, i64 %zext_ln70" [../src/conv.cpp:72]   --->   Operation 44 'getelementptr' 'conv2_ap_fixed_ap_fixed_ap_fixed_ap_fixed_8_5_5_3_0_local_weight_1_addr' <Predicate = true> <Delay = 0.00>
ST_3 : Operation 45 [1/1] (0.00ns)   --->   "%conv2_ap_fixed_ap_fixed_ap_fixed_ap_fixed_8_5_5_3_0_local_weight_addr = getelementptr i8 %conv2_ap_fixed_ap_fixed_ap_fixed_ap_fixed_8_5_5_3_0_local_weight, i64 0, i64 %zext_ln70" [../src/conv.cpp:72]   --->   Operation 45 'getelementptr' 'conv2_ap_fixed_ap_fixed_ap_fixed_ap_fixed_8_5_5_3_0_local_weight_addr' <Predicate = true> <Delay = 0.00>
ST_3 : Operation 46 [1/1] ( I:3.25ns O:3.25ns )   --->   "%store_ln72 = store i8 %gmem1_addr_read, i7 %conv2_ap_fixed_ap_fixed_ap_fixed_ap_fixed_8_5_5_3_0_local_weight_1_addr" [../src/conv.cpp:72]   --->   Operation 46 'store' 'store_ln72' <Predicate = (trunc_ln70 == 7)> <Delay = 3.25> <CoreInst = "RAM">   --->   Core 81 'RAM' <Latency = 1> <II = 1> <Delay = 3.25> <Storage> <Opcode : 'load' 'store'> <Ports = 2> <Width = 8> <Depth = 128> <RAM>
ST_3 : Operation 47 [1/1] (0.00ns)   --->   "%br_ln72 = br void %arrayidx2.exit" [../src/conv.cpp:72]   --->   Operation 47 'br' 'br_ln72' <Predicate = (trunc_ln70 == 7)> <Delay = 0.00>
ST_3 : Operation 48 [1/1] ( I:3.25ns O:3.25ns )   --->   "%store_ln72 = store i8 %gmem1_addr_read, i7 %conv2_ap_fixed_ap_fixed_ap_fixed_ap_fixed_8_5_5_3_0_local_weight_2_addr" [../src/conv.cpp:72]   --->   Operation 48 'store' 'store_ln72' <Predicate = (trunc_ln70 == 6)> <Delay = 3.25> <CoreInst = "RAM">   --->   Core 81 'RAM' <Latency = 1> <II = 1> <Delay = 3.25> <Storage> <Opcode : 'load' 'store'> <Ports = 2> <Width = 8> <Depth = 128> <RAM>
ST_3 : Operation 49 [1/1] (0.00ns)   --->   "%br_ln72 = br void %arrayidx2.exit" [../src/conv.cpp:72]   --->   Operation 49 'br' 'br_ln72' <Predicate = (trunc_ln70 == 6)> <Delay = 0.00>
ST_3 : Operation 50 [1/1] ( I:3.25ns O:3.25ns )   --->   "%store_ln72 = store i8 %gmem1_addr_read, i7 %conv2_ap_fixed_ap_fixed_ap_fixed_ap_fixed_8_5_5_3_0_local_weight_3_addr" [../src/conv.cpp:72]   --->   Operation 50 'store' 'store_ln72' <Predicate = (trunc_ln70 == 5)> <Delay = 3.25> <CoreInst = "RAM">   --->   Core 81 'RAM' <Latency = 1> <II = 1> <Delay = 3.25> <Storage> <Opcode : 'load' 'store'> <Ports = 2> <Width = 8> <Depth = 128> <RAM>
ST_3 : Operation 51 [1/1] (0.00ns)   --->   "%br_ln72 = br void %arrayidx2.exit" [../src/conv.cpp:72]   --->   Operation 51 'br' 'br_ln72' <Predicate = (trunc_ln70 == 5)> <Delay = 0.00>
ST_3 : Operation 52 [1/1] ( I:3.25ns O:3.25ns )   --->   "%store_ln72 = store i8 %gmem1_addr_read, i7 %conv2_ap_fixed_ap_fixed_ap_fixed_ap_fixed_8_5_5_3_0_local_weight_4_addr" [../src/conv.cpp:72]   --->   Operation 52 'store' 'store_ln72' <Predicate = (trunc_ln70 == 4)> <Delay = 3.25> <CoreInst = "RAM">   --->   Core 81 'RAM' <Latency = 1> <II = 1> <Delay = 3.25> <Storage> <Opcode : 'load' 'store'> <Ports = 2> <Width = 8> <Depth = 128> <RAM>
ST_3 : Operation 53 [1/1] (0.00ns)   --->   "%br_ln72 = br void %arrayidx2.exit" [../src/conv.cpp:72]   --->   Operation 53 'br' 'br_ln72' <Predicate = (trunc_ln70 == 4)> <Delay = 0.00>
ST_3 : Operation 54 [1/1] ( I:3.25ns O:3.25ns )   --->   "%store_ln72 = store i8 %gmem1_addr_read, i7 %conv2_ap_fixed_ap_fixed_ap_fixed_ap_fixed_8_5_5_3_0_local_weight_5_addr" [../src/conv.cpp:72]   --->   Operation 54 'store' 'store_ln72' <Predicate = (trunc_ln70 == 3)> <Delay = 3.25> <CoreInst = "RAM">   --->   Core 81 'RAM' <Latency = 1> <II = 1> <Delay = 3.25> <Storage> <Opcode : 'load' 'store'> <Ports = 2> <Width = 8> <Depth = 128> <RAM>
ST_3 : Operation 55 [1/1] (0.00ns)   --->   "%br_ln72 = br void %arrayidx2.exit" [../src/conv.cpp:72]   --->   Operation 55 'br' 'br_ln72' <Predicate = (trunc_ln70 == 3)> <Delay = 0.00>
ST_3 : Operation 56 [1/1] ( I:3.25ns O:3.25ns )   --->   "%store_ln72 = store i8 %gmem1_addr_read, i7 %conv2_ap_fixed_ap_fixed_ap_fixed_ap_fixed_8_5_5_3_0_local_weight_6_addr" [../src/conv.cpp:72]   --->   Operation 56 'store' 'store_ln72' <Predicate = (trunc_ln70 == 2)> <Delay = 3.25> <CoreInst = "RAM">   --->   Core 81 'RAM' <Latency = 1> <II = 1> <Delay = 3.25> <Storage> <Opcode : 'load' 'store'> <Ports = 2> <Width = 8> <Depth = 128> <RAM>
ST_3 : Operation 57 [1/1] (0.00ns)   --->   "%br_ln72 = br void %arrayidx2.exit" [../src/conv.cpp:72]   --->   Operation 57 'br' 'br_ln72' <Predicate = (trunc_ln70 == 2)> <Delay = 0.00>
ST_3 : Operation 58 [1/1] ( I:3.25ns O:3.25ns )   --->   "%store_ln72 = store i8 %gmem1_addr_read, i7 %conv2_ap_fixed_ap_fixed_ap_fixed_ap_fixed_8_5_5_3_0_local_weight_7_addr" [../src/conv.cpp:72]   --->   Operation 58 'store' 'store_ln72' <Predicate = (trunc_ln70 == 1)> <Delay = 3.25> <CoreInst = "RAM">   --->   Core 81 'RAM' <Latency = 1> <II = 1> <Delay = 3.25> <Storage> <Opcode : 'load' 'store'> <Ports = 2> <Width = 8> <Depth = 128> <RAM>
ST_3 : Operation 59 [1/1] (0.00ns)   --->   "%br_ln72 = br void %arrayidx2.exit" [../src/conv.cpp:72]   --->   Operation 59 'br' 'br_ln72' <Predicate = (trunc_ln70 == 1)> <Delay = 0.00>
ST_3 : Operation 60 [1/1] ( I:3.25ns O:3.25ns )   --->   "%store_ln72 = store i8 %gmem1_addr_read, i7 %conv2_ap_fixed_ap_fixed_ap_fixed_ap_fixed_8_5_5_3_0_local_weight_8_addr" [../src/conv.cpp:72]   --->   Operation 60 'store' 'store_ln72' <Predicate = (trunc_ln70 == 0)> <Delay = 3.25> <CoreInst = "RAM">   --->   Core 81 'RAM' <Latency = 1> <II = 1> <Delay = 3.25> <Storage> <Opcode : 'load' 'store'> <Ports = 2> <Width = 8> <Depth = 128> <RAM>
ST_3 : Operation 61 [1/1] (0.00ns)   --->   "%br_ln72 = br void %arrayidx2.exit" [../src/conv.cpp:72]   --->   Operation 61 'br' 'br_ln72' <Predicate = (trunc_ln70 == 0)> <Delay = 0.00>
ST_3 : Operation 62 [1/1] ( I:3.25ns O:3.25ns )   --->   "%store_ln72 = store i8 %gmem1_addr_read, i7 %conv2_ap_fixed_ap_fixed_ap_fixed_ap_fixed_8_5_5_3_0_local_weight_addr" [../src/conv.cpp:72]   --->   Operation 62 'store' 'store_ln72' <Predicate = (trunc_ln70 != 0 & trunc_ln70 != 1 & trunc_ln70 != 2 & trunc_ln70 != 3 & trunc_ln70 != 4 & trunc_ln70 != 5 & trunc_ln70 != 6 & trunc_ln70 != 7)> <Delay = 3.25> <CoreInst = "RAM">   --->   Core 81 'RAM' <Latency = 1> <II = 1> <Delay = 3.25> <Storage> <Opcode : 'load' 'store'> <Ports = 2> <Width = 8> <Depth = 128> <RAM>
ST_3 : Operation 63 [1/1] (0.00ns)   --->   "%br_ln72 = br void %arrayidx2.exit" [../src/conv.cpp:72]   --->   Operation 63 'br' 'br_ln72' <Predicate = (trunc_ln70 != 0 & trunc_ln70 != 1 & trunc_ln70 != 2 & trunc_ln70 != 3 & trunc_ln70 != 4 & trunc_ln70 != 5 & trunc_ln70 != 6 & trunc_ln70 != 7)> <Delay = 0.00>
ST_3 : Operation 64 [1/1] (1.58ns)   --->   "%store_ln70 = store i23 %add_ln70_1, i23 %phi_mul" [../src/conv.cpp:70]   --->   Operation 64 'store' 'store_ln70' <Predicate = true> <Delay = 1.58>
ST_3 : Operation 65 [1/1] (0.00ns)   --->   "%br_ln70 = br void %for.inc" [../src/conv.cpp:70]   --->   Operation 65 'br' 'br_ln70' <Predicate = true> <Delay = 0.00>


============================================================
+ Verbose Summary: Binding
============================================================
STG Binding: 
---------------- STG Properties BEGIN ----------------
- Is combinational: 0
- Is one-state seq: 0
- Is datapath-only: 0
- Is pipelined: 0
- Is top level: 0
Port [ Return ] is wired: 1; IO mode=ap_ctrl_hs:ce=0
Port [ gmem1]:  wired=1; compound=1; hidden=0; nouse=0; global=0; static=0; extern=0; dir=0; type=4; pingpong=0; private_global=0; IO mode=m_axi:ce=0
Port [ weight]:  wired=1; compound=0; hidden=0; nouse=0; global=0; static=0; extern=0; dir=0; type=0; pingpong=0; private_global=0; IO mode=ap_none:ce=0
Port [ conv2_ap_fixed_ap_fixed_ap_fixed_ap_fixed_8_5_5_3_0_local_weight_8]:  wired=1; compound=1; hidden=0; nouse=0; global=1; static=1; extern=0; dir=1; type=1; pingpong=0; private_global=0; MemPort=[03]; IO mode=ap_memory:ce=0
Port [ conv2_ap_fixed_ap_fixed_ap_fixed_ap_fixed_8_5_5_3_0_local_weight_7]:  wired=1; compound=1; hidden=0; nouse=0; global=1; static=1; extern=0; dir=1; type=1; pingpong=0; private_global=0; MemPort=[03]; IO mode=ap_memory:ce=0
Port [ conv2_ap_fixed_ap_fixed_ap_fixed_ap_fixed_8_5_5_3_0_local_weight_6]:  wired=1; compound=1; hidden=0; nouse=0; global=1; static=1; extern=0; dir=1; type=1; pingpong=0; private_global=0; MemPort=[03]; IO mode=ap_memory:ce=0
Port [ conv2_ap_fixed_ap_fixed_ap_fixed_ap_fixed_8_5_5_3_0_local_weight_5]:  wired=1; compound=1; hidden=0; nouse=0; global=1; static=1; extern=0; dir=1; type=1; pingpong=0; private_global=0; MemPort=[03]; IO mode=ap_memory:ce=0
Port [ conv2_ap_fixed_ap_fixed_ap_fixed_ap_fixed_8_5_5_3_0_local_weight_4]:  wired=1; compound=1; hidden=0; nouse=0; global=1; static=1; extern=0; dir=1; type=1; pingpong=0; private_global=0; MemPort=[03]; IO mode=ap_memory:ce=0
Port [ conv2_ap_fixed_ap_fixed_ap_fixed_ap_fixed_8_5_5_3_0_local_weight_3]:  wired=1; compound=1; hidden=0; nouse=0; global=1; static=1; extern=0; dir=1; type=1; pingpong=0; private_global=0; MemPort=[03]; IO mode=ap_memory:ce=0
Port [ conv2_ap_fixed_ap_fixed_ap_fixed_ap_fixed_8_5_5_3_0_local_weight_2]:  wired=1; compound=1; hidden=0; nouse=0; global=1; static=1; extern=0; dir=1; type=1; pingpong=0; private_global=0; MemPort=[03]; IO mode=ap_memory:ce=0
Port [ conv2_ap_fixed_ap_fixed_ap_fixed_ap_fixed_8_5_5_3_0_local_weight_1]:  wired=1; compound=1; hidden=0; nouse=0; global=1; static=1; extern=0; dir=1; type=1; pingpong=0; private_global=0; MemPort=[03]; IO mode=ap_memory:ce=0
Port [ conv2_ap_fixed_ap_fixed_ap_fixed_ap_fixed_8_5_5_3_0_local_weight]:  wired=1; compound=1; hidden=0; nouse=0; global=1; static=1; extern=0; dir=1; type=1; pingpong=0; private_global=0; MemPort=[03]; IO mode=ap_memory:ce=0
---------------- STG Properties END ------------------

---------------- Datapath Model BEGIN ----------------

<LifeTime>
<method=bitvector/>
phi_urem                                                                (alloca           ) [ 0100]
phi_mul                                                                 (alloca           ) [ 0111]
i                                                                       (alloca           ) [ 0100]
specstablecontent_ln0                                                   (specstablecontent) [ 0000]
specinterface_ln0                                                       (specinterface    ) [ 0000]
weight_read                                                             (read             ) [ 0000]
store_ln70                                                              (store            ) [ 0000]
store_ln0                                                               (store            ) [ 0000]
store_ln0                                                               (store            ) [ 0000]
br_ln0                                                                  (br               ) [ 0000]
phi_urem_load                                                           (load             ) [ 0000]
i_4                                                                     (load             ) [ 0000]
icmp_ln70                                                               (icmp             ) [ 0110]
add_ln70                                                                (add              ) [ 0000]
br_ln70                                                                 (br               ) [ 0000]
gmem1_addr                                                              (getelementptr    ) [ 0110]
trunc_ln70                                                              (trunc            ) [ 0111]
switch_ln72                                                             (switch           ) [ 0000]
add_ln70_2                                                              (add              ) [ 0000]
icmp_ln70_1                                                             (icmp             ) [ 0000]
select_ln70                                                             (select           ) [ 0000]
store_ln70                                                              (store            ) [ 0000]
store_ln70                                                              (store            ) [ 0000]
gmem1_addr_read                                                         (read             ) [ 0101]
phi_mul_load                                                            (load             ) [ 0000]
specpipeline_ln71                                                       (specpipeline     ) [ 0000]
speclooptripcount_ln70                                                  (speclooptripcount) [ 0000]
specloopname_ln70                                                       (specloopname     ) [ 0000]
add_ln70_1                                                              (add              ) [ 0000]
tmp                                                                     (partselect       ) [ 0000]
zext_ln70                                                               (zext             ) [ 0000]
conv2_ap_fixed_ap_fixed_ap_fixed_ap_fixed_8_5_5_3_0_local_weight_8_addr (getelementptr    ) [ 0000]
conv2_ap_fixed_ap_fixed_ap_fixed_ap_fixed_8_5_5_3_0_local_weight_7_addr (getelementptr    ) [ 0000]
conv2_ap_fixed_ap_fixed_ap_fixed_ap_fixed_8_5_5_3_0_local_weight_6_addr (getelementptr    ) [ 0000]
conv2_ap_fixed_ap_fixed_ap_fixed_ap_fixed_8_5_5_3_0_local_weight_5_addr (getelementptr    ) [ 0000]
conv2_ap_fixed_ap_fixed_ap_fixed_ap_fixed_8_5_5_3_0_local_weight_4_addr (getelementptr    ) [ 0000]
conv2_ap_fixed_ap_fixed_ap_fixed_ap_fixed_8_5_5_3_0_local_weight_3_addr (getelementptr    ) [ 0000]
conv2_ap_fixed_ap_fixed_ap_fixed_ap_fixed_8_5_5_3_0_local_weight_2_addr (getelementptr    ) [ 0000]
conv2_ap_fixed_ap_fixed_ap_fixed_ap_fixed_8_5_5_3_0_local_weight_1_addr (getelementptr    ) [ 0000]
conv2_ap_fixed_ap_fixed_ap_fixed_ap_fixed_8_5_5_3_0_local_weight_addr   (getelementptr    ) [ 0000]
store_ln72                                                              (store            ) [ 0000]
br_ln72                                                                 (br               ) [ 0000]
store_ln72                                                              (store            ) [ 0000]
br_ln72                                                                 (br               ) [ 0000]
store_ln72                                                              (store            ) [ 0000]
br_ln72                                                                 (br               ) [ 0000]
store_ln72                                                              (store            ) [ 0000]
br_ln72                                                                 (br               ) [ 0000]
store_ln72                                                              (store            ) [ 0000]
br_ln72                                                                 (br               ) [ 0000]
store_ln72                                                              (store            ) [ 0000]
br_ln72                                                                 (br               ) [ 0000]
store_ln72                                                              (store            ) [ 0000]
br_ln72                                                                 (br               ) [ 0000]
store_ln72                                                              (store            ) [ 0000]
br_ln72                                                                 (br               ) [ 0000]
store_ln72                                                              (store            ) [ 0000]
br_ln72                                                                 (br               ) [ 0000]
store_ln70                                                              (store            ) [ 0000]
br_ln70                                                                 (br               ) [ 0000]
ret_ln0                                                                 (ret              ) [ 0000]
</LifeTime>

<model>

<comp_list>
<comp id="0" class="1000" name="gmem1">
<pin_list>
<pin id="1" dir="1" index="0" bw="1" slack="0"/>
</pin_list>
<bind>
<StgValue><ssdm name="gmem1"/><MemPortTyVec>0 </MemPortTyVec>
</StgValue>
</bind>
</comp>

<comp id="2" class="1000" name="weight">
<pin_list>
<pin id="3" dir="1" index="0" bw="1" slack="0"/>
</pin_list>
<bind>
<StgValue><ssdm name="weight"/></StgValue>
</bind>
</comp>

<comp id="4" class="1000" name="conv2_ap_fixed_ap_fixed_ap_fixed_ap_fixed_8_5_5_3_0_local_weight_8">
<pin_list>
<pin id="5" dir="1" index="0" bw="1" slack="0"/>
</pin_list>
<bind>
<StgValue><ssdm name="conv2_ap_fixed_ap_fixed_ap_fixed_ap_fixed_8_5_5_3_0_local_weight_8"/><MemPortTyVec>0 3 </MemPortTyVec>
</StgValue>
</bind>
</comp>

<comp id="6" class="1000" name="conv2_ap_fixed_ap_fixed_ap_fixed_ap_fixed_8_5_5_3_0_local_weight_7">
<pin_list>
<pin id="7" dir="1" index="0" bw="1" slack="0"/>
</pin_list>
<bind>
<StgValue><ssdm name="conv2_ap_fixed_ap_fixed_ap_fixed_ap_fixed_8_5_5_3_0_local_weight_7"/><MemPortTyVec>0 3 </MemPortTyVec>
</StgValue>
</bind>
</comp>

<comp id="8" class="1000" name="conv2_ap_fixed_ap_fixed_ap_fixed_ap_fixed_8_5_5_3_0_local_weight_6">
<pin_list>
<pin id="9" dir="1" index="0" bw="1" slack="0"/>
</pin_list>
<bind>
<StgValue><ssdm name="conv2_ap_fixed_ap_fixed_ap_fixed_ap_fixed_8_5_5_3_0_local_weight_6"/><MemPortTyVec>0 3 </MemPortTyVec>
</StgValue>
</bind>
</comp>

<comp id="10" class="1000" name="conv2_ap_fixed_ap_fixed_ap_fixed_ap_fixed_8_5_5_3_0_local_weight_5">
<pin_list>
<pin id="11" dir="1" index="0" bw="1" slack="0"/>
</pin_list>
<bind>
<StgValue><ssdm name="conv2_ap_fixed_ap_fixed_ap_fixed_ap_fixed_8_5_5_3_0_local_weight_5"/><MemPortTyVec>0 3 </MemPortTyVec>
</StgValue>
</bind>
</comp>

<comp id="12" class="1000" name="conv2_ap_fixed_ap_fixed_ap_fixed_ap_fixed_8_5_5_3_0_local_weight_4">
<pin_list>
<pin id="13" dir="1" index="0" bw="1" slack="0"/>
</pin_list>
<bind>
<StgValue><ssdm name="conv2_ap_fixed_ap_fixed_ap_fixed_ap_fixed_8_5_5_3_0_local_weight_4"/><MemPortTyVec>0 3 </MemPortTyVec>
</StgValue>
</bind>
</comp>

<comp id="14" class="1000" name="conv2_ap_fixed_ap_fixed_ap_fixed_ap_fixed_8_5_5_3_0_local_weight_3">
<pin_list>
<pin id="15" dir="1" index="0" bw="1" slack="0"/>
</pin_list>
<bind>
<StgValue><ssdm name="conv2_ap_fixed_ap_fixed_ap_fixed_ap_fixed_8_5_5_3_0_local_weight_3"/><MemPortTyVec>0 3 </MemPortTyVec>
</StgValue>
</bind>
</comp>

<comp id="16" class="1000" name="conv2_ap_fixed_ap_fixed_ap_fixed_ap_fixed_8_5_5_3_0_local_weight_2">
<pin_list>
<pin id="17" dir="1" index="0" bw="1" slack="0"/>
</pin_list>
<bind>
<StgValue><ssdm name="conv2_ap_fixed_ap_fixed_ap_fixed_ap_fixed_8_5_5_3_0_local_weight_2"/><MemPortTyVec>0 3 </MemPortTyVec>
</StgValue>
</bind>
</comp>

<comp id="18" class="1000" name="conv2_ap_fixed_ap_fixed_ap_fixed_ap_fixed_8_5_5_3_0_local_weight_1">
<pin_list>
<pin id="19" dir="1" index="0" bw="1" slack="0"/>
</pin_list>
<bind>
<StgValue><ssdm name="conv2_ap_fixed_ap_fixed_ap_fixed_ap_fixed_8_5_5_3_0_local_weight_1"/><MemPortTyVec>0 3 </MemPortTyVec>
</StgValue>
</bind>
</comp>

<comp id="20" class="1000" name="conv2_ap_fixed_ap_fixed_ap_fixed_ap_fixed_8_5_5_3_0_local_weight">
<pin_list>
<pin id="21" dir="1" index="0" bw="1" slack="0"/>
</pin_list>
<bind>
<StgValue><ssdm name="conv2_ap_fixed_ap_fixed_ap_fixed_ap_fixed_8_5_5_3_0_local_weight"/><MemPortTyVec>0 3 </MemPortTyVec>
</StgValue>
</bind>
</comp>

<comp id="22" class="1001" name="const_22">
<pin_list>
<pin id="23" dir="1" index="0" bw="1" slack="0"/>
</pin_list>
<bind>
<StgValue><ssdm name=""/></StgValue>
</bind>
</comp>

<comp id="24" class="1001" name="const_24">
<pin_list>
<pin id="25" dir="1" index="0" bw="1" slack="2147483647"/>
</pin_list>
<bind>
<StgValue><ssdm name="_ssdm_op_SpecStableContent"/></StgValue>
</bind>
</comp>

<comp id="26" class="1001" name="const_26">
<pin_list>
<pin id="27" dir="1" index="0" bw="1" slack="2147483647"/>
</pin_list>
<bind>
<StgValue><ssdm name=""/></StgValue>
</bind>
</comp>

<comp id="28" class="1001" name="const_28">
<pin_list>
<pin id="29" dir="1" index="0" bw="1" slack="2147483647"/>
</pin_list>
<bind>
<StgValue><ssdm name=""/></StgValue>
</bind>
</comp>

<comp id="30" class="1001" name="const_30">
<pin_list>
<pin id="31" dir="1" index="0" bw="1" slack="2147483647"/>
</pin_list>
<bind>
<StgValue><ssdm name="_ssdm_op_SpecInterface"/></StgValue>
</bind>
</comp>

<comp id="32" class="1001" name="const_32">
<pin_list>
<pin id="33" dir="1" index="0" bw="1" slack="2147483647"/>
</pin_list>
<bind>
<StgValue><ssdm name="empty_7"/></StgValue>
</bind>
</comp>

<comp id="34" class="1001" name="const_34">
<pin_list>
<pin id="35" dir="1" index="0" bw="1" slack="2147483647"/>
</pin_list>
<bind>
<StgValue><ssdm name=""/></StgValue>
</bind>
</comp>

<comp id="36" class="1001" name="const_36">
<pin_list>
<pin id="37" dir="1" index="0" bw="1" slack="2147483647"/>
</pin_list>
<bind>
<StgValue><ssdm name="empty_8"/></StgValue>
</bind>
</comp>

<comp id="38" class="1001" name="const_38">
<pin_list>
<pin id="39" dir="1" index="0" bw="1" slack="2147483647"/>
</pin_list>
<bind>
<StgValue><ssdm name=""/></StgValue>
</bind>
</comp>

<comp id="40" class="1001" name="const_40">
<pin_list>
<pin id="41" dir="1" index="0" bw="1" slack="2147483647"/>
</pin_list>
<bind>
<StgValue><ssdm name="empty_32"/></StgValue>
</bind>
</comp>

<comp id="42" class="1001" name="const_42">
<pin_list>
<pin id="43" dir="1" index="0" bw="1" slack="2147483647"/>
</pin_list>
<bind>
<StgValue><ssdm name="empty_20"/></StgValue>
</bind>
</comp>

<comp id="44" class="1001" name="const_44">
<pin_list>
<pin id="45" dir="1" index="0" bw="1" slack="2147483647"/>
</pin_list>
<bind>
<StgValue><ssdm name=""/></StgValue>
</bind>
</comp>

<comp id="46" class="1001" name="const_46">
<pin_list>
<pin id="47" dir="1" index="0" bw="1" slack="2147483647"/>
</pin_list>
<bind>
<StgValue><ssdm name=""/></StgValue>
</bind>
</comp>

<comp id="48" class="1001" name="const_48">
<pin_list>
<pin id="49" dir="1" index="0" bw="1" slack="0"/>
</pin_list>
<bind>
<StgValue><ssdm name="_ssdm_op_Read.ap_auto.i64"/></StgValue>
</bind>
</comp>

<comp id="50" class="1001" name="const_50">
<pin_list>
<pin id="51" dir="1" index="0" bw="1" slack="0"/>
</pin_list>
<bind>
<StgValue><ssdm name=""/></StgValue>
</bind>
</comp>

<comp id="52" class="1001" name="const_52">
<pin_list>
<pin id="53" dir="1" index="0" bw="1" slack="0"/>
</pin_list>
<bind>
<StgValue><ssdm name=""/></StgValue>
</bind>
</comp>

<comp id="54" class="1001" name="const_54">
<pin_list>
<pin id="55" dir="1" index="0" bw="1" slack="0"/>
</pin_list>
<bind>
<StgValue><ssdm name=""/></StgValue>
</bind>
</comp>

<comp id="56" class="1001" name="const_56">
<pin_list>
<pin id="57" dir="1" index="0" bw="1" slack="0"/>
</pin_list>
<bind>
<StgValue><ssdm name=""/></StgValue>
</bind>
</comp>

<comp id="58" class="1001" name="const_58">
<pin_list>
<pin id="59" dir="1" index="0" bw="1" slack="0"/>
</pin_list>
<bind>
<StgValue><ssdm name=""/></StgValue>
</bind>
</comp>

<comp id="60" class="1001" name="const_60">
<pin_list>
<pin id="61" dir="1" index="0" bw="1" slack="0"/>
</pin_list>
<bind>
<StgValue><ssdm name=""/></StgValue>
</bind>
</comp>

<comp id="62" class="1001" name="const_62">
<pin_list>
<pin id="63" dir="1" index="0" bw="1" slack="0"/>
</pin_list>
<bind>
<StgValue><ssdm name=""/></StgValue>
</bind>
</comp>

<comp id="64" class="1001" name="const_64">
<pin_list>
<pin id="65" dir="1" index="0" bw="1" slack="0"/>
</pin_list>
<bind>
<StgValue><ssdm name=""/></StgValue>
</bind>
</comp>

<comp id="66" class="1001" name="const_66">
<pin_list>
<pin id="67" dir="1" index="0" bw="1" slack="0"/>
</pin_list>
<bind>
<StgValue><ssdm name=""/></StgValue>
</bind>
</comp>

<comp id="68" class="1001" name="const_68">
<pin_list>
<pin id="69" dir="1" index="0" bw="1" slack="0"/>
</pin_list>
<bind>
<StgValue><ssdm name=""/></StgValue>
</bind>
</comp>

<comp id="70" class="1001" name="const_70">
<pin_list>
<pin id="71" dir="1" index="0" bw="1" slack="0"/>
</pin_list>
<bind>
<StgValue><ssdm name=""/></StgValue>
</bind>
</comp>

<comp id="72" class="1001" name="const_72">
<pin_list>
<pin id="73" dir="1" index="0" bw="1" slack="0"/>
</pin_list>
<bind>
<StgValue><ssdm name=""/></StgValue>
</bind>
</comp>

<comp id="74" class="1001" name="const_74">
<pin_list>
<pin id="75" dir="1" index="0" bw="1" slack="0"/>
</pin_list>
<bind>
<StgValue><ssdm name=""/></StgValue>
</bind>
</comp>

<comp id="76" class="1001" name="const_76">
<pin_list>
<pin id="77" dir="1" index="0" bw="1" slack="0"/>
</pin_list>
<bind>
<StgValue><ssdm name="_ssdm_op_Read.m_axi.i8.p1i8"/></StgValue>
</bind>
</comp>

<comp id="78" class="1001" name="const_78">
<pin_list>
<pin id="79" dir="1" index="0" bw="1" slack="2147483647"/>
</pin_list>
<bind>
<StgValue><ssdm name="_ssdm_op_SpecPipeline"/></StgValue>
</bind>
</comp>

<comp id="80" class="1001" name="const_80">
<pin_list>
<pin id="81" dir="1" index="0" bw="1" slack="2147483647"/>
</pin_list>
<bind>
<StgValue><ssdm name="_ssdm_op_SpecLoopTripCount"/></StgValue>
</bind>
</comp>

<comp id="82" class="1001" name="const_82">
<pin_list>
<pin id="83" dir="1" index="0" bw="1" slack="2147483647"/>
</pin_list>
<bind>
<StgValue><ssdm name=""/></StgValue>
</bind>
</comp>

<comp id="84" class="1001" name="const_84">
<pin_list>
<pin id="85" dir="1" index="0" bw="1" slack="2147483647"/>
</pin_list>
<bind>
<StgValue><ssdm name="_ssdm_op_SpecLoopName"/></StgValue>
</bind>
</comp>

<comp id="86" class="1001" name="const_86">
<pin_list>
<pin id="87" dir="1" index="0" bw="1" slack="2147483647"/>
</pin_list>
<bind>
<StgValue><ssdm name="empty"/></StgValue>
</bind>
</comp>

<comp id="88" class="1001" name="const_88">
<pin_list>
<pin id="89" dir="1" index="0" bw="1" slack="0"/>
</pin_list>
<bind>
<StgValue><ssdm name=""/></StgValue>
</bind>
</comp>

<comp id="90" class="1001" name="const_90">
<pin_list>
<pin id="91" dir="1" index="0" bw="1" slack="0"/>
</pin_list>
<bind>
<StgValue><ssdm name="_ssdm_op_PartSelect.i8.i23.i32.i32"/></StgValue>
</bind>
</comp>

<comp id="92" class="1001" name="const_92">
<pin_list>
<pin id="93" dir="1" index="0" bw="1" slack="0"/>
</pin_list>
<bind>
<StgValue><ssdm name=""/></StgValue>
</bind>
</comp>

<comp id="94" class="1001" name="const_94">
<pin_list>
<pin id="95" dir="1" index="0" bw="1" slack="0"/>
</pin_list>
<bind>
<StgValue><ssdm name=""/></StgValue>
</bind>
</comp>

<comp id="96" class="1001" name="const_96">
<pin_list>
<pin id="97" dir="1" index="0" bw="1" slack="0"/>
</pin_list>
<bind>
<StgValue><ssdm name=""/></StgValue>
</bind>
</comp>

<comp id="98" class="1004" name="phi_urem_fu_98">
<pin_list>
<pin id="99" dir="0" index="0" bw="1" slack="0"/>
<pin id="100" dir="1" index="1" bw="11" slack="0"/>
</pin_list>
<bind>
<opcode="alloca(26) " fcode="alloca"/>
<opset="phi_urem/1 "/>
</bind>
</comp>

<comp id="102" class="1004" name="phi_mul_fu_102">
<pin_list>
<pin id="103" dir="0" index="0" bw="1" slack="0"/>
<pin id="104" dir="1" index="1" bw="23" slack="0"/>
</pin_list>
<bind>
<opcode="alloca(26) " fcode="alloca"/>
<opset="phi_mul/1 "/>
</bind>
</comp>

<comp id="106" class="1004" name="i_fu_106">
<pin_list>
<pin id="107" dir="0" index="0" bw="1" slack="0"/>
<pin id="108" dir="1" index="1" bw="11" slack="0"/>
</pin_list>
<bind>
<opcode="alloca(26) " fcode="alloca"/>
<opset="i/1 "/>
</bind>
</comp>

<comp id="110" class="1004" name="weight_read_read_fu_110">
<pin_list>
<pin id="111" dir="0" index="0" bw="64" slack="0"/>
<pin id="112" dir="0" index="1" bw="64" slack="0"/>
<pin id="113" dir="1" index="2" bw="64" slack="0"/>
</pin_list>
<bind>
<opcode="read(1150) " fcode="read"/>
<opset="weight_read/1 "/>
</bind>
</comp>

<comp id="116" class="1004" name="conv2_ap_fixed_ap_fixed_ap_fixed_ap_fixed_8_5_5_3_0_local_weight_8_addr_gep_fu_116">
<pin_list>
<pin id="117" dir="0" index="0" bw="8" slack="0"/>
<pin id="118" dir="0" index="1" bw="1" slack="0"/>
<pin id="119" dir="0" index="2" bw="8" slack="0"/>
<pin id="120" dir="1" index="3" bw="7" slack="0"/>
</pin_list>
<bind>
<opcode="getelementptr(29) " fcode="getelementptr"/>
<opset="conv2_ap_fixed_ap_fixed_ap_fixed_ap_fixed_8_5_5_3_0_local_weight_8_addr/3 "/>
</bind>
</comp>

<comp id="123" class="1004" name="conv2_ap_fixed_ap_fixed_ap_fixed_ap_fixed_8_5_5_3_0_local_weight_7_addr_gep_fu_123">
<pin_list>
<pin id="124" dir="0" index="0" bw="8" slack="0"/>
<pin id="125" dir="0" index="1" bw="1" slack="0"/>
<pin id="126" dir="0" index="2" bw="8" slack="0"/>
<pin id="127" dir="1" index="3" bw="7" slack="0"/>
</pin_list>
<bind>
<opcode="getelementptr(29) " fcode="getelementptr"/>
<opset="conv2_ap_fixed_ap_fixed_ap_fixed_ap_fixed_8_5_5_3_0_local_weight_7_addr/3 "/>
</bind>
</comp>

<comp id="130" class="1004" name="conv2_ap_fixed_ap_fixed_ap_fixed_ap_fixed_8_5_5_3_0_local_weight_6_addr_gep_fu_130">
<pin_list>
<pin id="131" dir="0" index="0" bw="8" slack="0"/>
<pin id="132" dir="0" index="1" bw="1" slack="0"/>
<pin id="133" dir="0" index="2" bw="8" slack="0"/>
<pin id="134" dir="1" index="3" bw="7" slack="0"/>
</pin_list>
<bind>
<opcode="getelementptr(29) " fcode="getelementptr"/>
<opset="conv2_ap_fixed_ap_fixed_ap_fixed_ap_fixed_8_5_5_3_0_local_weight_6_addr/3 "/>
</bind>
</comp>

<comp id="137" class="1004" name="conv2_ap_fixed_ap_fixed_ap_fixed_ap_fixed_8_5_5_3_0_local_weight_5_addr_gep_fu_137">
<pin_list>
<pin id="138" dir="0" index="0" bw="8" slack="0"/>
<pin id="139" dir="0" index="1" bw="1" slack="0"/>
<pin id="140" dir="0" index="2" bw="8" slack="0"/>
<pin id="141" dir="1" index="3" bw="7" slack="0"/>
</pin_list>
<bind>
<opcode="getelementptr(29) " fcode="getelementptr"/>
<opset="conv2_ap_fixed_ap_fixed_ap_fixed_ap_fixed_8_5_5_3_0_local_weight_5_addr/3 "/>
</bind>
</comp>

<comp id="144" class="1004" name="conv2_ap_fixed_ap_fixed_ap_fixed_ap_fixed_8_5_5_3_0_local_weight_4_addr_gep_fu_144">
<pin_list>
<pin id="145" dir="0" index="0" bw="8" slack="0"/>
<pin id="146" dir="0" index="1" bw="1" slack="0"/>
<pin id="147" dir="0" index="2" bw="8" slack="0"/>
<pin id="148" dir="1" index="3" bw="7" slack="0"/>
</pin_list>
<bind>
<opcode="getelementptr(29) " fcode="getelementptr"/>
<opset="conv2_ap_fixed_ap_fixed_ap_fixed_ap_fixed_8_5_5_3_0_local_weight_4_addr/3 "/>
</bind>
</comp>

<comp id="151" class="1004" name="conv2_ap_fixed_ap_fixed_ap_fixed_ap_fixed_8_5_5_3_0_local_weight_3_addr_gep_fu_151">
<pin_list>
<pin id="152" dir="0" index="0" bw="8" slack="0"/>
<pin id="153" dir="0" index="1" bw="1" slack="0"/>
<pin id="154" dir="0" index="2" bw="8" slack="0"/>
<pin id="155" dir="1" index="3" bw="7" slack="0"/>
</pin_list>
<bind>
<opcode="getelementptr(29) " fcode="getelementptr"/>
<opset="conv2_ap_fixed_ap_fixed_ap_fixed_ap_fixed_8_5_5_3_0_local_weight_3_addr/3 "/>
</bind>
</comp>

<comp id="158" class="1004" name="conv2_ap_fixed_ap_fixed_ap_fixed_ap_fixed_8_5_5_3_0_local_weight_2_addr_gep_fu_158">
<pin_list>
<pin id="159" dir="0" index="0" bw="8" slack="0"/>
<pin id="160" dir="0" index="1" bw="1" slack="0"/>
<pin id="161" dir="0" index="2" bw="8" slack="0"/>
<pin id="162" dir="1" index="3" bw="7" slack="0"/>
</pin_list>
<bind>
<opcode="getelementptr(29) " fcode="getelementptr"/>
<opset="conv2_ap_fixed_ap_fixed_ap_fixed_ap_fixed_8_5_5_3_0_local_weight_2_addr/3 "/>
</bind>
</comp>

<comp id="165" class="1004" name="conv2_ap_fixed_ap_fixed_ap_fixed_ap_fixed_8_5_5_3_0_local_weight_1_addr_gep_fu_165">
<pin_list>
<pin id="166" dir="0" index="0" bw="8" slack="0"/>
<pin id="167" dir="0" index="1" bw="1" slack="0"/>
<pin id="168" dir="0" index="2" bw="8" slack="0"/>
<pin id="169" dir="1" index="3" bw="7" slack="0"/>
</pin_list>
<bind>
<opcode="getelementptr(29) " fcode="getelementptr"/>
<opset="conv2_ap_fixed_ap_fixed_ap_fixed_ap_fixed_8_5_5_3_0_local_weight_1_addr/3 "/>
</bind>
</comp>

<comp id="172" class="1004" name="conv2_ap_fixed_ap_fixed_ap_fixed_ap_fixed_8_5_5_3_0_local_weight_addr_gep_fu_172">
<pin_list>
<pin id="173" dir="0" index="0" bw="8" slack="0"/>
<pin id="174" dir="0" index="1" bw="1" slack="0"/>
<pin id="175" dir="0" index="2" bw="8" slack="0"/>
<pin id="176" dir="1" index="3" bw="7" slack="0"/>
</pin_list>
<bind>
<opcode="getelementptr(29) " fcode="getelementptr"/>
<opset="conv2_ap_fixed_ap_fixed_ap_fixed_ap_fixed_8_5_5_3_0_local_weight_addr/3 "/>
</bind>
</comp>

<comp id="179" class="1004" name="store_ln72_access_fu_179">
<pin_list>
<pin id="180" dir="0" index="0" bw="7" slack="0"/>
<pin id="181" dir="0" index="1" bw="8" slack="1"/>
<pin id="182" dir="0" index="2" bw="0" slack="2147483647"/>
<pin id="183" dir="1" index="3" bw="8" slack="2147483647"/>
</pin_list>
<bind>
<opcode="store(28) " fcode="store"/>
<opset="store_ln72/3 "/>
</bind>
</comp>

<comp id="185" class="1004" name="store_ln72_access_fu_185">
<pin_list>
<pin id="186" dir="0" index="0" bw="7" slack="0"/>
<pin id="187" dir="0" index="1" bw="8" slack="1"/>
<pin id="188" dir="0" index="2" bw="0" slack="2147483647"/>
<pin id="189" dir="1" index="3" bw="8" slack="2147483647"/>
</pin_list>
<bind>
<opcode="store(28) " fcode="store"/>
<opset="store_ln72/3 "/>
</bind>
</comp>

<comp id="191" class="1004" name="store_ln72_access_fu_191">
<pin_list>
<pin id="192" dir="0" index="0" bw="7" slack="0"/>
<pin id="193" dir="0" index="1" bw="8" slack="1"/>
<pin id="194" dir="0" index="2" bw="0" slack="2147483647"/>
<pin id="195" dir="1" index="3" bw="8" slack="2147483647"/>
</pin_list>
<bind>
<opcode="store(28) " fcode="store"/>
<opset="store_ln72/3 "/>
</bind>
</comp>

<comp id="197" class="1004" name="store_ln72_access_fu_197">
<pin_list>
<pin id="198" dir="0" index="0" bw="7" slack="0"/>
<pin id="199" dir="0" index="1" bw="8" slack="1"/>
<pin id="200" dir="0" index="2" bw="0" slack="2147483647"/>
<pin id="201" dir="1" index="3" bw="8" slack="2147483647"/>
</pin_list>
<bind>
<opcode="store(28) " fcode="store"/>
<opset="store_ln72/3 "/>
</bind>
</comp>

<comp id="203" class="1004" name="store_ln72_access_fu_203">
<pin_list>
<pin id="204" dir="0" index="0" bw="7" slack="0"/>
<pin id="205" dir="0" index="1" bw="8" slack="1"/>
<pin id="206" dir="0" index="2" bw="0" slack="2147483647"/>
<pin id="207" dir="1" index="3" bw="8" slack="2147483647"/>
</pin_list>
<bind>
<opcode="store(28) " fcode="store"/>
<opset="store_ln72/3 "/>
</bind>
</comp>

<comp id="209" class="1004" name="store_ln72_access_fu_209">
<pin_list>
<pin id="210" dir="0" index="0" bw="7" slack="0"/>
<pin id="211" dir="0" index="1" bw="8" slack="1"/>
<pin id="212" dir="0" index="2" bw="0" slack="2147483647"/>
<pin id="213" dir="1" index="3" bw="8" slack="2147483647"/>
</pin_list>
<bind>
<opcode="store(28) " fcode="store"/>
<opset="store_ln72/3 "/>
</bind>
</comp>

<comp id="215" class="1004" name="store_ln72_access_fu_215">
<pin_list>
<pin id="216" dir="0" index="0" bw="7" slack="0"/>
<pin id="217" dir="0" index="1" bw="8" slack="1"/>
<pin id="218" dir="0" index="2" bw="0" slack="2147483647"/>
<pin id="219" dir="1" index="3" bw="8" slack="2147483647"/>
</pin_list>
<bind>
<opcode="store(28) " fcode="store"/>
<opset="store_ln72/3 "/>
</bind>
</comp>

<comp id="221" class="1004" name="store_ln72_access_fu_221">
<pin_list>
<pin id="222" dir="0" index="0" bw="7" slack="0"/>
<pin id="223" dir="0" index="1" bw="8" slack="1"/>
<pin id="224" dir="0" index="2" bw="0" slack="2147483647"/>
<pin id="225" dir="1" index="3" bw="8" slack="2147483647"/>
</pin_list>
<bind>
<opcode="store(28) " fcode="store"/>
<opset="store_ln72/3 "/>
</bind>
</comp>

<comp id="227" class="1004" name="store_ln72_access_fu_227">
<pin_list>
<pin id="228" dir="0" index="0" bw="7" slack="0"/>
<pin id="229" dir="0" index="1" bw="8" slack="1"/>
<pin id="230" dir="0" index="2" bw="0" slack="2147483647"/>
<pin id="231" dir="1" index="3" bw="8" slack="2147483647"/>
</pin_list>
<bind>
<opcode="store(28) " fcode="store"/>
<opset="store_ln72/3 "/>
</bind>
</comp>

<comp id="233" class="1004" name="gmem1_addr_read_read_fu_233">
<pin_list>
<pin id="234" dir="0" index="0" bw="8" slack="0"/>
<pin id="235" dir="0" index="1" bw="8" slack="1"/>
<pin id="236" dir="1" index="2" bw="8" slack="1"/>
</pin_list>
<bind>
<opcode="read(1150) " fcode="read"/>
<opset="gmem1_addr_read/2 "/>
</bind>
</comp>

<comp id="238" class="1004" name="store_ln70_store_fu_238">
<pin_list>
<pin id="239" dir="0" index="0" bw="1" slack="0"/>
<pin id="240" dir="0" index="1" bw="11" slack="0"/>
<pin id="241" dir="1" index="2" bw="0" slack="2147483647"/>
</pin_list>
<bind>
<opcode="store(28) " fcode="store"/>
<opset="store_ln70/1 "/>
</bind>
</comp>

<comp id="243" class="1004" name="store_ln0_store_fu_243">
<pin_list>
<pin id="244" dir="0" index="0" bw="1" slack="0"/>
<pin id="245" dir="0" index="1" bw="23" slack="0"/>
<pin id="246" dir="1" index="2" bw="0" slack="2147483647"/>
</pin_list>
<bind>
<opcode="store(28) " fcode="store"/>
<opset="store_ln0/1 "/>
</bind>
</comp>

<comp id="248" class="1004" name="store_ln0_store_fu_248">
<pin_list>
<pin id="249" dir="0" index="0" bw="1" slack="0"/>
<pin id="250" dir="0" index="1" bw="11" slack="0"/>
<pin id="251" dir="1" index="2" bw="0" slack="2147483647"/>
</pin_list>
<bind>
<opcode="store(28) " fcode="store"/>
<opset="store_ln0/1 "/>
</bind>
</comp>

<comp id="253" class="1004" name="phi_urem_load_load_fu_253">
<pin_list>
<pin id="254" dir="0" index="0" bw="11" slack="0"/>
<pin id="255" dir="1" index="1" bw="11" slack="0"/>
</pin_list>
<bind>
<opcode="load(27) " fcode="load"/>
<opset="phi_urem_load/1 "/>
</bind>
</comp>

<comp id="256" class="1004" name="i_4_load_fu_256">
<pin_list>
<pin id="257" dir="0" index="0" bw="11" slack="0"/>
<pin id="258" dir="1" index="1" bw="11" slack="0"/>
</pin_list>
<bind>
<opcode="load(27) " fcode="load"/>
<opset="i_4/1 "/>
</bind>
</comp>

<comp id="259" class="1004" name="icmp_ln70_fu_259">
<pin_list>
<pin id="260" dir="0" index="0" bw="11" slack="0"/>
<pin id="261" dir="0" index="1" bw="11" slack="0"/>
<pin id="262" dir="1" index="2" bw="1" slack="1"/>
</pin_list>
<bind>
<opcode="icmp(45) " fcode="icmp"/>
<opset="icmp_ln70/1 "/>
</bind>
</comp>

<comp id="265" class="1004" name="add_ln70_fu_265">
<pin_list>
<pin id="266" dir="0" index="0" bw="11" slack="0"/>
<pin id="267" dir="0" index="1" bw="1" slack="0"/>
<pin id="268" dir="1" index="2" bw="11" slack="0"/>
</pin_list>
<bind>
<opcode="add(8) " fcode="add"/>
<opset="add_ln70/1 "/>
</bind>
</comp>

<comp id="271" class="1004" name="gmem1_addr_fu_271">
<pin_list>
<pin id="272" dir="0" index="0" bw="64" slack="0"/>
<pin id="273" dir="0" index="1" bw="64" slack="0"/>
<pin id="274" dir="1" index="2" bw="64" slack="1"/>
</pin_list>
<bind>
<opcode="getelementptr(29) " fcode="getelementptr"/>
<opset="gmem1_addr/1 "/>
</bind>
</comp>

<comp id="277" class="1004" name="trunc_ln70_fu_277">
<pin_list>
<pin id="278" dir="0" index="0" bw="11" slack="0"/>
<pin id="279" dir="1" index="1" bw="4" slack="0"/>
</pin_list>
<bind>
<opcode="trunc(33) " fcode="trunc"/>
<opset="trunc_ln70/1 "/>
</bind>
</comp>

<comp id="281" class="1004" name="switch_ln72_fu_281">
<pin_list>
<pin id="282" dir="0" index="0" bw="4" slack="0"/>
<pin id="283" dir="0" index="1" bw="1" slack="0"/>
<pin id="284" dir="0" index="2" bw="1" slack="0"/>
<pin id="285" dir="0" index="3" bw="3" slack="0"/>
<pin id="286" dir="0" index="4" bw="3" slack="0"/>
<pin id="287" dir="0" index="5" bw="4" slack="0"/>
<pin id="288" dir="0" index="6" bw="4" slack="0"/>
<pin id="289" dir="0" index="7" bw="4" slack="0"/>
<pin id="290" dir="0" index="8" bw="4" slack="0"/>
<pin id="291" dir="1" index="9" bw="0" slack="2147483647"/>
</pin_list>
<bind>
<opcode="switch(3) " fcode="switch"/>
<opset="switch_ln72/1 "/>
</bind>
</comp>

<comp id="301" class="1004" name="add_ln70_2_fu_301">
<pin_list>
<pin id="302" dir="0" index="0" bw="11" slack="0"/>
<pin id="303" dir="0" index="1" bw="1" slack="0"/>
<pin id="304" dir="1" index="2" bw="11" slack="0"/>
</pin_list>
<bind>
<opcode="add(8) " fcode="add"/>
<opset="add_ln70_2/1 "/>
</bind>
</comp>

<comp id="307" class="1004" name="icmp_ln70_1_fu_307">
<pin_list>
<pin id="308" dir="0" index="0" bw="11" slack="0"/>
<pin id="309" dir="0" index="1" bw="11" slack="0"/>
<pin id="310" dir="1" index="2" bw="1" slack="0"/>
</pin_list>
<bind>
<opcode="icmp(45) " fcode="icmp"/>
<opset="icmp_ln70_1/1 "/>
</bind>
</comp>

<comp id="313" class="1004" name="select_ln70_fu_313">
<pin_list>
<pin id="314" dir="0" index="0" bw="1" slack="0"/>
<pin id="315" dir="0" index="1" bw="11" slack="0"/>
<pin id="316" dir="0" index="2" bw="11" slack="0"/>
<pin id="317" dir="1" index="3" bw="11" slack="0"/>
</pin_list>
<bind>
<opcode="select(49) " fcode="select"/>
<opset="select_ln70/1 "/>
</bind>
</comp>

<comp id="321" class="1004" name="store_ln70_store_fu_321">
<pin_list>
<pin id="322" dir="0" index="0" bw="11" slack="0"/>
<pin id="323" dir="0" index="1" bw="11" slack="0"/>
<pin id="324" dir="1" index="2" bw="0" slack="2147483647"/>
</pin_list>
<bind>
<opcode="store(28) " fcode="store"/>
<opset="store_ln70/1 "/>
</bind>
</comp>

<comp id="326" class="1004" name="store_ln70_store_fu_326">
<pin_list>
<pin id="327" dir="0" index="0" bw="11" slack="0"/>
<pin id="328" dir="0" index="1" bw="11" slack="0"/>
<pin id="329" dir="1" index="2" bw="0" slack="2147483647"/>
</pin_list>
<bind>
<opcode="store(28) " fcode="store"/>
<opset="store_ln70/1 "/>
</bind>
</comp>

<comp id="331" class="1004" name="phi_mul_load_load_fu_331">
<pin_list>
<pin id="332" dir="0" index="0" bw="23" slack="2"/>
<pin id="333" dir="1" index="1" bw="23" slack="0"/>
</pin_list>
<bind>
<opcode="load(27) " fcode="load"/>
<opset="phi_mul_load/3 "/>
</bind>
</comp>

<comp id="334" class="1004" name="add_ln70_1_fu_334">
<pin_list>
<pin id="335" dir="0" index="0" bw="23" slack="0"/>
<pin id="336" dir="0" index="1" bw="13" slack="0"/>
<pin id="337" dir="1" index="2" bw="23" slack="0"/>
</pin_list>
<bind>
<opcode="add(8) " fcode="add"/>
<opset="add_ln70_1/3 "/>
</bind>
</comp>

<comp id="340" class="1004" name="tmp_fu_340">
<pin_list>
<pin id="341" dir="0" index="0" bw="8" slack="0"/>
<pin id="342" dir="0" index="1" bw="23" slack="0"/>
<pin id="343" dir="0" index="2" bw="5" slack="0"/>
<pin id="344" dir="0" index="3" bw="6" slack="0"/>
<pin id="345" dir="1" index="4" bw="8" slack="0"/>
</pin_list>
<bind>
<opcode="partselect(1002) " fcode="partselect"/>
<opset="tmp/3 "/>
</bind>
</comp>

<comp id="350" class="1004" name="zext_ln70_fu_350">
<pin_list>
<pin id="351" dir="0" index="0" bw="8" slack="0"/>
<pin id="352" dir="1" index="1" bw="64" slack="0"/>
</pin_list>
<bind>
<opcode="zext(34) " fcode="zext"/>
<opset="zext_ln70/3 "/>
</bind>
</comp>

<comp id="363" class="1004" name="store_ln70_store_fu_363">
<pin_list>
<pin id="364" dir="0" index="0" bw="23" slack="0"/>
<pin id="365" dir="0" index="1" bw="23" slack="2"/>
<pin id="366" dir="1" index="2" bw="0" slack="2147483647"/>
</pin_list>
<bind>
<opcode="store(28) " fcode="store"/>
<opset="store_ln70/3 "/>
</bind>
</comp>

<comp id="368" class="1005" name="phi_urem_reg_368">
<pin_list>
<pin id="369" dir="0" index="0" bw="11" slack="0"/>
<pin id="370" dir="1" index="1" bw="11" slack="0"/>
</pin_list>
<bind>
<opset="phi_urem "/>
</bind>
</comp>

<comp id="375" class="1005" name="phi_mul_reg_375">
<pin_list>
<pin id="376" dir="0" index="0" bw="23" slack="0"/>
<pin id="377" dir="1" index="1" bw="23" slack="0"/>
</pin_list>
<bind>
<opset="phi_mul "/>
</bind>
</comp>

<comp id="382" class="1005" name="i_reg_382">
<pin_list>
<pin id="383" dir="0" index="0" bw="11" slack="0"/>
<pin id="384" dir="1" index="1" bw="11" slack="0"/>
</pin_list>
<bind>
<opset="i "/>
</bind>
</comp>

<comp id="389" class="1005" name="icmp_ln70_reg_389">
<pin_list>
<pin id="390" dir="0" index="0" bw="1" slack="1"/>
<pin id="391" dir="1" index="1" bw="1" slack="2147483647"/>
</pin_list>
<bind>
<opset="icmp_ln70 "/>
</bind>
</comp>

<comp id="393" class="1005" name="gmem1_addr_reg_393">
<pin_list>
<pin id="394" dir="0" index="0" bw="8" slack="1"/>
<pin id="395" dir="1" index="1" bw="8" slack="1"/>
</pin_list>
<bind>
<opset="gmem1_addr "/>
</bind>
</comp>

<comp id="398" class="1005" name="trunc_ln70_reg_398">
<pin_list>
<pin id="399" dir="0" index="0" bw="4" slack="2"/>
<pin id="400" dir="1" index="1" bw="4" slack="2147483647"/>
</pin_list>
<bind>
<opset="trunc_ln70 "/>
</bind>
</comp>

<comp id="402" class="1005" name="gmem1_addr_read_reg_402">
<pin_list>
<pin id="403" dir="0" index="0" bw="8" slack="1"/>
<pin id="404" dir="1" index="1" bw="8" slack="1"/>
</pin_list>
<bind>
<opset="gmem1_addr_read "/>
</bind>
</comp>

</comp_list>

<net_list>
<net id="101"><net_src comp="22" pin="0"/><net_sink comp="98" pin=0"/></net>

<net id="105"><net_src comp="22" pin="0"/><net_sink comp="102" pin=0"/></net>

<net id="109"><net_src comp="22" pin="0"/><net_sink comp="106" pin=0"/></net>

<net id="114"><net_src comp="48" pin="0"/><net_sink comp="110" pin=0"/></net>

<net id="115"><net_src comp="2" pin="0"/><net_sink comp="110" pin=1"/></net>

<net id="121"><net_src comp="4" pin="0"/><net_sink comp="116" pin=0"/></net>

<net id="122"><net_src comp="96" pin="0"/><net_sink comp="116" pin=1"/></net>

<net id="128"><net_src comp="6" pin="0"/><net_sink comp="123" pin=0"/></net>

<net id="129"><net_src comp="96" pin="0"/><net_sink comp="123" pin=1"/></net>

<net id="135"><net_src comp="8" pin="0"/><net_sink comp="130" pin=0"/></net>

<net id="136"><net_src comp="96" pin="0"/><net_sink comp="130" pin=1"/></net>

<net id="142"><net_src comp="10" pin="0"/><net_sink comp="137" pin=0"/></net>

<net id="143"><net_src comp="96" pin="0"/><net_sink comp="137" pin=1"/></net>

<net id="149"><net_src comp="12" pin="0"/><net_sink comp="144" pin=0"/></net>

<net id="150"><net_src comp="96" pin="0"/><net_sink comp="144" pin=1"/></net>

<net id="156"><net_src comp="14" pin="0"/><net_sink comp="151" pin=0"/></net>

<net id="157"><net_src comp="96" pin="0"/><net_sink comp="151" pin=1"/></net>

<net id="163"><net_src comp="16" pin="0"/><net_sink comp="158" pin=0"/></net>

<net id="164"><net_src comp="96" pin="0"/><net_sink comp="158" pin=1"/></net>

<net id="170"><net_src comp="18" pin="0"/><net_sink comp="165" pin=0"/></net>

<net id="171"><net_src comp="96" pin="0"/><net_sink comp="165" pin=1"/></net>

<net id="177"><net_src comp="20" pin="0"/><net_sink comp="172" pin=0"/></net>

<net id="178"><net_src comp="96" pin="0"/><net_sink comp="172" pin=1"/></net>

<net id="184"><net_src comp="165" pin="3"/><net_sink comp="179" pin=0"/></net>

<net id="190"><net_src comp="158" pin="3"/><net_sink comp="185" pin=0"/></net>

<net id="196"><net_src comp="151" pin="3"/><net_sink comp="191" pin=0"/></net>

<net id="202"><net_src comp="144" pin="3"/><net_sink comp="197" pin=0"/></net>

<net id="208"><net_src comp="137" pin="3"/><net_sink comp="203" pin=0"/></net>

<net id="214"><net_src comp="130" pin="3"/><net_sink comp="209" pin=0"/></net>

<net id="220"><net_src comp="123" pin="3"/><net_sink comp="215" pin=0"/></net>

<net id="226"><net_src comp="116" pin="3"/><net_sink comp="221" pin=0"/></net>

<net id="232"><net_src comp="172" pin="3"/><net_sink comp="227" pin=0"/></net>

<net id="237"><net_src comp="76" pin="0"/><net_sink comp="233" pin=0"/></net>

<net id="242"><net_src comp="50" pin="0"/><net_sink comp="238" pin=0"/></net>

<net id="247"><net_src comp="52" pin="0"/><net_sink comp="243" pin=0"/></net>

<net id="252"><net_src comp="50" pin="0"/><net_sink comp="248" pin=0"/></net>

<net id="263"><net_src comp="256" pin="1"/><net_sink comp="259" pin=0"/></net>

<net id="264"><net_src comp="54" pin="0"/><net_sink comp="259" pin=1"/></net>

<net id="269"><net_src comp="256" pin="1"/><net_sink comp="265" pin=0"/></net>

<net id="270"><net_src comp="56" pin="0"/><net_sink comp="265" pin=1"/></net>

<net id="275"><net_src comp="0" pin="0"/><net_sink comp="271" pin=0"/></net>

<net id="276"><net_src comp="110" pin="2"/><net_sink comp="271" pin=1"/></net>

<net id="280"><net_src comp="253" pin="1"/><net_sink comp="277" pin=0"/></net>

<net id="292"><net_src comp="277" pin="1"/><net_sink comp="281" pin=0"/></net>

<net id="293"><net_src comp="58" pin="0"/><net_sink comp="281" pin=1"/></net>

<net id="294"><net_src comp="60" pin="0"/><net_sink comp="281" pin=2"/></net>

<net id="295"><net_src comp="62" pin="0"/><net_sink comp="281" pin=3"/></net>

<net id="296"><net_src comp="64" pin="0"/><net_sink comp="281" pin=4"/></net>

<net id="297"><net_src comp="66" pin="0"/><net_sink comp="281" pin=5"/></net>

<net id="298"><net_src comp="68" pin="0"/><net_sink comp="281" pin=6"/></net>

<net id="299"><net_src comp="70" pin="0"/><net_sink comp="281" pin=7"/></net>

<net id="300"><net_src comp="72" pin="0"/><net_sink comp="281" pin=8"/></net>

<net id="305"><net_src comp="253" pin="1"/><net_sink comp="301" pin=0"/></net>

<net id="306"><net_src comp="56" pin="0"/><net_sink comp="301" pin=1"/></net>

<net id="311"><net_src comp="253" pin="1"/><net_sink comp="307" pin=0"/></net>

<net id="312"><net_src comp="74" pin="0"/><net_sink comp="307" pin=1"/></net>

<net id="318"><net_src comp="307" pin="2"/><net_sink comp="313" pin=0"/></net>

<net id="319"><net_src comp="50" pin="0"/><net_sink comp="313" pin=1"/></net>

<net id="320"><net_src comp="301" pin="2"/><net_sink comp="313" pin=2"/></net>

<net id="325"><net_src comp="265" pin="2"/><net_sink comp="321" pin=0"/></net>

<net id="330"><net_src comp="313" pin="3"/><net_sink comp="326" pin=0"/></net>

<net id="338"><net_src comp="331" pin="1"/><net_sink comp="334" pin=0"/></net>

<net id="339"><net_src comp="88" pin="0"/><net_sink comp="334" pin=1"/></net>

<net id="346"><net_src comp="90" pin="0"/><net_sink comp="340" pin=0"/></net>

<net id="347"><net_src comp="331" pin="1"/><net_sink comp="340" pin=1"/></net>

<net id="348"><net_src comp="92" pin="0"/><net_sink comp="340" pin=2"/></net>

<net id="349"><net_src comp="94" pin="0"/><net_sink comp="340" pin=3"/></net>

<net id="353"><net_src comp="340" pin="4"/><net_sink comp="350" pin=0"/></net>

<net id="354"><net_src comp="350" pin="1"/><net_sink comp="116" pin=2"/></net>

<net id="355"><net_src comp="350" pin="1"/><net_sink comp="123" pin=2"/></net>

<net id="356"><net_src comp="350" pin="1"/><net_sink comp="130" pin=2"/></net>

<net id="357"><net_src comp="350" pin="1"/><net_sink comp="137" pin=2"/></net>

<net id="358"><net_src comp="350" pin="1"/><net_sink comp="144" pin=2"/></net>

<net id="359"><net_src comp="350" pin="1"/><net_sink comp="151" pin=2"/></net>

<net id="360"><net_src comp="350" pin="1"/><net_sink comp="158" pin=2"/></net>

<net id="361"><net_src comp="350" pin="1"/><net_sink comp="165" pin=2"/></net>

<net id="362"><net_src comp="350" pin="1"/><net_sink comp="172" pin=2"/></net>

<net id="367"><net_src comp="334" pin="2"/><net_sink comp="363" pin=0"/></net>

<net id="371"><net_src comp="98" pin="1"/><net_sink comp="368" pin=0"/></net>

<net id="372"><net_src comp="368" pin="1"/><net_sink comp="248" pin=1"/></net>

<net id="373"><net_src comp="368" pin="1"/><net_sink comp="253" pin=0"/></net>

<net id="374"><net_src comp="368" pin="1"/><net_sink comp="326" pin=1"/></net>

<net id="378"><net_src comp="102" pin="1"/><net_sink comp="375" pin=0"/></net>

<net id="379"><net_src comp="375" pin="1"/><net_sink comp="243" pin=1"/></net>

<net id="380"><net_src comp="375" pin="1"/><net_sink comp="331" pin=0"/></net>

<net id="381"><net_src comp="375" pin="1"/><net_sink comp="363" pin=1"/></net>

<net id="385"><net_src comp="106" pin="1"/><net_sink comp="382" pin=0"/></net>

<net id="386"><net_src comp="382" pin="1"/><net_sink comp="238" pin=1"/></net>

<net id="387"><net_src comp="382" pin="1"/><net_sink comp="256" pin=0"/></net>

<net id="388"><net_src comp="382" pin="1"/><net_sink comp="321" pin=1"/></net>

<net id="392"><net_src comp="259" pin="2"/><net_sink comp="389" pin=0"/></net>

<net id="396"><net_src comp="271" pin="2"/><net_sink comp="393" pin=0"/></net>

<net id="397"><net_src comp="393" pin="1"/><net_sink comp="233" pin=1"/></net>

<net id="401"><net_src comp="277" pin="1"/><net_sink comp="398" pin=0"/></net>

<net id="405"><net_src comp="233" pin="2"/><net_sink comp="402" pin=0"/></net>

<net id="406"><net_src comp="402" pin="1"/><net_sink comp="179" pin=1"/></net>

<net id="407"><net_src comp="402" pin="1"/><net_sink comp="185" pin=1"/></net>

<net id="408"><net_src comp="402" pin="1"/><net_sink comp="191" pin=1"/></net>

<net id="409"><net_src comp="402" pin="1"/><net_sink comp="197" pin=1"/></net>

<net id="410"><net_src comp="402" pin="1"/><net_sink comp="203" pin=1"/></net>

<net id="411"><net_src comp="402" pin="1"/><net_sink comp="209" pin=1"/></net>

<net id="412"><net_src comp="402" pin="1"/><net_sink comp="215" pin=1"/></net>

<net id="413"><net_src comp="402" pin="1"/><net_sink comp="221" pin=1"/></net>

<net id="414"><net_src comp="402" pin="1"/><net_sink comp="227" pin=1"/></net>

</net_list>

</model> 
---------------- Datapath Model END ------------------

* FSMD analyzer results:
  - Output states:
	Port: gmem1 | {}
	Port: conv2_ap_fixed_ap_fixed_ap_fixed_ap_fixed_8_5_5_3_0_local_weight_8 | {3 }
	Port: conv2_ap_fixed_ap_fixed_ap_fixed_ap_fixed_8_5_5_3_0_local_weight_7 | {3 }
	Port: conv2_ap_fixed_ap_fixed_ap_fixed_ap_fixed_8_5_5_3_0_local_weight_6 | {3 }
	Port: conv2_ap_fixed_ap_fixed_ap_fixed_ap_fixed_8_5_5_3_0_local_weight_5 | {3 }
	Port: conv2_ap_fixed_ap_fixed_ap_fixed_ap_fixed_8_5_5_3_0_local_weight_4 | {3 }
	Port: conv2_ap_fixed_ap_fixed_ap_fixed_ap_fixed_8_5_5_3_0_local_weight_3 | {3 }
	Port: conv2_ap_fixed_ap_fixed_ap_fixed_ap_fixed_8_5_5_3_0_local_weight_2 | {3 }
	Port: conv2_ap_fixed_ap_fixed_ap_fixed_ap_fixed_8_5_5_3_0_local_weight_1 | {3 }
	Port: conv2_ap_fixed_ap_fixed_ap_fixed_ap_fixed_8_5_5_3_0_local_weight | {3 }
 - Input state : 
	Port: conv2_Pipeline_LOAD_W : gmem1 | {2 }
	Port: conv2_Pipeline_LOAD_W : weight | {1 }
	Port: conv2_Pipeline_LOAD_W : conv2_ap_fixed_ap_fixed_ap_fixed_ap_fixed_8_5_5_3_0_local_weight_8 | {}
	Port: conv2_Pipeline_LOAD_W : conv2_ap_fixed_ap_fixed_ap_fixed_ap_fixed_8_5_5_3_0_local_weight_7 | {}
	Port: conv2_Pipeline_LOAD_W : conv2_ap_fixed_ap_fixed_ap_fixed_ap_fixed_8_5_5_3_0_local_weight_6 | {}
	Port: conv2_Pipeline_LOAD_W : conv2_ap_fixed_ap_fixed_ap_fixed_ap_fixed_8_5_5_3_0_local_weight_5 | {}
	Port: conv2_Pipeline_LOAD_W : conv2_ap_fixed_ap_fixed_ap_fixed_ap_fixed_8_5_5_3_0_local_weight_4 | {}
	Port: conv2_Pipeline_LOAD_W : conv2_ap_fixed_ap_fixed_ap_fixed_ap_fixed_8_5_5_3_0_local_weight_3 | {}
	Port: conv2_Pipeline_LOAD_W : conv2_ap_fixed_ap_fixed_ap_fixed_ap_fixed_8_5_5_3_0_local_weight_2 | {}
	Port: conv2_Pipeline_LOAD_W : conv2_ap_fixed_ap_fixed_ap_fixed_ap_fixed_8_5_5_3_0_local_weight_1 | {}
	Port: conv2_Pipeline_LOAD_W : conv2_ap_fixed_ap_fixed_ap_fixed_ap_fixed_8_5_5_3_0_local_weight | {}
  - Chain level:
	State 1
		store_ln70 : 1
		store_ln0 : 1
		store_ln0 : 1
		phi_urem_load : 1
		i_4 : 1
		icmp_ln70 : 2
		add_ln70 : 2
		br_ln70 : 3
		trunc_ln70 : 2
		switch_ln72 : 3
		add_ln70_2 : 2
		icmp_ln70_1 : 2
		select_ln70 : 3
		store_ln70 : 3
		store_ln70 : 4
	State 2
	State 3
		add_ln70_1 : 1
		tmp : 1
		zext_ln70 : 2
		conv2_ap_fixed_ap_fixed_ap_fixed_ap_fixed_8_5_5_3_0_local_weight_8_addr : 3
		conv2_ap_fixed_ap_fixed_ap_fixed_ap_fixed_8_5_5_3_0_local_weight_7_addr : 3
		conv2_ap_fixed_ap_fixed_ap_fixed_ap_fixed_8_5_5_3_0_local_weight_6_addr : 3
		conv2_ap_fixed_ap_fixed_ap_fixed_ap_fixed_8_5_5_3_0_local_weight_5_addr : 3
		conv2_ap_fixed_ap_fixed_ap_fixed_ap_fixed_8_5_5_3_0_local_weight_4_addr : 3
		conv2_ap_fixed_ap_fixed_ap_fixed_ap_fixed_8_5_5_3_0_local_weight_3_addr : 3
		conv2_ap_fixed_ap_fixed_ap_fixed_ap_fixed_8_5_5_3_0_local_weight_2_addr : 3
		conv2_ap_fixed_ap_fixed_ap_fixed_ap_fixed_8_5_5_3_0_local_weight_1_addr : 3
		conv2_ap_fixed_ap_fixed_ap_fixed_ap_fixed_8_5_5_3_0_local_weight_addr : 3
		store_ln72 : 4
		store_ln72 : 4
		store_ln72 : 4
		store_ln72 : 4
		store_ln72 : 4
		store_ln72 : 4
		store_ln72 : 4
		store_ln72 : 4
		store_ln72 : 4
		store_ln70 : 2


============================================================
+ Verbose Summary: Datapath Resource usage 
============================================================

* Functional unit list:
|----------|-----------------------------|---------|---------|
| Operation|       Functional Unit       |    FF   |   LUT   |
|----------|-----------------------------|---------|---------|
|          |       add_ln70_fu_265       |    0    |    12   |
|    add   |      add_ln70_2_fu_301      |    0    |    12   |
|          |      add_ln70_1_fu_334      |    0    |    30   |
|----------|-----------------------------|---------|---------|
|   icmp   |       icmp_ln70_fu_259      |    0    |    12   |
|          |      icmp_ln70_1_fu_307     |    0    |    12   |
|----------|-----------------------------|---------|---------|
|  select  |      select_ln70_fu_313     |    0    |    11   |
|----------|-----------------------------|---------|---------|
|   read   |   weight_read_read_fu_110   |    0    |    0    |
|          | gmem1_addr_read_read_fu_233 |    0    |    0    |
|----------|-----------------------------|---------|---------|
|   trunc  |      trunc_ln70_fu_277      |    0    |    0    |
|----------|-----------------------------|---------|---------|
|  switch  |      switch_ln72_fu_281     |    0    |    0    |
|----------|-----------------------------|---------|---------|
|partselect|          tmp_fu_340         |    0    |    0    |
|----------|-----------------------------|---------|---------|
|   zext   |       zext_ln70_fu_350      |    0    |    0    |
|----------|-----------------------------|---------|---------|
|   Total  |                             |    0    |    89   |
|----------|-----------------------------|---------|---------|

Memories:
N/A

* Register list:
+-----------------------+--------+
|                       |   FF   |
+-----------------------+--------+
|gmem1_addr_read_reg_402|    8   |
|   gmem1_addr_reg_393  |    8   |
|       i_reg_382       |   11   |
|   icmp_ln70_reg_389   |    1   |
|    phi_mul_reg_375    |   23   |
|    phi_urem_reg_368   |   11   |
|   trunc_ln70_reg_398  |    4   |
+-----------------------+--------+
|         Total         |   66   |
+-----------------------+--------+

* Multiplexer (MUX) list: 
|--------|------|------|------|--------|
|  Comp  |  Pin | Size |  BW  | S x BW |
|--------|------|------|------|--------|
|  Total |      |      |      |    0   |
|--------|------|------|------|--------|



* Summary:
+-----------+--------+--------+
|           |   FF   |   LUT  |
+-----------+--------+--------+
|  Function |    0   |   89   |
|   Memory  |    -   |    -   |
|Multiplexer|    -   |    -   |
|  Register |   66   |    -   |
+-----------+--------+--------+
|   Total   |   66   |   89   |
+-----------+--------+--------+
