

================================================================
== Vitis HLS Report for 'conv1_Pipeline_LOAD_W'
================================================================
* Date:           Sat Mar  7 18:28:19 2026

* Version:        2025.2 (Build 6295257 on Nov 14 2025)
* Project:        top
* Solution:       hls (Vivado IP Flow Target)
* Product family: zynq
* Target device:  xc7z020-clg484-1


================================================================
== Performance Estimates
================================================================
+ Timing: 
    * Summary: 
    +--------+----------+----------+------------+
    |  Clock |  Target  | Estimated| Uncertainty|
    +--------+----------+----------+------------+
    |ap_clk  |  10.00 ns|  8.750 ns|     1.25 ns|
    +--------+----------+----------+------------+

+ Latency: 
    * Summary: 
    +---------+---------+----------+----------+-----+-----+-------------------+
    |  Latency (cycles) |  Latency (absolute) |  Interval |      Pipeline     |
    |   min   |   max   |    min   |    max   | min | max |        Type       |
    +---------+---------+----------+----------+-----+-----+-------------------+
    |       74|       74|  0.740 us|  0.740 us|    0|    0|  loop pipeline stp|
    +---------+---------+----------+----------+-----+-----+-------------------+

    + Detail: 
        * Instance: 
        N/A

        * Loop: 
        +----------+---------+---------+----------+-----------+-----------+------+----------+
        |          |  Latency (cycles) | Iteration|  Initiation Interval  | Trip |          |
        | Loop Name|   min   |   max   |  Latency |  achieved |   target  | Count| Pipelined|
        +----------+---------+---------+----------+-----------+-----------+------+----------+
        |- LOAD_W  |       72|       72|         2|          1|          1|    72|       yes|
        +----------+---------+---------+----------+-----------+-----------+------+----------+

============================================================
+ Verbose Summary: Synthesis Manager
============================================================
InlineROM: 1
ExposeGlobal: 0
============================================================
+ Verbose Summary: CDFG Model
============================================================
IsTopModel: 0
ResetActiveHigh: 1
IsCombinational: 0
IsDatapathOnly: 0
HasWiredReturn: 1
HasMFsm: 2
HasVarLatency: 1
IsPipeline: 0
IsRtlPipelined: 0
IsInstanceOverlapped: 0
IsDontTouch: 0
HasImplIP: 0
IsGatedGlobalClock: 0

+ Individual pipeline summary: 
  * Pipeline-0: initiation interval (II) = 1, depth = 2


============================================================
+ Verbose Summary: Schedule
============================================================
* Number of FSM states : 2
* Pipeline : 1
  Pipeline-0 : II = 1, D = 2, States = { 1 2 }
* Dataflow Pipeline: 0

* FSM state transitions: 
1 --> 2 
2 --> 

* FSM state operations: 

State 1 <SV = 0> <Delay = 5.04>
ST_1 : Operation 5 [1/1] (0.00ns)   --->   "%i = alloca i32 1" [../src/conv.cpp:21]   --->   Operation 5 'alloca' 'i' <Predicate = true> <Delay = 0.00>
ST_1 : Operation 6 [1/1] (0.00ns)   --->   "%specstablecontent_ln0 = specstablecontent void @_ssdm_op_SpecStableContent, i8 %gmem1, i1 1, void "   --->   Operation 6 'specstablecontent' 'specstablecontent_ln0' <Predicate = true> <Delay = 0.00>
ST_1 : Operation 7 [1/1] (0.00ns)   --->   "%specinterface_ln0 = specinterface void @_ssdm_op_SpecInterface, i8 %gmem1, void @empty_7, i32 0, i32 0, void @empty_8, i32 0, i32 136, void @empty_32, void @empty_20, void @empty_8, i32 16, i32 16, i32 16, i32 16, void @empty_8, void @empty_8, i32 4294967295, i32 0, i32 0, i32 1"   --->   Operation 7 'specinterface' 'specinterface_ln0' <Predicate = true> <Delay = 0.00>
ST_1 : Operation 8 [1/1] (0.00ns)   --->   "%weight_read = read i64 @_ssdm_op_Read.ap_auto.i64, i64 %weight"   --->   Operation 8 'read' 'weight_read' <Predicate = true> <Delay = 0.00>
ST_1 : Operation 9 [1/1] (1.58ns)   --->   "%store_ln21 = store i7 0, i7 %i" [../src/conv.cpp:21]   --->   Operation 9 'store' 'store_ln21' <Predicate = true> <Delay = 1.58>
ST_1 : Operation 10 [1/1] (0.00ns)   --->   "%br_ln0 = br void %for.inc"   --->   Operation 10 'br' 'br_ln0' <Predicate = true> <Delay = 0.00>
ST_1 : Operation 11 [1/1] (0.00ns)   --->   "%i_5 = load i7 %i" [../src/conv.cpp:21]   --->   Operation 11 'load' 'i_5' <Predicate = true> <Delay = 0.00>
ST_1 : Operation 12 [1/1] (1.87ns)   --->   "%icmp_ln21 = icmp_eq  i7 %i_5, i7 72" [../src/conv.cpp:21]   --->   Operation 12 'icmp' 'icmp_ln21' <Predicate = true> <Delay = 1.87> <CoreInst = "Cmp">   --->   Core 9 'Cmp' <Latency = 0> <II = 1> <Delay = 1.87> <FuncUnit> <Opcode : 'seteq' 'setne' 'setle' 'setge' 'setlt' 'setgt'> <InPorts = 2> <OutPorts = 1>
ST_1 : Operation 13 [1/1] (1.87ns)   --->   "%add_ln21 = add i7 %i_5, i7 1" [../src/conv.cpp:21]   --->   Operation 13 'add' 'add_ln21' <Predicate = true> <Delay = 1.87> <CoreInst = "Adder">   --->   Core 1 'Adder' <Latency = 0> <II = 1> <Delay = 1.87> <FuncUnit> <Opcode : 'add' 'sub'> <InPorts = 2> <OutPorts = 1>
ST_1 : Operation 14 [1/1] (0.00ns)   --->   "%br_ln21 = br i1 %icmp_ln21, void %for.inc.split, void %LOAD_B.exitStub" [../src/conv.cpp:21]   --->   Operation 14 'br' 'br_ln21' <Predicate = true> <Delay = 0.00>
ST_1 : Operation 15 [1/1] (0.00ns)   --->   "%gmem1_addr = getelementptr i8 %gmem1, i64 %weight_read" [../src/conv.cpp:21]   --->   Operation 15 'getelementptr' 'gmem1_addr' <Predicate = (!icmp_ln21)> <Delay = 0.00>
ST_1 : Operation 16 [1/1] (1.87ns)   --->   "%switch_ln23 = switch i7 %i_5, void %arrayidx2.case.71, i7 0, void %arrayidx2.case.0, i7 1, void %arrayidx2.case.1, i7 2, void %arrayidx2.case.2, i7 3, void %arrayidx2.case.3, i7 4, void %arrayidx2.case.4, i7 5, void %arrayidx2.case.5, i7 6, void %arrayidx2.case.6, i7 7, void %arrayidx2.case.7, i7 8, void %arrayidx2.case.8, i7 9, void %arrayidx2.case.9, i7 10, void %arrayidx2.case.10, i7 11, void %arrayidx2.case.11, i7 12, void %arrayidx2.case.12, i7 13, void %arrayidx2.case.13, i7 14, void %arrayidx2.case.14, i7 15, void %arrayidx2.case.15, i7 16, void %arrayidx2.case.16, i7 17, void %arrayidx2.case.17, i7 18, void %arrayidx2.case.18, i7 19, void %arrayidx2.case.19, i7 20, void %arrayidx2.case.20, i7 21, void %arrayidx2.case.21, i7 22, void %arrayidx2.case.22, i7 23, void %arrayidx2.case.23, i7 24, void %arrayidx2.case.24, i7 25, void %arrayidx2.case.25, i7 26, void %arrayidx2.case.26, i7 27, void %arrayidx2.case.27, i7 28, void %arrayidx2.case.28, i7 29, void %arrayidx2.case.29, i7 30, void %arrayidx2.case.30, i7 31, void %arrayidx2.case.31, i7 32, void %arrayidx2.case.32, i7 33, void %arrayidx2.case.33, i7 34, void %arrayidx2.case.34, i7 35, void %arrayidx2.case.35, i7 36, void %arrayidx2.case.36, i7 37, void %arrayidx2.case.37, i7 38, void %arrayidx2.case.38, i7 39, void %arrayidx2.case.39, i7 40, void %arrayidx2.case.40, i7 41, void %arrayidx2.case.41, i7 42, void %arrayidx2.case.42, i7 43, void %arrayidx2.case.43, i7 44, void %arrayidx2.case.44, i7 45, void %arrayidx2.case.45, i7 46, void %arrayidx2.case.46, i7 47, void %arrayidx2.case.47, i7 48, void %arrayidx2.case.48, i7 49, void %arrayidx2.case.49, i7 50, void %arrayidx2.case.50, i7 51, void %arrayidx2.case.51, i7 52, void %arrayidx2.case.52, i7 53, void %arrayidx2.case.53, i7 54, void %arrayidx2.case.54, i7 55, void %arrayidx2.case.55, i7 56, void %arrayidx2.case.56, i7 57, void %arrayidx2.case.57, i7 58, void %arrayidx2.case.58, i7 59, void %arrayidx2.case.59, i7 60, void %arrayidx2.case.60, i7 61, void %arrayidx2.case.61, i7 62, void %arrayidx2.case.62, i7 63, void %arrayidx2.case.63, i7 64, void %arrayidx2.case.64, i7 65, void %arrayidx2.case.65, i7 66, void %arrayidx2.case.66, i7 67, void %arrayidx2.case.67, i7 68, void %arrayidx2.case.68, i7 69, void %arrayidx2.case.69, i7 70, void %arrayidx2.case.70" [../src/conv.cpp:23]   --->   Operation 16 'switch' 'switch_ln23' <Predicate = (!icmp_ln21)> <Delay = 1.87>
ST_1 : Operation 17 [1/1] (1.58ns)   --->   "%store_ln21 = store i7 %add_ln21, i7 %i" [../src/conv.cpp:21]   --->   Operation 17 'store' 'store_ln21' <Predicate = (!icmp_ln21)> <Delay = 1.58>
ST_1 : Operation 18 [1/1] (0.00ns)   --->   "%br_ln21 = br void %for.inc" [../src/conv.cpp:21]   --->   Operation 18 'br' 'br_ln21' <Predicate = (!icmp_ln21)> <Delay = 0.00>
ST_1 : Operation 167 [1/1] (1.58ns)   --->   "%ret_ln0 = ret"   --->   Operation 167 'ret' 'ret_ln0' <Predicate = (icmp_ln21)> <Delay = 1.58>

State 2 <SV = 1> <Delay = 8.75>
ST_2 : Operation 19 [1/1] (0.00ns)   --->   "%specpipeline_ln22 = specpipeline void @_ssdm_op_SpecPipeline, i32 1, i32 0, i32 0, i32 0, i32 4294967295, void @empty_8" [../src/conv.cpp:22]   --->   Operation 19 'specpipeline' 'specpipeline_ln22' <Predicate = true> <Delay = 0.00>
ST_2 : Operation 20 [1/1] (0.00ns)   --->   "%speclooptripcount_ln21 = speclooptripcount void @_ssdm_op_SpecLoopTripCount, i64 72, i64 72, i64 72" [../src/conv.cpp:21]   --->   Operation 20 'speclooptripcount' 'speclooptripcount_ln21' <Predicate = true> <Delay = 0.00>
ST_2 : Operation 21 [1/1] (0.00ns)   --->   "%specloopname_ln21 = specloopname void @_ssdm_op_SpecLoopName, void @empty" [../src/conv.cpp:21]   --->   Operation 21 'specloopname' 'specloopname_ln21' <Predicate = true> <Delay = 0.00>
ST_2 : Operation 22 [1/1] ( I:8.75ns O:8.75ns )   --->   "%gmem1_addr_read = read i8 @_ssdm_op_Read.m_axi.i8.p1i8, i8 %gmem1_addr" [../src/conv.cpp:23]   --->   Operation 22 'read' 'gmem1_addr_read' <Predicate = true> <Delay = 8.75> <CoreInst = "m_axi">   --->   Core 111 'm_axi' <Latency = 3> <II = 1> <Delay = 1.00> <Adapter> <Opcode : 'readrequnaligned' 'writerequnaligned' 'read' 'write' 'readreq' 'writereq' 'writeresp'>
ST_2 : Operation 23 [1/1] (0.00ns)   --->   "%store_ln23 = store i8 %gmem1_addr_read, i8 %p_ZZ5conv1P8ap_fixedILi8ELi5EL9ap_q_mode5EL9ap_o_mode3ELi0EES3_S3_S3_E12local_wei_1" [../src/conv.cpp:23]   --->   Operation 23 'store' 'store_ln23' <Predicate = (i_5 == 70)> <Delay = 0.00>
ST_2 : Operation 24 [1/1] (0.00ns)   --->   "%br_ln23 = br void %arrayidx2.exit" [../src/conv.cpp:23]   --->   Operation 24 'br' 'br_ln23' <Predicate = (i_5 == 70)> <Delay = 0.00>
ST_2 : Operation 25 [1/1] (0.00ns)   --->   "%store_ln23 = store i8 %gmem1_addr_read, i8 %p_ZZ5conv1P8ap_fixedILi8ELi5EL9ap_q_mode5EL9ap_o_mode3ELi0EES3_S3_S3_E12local_wei_2" [../src/conv.cpp:23]   --->   Operation 25 'store' 'store_ln23' <Predicate = (i_5 == 69)> <Delay = 0.00>
ST_2 : Operation 26 [1/1] (0.00ns)   --->   "%br_ln23 = br void %arrayidx2.exit" [../src/conv.cpp:23]   --->   Operation 26 'br' 'br_ln23' <Predicate = (i_5 == 69)> <Delay = 0.00>
ST_2 : Operation 27 [1/1] (0.00ns)   --->   "%store_ln23 = store i8 %gmem1_addr_read, i8 %p_ZZ5conv1P8ap_fixedILi8ELi5EL9ap_q_mode5EL9ap_o_mode3ELi0EES3_S3_S3_E12local_wei_3" [../src/conv.cpp:23]   --->   Operation 27 'store' 'store_ln23' <Predicate = (i_5 == 68)> <Delay = 0.00>
ST_2 : Operation 28 [1/1] (0.00ns)   --->   "%br_ln23 = br void %arrayidx2.exit" [../src/conv.cpp:23]   --->   Operation 28 'br' 'br_ln23' <Predicate = (i_5 == 68)> <Delay = 0.00>
ST_2 : Operation 29 [1/1] (0.00ns)   --->   "%store_ln23 = store i8 %gmem1_addr_read, i8 %p_ZZ5conv1P8ap_fixedILi8ELi5EL9ap_q_mode5EL9ap_o_mode3ELi0EES3_S3_S3_E12local_wei_4" [../src/conv.cpp:23]   --->   Operation 29 'store' 'store_ln23' <Predicate = (i_5 == 67)> <Delay = 0.00>
ST_2 : Operation 30 [1/1] (0.00ns)   --->   "%br_ln23 = br void %arrayidx2.exit" [../src/conv.cpp:23]   --->   Operation 30 'br' 'br_ln23' <Predicate = (i_5 == 67)> <Delay = 0.00>
ST_2 : Operation 31 [1/1] (0.00ns)   --->   "%store_ln23 = store i8 %gmem1_addr_read, i8 %p_ZZ5conv1P8ap_fixedILi8ELi5EL9ap_q_mode5EL9ap_o_mode3ELi0EES3_S3_S3_E12local_wei_5" [../src/conv.cpp:23]   --->   Operation 31 'store' 'store_ln23' <Predicate = (i_5 == 66)> <Delay = 0.00>
ST_2 : Operation 32 [1/1] (0.00ns)   --->   "%br_ln23 = br void %arrayidx2.exit" [../src/conv.cpp:23]   --->   Operation 32 'br' 'br_ln23' <Predicate = (i_5 == 66)> <Delay = 0.00>
ST_2 : Operation 33 [1/1] (0.00ns)   --->   "%store_ln23 = store i8 %gmem1_addr_read, i8 %p_ZZ5conv1P8ap_fixedILi8ELi5EL9ap_q_mode5EL9ap_o_mode3ELi0EES3_S3_S3_E12local_wei_6" [../src/conv.cpp:23]   --->   Operation 33 'store' 'store_ln23' <Predicate = (i_5 == 65)> <Delay = 0.00>
ST_2 : Operation 34 [1/1] (0.00ns)   --->   "%br_ln23 = br void %arrayidx2.exit" [../src/conv.cpp:23]   --->   Operation 34 'br' 'br_ln23' <Predicate = (i_5 == 65)> <Delay = 0.00>
ST_2 : Operation 35 [1/1] (0.00ns)   --->   "%store_ln23 = store i8 %gmem1_addr_read, i8 %p_ZZ5conv1P8ap_fixedILi8ELi5EL9ap_q_mode5EL9ap_o_mode3ELi0EES3_S3_S3_E12local_wei_7" [../src/conv.cpp:23]   --->   Operation 35 'store' 'store_ln23' <Predicate = (i_5 == 64)> <Delay = 0.00>
ST_2 : Operation 36 [1/1] (0.00ns)   --->   "%br_ln23 = br void %arrayidx2.exit" [../src/conv.cpp:23]   --->   Operation 36 'br' 'br_ln23' <Predicate = (i_5 == 64)> <Delay = 0.00>
ST_2 : Operation 37 [1/1] (0.00ns)   --->   "%store_ln23 = store i8 %gmem1_addr_read, i8 %p_ZZ5conv1P8ap_fixedILi8ELi5EL9ap_q_mode5EL9ap_o_mode3ELi0EES3_S3_S3_E12local_wei_8" [../src/conv.cpp:23]   --->   Operation 37 'store' 'store_ln23' <Predicate = (i_5 == 63)> <Delay = 0.00>
ST_2 : Operation 38 [1/1] (0.00ns)   --->   "%br_ln23 = br void %arrayidx2.exit" [../src/conv.cpp:23]   --->   Operation 38 'br' 'br_ln23' <Predicate = (i_5 == 63)> <Delay = 0.00>
ST_2 : Operation 39 [1/1] (0.00ns)   --->   "%store_ln23 = store i8 %gmem1_addr_read, i8 %p_ZZ5conv1P8ap_fixedILi8ELi5EL9ap_q_mode5EL9ap_o_mode3ELi0EES3_S3_S3_E12local_wei_9" [../src/conv.cpp:23]   --->   Operation 39 'store' 'store_ln23' <Predicate = (i_5 == 62)> <Delay = 0.00>
ST_2 : Operation 40 [1/1] (0.00ns)   --->   "%br_ln23 = br void %arrayidx2.exit" [../src/conv.cpp:23]   --->   Operation 40 'br' 'br_ln23' <Predicate = (i_5 == 62)> <Delay = 0.00>
ST_2 : Operation 41 [1/1] (0.00ns)   --->   "%store_ln23 = store i8 %gmem1_addr_read, i8 %conv1_ap_fixed_8_5_ap_q_mode_5_ap_o_mode_3_0_ap_fixed_8_5_ap_q_mode_5_ap_o_mode_3_0_ap_fixed_8_5_ap_q_mode_5_ap_o_mode_3_0_ap_fixed_8_5_ap_q_mode_5_ap_o_mode_3_0_local_wei_10" [../src/conv.cpp:23]   --->   Operation 41 'store' 'store_ln23' <Predicate = (i_5 == 61)> <Delay = 0.00>
ST_2 : Operation 42 [1/1] (0.00ns)   --->   "%br_ln23 = br void %arrayidx2.exit" [../src/conv.cpp:23]   --->   Operation 42 'br' 'br_ln23' <Predicate = (i_5 == 61)> <Delay = 0.00>
ST_2 : Operation 43 [1/1] (0.00ns)   --->   "%store_ln23 = store i8 %gmem1_addr_read, i8 %conv1_ap_fixed_8_5_ap_q_mode_5_ap_o_mode_3_0_ap_fixed_8_5_ap_q_mode_5_ap_o_mode_3_0_ap_fixed_8_5_ap_q_mode_5_ap_o_mode_3_0_ap_fixed_8_5_ap_q_mode_5_ap_o_mode_3_0_local_wei_11" [../src/conv.cpp:23]   --->   Operation 43 'store' 'store_ln23' <Predicate = (i_5 == 60)> <Delay = 0.00>
ST_2 : Operation 44 [1/1] (0.00ns)   --->   "%br_ln23 = br void %arrayidx2.exit" [../src/conv.cpp:23]   --->   Operation 44 'br' 'br_ln23' <Predicate = (i_5 == 60)> <Delay = 0.00>
ST_2 : Operation 45 [1/1] (0.00ns)   --->   "%store_ln23 = store i8 %gmem1_addr_read, i8 %conv1_ap_fixed_8_5_ap_q_mode_5_ap_o_mode_3_0_ap_fixed_8_5_ap_q_mode_5_ap_o_mode_3_0_ap_fixed_8_5_ap_q_mode_5_ap_o_mode_3_0_ap_fixed_8_5_ap_q_mode_5_ap_o_mode_3_0_local_wei_12" [../src/conv.cpp:23]   --->   Operation 45 'store' 'store_ln23' <Predicate = (i_5 == 59)> <Delay = 0.00>
ST_2 : Operation 46 [1/1] (0.00ns)   --->   "%br_ln23 = br void %arrayidx2.exit" [../src/conv.cpp:23]   --->   Operation 46 'br' 'br_ln23' <Predicate = (i_5 == 59)> <Delay = 0.00>
ST_2 : Operation 47 [1/1] (0.00ns)   --->   "%store_ln23 = store i8 %gmem1_addr_read, i8 %conv1_ap_fixed_8_5_ap_q_mode_5_ap_o_mode_3_0_ap_fixed_8_5_ap_q_mode_5_ap_o_mode_3_0_ap_fixed_8_5_ap_q_mode_5_ap_o_mode_3_0_ap_fixed_8_5_ap_q_mode_5_ap_o_mode_3_0_local_wei_13" [../src/conv.cpp:23]   --->   Operation 47 'store' 'store_ln23' <Predicate = (i_5 == 58)> <Delay = 0.00>
ST_2 : Operation 48 [1/1] (0.00ns)   --->   "%br_ln23 = br void %arrayidx2.exit" [../src/conv.cpp:23]   --->   Operation 48 'br' 'br_ln23' <Predicate = (i_5 == 58)> <Delay = 0.00>
ST_2 : Operation 49 [1/1] (0.00ns)   --->   "%store_ln23 = store i8 %gmem1_addr_read, i8 %conv1_ap_fixed_8_5_ap_q_mode_5_ap_o_mode_3_0_ap_fixed_8_5_ap_q_mode_5_ap_o_mode_3_0_ap_fixed_8_5_ap_q_mode_5_ap_o_mode_3_0_ap_fixed_8_5_ap_q_mode_5_ap_o_mode_3_0_local_wei_14" [../src/conv.cpp:23]   --->   Operation 49 'store' 'store_ln23' <Predicate = (i_5 == 57)> <Delay = 0.00>
ST_2 : Operation 50 [1/1] (0.00ns)   --->   "%br_ln23 = br void %arrayidx2.exit" [../src/conv.cpp:23]   --->   Operation 50 'br' 'br_ln23' <Predicate = (i_5 == 57)> <Delay = 0.00>
ST_2 : Operation 51 [1/1] (0.00ns)   --->   "%store_ln23 = store i8 %gmem1_addr_read, i8 %conv1_ap_fixed_8_5_ap_q_mode_5_ap_o_mode_3_0_ap_fixed_8_5_ap_q_mode_5_ap_o_mode_3_0_ap_fixed_8_5_ap_q_mode_5_ap_o_mode_3_0_ap_fixed_8_5_ap_q_mode_5_ap_o_mode_3_0_local_wei_15" [../src/conv.cpp:23]   --->   Operation 51 'store' 'store_ln23' <Predicate = (i_5 == 56)> <Delay = 0.00>
ST_2 : Operation 52 [1/1] (0.00ns)   --->   "%br_ln23 = br void %arrayidx2.exit" [../src/conv.cpp:23]   --->   Operation 52 'br' 'br_ln23' <Predicate = (i_5 == 56)> <Delay = 0.00>
ST_2 : Operation 53 [1/1] (0.00ns)   --->   "%store_ln23 = store i8 %gmem1_addr_read, i8 %conv1_ap_fixed_8_5_ap_q_mode_5_ap_o_mode_3_0_ap_fixed_8_5_ap_q_mode_5_ap_o_mode_3_0_ap_fixed_8_5_ap_q_mode_5_ap_o_mode_3_0_ap_fixed_8_5_ap_q_mode_5_ap_o_mode_3_0_local_wei_16" [../src/conv.cpp:23]   --->   Operation 53 'store' 'store_ln23' <Predicate = (i_5 == 55)> <Delay = 0.00>
ST_2 : Operation 54 [1/1] (0.00ns)   --->   "%br_ln23 = br void %arrayidx2.exit" [../src/conv.cpp:23]   --->   Operation 54 'br' 'br_ln23' <Predicate = (i_5 == 55)> <Delay = 0.00>
ST_2 : Operation 55 [1/1] (0.00ns)   --->   "%store_ln23 = store i8 %gmem1_addr_read, i8 %conv1_ap_fixed_8_5_ap_q_mode_5_ap_o_mode_3_0_ap_fixed_8_5_ap_q_mode_5_ap_o_mode_3_0_ap_fixed_8_5_ap_q_mode_5_ap_o_mode_3_0_ap_fixed_8_5_ap_q_mode_5_ap_o_mode_3_0_local_wei_17" [../src/conv.cpp:23]   --->   Operation 55 'store' 'store_ln23' <Predicate = (i_5 == 54)> <Delay = 0.00>
ST_2 : Operation 56 [1/1] (0.00ns)   --->   "%br_ln23 = br void %arrayidx2.exit" [../src/conv.cpp:23]   --->   Operation 56 'br' 'br_ln23' <Predicate = (i_5 == 54)> <Delay = 0.00>
ST_2 : Operation 57 [1/1] (0.00ns)   --->   "%store_ln23 = store i8 %gmem1_addr_read, i8 %conv1_ap_fixed_8_5_ap_q_mode_5_ap_o_mode_3_0_ap_fixed_8_5_ap_q_mode_5_ap_o_mode_3_0_ap_fixed_8_5_ap_q_mode_5_ap_o_mode_3_0_ap_fixed_8_5_ap_q_mode_5_ap_o_mode_3_0_local_wei_18" [../src/conv.cpp:23]   --->   Operation 57 'store' 'store_ln23' <Predicate = (i_5 == 53)> <Delay = 0.00>
ST_2 : Operation 58 [1/1] (0.00ns)   --->   "%br_ln23 = br void %arrayidx2.exit" [../src/conv.cpp:23]   --->   Operation 58 'br' 'br_ln23' <Predicate = (i_5 == 53)> <Delay = 0.00>
ST_2 : Operation 59 [1/1] (0.00ns)   --->   "%store_ln23 = store i8 %gmem1_addr_read, i8 %conv1_ap_fixed_8_5_ap_q_mode_5_ap_o_mode_3_0_ap_fixed_8_5_ap_q_mode_5_ap_o_mode_3_0_ap_fixed_8_5_ap_q_mode_5_ap_o_mode_3_0_ap_fixed_8_5_ap_q_mode_5_ap_o_mode_3_0_local_wei_19" [../src/conv.cpp:23]   --->   Operation 59 'store' 'store_ln23' <Predicate = (i_5 == 52)> <Delay = 0.00>
ST_2 : Operation 60 [1/1] (0.00ns)   --->   "%br_ln23 = br void %arrayidx2.exit" [../src/conv.cpp:23]   --->   Operation 60 'br' 'br_ln23' <Predicate = (i_5 == 52)> <Delay = 0.00>
ST_2 : Operation 61 [1/1] (0.00ns)   --->   "%store_ln23 = store i8 %gmem1_addr_read, i8 %conv1_ap_fixed_8_5_ap_q_mode_5_ap_o_mode_3_0_ap_fixed_8_5_ap_q_mode_5_ap_o_mode_3_0_ap_fixed_8_5_ap_q_mode_5_ap_o_mode_3_0_ap_fixed_8_5_ap_q_mode_5_ap_o_mode_3_0_local_wei_20" [../src/conv.cpp:23]   --->   Operation 61 'store' 'store_ln23' <Predicate = (i_5 == 51)> <Delay = 0.00>
ST_2 : Operation 62 [1/1] (0.00ns)   --->   "%br_ln23 = br void %arrayidx2.exit" [../src/conv.cpp:23]   --->   Operation 62 'br' 'br_ln23' <Predicate = (i_5 == 51)> <Delay = 0.00>
ST_2 : Operation 63 [1/1] (0.00ns)   --->   "%store_ln23 = store i8 %gmem1_addr_read, i8 %conv1_ap_fixed_8_5_ap_q_mode_5_ap_o_mode_3_0_ap_fixed_8_5_ap_q_mode_5_ap_o_mode_3_0_ap_fixed_8_5_ap_q_mode_5_ap_o_mode_3_0_ap_fixed_8_5_ap_q_mode_5_ap_o_mode_3_0_local_wei_21" [../src/conv.cpp:23]   --->   Operation 63 'store' 'store_ln23' <Predicate = (i_5 == 50)> <Delay = 0.00>
ST_2 : Operation 64 [1/1] (0.00ns)   --->   "%br_ln23 = br void %arrayidx2.exit" [../src/conv.cpp:23]   --->   Operation 64 'br' 'br_ln23' <Predicate = (i_5 == 50)> <Delay = 0.00>
ST_2 : Operation 65 [1/1] (0.00ns)   --->   "%store_ln23 = store i8 %gmem1_addr_read, i8 %conv1_ap_fixed_8_5_ap_q_mode_5_ap_o_mode_3_0_ap_fixed_8_5_ap_q_mode_5_ap_o_mode_3_0_ap_fixed_8_5_ap_q_mode_5_ap_o_mode_3_0_ap_fixed_8_5_ap_q_mode_5_ap_o_mode_3_0_local_wei_22" [../src/conv.cpp:23]   --->   Operation 65 'store' 'store_ln23' <Predicate = (i_5 == 49)> <Delay = 0.00>
ST_2 : Operation 66 [1/1] (0.00ns)   --->   "%br_ln23 = br void %arrayidx2.exit" [../src/conv.cpp:23]   --->   Operation 66 'br' 'br_ln23' <Predicate = (i_5 == 49)> <Delay = 0.00>
ST_2 : Operation 67 [1/1] (0.00ns)   --->   "%store_ln23 = store i8 %gmem1_addr_read, i8 %conv1_ap_fixed_8_5_ap_q_mode_5_ap_o_mode_3_0_ap_fixed_8_5_ap_q_mode_5_ap_o_mode_3_0_ap_fixed_8_5_ap_q_mode_5_ap_o_mode_3_0_ap_fixed_8_5_ap_q_mode_5_ap_o_mode_3_0_local_wei_23" [../src/conv.cpp:23]   --->   Operation 67 'store' 'store_ln23' <Predicate = (i_5 == 48)> <Delay = 0.00>
ST_2 : Operation 68 [1/1] (0.00ns)   --->   "%br_ln23 = br void %arrayidx2.exit" [../src/conv.cpp:23]   --->   Operation 68 'br' 'br_ln23' <Predicate = (i_5 == 48)> <Delay = 0.00>
ST_2 : Operation 69 [1/1] (0.00ns)   --->   "%store_ln23 = store i8 %gmem1_addr_read, i8 %conv1_ap_fixed_8_5_ap_q_mode_5_ap_o_mode_3_0_ap_fixed_8_5_ap_q_mode_5_ap_o_mode_3_0_ap_fixed_8_5_ap_q_mode_5_ap_o_mode_3_0_ap_fixed_8_5_ap_q_mode_5_ap_o_mode_3_0_local_wei_24" [../src/conv.cpp:23]   --->   Operation 69 'store' 'store_ln23' <Predicate = (i_5 == 47)> <Delay = 0.00>
ST_2 : Operation 70 [1/1] (0.00ns)   --->   "%br_ln23 = br void %arrayidx2.exit" [../src/conv.cpp:23]   --->   Operation 70 'br' 'br_ln23' <Predicate = (i_5 == 47)> <Delay = 0.00>
ST_2 : Operation 71 [1/1] (0.00ns)   --->   "%store_ln23 = store i8 %gmem1_addr_read, i8 %conv1_ap_fixed_8_5_ap_q_mode_5_ap_o_mode_3_0_ap_fixed_8_5_ap_q_mode_5_ap_o_mode_3_0_ap_fixed_8_5_ap_q_mode_5_ap_o_mode_3_0_ap_fixed_8_5_ap_q_mode_5_ap_o_mode_3_0_local_wei_25" [../src/conv.cpp:23]   --->   Operation 71 'store' 'store_ln23' <Predicate = (i_5 == 46)> <Delay = 0.00>
ST_2 : Operation 72 [1/1] (0.00ns)   --->   "%br_ln23 = br void %arrayidx2.exit" [../src/conv.cpp:23]   --->   Operation 72 'br' 'br_ln23' <Predicate = (i_5 == 46)> <Delay = 0.00>
ST_2 : Operation 73 [1/1] (0.00ns)   --->   "%store_ln23 = store i8 %gmem1_addr_read, i8 %conv1_ap_fixed_8_5_ap_q_mode_5_ap_o_mode_3_0_ap_fixed_8_5_ap_q_mode_5_ap_o_mode_3_0_ap_fixed_8_5_ap_q_mode_5_ap_o_mode_3_0_ap_fixed_8_5_ap_q_mode_5_ap_o_mode_3_0_local_wei_26" [../src/conv.cpp:23]   --->   Operation 73 'store' 'store_ln23' <Predicate = (i_5 == 45)> <Delay = 0.00>
ST_2 : Operation 74 [1/1] (0.00ns)   --->   "%br_ln23 = br void %arrayidx2.exit" [../src/conv.cpp:23]   --->   Operation 74 'br' 'br_ln23' <Predicate = (i_5 == 45)> <Delay = 0.00>
ST_2 : Operation 75 [1/1] (0.00ns)   --->   "%store_ln23 = store i8 %gmem1_addr_read, i8 %conv1_ap_fixed_8_5_ap_q_mode_5_ap_o_mode_3_0_ap_fixed_8_5_ap_q_mode_5_ap_o_mode_3_0_ap_fixed_8_5_ap_q_mode_5_ap_o_mode_3_0_ap_fixed_8_5_ap_q_mode_5_ap_o_mode_3_0_local_wei_27" [../src/conv.cpp:23]   --->   Operation 75 'store' 'store_ln23' <Predicate = (i_5 == 44)> <Delay = 0.00>
ST_2 : Operation 76 [1/1] (0.00ns)   --->   "%br_ln23 = br void %arrayidx2.exit" [../src/conv.cpp:23]   --->   Operation 76 'br' 'br_ln23' <Predicate = (i_5 == 44)> <Delay = 0.00>
ST_2 : Operation 77 [1/1] (0.00ns)   --->   "%store_ln23 = store i8 %gmem1_addr_read, i8 %conv1_ap_fixed_8_5_ap_q_mode_5_ap_o_mode_3_0_ap_fixed_8_5_ap_q_mode_5_ap_o_mode_3_0_ap_fixed_8_5_ap_q_mode_5_ap_o_mode_3_0_ap_fixed_8_5_ap_q_mode_5_ap_o_mode_3_0_local_wei_28" [../src/conv.cpp:23]   --->   Operation 77 'store' 'store_ln23' <Predicate = (i_5 == 43)> <Delay = 0.00>
ST_2 : Operation 78 [1/1] (0.00ns)   --->   "%br_ln23 = br void %arrayidx2.exit" [../src/conv.cpp:23]   --->   Operation 78 'br' 'br_ln23' <Predicate = (i_5 == 43)> <Delay = 0.00>
ST_2 : Operation 79 [1/1] (0.00ns)   --->   "%store_ln23 = store i8 %gmem1_addr_read, i8 %conv1_ap_fixed_8_5_ap_q_mode_5_ap_o_mode_3_0_ap_fixed_8_5_ap_q_mode_5_ap_o_mode_3_0_ap_fixed_8_5_ap_q_mode_5_ap_o_mode_3_0_ap_fixed_8_5_ap_q_mode_5_ap_o_mode_3_0_local_wei_29" [../src/conv.cpp:23]   --->   Operation 79 'store' 'store_ln23' <Predicate = (i_5 == 42)> <Delay = 0.00>
ST_2 : Operation 80 [1/1] (0.00ns)   --->   "%br_ln23 = br void %arrayidx2.exit" [../src/conv.cpp:23]   --->   Operation 80 'br' 'br_ln23' <Predicate = (i_5 == 42)> <Delay = 0.00>
ST_2 : Operation 81 [1/1] (0.00ns)   --->   "%store_ln23 = store i8 %gmem1_addr_read, i8 %conv1_ap_fixed_8_5_ap_q_mode_5_ap_o_mode_3_0_ap_fixed_8_5_ap_q_mode_5_ap_o_mode_3_0_ap_fixed_8_5_ap_q_mode_5_ap_o_mode_3_0_ap_fixed_8_5_ap_q_mode_5_ap_o_mode_3_0_local_wei_30" [../src/conv.cpp:23]   --->   Operation 81 'store' 'store_ln23' <Predicate = (i_5 == 41)> <Delay = 0.00>
ST_2 : Operation 82 [1/1] (0.00ns)   --->   "%br_ln23 = br void %arrayidx2.exit" [../src/conv.cpp:23]   --->   Operation 82 'br' 'br_ln23' <Predicate = (i_5 == 41)> <Delay = 0.00>
ST_2 : Operation 83 [1/1] (0.00ns)   --->   "%store_ln23 = store i8 %gmem1_addr_read, i8 %conv1_ap_fixed_8_5_ap_q_mode_5_ap_o_mode_3_0_ap_fixed_8_5_ap_q_mode_5_ap_o_mode_3_0_ap_fixed_8_5_ap_q_mode_5_ap_o_mode_3_0_ap_fixed_8_5_ap_q_mode_5_ap_o_mode_3_0_local_wei_31" [../src/conv.cpp:23]   --->   Operation 83 'store' 'store_ln23' <Predicate = (i_5 == 40)> <Delay = 0.00>
ST_2 : Operation 84 [1/1] (0.00ns)   --->   "%br_ln23 = br void %arrayidx2.exit" [../src/conv.cpp:23]   --->   Operation 84 'br' 'br_ln23' <Predicate = (i_5 == 40)> <Delay = 0.00>
ST_2 : Operation 85 [1/1] (0.00ns)   --->   "%store_ln23 = store i8 %gmem1_addr_read, i8 %conv1_ap_fixed_8_5_ap_q_mode_5_ap_o_mode_3_0_ap_fixed_8_5_ap_q_mode_5_ap_o_mode_3_0_ap_fixed_8_5_ap_q_mode_5_ap_o_mode_3_0_ap_fixed_8_5_ap_q_mode_5_ap_o_mode_3_0_local_wei_32" [../src/conv.cpp:23]   --->   Operation 85 'store' 'store_ln23' <Predicate = (i_5 == 39)> <Delay = 0.00>
ST_2 : Operation 86 [1/1] (0.00ns)   --->   "%br_ln23 = br void %arrayidx2.exit" [../src/conv.cpp:23]   --->   Operation 86 'br' 'br_ln23' <Predicate = (i_5 == 39)> <Delay = 0.00>
ST_2 : Operation 87 [1/1] (0.00ns)   --->   "%store_ln23 = store i8 %gmem1_addr_read, i8 %conv1_ap_fixed_8_5_ap_q_mode_5_ap_o_mode_3_0_ap_fixed_8_5_ap_q_mode_5_ap_o_mode_3_0_ap_fixed_8_5_ap_q_mode_5_ap_o_mode_3_0_ap_fixed_8_5_ap_q_mode_5_ap_o_mode_3_0_local_wei_33" [../src/conv.cpp:23]   --->   Operation 87 'store' 'store_ln23' <Predicate = (i_5 == 38)> <Delay = 0.00>
ST_2 : Operation 88 [1/1] (0.00ns)   --->   "%br_ln23 = br void %arrayidx2.exit" [../src/conv.cpp:23]   --->   Operation 88 'br' 'br_ln23' <Predicate = (i_5 == 38)> <Delay = 0.00>
ST_2 : Operation 89 [1/1] (0.00ns)   --->   "%store_ln23 = store i8 %gmem1_addr_read, i8 %conv1_ap_fixed_8_5_ap_q_mode_5_ap_o_mode_3_0_ap_fixed_8_5_ap_q_mode_5_ap_o_mode_3_0_ap_fixed_8_5_ap_q_mode_5_ap_o_mode_3_0_ap_fixed_8_5_ap_q_mode_5_ap_o_mode_3_0_local_wei_34" [../src/conv.cpp:23]   --->   Operation 89 'store' 'store_ln23' <Predicate = (i_5 == 37)> <Delay = 0.00>
ST_2 : Operation 90 [1/1] (0.00ns)   --->   "%br_ln23 = br void %arrayidx2.exit" [../src/conv.cpp:23]   --->   Operation 90 'br' 'br_ln23' <Predicate = (i_5 == 37)> <Delay = 0.00>
ST_2 : Operation 91 [1/1] (0.00ns)   --->   "%store_ln23 = store i8 %gmem1_addr_read, i8 %conv1_ap_fixed_8_5_ap_q_mode_5_ap_o_mode_3_0_ap_fixed_8_5_ap_q_mode_5_ap_o_mode_3_0_ap_fixed_8_5_ap_q_mode_5_ap_o_mode_3_0_ap_fixed_8_5_ap_q_mode_5_ap_o_mode_3_0_local_wei_35" [../src/conv.cpp:23]   --->   Operation 91 'store' 'store_ln23' <Predicate = (i_5 == 36)> <Delay = 0.00>
ST_2 : Operation 92 [1/1] (0.00ns)   --->   "%br_ln23 = br void %arrayidx2.exit" [../src/conv.cpp:23]   --->   Operation 92 'br' 'br_ln23' <Predicate = (i_5 == 36)> <Delay = 0.00>
ST_2 : Operation 93 [1/1] (0.00ns)   --->   "%store_ln23 = store i8 %gmem1_addr_read, i8 %conv1_ap_fixed_8_5_ap_q_mode_5_ap_o_mode_3_0_ap_fixed_8_5_ap_q_mode_5_ap_o_mode_3_0_ap_fixed_8_5_ap_q_mode_5_ap_o_mode_3_0_ap_fixed_8_5_ap_q_mode_5_ap_o_mode_3_0_local_wei_36" [../src/conv.cpp:23]   --->   Operation 93 'store' 'store_ln23' <Predicate = (i_5 == 35)> <Delay = 0.00>
ST_2 : Operation 94 [1/1] (0.00ns)   --->   "%br_ln23 = br void %arrayidx2.exit" [../src/conv.cpp:23]   --->   Operation 94 'br' 'br_ln23' <Predicate = (i_5 == 35)> <Delay = 0.00>
ST_2 : Operation 95 [1/1] (0.00ns)   --->   "%store_ln23 = store i8 %gmem1_addr_read, i8 %conv1_ap_fixed_8_5_ap_q_mode_5_ap_o_mode_3_0_ap_fixed_8_5_ap_q_mode_5_ap_o_mode_3_0_ap_fixed_8_5_ap_q_mode_5_ap_o_mode_3_0_ap_fixed_8_5_ap_q_mode_5_ap_o_mode_3_0_local_wei_37" [../src/conv.cpp:23]   --->   Operation 95 'store' 'store_ln23' <Predicate = (i_5 == 34)> <Delay = 0.00>
ST_2 : Operation 96 [1/1] (0.00ns)   --->   "%br_ln23 = br void %arrayidx2.exit" [../src/conv.cpp:23]   --->   Operation 96 'br' 'br_ln23' <Predicate = (i_5 == 34)> <Delay = 0.00>
ST_2 : Operation 97 [1/1] (0.00ns)   --->   "%store_ln23 = store i8 %gmem1_addr_read, i8 %conv1_ap_fixed_8_5_ap_q_mode_5_ap_o_mode_3_0_ap_fixed_8_5_ap_q_mode_5_ap_o_mode_3_0_ap_fixed_8_5_ap_q_mode_5_ap_o_mode_3_0_ap_fixed_8_5_ap_q_mode_5_ap_o_mode_3_0_local_wei_38" [../src/conv.cpp:23]   --->   Operation 97 'store' 'store_ln23' <Predicate = (i_5 == 33)> <Delay = 0.00>
ST_2 : Operation 98 [1/1] (0.00ns)   --->   "%br_ln23 = br void %arrayidx2.exit" [../src/conv.cpp:23]   --->   Operation 98 'br' 'br_ln23' <Predicate = (i_5 == 33)> <Delay = 0.00>
ST_2 : Operation 99 [1/1] (0.00ns)   --->   "%store_ln23 = store i8 %gmem1_addr_read, i8 %conv1_ap_fixed_8_5_ap_q_mode_5_ap_o_mode_3_0_ap_fixed_8_5_ap_q_mode_5_ap_o_mode_3_0_ap_fixed_8_5_ap_q_mode_5_ap_o_mode_3_0_ap_fixed_8_5_ap_q_mode_5_ap_o_mode_3_0_local_wei_39" [../src/conv.cpp:23]   --->   Operation 99 'store' 'store_ln23' <Predicate = (i_5 == 32)> <Delay = 0.00>
ST_2 : Operation 100 [1/1] (0.00ns)   --->   "%br_ln23 = br void %arrayidx2.exit" [../src/conv.cpp:23]   --->   Operation 100 'br' 'br_ln23' <Predicate = (i_5 == 32)> <Delay = 0.00>
ST_2 : Operation 101 [1/1] (0.00ns)   --->   "%store_ln23 = store i8 %gmem1_addr_read, i8 %conv1_ap_fixed_8_5_ap_q_mode_5_ap_o_mode_3_0_ap_fixed_8_5_ap_q_mode_5_ap_o_mode_3_0_ap_fixed_8_5_ap_q_mode_5_ap_o_mode_3_0_ap_fixed_8_5_ap_q_mode_5_ap_o_mode_3_0_local_wei_40" [../src/conv.cpp:23]   --->   Operation 101 'store' 'store_ln23' <Predicate = (i_5 == 31)> <Delay = 0.00>
ST_2 : Operation 102 [1/1] (0.00ns)   --->   "%br_ln23 = br void %arrayidx2.exit" [../src/conv.cpp:23]   --->   Operation 102 'br' 'br_ln23' <Predicate = (i_5 == 31)> <Delay = 0.00>
ST_2 : Operation 103 [1/1] (0.00ns)   --->   "%store_ln23 = store i8 %gmem1_addr_read, i8 %conv1_ap_fixed_8_5_ap_q_mode_5_ap_o_mode_3_0_ap_fixed_8_5_ap_q_mode_5_ap_o_mode_3_0_ap_fixed_8_5_ap_q_mode_5_ap_o_mode_3_0_ap_fixed_8_5_ap_q_mode_5_ap_o_mode_3_0_local_wei_41" [../src/conv.cpp:23]   --->   Operation 103 'store' 'store_ln23' <Predicate = (i_5 == 30)> <Delay = 0.00>
ST_2 : Operation 104 [1/1] (0.00ns)   --->   "%br_ln23 = br void %arrayidx2.exit" [../src/conv.cpp:23]   --->   Operation 104 'br' 'br_ln23' <Predicate = (i_5 == 30)> <Delay = 0.00>
ST_2 : Operation 105 [1/1] (0.00ns)   --->   "%store_ln23 = store i8 %gmem1_addr_read, i8 %conv1_ap_fixed_8_5_ap_q_mode_5_ap_o_mode_3_0_ap_fixed_8_5_ap_q_mode_5_ap_o_mode_3_0_ap_fixed_8_5_ap_q_mode_5_ap_o_mode_3_0_ap_fixed_8_5_ap_q_mode_5_ap_o_mode_3_0_local_wei_42" [../src/conv.cpp:23]   --->   Operation 105 'store' 'store_ln23' <Predicate = (i_5 == 29)> <Delay = 0.00>
ST_2 : Operation 106 [1/1] (0.00ns)   --->   "%br_ln23 = br void %arrayidx2.exit" [../src/conv.cpp:23]   --->   Operation 106 'br' 'br_ln23' <Predicate = (i_5 == 29)> <Delay = 0.00>
ST_2 : Operation 107 [1/1] (0.00ns)   --->   "%store_ln23 = store i8 %gmem1_addr_read, i8 %conv1_ap_fixed_8_5_ap_q_mode_5_ap_o_mode_3_0_ap_fixed_8_5_ap_q_mode_5_ap_o_mode_3_0_ap_fixed_8_5_ap_q_mode_5_ap_o_mode_3_0_ap_fixed_8_5_ap_q_mode_5_ap_o_mode_3_0_local_wei_43" [../src/conv.cpp:23]   --->   Operation 107 'store' 'store_ln23' <Predicate = (i_5 == 28)> <Delay = 0.00>
ST_2 : Operation 108 [1/1] (0.00ns)   --->   "%br_ln23 = br void %arrayidx2.exit" [../src/conv.cpp:23]   --->   Operation 108 'br' 'br_ln23' <Predicate = (i_5 == 28)> <Delay = 0.00>
ST_2 : Operation 109 [1/1] (0.00ns)   --->   "%store_ln23 = store i8 %gmem1_addr_read, i8 %conv1_ap_fixed_8_5_ap_q_mode_5_ap_o_mode_3_0_ap_fixed_8_5_ap_q_mode_5_ap_o_mode_3_0_ap_fixed_8_5_ap_q_mode_5_ap_o_mode_3_0_ap_fixed_8_5_ap_q_mode_5_ap_o_mode_3_0_local_wei_44" [../src/conv.cpp:23]   --->   Operation 109 'store' 'store_ln23' <Predicate = (i_5 == 27)> <Delay = 0.00>
ST_2 : Operation 110 [1/1] (0.00ns)   --->   "%br_ln23 = br void %arrayidx2.exit" [../src/conv.cpp:23]   --->   Operation 110 'br' 'br_ln23' <Predicate = (i_5 == 27)> <Delay = 0.00>
ST_2 : Operation 111 [1/1] (0.00ns)   --->   "%store_ln23 = store i8 %gmem1_addr_read, i8 %conv1_ap_fixed_8_5_ap_q_mode_5_ap_o_mode_3_0_ap_fixed_8_5_ap_q_mode_5_ap_o_mode_3_0_ap_fixed_8_5_ap_q_mode_5_ap_o_mode_3_0_ap_fixed_8_5_ap_q_mode_5_ap_o_mode_3_0_local_wei_45" [../src/conv.cpp:23]   --->   Operation 111 'store' 'store_ln23' <Predicate = (i_5 == 26)> <Delay = 0.00>
ST_2 : Operation 112 [1/1] (0.00ns)   --->   "%br_ln23 = br void %arrayidx2.exit" [../src/conv.cpp:23]   --->   Operation 112 'br' 'br_ln23' <Predicate = (i_5 == 26)> <Delay = 0.00>
ST_2 : Operation 113 [1/1] (0.00ns)   --->   "%store_ln23 = store i8 %gmem1_addr_read, i8 %conv1_ap_fixed_8_5_ap_q_mode_5_ap_o_mode_3_0_ap_fixed_8_5_ap_q_mode_5_ap_o_mode_3_0_ap_fixed_8_5_ap_q_mode_5_ap_o_mode_3_0_ap_fixed_8_5_ap_q_mode_5_ap_o_mode_3_0_local_wei_46" [../src/conv.cpp:23]   --->   Operation 113 'store' 'store_ln23' <Predicate = (i_5 == 25)> <Delay = 0.00>
ST_2 : Operation 114 [1/1] (0.00ns)   --->   "%br_ln23 = br void %arrayidx2.exit" [../src/conv.cpp:23]   --->   Operation 114 'br' 'br_ln23' <Predicate = (i_5 == 25)> <Delay = 0.00>
ST_2 : Operation 115 [1/1] (0.00ns)   --->   "%store_ln23 = store i8 %gmem1_addr_read, i8 %conv1_ap_fixed_8_5_ap_q_mode_5_ap_o_mode_3_0_ap_fixed_8_5_ap_q_mode_5_ap_o_mode_3_0_ap_fixed_8_5_ap_q_mode_5_ap_o_mode_3_0_ap_fixed_8_5_ap_q_mode_5_ap_o_mode_3_0_local_wei_47" [../src/conv.cpp:23]   --->   Operation 115 'store' 'store_ln23' <Predicate = (i_5 == 24)> <Delay = 0.00>
ST_2 : Operation 116 [1/1] (0.00ns)   --->   "%br_ln23 = br void %arrayidx2.exit" [../src/conv.cpp:23]   --->   Operation 116 'br' 'br_ln23' <Predicate = (i_5 == 24)> <Delay = 0.00>
ST_2 : Operation 117 [1/1] (0.00ns)   --->   "%store_ln23 = store i8 %gmem1_addr_read, i8 %conv1_ap_fixed_8_5_ap_q_mode_5_ap_o_mode_3_0_ap_fixed_8_5_ap_q_mode_5_ap_o_mode_3_0_ap_fixed_8_5_ap_q_mode_5_ap_o_mode_3_0_ap_fixed_8_5_ap_q_mode_5_ap_o_mode_3_0_local_wei_48" [../src/conv.cpp:23]   --->   Operation 117 'store' 'store_ln23' <Predicate = (i_5 == 23)> <Delay = 0.00>
ST_2 : Operation 118 [1/1] (0.00ns)   --->   "%br_ln23 = br void %arrayidx2.exit" [../src/conv.cpp:23]   --->   Operation 118 'br' 'br_ln23' <Predicate = (i_5 == 23)> <Delay = 0.00>
ST_2 : Operation 119 [1/1] (0.00ns)   --->   "%store_ln23 = store i8 %gmem1_addr_read, i8 %conv1_ap_fixed_8_5_ap_q_mode_5_ap_o_mode_3_0_ap_fixed_8_5_ap_q_mode_5_ap_o_mode_3_0_ap_fixed_8_5_ap_q_mode_5_ap_o_mode_3_0_ap_fixed_8_5_ap_q_mode_5_ap_o_mode_3_0_local_wei_49" [../src/conv.cpp:23]   --->   Operation 119 'store' 'store_ln23' <Predicate = (i_5 == 22)> <Delay = 0.00>
ST_2 : Operation 120 [1/1] (0.00ns)   --->   "%br_ln23 = br void %arrayidx2.exit" [../src/conv.cpp:23]   --->   Operation 120 'br' 'br_ln23' <Predicate = (i_5 == 22)> <Delay = 0.00>
ST_2 : Operation 121 [1/1] (0.00ns)   --->   "%store_ln23 = store i8 %gmem1_addr_read, i8 %conv1_ap_fixed_8_5_ap_q_mode_5_ap_o_mode_3_0_ap_fixed_8_5_ap_q_mode_5_ap_o_mode_3_0_ap_fixed_8_5_ap_q_mode_5_ap_o_mode_3_0_ap_fixed_8_5_ap_q_mode_5_ap_o_mode_3_0_local_wei_50" [../src/conv.cpp:23]   --->   Operation 121 'store' 'store_ln23' <Predicate = (i_5 == 21)> <Delay = 0.00>
ST_2 : Operation 122 [1/1] (0.00ns)   --->   "%br_ln23 = br void %arrayidx2.exit" [../src/conv.cpp:23]   --->   Operation 122 'br' 'br_ln23' <Predicate = (i_5 == 21)> <Delay = 0.00>
ST_2 : Operation 123 [1/1] (0.00ns)   --->   "%store_ln23 = store i8 %gmem1_addr_read, i8 %conv1_ap_fixed_8_5_ap_q_mode_5_ap_o_mode_3_0_ap_fixed_8_5_ap_q_mode_5_ap_o_mode_3_0_ap_fixed_8_5_ap_q_mode_5_ap_o_mode_3_0_ap_fixed_8_5_ap_q_mode_5_ap_o_mode_3_0_local_wei_51" [../src/conv.cpp:23]   --->   Operation 123 'store' 'store_ln23' <Predicate = (i_5 == 20)> <Delay = 0.00>
ST_2 : Operation 124 [1/1] (0.00ns)   --->   "%br_ln23 = br void %arrayidx2.exit" [../src/conv.cpp:23]   --->   Operation 124 'br' 'br_ln23' <Predicate = (i_5 == 20)> <Delay = 0.00>
ST_2 : Operation 125 [1/1] (0.00ns)   --->   "%store_ln23 = store i8 %gmem1_addr_read, i8 %conv1_ap_fixed_8_5_ap_q_mode_5_ap_o_mode_3_0_ap_fixed_8_5_ap_q_mode_5_ap_o_mode_3_0_ap_fixed_8_5_ap_q_mode_5_ap_o_mode_3_0_ap_fixed_8_5_ap_q_mode_5_ap_o_mode_3_0_local_wei_52" [../src/conv.cpp:23]   --->   Operation 125 'store' 'store_ln23' <Predicate = (i_5 == 19)> <Delay = 0.00>
ST_2 : Operation 126 [1/1] (0.00ns)   --->   "%br_ln23 = br void %arrayidx2.exit" [../src/conv.cpp:23]   --->   Operation 126 'br' 'br_ln23' <Predicate = (i_5 == 19)> <Delay = 0.00>
ST_2 : Operation 127 [1/1] (0.00ns)   --->   "%store_ln23 = store i8 %gmem1_addr_read, i8 %conv1_ap_fixed_8_5_ap_q_mode_5_ap_o_mode_3_0_ap_fixed_8_5_ap_q_mode_5_ap_o_mode_3_0_ap_fixed_8_5_ap_q_mode_5_ap_o_mode_3_0_ap_fixed_8_5_ap_q_mode_5_ap_o_mode_3_0_local_wei_53" [../src/conv.cpp:23]   --->   Operation 127 'store' 'store_ln23' <Predicate = (i_5 == 18)> <Delay = 0.00>
ST_2 : Operation 128 [1/1] (0.00ns)   --->   "%br_ln23 = br void %arrayidx2.exit" [../src/conv.cpp:23]   --->   Operation 128 'br' 'br_ln23' <Predicate = (i_5 == 18)> <Delay = 0.00>
ST_2 : Operation 129 [1/1] (0.00ns)   --->   "%store_ln23 = store i8 %gmem1_addr_read, i8 %conv1_ap_fixed_8_5_ap_q_mode_5_ap_o_mode_3_0_ap_fixed_8_5_ap_q_mode_5_ap_o_mode_3_0_ap_fixed_8_5_ap_q_mode_5_ap_o_mode_3_0_ap_fixed_8_5_ap_q_mode_5_ap_o_mode_3_0_local_wei_54" [../src/conv.cpp:23]   --->   Operation 129 'store' 'store_ln23' <Predicate = (i_5 == 17)> <Delay = 0.00>
ST_2 : Operation 130 [1/1] (0.00ns)   --->   "%br_ln23 = br void %arrayidx2.exit" [../src/conv.cpp:23]   --->   Operation 130 'br' 'br_ln23' <Predicate = (i_5 == 17)> <Delay = 0.00>
ST_2 : Operation 131 [1/1] (0.00ns)   --->   "%store_ln23 = store i8 %gmem1_addr_read, i8 %conv1_ap_fixed_8_5_ap_q_mode_5_ap_o_mode_3_0_ap_fixed_8_5_ap_q_mode_5_ap_o_mode_3_0_ap_fixed_8_5_ap_q_mode_5_ap_o_mode_3_0_ap_fixed_8_5_ap_q_mode_5_ap_o_mode_3_0_local_wei_55" [../src/conv.cpp:23]   --->   Operation 131 'store' 'store_ln23' <Predicate = (i_5 == 16)> <Delay = 0.00>
ST_2 : Operation 132 [1/1] (0.00ns)   --->   "%br_ln23 = br void %arrayidx2.exit" [../src/conv.cpp:23]   --->   Operation 132 'br' 'br_ln23' <Predicate = (i_5 == 16)> <Delay = 0.00>
ST_2 : Operation 133 [1/1] (0.00ns)   --->   "%store_ln23 = store i8 %gmem1_addr_read, i8 %conv1_ap_fixed_8_5_ap_q_mode_5_ap_o_mode_3_0_ap_fixed_8_5_ap_q_mode_5_ap_o_mode_3_0_ap_fixed_8_5_ap_q_mode_5_ap_o_mode_3_0_ap_fixed_8_5_ap_q_mode_5_ap_o_mode_3_0_local_wei_56" [../src/conv.cpp:23]   --->   Operation 133 'store' 'store_ln23' <Predicate = (i_5 == 15)> <Delay = 0.00>
ST_2 : Operation 134 [1/1] (0.00ns)   --->   "%br_ln23 = br void %arrayidx2.exit" [../src/conv.cpp:23]   --->   Operation 134 'br' 'br_ln23' <Predicate = (i_5 == 15)> <Delay = 0.00>
ST_2 : Operation 135 [1/1] (0.00ns)   --->   "%store_ln23 = store i8 %gmem1_addr_read, i8 %conv1_ap_fixed_8_5_ap_q_mode_5_ap_o_mode_3_0_ap_fixed_8_5_ap_q_mode_5_ap_o_mode_3_0_ap_fixed_8_5_ap_q_mode_5_ap_o_mode_3_0_ap_fixed_8_5_ap_q_mode_5_ap_o_mode_3_0_local_wei_57" [../src/conv.cpp:23]   --->   Operation 135 'store' 'store_ln23' <Predicate = (i_5 == 14)> <Delay = 0.00>
ST_2 : Operation 136 [1/1] (0.00ns)   --->   "%br_ln23 = br void %arrayidx2.exit" [../src/conv.cpp:23]   --->   Operation 136 'br' 'br_ln23' <Predicate = (i_5 == 14)> <Delay = 0.00>
ST_2 : Operation 137 [1/1] (0.00ns)   --->   "%store_ln23 = store i8 %gmem1_addr_read, i8 %conv1_ap_fixed_8_5_ap_q_mode_5_ap_o_mode_3_0_ap_fixed_8_5_ap_q_mode_5_ap_o_mode_3_0_ap_fixed_8_5_ap_q_mode_5_ap_o_mode_3_0_ap_fixed_8_5_ap_q_mode_5_ap_o_mode_3_0_local_wei_58" [../src/conv.cpp:23]   --->   Operation 137 'store' 'store_ln23' <Predicate = (i_5 == 13)> <Delay = 0.00>
ST_2 : Operation 138 [1/1] (0.00ns)   --->   "%br_ln23 = br void %arrayidx2.exit" [../src/conv.cpp:23]   --->   Operation 138 'br' 'br_ln23' <Predicate = (i_5 == 13)> <Delay = 0.00>
ST_2 : Operation 139 [1/1] (0.00ns)   --->   "%store_ln23 = store i8 %gmem1_addr_read, i8 %conv1_ap_fixed_8_5_ap_q_mode_5_ap_o_mode_3_0_ap_fixed_8_5_ap_q_mode_5_ap_o_mode_3_0_ap_fixed_8_5_ap_q_mode_5_ap_o_mode_3_0_ap_fixed_8_5_ap_q_mode_5_ap_o_mode_3_0_local_wei_59" [../src/conv.cpp:23]   --->   Operation 139 'store' 'store_ln23' <Predicate = (i_5 == 12)> <Delay = 0.00>
ST_2 : Operation 140 [1/1] (0.00ns)   --->   "%br_ln23 = br void %arrayidx2.exit" [../src/conv.cpp:23]   --->   Operation 140 'br' 'br_ln23' <Predicate = (i_5 == 12)> <Delay = 0.00>
ST_2 : Operation 141 [1/1] (0.00ns)   --->   "%store_ln23 = store i8 %gmem1_addr_read, i8 %conv1_ap_fixed_8_5_ap_q_mode_5_ap_o_mode_3_0_ap_fixed_8_5_ap_q_mode_5_ap_o_mode_3_0_ap_fixed_8_5_ap_q_mode_5_ap_o_mode_3_0_ap_fixed_8_5_ap_q_mode_5_ap_o_mode_3_0_local_wei_60" [../src/conv.cpp:23]   --->   Operation 141 'store' 'store_ln23' <Predicate = (i_5 == 11)> <Delay = 0.00>
ST_2 : Operation 142 [1/1] (0.00ns)   --->   "%br_ln23 = br void %arrayidx2.exit" [../src/conv.cpp:23]   --->   Operation 142 'br' 'br_ln23' <Predicate = (i_5 == 11)> <Delay = 0.00>
ST_2 : Operation 143 [1/1] (0.00ns)   --->   "%store_ln23 = store i8 %gmem1_addr_read, i8 %conv1_ap_fixed_8_5_ap_q_mode_5_ap_o_mode_3_0_ap_fixed_8_5_ap_q_mode_5_ap_o_mode_3_0_ap_fixed_8_5_ap_q_mode_5_ap_o_mode_3_0_ap_fixed_8_5_ap_q_mode_5_ap_o_mode_3_0_local_wei_61" [../src/conv.cpp:23]   --->   Operation 143 'store' 'store_ln23' <Predicate = (i_5 == 10)> <Delay = 0.00>
ST_2 : Operation 144 [1/1] (0.00ns)   --->   "%br_ln23 = br void %arrayidx2.exit" [../src/conv.cpp:23]   --->   Operation 144 'br' 'br_ln23' <Predicate = (i_5 == 10)> <Delay = 0.00>
ST_2 : Operation 145 [1/1] (0.00ns)   --->   "%store_ln23 = store i8 %gmem1_addr_read, i8 %conv1_ap_fixed_ap_fixed_ap_fixed_ap_fixed_8_5_5_3_0_local_weight" [../src/conv.cpp:23]   --->   Operation 145 'store' 'store_ln23' <Predicate = (i_5 == 9)> <Delay = 0.00>
ST_2 : Operation 146 [1/1] (0.00ns)   --->   "%br_ln23 = br void %arrayidx2.exit" [../src/conv.cpp:23]   --->   Operation 146 'br' 'br_ln23' <Predicate = (i_5 == 9)> <Delay = 0.00>
ST_2 : Operation 147 [1/1] (0.00ns)   --->   "%store_ln23 = store i8 %gmem1_addr_read, i8 %conv1_ap_fixed_ap_fixed_ap_fixed_ap_fixed_8_5_5_3_0_local_weight_1" [../src/conv.cpp:23]   --->   Operation 147 'store' 'store_ln23' <Predicate = (i_5 == 8)> <Delay = 0.00>
ST_2 : Operation 148 [1/1] (0.00ns)   --->   "%br_ln23 = br void %arrayidx2.exit" [../src/conv.cpp:23]   --->   Operation 148 'br' 'br_ln23' <Predicate = (i_5 == 8)> <Delay = 0.00>
ST_2 : Operation 149 [1/1] (0.00ns)   --->   "%store_ln23 = store i8 %gmem1_addr_read, i8 %conv1_ap_fixed_ap_fixed_ap_fixed_ap_fixed_8_5_5_3_0_local_weight_2" [../src/conv.cpp:23]   --->   Operation 149 'store' 'store_ln23' <Predicate = (i_5 == 7)> <Delay = 0.00>
ST_2 : Operation 150 [1/1] (0.00ns)   --->   "%br_ln23 = br void %arrayidx2.exit" [../src/conv.cpp:23]   --->   Operation 150 'br' 'br_ln23' <Predicate = (i_5 == 7)> <Delay = 0.00>
ST_2 : Operation 151 [1/1] (0.00ns)   --->   "%store_ln23 = store i8 %gmem1_addr_read, i8 %conv1_ap_fixed_ap_fixed_ap_fixed_ap_fixed_8_5_5_3_0_local_weight_3" [../src/conv.cpp:23]   --->   Operation 151 'store' 'store_ln23' <Predicate = (i_5 == 6)> <Delay = 0.00>
ST_2 : Operation 152 [1/1] (0.00ns)   --->   "%br_ln23 = br void %arrayidx2.exit" [../src/conv.cpp:23]   --->   Operation 152 'br' 'br_ln23' <Predicate = (i_5 == 6)> <Delay = 0.00>
ST_2 : Operation 153 [1/1] (0.00ns)   --->   "%store_ln23 = store i8 %gmem1_addr_read, i8 %conv1_ap_fixed_ap_fixed_ap_fixed_ap_fixed_8_5_5_3_0_local_weight_4" [../src/conv.cpp:23]   --->   Operation 153 'store' 'store_ln23' <Predicate = (i_5 == 5)> <Delay = 0.00>
ST_2 : Operation 154 [1/1] (0.00ns)   --->   "%br_ln23 = br void %arrayidx2.exit" [../src/conv.cpp:23]   --->   Operation 154 'br' 'br_ln23' <Predicate = (i_5 == 5)> <Delay = 0.00>
ST_2 : Operation 155 [1/1] (0.00ns)   --->   "%store_ln23 = store i8 %gmem1_addr_read, i8 %conv1_ap_fixed_ap_fixed_ap_fixed_ap_fixed_8_5_5_3_0_local_weight_5" [../src/conv.cpp:23]   --->   Operation 155 'store' 'store_ln23' <Predicate = (i_5 == 4)> <Delay = 0.00>
ST_2 : Operation 156 [1/1] (0.00ns)   --->   "%br_ln23 = br void %arrayidx2.exit" [../src/conv.cpp:23]   --->   Operation 156 'br' 'br_ln23' <Predicate = (i_5 == 4)> <Delay = 0.00>
ST_2 : Operation 157 [1/1] (0.00ns)   --->   "%store_ln23 = store i8 %gmem1_addr_read, i8 %conv1_ap_fixed_ap_fixed_ap_fixed_ap_fixed_8_5_5_3_0_local_weight_6" [../src/conv.cpp:23]   --->   Operation 157 'store' 'store_ln23' <Predicate = (i_5 == 3)> <Delay = 0.00>
ST_2 : Operation 158 [1/1] (0.00ns)   --->   "%br_ln23 = br void %arrayidx2.exit" [../src/conv.cpp:23]   --->   Operation 158 'br' 'br_ln23' <Predicate = (i_5 == 3)> <Delay = 0.00>
ST_2 : Operation 159 [1/1] (0.00ns)   --->   "%store_ln23 = store i8 %gmem1_addr_read, i8 %conv1_ap_fixed_ap_fixed_ap_fixed_ap_fixed_8_5_5_3_0_local_weight_7" [../src/conv.cpp:23]   --->   Operation 159 'store' 'store_ln23' <Predicate = (i_5 == 2)> <Delay = 0.00>
ST_2 : Operation 160 [1/1] (0.00ns)   --->   "%br_ln23 = br void %arrayidx2.exit" [../src/conv.cpp:23]   --->   Operation 160 'br' 'br_ln23' <Predicate = (i_5 == 2)> <Delay = 0.00>
ST_2 : Operation 161 [1/1] (0.00ns)   --->   "%store_ln23 = store i8 %gmem1_addr_read, i8 %conv1_ap_fixed_ap_fixed_ap_fixed_ap_fixed_8_5_5_3_0_local_weight_8" [../src/conv.cpp:23]   --->   Operation 161 'store' 'store_ln23' <Predicate = (i_5 == 1)> <Delay = 0.00>
ST_2 : Operation 162 [1/1] (0.00ns)   --->   "%br_ln23 = br void %arrayidx2.exit" [../src/conv.cpp:23]   --->   Operation 162 'br' 'br_ln23' <Predicate = (i_5 == 1)> <Delay = 0.00>
ST_2 : Operation 163 [1/1] (0.00ns)   --->   "%store_ln23 = store i8 %gmem1_addr_read, i8 %conv1_ap_fixed_ap_fixed_ap_fixed_ap_fixed_8_5_5_3_0_local_weight_9" [../src/conv.cpp:23]   --->   Operation 163 'store' 'store_ln23' <Predicate = (i_5 == 0)> <Delay = 0.00>
ST_2 : Operation 164 [1/1] (0.00ns)   --->   "%br_ln23 = br void %arrayidx2.exit" [../src/conv.cpp:23]   --->   Operation 164 'br' 'br_ln23' <Predicate = (i_5 == 0)> <Delay = 0.00>
ST_2 : Operation 165 [1/1] (0.00ns)   --->   "%store_ln23 = store i8 %gmem1_addr_read, i8 %p_ZZ5conv1P8ap_fixedILi8ELi5EL9ap_q_mode5EL9ap_o_mode3ELi0EES3_S3_S3_E12local_wei" [../src/conv.cpp:23]   --->   Operation 165 'store' 'store_ln23' <Predicate = (i_5 != 0 & i_5 != 1 & i_5 != 2 & i_5 != 3 & i_5 != 4 & i_5 != 5 & i_5 != 6 & i_5 != 7 & i_5 != 8 & i_5 != 9 & i_5 != 10 & i_5 != 11 & i_5 != 12 & i_5 != 13 & i_5 != 14 & i_5 != 15 & i_5 != 16 & i_5 != 17 & i_5 != 18 & i_5 != 19 & i_5 != 20 & i_5 != 21 & i_5 != 22 & i_5 != 23 & i_5 != 24 & i_5 != 25 & i_5 != 26 & i_5 != 27 & i_5 != 28 & i_5 != 29 & i_5 != 30 & i_5 != 31 & i_5 != 32 & i_5 != 33 & i_5 != 34 & i_5 != 35 & i_5 != 36 & i_5 != 37 & i_5 != 38 & i_5 != 39 & i_5 != 40 & i_5 != 41 & i_5 != 42 & i_5 != 43 & i_5 != 44 & i_5 != 45 & i_5 != 46 & i_5 != 47 & i_5 != 48 & i_5 != 49 & i_5 != 50 & i_5 != 51 & i_5 != 52 & i_5 != 53 & i_5 != 54 & i_5 != 55 & i_5 != 56 & i_5 != 57 & i_5 != 58 & i_5 != 59 & i_5 != 60 & i_5 != 61 & i_5 != 62 & i_5 != 63 & i_5 != 64 & i_5 != 65 & i_5 != 66 & i_5 != 67 & i_5 != 68 & i_5 != 69 & i_5 != 70)> <Delay = 0.00>
ST_2 : Operation 166 [1/1] (0.00ns)   --->   "%br_ln23 = br void %arrayidx2.exit" [../src/conv.cpp:23]   --->   Operation 166 'br' 'br_ln23' <Predicate = (i_5 != 0 & i_5 != 1 & i_5 != 2 & i_5 != 3 & i_5 != 4 & i_5 != 5 & i_5 != 6 & i_5 != 7 & i_5 != 8 & i_5 != 9 & i_5 != 10 & i_5 != 11 & i_5 != 12 & i_5 != 13 & i_5 != 14 & i_5 != 15 & i_5 != 16 & i_5 != 17 & i_5 != 18 & i_5 != 19 & i_5 != 20 & i_5 != 21 & i_5 != 22 & i_5 != 23 & i_5 != 24 & i_5 != 25 & i_5 != 26 & i_5 != 27 & i_5 != 28 & i_5 != 29 & i_5 != 30 & i_5 != 31 & i_5 != 32 & i_5 != 33 & i_5 != 34 & i_5 != 35 & i_5 != 36 & i_5 != 37 & i_5 != 38 & i_5 != 39 & i_5 != 40 & i_5 != 41 & i_5 != 42 & i_5 != 43 & i_5 != 44 & i_5 != 45 & i_5 != 46 & i_5 != 47 & i_5 != 48 & i_5 != 49 & i_5 != 50 & i_5 != 51 & i_5 != 52 & i_5 != 53 & i_5 != 54 & i_5 != 55 & i_5 != 56 & i_5 != 57 & i_5 != 58 & i_5 != 59 & i_5 != 60 & i_5 != 61 & i_5 != 62 & i_5 != 63 & i_5 != 64 & i_5 != 65 & i_5 != 66 & i_5 != 67 & i_5 != 68 & i_5 != 69 & i_5 != 70)> <Delay = 0.00>


============================================================
+ Verbose Summary: Timing violations
============================================================
Target clock period: 10.000ns, clock uncertainty: 1.250ns.

 <State 1>: 5.046ns
The critical path consists of the following:
	'store' operation ('store_ln21', ../src/conv.cpp:21) of constant 0 7 bit on local variable 'i', ../src/conv.cpp:21 [79]  (1.588 ns)
	'load' operation 7 bit ('i', ../src/conv.cpp:21) on local variable 'i', ../src/conv.cpp:21 [82]  (0.000 ns)
	'icmp' operation 1 bit ('icmp_ln21', ../src/conv.cpp:21) [83]  (1.870 ns)
	'store' operation ('store_ln21', ../src/conv.cpp:21) of variable 'add_ln21', ../src/conv.cpp:21 7 bit on local variable 'i', ../src/conv.cpp:21 [310]  (1.588 ns)

 <State 2>: 8.750ns
The critical path consists of the following:
	bus read operation ('gmem1_addr_read', ../src/conv.cpp:23) on port 'gmem1' (../src/conv.cpp:23) [91]  (8.750 ns)
	'store' operation ('store_ln23', ../src/conv.cpp:23) of variable 'gmem1_addr_read', ../src/conv.cpp:23 8 bit on static variable 'conv1_ap_fixed_8_5_ap_q_mode_5_ap_o_mode_3_0_ap_fixed_8_5_ap_q_mode_5_ap_o_mode_3_0_ap_fixed_8_5_ap_q_mode_5_ap_o_mode_3_0_ap_fixed_8_5_ap_q_mode_5_ap_o_mode_3_0_local_wei_29' [178]  (0.000 ns)


============================================================
+ Verbose Summary: Binding
============================================================
N/A
* FSMD analyzer results:
  - Output states:
 - Input state : 
  - Chain level:
	State 1
	State 2


============================================================
+ Verbose Summary: Datapath Resource usage 
============================================================
N/A
