

================================================================
== Vitis HLS Report for 'conv1'
================================================================
* Date:           Sun Mar 15 23:46:45 2026

* Version:        2025.2 (Build 6295257 on Nov 14 2025)
* Project:        top
* Solution:       hls (Vivado IP Flow Target)
* Product family: zynq
* Target device:  xc7z020-clg484-1


================================================================
== Performance Estimates
================================================================
+ Timing: 
    * Summary: 
    +--------+----------+----------+------------+
    |  Clock |  Target  | Estimated| Uncertainty|
    +--------+----------+----------+------------+
    |ap_clk  |  10.00 ns|  8.750 ns|     1.25 ns|
    +--------+----------+----------+------------+

+ Latency: 
    * Summary: 
    +---------+---------+-----------+-----------+------+------+---------+
    |  Latency (cycles) |   Latency (absolute)  |   Interval  | Pipeline|
    |   min   |   max   |    min    |    max    |  min |  max |   Type  |
    +---------+---------+-----------+-----------+------+------+---------+
    |     7085|     7085|  70.850 us|  70.850 us|  7085|  7085|       no|
    +---------+---------+-----------+-----------+------+------+---------+

    + Detail: 
        * Instance: 
        N/A

        * Loop: 
        N/A

============================================================
+ Verbose Summary: Synthesis Manager
============================================================
InlineROM: 1
ExposeGlobal: 0
============================================================
+ Verbose Summary: CDFG Model
============================================================
IsTopModel: 0
ResetActiveHigh: 1
IsCombinational: 0
IsDatapathOnly: 0
HasWiredReturn: 1
HasMFsm: 0
HasVarLatency: 1
IsPipeline: 0
IsRtlPipelined: 0
IsInstanceOverlapped: 0
IsDontTouch: 0
HasImplIP: 0
IsGatedGlobalClock: 0


============================================================
+ Verbose Summary: Schedule
============================================================
* Number of FSM states : 12
* Pipeline : 0
* Dataflow Pipeline: 0

* FSM state transitions: 
1 --> 2 
2 --> 3 
3 --> 4 
4 --> 5 
5 --> 6 
6 --> 7 
7 --> 8 
8 --> 9 
9 --> 10 
10 --> 11 
11 --> 12 
12 --> 

* FSM state operations: 

State 1 <SV = 0> <Delay = 8.75>
ST_1 : Operation 13 [1/1] (0.00ns)   --->   "%input_read = read i64 @_ssdm_op_Read.ap_auto.i64, i64 %input_r"   --->   Operation 13 'read' 'input_read' <Predicate = true> <Delay = 0.00>
ST_1 : Operation 14 [1/1] (0.00ns)   --->   "%temp = alloca i64 1" [../src/conv.cpp:10]   --->   Operation 14 'alloca' 'temp' <Predicate = true> <Delay = 0.00> <CoreInst = "RAM_2P_BRAM">   --->   Core 90 'RAM_2P_BRAM' <Latency = 1> <II = 1> <Delay = 3.25> <Storage> <Opcode : 'load' 'store'> <Ports = 2> <Width = 8> <Depth = 49> <RAM>
ST_1 : Operation 15 [1/1] (0.00ns)   --->   "%temp_1 = alloca i64 1" [../src/conv.cpp:10]   --->   Operation 15 'alloca' 'temp_1' <Predicate = true> <Delay = 0.00> <CoreInst = "RAM_2P_BRAM">   --->   Core 90 'RAM_2P_BRAM' <Latency = 1> <II = 1> <Delay = 3.25> <Storage> <Opcode : 'load' 'store'> <Ports = 2> <Width = 8> <Depth = 49> <RAM>
ST_1 : Operation 16 [1/1] (0.00ns)   --->   "%temp_2 = alloca i64 1" [../src/conv.cpp:10]   --->   Operation 16 'alloca' 'temp_2' <Predicate = true> <Delay = 0.00> <CoreInst = "RAM_2P_BRAM">   --->   Core 90 'RAM_2P_BRAM' <Latency = 1> <II = 1> <Delay = 3.25> <Storage> <Opcode : 'load' 'store'> <Ports = 2> <Width = 8> <Depth = 49> <RAM>
ST_1 : Operation 17 [1/1] (0.00ns)   --->   "%temp_3 = alloca i64 1" [../src/conv.cpp:10]   --->   Operation 17 'alloca' 'temp_3' <Predicate = true> <Delay = 0.00> <CoreInst = "RAM_2P_BRAM">   --->   Core 90 'RAM_2P_BRAM' <Latency = 1> <II = 1> <Delay = 3.25> <Storage> <Opcode : 'load' 'store'> <Ports = 2> <Width = 8> <Depth = 49> <RAM>
ST_1 : Operation 18 [1/1] (0.00ns)   --->   "%temp_4 = alloca i64 1" [../src/conv.cpp:10]   --->   Operation 18 'alloca' 'temp_4' <Predicate = true> <Delay = 0.00> <CoreInst = "RAM_2P_BRAM">   --->   Core 90 'RAM_2P_BRAM' <Latency = 1> <II = 1> <Delay = 3.25> <Storage> <Opcode : 'load' 'store'> <Ports = 2> <Width = 8> <Depth = 49> <RAM>
ST_1 : Operation 19 [1/1] (0.00ns)   --->   "%temp_5 = alloca i64 1" [../src/conv.cpp:10]   --->   Operation 19 'alloca' 'temp_5' <Predicate = true> <Delay = 0.00> <CoreInst = "RAM_2P_BRAM">   --->   Core 90 'RAM_2P_BRAM' <Latency = 1> <II = 1> <Delay = 3.25> <Storage> <Opcode : 'load' 'store'> <Ports = 2> <Width = 8> <Depth = 49> <RAM>
ST_1 : Operation 20 [1/1] (0.00ns)   --->   "%temp_6 = alloca i64 1" [../src/conv.cpp:10]   --->   Operation 20 'alloca' 'temp_6' <Predicate = true> <Delay = 0.00> <CoreInst = "RAM_2P_BRAM">   --->   Core 90 'RAM_2P_BRAM' <Latency = 1> <II = 1> <Delay = 3.25> <Storage> <Opcode : 'load' 'store'> <Ports = 2> <Width = 8> <Depth = 49> <RAM>
ST_1 : Operation 21 [1/1] (0.00ns)   --->   "%temp_7 = alloca i64 1" [../src/conv.cpp:10]   --->   Operation 21 'alloca' 'temp_7' <Predicate = true> <Delay = 0.00> <CoreInst = "RAM_2P_BRAM">   --->   Core 90 'RAM_2P_BRAM' <Latency = 1> <II = 1> <Delay = 3.25> <Storage> <Opcode : 'load' 'store'> <Ports = 2> <Width = 8> <Depth = 49> <RAM>
ST_1 : Operation 22 [1/1] (0.00ns)   --->   "%temp_8 = alloca i64 1" [../src/conv.cpp:10]   --->   Operation 22 'alloca' 'temp_8' <Predicate = true> <Delay = 0.00> <CoreInst = "RAM_2P_BRAM">   --->   Core 90 'RAM_2P_BRAM' <Latency = 1> <II = 1> <Delay = 3.25> <Storage> <Opcode : 'load' 'store'> <Ports = 2> <Width = 8> <Depth = 49> <RAM>
ST_1 : Operation 23 [1/1] (0.00ns)   --->   "%temp_9 = alloca i64 1" [../src/conv.cpp:10]   --->   Operation 23 'alloca' 'temp_9' <Predicate = true> <Delay = 0.00> <CoreInst = "RAM_2P_BRAM">   --->   Core 90 'RAM_2P_BRAM' <Latency = 1> <II = 1> <Delay = 3.25> <Storage> <Opcode : 'load' 'store'> <Ports = 2> <Width = 8> <Depth = 49> <RAM>
ST_1 : Operation 24 [1/1] (0.00ns)   --->   "%temp_10 = alloca i64 1" [../src/conv.cpp:10]   --->   Operation 24 'alloca' 'temp_10' <Predicate = true> <Delay = 0.00> <CoreInst = "RAM_2P_BRAM">   --->   Core 90 'RAM_2P_BRAM' <Latency = 1> <II = 1> <Delay = 3.25> <Storage> <Opcode : 'load' 'store'> <Ports = 2> <Width = 8> <Depth = 49> <RAM>
ST_1 : Operation 25 [1/1] (0.00ns)   --->   "%temp_11 = alloca i64 1" [../src/conv.cpp:10]   --->   Operation 25 'alloca' 'temp_11' <Predicate = true> <Delay = 0.00> <CoreInst = "RAM_2P_BRAM">   --->   Core 90 'RAM_2P_BRAM' <Latency = 1> <II = 1> <Delay = 3.25> <Storage> <Opcode : 'load' 'store'> <Ports = 2> <Width = 8> <Depth = 49> <RAM>
ST_1 : Operation 26 [1/1] (0.00ns)   --->   "%temp_12 = alloca i64 1" [../src/conv.cpp:10]   --->   Operation 26 'alloca' 'temp_12' <Predicate = true> <Delay = 0.00> <CoreInst = "RAM_2P_BRAM">   --->   Core 90 'RAM_2P_BRAM' <Latency = 1> <II = 1> <Delay = 3.25> <Storage> <Opcode : 'load' 'store'> <Ports = 2> <Width = 8> <Depth = 49> <RAM>
ST_1 : Operation 27 [1/1] (0.00ns)   --->   "%temp_13 = alloca i64 1" [../src/conv.cpp:10]   --->   Operation 27 'alloca' 'temp_13' <Predicate = true> <Delay = 0.00> <CoreInst = "RAM_2P_BRAM">   --->   Core 90 'RAM_2P_BRAM' <Latency = 1> <II = 1> <Delay = 3.25> <Storage> <Opcode : 'load' 'store'> <Ports = 2> <Width = 8> <Depth = 49> <RAM>
ST_1 : Operation 28 [1/1] (0.00ns)   --->   "%temp_14 = alloca i64 1" [../src/conv.cpp:10]   --->   Operation 28 'alloca' 'temp_14' <Predicate = true> <Delay = 0.00> <CoreInst = "RAM_2P_BRAM">   --->   Core 90 'RAM_2P_BRAM' <Latency = 1> <II = 1> <Delay = 3.25> <Storage> <Opcode : 'load' 'store'> <Ports = 2> <Width = 8> <Depth = 49> <RAM>
ST_1 : Operation 29 [1/1] (0.00ns)   --->   "%temp_15 = alloca i64 1" [../src/conv.cpp:10]   --->   Operation 29 'alloca' 'temp_15' <Predicate = true> <Delay = 0.00> <CoreInst = "RAM_2P_BRAM">   --->   Core 90 'RAM_2P_BRAM' <Latency = 1> <II = 1> <Delay = 3.25> <Storage> <Opcode : 'load' 'store'> <Ports = 2> <Width = 8> <Depth = 49> <RAM>
ST_1 : Operation 30 [1/1] (0.00ns)   --->   "%gmem0_addr = getelementptr i8 %gmem0, i64 %input_read" [../src/conv.cpp:16]   --->   Operation 30 'getelementptr' 'gmem0_addr' <Predicate = true> <Delay = 0.00>
ST_1 : Operation 31 [8/8] (8.75ns)   --->   "%empty = readreq i1 @_ssdm_op_ReadReq.m_axi.p1i8, i8 %gmem0_addr, i64 784" [../src/conv.cpp:16]   --->   Operation 31 'readreq' 'empty' <Predicate = true> <Delay = 8.75> <CoreInst = "m_axi">   --->   Core 111 'm_axi' <Latency = 6> <II = 1> <Delay = 1.00> <Adapter> <Opcode : 'readrequnaligned' 'writerequnaligned' 'read' 'write' 'readreq' 'writereq' 'writeresp'>

State 2 <SV = 1> <Delay = 0.00>
ST_2 : Operation 32 [7/8] (8.75ns)   --->   "%empty = readreq i1 @_ssdm_op_ReadReq.m_axi.p1i8, i8 %gmem0_addr, i64 784" [../src/conv.cpp:16]   --->   Operation 32 'readreq' 'empty' <Predicate = true> <Delay = 8.75> <CoreInst = "m_axi">   --->   Core 111 'm_axi' <Latency = 6> <II = 1> <Delay = 1.00> <Adapter> <Opcode : 'readrequnaligned' 'writerequnaligned' 'read' 'write' 'readreq' 'writereq' 'writeresp'>

State 3 <SV = 2> <Delay = 0.00>
ST_3 : Operation 33 [6/8] (8.75ns)   --->   "%empty = readreq i1 @_ssdm_op_ReadReq.m_axi.p1i8, i8 %gmem0_addr, i64 784" [../src/conv.cpp:16]   --->   Operation 33 'readreq' 'empty' <Predicate = true> <Delay = 8.75> <CoreInst = "m_axi">   --->   Core 111 'm_axi' <Latency = 6> <II = 1> <Delay = 1.00> <Adapter> <Opcode : 'readrequnaligned' 'writerequnaligned' 'read' 'write' 'readreq' 'writereq' 'writeresp'>

State 4 <SV = 3> <Delay = 0.00>
ST_4 : Operation 34 [5/8] (8.75ns)   --->   "%empty = readreq i1 @_ssdm_op_ReadReq.m_axi.p1i8, i8 %gmem0_addr, i64 784" [../src/conv.cpp:16]   --->   Operation 34 'readreq' 'empty' <Predicate = true> <Delay = 8.75> <CoreInst = "m_axi">   --->   Core 111 'm_axi' <Latency = 6> <II = 1> <Delay = 1.00> <Adapter> <Opcode : 'readrequnaligned' 'writerequnaligned' 'read' 'write' 'readreq' 'writereq' 'writeresp'>

State 5 <SV = 4> <Delay = 0.00>
ST_5 : Operation 35 [4/8] (8.75ns)   --->   "%empty = readreq i1 @_ssdm_op_ReadReq.m_axi.p1i8, i8 %gmem0_addr, i64 784" [../src/conv.cpp:16]   --->   Operation 35 'readreq' 'empty' <Predicate = true> <Delay = 8.75> <CoreInst = "m_axi">   --->   Core 111 'm_axi' <Latency = 6> <II = 1> <Delay = 1.00> <Adapter> <Opcode : 'readrequnaligned' 'writerequnaligned' 'read' 'write' 'readreq' 'writereq' 'writeresp'>

State 6 <SV = 5> <Delay = 0.00>
ST_6 : Operation 36 [3/8] (8.75ns)   --->   "%empty = readreq i1 @_ssdm_op_ReadReq.m_axi.p1i8, i8 %gmem0_addr, i64 784" [../src/conv.cpp:16]   --->   Operation 36 'readreq' 'empty' <Predicate = true> <Delay = 8.75> <CoreInst = "m_axi">   --->   Core 111 'm_axi' <Latency = 6> <II = 1> <Delay = 1.00> <Adapter> <Opcode : 'readrequnaligned' 'writerequnaligned' 'read' 'write' 'readreq' 'writereq' 'writeresp'>

State 7 <SV = 6> <Delay = 0.00>
ST_7 : Operation 37 [2/8] (8.75ns)   --->   "%empty = readreq i1 @_ssdm_op_ReadReq.m_axi.p1i8, i8 %gmem0_addr, i64 784" [../src/conv.cpp:16]   --->   Operation 37 'readreq' 'empty' <Predicate = true> <Delay = 8.75> <CoreInst = "m_axi">   --->   Core 111 'm_axi' <Latency = 6> <II = 1> <Delay = 1.00> <Adapter> <Opcode : 'readrequnaligned' 'writerequnaligned' 'read' 'write' 'readreq' 'writereq' 'writeresp'>

State 8 <SV = 7> <Delay = 8.75>
ST_8 : Operation 38 [1/8] ( I:8.75ns O:8.75ns )   --->   "%empty = readreq i1 @_ssdm_op_ReadReq.m_axi.p1i8, i8 %gmem0_addr, i64 784" [../src/conv.cpp:16]   --->   Operation 38 'readreq' 'empty' <Predicate = true> <Delay = 8.75> <CoreInst = "m_axi">   --->   Core 111 'm_axi' <Latency = 6> <II = 1> <Delay = 1.00> <Adapter> <Opcode : 'readrequnaligned' 'writerequnaligned' 'read' 'write' 'readreq' 'writereq' 'writeresp'>

State 9 <SV = 8> <Delay = 0.00>
ST_9 : Operation 39 [2/2] (0.00ns)   --->   "%call_ln0 = call void @conv1_Pipeline_LOAD_1, i8 %gmem0, i64 %input_read, i8 %temp_15, i8 %temp_14, i8 %temp_13, i8 %temp_12, i8 %temp_11, i8 %temp_10, i8 %temp_9, i8 %temp_8, i8 %temp_7, i8 %temp_6, i8 %temp_5, i8 %temp_4, i8 %temp_3, i8 %temp_2, i8 %temp_1, i8 %temp"   --->   Operation 39 'call' 'call_ln0' <Predicate = true> <Delay = 0.00> <CoreType = "Generic">   --->   Generic Core

State 10 <SV = 9> <Delay = 0.00>
ST_10 : Operation 40 [1/2] (0.00ns)   --->   "%call_ln0 = call void @conv1_Pipeline_LOAD_1, i8 %gmem0, i64 %input_read, i8 %temp_15, i8 %temp_14, i8 %temp_13, i8 %temp_12, i8 %temp_11, i8 %temp_10, i8 %temp_9, i8 %temp_8, i8 %temp_7, i8 %temp_6, i8 %temp_5, i8 %temp_4, i8 %temp_3, i8 %temp_2, i8 %temp_1, i8 %temp"   --->   Operation 40 'call' 'call_ln0' <Predicate = true> <Delay = 0.00> <CoreType = "Generic">   --->   Generic Core

State 11 <SV = 10> <Delay = 0.00>
ST_11 : Operation 41 [2/2] (0.00ns)   --->   "%call_ln0 = call void @conv1_Pipeline_CO_1_H_1_W_1, i7 %outputConv_4, i7 %outputConv_3, i7 %outputConv_2, i7 %outputConv_1, i7 %outputConv_0, i8 %temp, i8 %temp_1, i8 %temp_2, i8 %temp_3, i8 %temp_4, i8 %temp_5, i8 %temp_6, i8 %temp_7, i8 %temp_8, i8 %temp_9, i8 %temp_10, i8 %temp_11, i8 %temp_12, i8 %temp_13, i8 %temp_14, i8 %temp_15"   --->   Operation 41 'call' 'call_ln0' <Predicate = true> <Delay = 0.00> <CoreType = "Generic">   --->   Generic Core

State 12 <SV = 11> <Delay = 0.00>
ST_12 : Operation 42 [1/1] (0.00ns)   --->   "%specmemcore_ln0 = specmemcore void @_ssdm_op_SpecMemCore, i7 %outputConv_0, i64 666, i64 22, i64 18446744073709551615, i1 0"   --->   Operation 42 'specmemcore' 'specmemcore_ln0' <Predicate = true> <Delay = 0.00>
ST_12 : Operation 43 [1/1] (0.00ns)   --->   "%specmemcore_ln0 = specmemcore void @_ssdm_op_SpecMemCore, i7 %outputConv_1, i64 666, i64 22, i64 18446744073709551615, i1 0"   --->   Operation 43 'specmemcore' 'specmemcore_ln0' <Predicate = true> <Delay = 0.00>
ST_12 : Operation 44 [1/1] (0.00ns)   --->   "%specmemcore_ln0 = specmemcore void @_ssdm_op_SpecMemCore, i7 %outputConv_2, i64 666, i64 22, i64 18446744073709551615, i1 0"   --->   Operation 44 'specmemcore' 'specmemcore_ln0' <Predicate = true> <Delay = 0.00>
ST_12 : Operation 45 [1/1] (0.00ns)   --->   "%specmemcore_ln0 = specmemcore void @_ssdm_op_SpecMemCore, i7 %outputConv_3, i64 666, i64 22, i64 18446744073709551615, i1 0"   --->   Operation 45 'specmemcore' 'specmemcore_ln0' <Predicate = true> <Delay = 0.00>
ST_12 : Operation 46 [1/1] (0.00ns)   --->   "%specmemcore_ln0 = specmemcore void @_ssdm_op_SpecMemCore, i7 %outputConv_4, i64 666, i64 22, i64 18446744073709551615, i1 0"   --->   Operation 46 'specmemcore' 'specmemcore_ln0' <Predicate = true> <Delay = 0.00>
ST_12 : Operation 47 [1/1] (0.00ns)   --->   "%specinterface_ln0 = specinterface void @_ssdm_op_SpecInterface, i8 %gmem0, void @empty_21, i32 0, i32 0, void @empty_22, i32 0, i32 848, void @empty_14, void @empty, void @empty_22, i32 16, i32 16, i32 16, i32 16, void @empty_22, void @empty_22, i32 4294967295, i32 0, i32 0, i32 1"   --->   Operation 47 'specinterface' 'specinterface_ln0' <Predicate = true> <Delay = 0.00>
ST_12 : Operation 48 [1/1] (0.00ns)   --->   "%specmemcore_ln14 = specmemcore void @_ssdm_op_SpecMemCore, i8 %temp_15, i64 666, i64 22, i64 18446744073709551615, i1 0" [../src/conv.cpp:14]   --->   Operation 48 'specmemcore' 'specmemcore_ln14' <Predicate = true> <Delay = 0.00>
ST_12 : Operation 49 [1/1] (0.00ns)   --->   "%specmemcore_ln14 = specmemcore void @_ssdm_op_SpecMemCore, i8 %temp_14, i64 666, i64 22, i64 18446744073709551615, i1 0" [../src/conv.cpp:14]   --->   Operation 49 'specmemcore' 'specmemcore_ln14' <Predicate = true> <Delay = 0.00>
ST_12 : Operation 50 [1/1] (0.00ns)   --->   "%specmemcore_ln14 = specmemcore void @_ssdm_op_SpecMemCore, i8 %temp_13, i64 666, i64 22, i64 18446744073709551615, i1 0" [../src/conv.cpp:14]   --->   Operation 50 'specmemcore' 'specmemcore_ln14' <Predicate = true> <Delay = 0.00>
ST_12 : Operation 51 [1/1] (0.00ns)   --->   "%specmemcore_ln14 = specmemcore void @_ssdm_op_SpecMemCore, i8 %temp_12, i64 666, i64 22, i64 18446744073709551615, i1 0" [../src/conv.cpp:14]   --->   Operation 51 'specmemcore' 'specmemcore_ln14' <Predicate = true> <Delay = 0.00>
ST_12 : Operation 52 [1/1] (0.00ns)   --->   "%specmemcore_ln14 = specmemcore void @_ssdm_op_SpecMemCore, i8 %temp_11, i64 666, i64 22, i64 18446744073709551615, i1 0" [../src/conv.cpp:14]   --->   Operation 52 'specmemcore' 'specmemcore_ln14' <Predicate = true> <Delay = 0.00>
ST_12 : Operation 53 [1/1] (0.00ns)   --->   "%specmemcore_ln14 = specmemcore void @_ssdm_op_SpecMemCore, i8 %temp_10, i64 666, i64 22, i64 18446744073709551615, i1 0" [../src/conv.cpp:14]   --->   Operation 53 'specmemcore' 'specmemcore_ln14' <Predicate = true> <Delay = 0.00>
ST_12 : Operation 54 [1/1] (0.00ns)   --->   "%specmemcore_ln14 = specmemcore void @_ssdm_op_SpecMemCore, i8 %temp_9, i64 666, i64 22, i64 18446744073709551615, i1 0" [../src/conv.cpp:14]   --->   Operation 54 'specmemcore' 'specmemcore_ln14' <Predicate = true> <Delay = 0.00>
ST_12 : Operation 55 [1/1] (0.00ns)   --->   "%specmemcore_ln14 = specmemcore void @_ssdm_op_SpecMemCore, i8 %temp_8, i64 666, i64 22, i64 18446744073709551615, i1 0" [../src/conv.cpp:14]   --->   Operation 55 'specmemcore' 'specmemcore_ln14' <Predicate = true> <Delay = 0.00>
ST_12 : Operation 56 [1/1] (0.00ns)   --->   "%specmemcore_ln14 = specmemcore void @_ssdm_op_SpecMemCore, i8 %temp_7, i64 666, i64 22, i64 18446744073709551615, i1 0" [../src/conv.cpp:14]   --->   Operation 56 'specmemcore' 'specmemcore_ln14' <Predicate = true> <Delay = 0.00>
ST_12 : Operation 57 [1/1] (0.00ns)   --->   "%specmemcore_ln14 = specmemcore void @_ssdm_op_SpecMemCore, i8 %temp_6, i64 666, i64 22, i64 18446744073709551615, i1 0" [../src/conv.cpp:14]   --->   Operation 57 'specmemcore' 'specmemcore_ln14' <Predicate = true> <Delay = 0.00>
ST_12 : Operation 58 [1/1] (0.00ns)   --->   "%specmemcore_ln14 = specmemcore void @_ssdm_op_SpecMemCore, i8 %temp_5, i64 666, i64 22, i64 18446744073709551615, i1 0" [../src/conv.cpp:14]   --->   Operation 58 'specmemcore' 'specmemcore_ln14' <Predicate = true> <Delay = 0.00>
ST_12 : Operation 59 [1/1] (0.00ns)   --->   "%specmemcore_ln14 = specmemcore void @_ssdm_op_SpecMemCore, i8 %temp_4, i64 666, i64 22, i64 18446744073709551615, i1 0" [../src/conv.cpp:14]   --->   Operation 59 'specmemcore' 'specmemcore_ln14' <Predicate = true> <Delay = 0.00>
ST_12 : Operation 60 [1/1] (0.00ns)   --->   "%specmemcore_ln14 = specmemcore void @_ssdm_op_SpecMemCore, i8 %temp_3, i64 666, i64 22, i64 18446744073709551615, i1 0" [../src/conv.cpp:14]   --->   Operation 60 'specmemcore' 'specmemcore_ln14' <Predicate = true> <Delay = 0.00>
ST_12 : Operation 61 [1/1] (0.00ns)   --->   "%specmemcore_ln14 = specmemcore void @_ssdm_op_SpecMemCore, i8 %temp_2, i64 666, i64 22, i64 18446744073709551615, i1 0" [../src/conv.cpp:14]   --->   Operation 61 'specmemcore' 'specmemcore_ln14' <Predicate = true> <Delay = 0.00>
ST_12 : Operation 62 [1/1] (0.00ns)   --->   "%specmemcore_ln14 = specmemcore void @_ssdm_op_SpecMemCore, i8 %temp_1, i64 666, i64 22, i64 18446744073709551615, i1 0" [../src/conv.cpp:14]   --->   Operation 62 'specmemcore' 'specmemcore_ln14' <Predicate = true> <Delay = 0.00>
ST_12 : Operation 63 [1/1] (0.00ns)   --->   "%specmemcore_ln14 = specmemcore void @_ssdm_op_SpecMemCore, i8 %temp, i64 666, i64 22, i64 18446744073709551615, i1 0" [../src/conv.cpp:14]   --->   Operation 63 'specmemcore' 'specmemcore_ln14' <Predicate = true> <Delay = 0.00>
ST_12 : Operation 64 [1/2] (0.00ns)   --->   "%call_ln0 = call void @conv1_Pipeline_CO_1_H_1_W_1, i7 %outputConv_4, i7 %outputConv_3, i7 %outputConv_2, i7 %outputConv_1, i7 %outputConv_0, i8 %temp, i8 %temp_1, i8 %temp_2, i8 %temp_3, i8 %temp_4, i8 %temp_5, i8 %temp_6, i8 %temp_7, i8 %temp_8, i8 %temp_9, i8 %temp_10, i8 %temp_11, i8 %temp_12, i8 %temp_13, i8 %temp_14, i8 %temp_15"   --->   Operation 64 'call' 'call_ln0' <Predicate = true> <Delay = 0.00> <CoreType = "Generic">   --->   Generic Core
ST_12 : Operation 65 [1/1] (0.00ns)   --->   "%ret_ln50 = ret" [../src/conv.cpp:50]   --->   Operation 65 'ret' 'ret_ln50' <Predicate = true> <Delay = 0.00>


============================================================
+ Verbose Summary: Timing violations
============================================================
Target clock period: 10.000ns, clock uncertainty: 1.250ns.

 <State 1>: 8.750ns
The critical path consists of the following:
	wire read operation ('input_read') on port 'input_r' [14]  (0.000 ns)
	'getelementptr' operation 8 bit ('gmem0_addr', ../src/conv.cpp:16) [47]  (0.000 ns)
	bus request operation ('empty', ../src/conv.cpp:16) on port 'gmem0' (../src/conv.cpp:16) [48]  (0.000 ns)
	blocking operation 8.75 ns on control path)

 <State 2>: 0.000ns
The critical path consists of the following:

 <State 3>: 0.000ns
The critical path consists of the following:

 <State 4>: 0.000ns
The critical path consists of the following:

 <State 5>: 0.000ns
The critical path consists of the following:

 <State 6>: 0.000ns
The critical path consists of the following:

 <State 7>: 0.000ns
The critical path consists of the following:

 <State 8>: 8.750ns
The critical path consists of the following:
	bus request operation ('empty', ../src/conv.cpp:16) on port 'gmem0' (../src/conv.cpp:16) [48]  (8.750 ns)

 <State 9>: 0.000ns
The critical path consists of the following:

 <State 10>: 0.000ns
The critical path consists of the following:

 <State 11>: 0.000ns
The critical path consists of the following:

 <State 12>: 0.000ns
The critical path consists of the following:


============================================================
+ Verbose Summary: Binding
============================================================
N/A
* FSMD analyzer results:
  - Output states:
 - Input state : 
  - Chain level:
	State 1
	State 2
	State 3
	State 4
	State 5
	State 6
	State 7
	State 8
	State 9
	State 10
	State 11
	State 12


============================================================
+ Verbose Summary: Datapath Resource usage 
============================================================
N/A
