

================================================================
== Vitis HLS Report for 'conv1_Pipeline_LOAD_1'
================================================================
* Date:           Sat Mar  7 18:28:20 2026

* Version:        2025.2 (Build 6295257 on Nov 14 2025)
* Project:        top
* Solution:       hls (Vivado IP Flow Target)
* Product family: zynq
* Target device:  xc7z020-clg484-1


================================================================
== Performance Estimates
================================================================
+ Timing: 
    * Summary: 
    +--------+----------+----------+------------+
    |  Clock |  Target  | Estimated| Uncertainty|
    +--------+----------+----------+------------+
    |ap_clk  |  10.00 ns|  8.750 ns|     1.25 ns|
    +--------+----------+----------+------------+

+ Latency: 
    * Summary: 
    +---------+---------+----------+----------+-----+-----+-------------------+
    |  Latency (cycles) |  Latency (absolute) |  Interval |      Pipeline     |
    |   min   |   max   |    min   |    max   | min | max |        Type       |
    +---------+---------+----------+----------+-----+-----+-------------------+
    |      787|      787|  7.870 us|  7.870 us|    0|    0|  loop pipeline stp|
    +---------+---------+----------+----------+-----+-----+-------------------+

    + Detail: 
        * Instance: 
        N/A

        * Loop: 
        +----------+---------+---------+----------+-----------+-----------+------+----------+
        |          |  Latency (cycles) | Iteration|  Initiation Interval  | Trip |          |
        | Loop Name|   min   |   max   |  Latency |  achieved |   target  | Count| Pipelined|
        +----------+---------+---------+----------+-----------+-----------+------+----------+
        |- LOAD_1  |      785|      785|         3|          1|          1|   784|       yes|
        +----------+---------+---------+----------+-----------+-----------+------+----------+

============================================================
+ Verbose Summary: Synthesis Manager
============================================================
InlineROM: 1
ExposeGlobal: 0
============================================================
+ Verbose Summary: CDFG Model
============================================================
IsTopModel: 0
ResetActiveHigh: 1
IsCombinational: 0
IsDatapathOnly: 0
HasWiredReturn: 1
HasMFsm: 2
HasVarLatency: 1
IsPipeline: 0
IsRtlPipelined: 0
IsInstanceOverlapped: 0
IsDontTouch: 0
HasImplIP: 0
IsGatedGlobalClock: 0

+ Individual pipeline summary: 
  * Pipeline-0: initiation interval (II) = 1, depth = 3


============================================================
+ Verbose Summary: Schedule
============================================================
* Number of FSM states : 3
* Pipeline : 1
  Pipeline-0 : II = 1, D = 3, States = { 1 2 3 }
* Dataflow Pipeline: 0

* FSM state transitions: 
1 --> 2 
2 --> 3 
3 --> 

* FSM state operations: 

State 1 <SV = 0> <Delay = 4.90>
ST_1 : Operation 6 [1/1] (0.00ns)   --->   "%i = alloca i32 1" [../src/conv.cpp:31]   --->   Operation 6 'alloca' 'i' <Predicate = true> <Delay = 0.00>
ST_1 : Operation 7 [1/1] (0.00ns)   --->   "%specmemcore_ln0 = specmemcore void @_ssdm_op_SpecMemCore, i8 %temp, i64 666, i64 22, i64 18446744073709551615, i1 0"   --->   Operation 7 'specmemcore' 'specmemcore_ln0' <Predicate = true> <Delay = 0.00>
ST_1 : Operation 8 [1/1] (0.00ns)   --->   "%specmemcore_ln0 = specmemcore void @_ssdm_op_SpecMemCore, i8 %temp_1, i64 666, i64 22, i64 18446744073709551615, i1 0"   --->   Operation 8 'specmemcore' 'specmemcore_ln0' <Predicate = true> <Delay = 0.00>
ST_1 : Operation 9 [1/1] (0.00ns)   --->   "%specmemcore_ln0 = specmemcore void @_ssdm_op_SpecMemCore, i8 %temp_2, i64 666, i64 22, i64 18446744073709551615, i1 0"   --->   Operation 9 'specmemcore' 'specmemcore_ln0' <Predicate = true> <Delay = 0.00>
ST_1 : Operation 10 [1/1] (0.00ns)   --->   "%specmemcore_ln0 = specmemcore void @_ssdm_op_SpecMemCore, i8 %temp_3, i64 666, i64 22, i64 18446744073709551615, i1 0"   --->   Operation 10 'specmemcore' 'specmemcore_ln0' <Predicate = true> <Delay = 0.00>
ST_1 : Operation 11 [1/1] (0.00ns)   --->   "%specmemcore_ln0 = specmemcore void @_ssdm_op_SpecMemCore, i8 %temp_4, i64 666, i64 22, i64 18446744073709551615, i1 0"   --->   Operation 11 'specmemcore' 'specmemcore_ln0' <Predicate = true> <Delay = 0.00>
ST_1 : Operation 12 [1/1] (0.00ns)   --->   "%specmemcore_ln0 = specmemcore void @_ssdm_op_SpecMemCore, i8 %temp_5, i64 666, i64 22, i64 18446744073709551615, i1 0"   --->   Operation 12 'specmemcore' 'specmemcore_ln0' <Predicate = true> <Delay = 0.00>
ST_1 : Operation 13 [1/1] (0.00ns)   --->   "%specmemcore_ln0 = specmemcore void @_ssdm_op_SpecMemCore, i8 %temp_6, i64 666, i64 22, i64 18446744073709551615, i1 0"   --->   Operation 13 'specmemcore' 'specmemcore_ln0' <Predicate = true> <Delay = 0.00>
ST_1 : Operation 14 [1/1] (0.00ns)   --->   "%specmemcore_ln0 = specmemcore void @_ssdm_op_SpecMemCore, i8 %temp_7, i64 666, i64 22, i64 18446744073709551615, i1 0"   --->   Operation 14 'specmemcore' 'specmemcore_ln0' <Predicate = true> <Delay = 0.00>
ST_1 : Operation 15 [1/1] (0.00ns)   --->   "%specmemcore_ln0 = specmemcore void @_ssdm_op_SpecMemCore, i8 %temp_8, i64 666, i64 22, i64 18446744073709551615, i1 0"   --->   Operation 15 'specmemcore' 'specmemcore_ln0' <Predicate = true> <Delay = 0.00>
ST_1 : Operation 16 [1/1] (0.00ns)   --->   "%specmemcore_ln0 = specmemcore void @_ssdm_op_SpecMemCore, i8 %temp_9, i64 666, i64 22, i64 18446744073709551615, i1 0"   --->   Operation 16 'specmemcore' 'specmemcore_ln0' <Predicate = true> <Delay = 0.00>
ST_1 : Operation 17 [1/1] (0.00ns)   --->   "%specmemcore_ln0 = specmemcore void @_ssdm_op_SpecMemCore, i8 %temp_10, i64 666, i64 22, i64 18446744073709551615, i1 0"   --->   Operation 17 'specmemcore' 'specmemcore_ln0' <Predicate = true> <Delay = 0.00>
ST_1 : Operation 18 [1/1] (0.00ns)   --->   "%specmemcore_ln0 = specmemcore void @_ssdm_op_SpecMemCore, i8 %temp_11, i64 666, i64 22, i64 18446744073709551615, i1 0"   --->   Operation 18 'specmemcore' 'specmemcore_ln0' <Predicate = true> <Delay = 0.00>
ST_1 : Operation 19 [1/1] (0.00ns)   --->   "%specmemcore_ln0 = specmemcore void @_ssdm_op_SpecMemCore, i8 %temp_12, i64 666, i64 22, i64 18446744073709551615, i1 0"   --->   Operation 19 'specmemcore' 'specmemcore_ln0' <Predicate = true> <Delay = 0.00>
ST_1 : Operation 20 [1/1] (0.00ns)   --->   "%specmemcore_ln0 = specmemcore void @_ssdm_op_SpecMemCore, i8 %temp_13, i64 666, i64 22, i64 18446744073709551615, i1 0"   --->   Operation 20 'specmemcore' 'specmemcore_ln0' <Predicate = true> <Delay = 0.00>
ST_1 : Operation 21 [1/1] (0.00ns)   --->   "%specmemcore_ln0 = specmemcore void @_ssdm_op_SpecMemCore, i8 %temp_14, i64 666, i64 22, i64 18446744073709551615, i1 0"   --->   Operation 21 'specmemcore' 'specmemcore_ln0' <Predicate = true> <Delay = 0.00>
ST_1 : Operation 22 [1/1] (0.00ns)   --->   "%specmemcore_ln0 = specmemcore void @_ssdm_op_SpecMemCore, i8 %temp_15, i64 666, i64 22, i64 18446744073709551615, i1 0"   --->   Operation 22 'specmemcore' 'specmemcore_ln0' <Predicate = true> <Delay = 0.00>
ST_1 : Operation 23 [1/1] (0.00ns)   --->   "%specinterface_ln0 = specinterface void @_ssdm_op_SpecInterface, i8 %gmem0, void @empty_7, i32 0, i32 0, void @empty_8, i32 0, i32 848, void @empty_34, void @empty_20, void @empty_8, i32 16, i32 16, i32 16, i32 16, void @empty_8, void @empty_8, i32 4294967295, i32 0, i32 0, i32 1"   --->   Operation 23 'specinterface' 'specinterface_ln0' <Predicate = true> <Delay = 0.00>
ST_1 : Operation 24 [1/1] (0.00ns)   --->   "%input_read = read i64 @_ssdm_op_Read.ap_auto.i64, i64 %input_r"   --->   Operation 24 'read' 'input_read' <Predicate = true> <Delay = 0.00>
ST_1 : Operation 25 [1/1] (1.58ns)   --->   "%store_ln31 = store i10 0, i10 %i" [../src/conv.cpp:31]   --->   Operation 25 'store' 'store_ln31' <Predicate = true> <Delay = 1.58>
ST_1 : Operation 26 [1/1] (0.00ns)   --->   "%br_ln0 = br void %for.inc24"   --->   Operation 26 'br' 'br_ln0' <Predicate = true> <Delay = 0.00>
ST_1 : Operation 27 [1/1] (0.00ns)   --->   "%i_6 = load i10 %i" [../src/conv.cpp:31]   --->   Operation 27 'load' 'i_6' <Predicate = true> <Delay = 0.00>
ST_1 : Operation 28 [1/1] (1.73ns)   --->   "%icmp_ln31 = icmp_eq  i10 %i_6, i10 784" [../src/conv.cpp:31]   --->   Operation 28 'icmp' 'icmp_ln31' <Predicate = true> <Delay = 1.73> <CoreInst = "Cmp">   --->   Core 9 'Cmp' <Latency = 0> <II = 1> <Delay = 1.73> <FuncUnit> <Opcode : 'seteq' 'setne' 'setle' 'setge' 'setlt' 'setgt'> <InPorts = 2> <OutPorts = 1>
ST_1 : Operation 29 [1/1] (1.73ns)   --->   "%add_ln31 = add i10 %i_6, i10 1" [../src/conv.cpp:31]   --->   Operation 29 'add' 'add_ln31' <Predicate = true> <Delay = 1.73> <CoreInst = "Adder">   --->   Core 1 'Adder' <Latency = 0> <II = 1> <Delay = 1.73> <FuncUnit> <Opcode : 'add' 'sub'> <InPorts = 2> <OutPorts = 1>
ST_1 : Operation 30 [1/1] (0.00ns)   --->   "%br_ln31 = br i1 %icmp_ln31, void %for.inc24.split, void %CO_1.exitStub" [../src/conv.cpp:31]   --->   Operation 30 'br' 'br_ln31' <Predicate = true> <Delay = 0.00>
ST_1 : Operation 31 [1/1] (0.00ns)   --->   "%gmem0_addr = getelementptr i8 %gmem0, i64 %input_read" [../src/conv.cpp:31]   --->   Operation 31 'getelementptr' 'gmem0_addr' <Predicate = (!icmp_ln31)> <Delay = 0.00>
ST_1 : Operation 32 [1/1] (0.00ns)   --->   "%trunc_ln31 = trunc i10 %i_6" [../src/conv.cpp:31]   --->   Operation 32 'trunc' 'trunc_ln31' <Predicate = (!icmp_ln31)> <Delay = 0.00>
ST_1 : Operation 33 [1/1] (0.00ns)   --->   "%lshr_ln = partselect i6 @_ssdm_op_PartSelect.i6.i10.i32.i32, i10 %i_6, i32 4, i32 9" [../src/conv.cpp:31]   --->   Operation 33 'partselect' 'lshr_ln' <Predicate = (!icmp_ln31)> <Delay = 0.00>
ST_1 : Operation 34 [1/1] (1.73ns)   --->   "%switch_ln33 = switch i4 %trunc_ln31, void %arrayidx23.case.15, i4 0, void %arrayidx23.case.0, i4 1, void %arrayidx23.case.1, i4 2, void %arrayidx23.case.2, i4 3, void %arrayidx23.case.3, i4 4, void %arrayidx23.case.4, i4 5, void %arrayidx23.case.5, i4 6, void %arrayidx23.case.6, i4 7, void %arrayidx23.case.7, i4 8, void %arrayidx23.case.8, i4 9, void %arrayidx23.case.9, i4 10, void %arrayidx23.case.10, i4 11, void %arrayidx23.case.11, i4 12, void %arrayidx23.case.12, i4 13, void %arrayidx23.case.13, i4 14, void %arrayidx23.case.14" [../src/conv.cpp:33]   --->   Operation 34 'switch' 'switch_ln33' <Predicate = (!icmp_ln31)> <Delay = 1.73>
ST_1 : Operation 35 [1/1] (1.58ns)   --->   "%store_ln31 = store i10 %add_ln31, i10 %i" [../src/conv.cpp:31]   --->   Operation 35 'store' 'store_ln31' <Predicate = (!icmp_ln31)> <Delay = 1.58>
ST_1 : Operation 36 [1/1] (0.00ns)   --->   "%br_ln31 = br void %for.inc24" [../src/conv.cpp:31]   --->   Operation 36 'br' 'br_ln31' <Predicate = (!icmp_ln31)> <Delay = 0.00>

State 2 <SV = 1> <Delay = 8.75>
ST_2 : Operation 37 [1/1] ( I:8.75ns O:8.75ns )   --->   "%gmem0_addr_read = read i8 @_ssdm_op_Read.m_axi.i8.p1i8, i8 %gmem0_addr" [../src/conv.cpp:33]   --->   Operation 37 'read' 'gmem0_addr_read' <Predicate = true> <Delay = 8.75> <CoreInst = "m_axi">   --->   Core 111 'm_axi' <Latency = 3> <II = 1> <Delay = 1.00> <Adapter> <Opcode : 'readrequnaligned' 'writerequnaligned' 'read' 'write' 'readreq' 'writereq' 'writeresp'>
ST_2 : Operation 90 [1/1] (1.58ns)   --->   "%ret_ln0 = ret"   --->   Operation 90 'ret' 'ret_ln0' <Predicate = (icmp_ln31)> <Delay = 1.58>

State 3 <SV = 2> <Delay = 3.25>
ST_3 : Operation 38 [1/1] (0.00ns)   --->   "%specpipeline_ln32 = specpipeline void @_ssdm_op_SpecPipeline, i32 1, i32 0, i32 0, i32 0, i32 4294967295, void @empty_8" [../src/conv.cpp:32]   --->   Operation 38 'specpipeline' 'specpipeline_ln32' <Predicate = true> <Delay = 0.00>
ST_3 : Operation 39 [1/1] (0.00ns)   --->   "%speclooptripcount_ln31 = speclooptripcount void @_ssdm_op_SpecLoopTripCount, i64 784, i64 784, i64 784" [../src/conv.cpp:31]   --->   Operation 39 'speclooptripcount' 'speclooptripcount_ln31' <Predicate = true> <Delay = 0.00>
ST_3 : Operation 40 [1/1] (0.00ns)   --->   "%specloopname_ln31 = specloopname void @_ssdm_op_SpecLoopName, void @empty_11" [../src/conv.cpp:31]   --->   Operation 40 'specloopname' 'specloopname_ln31' <Predicate = true> <Delay = 0.00>
ST_3 : Operation 41 [1/1] (0.00ns)   --->   "%zext_ln31 = zext i6 %lshr_ln" [../src/conv.cpp:31]   --->   Operation 41 'zext' 'zext_ln31' <Predicate = true> <Delay = 0.00>
ST_3 : Operation 42 [1/1] (0.00ns)   --->   "%temp_addr = getelementptr i8 %temp, i64 0, i64 %zext_ln31" [../src/conv.cpp:33]   --->   Operation 42 'getelementptr' 'temp_addr' <Predicate = true> <Delay = 0.00>
ST_3 : Operation 43 [1/1] (0.00ns)   --->   "%temp_1_addr = getelementptr i8 %temp_1, i64 0, i64 %zext_ln31" [../src/conv.cpp:33]   --->   Operation 43 'getelementptr' 'temp_1_addr' <Predicate = true> <Delay = 0.00>
ST_3 : Operation 44 [1/1] (0.00ns)   --->   "%temp_2_addr = getelementptr i8 %temp_2, i64 0, i64 %zext_ln31" [../src/conv.cpp:33]   --->   Operation 44 'getelementptr' 'temp_2_addr' <Predicate = true> <Delay = 0.00>
ST_3 : Operation 45 [1/1] (0.00ns)   --->   "%temp_3_addr = getelementptr i8 %temp_3, i64 0, i64 %zext_ln31" [../src/conv.cpp:33]   --->   Operation 45 'getelementptr' 'temp_3_addr' <Predicate = true> <Delay = 0.00>
ST_3 : Operation 46 [1/1] (0.00ns)   --->   "%temp_4_addr = getelementptr i8 %temp_4, i64 0, i64 %zext_ln31" [../src/conv.cpp:33]   --->   Operation 46 'getelementptr' 'temp_4_addr' <Predicate = true> <Delay = 0.00>
ST_3 : Operation 47 [1/1] (0.00ns)   --->   "%temp_5_addr = getelementptr i8 %temp_5, i64 0, i64 %zext_ln31" [../src/conv.cpp:33]   --->   Operation 47 'getelementptr' 'temp_5_addr' <Predicate = true> <Delay = 0.00>
ST_3 : Operation 48 [1/1] (0.00ns)   --->   "%temp_6_addr = getelementptr i8 %temp_6, i64 0, i64 %zext_ln31" [../src/conv.cpp:33]   --->   Operation 48 'getelementptr' 'temp_6_addr' <Predicate = true> <Delay = 0.00>
ST_3 : Operation 49 [1/1] (0.00ns)   --->   "%temp_7_addr = getelementptr i8 %temp_7, i64 0, i64 %zext_ln31" [../src/conv.cpp:33]   --->   Operation 49 'getelementptr' 'temp_7_addr' <Predicate = true> <Delay = 0.00>
ST_3 : Operation 50 [1/1] (0.00ns)   --->   "%temp_8_addr = getelementptr i8 %temp_8, i64 0, i64 %zext_ln31" [../src/conv.cpp:33]   --->   Operation 50 'getelementptr' 'temp_8_addr' <Predicate = true> <Delay = 0.00>
ST_3 : Operation 51 [1/1] (0.00ns)   --->   "%temp_9_addr = getelementptr i8 %temp_9, i64 0, i64 %zext_ln31" [../src/conv.cpp:33]   --->   Operation 51 'getelementptr' 'temp_9_addr' <Predicate = true> <Delay = 0.00>
ST_3 : Operation 52 [1/1] (0.00ns)   --->   "%temp_10_addr = getelementptr i8 %temp_10, i64 0, i64 %zext_ln31" [../src/conv.cpp:33]   --->   Operation 52 'getelementptr' 'temp_10_addr' <Predicate = true> <Delay = 0.00>
ST_3 : Operation 53 [1/1] (0.00ns)   --->   "%temp_11_addr = getelementptr i8 %temp_11, i64 0, i64 %zext_ln31" [../src/conv.cpp:33]   --->   Operation 53 'getelementptr' 'temp_11_addr' <Predicate = true> <Delay = 0.00>
ST_3 : Operation 54 [1/1] (0.00ns)   --->   "%temp_12_addr = getelementptr i8 %temp_12, i64 0, i64 %zext_ln31" [../src/conv.cpp:33]   --->   Operation 54 'getelementptr' 'temp_12_addr' <Predicate = true> <Delay = 0.00>
ST_3 : Operation 55 [1/1] (0.00ns)   --->   "%temp_13_addr = getelementptr i8 %temp_13, i64 0, i64 %zext_ln31" [../src/conv.cpp:33]   --->   Operation 55 'getelementptr' 'temp_13_addr' <Predicate = true> <Delay = 0.00>
ST_3 : Operation 56 [1/1] (0.00ns)   --->   "%temp_14_addr = getelementptr i8 %temp_14, i64 0, i64 %zext_ln31" [../src/conv.cpp:33]   --->   Operation 56 'getelementptr' 'temp_14_addr' <Predicate = true> <Delay = 0.00>
ST_3 : Operation 57 [1/1] (0.00ns)   --->   "%temp_15_addr = getelementptr i8 %temp_15, i64 0, i64 %zext_ln31" [../src/conv.cpp:33]   --->   Operation 57 'getelementptr' 'temp_15_addr' <Predicate = true> <Delay = 0.00>
ST_3 : Operation 58 [1/1] ( I:3.25ns O:3.25ns )   --->   "%store_ln33 = store i8 %gmem0_addr_read, i6 %temp_14_addr" [../src/conv.cpp:33]   --->   Operation 58 'store' 'store_ln33' <Predicate = (trunc_ln31 == 14)> <Delay = 3.25> <CoreInst = "RAM_2P_BRAM">   --->   Core 90 'RAM_2P_BRAM' <Latency = 1> <II = 1> <Delay = 3.25> <Storage> <Opcode : 'load' 'store'> <Ports = 2> <Width = 8> <Depth = 49> <RAM>
ST_3 : Operation 59 [1/1] (0.00ns)   --->   "%br_ln33 = br void %arrayidx23.exit" [../src/conv.cpp:33]   --->   Operation 59 'br' 'br_ln33' <Predicate = (trunc_ln31 == 14)> <Delay = 0.00>
ST_3 : Operation 60 [1/1] ( I:3.25ns O:3.25ns )   --->   "%store_ln33 = store i8 %gmem0_addr_read, i6 %temp_13_addr" [../src/conv.cpp:33]   --->   Operation 60 'store' 'store_ln33' <Predicate = (trunc_ln31 == 13)> <Delay = 3.25> <CoreInst = "RAM_2P_BRAM">   --->   Core 90 'RAM_2P_BRAM' <Latency = 1> <II = 1> <Delay = 3.25> <Storage> <Opcode : 'load' 'store'> <Ports = 2> <Width = 8> <Depth = 49> <RAM>
ST_3 : Operation 61 [1/1] (0.00ns)   --->   "%br_ln33 = br void %arrayidx23.exit" [../src/conv.cpp:33]   --->   Operation 61 'br' 'br_ln33' <Predicate = (trunc_ln31 == 13)> <Delay = 0.00>
ST_3 : Operation 62 [1/1] ( I:3.25ns O:3.25ns )   --->   "%store_ln33 = store i8 %gmem0_addr_read, i6 %temp_12_addr" [../src/conv.cpp:33]   --->   Operation 62 'store' 'store_ln33' <Predicate = (trunc_ln31 == 12)> <Delay = 3.25> <CoreInst = "RAM_2P_BRAM">   --->   Core 90 'RAM_2P_BRAM' <Latency = 1> <II = 1> <Delay = 3.25> <Storage> <Opcode : 'load' 'store'> <Ports = 2> <Width = 8> <Depth = 49> <RAM>
ST_3 : Operation 63 [1/1] (0.00ns)   --->   "%br_ln33 = br void %arrayidx23.exit" [../src/conv.cpp:33]   --->   Operation 63 'br' 'br_ln33' <Predicate = (trunc_ln31 == 12)> <Delay = 0.00>
ST_3 : Operation 64 [1/1] ( I:3.25ns O:3.25ns )   --->   "%store_ln33 = store i8 %gmem0_addr_read, i6 %temp_11_addr" [../src/conv.cpp:33]   --->   Operation 64 'store' 'store_ln33' <Predicate = (trunc_ln31 == 11)> <Delay = 3.25> <CoreInst = "RAM_2P_BRAM">   --->   Core 90 'RAM_2P_BRAM' <Latency = 1> <II = 1> <Delay = 3.25> <Storage> <Opcode : 'load' 'store'> <Ports = 2> <Width = 8> <Depth = 49> <RAM>
ST_3 : Operation 65 [1/1] (0.00ns)   --->   "%br_ln33 = br void %arrayidx23.exit" [../src/conv.cpp:33]   --->   Operation 65 'br' 'br_ln33' <Predicate = (trunc_ln31 == 11)> <Delay = 0.00>
ST_3 : Operation 66 [1/1] ( I:3.25ns O:3.25ns )   --->   "%store_ln33 = store i8 %gmem0_addr_read, i6 %temp_10_addr" [../src/conv.cpp:33]   --->   Operation 66 'store' 'store_ln33' <Predicate = (trunc_ln31 == 10)> <Delay = 3.25> <CoreInst = "RAM_2P_BRAM">   --->   Core 90 'RAM_2P_BRAM' <Latency = 1> <II = 1> <Delay = 3.25> <Storage> <Opcode : 'load' 'store'> <Ports = 2> <Width = 8> <Depth = 49> <RAM>
ST_3 : Operation 67 [1/1] (0.00ns)   --->   "%br_ln33 = br void %arrayidx23.exit" [../src/conv.cpp:33]   --->   Operation 67 'br' 'br_ln33' <Predicate = (trunc_ln31 == 10)> <Delay = 0.00>
ST_3 : Operation 68 [1/1] ( I:3.25ns O:3.25ns )   --->   "%store_ln33 = store i8 %gmem0_addr_read, i6 %temp_9_addr" [../src/conv.cpp:33]   --->   Operation 68 'store' 'store_ln33' <Predicate = (trunc_ln31 == 9)> <Delay = 3.25> <CoreInst = "RAM_2P_BRAM">   --->   Core 90 'RAM_2P_BRAM' <Latency = 1> <II = 1> <Delay = 3.25> <Storage> <Opcode : 'load' 'store'> <Ports = 2> <Width = 8> <Depth = 49> <RAM>
ST_3 : Operation 69 [1/1] (0.00ns)   --->   "%br_ln33 = br void %arrayidx23.exit" [../src/conv.cpp:33]   --->   Operation 69 'br' 'br_ln33' <Predicate = (trunc_ln31 == 9)> <Delay = 0.00>
ST_3 : Operation 70 [1/1] ( I:3.25ns O:3.25ns )   --->   "%store_ln33 = store i8 %gmem0_addr_read, i6 %temp_8_addr" [../src/conv.cpp:33]   --->   Operation 70 'store' 'store_ln33' <Predicate = (trunc_ln31 == 8)> <Delay = 3.25> <CoreInst = "RAM_2P_BRAM">   --->   Core 90 'RAM_2P_BRAM' <Latency = 1> <II = 1> <Delay = 3.25> <Storage> <Opcode : 'load' 'store'> <Ports = 2> <Width = 8> <Depth = 49> <RAM>
ST_3 : Operation 71 [1/1] (0.00ns)   --->   "%br_ln33 = br void %arrayidx23.exit" [../src/conv.cpp:33]   --->   Operation 71 'br' 'br_ln33' <Predicate = (trunc_ln31 == 8)> <Delay = 0.00>
ST_3 : Operation 72 [1/1] ( I:3.25ns O:3.25ns )   --->   "%store_ln33 = store i8 %gmem0_addr_read, i6 %temp_7_addr" [../src/conv.cpp:33]   --->   Operation 72 'store' 'store_ln33' <Predicate = (trunc_ln31 == 7)> <Delay = 3.25> <CoreInst = "RAM_2P_BRAM">   --->   Core 90 'RAM_2P_BRAM' <Latency = 1> <II = 1> <Delay = 3.25> <Storage> <Opcode : 'load' 'store'> <Ports = 2> <Width = 8> <Depth = 49> <RAM>
ST_3 : Operation 73 [1/1] (0.00ns)   --->   "%br_ln33 = br void %arrayidx23.exit" [../src/conv.cpp:33]   --->   Operation 73 'br' 'br_ln33' <Predicate = (trunc_ln31 == 7)> <Delay = 0.00>
ST_3 : Operation 74 [1/1] ( I:3.25ns O:3.25ns )   --->   "%store_ln33 = store i8 %gmem0_addr_read, i6 %temp_6_addr" [../src/conv.cpp:33]   --->   Operation 74 'store' 'store_ln33' <Predicate = (trunc_ln31 == 6)> <Delay = 3.25> <CoreInst = "RAM_2P_BRAM">   --->   Core 90 'RAM_2P_BRAM' <Latency = 1> <II = 1> <Delay = 3.25> <Storage> <Opcode : 'load' 'store'> <Ports = 2> <Width = 8> <Depth = 49> <RAM>
ST_3 : Operation 75 [1/1] (0.00ns)   --->   "%br_ln33 = br void %arrayidx23.exit" [../src/conv.cpp:33]   --->   Operation 75 'br' 'br_ln33' <Predicate = (trunc_ln31 == 6)> <Delay = 0.00>
ST_3 : Operation 76 [1/1] ( I:3.25ns O:3.25ns )   --->   "%store_ln33 = store i8 %gmem0_addr_read, i6 %temp_5_addr" [../src/conv.cpp:33]   --->   Operation 76 'store' 'store_ln33' <Predicate = (trunc_ln31 == 5)> <Delay = 3.25> <CoreInst = "RAM_2P_BRAM">   --->   Core 90 'RAM_2P_BRAM' <Latency = 1> <II = 1> <Delay = 3.25> <Storage> <Opcode : 'load' 'store'> <Ports = 2> <Width = 8> <Depth = 49> <RAM>
ST_3 : Operation 77 [1/1] (0.00ns)   --->   "%br_ln33 = br void %arrayidx23.exit" [../src/conv.cpp:33]   --->   Operation 77 'br' 'br_ln33' <Predicate = (trunc_ln31 == 5)> <Delay = 0.00>
ST_3 : Operation 78 [1/1] ( I:3.25ns O:3.25ns )   --->   "%store_ln33 = store i8 %gmem0_addr_read, i6 %temp_4_addr" [../src/conv.cpp:33]   --->   Operation 78 'store' 'store_ln33' <Predicate = (trunc_ln31 == 4)> <Delay = 3.25> <CoreInst = "RAM_2P_BRAM">   --->   Core 90 'RAM_2P_BRAM' <Latency = 1> <II = 1> <Delay = 3.25> <Storage> <Opcode : 'load' 'store'> <Ports = 2> <Width = 8> <Depth = 49> <RAM>
ST_3 : Operation 79 [1/1] (0.00ns)   --->   "%br_ln33 = br void %arrayidx23.exit" [../src/conv.cpp:33]   --->   Operation 79 'br' 'br_ln33' <Predicate = (trunc_ln31 == 4)> <Delay = 0.00>
ST_3 : Operation 80 [1/1] ( I:3.25ns O:3.25ns )   --->   "%store_ln33 = store i8 %gmem0_addr_read, i6 %temp_3_addr" [../src/conv.cpp:33]   --->   Operation 80 'store' 'store_ln33' <Predicate = (trunc_ln31 == 3)> <Delay = 3.25> <CoreInst = "RAM_2P_BRAM">   --->   Core 90 'RAM_2P_BRAM' <Latency = 1> <II = 1> <Delay = 3.25> <Storage> <Opcode : 'load' 'store'> <Ports = 2> <Width = 8> <Depth = 49> <RAM>
ST_3 : Operation 81 [1/1] (0.00ns)   --->   "%br_ln33 = br void %arrayidx23.exit" [../src/conv.cpp:33]   --->   Operation 81 'br' 'br_ln33' <Predicate = (trunc_ln31 == 3)> <Delay = 0.00>
ST_3 : Operation 82 [1/1] ( I:3.25ns O:3.25ns )   --->   "%store_ln33 = store i8 %gmem0_addr_read, i6 %temp_2_addr" [../src/conv.cpp:33]   --->   Operation 82 'store' 'store_ln33' <Predicate = (trunc_ln31 == 2)> <Delay = 3.25> <CoreInst = "RAM_2P_BRAM">   --->   Core 90 'RAM_2P_BRAM' <Latency = 1> <II = 1> <Delay = 3.25> <Storage> <Opcode : 'load' 'store'> <Ports = 2> <Width = 8> <Depth = 49> <RAM>
ST_3 : Operation 83 [1/1] (0.00ns)   --->   "%br_ln33 = br void %arrayidx23.exit" [../src/conv.cpp:33]   --->   Operation 83 'br' 'br_ln33' <Predicate = (trunc_ln31 == 2)> <Delay = 0.00>
ST_3 : Operation 84 [1/1] ( I:3.25ns O:3.25ns )   --->   "%store_ln33 = store i8 %gmem0_addr_read, i6 %temp_1_addr" [../src/conv.cpp:33]   --->   Operation 84 'store' 'store_ln33' <Predicate = (trunc_ln31 == 1)> <Delay = 3.25> <CoreInst = "RAM_2P_BRAM">   --->   Core 90 'RAM_2P_BRAM' <Latency = 1> <II = 1> <Delay = 3.25> <Storage> <Opcode : 'load' 'store'> <Ports = 2> <Width = 8> <Depth = 49> <RAM>
ST_3 : Operation 85 [1/1] (0.00ns)   --->   "%br_ln33 = br void %arrayidx23.exit" [../src/conv.cpp:33]   --->   Operation 85 'br' 'br_ln33' <Predicate = (trunc_ln31 == 1)> <Delay = 0.00>
ST_3 : Operation 86 [1/1] ( I:3.25ns O:3.25ns )   --->   "%store_ln33 = store i8 %gmem0_addr_read, i6 %temp_addr" [../src/conv.cpp:33]   --->   Operation 86 'store' 'store_ln33' <Predicate = (trunc_ln31 == 0)> <Delay = 3.25> <CoreInst = "RAM_2P_BRAM">   --->   Core 90 'RAM_2P_BRAM' <Latency = 1> <II = 1> <Delay = 3.25> <Storage> <Opcode : 'load' 'store'> <Ports = 2> <Width = 8> <Depth = 49> <RAM>
ST_3 : Operation 87 [1/1] (0.00ns)   --->   "%br_ln33 = br void %arrayidx23.exit" [../src/conv.cpp:33]   --->   Operation 87 'br' 'br_ln33' <Predicate = (trunc_ln31 == 0)> <Delay = 0.00>
ST_3 : Operation 88 [1/1] ( I:3.25ns O:3.25ns )   --->   "%store_ln33 = store i8 %gmem0_addr_read, i6 %temp_15_addr" [../src/conv.cpp:33]   --->   Operation 88 'store' 'store_ln33' <Predicate = (trunc_ln31 == 15)> <Delay = 3.25> <CoreInst = "RAM_2P_BRAM">   --->   Core 90 'RAM_2P_BRAM' <Latency = 1> <II = 1> <Delay = 3.25> <Storage> <Opcode : 'load' 'store'> <Ports = 2> <Width = 8> <Depth = 49> <RAM>
ST_3 : Operation 89 [1/1] (0.00ns)   --->   "%br_ln33 = br void %arrayidx23.exit" [../src/conv.cpp:33]   --->   Operation 89 'br' 'br_ln33' <Predicate = (trunc_ln31 == 15)> <Delay = 0.00>


============================================================
+ Verbose Summary: Timing violations
============================================================
Target clock period: 10.000ns, clock uncertainty: 1.250ns.

 <State 1>: 4.907ns
The critical path consists of the following:
	'store' operation ('store_ln31', ../src/conv.cpp:31) of constant 0 10 bit on local variable 'i', ../src/conv.cpp:31 [38]  (1.588 ns)
	'load' operation 10 bit ('i', ../src/conv.cpp:31) on local variable 'i', ../src/conv.cpp:31 [41]  (0.000 ns)
	'icmp' operation 1 bit ('icmp_ln31', ../src/conv.cpp:31) [42]  (1.731 ns)
	'store' operation ('store_ln31', ../src/conv.cpp:31) of variable 'add_ln31', ../src/conv.cpp:31 10 bit on local variable 'i', ../src/conv.cpp:31 [120]  (1.588 ns)

 <State 2>: 8.750ns
The critical path consists of the following:
	bus read operation ('gmem0_addr_read', ../src/conv.cpp:33) on port 'gmem0' (../src/conv.cpp:33) [69]  (8.750 ns)

 <State 3>: 3.254ns
The critical path consists of the following:
	'getelementptr' operation 6 bit ('temp_14_addr', ../src/conv.cpp:33) [67]  (0.000 ns)
	'store' operation ('store_ln33', ../src/conv.cpp:33) of variable 'gmem0_addr_read', ../src/conv.cpp:33 8 bit on array 'temp_14' [72]  (3.254 ns)


============================================================
+ Verbose Summary: Binding
============================================================
N/A
* FSMD analyzer results:
  - Output states:
 - Input state : 
  - Chain level:
	State 1
	State 2
	State 3


============================================================
+ Verbose Summary: Datapath Resource usage 
============================================================
N/A
