

================================================================
== Vitis HLS Report for 'conv2'
================================================================
* Date:           Sat Mar  7 18:28:21 2026

* Version:        2025.2 (Build 6295257 on Nov 14 2025)
* Project:        top
* Solution:       hls (Vivado IP Flow Target)
* Product family: zynq
* Target device:  xc7z020-clg484-1


================================================================
== Performance Estimates
================================================================
+ Timing: 
    * Summary: 
    +--------+----------+----------+------------+
    |  Clock |  Target  | Estimated| Uncertainty|
    +--------+----------+----------+------------+
    |ap_clk  |  10.00 ns|  8.750 ns|     1.25 ns|
    +--------+----------+----------+------------+

+ Latency: 
    * Summary: 
    +---------+---------+----------+----------+--------+--------+---------+
    |  Latency (cycles) |  Latency (absolute) |     Interval    | Pipeline|
    |   min   |   max   |    min   |    max   |   min  |   max  |   Type  |
    +---------+---------+----------+----------+--------+--------+---------+
    |   113020|   113020|  1.130 ms|  1.130 ms|  113020|  113020|       no|
    +---------+---------+----------+----------+--------+--------+---------+

    + Detail: 
        * Instance: 
        N/A

        * Loop: 
        +----------------------+---------+---------+----------+-----------+-----------+------+----------+
        |                      |  Latency (cycles) | Iteration|  Initiation Interval  | Trip |          |
        |       Loop Name      |   min   |   max   |  Latency |  achieved |   target  | Count| Pipelined|
        +----------------------+---------+---------+----------+-----------+-----------+------+----------+
        |- CO_2                |   110240|   110240|      6890|          -|          -|    16|        no|
        | + VITIS_LOOP_94_1    |     6888|     6888|       492|          -|          -|    14|        no|
        |  ++ VITIS_LOOP_95_2  |      490|      490|        35|          -|          -|    14|        no|
        +----------------------+---------+---------+----------+-----------+-----------+------+----------+

============================================================
+ Verbose Summary: Synthesis Manager
============================================================
InlineROM: 1
ExposeGlobal: 0
============================================================
+ Verbose Summary: CDFG Model
============================================================
IsTopModel: 0
ResetActiveHigh: 1
IsCombinational: 0
IsDatapathOnly: 0
HasWiredReturn: 1
HasMFsm: 0
HasVarLatency: 1
IsPipeline: 0
IsRtlPipelined: 0
IsInstanceOverlapped: 0
IsDontTouch: 0
HasImplIP: 0
IsGatedGlobalClock: 0


============================================================
+ Verbose Summary: Schedule
============================================================
* Number of FSM states : 44
* Pipeline : 0
* Dataflow Pipeline: 0

* FSM state transitions: 
1 --> 2 
2 --> 3 
3 --> 4 
4 --> 5 
5 --> 6 
6 --> 7 
7 --> 8 
8 --> 9 
9 --> 10 
10 --> 11 
11 --> 12 
12 --> 13 
13 --> 14 
14 --> 15 
15 --> 16 
16 --> 17 
17 --> 18 
18 --> 19 
19 --> 20 
20 --> 21 
21 --> 22 
22 --> 23 
23 --> 24 
24 --> 25 
25 --> 26 
26 --> 27 
27 --> 28 
28 --> 29 
29 --> 30 
30 --> 31 
31 --> 32 
32 --> 40 33 
33 --> 34 32 
34 --> 35 33 
35 --> 36 
36 --> 37 
37 --> 38 
38 --> 39 
39 --> 34 
40 --> 41 
41 --> 42 
42 --> 43 
43 --> 44 
44 --> 

* FSM state operations: 

State 1 <SV = 0> <Delay = 8.75>
ST_1 : Operation 45 [1/1] (0.00ns)   --->   "%co = alloca i32 1" [../src/conv.cpp:93]   --->   Operation 45 'alloca' 'co' <Predicate = true> <Delay = 0.00>
ST_1 : Operation 46 [1/1] (0.00ns)   --->   "%weight_read = read i64 @_ssdm_op_Read.ap_auto.i64, i64 %weight"   --->   Operation 46 'read' 'weight_read' <Predicate = true> <Delay = 0.00>
ST_1 : Operation 47 [1/1] (0.00ns)   --->   "%temp = alloca i64 1" [../src/conv.cpp:79]   --->   Operation 47 'alloca' 'temp' <Predicate = true> <Delay = 0.00> <CoreInst = "RAM_2P_BRAM">   --->   Core 90 'RAM_2P_BRAM' <Latency = 1> <II = 1> <Delay = 3.25> <Storage> <Opcode : 'load' 'store'> <Ports = 2> <Width = 8> <Depth = 196> <RAM>
ST_1 : Operation 48 [1/1] (0.00ns)   --->   "%temp_1 = alloca i64 1" [../src/conv.cpp:79]   --->   Operation 48 'alloca' 'temp_1' <Predicate = true> <Delay = 0.00> <CoreInst = "RAM_2P_BRAM">   --->   Core 90 'RAM_2P_BRAM' <Latency = 1> <II = 1> <Delay = 3.25> <Storage> <Opcode : 'load' 'store'> <Ports = 2> <Width = 8> <Depth = 196> <RAM>
ST_1 : Operation 49 [1/1] (0.00ns)   --->   "%temp_2 = alloca i64 1" [../src/conv.cpp:79]   --->   Operation 49 'alloca' 'temp_2' <Predicate = true> <Delay = 0.00> <CoreInst = "RAM_2P_BRAM">   --->   Core 90 'RAM_2P_BRAM' <Latency = 1> <II = 1> <Delay = 3.25> <Storage> <Opcode : 'load' 'store'> <Ports = 2> <Width = 8> <Depth = 196> <RAM>
ST_1 : Operation 50 [1/1] (0.00ns)   --->   "%temp_3 = alloca i64 1" [../src/conv.cpp:79]   --->   Operation 50 'alloca' 'temp_3' <Predicate = true> <Delay = 0.00> <CoreInst = "RAM_2P_BRAM">   --->   Core 90 'RAM_2P_BRAM' <Latency = 1> <II = 1> <Delay = 3.25> <Storage> <Opcode : 'load' 'store'> <Ports = 2> <Width = 8> <Depth = 196> <RAM>
ST_1 : Operation 51 [1/1] (0.00ns)   --->   "%temp_4 = alloca i64 1" [../src/conv.cpp:79]   --->   Operation 51 'alloca' 'temp_4' <Predicate = true> <Delay = 0.00> <CoreInst = "RAM_2P_BRAM">   --->   Core 90 'RAM_2P_BRAM' <Latency = 1> <II = 1> <Delay = 3.25> <Storage> <Opcode : 'load' 'store'> <Ports = 2> <Width = 8> <Depth = 196> <RAM>
ST_1 : Operation 52 [1/1] (0.00ns)   --->   "%temp_5 = alloca i64 1" [../src/conv.cpp:79]   --->   Operation 52 'alloca' 'temp_5' <Predicate = true> <Delay = 0.00> <CoreInst = "RAM_2P_BRAM">   --->   Core 90 'RAM_2P_BRAM' <Latency = 1> <II = 1> <Delay = 3.25> <Storage> <Opcode : 'load' 'store'> <Ports = 2> <Width = 8> <Depth = 196> <RAM>
ST_1 : Operation 53 [1/1] (0.00ns)   --->   "%temp_6 = alloca i64 1" [../src/conv.cpp:79]   --->   Operation 53 'alloca' 'temp_6' <Predicate = true> <Delay = 0.00> <CoreInst = "RAM_2P_BRAM">   --->   Core 90 'RAM_2P_BRAM' <Latency = 1> <II = 1> <Delay = 3.25> <Storage> <Opcode : 'load' 'store'> <Ports = 2> <Width = 8> <Depth = 196> <RAM>
ST_1 : Operation 54 [1/1] (0.00ns)   --->   "%temp_7 = alloca i64 1" [../src/conv.cpp:79]   --->   Operation 54 'alloca' 'temp_7' <Predicate = true> <Delay = 0.00> <CoreInst = "RAM_2P_BRAM">   --->   Core 90 'RAM_2P_BRAM' <Latency = 1> <II = 1> <Delay = 3.25> <Storage> <Opcode : 'load' 'store'> <Ports = 2> <Width = 8> <Depth = 196> <RAM>
ST_1 : Operation 55 [1/1] (0.00ns)   --->   "%gmem1_addr = getelementptr i8 %gmem1, i64 %weight_read" [../src/conv.cpp:70]   --->   Operation 55 'getelementptr' 'gmem1_addr' <Predicate = true> <Delay = 0.00>
ST_1 : Operation 56 [8/8] (8.75ns)   --->   "%empty = readreq i1 @_ssdm_op_ReadReq.m_axi.p1i8, i8 %gmem1_addr, i64 1152" [../src/conv.cpp:70]   --->   Operation 56 'readreq' 'empty' <Predicate = true> <Delay = 8.75> <CoreInst = "m_axi">   --->   Core 111 'm_axi' <Latency = 6> <II = 1> <Delay = 1.00> <Adapter> <Opcode : 'readrequnaligned' 'writerequnaligned' 'read' 'write' 'readreq' 'writereq' 'writeresp'>
ST_1 : Operation 57 [1/1] (1.58ns)   --->   "%store_ln93 = store i5 0, i5 %co" [../src/conv.cpp:93]   --->   Operation 57 'store' 'store_ln93' <Predicate = true> <Delay = 1.58>

State 2 <SV = 1> <Delay = 0.00>
ST_2 : Operation 58 [7/8] (8.75ns)   --->   "%empty = readreq i1 @_ssdm_op_ReadReq.m_axi.p1i8, i8 %gmem1_addr, i64 1152" [../src/conv.cpp:70]   --->   Operation 58 'readreq' 'empty' <Predicate = true> <Delay = 8.75> <CoreInst = "m_axi">   --->   Core 111 'm_axi' <Latency = 6> <II = 1> <Delay = 1.00> <Adapter> <Opcode : 'readrequnaligned' 'writerequnaligned' 'read' 'write' 'readreq' 'writereq' 'writeresp'>

State 3 <SV = 2> <Delay = 0.00>
ST_3 : Operation 59 [6/8] (8.75ns)   --->   "%empty = readreq i1 @_ssdm_op_ReadReq.m_axi.p1i8, i8 %gmem1_addr, i64 1152" [../src/conv.cpp:70]   --->   Operation 59 'readreq' 'empty' <Predicate = true> <Delay = 8.75> <CoreInst = "m_axi">   --->   Core 111 'm_axi' <Latency = 6> <II = 1> <Delay = 1.00> <Adapter> <Opcode : 'readrequnaligned' 'writerequnaligned' 'read' 'write' 'readreq' 'writereq' 'writeresp'>

State 4 <SV = 3> <Delay = 0.00>
ST_4 : Operation 60 [5/8] (8.75ns)   --->   "%empty = readreq i1 @_ssdm_op_ReadReq.m_axi.p1i8, i8 %gmem1_addr, i64 1152" [../src/conv.cpp:70]   --->   Operation 60 'readreq' 'empty' <Predicate = true> <Delay = 8.75> <CoreInst = "m_axi">   --->   Core 111 'm_axi' <Latency = 6> <II = 1> <Delay = 1.00> <Adapter> <Opcode : 'readrequnaligned' 'writerequnaligned' 'read' 'write' 'readreq' 'writereq' 'writeresp'>

State 5 <SV = 4> <Delay = 0.00>
ST_5 : Operation 61 [4/8] (8.75ns)   --->   "%empty = readreq i1 @_ssdm_op_ReadReq.m_axi.p1i8, i8 %gmem1_addr, i64 1152" [../src/conv.cpp:70]   --->   Operation 61 'readreq' 'empty' <Predicate = true> <Delay = 8.75> <CoreInst = "m_axi">   --->   Core 111 'm_axi' <Latency = 6> <II = 1> <Delay = 1.00> <Adapter> <Opcode : 'readrequnaligned' 'writerequnaligned' 'read' 'write' 'readreq' 'writereq' 'writeresp'>

State 6 <SV = 5> <Delay = 0.00>
ST_6 : Operation 62 [3/8] (8.75ns)   --->   "%empty = readreq i1 @_ssdm_op_ReadReq.m_axi.p1i8, i8 %gmem1_addr, i64 1152" [../src/conv.cpp:70]   --->   Operation 62 'readreq' 'empty' <Predicate = true> <Delay = 8.75> <CoreInst = "m_axi">   --->   Core 111 'm_axi' <Latency = 6> <II = 1> <Delay = 1.00> <Adapter> <Opcode : 'readrequnaligned' 'writerequnaligned' 'read' 'write' 'readreq' 'writereq' 'writeresp'>

State 7 <SV = 6> <Delay = 0.00>
ST_7 : Operation 63 [2/8] (8.75ns)   --->   "%empty = readreq i1 @_ssdm_op_ReadReq.m_axi.p1i8, i8 %gmem1_addr, i64 1152" [../src/conv.cpp:70]   --->   Operation 63 'readreq' 'empty' <Predicate = true> <Delay = 8.75> <CoreInst = "m_axi">   --->   Core 111 'm_axi' <Latency = 6> <II = 1> <Delay = 1.00> <Adapter> <Opcode : 'readrequnaligned' 'writerequnaligned' 'read' 'write' 'readreq' 'writereq' 'writeresp'>

State 8 <SV = 7> <Delay = 8.75>
ST_8 : Operation 64 [1/8] ( I:8.75ns O:8.75ns )   --->   "%empty = readreq i1 @_ssdm_op_ReadReq.m_axi.p1i8, i8 %gmem1_addr, i64 1152" [../src/conv.cpp:70]   --->   Operation 64 'readreq' 'empty' <Predicate = true> <Delay = 8.75> <CoreInst = "m_axi">   --->   Core 111 'm_axi' <Latency = 6> <II = 1> <Delay = 1.00> <Adapter> <Opcode : 'readrequnaligned' 'writerequnaligned' 'read' 'write' 'readreq' 'writereq' 'writeresp'>

State 9 <SV = 8> <Delay = 0.00>
ST_9 : Operation 65 [2/2] (0.00ns)   --->   "%call_ln0 = call void @conv2_Pipeline_LOAD_W, i8 %gmem1, i64 %weight_read, i8 %conv2_ap_fixed_ap_fixed_ap_fixed_ap_fixed_8_5_5_3_0_local_weight_8, i8 %conv2_ap_fixed_ap_fixed_ap_fixed_ap_fixed_8_5_5_3_0_local_weight_7, i8 %conv2_ap_fixed_ap_fixed_ap_fixed_ap_fixed_8_5_5_3_0_local_weight_6, i8 %conv2_ap_fixed_ap_fixed_ap_fixed_ap_fixed_8_5_5_3_0_local_weight_5, i8 %conv2_ap_fixed_ap_fixed_ap_fixed_ap_fixed_8_5_5_3_0_local_weight_4, i8 %conv2_ap_fixed_ap_fixed_ap_fixed_ap_fixed_8_5_5_3_0_local_weight_3, i8 %conv2_ap_fixed_ap_fixed_ap_fixed_ap_fixed_8_5_5_3_0_local_weight_2, i8 %conv2_ap_fixed_ap_fixed_ap_fixed_ap_fixed_8_5_5_3_0_local_weight_1, i8 %conv2_ap_fixed_ap_fixed_ap_fixed_ap_fixed_8_5_5_3_0_local_weight"   --->   Operation 65 'call' 'call_ln0' <Predicate = true> <Delay = 0.00> <CoreType = "Generic">   --->   Generic Core

State 10 <SV = 9> <Delay = 0.00>
ST_10 : Operation 66 [1/2] (0.00ns)   --->   "%call_ln0 = call void @conv2_Pipeline_LOAD_W, i8 %gmem1, i64 %weight_read, i8 %conv2_ap_fixed_ap_fixed_ap_fixed_ap_fixed_8_5_5_3_0_local_weight_8, i8 %conv2_ap_fixed_ap_fixed_ap_fixed_ap_fixed_8_5_5_3_0_local_weight_7, i8 %conv2_ap_fixed_ap_fixed_ap_fixed_ap_fixed_8_5_5_3_0_local_weight_6, i8 %conv2_ap_fixed_ap_fixed_ap_fixed_ap_fixed_8_5_5_3_0_local_weight_5, i8 %conv2_ap_fixed_ap_fixed_ap_fixed_ap_fixed_8_5_5_3_0_local_weight_4, i8 %conv2_ap_fixed_ap_fixed_ap_fixed_ap_fixed_8_5_5_3_0_local_weight_3, i8 %conv2_ap_fixed_ap_fixed_ap_fixed_ap_fixed_8_5_5_3_0_local_weight_2, i8 %conv2_ap_fixed_ap_fixed_ap_fixed_ap_fixed_8_5_5_3_0_local_weight_1, i8 %conv2_ap_fixed_ap_fixed_ap_fixed_ap_fixed_8_5_5_3_0_local_weight"   --->   Operation 66 'call' 'call_ln0' <Predicate = true> <Delay = 0.00> <CoreType = "Generic">   --->   Generic Core

State 11 <SV = 10> <Delay = 8.75>
ST_11 : Operation 67 [1/1] (0.00ns)   --->   "%bias_read = read i64 @_ssdm_op_Read.ap_auto.i64, i64 %bias"   --->   Operation 67 'read' 'bias_read' <Predicate = true> <Delay = 0.00>
ST_11 : Operation 68 [1/1] (0.00ns)   --->   "%gmem1_addr_2 = getelementptr i8 %gmem1, i64 %bias_read" [../src/conv.cpp:74]   --->   Operation 68 'getelementptr' 'gmem1_addr_2' <Predicate = true> <Delay = 0.00>
ST_11 : Operation 69 [8/8] (8.75ns)   --->   "%empty_80 = readreq i1 @_ssdm_op_ReadReq.m_axi.p1i8, i8 %gmem1_addr_2, i64 16" [../src/conv.cpp:74]   --->   Operation 69 'readreq' 'empty_80' <Predicate = true> <Delay = 8.75> <CoreInst = "m_axi">   --->   Core 111 'm_axi' <Latency = 6> <II = 1> <Delay = 1.00> <Adapter> <Opcode : 'readrequnaligned' 'writerequnaligned' 'read' 'write' 'readreq' 'writereq' 'writeresp'>

State 12 <SV = 11> <Delay = 0.00>
ST_12 : Operation 70 [7/8] (8.75ns)   --->   "%empty_80 = readreq i1 @_ssdm_op_ReadReq.m_axi.p1i8, i8 %gmem1_addr_2, i64 16" [../src/conv.cpp:74]   --->   Operation 70 'readreq' 'empty_80' <Predicate = true> <Delay = 8.75> <CoreInst = "m_axi">   --->   Core 111 'm_axi' <Latency = 6> <II = 1> <Delay = 1.00> <Adapter> <Opcode : 'readrequnaligned' 'writerequnaligned' 'read' 'write' 'readreq' 'writereq' 'writeresp'>

State 13 <SV = 12> <Delay = 0.00>
ST_13 : Operation 71 [6/8] (8.75ns)   --->   "%empty_80 = readreq i1 @_ssdm_op_ReadReq.m_axi.p1i8, i8 %gmem1_addr_2, i64 16" [../src/conv.cpp:74]   --->   Operation 71 'readreq' 'empty_80' <Predicate = true> <Delay = 8.75> <CoreInst = "m_axi">   --->   Core 111 'm_axi' <Latency = 6> <II = 1> <Delay = 1.00> <Adapter> <Opcode : 'readrequnaligned' 'writerequnaligned' 'read' 'write' 'readreq' 'writereq' 'writeresp'>

State 14 <SV = 13> <Delay = 0.00>
ST_14 : Operation 72 [5/8] (8.75ns)   --->   "%empty_80 = readreq i1 @_ssdm_op_ReadReq.m_axi.p1i8, i8 %gmem1_addr_2, i64 16" [../src/conv.cpp:74]   --->   Operation 72 'readreq' 'empty_80' <Predicate = true> <Delay = 8.75> <CoreInst = "m_axi">   --->   Core 111 'm_axi' <Latency = 6> <II = 1> <Delay = 1.00> <Adapter> <Opcode : 'readrequnaligned' 'writerequnaligned' 'read' 'write' 'readreq' 'writereq' 'writeresp'>

State 15 <SV = 14> <Delay = 0.00>
ST_15 : Operation 73 [4/8] (8.75ns)   --->   "%empty_80 = readreq i1 @_ssdm_op_ReadReq.m_axi.p1i8, i8 %gmem1_addr_2, i64 16" [../src/conv.cpp:74]   --->   Operation 73 'readreq' 'empty_80' <Predicate = true> <Delay = 8.75> <CoreInst = "m_axi">   --->   Core 111 'm_axi' <Latency = 6> <II = 1> <Delay = 1.00> <Adapter> <Opcode : 'readrequnaligned' 'writerequnaligned' 'read' 'write' 'readreq' 'writereq' 'writeresp'>

State 16 <SV = 15> <Delay = 0.00>
ST_16 : Operation 74 [3/8] (8.75ns)   --->   "%empty_80 = readreq i1 @_ssdm_op_ReadReq.m_axi.p1i8, i8 %gmem1_addr_2, i64 16" [../src/conv.cpp:74]   --->   Operation 74 'readreq' 'empty_80' <Predicate = true> <Delay = 8.75> <CoreInst = "m_axi">   --->   Core 111 'm_axi' <Latency = 6> <II = 1> <Delay = 1.00> <Adapter> <Opcode : 'readrequnaligned' 'writerequnaligned' 'read' 'write' 'readreq' 'writereq' 'writeresp'>

State 17 <SV = 16> <Delay = 0.00>
ST_17 : Operation 75 [2/8] (8.75ns)   --->   "%empty_80 = readreq i1 @_ssdm_op_ReadReq.m_axi.p1i8, i8 %gmem1_addr_2, i64 16" [../src/conv.cpp:74]   --->   Operation 75 'readreq' 'empty_80' <Predicate = true> <Delay = 8.75> <CoreInst = "m_axi">   --->   Core 111 'm_axi' <Latency = 6> <II = 1> <Delay = 1.00> <Adapter> <Opcode : 'readrequnaligned' 'writerequnaligned' 'read' 'write' 'readreq' 'writereq' 'writeresp'>

State 18 <SV = 17> <Delay = 8.75>
ST_18 : Operation 76 [1/8] ( I:8.75ns O:8.75ns )   --->   "%empty_80 = readreq i1 @_ssdm_op_ReadReq.m_axi.p1i8, i8 %gmem1_addr_2, i64 16" [../src/conv.cpp:74]   --->   Operation 76 'readreq' 'empty_80' <Predicate = true> <Delay = 8.75> <CoreInst = "m_axi">   --->   Core 111 'm_axi' <Latency = 6> <II = 1> <Delay = 1.00> <Adapter> <Opcode : 'readrequnaligned' 'writerequnaligned' 'read' 'write' 'readreq' 'writereq' 'writeresp'>

State 19 <SV = 18> <Delay = 0.00>
ST_19 : Operation 77 [2/2] (0.00ns)   --->   "%call_ln0 = call void @conv2_Pipeline_LOAD_B, i8 %gmem1, i64 %bias_read, i8 %conv2_ap_fixed_ap_fixed_ap_fixed_ap_fixed_8_5_5_3_0_local_bias_9, i8 %conv2_ap_fixed_ap_fixed_ap_fixed_ap_fixed_8_5_5_3_0_local_bias_8, i8 %conv2_ap_fixed_ap_fixed_ap_fixed_ap_fixed_8_5_5_3_0_local_bias_7, i8 %conv2_ap_fixed_ap_fixed_ap_fixed_ap_fixed_8_5_5_3_0_local_bias_6, i8 %conv2_ap_fixed_ap_fixed_ap_fixed_ap_fixed_8_5_5_3_0_local_bias_5, i8 %conv2_ap_fixed_ap_fixed_ap_fixed_ap_fixed_8_5_5_3_0_local_bias_4, i8 %conv2_ap_fixed_ap_fixed_ap_fixed_ap_fixed_8_5_5_3_0_local_bias_3, i8 %conv2_ap_fixed_ap_fixed_ap_fixed_ap_fixed_8_5_5_3_0_local_bias_2, i8 %conv2_ap_fixed_ap_fixed_ap_fixed_ap_fixed_8_5_5_3_0_local_bias_1, i8 %conv2_ap_fixed_ap_fixed_ap_fixed_ap_fixed_8_5_5_3_0_local_bias, i8 %conv2_mulap_fixed_8_5_ap_q_mode_5_ap_o_mode_3_0_ap_fixed_8_5_ap_q_mode_5_ap_o_mode_3_0_ap_fixed_8_5_ap_q_mode_5_ap_o_mode_3_0_ap_fixed_8_5_ap_q_mode_5_ap_o_mode_3_0_local_bia, i8 %conv2_mulap_fixed_8_5_ap_q_mode_5_ap_o_mode_3_0_ap_fixed_8_5_ap_q_mode_5_ap_o_mode_3_0_ap_fixed_8_5_ap_q_mode_5_ap_o_mode_3_0_ap_fixed_8_5_ap_q_mode_5_ap_o_mode_3_0_local_bia_0, i8 %conv2_mulap_fixed_8_5_ap_q_mode_5_ap_o_mode_3_0_ap_fixed_8_5_ap_q_mode_5_ap_o_mode_3_0_ap_fixed_8_5_ap_q_mode_5_ap_o_mode_3_0_ap_fixed_8_5_ap_q_mode_5_ap_o_mode_3_0_local_bia_1, i8 %conv2_mulap_fixed_8_5_ap_q_mode_5_ap_o_mode_3_0_ap_fixed_8_5_ap_q_mode_5_ap_o_mode_3_0_ap_fixed_8_5_ap_q_mode_5_ap_o_mode_3_0_ap_fixed_8_5_ap_q_mode_5_ap_o_mode_3_0_local_bia_2, i8 %conv2_mulap_fixed_8_5_ap_q_mode_5_ap_o_mode_3_0_ap_fixed_8_5_ap_q_mode_5_ap_o_mode_3_0_ap_fixed_8_5_ap_q_mode_5_ap_o_mode_3_0_ap_fixed_8_5_ap_q_mode_5_ap_o_mode_3_0_local_bia_3, i8 %p_ZZ5conv2P8ap_fixedILi8ELi5EL9ap_q_mode5EL9ap_o_mode3ELi0EES3_S3_S3_E10local_bia"   --->   Operation 77 'call' 'call_ln0' <Predicate = true> <Delay = 0.00> <CoreType = "Generic">   --->   Generic Core

State 20 <SV = 19> <Delay = 4.95>
ST_20 : Operation 78 [1/2] (4.95ns)   --->   "%call_ln0 = call void @conv2_Pipeline_LOAD_B, i8 %gmem1, i64 %bias_read, i8 %conv2_ap_fixed_ap_fixed_ap_fixed_ap_fixed_8_5_5_3_0_local_bias_9, i8 %conv2_ap_fixed_ap_fixed_ap_fixed_ap_fixed_8_5_5_3_0_local_bias_8, i8 %conv2_ap_fixed_ap_fixed_ap_fixed_ap_fixed_8_5_5_3_0_local_bias_7, i8 %conv2_ap_fixed_ap_fixed_ap_fixed_ap_fixed_8_5_5_3_0_local_bias_6, i8 %conv2_ap_fixed_ap_fixed_ap_fixed_ap_fixed_8_5_5_3_0_local_bias_5, i8 %conv2_ap_fixed_ap_fixed_ap_fixed_ap_fixed_8_5_5_3_0_local_bias_4, i8 %conv2_ap_fixed_ap_fixed_ap_fixed_ap_fixed_8_5_5_3_0_local_bias_3, i8 %conv2_ap_fixed_ap_fixed_ap_fixed_ap_fixed_8_5_5_3_0_local_bias_2, i8 %conv2_ap_fixed_ap_fixed_ap_fixed_ap_fixed_8_5_5_3_0_local_bias_1, i8 %conv2_ap_fixed_ap_fixed_ap_fixed_ap_fixed_8_5_5_3_0_local_bias, i8 %conv2_mulap_fixed_8_5_ap_q_mode_5_ap_o_mode_3_0_ap_fixed_8_5_ap_q_mode_5_ap_o_mode_3_0_ap_fixed_8_5_ap_q_mode_5_ap_o_mode_3_0_ap_fixed_8_5_ap_q_mode_5_ap_o_mode_3_0_local_bia, i8 %conv2_mulap_fixed_8_5_ap_q_mode_5_ap_o_mode_3_0_ap_fixed_8_5_ap_q_mode_5_ap_o_mode_3_0_ap_fixed_8_5_ap_q_mode_5_ap_o_mode_3_0_ap_fixed_8_5_ap_q_mode_5_ap_o_mode_3_0_local_bia_0, i8 %conv2_mulap_fixed_8_5_ap_q_mode_5_ap_o_mode_3_0_ap_fixed_8_5_ap_q_mode_5_ap_o_mode_3_0_ap_fixed_8_5_ap_q_mode_5_ap_o_mode_3_0_ap_fixed_8_5_ap_q_mode_5_ap_o_mode_3_0_local_bia_1, i8 %conv2_mulap_fixed_8_5_ap_q_mode_5_ap_o_mode_3_0_ap_fixed_8_5_ap_q_mode_5_ap_o_mode_3_0_ap_fixed_8_5_ap_q_mode_5_ap_o_mode_3_0_ap_fixed_8_5_ap_q_mode_5_ap_o_mode_3_0_local_bia_2, i8 %conv2_mulap_fixed_8_5_ap_q_mode_5_ap_o_mode_3_0_ap_fixed_8_5_ap_q_mode_5_ap_o_mode_3_0_ap_fixed_8_5_ap_q_mode_5_ap_o_mode_3_0_ap_fixed_8_5_ap_q_mode_5_ap_o_mode_3_0_local_bia_3, i8 %p_ZZ5conv2P8ap_fixedILi8ELi5EL9ap_q_mode5EL9ap_o_mode3ELi0EES3_S3_S3_E10local_bia"   --->   Operation 78 'call' 'call_ln0' <Predicate = true> <Delay = 4.95> <CoreType = "Generic">   --->   Generic Core

State 21 <SV = 20> <Delay = 8.75>
ST_21 : Operation 79 [1/1] (0.00ns)   --->   "%input_read = read i64 @_ssdm_op_Read.ap_auto.i64, i64 %input_r"   --->   Operation 79 'read' 'input_read' <Predicate = true> <Delay = 0.00>
ST_21 : Operation 80 [1/1] (0.00ns)   --->   "%gmem0_addr = getelementptr i8 %gmem0, i64 %input_read" [../src/conv.cpp:85]   --->   Operation 80 'getelementptr' 'gmem0_addr' <Predicate = true> <Delay = 0.00>
ST_21 : Operation 81 [8/8] (8.75ns)   --->   "%empty_81 = readreq i1 @_ssdm_op_ReadReq.m_axi.p1i8, i8 %gmem0_addr, i64 1568" [../src/conv.cpp:85]   --->   Operation 81 'readreq' 'empty_81' <Predicate = true> <Delay = 8.75> <CoreInst = "m_axi">   --->   Core 111 'm_axi' <Latency = 6> <II = 1> <Delay = 1.00> <Adapter> <Opcode : 'readrequnaligned' 'writerequnaligned' 'read' 'write' 'readreq' 'writereq' 'writeresp'>

State 22 <SV = 21> <Delay = 0.00>
ST_22 : Operation 82 [7/8] (8.75ns)   --->   "%empty_81 = readreq i1 @_ssdm_op_ReadReq.m_axi.p1i8, i8 %gmem0_addr, i64 1568" [../src/conv.cpp:85]   --->   Operation 82 'readreq' 'empty_81' <Predicate = true> <Delay = 8.75> <CoreInst = "m_axi">   --->   Core 111 'm_axi' <Latency = 6> <II = 1> <Delay = 1.00> <Adapter> <Opcode : 'readrequnaligned' 'writerequnaligned' 'read' 'write' 'readreq' 'writereq' 'writeresp'>

State 23 <SV = 22> <Delay = 0.00>
ST_23 : Operation 83 [6/8] (8.75ns)   --->   "%empty_81 = readreq i1 @_ssdm_op_ReadReq.m_axi.p1i8, i8 %gmem0_addr, i64 1568" [../src/conv.cpp:85]   --->   Operation 83 'readreq' 'empty_81' <Predicate = true> <Delay = 8.75> <CoreInst = "m_axi">   --->   Core 111 'm_axi' <Latency = 6> <II = 1> <Delay = 1.00> <Adapter> <Opcode : 'readrequnaligned' 'writerequnaligned' 'read' 'write' 'readreq' 'writereq' 'writeresp'>

State 24 <SV = 23> <Delay = 0.00>
ST_24 : Operation 84 [5/8] (8.75ns)   --->   "%empty_81 = readreq i1 @_ssdm_op_ReadReq.m_axi.p1i8, i8 %gmem0_addr, i64 1568" [../src/conv.cpp:85]   --->   Operation 84 'readreq' 'empty_81' <Predicate = true> <Delay = 8.75> <CoreInst = "m_axi">   --->   Core 111 'm_axi' <Latency = 6> <II = 1> <Delay = 1.00> <Adapter> <Opcode : 'readrequnaligned' 'writerequnaligned' 'read' 'write' 'readreq' 'writereq' 'writeresp'>

State 25 <SV = 24> <Delay = 0.00>
ST_25 : Operation 85 [4/8] (8.75ns)   --->   "%empty_81 = readreq i1 @_ssdm_op_ReadReq.m_axi.p1i8, i8 %gmem0_addr, i64 1568" [../src/conv.cpp:85]   --->   Operation 85 'readreq' 'empty_81' <Predicate = true> <Delay = 8.75> <CoreInst = "m_axi">   --->   Core 111 'm_axi' <Latency = 6> <II = 1> <Delay = 1.00> <Adapter> <Opcode : 'readrequnaligned' 'writerequnaligned' 'read' 'write' 'readreq' 'writereq' 'writeresp'>

State 26 <SV = 25> <Delay = 0.00>
ST_26 : Operation 86 [3/8] (8.75ns)   --->   "%empty_81 = readreq i1 @_ssdm_op_ReadReq.m_axi.p1i8, i8 %gmem0_addr, i64 1568" [../src/conv.cpp:85]   --->   Operation 86 'readreq' 'empty_81' <Predicate = true> <Delay = 8.75> <CoreInst = "m_axi">   --->   Core 111 'm_axi' <Latency = 6> <II = 1> <Delay = 1.00> <Adapter> <Opcode : 'readrequnaligned' 'writerequnaligned' 'read' 'write' 'readreq' 'writereq' 'writeresp'>

State 27 <SV = 26> <Delay = 0.00>
ST_27 : Operation 87 [2/8] (8.75ns)   --->   "%empty_81 = readreq i1 @_ssdm_op_ReadReq.m_axi.p1i8, i8 %gmem0_addr, i64 1568" [../src/conv.cpp:85]   --->   Operation 87 'readreq' 'empty_81' <Predicate = true> <Delay = 8.75> <CoreInst = "m_axi">   --->   Core 111 'm_axi' <Latency = 6> <II = 1> <Delay = 1.00> <Adapter> <Opcode : 'readrequnaligned' 'writerequnaligned' 'read' 'write' 'readreq' 'writereq' 'writeresp'>

State 28 <SV = 27> <Delay = 8.75>
ST_28 : Operation 88 [1/8] ( I:8.75ns O:8.75ns )   --->   "%empty_81 = readreq i1 @_ssdm_op_ReadReq.m_axi.p1i8, i8 %gmem0_addr, i64 1568" [../src/conv.cpp:85]   --->   Operation 88 'readreq' 'empty_81' <Predicate = true> <Delay = 8.75> <CoreInst = "m_axi">   --->   Core 111 'm_axi' <Latency = 6> <II = 1> <Delay = 1.00> <Adapter> <Opcode : 'readrequnaligned' 'writerequnaligned' 'read' 'write' 'readreq' 'writereq' 'writeresp'>

State 29 <SV = 28> <Delay = 0.00>
ST_29 : Operation 89 [2/2] (0.00ns)   --->   "%call_ln0 = call void @conv2_Pipeline_LOAD_2, i8 %gmem0, i64 %input_read, i8 %temp_7, i8 %temp_6, i8 %temp_5, i8 %temp_4, i8 %temp_3, i8 %temp_2, i8 %temp_1, i8 %temp"   --->   Operation 89 'call' 'call_ln0' <Predicate = true> <Delay = 0.00> <CoreType = "Generic">   --->   Generic Core

State 30 <SV = 29> <Delay = 0.00>
ST_30 : Operation 90 [1/2] (0.00ns)   --->   "%call_ln0 = call void @conv2_Pipeline_LOAD_2, i8 %gmem0, i64 %input_read, i8 %temp_7, i8 %temp_6, i8 %temp_5, i8 %temp_4, i8 %temp_3, i8 %temp_2, i8 %temp_1, i8 %temp"   --->   Operation 90 'call' 'call_ln0' <Predicate = true> <Delay = 0.00> <CoreType = "Generic">   --->   Generic Core

State 31 <SV = 30> <Delay = 8.75>
ST_31 : Operation 91 [1/1] (0.00ns)   --->   "%specstablecontent_ln0 = specstablecontent void @_ssdm_op_SpecStableContent, i8 %gmem1, i1 1, void "   --->   Operation 91 'specstablecontent' 'specstablecontent_ln0' <Predicate = true> <Delay = 0.00>
ST_31 : Operation 92 [1/1] (0.00ns)   --->   "%specinterface_ln0 = specinterface void @_ssdm_op_SpecInterface, i8 %gmem1, void @empty_7, i32 0, i32 0, void @empty_8, i32 0, i32 136, void @empty_32, void @empty_20, void @empty_8, i32 16, i32 16, i32 16, i32 16, void @empty_8, void @empty_8, i32 4294967295, i32 0, i32 0, i32 1"   --->   Operation 92 'specinterface' 'specinterface_ln0' <Predicate = true> <Delay = 0.00>
ST_31 : Operation 93 [1/1] (0.00ns)   --->   "%specinterface_ln0 = specinterface void @_ssdm_op_SpecInterface, i8 %gmem0, void @empty_7, i32 0, i32 0, void @empty_8, i32 0, i32 848, void @empty_34, void @empty_20, void @empty_8, i32 16, i32 16, i32 16, i32 16, void @empty_8, void @empty_8, i32 4294967295, i32 0, i32 0, i32 1"   --->   Operation 93 'specinterface' 'specinterface_ln0' <Predicate = true> <Delay = 0.00>
ST_31 : Operation 94 [1/1] (0.00ns)   --->   "%outputConv_read = read i64 @_ssdm_op_Read.ap_auto.i64, i64 %outputConv"   --->   Operation 94 'read' 'outputConv_read' <Predicate = true> <Delay = 0.00>
ST_31 : Operation 95 [1/1] (0.00ns)   --->   "%specmemcore_ln83 = specmemcore void @_ssdm_op_SpecMemCore, i8 %temp_7, i64 666, i64 22, i64 18446744073709551615, i1 0" [../src/conv.cpp:83]   --->   Operation 95 'specmemcore' 'specmemcore_ln83' <Predicate = true> <Delay = 0.00>
ST_31 : Operation 96 [1/1] (0.00ns)   --->   "%specmemcore_ln83 = specmemcore void @_ssdm_op_SpecMemCore, i8 %temp_6, i64 666, i64 22, i64 18446744073709551615, i1 0" [../src/conv.cpp:83]   --->   Operation 96 'specmemcore' 'specmemcore_ln83' <Predicate = true> <Delay = 0.00>
ST_31 : Operation 97 [1/1] (0.00ns)   --->   "%specmemcore_ln83 = specmemcore void @_ssdm_op_SpecMemCore, i8 %temp_5, i64 666, i64 22, i64 18446744073709551615, i1 0" [../src/conv.cpp:83]   --->   Operation 97 'specmemcore' 'specmemcore_ln83' <Predicate = true> <Delay = 0.00>
ST_31 : Operation 98 [1/1] (0.00ns)   --->   "%specmemcore_ln83 = specmemcore void @_ssdm_op_SpecMemCore, i8 %temp_4, i64 666, i64 22, i64 18446744073709551615, i1 0" [../src/conv.cpp:83]   --->   Operation 98 'specmemcore' 'specmemcore_ln83' <Predicate = true> <Delay = 0.00>
ST_31 : Operation 99 [1/1] (0.00ns)   --->   "%specmemcore_ln83 = specmemcore void @_ssdm_op_SpecMemCore, i8 %temp_3, i64 666, i64 22, i64 18446744073709551615, i1 0" [../src/conv.cpp:83]   --->   Operation 99 'specmemcore' 'specmemcore_ln83' <Predicate = true> <Delay = 0.00>
ST_31 : Operation 100 [1/1] (0.00ns)   --->   "%specmemcore_ln83 = specmemcore void @_ssdm_op_SpecMemCore, i8 %temp_2, i64 666, i64 22, i64 18446744073709551615, i1 0" [../src/conv.cpp:83]   --->   Operation 100 'specmemcore' 'specmemcore_ln83' <Predicate = true> <Delay = 0.00>
ST_31 : Operation 101 [1/1] (0.00ns)   --->   "%specmemcore_ln83 = specmemcore void @_ssdm_op_SpecMemCore, i8 %temp_1, i64 666, i64 22, i64 18446744073709551615, i1 0" [../src/conv.cpp:83]   --->   Operation 101 'specmemcore' 'specmemcore_ln83' <Predicate = true> <Delay = 0.00>
ST_31 : Operation 102 [1/1] (0.00ns)   --->   "%specmemcore_ln83 = specmemcore void @_ssdm_op_SpecMemCore, i8 %temp, i64 666, i64 22, i64 18446744073709551615, i1 0" [../src/conv.cpp:83]   --->   Operation 102 'specmemcore' 'specmemcore_ln83' <Predicate = true> <Delay = 0.00>
ST_31 : Operation 103 [1/1] (0.00ns)   --->   "%gmem0_addr_4 = getelementptr i8 %gmem0, i64 %outputConv_read" [../src/conv.cpp:93]   --->   Operation 103 'getelementptr' 'gmem0_addr_4' <Predicate = true> <Delay = 0.00>
ST_31 : Operation 104 [1/1] ( I:8.75ns O:8.75ns )   --->   "%empty_82 = writereq i1 @_ssdm_op_WriteReq.m_axi.p1i8, i8 %gmem0_addr_4, i64 3136" [../src/conv.cpp:93]   --->   Operation 104 'writereq' 'empty_82' <Predicate = true> <Delay = 8.75> <CoreInst = "m_axi">   --->   Core 111 'm_axi' <Latency = 9> <II = 1> <Delay = 1.00> <Adapter> <Opcode : 'readrequnaligned' 'writerequnaligned' 'read' 'write' 'readreq' 'writereq' 'writeresp'>
ST_31 : Operation 105 [1/1] (0.00ns)   --->   "%conv2_ap_fixed_ap_fixed_ap_fixed_ap_fixed_8_5_5_3_0_local_bias_9_load = load i8 %conv2_ap_fixed_ap_fixed_ap_fixed_ap_fixed_8_5_5_3_0_local_bias_9" [../src/conv.cpp:121]   --->   Operation 105 'load' 'conv2_ap_fixed_ap_fixed_ap_fixed_ap_fixed_8_5_5_3_0_local_bias_9_load' <Predicate = true> <Delay = 0.00>
ST_31 : Operation 106 [1/1] (0.00ns)   --->   "%conv2_ap_fixed_ap_fixed_ap_fixed_ap_fixed_8_5_5_3_0_local_bias_8_load = load i8 %conv2_ap_fixed_ap_fixed_ap_fixed_ap_fixed_8_5_5_3_0_local_bias_8" [../src/conv.cpp:121]   --->   Operation 106 'load' 'conv2_ap_fixed_ap_fixed_ap_fixed_ap_fixed_8_5_5_3_0_local_bias_8_load' <Predicate = true> <Delay = 0.00>
ST_31 : Operation 107 [1/1] (0.00ns)   --->   "%conv2_ap_fixed_ap_fixed_ap_fixed_ap_fixed_8_5_5_3_0_local_bias_7_load = load i8 %conv2_ap_fixed_ap_fixed_ap_fixed_ap_fixed_8_5_5_3_0_local_bias_7" [../src/conv.cpp:121]   --->   Operation 107 'load' 'conv2_ap_fixed_ap_fixed_ap_fixed_ap_fixed_8_5_5_3_0_local_bias_7_load' <Predicate = true> <Delay = 0.00>
ST_31 : Operation 108 [1/1] (0.00ns)   --->   "%conv2_ap_fixed_ap_fixed_ap_fixed_ap_fixed_8_5_5_3_0_local_bias_6_load = load i8 %conv2_ap_fixed_ap_fixed_ap_fixed_ap_fixed_8_5_5_3_0_local_bias_6" [../src/conv.cpp:121]   --->   Operation 108 'load' 'conv2_ap_fixed_ap_fixed_ap_fixed_ap_fixed_8_5_5_3_0_local_bias_6_load' <Predicate = true> <Delay = 0.00>
ST_31 : Operation 109 [1/1] (0.00ns)   --->   "%conv2_ap_fixed_ap_fixed_ap_fixed_ap_fixed_8_5_5_3_0_local_bias_5_load = load i8 %conv2_ap_fixed_ap_fixed_ap_fixed_ap_fixed_8_5_5_3_0_local_bias_5" [../src/conv.cpp:121]   --->   Operation 109 'load' 'conv2_ap_fixed_ap_fixed_ap_fixed_ap_fixed_8_5_5_3_0_local_bias_5_load' <Predicate = true> <Delay = 0.00>
ST_31 : Operation 110 [1/1] (0.00ns)   --->   "%conv2_ap_fixed_ap_fixed_ap_fixed_ap_fixed_8_5_5_3_0_local_bias_4_load = load i8 %conv2_ap_fixed_ap_fixed_ap_fixed_ap_fixed_8_5_5_3_0_local_bias_4" [../src/conv.cpp:121]   --->   Operation 110 'load' 'conv2_ap_fixed_ap_fixed_ap_fixed_ap_fixed_8_5_5_3_0_local_bias_4_load' <Predicate = true> <Delay = 0.00>
ST_31 : Operation 111 [1/1] (0.00ns)   --->   "%conv2_ap_fixed_ap_fixed_ap_fixed_ap_fixed_8_5_5_3_0_local_bias_3_load = load i8 %conv2_ap_fixed_ap_fixed_ap_fixed_ap_fixed_8_5_5_3_0_local_bias_3" [../src/conv.cpp:121]   --->   Operation 111 'load' 'conv2_ap_fixed_ap_fixed_ap_fixed_ap_fixed_8_5_5_3_0_local_bias_3_load' <Predicate = true> <Delay = 0.00>
ST_31 : Operation 112 [1/1] (0.00ns)   --->   "%conv2_ap_fixed_ap_fixed_ap_fixed_ap_fixed_8_5_5_3_0_local_bias_2_load = load i8 %conv2_ap_fixed_ap_fixed_ap_fixed_ap_fixed_8_5_5_3_0_local_bias_2" [../src/conv.cpp:121]   --->   Operation 112 'load' 'conv2_ap_fixed_ap_fixed_ap_fixed_ap_fixed_8_5_5_3_0_local_bias_2_load' <Predicate = true> <Delay = 0.00>
ST_31 : Operation 113 [1/1] (0.00ns)   --->   "%conv2_ap_fixed_ap_fixed_ap_fixed_ap_fixed_8_5_5_3_0_local_bias_1_load = load i8 %conv2_ap_fixed_ap_fixed_ap_fixed_ap_fixed_8_5_5_3_0_local_bias_1" [../src/conv.cpp:121]   --->   Operation 113 'load' 'conv2_ap_fixed_ap_fixed_ap_fixed_ap_fixed_8_5_5_3_0_local_bias_1_load' <Predicate = true> <Delay = 0.00>
ST_31 : Operation 114 [1/1] (0.00ns)   --->   "%conv2_ap_fixed_ap_fixed_ap_fixed_ap_fixed_8_5_5_3_0_local_bias_load = load i8 %conv2_ap_fixed_ap_fixed_ap_fixed_ap_fixed_8_5_5_3_0_local_bias" [../src/conv.cpp:121]   --->   Operation 114 'load' 'conv2_ap_fixed_ap_fixed_ap_fixed_ap_fixed_8_5_5_3_0_local_bias_load' <Predicate = true> <Delay = 0.00>
ST_31 : Operation 115 [1/1] (0.00ns)   --->   "%conv2_mulap_fixed_8_5_ap_q_mode_5_ap_o_mode_3_0_ap_fixed_8_5_ap_q_mode_5_ap_o_mode_3_0_ap_fixed_8_5_ap_q_mode_5_ap_o_mode_3_0_ap_fixed_8_5_ap_q_mode_5_ap_o_mode_3_0_local_bia = load i8 %conv2_mulap_fixed_8_5_ap_q_mode_5_ap_o_mode_3_0_ap_fixed_8_5_ap_q_mode_5_ap_o_mode_3_0_ap_fixed_8_5_ap_q_mode_5_ap_o_mode_3_0_ap_fixed_8_5_ap_q_mode_5_ap_o_mode_3_0_local_bia" [../src/conv.cpp:121]   --->   Operation 115 'load' 'conv2_mulap_fixed_8_5_ap_q_mode_5_ap_o_mode_3_0_ap_fixed_8_5_ap_q_mode_5_ap_o_mode_3_0_ap_fixed_8_5_ap_q_mode_5_ap_o_mode_3_0_ap_fixed_8_5_ap_q_mode_5_ap_o_mode_3_0_local_bia' <Predicate = true> <Delay = 0.00>
ST_31 : Operation 116 [1/1] (0.00ns)   --->   "%conv2_mulap_fixed_8_5_ap_q_mode_5_ap_o_mode_3_0_ap_fixed_8_5_ap_q_mode_5_ap_o_mode_3_0_ap_fixed_8_5_ap_q_mode_5_ap_o_mode_3_0_ap_fixed_8_5_ap_q_mode_5_ap_o_mode_3_0_local_bia_83 = load i8 %conv2_mulap_fixed_8_5_ap_q_mode_5_ap_o_mode_3_0_ap_fixed_8_5_ap_q_mode_5_ap_o_mode_3_0_ap_fixed_8_5_ap_q_mode_5_ap_o_mode_3_0_ap_fixed_8_5_ap_q_mode_5_ap_o_mode_3_0_local_bia_0" [../src/conv.cpp:121]   --->   Operation 116 'load' 'conv2_mulap_fixed_8_5_ap_q_mode_5_ap_o_mode_3_0_ap_fixed_8_5_ap_q_mode_5_ap_o_mode_3_0_ap_fixed_8_5_ap_q_mode_5_ap_o_mode_3_0_ap_fixed_8_5_ap_q_mode_5_ap_o_mode_3_0_local_bia_83' <Predicate = true> <Delay = 0.00>
ST_31 : Operation 117 [1/1] (0.00ns)   --->   "%conv2_mulap_fixed_8_5_ap_q_mode_5_ap_o_mode_3_0_ap_fixed_8_5_ap_q_mode_5_ap_o_mode_3_0_ap_fixed_8_5_ap_q_mode_5_ap_o_mode_3_0_ap_fixed_8_5_ap_q_mode_5_ap_o_mode_3_0_local_bia_84 = load i8 %conv2_mulap_fixed_8_5_ap_q_mode_5_ap_o_mode_3_0_ap_fixed_8_5_ap_q_mode_5_ap_o_mode_3_0_ap_fixed_8_5_ap_q_mode_5_ap_o_mode_3_0_ap_fixed_8_5_ap_q_mode_5_ap_o_mode_3_0_local_bia_1" [../src/conv.cpp:121]   --->   Operation 117 'load' 'conv2_mulap_fixed_8_5_ap_q_mode_5_ap_o_mode_3_0_ap_fixed_8_5_ap_q_mode_5_ap_o_mode_3_0_ap_fixed_8_5_ap_q_mode_5_ap_o_mode_3_0_ap_fixed_8_5_ap_q_mode_5_ap_o_mode_3_0_local_bia_84' <Predicate = true> <Delay = 0.00>
ST_31 : Operation 118 [1/1] (0.00ns)   --->   "%conv2_mulap_fixed_8_5_ap_q_mode_5_ap_o_mode_3_0_ap_fixed_8_5_ap_q_mode_5_ap_o_mode_3_0_ap_fixed_8_5_ap_q_mode_5_ap_o_mode_3_0_ap_fixed_8_5_ap_q_mode_5_ap_o_mode_3_0_local_bia_85 = load i8 %conv2_mulap_fixed_8_5_ap_q_mode_5_ap_o_mode_3_0_ap_fixed_8_5_ap_q_mode_5_ap_o_mode_3_0_ap_fixed_8_5_ap_q_mode_5_ap_o_mode_3_0_ap_fixed_8_5_ap_q_mode_5_ap_o_mode_3_0_local_bia_2" [../src/conv.cpp:121]   --->   Operation 118 'load' 'conv2_mulap_fixed_8_5_ap_q_mode_5_ap_o_mode_3_0_ap_fixed_8_5_ap_q_mode_5_ap_o_mode_3_0_ap_fixed_8_5_ap_q_mode_5_ap_o_mode_3_0_ap_fixed_8_5_ap_q_mode_5_ap_o_mode_3_0_local_bia_85' <Predicate = true> <Delay = 0.00>
ST_31 : Operation 119 [1/1] (0.00ns)   --->   "%conv2_mulap_fixed_8_5_ap_q_mode_5_ap_o_mode_3_0_ap_fixed_8_5_ap_q_mode_5_ap_o_mode_3_0_ap_fixed_8_5_ap_q_mode_5_ap_o_mode_3_0_ap_fixed_8_5_ap_q_mode_5_ap_o_mode_3_0_local_bia_86 = load i8 %conv2_mulap_fixed_8_5_ap_q_mode_5_ap_o_mode_3_0_ap_fixed_8_5_ap_q_mode_5_ap_o_mode_3_0_ap_fixed_8_5_ap_q_mode_5_ap_o_mode_3_0_ap_fixed_8_5_ap_q_mode_5_ap_o_mode_3_0_local_bia_3" [../src/conv.cpp:121]   --->   Operation 119 'load' 'conv2_mulap_fixed_8_5_ap_q_mode_5_ap_o_mode_3_0_ap_fixed_8_5_ap_q_mode_5_ap_o_mode_3_0_ap_fixed_8_5_ap_q_mode_5_ap_o_mode_3_0_ap_fixed_8_5_ap_q_mode_5_ap_o_mode_3_0_local_bia_86' <Predicate = true> <Delay = 0.00>
ST_31 : Operation 120 [1/1] (0.00ns)   --->   "%conv2_mulap_fixed_8_5_ap_q_mode_5_ap_o_mode_3_0_ap_fixed_8_5_ap_q_mode_5_ap_o_mode_3_0_ap_fixed_8_5_ap_q_mode_5_ap_o_mode_3_0_ap_fixed_8_5_ap_q_mode_5_ap_o_mode_3_0_local_bia_87 = load i8 %p_ZZ5conv2P8ap_fixedILi8ELi5EL9ap_q_mode5EL9ap_o_mode3ELi0EES3_S3_S3_E10local_bia" [../src/conv.cpp:121]   --->   Operation 120 'load' 'conv2_mulap_fixed_8_5_ap_q_mode_5_ap_o_mode_3_0_ap_fixed_8_5_ap_q_mode_5_ap_o_mode_3_0_ap_fixed_8_5_ap_q_mode_5_ap_o_mode_3_0_ap_fixed_8_5_ap_q_mode_5_ap_o_mode_3_0_local_bia_87' <Predicate = true> <Delay = 0.00>
ST_31 : Operation 121 [1/1] (0.00ns)   --->   "%br_ln93 = br void %VITIS_LOOP_94_1" [../src/conv.cpp:93]   --->   Operation 121 'br' 'br_ln93' <Predicate = true> <Delay = 0.00>

State 32 <SV = 31> <Delay = 3.36>
ST_32 : Operation 122 [1/1] (0.00ns)   --->   "%co_1 = load i5 %co" [../src/conv.cpp:93]   --->   Operation 122 'load' 'co_1' <Predicate = true> <Delay = 0.00>
ST_32 : Operation 123 [1/1] (1.78ns)   --->   "%icmp_ln93 = icmp_eq  i5 %co_1, i5 16" [../src/conv.cpp:93]   --->   Operation 123 'icmp' 'icmp_ln93' <Predicate = true> <Delay = 1.78> <CoreInst = "Cmp">   --->   Core 9 'Cmp' <Latency = 0> <II = 1> <Delay = 1.78> <FuncUnit> <Opcode : 'seteq' 'setne' 'setle' 'setge' 'setlt' 'setgt'> <InPorts = 2> <OutPorts = 1>
ST_32 : Operation 124 [1/1] (1.78ns)   --->   "%add_ln93 = add i5 %co_1, i5 1" [../src/conv.cpp:93]   --->   Operation 124 'add' 'add_ln93' <Predicate = true> <Delay = 1.78> <CoreInst = "Adder">   --->   Core 1 'Adder' <Latency = 0> <II = 1> <Delay = 1.78> <FuncUnit> <Opcode : 'add' 'sub'> <InPorts = 2> <OutPorts = 1>
ST_32 : Operation 125 [1/1] (0.00ns)   --->   "%br_ln93 = br i1 %icmp_ln93, void %VITIS_LOOP_94_1.split, void %for.end123" [../src/conv.cpp:93]   --->   Operation 125 'br' 'br_ln93' <Predicate = true> <Delay = 0.00>
ST_32 : Operation 126 [1/1] (0.00ns)   --->   "%trunc_ln93 = trunc i5 %co_1" [../src/conv.cpp:93]   --->   Operation 126 'trunc' 'trunc_ln93' <Predicate = (!icmp_ln93)> <Delay = 0.00>
ST_32 : Operation 127 [1/1] (0.00ns)   --->   "%speclooptripcount_ln93 = speclooptripcount void @_ssdm_op_SpecLoopTripCount, i64 16, i64 16, i64 16" [../src/conv.cpp:93]   --->   Operation 127 'speclooptripcount' 'speclooptripcount_ln93' <Predicate = (!icmp_ln93)> <Delay = 0.00>
ST_32 : Operation 128 [1/1] (0.00ns)   --->   "%specloopname_ln93 = specloopname void @_ssdm_op_SpecLoopName, void @empty_21" [../src/conv.cpp:93]   --->   Operation 128 'specloopname' 'specloopname_ln93' <Predicate = (!icmp_ln93)> <Delay = 0.00>
ST_32 : Operation 129 [1/1] (0.00ns)   --->   "%shl_ln = bitconcatenate i7 @_ssdm_op_BitConcatenate.i7.i4.i3, i4 %trunc_ln93, i3 0" [../src/conv.cpp:112]   --->   Operation 129 'bitconcatenate' 'shl_ln' <Predicate = (!icmp_ln93)> <Delay = 0.00>
ST_32 : Operation 130 [1/1] (2.06ns)   --->   "%sum = sparsemux i8 @_ssdm_op_SparseMux.ap_auto.16i8.i8.i4, i4 0, i8 %conv2_ap_fixed_ap_fixed_ap_fixed_ap_fixed_8_5_5_3_0_local_bias_9_load, i4 1, i8 %conv2_ap_fixed_ap_fixed_ap_fixed_ap_fixed_8_5_5_3_0_local_bias_8_load, i4 2, i8 %conv2_ap_fixed_ap_fixed_ap_fixed_ap_fixed_8_5_5_3_0_local_bias_7_load, i4 3, i8 %conv2_ap_fixed_ap_fixed_ap_fixed_ap_fixed_8_5_5_3_0_local_bias_6_load, i4 4, i8 %conv2_ap_fixed_ap_fixed_ap_fixed_ap_fixed_8_5_5_3_0_local_bias_5_load, i4 5, i8 %conv2_ap_fixed_ap_fixed_ap_fixed_ap_fixed_8_5_5_3_0_local_bias_4_load, i4 6, i8 %conv2_ap_fixed_ap_fixed_ap_fixed_ap_fixed_8_5_5_3_0_local_bias_3_load, i4 7, i8 %conv2_ap_fixed_ap_fixed_ap_fixed_ap_fixed_8_5_5_3_0_local_bias_2_load, i4 8, i8 %conv2_ap_fixed_ap_fixed_ap_fixed_ap_fixed_8_5_5_3_0_local_bias_1_load, i4 9, i8 %conv2_ap_fixed_ap_fixed_ap_fixed_ap_fixed_8_5_5_3_0_local_bias_load, i4 10, i8 %conv2_mulap_fixed_8_5_ap_q_mode_5_ap_o_mode_3_0_ap_fixed_8_5_ap_q_mode_5_ap_o_mode_3_0_ap_fixed_8_5_ap_q_mode_5_ap_o_mode_3_0_ap_fixed_8_5_ap_q_mode_5_ap_o_mode_3_0_local_bia, i4 11, i8 %conv2_mulap_fixed_8_5_ap_q_mode_5_ap_o_mode_3_0_ap_fixed_8_5_ap_q_mode_5_ap_o_mode_3_0_ap_fixed_8_5_ap_q_mode_5_ap_o_mode_3_0_ap_fixed_8_5_ap_q_mode_5_ap_o_mode_3_0_local_bia_83, i4 12, i8 %conv2_mulap_fixed_8_5_ap_q_mode_5_ap_o_mode_3_0_ap_fixed_8_5_ap_q_mode_5_ap_o_mode_3_0_ap_fixed_8_5_ap_q_mode_5_ap_o_mode_3_0_ap_fixed_8_5_ap_q_mode_5_ap_o_mode_3_0_local_bia_84, i4 13, i8 %conv2_mulap_fixed_8_5_ap_q_mode_5_ap_o_mode_3_0_ap_fixed_8_5_ap_q_mode_5_ap_o_mode_3_0_ap_fixed_8_5_ap_q_mode_5_ap_o_mode_3_0_ap_fixed_8_5_ap_q_mode_5_ap_o_mode_3_0_local_bia_85, i4 14, i8 %conv2_mulap_fixed_8_5_ap_q_mode_5_ap_o_mode_3_0_ap_fixed_8_5_ap_q_mode_5_ap_o_mode_3_0_ap_fixed_8_5_ap_q_mode_5_ap_o_mode_3_0_ap_fixed_8_5_ap_q_mode_5_ap_o_mode_3_0_local_bia_86, i4 15, i8 %conv2_mulap_fixed_8_5_ap_q_mode_5_ap_o_mode_3_0_ap_fixed_8_5_ap_q_mode_5_ap_o_mode_3_0_ap_fixed_8_5_ap_q_mode_5_ap_o_mode_3_0_ap_fixed_8_5_ap_q_mode_5_ap_o_mode_3_0_local_bia_87, i8 0, i4 %trunc_ln93" [../src/conv.cpp:121]   --->   Operation 130 'sparsemux' 'sum' <Predicate = (!icmp_ln93)> <Delay = 2.06> <CoreInst = "BinarySparseMux_DontCare">   --->   Core 137 'BinarySparseMux_DontCare' <Latency = 0> <II = 1> <Delay = 2.06> <FuncUnit> <Opcode : 'sparsemux'> <InPorts = 2> <OutPorts = 1>
ST_32 : Operation 131 [1/1] (1.58ns)   --->   "%br_ln94 = br void %VITIS_LOOP_95_2" [../src/conv.cpp:94]   --->   Operation 131 'br' 'br_ln94' <Predicate = (!icmp_ln93)> <Delay = 1.58>

State 33 <SV = 32> <Delay = 3.51>
ST_33 : Operation 132 [1/1] (0.00ns)   --->   "%h = phi i4 0, void %VITIS_LOOP_94_1.split, i4 %add_ln107, void %for.inc118" [../src/conv.cpp:107]   --->   Operation 132 'phi' 'h' <Predicate = true> <Delay = 0.00>
ST_33 : Operation 133 [1/1] (1.73ns)   --->   "%icmp_ln94 = icmp_eq  i4 %h, i4 14" [../src/conv.cpp:94]   --->   Operation 133 'icmp' 'icmp_ln94' <Predicate = true> <Delay = 1.73> <CoreInst = "Cmp">   --->   Core 9 'Cmp' <Latency = 0> <II = 1> <Delay = 1.73> <FuncUnit> <Opcode : 'seteq' 'setne' 'setle' 'setge' 'setlt' 'setgt'> <InPorts = 2> <OutPorts = 1>
ST_33 : Operation 134 [1/1] (1.73ns)   --->   "%add_ln107 = add i4 %h, i4 1" [../src/conv.cpp:107]   --->   Operation 134 'add' 'add_ln107' <Predicate = true> <Delay = 1.73> <CoreInst = "Adder">   --->   Core 1 'Adder' <Latency = 0> <II = 1> <Delay = 1.73> <FuncUnit> <Opcode : 'add' 'sub'> <InPorts = 2> <OutPorts = 1>
ST_33 : Operation 135 [1/1] (0.00ns)   --->   "%br_ln94 = br i1 %icmp_ln94, void %VITIS_LOOP_95_2.split, void %for.inc121" [../src/conv.cpp:94]   --->   Operation 135 'br' 'br_ln94' <Predicate = true> <Delay = 0.00>
ST_33 : Operation 136 [1/1] (0.00ns)   --->   "%speclooptripcount_ln94 = speclooptripcount void @_ssdm_op_SpecLoopTripCount, i64 14, i64 14, i64 14" [../src/conv.cpp:94]   --->   Operation 136 'speclooptripcount' 'speclooptripcount_ln94' <Predicate = (!icmp_ln94)> <Delay = 0.00>
ST_33 : Operation 137 [1/1] (0.00ns)   --->   "%specloopname_ln94 = specloopname void @_ssdm_op_SpecLoopName, void @empty_29" [../src/conv.cpp:94]   --->   Operation 137 'specloopname' 'specloopname_ln94' <Predicate = (!icmp_ln94)> <Delay = 0.00>
ST_33 : Operation 138 [1/1] (0.00ns)   --->   "%p_shl3 = bitconcatenate i8 @_ssdm_op_BitConcatenate.i8.i4.i4, i4 %h, i4 0" [../src/conv.cpp:127]   --->   Operation 138 'bitconcatenate' 'p_shl3' <Predicate = (!icmp_ln94)> <Delay = 0.00>
ST_33 : Operation 139 [1/1] (0.00ns)   --->   "%tmp = bitconcatenate i5 @_ssdm_op_BitConcatenate.i5.i4.i1, i4 %h, i1 0" [../src/conv.cpp:127]   --->   Operation 139 'bitconcatenate' 'tmp' <Predicate = (!icmp_ln94)> <Delay = 0.00>
ST_33 : Operation 140 [1/1] (0.00ns)   --->   "%zext_ln127 = zext i5 %tmp" [../src/conv.cpp:127]   --->   Operation 140 'zext' 'zext_ln127' <Predicate = (!icmp_ln94)> <Delay = 0.00>
ST_33 : Operation 141 [1/1] (1.91ns)   --->   "%sub_ln127 = sub i8 %p_shl3, i8 %zext_ln127" [../src/conv.cpp:127]   --->   Operation 141 'sub' 'sub_ln127' <Predicate = (!icmp_ln94)> <Delay = 1.91> <CoreInst = "Adder">   --->   Core 1 'Adder' <Latency = 0> <II = 1> <Delay = 1.91> <FuncUnit> <Opcode : 'add' 'sub'> <InPorts = 2> <OutPorts = 1>
ST_33 : Operation 142 [1/1] (0.00ns)   --->   "%trunc_ln107 = trunc i4 %h" [../src/conv.cpp:107]   --->   Operation 142 'trunc' 'trunc_ln107' <Predicate = (!icmp_ln94)> <Delay = 0.00>
ST_33 : Operation 143 [1/1] (0.00ns)   --->   "%p_shl = bitconcatenate i3 @_ssdm_op_BitConcatenate.i3.i2.i1, i2 %trunc_ln107, i1 0" [../src/conv.cpp:107]   --->   Operation 143 'bitconcatenate' 'p_shl' <Predicate = (!icmp_ln94)> <Delay = 0.00>
ST_33 : Operation 144 [1/1] (1.65ns)   --->   "%sub_ln107 = sub i3 0, i3 %p_shl" [../src/conv.cpp:107]   --->   Operation 144 'sub' 'sub_ln107' <Predicate = (!icmp_ln94)> <Delay = 1.65> <CoreInst = "Adder">   --->   Core 1 'Adder' <Latency = 0> <II = 1> <Delay = 1.65> <FuncUnit> <Opcode : 'add' 'sub'> <InPorts = 2> <OutPorts = 1>
ST_33 : Operation 145 [1/1] (0.00ns)   --->   "%zext_ln110 = zext i4 %h" [../src/conv.cpp:110]   --->   Operation 145 'zext' 'zext_ln110' <Predicate = (!icmp_ln94)> <Delay = 0.00>
ST_33 : Operation 146 [1/1] (1.73ns)   --->   "%add_ln110 = add i5 %zext_ln110, i5 31" [../src/conv.cpp:110]   --->   Operation 146 'add' 'add_ln110' <Predicate = (!icmp_ln94)> <Delay = 1.73> <CoreInst = "Adder">   --->   Core 1 'Adder' <Latency = 0> <II = 1> <Delay = 1.73> <FuncUnit> <Opcode : 'add' 'sub'> <InPorts = 2> <OutPorts = 1>
ST_33 : Operation 147 [1/1] (1.78ns)   --->   "%icmp_ln110 = icmp_ult  i5 %add_ln110, i5 14" [../src/conv.cpp:110]   --->   Operation 147 'icmp' 'icmp_ln110' <Predicate = (!icmp_ln94)> <Delay = 1.78> <CoreInst = "Cmp">   --->   Core 9 'Cmp' <Latency = 0> <II = 1> <Delay = 1.78> <FuncUnit> <Opcode : 'seteq' 'setne' 'setle' 'setge' 'setlt' 'setgt'> <InPorts = 2> <OutPorts = 1>
ST_33 : Operation 148 [1/1] (1.73ns)   --->   "%icmp_ln110_1 = icmp_ult  i4 %add_ln107, i4 14" [../src/conv.cpp:110]   --->   Operation 148 'icmp' 'icmp_ln110_1' <Predicate = (!icmp_ln94)> <Delay = 1.73> <CoreInst = "Cmp">   --->   Core 9 'Cmp' <Latency = 0> <II = 1> <Delay = 1.73> <FuncUnit> <Opcode : 'seteq' 'setne' 'setle' 'setge' 'setlt' 'setgt'> <InPorts = 2> <OutPorts = 1>
ST_33 : Operation 149 [1/1] (1.58ns)   --->   "%br_ln95 = br void %VITIS_LOOP_98_3" [../src/conv.cpp:95]   --->   Operation 149 'br' 'br_ln95' <Predicate = (!icmp_ln94)> <Delay = 1.58>
ST_33 : Operation 150 [1/1] (1.58ns)   --->   "%store_ln93 = store i5 %add_ln93, i5 %co" [../src/conv.cpp:93]   --->   Operation 150 'store' 'store_ln93' <Predicate = (icmp_ln94)> <Delay = 1.58>
ST_33 : Operation 151 [1/1] (0.00ns)   --->   "%br_ln93 = br void %VITIS_LOOP_94_1" [../src/conv.cpp:93]   --->   Operation 151 'br' 'br_ln93' <Predicate = (icmp_ln94)> <Delay = 0.00>

State 34 <SV = 33> <Delay = 1.73>
ST_34 : Operation 152 [1/1] (0.00ns)   --->   "%w = phi i4 0, void %VITIS_LOOP_95_2.split, i4 %add_ln108_1, void %VITIS_LOOP_98_3.split" [../src/conv.cpp:108]   --->   Operation 152 'phi' 'w' <Predicate = true> <Delay = 0.00>
ST_34 : Operation 153 [1/1] (1.73ns)   --->   "%icmp_ln95 = icmp_eq  i4 %w, i4 14" [../src/conv.cpp:95]   --->   Operation 153 'icmp' 'icmp_ln95' <Predicate = true> <Delay = 1.73> <CoreInst = "Cmp">   --->   Core 9 'Cmp' <Latency = 0> <II = 1> <Delay = 1.73> <FuncUnit> <Opcode : 'seteq' 'setne' 'setle' 'setge' 'setlt' 'setgt'> <InPorts = 2> <OutPorts = 1>
ST_34 : Operation 154 [1/1] (1.73ns)   --->   "%add_ln108_1 = add i4 %w, i4 1" [../src/conv.cpp:108]   --->   Operation 154 'add' 'add_ln108_1' <Predicate = true> <Delay = 1.73> <CoreInst = "Adder">   --->   Core 1 'Adder' <Latency = 0> <II = 1> <Delay = 1.73> <FuncUnit> <Opcode : 'add' 'sub'> <InPorts = 2> <OutPorts = 1>
ST_34 : Operation 155 [1/1] (0.00ns)   --->   "%br_ln95 = br i1 %icmp_ln95, void %VITIS_LOOP_98_3.split, void %for.inc118" [../src/conv.cpp:95]   --->   Operation 155 'br' 'br_ln95' <Predicate = true> <Delay = 0.00>
ST_34 : Operation 156 [1/1] (0.00ns)   --->   "%zext_ln95 = zext i4 %w" [../src/conv.cpp:95]   --->   Operation 156 'zext' 'zext_ln95' <Predicate = (!icmp_ln95)> <Delay = 0.00>
ST_34 : Operation 157 [1/1] (0.00ns)   --->   "%store_ln100 = store i8 0, i8 %conv2_ap_fixed_ap_fixed_ap_fixed_ap_fixed_8_5_5_3_0_partial_sums_7" [../src/conv.cpp:100]   --->   Operation 157 'store' 'store_ln100' <Predicate = (!icmp_ln95)> <Delay = 0.00>
ST_34 : Operation 158 [1/1] (0.00ns)   --->   "%store_ln100 = store i8 0, i8 %conv2_ap_fixed_ap_fixed_ap_fixed_ap_fixed_8_5_5_3_0_partial_sums_6" [../src/conv.cpp:100]   --->   Operation 158 'store' 'store_ln100' <Predicate = (!icmp_ln95)> <Delay = 0.00>
ST_34 : Operation 159 [1/1] (0.00ns)   --->   "%store_ln100 = store i8 0, i8 %conv2_ap_fixed_ap_fixed_ap_fixed_ap_fixed_8_5_5_3_0_partial_sums_5" [../src/conv.cpp:100]   --->   Operation 159 'store' 'store_ln100' <Predicate = (!icmp_ln95)> <Delay = 0.00>
ST_34 : Operation 160 [1/1] (0.00ns)   --->   "%store_ln100 = store i8 0, i8 %conv2_ap_fixed_ap_fixed_ap_fixed_ap_fixed_8_5_5_3_0_partial_sums_4" [../src/conv.cpp:100]   --->   Operation 160 'store' 'store_ln100' <Predicate = (!icmp_ln95)> <Delay = 0.00>
ST_34 : Operation 161 [1/1] (0.00ns)   --->   "%store_ln100 = store i8 0, i8 %conv2_ap_fixed_ap_fixed_ap_fixed_ap_fixed_8_5_5_3_0_partial_sums_3" [../src/conv.cpp:100]   --->   Operation 161 'store' 'store_ln100' <Predicate = (!icmp_ln95)> <Delay = 0.00>
ST_34 : Operation 162 [1/1] (0.00ns)   --->   "%store_ln100 = store i8 0, i8 %conv2_ap_fixed_ap_fixed_ap_fixed_ap_fixed_8_5_5_3_0_partial_sums_2" [../src/conv.cpp:100]   --->   Operation 162 'store' 'store_ln100' <Predicate = (!icmp_ln95)> <Delay = 0.00>
ST_34 : Operation 163 [1/1] (0.00ns)   --->   "%store_ln100 = store i8 0, i8 %conv2_ap_fixed_ap_fixed_ap_fixed_ap_fixed_8_5_5_3_0_partial_sums_1" [../src/conv.cpp:100]   --->   Operation 163 'store' 'store_ln100' <Predicate = (!icmp_ln95)> <Delay = 0.00>
ST_34 : Operation 164 [1/1] (0.00ns)   --->   "%store_ln100 = store i8 0, i8 %conv2_ap_fixed_ap_fixed_ap_fixed_ap_fixed_8_5_5_3_0_partial_sums" [../src/conv.cpp:100]   --->   Operation 164 'store' 'store_ln100' <Predicate = (!icmp_ln95)> <Delay = 0.00>
ST_34 : Operation 165 [1/1] (1.73ns)   --->   "%add_ln108 = add i5 %zext_ln95, i5 31" [../src/conv.cpp:108]   --->   Operation 165 'add' 'add_ln108' <Predicate = (!icmp_ln95)> <Delay = 1.73> <CoreInst = "Adder">   --->   Core 1 'Adder' <Latency = 0> <II = 1> <Delay = 1.73> <FuncUnit> <Opcode : 'add' 'sub'> <InPorts = 2> <OutPorts = 1>
ST_34 : Operation 166 [1/1] (0.00ns)   --->   "%br_ln94 = br void %VITIS_LOOP_95_2" [../src/conv.cpp:94]   --->   Operation 166 'br' 'br_ln94' <Predicate = (icmp_ln95)> <Delay = 0.00>

State 35 <SV = 34> <Delay = 7.88>
ST_35 : Operation 167 [1/1] (0.00ns)   --->   "%trunc_ln95 = trunc i4 %w" [../src/conv.cpp:95]   --->   Operation 167 'trunc' 'trunc_ln95' <Predicate = true> <Delay = 0.00>
ST_35 : Operation 168 [1/1] (1.78ns)   --->   "%icmp_ln110_2 = icmp_ult  i5 %add_ln108, i5 14" [../src/conv.cpp:110]   --->   Operation 168 'icmp' 'icmp_ln110_2' <Predicate = true> <Delay = 1.78> <CoreInst = "Cmp">   --->   Core 9 'Cmp' <Latency = 0> <II = 1> <Delay = 1.78> <FuncUnit> <Opcode : 'seteq' 'setne' 'setle' 'setge' 'setlt' 'setgt'> <InPorts = 2> <OutPorts = 1>
ST_35 : Operation 169 [1/1] (0.97ns)   --->   "%and_ln110 = and i1 %icmp_ln110_2, i1 %icmp_ln110" [../src/conv.cpp:110]   --->   Operation 169 'and' 'and_ln110' <Predicate = true> <Delay = 0.97> <CoreInst = "LogicGate">   --->   Core 74 'LogicGate' <Latency = 0> <II = 1> <Delay = 0.97> <FuncUnit> <Opcode : 'and' 'or' 'xor'> <InPorts = 2> <OutPorts = 1>
ST_35 : Operation 170 [1/1] (1.73ns)   --->   "%icmp_ln110_3 = icmp_ult  i4 %add_ln108_1, i4 14" [../src/conv.cpp:110]   --->   Operation 170 'icmp' 'icmp_ln110_3' <Predicate = true> <Delay = 1.73> <CoreInst = "Cmp">   --->   Core 9 'Cmp' <Latency = 0> <II = 1> <Delay = 1.73> <FuncUnit> <Opcode : 'seteq' 'setne' 'setle' 'setge' 'setlt' 'setgt'> <InPorts = 2> <OutPorts = 1>
ST_35 : Operation 171 [1/1] (0.97ns)   --->   "%and_ln110_1 = and i1 %icmp_ln110_3, i1 %icmp_ln110" [../src/conv.cpp:110]   --->   Operation 171 'and' 'and_ln110_1' <Predicate = true> <Delay = 0.97> <CoreInst = "LogicGate">   --->   Core 74 'LogicGate' <Latency = 0> <II = 1> <Delay = 0.97> <FuncUnit> <Opcode : 'and' 'or' 'xor'> <InPorts = 2> <OutPorts = 1>
ST_35 : Operation 172 [1/1] (0.97ns)   --->   "%and_ln110_2 = and i1 %icmp_ln110_2, i1 %icmp_ln110_1" [../src/conv.cpp:110]   --->   Operation 172 'and' 'and_ln110_2' <Predicate = true> <Delay = 0.97> <CoreInst = "LogicGate">   --->   Core 74 'LogicGate' <Latency = 0> <II = 1> <Delay = 0.97> <FuncUnit> <Opcode : 'and' 'or' 'xor'> <InPorts = 2> <OutPorts = 1>
ST_35 : Operation 173 [1/1] (0.97ns)   --->   "%and_ln110_3 = and i1 %icmp_ln110_3, i1 %icmp_ln110_1" [../src/conv.cpp:110]   --->   Operation 173 'and' 'and_ln110_3' <Predicate = true> <Delay = 0.97> <CoreInst = "LogicGate">   --->   Core 74 'LogicGate' <Latency = 0> <II = 1> <Delay = 0.97> <FuncUnit> <Opcode : 'and' 'or' 'xor'> <InPorts = 2> <OutPorts = 1>
ST_35 : Operation 174 [2/2] (5.12ns)   --->   "%call_ln110 = call void @conv2_Pipeline_CI_2, i5 %add_ln110, i5 %add_ln108, i4 %add_ln108_1, i4 %add_ln107, i1 %and_ln110_3, i5 %add_ln108, i8 %temp, i8 %temp_1, i8 %temp_2, i8 %temp_3, i8 %temp_4, i8 %temp_5, i8 %temp_6, i8 %temp_7, i8 %sub_ln127, i1 %and_ln110_2, i4 %w, i1 %and_ln110_1, i7 %shl_ln, i3 %sub_ln107, i3 %trunc_ln95, i1 %and_ln110, i4 %add_ln108_1, i8 %conv2_ap_fixed_ap_fixed_ap_fixed_ap_fixed_8_5_5_3_0_partial_sums_7, i8 %conv2_ap_fixed_ap_fixed_ap_fixed_ap_fixed_8_5_5_3_0_local_weight_2, i8 %conv2_ap_fixed_ap_fixed_ap_fixed_ap_fixed_8_5_5_3_0_partial_sums_6, i8 %conv2_ap_fixed_ap_fixed_ap_fixed_ap_fixed_8_5_5_3_0_partial_sums_5, i8 %conv2_ap_fixed_ap_fixed_ap_fixed_ap_fixed_8_5_5_3_0_partial_sums_4, i8 %conv2_ap_fixed_ap_fixed_ap_fixed_ap_fixed_8_5_5_3_0_partial_sums_3, i8 %conv2_ap_fixed_ap_fixed_ap_fixed_ap_fixed_8_5_5_3_0_partial_sums_2, i8 %conv2_ap_fixed_ap_fixed_ap_fixed_ap_fixed_8_5_5_3_0_partial_sums_1, i8 %conv2_ap_fixed_ap_fixed_ap_fixed_ap_fixed_8_5_5_3_0_partial_sums, i8 %conv2_ap_fixed_ap_fixed_ap_fixed_ap_fixed_8_5_5_3_0_local_weight_4, i8 %conv2_ap_fixed_ap_fixed_ap_fixed_ap_fixed_8_5_5_3_0_local_weight_5, i8 %conv2_ap_fixed_ap_fixed_ap_fixed_ap_fixed_8_5_5_3_0_local_weight_8, i8 %conv2_ap_fixed_ap_fixed_ap_fixed_ap_fixed_8_5_5_3_0_local_weight_7, i8 %conv2_ap_fixed_ap_fixed_ap_fixed_ap_fixed_8_5_5_3_0_local_weight_6, i8 %conv2_ap_fixed_ap_fixed_ap_fixed_ap_fixed_8_5_5_3_0_local_weight_3, i8 %conv2_ap_fixed_ap_fixed_ap_fixed_ap_fixed_8_5_5_3_0_local_weight_1, i8 %conv2_ap_fixed_ap_fixed_ap_fixed_ap_fixed_8_5_5_3_0_local_weight" [../src/conv.cpp:110]   --->   Operation 174 'call' 'call_ln110' <Predicate = true> <Delay = 5.12> <CoreType = "Generic">   --->   Generic Core

State 36 <SV = 35> <Delay = 0.00>
ST_36 : Operation 175 [1/2] (0.00ns)   --->   "%call_ln110 = call void @conv2_Pipeline_CI_2, i5 %add_ln110, i5 %add_ln108, i4 %add_ln108_1, i4 %add_ln107, i1 %and_ln110_3, i5 %add_ln108, i8 %temp, i8 %temp_1, i8 %temp_2, i8 %temp_3, i8 %temp_4, i8 %temp_5, i8 %temp_6, i8 %temp_7, i8 %sub_ln127, i1 %and_ln110_2, i4 %w, i1 %and_ln110_1, i7 %shl_ln, i3 %sub_ln107, i3 %trunc_ln95, i1 %and_ln110, i4 %add_ln108_1, i8 %conv2_ap_fixed_ap_fixed_ap_fixed_ap_fixed_8_5_5_3_0_partial_sums_7, i8 %conv2_ap_fixed_ap_fixed_ap_fixed_ap_fixed_8_5_5_3_0_local_weight_2, i8 %conv2_ap_fixed_ap_fixed_ap_fixed_ap_fixed_8_5_5_3_0_partial_sums_6, i8 %conv2_ap_fixed_ap_fixed_ap_fixed_ap_fixed_8_5_5_3_0_partial_sums_5, i8 %conv2_ap_fixed_ap_fixed_ap_fixed_ap_fixed_8_5_5_3_0_partial_sums_4, i8 %conv2_ap_fixed_ap_fixed_ap_fixed_ap_fixed_8_5_5_3_0_partial_sums_3, i8 %conv2_ap_fixed_ap_fixed_ap_fixed_ap_fixed_8_5_5_3_0_partial_sums_2, i8 %conv2_ap_fixed_ap_fixed_ap_fixed_ap_fixed_8_5_5_3_0_partial_sums_1, i8 %conv2_ap_fixed_ap_fixed_ap_fixed_ap_fixed_8_5_5_3_0_partial_sums, i8 %conv2_ap_fixed_ap_fixed_ap_fixed_ap_fixed_8_5_5_3_0_local_weight_4, i8 %conv2_ap_fixed_ap_fixed_ap_fixed_ap_fixed_8_5_5_3_0_local_weight_5, i8 %conv2_ap_fixed_ap_fixed_ap_fixed_ap_fixed_8_5_5_3_0_local_weight_8, i8 %conv2_ap_fixed_ap_fixed_ap_fixed_ap_fixed_8_5_5_3_0_local_weight_7, i8 %conv2_ap_fixed_ap_fixed_ap_fixed_ap_fixed_8_5_5_3_0_local_weight_6, i8 %conv2_ap_fixed_ap_fixed_ap_fixed_ap_fixed_8_5_5_3_0_local_weight_3, i8 %conv2_ap_fixed_ap_fixed_ap_fixed_ap_fixed_8_5_5_3_0_local_weight_1, i8 %conv2_ap_fixed_ap_fixed_ap_fixed_ap_fixed_8_5_5_3_0_local_weight" [../src/conv.cpp:110]   --->   Operation 175 'call' 'call_ln110' <Predicate = true> <Delay = 0.00> <CoreType = "Generic">   --->   Generic Core

State 37 <SV = 36> <Delay = 7.33>
ST_37 : Operation 176 [1/1] (0.00ns)   --->   "%conv2_ap_fixed_ap_fixed_ap_fixed_ap_fixed_8_5_5_3_0_partial_sums_7_load = load i8 %conv2_ap_fixed_ap_fixed_ap_fixed_ap_fixed_8_5_5_3_0_partial_sums_7" [../src/conv.cpp:124]   --->   Operation 176 'load' 'conv2_ap_fixed_ap_fixed_ap_fixed_ap_fixed_8_5_5_3_0_partial_sums_7_load' <Predicate = true> <Delay = 0.00>
ST_37 : Operation 177 [1/1] (0.00ns)   --->   "%conv2_ap_fixed_ap_fixed_ap_fixed_ap_fixed_8_5_5_3_0_partial_sums_5_load = load i8 %conv2_ap_fixed_ap_fixed_ap_fixed_ap_fixed_8_5_5_3_0_partial_sums_5" [../src/conv.cpp:124]   --->   Operation 177 'load' 'conv2_ap_fixed_ap_fixed_ap_fixed_ap_fixed_8_5_5_3_0_partial_sums_5_load' <Predicate = true> <Delay = 0.00>
ST_37 : Operation 178 [1/1] (0.00ns)   --->   "%conv2_ap_fixed_ap_fixed_ap_fixed_ap_fixed_8_5_5_3_0_partial_sums_4_load = load i8 %conv2_ap_fixed_ap_fixed_ap_fixed_ap_fixed_8_5_5_3_0_partial_sums_4" [../src/conv.cpp:124]   --->   Operation 178 'load' 'conv2_ap_fixed_ap_fixed_ap_fixed_ap_fixed_8_5_5_3_0_partial_sums_4_load' <Predicate = true> <Delay = 0.00>
ST_37 : Operation 179 [1/1] (0.00ns)   --->   "%conv2_ap_fixed_ap_fixed_ap_fixed_ap_fixed_8_5_5_3_0_partial_sums_load = load i8 %conv2_ap_fixed_ap_fixed_ap_fixed_ap_fixed_8_5_5_3_0_partial_sums" [../src/conv.cpp:124]   --->   Operation 179 'load' 'conv2_ap_fixed_ap_fixed_ap_fixed_ap_fixed_8_5_5_3_0_partial_sums_load' <Predicate = true> <Delay = 0.00>
ST_37 : Operation 180 [1/1] (0.00ns) (grouped into TernaryAdder)   --->   "%add_ln124_3 = add i8 %conv2_ap_fixed_ap_fixed_ap_fixed_ap_fixed_8_5_5_3_0_partial_sums_7_load, i8 %conv2_ap_fixed_ap_fixed_ap_fixed_ap_fixed_8_5_5_3_0_partial_sums_4_load" [../src/conv.cpp:124]   --->   Operation 180 'add' 'add_ln124_3' <Predicate = true> <Delay = 0.00> <CoreInst = "TAddSub">   --->   Core 10 'TAddSub' <Latency = 0> <II = 1> <Delay = 1.83> <IPBlock> <Opcode : 'add' 'sub'> <InPorts = 3> <OutPorts = 1> <Sync> <CReg>
ST_37 : Operation 181 [1/1] (0.00ns) (grouped into TernaryAdder)   --->   "%add_ln124_4 = add i8 %conv2_ap_fixed_ap_fixed_ap_fixed_ap_fixed_8_5_5_3_0_partial_sums_load, i8 %sum" [../src/conv.cpp:124]   --->   Operation 181 'add' 'add_ln124_4' <Predicate = true> <Delay = 0.00> <CoreInst = "TAddSub">   --->   Core 10 'TAddSub' <Latency = 0> <II = 1> <Delay = 1.83> <IPBlock> <Opcode : 'add' 'sub'> <InPorts = 3> <OutPorts = 1> <Sync> <CReg>
ST_37 : Operation 182 [1/1] (3.66ns) (root node of TernaryAdder)   --->   "%add_ln124_5 = add i8 %add_ln124_4, i8 %conv2_ap_fixed_ap_fixed_ap_fixed_ap_fixed_8_5_5_3_0_partial_sums_5_load" [../src/conv.cpp:124]   --->   Operation 182 'add' 'add_ln124_5' <Predicate = true> <Delay = 3.66> <CoreInst = "TAddSub">   --->   Core 10 'TAddSub' <Latency = 0> <II = 1> <Delay = 1.83> <IPBlock> <Opcode : 'add' 'sub'> <InPorts = 3> <OutPorts = 1> <Sync> <CReg>
ST_37 : Operation 183 [1/1] (3.66ns) (root node of TernaryAdder)   --->   "%add_ln124_6 = add i8 %add_ln124_5, i8 %add_ln124_3" [../src/conv.cpp:124]   --->   Operation 183 'add' 'add_ln124_6' <Predicate = true> <Delay = 3.66> <CoreInst = "TAddSub">   --->   Core 10 'TAddSub' <Latency = 0> <II = 1> <Delay = 1.83> <IPBlock> <Opcode : 'add' 'sub'> <InPorts = 3> <OutPorts = 1> <Sync> <CReg>

State 38 <SV = 37> <Delay = 8.49>
ST_38 : Operation 184 [1/1] (0.00ns)   --->   "%conv2_ap_fixed_ap_fixed_ap_fixed_ap_fixed_8_5_5_3_0_partial_sums_6_load = load i8 %conv2_ap_fixed_ap_fixed_ap_fixed_ap_fixed_8_5_5_3_0_partial_sums_6" [../src/conv.cpp:124]   --->   Operation 184 'load' 'conv2_ap_fixed_ap_fixed_ap_fixed_ap_fixed_8_5_5_3_0_partial_sums_6_load' <Predicate = true> <Delay = 0.00>
ST_38 : Operation 185 [1/1] (0.00ns)   --->   "%conv2_ap_fixed_ap_fixed_ap_fixed_ap_fixed_8_5_5_3_0_partial_sums_3_load = load i8 %conv2_ap_fixed_ap_fixed_ap_fixed_ap_fixed_8_5_5_3_0_partial_sums_3" [../src/conv.cpp:124]   --->   Operation 185 'load' 'conv2_ap_fixed_ap_fixed_ap_fixed_ap_fixed_8_5_5_3_0_partial_sums_3_load' <Predicate = true> <Delay = 0.00>
ST_38 : Operation 186 [1/1] (0.00ns)   --->   "%conv2_ap_fixed_ap_fixed_ap_fixed_ap_fixed_8_5_5_3_0_partial_sums_2_load = load i8 %conv2_ap_fixed_ap_fixed_ap_fixed_ap_fixed_8_5_5_3_0_partial_sums_2" [../src/conv.cpp:124]   --->   Operation 186 'load' 'conv2_ap_fixed_ap_fixed_ap_fixed_ap_fixed_8_5_5_3_0_partial_sums_2_load' <Predicate = true> <Delay = 0.00>
ST_38 : Operation 187 [1/1] (0.00ns)   --->   "%conv2_ap_fixed_ap_fixed_ap_fixed_ap_fixed_8_5_5_3_0_partial_sums_1_load = load i8 %conv2_ap_fixed_ap_fixed_ap_fixed_ap_fixed_8_5_5_3_0_partial_sums_1" [../src/conv.cpp:124]   --->   Operation 187 'load' 'conv2_ap_fixed_ap_fixed_ap_fixed_ap_fixed_8_5_5_3_0_partial_sums_1_load' <Predicate = true> <Delay = 0.00>
ST_38 : Operation 188 [1/1] (1.91ns)   --->   "%add_ln124 = add i8 %conv2_ap_fixed_ap_fixed_ap_fixed_ap_fixed_8_5_5_3_0_partial_sums_1_load, i8 %conv2_ap_fixed_ap_fixed_ap_fixed_ap_fixed_8_5_5_3_0_partial_sums_2_load" [../src/conv.cpp:124]   --->   Operation 188 'add' 'add_ln124' <Predicate = true> <Delay = 1.91> <CoreInst = "Adder">   --->   Core 1 'Adder' <Latency = 0> <II = 1> <Delay = 1.91> <FuncUnit> <Opcode : 'add' 'sub'> <InPorts = 2> <OutPorts = 1>
ST_38 : Operation 189 [1/1] (1.91ns)   --->   "%add_ln124_1 = add i8 %conv2_ap_fixed_ap_fixed_ap_fixed_ap_fixed_8_5_5_3_0_partial_sums_3_load, i8 %conv2_ap_fixed_ap_fixed_ap_fixed_ap_fixed_8_5_5_3_0_partial_sums_6_load" [../src/conv.cpp:124]   --->   Operation 189 'add' 'add_ln124_1' <Predicate = true> <Delay = 1.91> <CoreInst = "Adder">   --->   Core 1 'Adder' <Latency = 0> <II = 1> <Delay = 1.91> <FuncUnit> <Opcode : 'add' 'sub'> <InPorts = 2> <OutPorts = 1>
ST_38 : Operation 190 [1/1] (0.00ns) (grouped into TernaryAdder)   --->   "%add_ln124_2 = add i8 %add_ln124_1, i8 %add_ln124" [../src/conv.cpp:124]   --->   Operation 190 'add' 'add_ln124_2' <Predicate = true> <Delay = 0.00> <CoreInst = "TAddSub">   --->   Core 10 'TAddSub' <Latency = 0> <II = 1> <Delay = 1.83> <IPBlock> <Opcode : 'add' 'sub'> <InPorts = 3> <OutPorts = 1> <Sync> <CReg>
ST_38 : Operation 191 [1/1] (3.66ns) (root node of TernaryAdder)   --->   "%add_ln124_7 = add i8 %add_ln124_6, i8 %add_ln124_2" [../src/conv.cpp:124]   --->   Operation 191 'add' 'add_ln124_7' <Predicate = true> <Delay = 3.66> <CoreInst = "TAddSub">   --->   Core 10 'TAddSub' <Latency = 0> <II = 1> <Delay = 1.83> <IPBlock> <Opcode : 'add' 'sub'> <InPorts = 3> <OutPorts = 1> <Sync> <CReg>
ST_38 : Operation 192 [1/1] (0.00ns)   --->   "%trunc_ln128 = trunc i8 %add_ln124_7" [../src/conv.cpp:128]   --->   Operation 192 'trunc' 'trunc_ln128' <Predicate = true> <Delay = 0.00>
ST_38 : Operation 193 [1/1] (1.91ns)   --->   "%icmp_ln128 = icmp_sgt  i8 %add_ln124_7, i8 0" [../src/conv.cpp:128]   --->   Operation 193 'icmp' 'icmp_ln128' <Predicate = true> <Delay = 1.91> <CoreInst = "Cmp">   --->   Core 9 'Cmp' <Latency = 0> <II = 1> <Delay = 1.91> <FuncUnit> <Opcode : 'seteq' 'setne' 'setle' 'setge' 'setlt' 'setgt'> <InPorts = 2> <OutPorts = 1>
ST_38 : Operation 194 [1/1] (0.99ns)   --->   "%select_ln128 = select i1 %icmp_ln128, i7 %trunc_ln128, i7 0" [../src/conv.cpp:128]   --->   Operation 194 'select' 'select_ln128' <Predicate = true> <Delay = 0.99> <CoreInst = "Sel">   --->   Core 73 'Sel' <Latency = 0> <II = 1> <Delay = 0.99> <FuncUnit> <Opcode : 'select'> <InPorts = 3> <OutPorts = 1>

State 39 <SV = 38> <Delay = 8.75>
ST_39 : Operation 195 [1/1] (0.00ns)   --->   "%speclooptripcount_ln95 = speclooptripcount void @_ssdm_op_SpecLoopTripCount, i64 14, i64 14, i64 14" [../src/conv.cpp:95]   --->   Operation 195 'speclooptripcount' 'speclooptripcount_ln95' <Predicate = true> <Delay = 0.00>
ST_39 : Operation 196 [1/1] (0.00ns)   --->   "%specloopname_ln95 = specloopname void @_ssdm_op_SpecLoopName, void @empty_28" [../src/conv.cpp:95]   --->   Operation 196 'specloopname' 'specloopname_ln95' <Predicate = true> <Delay = 0.00>
ST_39 : Operation 197 [1/1] (0.00ns)   --->   "%zext_ln128 = zext i7 %select_ln128" [../src/conv.cpp:128]   --->   Operation 197 'zext' 'zext_ln128' <Predicate = true> <Delay = 0.00>
ST_39 : Operation 198 [1/1] ( I:8.75ns O:8.75ns )   --->   "%write_ln128 = write void @_ssdm_op_Write.m_axi.p1i8.i8, i8 %gmem0_addr_4, i8 %zext_ln128, i1 1" [../src/conv.cpp:128]   --->   Operation 198 'write' 'write_ln128' <Predicate = true> <Delay = 8.75> <CoreInst = "m_axi">   --->   Core 111 'm_axi' <Latency = 5> <II = 1> <Delay = 1.00> <Adapter> <Opcode : 'readrequnaligned' 'writerequnaligned' 'read' 'write' 'readreq' 'writereq' 'writeresp'>
ST_39 : Operation 199 [1/1] (0.00ns)   --->   "%br_ln95 = br void %VITIS_LOOP_98_3" [../src/conv.cpp:95]   --->   Operation 199 'br' 'br_ln95' <Predicate = true> <Delay = 0.00>

State 40 <SV = 32> <Delay = 0.00>
ST_40 : Operation 200 [5/5] (8.75ns)   --->   "%empty_88 = writeresp i1 @_ssdm_op_WriteResp.m_axi.p1i8, i8 %gmem0_addr_4" [../src/conv.cpp:132]   --->   Operation 200 'writeresp' 'empty_88' <Predicate = true> <Delay = 8.75> <CoreInst = "m_axi">   --->   Core 111 'm_axi' <Latency = 3> <II = 1> <Delay = 1.00> <Adapter> <Opcode : 'readrequnaligned' 'writerequnaligned' 'read' 'write' 'readreq' 'writereq' 'writeresp'>

State 41 <SV = 33> <Delay = 0.00>
ST_41 : Operation 201 [4/5] (8.75ns)   --->   "%empty_88 = writeresp i1 @_ssdm_op_WriteResp.m_axi.p1i8, i8 %gmem0_addr_4" [../src/conv.cpp:132]   --->   Operation 201 'writeresp' 'empty_88' <Predicate = true> <Delay = 8.75> <CoreInst = "m_axi">   --->   Core 111 'm_axi' <Latency = 3> <II = 1> <Delay = 1.00> <Adapter> <Opcode : 'readrequnaligned' 'writerequnaligned' 'read' 'write' 'readreq' 'writereq' 'writeresp'>

State 42 <SV = 34> <Delay = 0.00>
ST_42 : Operation 202 [3/5] (8.75ns)   --->   "%empty_88 = writeresp i1 @_ssdm_op_WriteResp.m_axi.p1i8, i8 %gmem0_addr_4" [../src/conv.cpp:132]   --->   Operation 202 'writeresp' 'empty_88' <Predicate = true> <Delay = 8.75> <CoreInst = "m_axi">   --->   Core 111 'm_axi' <Latency = 3> <II = 1> <Delay = 1.00> <Adapter> <Opcode : 'readrequnaligned' 'writerequnaligned' 'read' 'write' 'readreq' 'writereq' 'writeresp'>

State 43 <SV = 35> <Delay = 0.00>
ST_43 : Operation 203 [2/5] (8.75ns)   --->   "%empty_88 = writeresp i1 @_ssdm_op_WriteResp.m_axi.p1i8, i8 %gmem0_addr_4" [../src/conv.cpp:132]   --->   Operation 203 'writeresp' 'empty_88' <Predicate = true> <Delay = 8.75> <CoreInst = "m_axi">   --->   Core 111 'm_axi' <Latency = 3> <II = 1> <Delay = 1.00> <Adapter> <Opcode : 'readrequnaligned' 'writerequnaligned' 'read' 'write' 'readreq' 'writereq' 'writeresp'>

State 44 <SV = 36> <Delay = 8.75>
ST_44 : Operation 204 [1/5] ( I:8.75ns O:8.75ns )   --->   "%empty_88 = writeresp i1 @_ssdm_op_WriteResp.m_axi.p1i8, i8 %gmem0_addr_4" [../src/conv.cpp:132]   --->   Operation 204 'writeresp' 'empty_88' <Predicate = true> <Delay = 8.75> <CoreInst = "m_axi">   --->   Core 111 'm_axi' <Latency = 3> <II = 1> <Delay = 1.00> <Adapter> <Opcode : 'readrequnaligned' 'writerequnaligned' 'read' 'write' 'readreq' 'writereq' 'writeresp'>
ST_44 : Operation 205 [1/1] (0.00ns)   --->   "%ret_ln132 = ret" [../src/conv.cpp:132]   --->   Operation 205 'ret' 'ret_ln132' <Predicate = true> <Delay = 0.00>


============================================================
+ Verbose Summary: Timing violations
============================================================
Target clock period: 10.000ns, clock uncertainty: 1.250ns.

 <State 1>: 8.750ns
The critical path consists of the following:
	wire read operation ('weight_read') on port 'weight' [45]  (0.000 ns)
	'getelementptr' operation 8 bit ('gmem1_addr', ../src/conv.cpp:70) [56]  (0.000 ns)
	bus request operation ('empty', ../src/conv.cpp:70) on port 'gmem1' (../src/conv.cpp:70) [57]  (0.000 ns)
	blocking operation 8.75 ns on control path)

 <State 2>: 0.000ns
The critical path consists of the following:

 <State 3>: 0.000ns
The critical path consists of the following:

 <State 4>: 0.000ns
The critical path consists of the following:

 <State 5>: 0.000ns
The critical path consists of the following:

 <State 6>: 0.000ns
The critical path consists of the following:

 <State 7>: 0.000ns
The critical path consists of the following:

 <State 8>: 8.750ns
The critical path consists of the following:
	bus request operation ('empty', ../src/conv.cpp:70) on port 'gmem1' (../src/conv.cpp:70) [57]  (8.750 ns)

 <State 9>: 0.000ns
The critical path consists of the following:

 <State 10>: 0.000ns
The critical path consists of the following:

 <State 11>: 8.750ns
The critical path consists of the following:
	wire read operation ('bias_read') on port 'bias' [44]  (0.000 ns)
	'getelementptr' operation 8 bit ('gmem1_addr_2', ../src/conv.cpp:74) [59]  (0.000 ns)
	bus request operation ('empty_80', ../src/conv.cpp:74) on port 'gmem1' (../src/conv.cpp:74) [60]  (0.000 ns)
	blocking operation 8.75 ns on control path)

 <State 12>: 0.000ns
The critical path consists of the following:

 <State 13>: 0.000ns
The critical path consists of the following:

 <State 14>: 0.000ns
The critical path consists of the following:

 <State 15>: 0.000ns
The critical path consists of the following:

 <State 16>: 0.000ns
The critical path consists of the following:

 <State 17>: 0.000ns
The critical path consists of the following:

 <State 18>: 8.750ns
The critical path consists of the following:
	bus request operation ('empty_80', ../src/conv.cpp:74) on port 'gmem1' (../src/conv.cpp:74) [60]  (8.750 ns)

 <State 19>: 0.000ns
The critical path consists of the following:

 <State 20>: 4.956ns
The critical path consists of the following:
	'call' operation ('call_ln0') to 'conv2_Pipeline_LOAD_B' [61]  (4.956 ns)

 <State 21>: 8.750ns
The critical path consists of the following:
	wire read operation ('input_read') on port 'input_r' [47]  (0.000 ns)
	'getelementptr' operation 8 bit ('gmem0_addr', ../src/conv.cpp:85) [70]  (0.000 ns)
	bus request operation ('empty_81', ../src/conv.cpp:85) on port 'gmem0' (../src/conv.cpp:85) [71]  (0.000 ns)
	blocking operation 8.75 ns on control path)

 <State 22>: 0.000ns
The critical path consists of the following:

 <State 23>: 0.000ns
The critical path consists of the following:

 <State 24>: 0.000ns
The critical path consists of the following:

 <State 25>: 0.000ns
The critical path consists of the following:

 <State 26>: 0.000ns
The critical path consists of the following:

 <State 27>: 0.000ns
The critical path consists of the following:

 <State 28>: 8.750ns
The critical path consists of the following:
	bus request operation ('empty_81', ../src/conv.cpp:85) on port 'gmem0' (../src/conv.cpp:85) [71]  (8.750 ns)

 <State 29>: 0.000ns
The critical path consists of the following:

 <State 30>: 0.000ns
The critical path consists of the following:

 <State 31>: 8.750ns
The critical path consists of the following:
	wire read operation ('outputConv_read') on port 'outputConv' [46]  (0.000 ns)
	'getelementptr' operation 8 bit ('gmem0_addr_4', ../src/conv.cpp:93) [73]  (0.000 ns)
	bus request operation ('empty_82', ../src/conv.cpp:93) on port 'gmem0' (../src/conv.cpp:93) [74]  (8.750 ns)

 <State 32>: 3.368ns
The critical path consists of the following:
	'load' operation 5 bit ('co', ../src/conv.cpp:93) on local variable 'co', ../src/conv.cpp:93 [94]  (0.000 ns)
	'sparsemux' operation 8 bit ('sum', ../src/conv.cpp:121) [103]  (2.064 ns)
	blocking operation 1.304 ns on control path)

 <State 33>: 3.515ns
The critical path consists of the following:
	'phi' operation 4 bit ('h', ../src/conv.cpp:107) with incoming values : ('add_ln107', ../src/conv.cpp:107) [106]  (0.000 ns)
	'add' operation 5 bit ('add_ln110', ../src/conv.cpp:110) [121]  (1.735 ns)
	'icmp' operation 1 bit ('icmp_ln110', ../src/conv.cpp:110) [122]  (1.780 ns)

 <State 34>: 1.735ns
The critical path consists of the following:
	'phi' operation 4 bit ('w', ../src/conv.cpp:108) with incoming values : ('add_ln108_1', ../src/conv.cpp:108) [126]  (0.000 ns)
	'icmp' operation 1 bit ('icmp_ln95', ../src/conv.cpp:95) [127]  (1.735 ns)

 <State 35>: 7.882ns
The critical path consists of the following:
	'icmp' operation 1 bit ('icmp_ln110_2', ../src/conv.cpp:110) [144]  (1.780 ns)
	'and' operation 1 bit ('and_ln110', ../src/conv.cpp:110) [145]  (0.978 ns)
	'call' operation ('call_ln110', ../src/conv.cpp:110) to 'conv2_Pipeline_CI_2' [150]  (5.124 ns)

 <State 36>: 0.000ns
The critical path consists of the following:

 <State 37>: 7.338ns
The critical path consists of the following:
	'load' operation 8 bit ('conv2_ap_fixed_ap_fixed_ap_fixed_ap_fixed_8_5_5_3_0_partial_sums_5_load', ../src/conv.cpp:124) on static variable 'conv2_ap_fixed_ap_fixed_ap_fixed_ap_fixed_8_5_5_3_0_partial_sums_5' [153]  (0.000 ns)
	'add' operation 8 bit ('add_ln124_5', ../src/conv.cpp:124) [164]  (3.669 ns)
	'add' operation 8 bit ('add_ln124_6', ../src/conv.cpp:124) [165]  (3.669 ns)

 <State 38>: 8.492ns
The critical path consists of the following:
	'load' operation 8 bit ('conv2_ap_fixed_ap_fixed_ap_fixed_ap_fixed_8_5_5_3_0_partial_sums_6_load', ../src/conv.cpp:124) on static variable 'conv2_ap_fixed_ap_fixed_ap_fixed_ap_fixed_8_5_5_3_0_partial_sums_6' [152]  (0.000 ns)
	'add' operation 8 bit ('add_ln124_1', ../src/conv.cpp:124) [160]  (1.915 ns)
	'add' operation 8 bit ('add_ln124_2', ../src/conv.cpp:124) [161]  (0.000 ns)
	'add' operation 8 bit ('add_ln124_7', ../src/conv.cpp:124) [166]  (3.669 ns)
	'icmp' operation 1 bit ('icmp_ln128', ../src/conv.cpp:128) [168]  (1.915 ns)
	'select' operation 7 bit ('select_ln128', ../src/conv.cpp:128) [169]  (0.993 ns)

 <State 39>: 8.750ns
The critical path consists of the following:
	bus write operation ('write_ln128', ../src/conv.cpp:128) on port 'gmem0' (../src/conv.cpp:128) [171]  (8.750 ns)

 <State 40>: 0.000ns
The critical path consists of the following:

 <State 41>: 0.000ns
The critical path consists of the following:

 <State 42>: 0.000ns
The critical path consists of the following:

 <State 43>: 0.000ns
The critical path consists of the following:

 <State 44>: 8.750ns
The critical path consists of the following:
	bus response operation ('empty_88', ../src/conv.cpp:132) on port 'gmem0' (../src/conv.cpp:132) [179]  (8.750 ns)


============================================================
+ Verbose Summary: Binding
============================================================
N/A
* FSMD analyzer results:
  - Output states:
 - Input state : 
  - Chain level:
	State 1
	State 2
	State 3
	State 4
	State 5
	State 6
	State 7
	State 8
	State 9
	State 10
	State 11
	State 12
	State 13
	State 14
	State 15
	State 16
	State 17
	State 18
	State 19
	State 20
	State 21
	State 22
	State 23
	State 24
	State 25
	State 26
	State 27
	State 28
	State 29
	State 30
	State 31
	State 32
	State 33
	State 34
	State 35
	State 36
	State 37
	State 38
	State 39
	State 40
	State 41
	State 42
	State 43
	State 44


============================================================
+ Verbose Summary: Datapath Resource usage 
============================================================
N/A
