

================================================================
== Vitis HLS Report for 'conv2_Pipeline_LOAD_W'
================================================================
* Date:           Sat Mar  7 18:28:20 2026

* Version:        2025.2 (Build 6295257 on Nov 14 2025)
* Project:        top
* Solution:       hls (Vivado IP Flow Target)
* Product family: zynq
* Target device:  xc7z020-clg484-1


================================================================
== Performance Estimates
================================================================
+ Timing: 
    * Summary: 
    +--------+----------+----------+------------+
    |  Clock |  Target  | Estimated| Uncertainty|
    +--------+----------+----------+------------+
    |ap_clk  |  10.00 ns|  8.750 ns|     1.25 ns|
    +--------+----------+----------+------------+

+ Latency: 
    * Summary: 
    +---------+---------+-----------+-----------+-----+-----+-------------------+
    |  Latency (cycles) |   Latency (absolute)  |  Interval |      Pipeline     |
    |   min   |   max   |    min    |    max    | min | max |        Type       |
    +---------+---------+-----------+-----------+-----+-----+-------------------+
    |     1155|     1155|  11.550 us|  11.550 us|    0|    0|  loop pipeline stp|
    +---------+---------+-----------+-----------+-----+-----+-------------------+

    + Detail: 
        * Instance: 
        N/A

        * Loop: 
        +----------+---------+---------+----------+-----------+-----------+------+----------+
        |          |  Latency (cycles) | Iteration|  Initiation Interval  | Trip |          |
        | Loop Name|   min   |   max   |  Latency |  achieved |   target  | Count| Pipelined|
        +----------+---------+---------+----------+-----------+-----------+------+----------+
        |- LOAD_W  |     1153|     1153|         3|          1|          1|  1152|       yes|
        +----------+---------+---------+----------+-----------+-----------+------+----------+

============================================================
+ Verbose Summary: Synthesis Manager
============================================================
InlineROM: 1
ExposeGlobal: 0
============================================================
+ Verbose Summary: CDFG Model
============================================================
IsTopModel: 0
ResetActiveHigh: 1
IsCombinational: 0
IsDatapathOnly: 0
HasWiredReturn: 1
HasMFsm: 2
HasVarLatency: 1
IsPipeline: 0
IsRtlPipelined: 0
IsInstanceOverlapped: 0
IsDontTouch: 0
HasImplIP: 0
IsGatedGlobalClock: 0

+ Individual pipeline summary: 
  * Pipeline-0: initiation interval (II) = 1, depth = 3


============================================================
+ Verbose Summary: Schedule
============================================================
* Number of FSM states : 3
* Pipeline : 1
  Pipeline-0 : II = 1, D = 3, States = { 1 2 3 }
* Dataflow Pipeline: 0

* FSM state transitions: 
1 --> 2 
2 --> 3 
3 --> 

* FSM state operations: 

State 1 <SV = 0> <Delay = 5.50>
ST_1 : Operation 6 [1/1] (0.00ns)   --->   "%phi_urem = alloca i32 1"   --->   Operation 6 'alloca' 'phi_urem' <Predicate = true> <Delay = 0.00>
ST_1 : Operation 7 [1/1] (0.00ns)   --->   "%phi_mul = alloca i32 1"   --->   Operation 7 'alloca' 'phi_mul' <Predicate = true> <Delay = 0.00>
ST_1 : Operation 8 [1/1] (0.00ns)   --->   "%i = alloca i32 1" [../src/conv.cpp:70]   --->   Operation 8 'alloca' 'i' <Predicate = true> <Delay = 0.00>
ST_1 : Operation 9 [1/1] (0.00ns)   --->   "%specstablecontent_ln0 = specstablecontent void @_ssdm_op_SpecStableContent, i8 %gmem1, i1 1, void "   --->   Operation 9 'specstablecontent' 'specstablecontent_ln0' <Predicate = true> <Delay = 0.00>
ST_1 : Operation 10 [1/1] (0.00ns)   --->   "%specinterface_ln0 = specinterface void @_ssdm_op_SpecInterface, i8 %gmem1, void @empty_7, i32 0, i32 0, void @empty_8, i32 0, i32 136, void @empty_32, void @empty_20, void @empty_8, i32 16, i32 16, i32 16, i32 16, void @empty_8, void @empty_8, i32 4294967295, i32 0, i32 0, i32 1"   --->   Operation 10 'specinterface' 'specinterface_ln0' <Predicate = true> <Delay = 0.00>
ST_1 : Operation 11 [1/1] (0.00ns)   --->   "%weight_read = read i64 @_ssdm_op_Read.ap_auto.i64, i64 %weight"   --->   Operation 11 'read' 'weight_read' <Predicate = true> <Delay = 0.00>
ST_1 : Operation 12 [1/1] (1.58ns)   --->   "%store_ln70 = store i11 0, i11 %i" [../src/conv.cpp:70]   --->   Operation 12 'store' 'store_ln70' <Predicate = true> <Delay = 1.58>
ST_1 : Operation 13 [1/1] (1.58ns)   --->   "%store_ln0 = store i23 0, i23 %phi_mul"   --->   Operation 13 'store' 'store_ln0' <Predicate = true> <Delay = 1.58>
ST_1 : Operation 14 [1/1] (1.58ns)   --->   "%store_ln0 = store i11 0, i11 %phi_urem"   --->   Operation 14 'store' 'store_ln0' <Predicate = true> <Delay = 1.58>
ST_1 : Operation 15 [1/1] (0.00ns)   --->   "%br_ln0 = br void %for.inc"   --->   Operation 15 'br' 'br_ln0' <Predicate = true> <Delay = 0.00>
ST_1 : Operation 16 [1/1] (0.00ns)   --->   "%phi_urem_load = load i11 %phi_urem" [../src/conv.cpp:70]   --->   Operation 16 'load' 'phi_urem_load' <Predicate = true> <Delay = 0.00>
ST_1 : Operation 17 [1/1] (0.00ns)   --->   "%i_4 = load i11 %i" [../src/conv.cpp:70]   --->   Operation 17 'load' 'i_4' <Predicate = true> <Delay = 0.00>
ST_1 : Operation 18 [1/1] (1.63ns)   --->   "%icmp_ln70 = icmp_eq  i11 %i_4, i11 1152" [../src/conv.cpp:70]   --->   Operation 18 'icmp' 'icmp_ln70' <Predicate = true> <Delay = 1.63> <CoreInst = "Cmp">   --->   Core 9 'Cmp' <Latency = 0> <II = 1> <Delay = 1.63> <FuncUnit> <Opcode : 'seteq' 'setne' 'setle' 'setge' 'setlt' 'setgt'> <InPorts = 2> <OutPorts = 1>
ST_1 : Operation 19 [1/1] (1.63ns)   --->   "%add_ln70 = add i11 %i_4, i11 1" [../src/conv.cpp:70]   --->   Operation 19 'add' 'add_ln70' <Predicate = true> <Delay = 1.63> <CoreInst = "Adder">   --->   Core 1 'Adder' <Latency = 0> <II = 1> <Delay = 1.63> <FuncUnit> <Opcode : 'add' 'sub'> <InPorts = 2> <OutPorts = 1>
ST_1 : Operation 20 [1/1] (0.00ns)   --->   "%br_ln70 = br i1 %icmp_ln70, void %for.inc.split, void %LOAD_B.exitStub" [../src/conv.cpp:70]   --->   Operation 20 'br' 'br_ln70' <Predicate = true> <Delay = 0.00>
ST_1 : Operation 21 [1/1] (0.00ns)   --->   "%gmem1_addr = getelementptr i8 %gmem1, i64 %weight_read" [../src/conv.cpp:70]   --->   Operation 21 'getelementptr' 'gmem1_addr' <Predicate = (!icmp_ln70)> <Delay = 0.00>
ST_1 : Operation 22 [1/1] (0.00ns)   --->   "%trunc_ln70 = trunc i11 %phi_urem_load" [../src/conv.cpp:70]   --->   Operation 22 'trunc' 'trunc_ln70' <Predicate = (!icmp_ln70)> <Delay = 0.00>
ST_1 : Operation 23 [1/1] (1.73ns)   --->   "%switch_ln72 = switch i4 %trunc_ln70, void %arrayidx2.case.8, i4 0, void %arrayidx2.case.0, i4 1, void %arrayidx2.case.1, i4 2, void %arrayidx2.case.2, i4 3, void %arrayidx2.case.3, i4 4, void %arrayidx2.case.4, i4 5, void %arrayidx2.case.5, i4 6, void %arrayidx2.case.6, i4 7, void %arrayidx2.case.7" [../src/conv.cpp:72]   --->   Operation 23 'switch' 'switch_ln72' <Predicate = (!icmp_ln70)> <Delay = 1.73>
ST_1 : Operation 24 [1/1] (1.63ns)   --->   "%add_ln70_2 = add i11 %phi_urem_load, i11 1" [../src/conv.cpp:70]   --->   Operation 24 'add' 'add_ln70_2' <Predicate = (!icmp_ln70)> <Delay = 1.63> <CoreInst = "Adder">   --->   Core 1 'Adder' <Latency = 0> <II = 1> <Delay = 1.63> <FuncUnit> <Opcode : 'add' 'sub'> <InPorts = 2> <OutPorts = 1>
ST_1 : Operation 25 [1/1] (1.63ns)   --->   "%icmp_ln70_1 = icmp_eq  i11 %phi_urem_load, i11 8" [../src/conv.cpp:70]   --->   Operation 25 'icmp' 'icmp_ln70_1' <Predicate = (!icmp_ln70)> <Delay = 1.63> <CoreInst = "Cmp">   --->   Core 9 'Cmp' <Latency = 0> <II = 1> <Delay = 1.63> <FuncUnit> <Opcode : 'seteq' 'setne' 'setle' 'setge' 'setlt' 'setgt'> <InPorts = 2> <OutPorts = 1>
ST_1 : Operation 26 [1/1] (0.69ns)   --->   "%select_ln70 = select i1 %icmp_ln70_1, i11 0, i11 %add_ln70_2" [../src/conv.cpp:70]   --->   Operation 26 'select' 'select_ln70' <Predicate = (!icmp_ln70)> <Delay = 0.69> <CoreInst = "Sel">   --->   Core 73 'Sel' <Latency = 0> <II = 1> <Delay = 0.69> <FuncUnit> <Opcode : 'select'> <InPorts = 3> <OutPorts = 1>
ST_1 : Operation 27 [1/1] (1.58ns)   --->   "%store_ln70 = store i11 %add_ln70, i11 %i" [../src/conv.cpp:70]   --->   Operation 27 'store' 'store_ln70' <Predicate = (!icmp_ln70)> <Delay = 1.58>
ST_1 : Operation 28 [1/1] (1.58ns)   --->   "%store_ln70 = store i11 %select_ln70, i11 %phi_urem" [../src/conv.cpp:70]   --->   Operation 28 'store' 'store_ln70' <Predicate = (!icmp_ln70)> <Delay = 1.58>

State 2 <SV = 1> <Delay = 8.75>
ST_2 : Operation 29 [1/1] ( I:8.75ns O:8.75ns )   --->   "%gmem1_addr_read = read i8 @_ssdm_op_Read.m_axi.i8.p1i8, i8 %gmem1_addr" [../src/conv.cpp:72]   --->   Operation 29 'read' 'gmem1_addr_read' <Predicate = true> <Delay = 8.75> <CoreInst = "m_axi">   --->   Core 111 'm_axi' <Latency = 3> <II = 1> <Delay = 1.00> <Adapter> <Opcode : 'readrequnaligned' 'writerequnaligned' 'read' 'write' 'readreq' 'writereq' 'writeresp'>
ST_2 : Operation 66 [1/1] (1.58ns)   --->   "%ret_ln0 = ret"   --->   Operation 66 'ret' 'ret_ln0' <Predicate = (icmp_ln70)> <Delay = 1.58>

State 3 <SV = 2> <Delay = 3.87>
ST_3 : Operation 30 [1/1] (0.00ns)   --->   "%phi_mul_load = load i23 %phi_mul" [../src/conv.cpp:70]   --->   Operation 30 'load' 'phi_mul_load' <Predicate = true> <Delay = 0.00>
ST_3 : Operation 31 [1/1] (0.00ns)   --->   "%specpipeline_ln71 = specpipeline void @_ssdm_op_SpecPipeline, i32 1, i32 0, i32 0, i32 0, i32 4294967295, void @empty_8" [../src/conv.cpp:71]   --->   Operation 31 'specpipeline' 'specpipeline_ln71' <Predicate = true> <Delay = 0.00>
ST_3 : Operation 32 [1/1] (0.00ns)   --->   "%speclooptripcount_ln70 = speclooptripcount void @_ssdm_op_SpecLoopTripCount, i64 1152, i64 1152, i64 1152" [../src/conv.cpp:70]   --->   Operation 32 'speclooptripcount' 'speclooptripcount_ln70' <Predicate = true> <Delay = 0.00>
ST_3 : Operation 33 [1/1] (0.00ns)   --->   "%specloopname_ln70 = specloopname void @_ssdm_op_SpecLoopName, void @empty" [../src/conv.cpp:70]   --->   Operation 33 'specloopname' 'specloopname_ln70' <Predicate = true> <Delay = 0.00>
ST_3 : Operation 34 [1/1] (2.28ns)   --->   "%add_ln70_1 = add i23 %phi_mul_load, i23 3641" [../src/conv.cpp:70]   --->   Operation 34 'add' 'add_ln70_1' <Predicate = true> <Delay = 2.28> <CoreInst = "Adder">   --->   Core 1 'Adder' <Latency = 0> <II = 1> <Delay = 2.28> <FuncUnit> <Opcode : 'add' 'sub'> <InPorts = 2> <OutPorts = 1>
ST_3 : Operation 35 [1/1] (0.00ns)   --->   "%tmp = partselect i8 @_ssdm_op_PartSelect.i8.i23.i32.i32, i23 %phi_mul_load, i32 15, i32 22" [../src/conv.cpp:70]   --->   Operation 35 'partselect' 'tmp' <Predicate = true> <Delay = 0.00>
ST_3 : Operation 36 [1/1] (0.00ns)   --->   "%zext_ln70 = zext i8 %tmp" [../src/conv.cpp:70]   --->   Operation 36 'zext' 'zext_ln70' <Predicate = true> <Delay = 0.00>
ST_3 : Operation 37 [1/1] (0.00ns)   --->   "%conv2_ap_fixed_ap_fixed_ap_fixed_ap_fixed_8_5_5_3_0_local_weight_8_addr = getelementptr i8 %conv2_ap_fixed_ap_fixed_ap_fixed_ap_fixed_8_5_5_3_0_local_weight_8, i64 0, i64 %zext_ln70" [../src/conv.cpp:72]   --->   Operation 37 'getelementptr' 'conv2_ap_fixed_ap_fixed_ap_fixed_ap_fixed_8_5_5_3_0_local_weight_8_addr' <Predicate = true> <Delay = 0.00>
ST_3 : Operation 38 [1/1] (0.00ns)   --->   "%conv2_ap_fixed_ap_fixed_ap_fixed_ap_fixed_8_5_5_3_0_local_weight_7_addr = getelementptr i8 %conv2_ap_fixed_ap_fixed_ap_fixed_ap_fixed_8_5_5_3_0_local_weight_7, i64 0, i64 %zext_ln70" [../src/conv.cpp:72]   --->   Operation 38 'getelementptr' 'conv2_ap_fixed_ap_fixed_ap_fixed_ap_fixed_8_5_5_3_0_local_weight_7_addr' <Predicate = true> <Delay = 0.00>
ST_3 : Operation 39 [1/1] (0.00ns)   --->   "%conv2_ap_fixed_ap_fixed_ap_fixed_ap_fixed_8_5_5_3_0_local_weight_6_addr = getelementptr i8 %conv2_ap_fixed_ap_fixed_ap_fixed_ap_fixed_8_5_5_3_0_local_weight_6, i64 0, i64 %zext_ln70" [../src/conv.cpp:72]   --->   Operation 39 'getelementptr' 'conv2_ap_fixed_ap_fixed_ap_fixed_ap_fixed_8_5_5_3_0_local_weight_6_addr' <Predicate = true> <Delay = 0.00>
ST_3 : Operation 40 [1/1] (0.00ns)   --->   "%conv2_ap_fixed_ap_fixed_ap_fixed_ap_fixed_8_5_5_3_0_local_weight_5_addr = getelementptr i8 %conv2_ap_fixed_ap_fixed_ap_fixed_ap_fixed_8_5_5_3_0_local_weight_5, i64 0, i64 %zext_ln70" [../src/conv.cpp:72]   --->   Operation 40 'getelementptr' 'conv2_ap_fixed_ap_fixed_ap_fixed_ap_fixed_8_5_5_3_0_local_weight_5_addr' <Predicate = true> <Delay = 0.00>
ST_3 : Operation 41 [1/1] (0.00ns)   --->   "%conv2_ap_fixed_ap_fixed_ap_fixed_ap_fixed_8_5_5_3_0_local_weight_4_addr = getelementptr i8 %conv2_ap_fixed_ap_fixed_ap_fixed_ap_fixed_8_5_5_3_0_local_weight_4, i64 0, i64 %zext_ln70" [../src/conv.cpp:72]   --->   Operation 41 'getelementptr' 'conv2_ap_fixed_ap_fixed_ap_fixed_ap_fixed_8_5_5_3_0_local_weight_4_addr' <Predicate = true> <Delay = 0.00>
ST_3 : Operation 42 [1/1] (0.00ns)   --->   "%conv2_ap_fixed_ap_fixed_ap_fixed_ap_fixed_8_5_5_3_0_local_weight_3_addr = getelementptr i8 %conv2_ap_fixed_ap_fixed_ap_fixed_ap_fixed_8_5_5_3_0_local_weight_3, i64 0, i64 %zext_ln70" [../src/conv.cpp:72]   --->   Operation 42 'getelementptr' 'conv2_ap_fixed_ap_fixed_ap_fixed_ap_fixed_8_5_5_3_0_local_weight_3_addr' <Predicate = true> <Delay = 0.00>
ST_3 : Operation 43 [1/1] (0.00ns)   --->   "%conv2_ap_fixed_ap_fixed_ap_fixed_ap_fixed_8_5_5_3_0_local_weight_2_addr = getelementptr i8 %conv2_ap_fixed_ap_fixed_ap_fixed_ap_fixed_8_5_5_3_0_local_weight_2, i64 0, i64 %zext_ln70" [../src/conv.cpp:72]   --->   Operation 43 'getelementptr' 'conv2_ap_fixed_ap_fixed_ap_fixed_ap_fixed_8_5_5_3_0_local_weight_2_addr' <Predicate = true> <Delay = 0.00>
ST_3 : Operation 44 [1/1] (0.00ns)   --->   "%conv2_ap_fixed_ap_fixed_ap_fixed_ap_fixed_8_5_5_3_0_local_weight_1_addr = getelementptr i8 %conv2_ap_fixed_ap_fixed_ap_fixed_ap_fixed_8_5_5_3_0_local_weight_1, i64 0, i64 %zext_ln70" [../src/conv.cpp:72]   --->   Operation 44 'getelementptr' 'conv2_ap_fixed_ap_fixed_ap_fixed_ap_fixed_8_5_5_3_0_local_weight_1_addr' <Predicate = true> <Delay = 0.00>
ST_3 : Operation 45 [1/1] (0.00ns)   --->   "%conv2_ap_fixed_ap_fixed_ap_fixed_ap_fixed_8_5_5_3_0_local_weight_addr = getelementptr i8 %conv2_ap_fixed_ap_fixed_ap_fixed_ap_fixed_8_5_5_3_0_local_weight, i64 0, i64 %zext_ln70" [../src/conv.cpp:72]   --->   Operation 45 'getelementptr' 'conv2_ap_fixed_ap_fixed_ap_fixed_ap_fixed_8_5_5_3_0_local_weight_addr' <Predicate = true> <Delay = 0.00>
ST_3 : Operation 46 [1/1] ( I:3.25ns O:3.25ns )   --->   "%store_ln72 = store i8 %gmem1_addr_read, i7 %conv2_ap_fixed_ap_fixed_ap_fixed_ap_fixed_8_5_5_3_0_local_weight_1_addr" [../src/conv.cpp:72]   --->   Operation 46 'store' 'store_ln72' <Predicate = (trunc_ln70 == 7)> <Delay = 3.25> <CoreInst = "RAM">   --->   Core 81 'RAM' <Latency = 1> <II = 1> <Delay = 3.25> <Storage> <Opcode : 'load' 'store'> <Ports = 2> <Width = 8> <Depth = 128> <RAM>
ST_3 : Operation 47 [1/1] (0.00ns)   --->   "%br_ln72 = br void %arrayidx2.exit" [../src/conv.cpp:72]   --->   Operation 47 'br' 'br_ln72' <Predicate = (trunc_ln70 == 7)> <Delay = 0.00>
ST_3 : Operation 48 [1/1] ( I:3.25ns O:3.25ns )   --->   "%store_ln72 = store i8 %gmem1_addr_read, i7 %conv2_ap_fixed_ap_fixed_ap_fixed_ap_fixed_8_5_5_3_0_local_weight_2_addr" [../src/conv.cpp:72]   --->   Operation 48 'store' 'store_ln72' <Predicate = (trunc_ln70 == 6)> <Delay = 3.25> <CoreInst = "RAM">   --->   Core 81 'RAM' <Latency = 1> <II = 1> <Delay = 3.25> <Storage> <Opcode : 'load' 'store'> <Ports = 2> <Width = 8> <Depth = 128> <RAM>
ST_3 : Operation 49 [1/1] (0.00ns)   --->   "%br_ln72 = br void %arrayidx2.exit" [../src/conv.cpp:72]   --->   Operation 49 'br' 'br_ln72' <Predicate = (trunc_ln70 == 6)> <Delay = 0.00>
ST_3 : Operation 50 [1/1] ( I:3.25ns O:3.25ns )   --->   "%store_ln72 = store i8 %gmem1_addr_read, i7 %conv2_ap_fixed_ap_fixed_ap_fixed_ap_fixed_8_5_5_3_0_local_weight_3_addr" [../src/conv.cpp:72]   --->   Operation 50 'store' 'store_ln72' <Predicate = (trunc_ln70 == 5)> <Delay = 3.25> <CoreInst = "RAM">   --->   Core 81 'RAM' <Latency = 1> <II = 1> <Delay = 3.25> <Storage> <Opcode : 'load' 'store'> <Ports = 2> <Width = 8> <Depth = 128> <RAM>
ST_3 : Operation 51 [1/1] (0.00ns)   --->   "%br_ln72 = br void %arrayidx2.exit" [../src/conv.cpp:72]   --->   Operation 51 'br' 'br_ln72' <Predicate = (trunc_ln70 == 5)> <Delay = 0.00>
ST_3 : Operation 52 [1/1] ( I:3.25ns O:3.25ns )   --->   "%store_ln72 = store i8 %gmem1_addr_read, i7 %conv2_ap_fixed_ap_fixed_ap_fixed_ap_fixed_8_5_5_3_0_local_weight_4_addr" [../src/conv.cpp:72]   --->   Operation 52 'store' 'store_ln72' <Predicate = (trunc_ln70 == 4)> <Delay = 3.25> <CoreInst = "RAM">   --->   Core 81 'RAM' <Latency = 1> <II = 1> <Delay = 3.25> <Storage> <Opcode : 'load' 'store'> <Ports = 2> <Width = 8> <Depth = 128> <RAM>
ST_3 : Operation 53 [1/1] (0.00ns)   --->   "%br_ln72 = br void %arrayidx2.exit" [../src/conv.cpp:72]   --->   Operation 53 'br' 'br_ln72' <Predicate = (trunc_ln70 == 4)> <Delay = 0.00>
ST_3 : Operation 54 [1/1] ( I:3.25ns O:3.25ns )   --->   "%store_ln72 = store i8 %gmem1_addr_read, i7 %conv2_ap_fixed_ap_fixed_ap_fixed_ap_fixed_8_5_5_3_0_local_weight_5_addr" [../src/conv.cpp:72]   --->   Operation 54 'store' 'store_ln72' <Predicate = (trunc_ln70 == 3)> <Delay = 3.25> <CoreInst = "RAM">   --->   Core 81 'RAM' <Latency = 1> <II = 1> <Delay = 3.25> <Storage> <Opcode : 'load' 'store'> <Ports = 2> <Width = 8> <Depth = 128> <RAM>
ST_3 : Operation 55 [1/1] (0.00ns)   --->   "%br_ln72 = br void %arrayidx2.exit" [../src/conv.cpp:72]   --->   Operation 55 'br' 'br_ln72' <Predicate = (trunc_ln70 == 3)> <Delay = 0.00>
ST_3 : Operation 56 [1/1] ( I:3.25ns O:3.25ns )   --->   "%store_ln72 = store i8 %gmem1_addr_read, i7 %conv2_ap_fixed_ap_fixed_ap_fixed_ap_fixed_8_5_5_3_0_local_weight_6_addr" [../src/conv.cpp:72]   --->   Operation 56 'store' 'store_ln72' <Predicate = (trunc_ln70 == 2)> <Delay = 3.25> <CoreInst = "RAM">   --->   Core 81 'RAM' <Latency = 1> <II = 1> <Delay = 3.25> <Storage> <Opcode : 'load' 'store'> <Ports = 2> <Width = 8> <Depth = 128> <RAM>
ST_3 : Operation 57 [1/1] (0.00ns)   --->   "%br_ln72 = br void %arrayidx2.exit" [../src/conv.cpp:72]   --->   Operation 57 'br' 'br_ln72' <Predicate = (trunc_ln70 == 2)> <Delay = 0.00>
ST_3 : Operation 58 [1/1] ( I:3.25ns O:3.25ns )   --->   "%store_ln72 = store i8 %gmem1_addr_read, i7 %conv2_ap_fixed_ap_fixed_ap_fixed_ap_fixed_8_5_5_3_0_local_weight_7_addr" [../src/conv.cpp:72]   --->   Operation 58 'store' 'store_ln72' <Predicate = (trunc_ln70 == 1)> <Delay = 3.25> <CoreInst = "RAM">   --->   Core 81 'RAM' <Latency = 1> <II = 1> <Delay = 3.25> <Storage> <Opcode : 'load' 'store'> <Ports = 2> <Width = 8> <Depth = 128> <RAM>
ST_3 : Operation 59 [1/1] (0.00ns)   --->   "%br_ln72 = br void %arrayidx2.exit" [../src/conv.cpp:72]   --->   Operation 59 'br' 'br_ln72' <Predicate = (trunc_ln70 == 1)> <Delay = 0.00>
ST_3 : Operation 60 [1/1] ( I:3.25ns O:3.25ns )   --->   "%store_ln72 = store i8 %gmem1_addr_read, i7 %conv2_ap_fixed_ap_fixed_ap_fixed_ap_fixed_8_5_5_3_0_local_weight_8_addr" [../src/conv.cpp:72]   --->   Operation 60 'store' 'store_ln72' <Predicate = (trunc_ln70 == 0)> <Delay = 3.25> <CoreInst = "RAM">   --->   Core 81 'RAM' <Latency = 1> <II = 1> <Delay = 3.25> <Storage> <Opcode : 'load' 'store'> <Ports = 2> <Width = 8> <Depth = 128> <RAM>
ST_3 : Operation 61 [1/1] (0.00ns)   --->   "%br_ln72 = br void %arrayidx2.exit" [../src/conv.cpp:72]   --->   Operation 61 'br' 'br_ln72' <Predicate = (trunc_ln70 == 0)> <Delay = 0.00>
ST_3 : Operation 62 [1/1] ( I:3.25ns O:3.25ns )   --->   "%store_ln72 = store i8 %gmem1_addr_read, i7 %conv2_ap_fixed_ap_fixed_ap_fixed_ap_fixed_8_5_5_3_0_local_weight_addr" [../src/conv.cpp:72]   --->   Operation 62 'store' 'store_ln72' <Predicate = (trunc_ln70 != 0 & trunc_ln70 != 1 & trunc_ln70 != 2 & trunc_ln70 != 3 & trunc_ln70 != 4 & trunc_ln70 != 5 & trunc_ln70 != 6 & trunc_ln70 != 7)> <Delay = 3.25> <CoreInst = "RAM">   --->   Core 81 'RAM' <Latency = 1> <II = 1> <Delay = 3.25> <Storage> <Opcode : 'load' 'store'> <Ports = 2> <Width = 8> <Depth = 128> <RAM>
ST_3 : Operation 63 [1/1] (0.00ns)   --->   "%br_ln72 = br void %arrayidx2.exit" [../src/conv.cpp:72]   --->   Operation 63 'br' 'br_ln72' <Predicate = (trunc_ln70 != 0 & trunc_ln70 != 1 & trunc_ln70 != 2 & trunc_ln70 != 3 & trunc_ln70 != 4 & trunc_ln70 != 5 & trunc_ln70 != 6 & trunc_ln70 != 7)> <Delay = 0.00>
ST_3 : Operation 64 [1/1] (1.58ns)   --->   "%store_ln70 = store i23 %add_ln70_1, i23 %phi_mul" [../src/conv.cpp:70]   --->   Operation 64 'store' 'store_ln70' <Predicate = true> <Delay = 1.58>
ST_3 : Operation 65 [1/1] (0.00ns)   --->   "%br_ln70 = br void %for.inc" [../src/conv.cpp:70]   --->   Operation 65 'br' 'br_ln70' <Predicate = true> <Delay = 0.00>


============================================================
+ Verbose Summary: Timing violations
============================================================
Target clock period: 10.000ns, clock uncertainty: 1.250ns.

 <State 1>: 5.507ns
The critical path consists of the following:
	'store' operation ('store_ln0') of constant 0 11 bit on local variable 'phi_urem' [20]  (1.588 ns)
	'load' operation 11 bit ('phi_urem_load', ../src/conv.cpp:70) on local variable 'phi_urem' [23]  (0.000 ns)
	'icmp' operation 1 bit ('icmp_ln70_1', ../src/conv.cpp:70) [78]  (1.639 ns)
	'select' operation 11 bit ('select_ln70', ../src/conv.cpp:70) [79]  (0.692 ns)
	'store' operation ('store_ln70', ../src/conv.cpp:70) of variable 'select_ln70', ../src/conv.cpp:70 11 bit on local variable 'phi_urem' [82]  (1.588 ns)

 <State 2>: 8.750ns
The critical path consists of the following:
	bus read operation ('gmem1_addr_read', ../src/conv.cpp:72) on port 'gmem1' (../src/conv.cpp:72) [47]  (8.750 ns)

 <State 3>: 3.873ns
The critical path consists of the following:
	'load' operation 23 bit ('phi_mul_load', ../src/conv.cpp:70) on local variable 'phi_mul' [29]  (0.000 ns)
	'add' operation 23 bit ('add_ln70_1', ../src/conv.cpp:70) [34]  (2.285 ns)
	'store' operation ('store_ln70', ../src/conv.cpp:70) of variable 'add_ln70_1', ../src/conv.cpp:70 23 bit on local variable 'phi_mul' [81]  (1.588 ns)


============================================================
+ Verbose Summary: Binding
============================================================
N/A
* FSMD analyzer results:
  - Output states:
 - Input state : 
  - Chain level:
	State 1
	State 2
	State 3


============================================================
+ Verbose Summary: Datapath Resource usage 
============================================================
N/A
