

================================================================
== Vitis HLS Report for 'conv2_Pipeline_LOAD_B'
================================================================
* Date:           Sat Mar  7 18:28:20 2026

* Version:        2025.2 (Build 6295257 on Nov 14 2025)
* Project:        top
* Solution:       hls (Vivado IP Flow Target)
* Product family: zynq
* Target device:  xc7z020-clg484-1


================================================================
== Performance Estimates
================================================================
+ Timing: 
    * Summary: 
    +--------+----------+----------+------------+
    |  Clock |  Target  | Estimated| Uncertainty|
    +--------+----------+----------+------------+
    |ap_clk  |  10.00 ns|  8.750 ns|     1.25 ns|
    +--------+----------+----------+------------+

+ Latency: 
    * Summary: 
    +---------+---------+----------+----------+-----+-----+-------------------+
    |  Latency (cycles) |  Latency (absolute) |  Interval |      Pipeline     |
    |   min   |   max   |    min   |    max   | min | max |        Type       |
    +---------+---------+----------+----------+-----+-----+-------------------+
    |       18|       18|  0.180 us|  0.180 us|    0|    0|  loop pipeline stp|
    +---------+---------+----------+----------+-----+-----+-------------------+

    + Detail: 
        * Instance: 
        N/A

        * Loop: 
        +----------+---------+---------+----------+-----------+-----------+------+----------+
        |          |  Latency (cycles) | Iteration|  Initiation Interval  | Trip |          |
        | Loop Name|   min   |   max   |  Latency |  achieved |   target  | Count| Pipelined|
        +----------+---------+---------+----------+-----------+-----------+------+----------+
        |- LOAD_B  |       16|       16|         2|          1|          1|    16|       yes|
        +----------+---------+---------+----------+-----------+-----------+------+----------+

============================================================
+ Verbose Summary: Synthesis Manager
============================================================
InlineROM: 1
ExposeGlobal: 0
============================================================
+ Verbose Summary: CDFG Model
============================================================
IsTopModel: 0
ResetActiveHigh: 1
IsCombinational: 0
IsDatapathOnly: 0
HasWiredReturn: 1
HasMFsm: 2
HasVarLatency: 1
IsPipeline: 0
IsRtlPipelined: 0
IsInstanceOverlapped: 0
IsDontTouch: 0
HasImplIP: 0
IsGatedGlobalClock: 0

+ Individual pipeline summary: 
  * Pipeline-0: initiation interval (II) = 1, depth = 2


============================================================
+ Verbose Summary: Schedule
============================================================
* Number of FSM states : 2
* Pipeline : 1
  Pipeline-0 : II = 1, D = 2, States = { 1 2 }
* Dataflow Pipeline: 0

* FSM state transitions: 
1 --> 2 
2 --> 

* FSM state operations: 

State 1 <SV = 0> <Delay = 4.95>
ST_1 : Operation 5 [1/1] (0.00ns)   --->   "%i_3 = alloca i32 1" [../src/conv.cpp:74]   --->   Operation 5 'alloca' 'i_3' <Predicate = true> <Delay = 0.00>
ST_1 : Operation 6 [1/1] (0.00ns)   --->   "%specstablecontent_ln0 = specstablecontent void @_ssdm_op_SpecStableContent, i8 %gmem1, i1 1, void "   --->   Operation 6 'specstablecontent' 'specstablecontent_ln0' <Predicate = true> <Delay = 0.00>
ST_1 : Operation 7 [1/1] (0.00ns)   --->   "%specinterface_ln0 = specinterface void @_ssdm_op_SpecInterface, i8 %gmem1, void @empty_7, i32 0, i32 0, void @empty_8, i32 0, i32 136, void @empty_32, void @empty_20, void @empty_8, i32 16, i32 16, i32 16, i32 16, void @empty_8, void @empty_8, i32 4294967295, i32 0, i32 0, i32 1"   --->   Operation 7 'specinterface' 'specinterface_ln0' <Predicate = true> <Delay = 0.00>
ST_1 : Operation 8 [1/1] (0.00ns)   --->   "%bias_read = read i64 @_ssdm_op_Read.ap_auto.i64, i64 %bias"   --->   Operation 8 'read' 'bias_read' <Predicate = true> <Delay = 0.00>
ST_1 : Operation 9 [1/1] (1.58ns)   --->   "%store_ln74 = store i5 0, i5 %i_3" [../src/conv.cpp:74]   --->   Operation 9 'store' 'store_ln74' <Predicate = true> <Delay = 1.58>
ST_1 : Operation 10 [1/1] (0.00ns)   --->   "%br_ln0 = br void %for.inc12"   --->   Operation 10 'br' 'br_ln0' <Predicate = true> <Delay = 0.00>
ST_1 : Operation 11 [1/1] (0.00ns)   --->   "%i = load i5 %i_3" [../src/conv.cpp:74]   --->   Operation 11 'load' 'i' <Predicate = true> <Delay = 0.00>
ST_1 : Operation 12 [1/1] (1.78ns)   --->   "%icmp_ln74 = icmp_eq  i5 %i, i5 16" [../src/conv.cpp:74]   --->   Operation 12 'icmp' 'icmp_ln74' <Predicate = true> <Delay = 1.78> <CoreInst = "Cmp">   --->   Core 9 'Cmp' <Latency = 0> <II = 1> <Delay = 1.78> <FuncUnit> <Opcode : 'seteq' 'setne' 'setle' 'setge' 'setlt' 'setgt'> <InPorts = 2> <OutPorts = 1>
ST_1 : Operation 13 [1/1] (1.78ns)   --->   "%add_ln74 = add i5 %i, i5 1" [../src/conv.cpp:74]   --->   Operation 13 'add' 'add_ln74' <Predicate = true> <Delay = 1.78> <CoreInst = "Adder">   --->   Core 1 'Adder' <Latency = 0> <II = 1> <Delay = 1.78> <FuncUnit> <Opcode : 'add' 'sub'> <InPorts = 2> <OutPorts = 1>
ST_1 : Operation 14 [1/1] (0.00ns)   --->   "%br_ln74 = br i1 %icmp_ln74, void %for.inc12.split, void %for.end14.exitStub" [../src/conv.cpp:74]   --->   Operation 14 'br' 'br_ln74' <Predicate = true> <Delay = 0.00>
ST_1 : Operation 15 [1/1] (0.00ns)   --->   "%gmem1_addr = getelementptr i8 %gmem1, i64 %bias_read" [../src/conv.cpp:74]   --->   Operation 15 'getelementptr' 'gmem1_addr' <Predicate = (!icmp_ln74)> <Delay = 0.00>
ST_1 : Operation 16 [1/1] (0.00ns)   --->   "%trunc_ln74 = trunc i5 %i" [../src/conv.cpp:74]   --->   Operation 16 'trunc' 'trunc_ln74' <Predicate = (!icmp_ln74)> <Delay = 0.00>
ST_1 : Operation 17 [1/1] (1.73ns)   --->   "%switch_ln76 = switch i4 %trunc_ln74, void %arrayidx11.case.15, i4 0, void %arrayidx11.case.0, i4 1, void %arrayidx11.case.1, i4 2, void %arrayidx11.case.2, i4 3, void %arrayidx11.case.3, i4 4, void %arrayidx11.case.4, i4 5, void %arrayidx11.case.5, i4 6, void %arrayidx11.case.6, i4 7, void %arrayidx11.case.7, i4 8, void %arrayidx11.case.8, i4 9, void %arrayidx11.case.9, i4 10, void %arrayidx11.case.10, i4 11, void %arrayidx11.case.11, i4 12, void %arrayidx11.case.12, i4 13, void %arrayidx11.case.13, i4 14, void %arrayidx11.case.14" [../src/conv.cpp:76]   --->   Operation 17 'switch' 'switch_ln76' <Predicate = (!icmp_ln74)> <Delay = 1.73>
ST_1 : Operation 18 [1/1] (1.58ns)   --->   "%store_ln74 = store i5 %add_ln74, i5 %i_3" [../src/conv.cpp:74]   --->   Operation 18 'store' 'store_ln74' <Predicate = (!icmp_ln74)> <Delay = 1.58>
ST_1 : Operation 19 [1/1] (0.00ns)   --->   "%br_ln74 = br void %for.inc12" [../src/conv.cpp:74]   --->   Operation 19 'br' 'br_ln74' <Predicate = (!icmp_ln74)> <Delay = 0.00>
ST_1 : Operation 56 [1/1] (1.58ns)   --->   "%ret_ln0 = ret"   --->   Operation 56 'ret' 'ret_ln0' <Predicate = (icmp_ln74)> <Delay = 1.58>

State 2 <SV = 1> <Delay = 8.75>
ST_2 : Operation 20 [1/1] (0.00ns)   --->   "%specpipeline_ln75 = specpipeline void @_ssdm_op_SpecPipeline, i32 1, i32 0, i32 0, i32 0, i32 4294967295, void @empty_8" [../src/conv.cpp:75]   --->   Operation 20 'specpipeline' 'specpipeline_ln75' <Predicate = true> <Delay = 0.00>
ST_2 : Operation 21 [1/1] (0.00ns)   --->   "%speclooptripcount_ln74 = speclooptripcount void @_ssdm_op_SpecLoopTripCount, i64 16, i64 16, i64 16" [../src/conv.cpp:74]   --->   Operation 21 'speclooptripcount' 'speclooptripcount_ln74' <Predicate = true> <Delay = 0.00>
ST_2 : Operation 22 [1/1] (0.00ns)   --->   "%specloopname_ln74 = specloopname void @_ssdm_op_SpecLoopName, void @empty_22" [../src/conv.cpp:74]   --->   Operation 22 'specloopname' 'specloopname_ln74' <Predicate = true> <Delay = 0.00>
ST_2 : Operation 23 [1/1] ( I:8.75ns O:8.75ns )   --->   "%gmem1_addr_read = read i8 @_ssdm_op_Read.m_axi.i8.p1i8, i8 %gmem1_addr" [../src/conv.cpp:76]   --->   Operation 23 'read' 'gmem1_addr_read' <Predicate = true> <Delay = 8.75> <CoreInst = "m_axi">   --->   Core 111 'm_axi' <Latency = 3> <II = 1> <Delay = 1.00> <Adapter> <Opcode : 'readrequnaligned' 'writerequnaligned' 'read' 'write' 'readreq' 'writereq' 'writeresp'>
ST_2 : Operation 24 [1/1] (0.00ns)   --->   "%store_ln76 = store i8 %gmem1_addr_read, i8 %conv2_mulap_fixed_8_5_ap_q_mode_5_ap_o_mode_3_0_ap_fixed_8_5_ap_q_mode_5_ap_o_mode_3_0_ap_fixed_8_5_ap_q_mode_5_ap_o_mode_3_0_ap_fixed_8_5_ap_q_mode_5_ap_o_mode_3_0_local_bia_3" [../src/conv.cpp:76]   --->   Operation 24 'store' 'store_ln76' <Predicate = (trunc_ln74 == 14)> <Delay = 0.00>
ST_2 : Operation 25 [1/1] (0.00ns)   --->   "%br_ln76 = br void %arrayidx11.exit" [../src/conv.cpp:76]   --->   Operation 25 'br' 'br_ln76' <Predicate = (trunc_ln74 == 14)> <Delay = 0.00>
ST_2 : Operation 26 [1/1] (0.00ns)   --->   "%store_ln76 = store i8 %gmem1_addr_read, i8 %conv2_mulap_fixed_8_5_ap_q_mode_5_ap_o_mode_3_0_ap_fixed_8_5_ap_q_mode_5_ap_o_mode_3_0_ap_fixed_8_5_ap_q_mode_5_ap_o_mode_3_0_ap_fixed_8_5_ap_q_mode_5_ap_o_mode_3_0_local_bia_2" [../src/conv.cpp:76]   --->   Operation 26 'store' 'store_ln76' <Predicate = (trunc_ln74 == 13)> <Delay = 0.00>
ST_2 : Operation 27 [1/1] (0.00ns)   --->   "%br_ln76 = br void %arrayidx11.exit" [../src/conv.cpp:76]   --->   Operation 27 'br' 'br_ln76' <Predicate = (trunc_ln74 == 13)> <Delay = 0.00>
ST_2 : Operation 28 [1/1] (0.00ns)   --->   "%store_ln76 = store i8 %gmem1_addr_read, i8 %conv2_mulap_fixed_8_5_ap_q_mode_5_ap_o_mode_3_0_ap_fixed_8_5_ap_q_mode_5_ap_o_mode_3_0_ap_fixed_8_5_ap_q_mode_5_ap_o_mode_3_0_ap_fixed_8_5_ap_q_mode_5_ap_o_mode_3_0_local_bia_1" [../src/conv.cpp:76]   --->   Operation 28 'store' 'store_ln76' <Predicate = (trunc_ln74 == 12)> <Delay = 0.00>
ST_2 : Operation 29 [1/1] (0.00ns)   --->   "%br_ln76 = br void %arrayidx11.exit" [../src/conv.cpp:76]   --->   Operation 29 'br' 'br_ln76' <Predicate = (trunc_ln74 == 12)> <Delay = 0.00>
ST_2 : Operation 30 [1/1] (0.00ns)   --->   "%store_ln76 = store i8 %gmem1_addr_read, i8 %conv2_mulap_fixed_8_5_ap_q_mode_5_ap_o_mode_3_0_ap_fixed_8_5_ap_q_mode_5_ap_o_mode_3_0_ap_fixed_8_5_ap_q_mode_5_ap_o_mode_3_0_ap_fixed_8_5_ap_q_mode_5_ap_o_mode_3_0_local_bia_0" [../src/conv.cpp:76]   --->   Operation 30 'store' 'store_ln76' <Predicate = (trunc_ln74 == 11)> <Delay = 0.00>
ST_2 : Operation 31 [1/1] (0.00ns)   --->   "%br_ln76 = br void %arrayidx11.exit" [../src/conv.cpp:76]   --->   Operation 31 'br' 'br_ln76' <Predicate = (trunc_ln74 == 11)> <Delay = 0.00>
ST_2 : Operation 32 [1/1] (0.00ns)   --->   "%store_ln76 = store i8 %gmem1_addr_read, i8 %conv2_mulap_fixed_8_5_ap_q_mode_5_ap_o_mode_3_0_ap_fixed_8_5_ap_q_mode_5_ap_o_mode_3_0_ap_fixed_8_5_ap_q_mode_5_ap_o_mode_3_0_ap_fixed_8_5_ap_q_mode_5_ap_o_mode_3_0_local_bia" [../src/conv.cpp:76]   --->   Operation 32 'store' 'store_ln76' <Predicate = (trunc_ln74 == 10)> <Delay = 0.00>
ST_2 : Operation 33 [1/1] (0.00ns)   --->   "%br_ln76 = br void %arrayidx11.exit" [../src/conv.cpp:76]   --->   Operation 33 'br' 'br_ln76' <Predicate = (trunc_ln74 == 10)> <Delay = 0.00>
ST_2 : Operation 34 [1/1] (0.00ns)   --->   "%store_ln76 = store i8 %gmem1_addr_read, i8 %conv2_ap_fixed_ap_fixed_ap_fixed_ap_fixed_8_5_5_3_0_local_bias" [../src/conv.cpp:76]   --->   Operation 34 'store' 'store_ln76' <Predicate = (trunc_ln74 == 9)> <Delay = 0.00>
ST_2 : Operation 35 [1/1] (0.00ns)   --->   "%br_ln76 = br void %arrayidx11.exit" [../src/conv.cpp:76]   --->   Operation 35 'br' 'br_ln76' <Predicate = (trunc_ln74 == 9)> <Delay = 0.00>
ST_2 : Operation 36 [1/1] (0.00ns)   --->   "%store_ln76 = store i8 %gmem1_addr_read, i8 %conv2_ap_fixed_ap_fixed_ap_fixed_ap_fixed_8_5_5_3_0_local_bias_1" [../src/conv.cpp:76]   --->   Operation 36 'store' 'store_ln76' <Predicate = (trunc_ln74 == 8)> <Delay = 0.00>
ST_2 : Operation 37 [1/1] (0.00ns)   --->   "%br_ln76 = br void %arrayidx11.exit" [../src/conv.cpp:76]   --->   Operation 37 'br' 'br_ln76' <Predicate = (trunc_ln74 == 8)> <Delay = 0.00>
ST_2 : Operation 38 [1/1] (0.00ns)   --->   "%store_ln76 = store i8 %gmem1_addr_read, i8 %conv2_ap_fixed_ap_fixed_ap_fixed_ap_fixed_8_5_5_3_0_local_bias_2" [../src/conv.cpp:76]   --->   Operation 38 'store' 'store_ln76' <Predicate = (trunc_ln74 == 7)> <Delay = 0.00>
ST_2 : Operation 39 [1/1] (0.00ns)   --->   "%br_ln76 = br void %arrayidx11.exit" [../src/conv.cpp:76]   --->   Operation 39 'br' 'br_ln76' <Predicate = (trunc_ln74 == 7)> <Delay = 0.00>
ST_2 : Operation 40 [1/1] (0.00ns)   --->   "%store_ln76 = store i8 %gmem1_addr_read, i8 %conv2_ap_fixed_ap_fixed_ap_fixed_ap_fixed_8_5_5_3_0_local_bias_3" [../src/conv.cpp:76]   --->   Operation 40 'store' 'store_ln76' <Predicate = (trunc_ln74 == 6)> <Delay = 0.00>
ST_2 : Operation 41 [1/1] (0.00ns)   --->   "%br_ln76 = br void %arrayidx11.exit" [../src/conv.cpp:76]   --->   Operation 41 'br' 'br_ln76' <Predicate = (trunc_ln74 == 6)> <Delay = 0.00>
ST_2 : Operation 42 [1/1] (0.00ns)   --->   "%store_ln76 = store i8 %gmem1_addr_read, i8 %conv2_ap_fixed_ap_fixed_ap_fixed_ap_fixed_8_5_5_3_0_local_bias_4" [../src/conv.cpp:76]   --->   Operation 42 'store' 'store_ln76' <Predicate = (trunc_ln74 == 5)> <Delay = 0.00>
ST_2 : Operation 43 [1/1] (0.00ns)   --->   "%br_ln76 = br void %arrayidx11.exit" [../src/conv.cpp:76]   --->   Operation 43 'br' 'br_ln76' <Predicate = (trunc_ln74 == 5)> <Delay = 0.00>
ST_2 : Operation 44 [1/1] (0.00ns)   --->   "%store_ln76 = store i8 %gmem1_addr_read, i8 %conv2_ap_fixed_ap_fixed_ap_fixed_ap_fixed_8_5_5_3_0_local_bias_5" [../src/conv.cpp:76]   --->   Operation 44 'store' 'store_ln76' <Predicate = (trunc_ln74 == 4)> <Delay = 0.00>
ST_2 : Operation 45 [1/1] (0.00ns)   --->   "%br_ln76 = br void %arrayidx11.exit" [../src/conv.cpp:76]   --->   Operation 45 'br' 'br_ln76' <Predicate = (trunc_ln74 == 4)> <Delay = 0.00>
ST_2 : Operation 46 [1/1] (0.00ns)   --->   "%store_ln76 = store i8 %gmem1_addr_read, i8 %conv2_ap_fixed_ap_fixed_ap_fixed_ap_fixed_8_5_5_3_0_local_bias_6" [../src/conv.cpp:76]   --->   Operation 46 'store' 'store_ln76' <Predicate = (trunc_ln74 == 3)> <Delay = 0.00>
ST_2 : Operation 47 [1/1] (0.00ns)   --->   "%br_ln76 = br void %arrayidx11.exit" [../src/conv.cpp:76]   --->   Operation 47 'br' 'br_ln76' <Predicate = (trunc_ln74 == 3)> <Delay = 0.00>
ST_2 : Operation 48 [1/1] (0.00ns)   --->   "%store_ln76 = store i8 %gmem1_addr_read, i8 %conv2_ap_fixed_ap_fixed_ap_fixed_ap_fixed_8_5_5_3_0_local_bias_7" [../src/conv.cpp:76]   --->   Operation 48 'store' 'store_ln76' <Predicate = (trunc_ln74 == 2)> <Delay = 0.00>
ST_2 : Operation 49 [1/1] (0.00ns)   --->   "%br_ln76 = br void %arrayidx11.exit" [../src/conv.cpp:76]   --->   Operation 49 'br' 'br_ln76' <Predicate = (trunc_ln74 == 2)> <Delay = 0.00>
ST_2 : Operation 50 [1/1] (0.00ns)   --->   "%store_ln76 = store i8 %gmem1_addr_read, i8 %conv2_ap_fixed_ap_fixed_ap_fixed_ap_fixed_8_5_5_3_0_local_bias_8" [../src/conv.cpp:76]   --->   Operation 50 'store' 'store_ln76' <Predicate = (trunc_ln74 == 1)> <Delay = 0.00>
ST_2 : Operation 51 [1/1] (0.00ns)   --->   "%br_ln76 = br void %arrayidx11.exit" [../src/conv.cpp:76]   --->   Operation 51 'br' 'br_ln76' <Predicate = (trunc_ln74 == 1)> <Delay = 0.00>
ST_2 : Operation 52 [1/1] (0.00ns)   --->   "%store_ln76 = store i8 %gmem1_addr_read, i8 %conv2_ap_fixed_ap_fixed_ap_fixed_ap_fixed_8_5_5_3_0_local_bias_9" [../src/conv.cpp:76]   --->   Operation 52 'store' 'store_ln76' <Predicate = (trunc_ln74 == 0)> <Delay = 0.00>
ST_2 : Operation 53 [1/1] (0.00ns)   --->   "%br_ln76 = br void %arrayidx11.exit" [../src/conv.cpp:76]   --->   Operation 53 'br' 'br_ln76' <Predicate = (trunc_ln74 == 0)> <Delay = 0.00>
ST_2 : Operation 54 [1/1] (0.00ns)   --->   "%store_ln76 = store i8 %gmem1_addr_read, i8 %p_ZZ5conv2P8ap_fixedILi8ELi5EL9ap_q_mode5EL9ap_o_mode3ELi0EES3_S3_S3_E10local_bia" [../src/conv.cpp:76]   --->   Operation 54 'store' 'store_ln76' <Predicate = (trunc_ln74 == 15)> <Delay = 0.00>
ST_2 : Operation 55 [1/1] (0.00ns)   --->   "%br_ln76 = br void %arrayidx11.exit" [../src/conv.cpp:76]   --->   Operation 55 'br' 'br_ln76' <Predicate = (trunc_ln74 == 15)> <Delay = 0.00>


============================================================
+ Verbose Summary: Binding
============================================================
STG Binding: 
---------------- STG Properties BEGIN ----------------
- Is combinational: 0
- Is one-state seq: 0
- Is datapath-only: 0
- Is pipelined: 0
- Is top level: 0
Port [ Return ] is wired: 1; IO mode=ap_ctrl_hs:ce=0
Port [ gmem1]:  wired=1; compound=1; hidden=0; nouse=0; global=0; static=0; extern=0; dir=0; type=4; pingpong=0; private_global=0; IO mode=m_axi:ce=0
Port [ bias]:  wired=1; compound=0; hidden=0; nouse=0; global=0; static=0; extern=0; dir=0; type=0; pingpong=0; private_global=0; IO mode=ap_none:ce=0
Port [ conv2_ap_fixed_ap_fixed_ap_fixed_ap_fixed_8_5_5_3_0_local_bias_9]:  wired=1; compound=0; hidden=0; nouse=0; global=1; static=1; extern=0; dir=1; type=0; pingpong=0; private_global=0; IO mode=ap_vld:ce=0
Port [ conv2_ap_fixed_ap_fixed_ap_fixed_ap_fixed_8_5_5_3_0_local_bias_8]:  wired=1; compound=0; hidden=0; nouse=0; global=1; static=1; extern=0; dir=1; type=0; pingpong=0; private_global=0; IO mode=ap_vld:ce=0
Port [ conv2_ap_fixed_ap_fixed_ap_fixed_ap_fixed_8_5_5_3_0_local_bias_7]:  wired=1; compound=0; hidden=0; nouse=0; global=1; static=1; extern=0; dir=1; type=0; pingpong=0; private_global=0; IO mode=ap_vld:ce=0
Port [ conv2_ap_fixed_ap_fixed_ap_fixed_ap_fixed_8_5_5_3_0_local_bias_6]:  wired=1; compound=0; hidden=0; nouse=0; global=1; static=1; extern=0; dir=1; type=0; pingpong=0; private_global=0; IO mode=ap_vld:ce=0
Port [ conv2_ap_fixed_ap_fixed_ap_fixed_ap_fixed_8_5_5_3_0_local_bias_5]:  wired=1; compound=0; hidden=0; nouse=0; global=1; static=1; extern=0; dir=1; type=0; pingpong=0; private_global=0; IO mode=ap_vld:ce=0
Port [ conv2_ap_fixed_ap_fixed_ap_fixed_ap_fixed_8_5_5_3_0_local_bias_4]:  wired=1; compound=0; hidden=0; nouse=0; global=1; static=1; extern=0; dir=1; type=0; pingpong=0; private_global=0; IO mode=ap_vld:ce=0
Port [ conv2_ap_fixed_ap_fixed_ap_fixed_ap_fixed_8_5_5_3_0_local_bias_3]:  wired=1; compound=0; hidden=0; nouse=0; global=1; static=1; extern=0; dir=1; type=0; pingpong=0; private_global=0; IO mode=ap_vld:ce=0
Port [ conv2_ap_fixed_ap_fixed_ap_fixed_ap_fixed_8_5_5_3_0_local_bias_2]:  wired=1; compound=0; hidden=0; nouse=0; global=1; static=1; extern=0; dir=1; type=0; pingpong=0; private_global=0; IO mode=ap_vld:ce=0
Port [ conv2_ap_fixed_ap_fixed_ap_fixed_ap_fixed_8_5_5_3_0_local_bias_1]:  wired=1; compound=0; hidden=0; nouse=0; global=1; static=1; extern=0; dir=1; type=0; pingpong=0; private_global=0; IO mode=ap_vld:ce=0
Port [ conv2_ap_fixed_ap_fixed_ap_fixed_ap_fixed_8_5_5_3_0_local_bias]:  wired=1; compound=0; hidden=0; nouse=0; global=1; static=1; extern=0; dir=1; type=0; pingpong=0; private_global=0; IO mode=ap_vld:ce=0
Port [ conv2_mulap_fixed_8_5_ap_q_mode_5_ap_o_mode_3_0_ap_fixed_8_5_ap_q_mode_5_ap_o_mode_3_0_ap_fixed_8_5_ap_q_mode_5_ap_o_mode_3_0_ap_fixed_8_5_ap_q_mode_5_ap_o_mode_3_0_local_bia]:  wired=1; compound=0; hidden=0; nouse=0; global=1; static=1; extern=0; dir=1; type=0; pingpong=0; private_global=0; IO mode=ap_vld:ce=0
Port [ conv2_mulap_fixed_8_5_ap_q_mode_5_ap_o_mode_3_0_ap_fixed_8_5_ap_q_mode_5_ap_o_mode_3_0_ap_fixed_8_5_ap_q_mode_5_ap_o_mode_3_0_ap_fixed_8_5_ap_q_mode_5_ap_o_mode_3_0_local_bia_0]:  wired=1; compound=0; hidden=0; nouse=0; global=1; static=1; extern=0; dir=1; type=0; pingpong=0; private_global=0; IO mode=ap_vld:ce=0
Port [ conv2_mulap_fixed_8_5_ap_q_mode_5_ap_o_mode_3_0_ap_fixed_8_5_ap_q_mode_5_ap_o_mode_3_0_ap_fixed_8_5_ap_q_mode_5_ap_o_mode_3_0_ap_fixed_8_5_ap_q_mode_5_ap_o_mode_3_0_local_bia_1]:  wired=1; compound=0; hidden=0; nouse=0; global=1; static=1; extern=0; dir=1; type=0; pingpong=0; private_global=0; IO mode=ap_vld:ce=0
Port [ conv2_mulap_fixed_8_5_ap_q_mode_5_ap_o_mode_3_0_ap_fixed_8_5_ap_q_mode_5_ap_o_mode_3_0_ap_fixed_8_5_ap_q_mode_5_ap_o_mode_3_0_ap_fixed_8_5_ap_q_mode_5_ap_o_mode_3_0_local_bia_2]:  wired=1; compound=0; hidden=0; nouse=0; global=1; static=1; extern=0; dir=1; type=0; pingpong=0; private_global=0; IO mode=ap_vld:ce=0
Port [ conv2_mulap_fixed_8_5_ap_q_mode_5_ap_o_mode_3_0_ap_fixed_8_5_ap_q_mode_5_ap_o_mode_3_0_ap_fixed_8_5_ap_q_mode_5_ap_o_mode_3_0_ap_fixed_8_5_ap_q_mode_5_ap_o_mode_3_0_local_bia_3]:  wired=1; compound=0; hidden=0; nouse=0; global=1; static=1; extern=0; dir=1; type=0; pingpong=0; private_global=0; IO mode=ap_vld:ce=0
Port [ p_ZZ5conv2P8ap_fixedILi8ELi5EL9ap_q_mode5EL9ap_o_mode3ELi0EES3_S3_S3_E10local_bia]:  wired=1; compound=0; hidden=0; nouse=0; global=1; static=1; extern=0; dir=1; type=0; pingpong=0; private_global=0; IO mode=ap_vld:ce=0
---------------- STG Properties END ------------------

---------------- Datapath Model BEGIN ----------------

<LifeTime>
<method=bitvector/>
i_3                    (alloca           ) [ 010]
specstablecontent_ln0  (specstablecontent) [ 000]
specinterface_ln0      (specinterface    ) [ 000]
bias_read              (read             ) [ 000]
store_ln74             (store            ) [ 000]
br_ln0                 (br               ) [ 000]
i                      (load             ) [ 000]
icmp_ln74              (icmp             ) [ 010]
add_ln74               (add              ) [ 000]
br_ln74                (br               ) [ 000]
gmem1_addr             (getelementptr    ) [ 011]
trunc_ln74             (trunc            ) [ 011]
switch_ln76            (switch           ) [ 000]
store_ln74             (store            ) [ 000]
br_ln74                (br               ) [ 000]
specpipeline_ln75      (specpipeline     ) [ 000]
speclooptripcount_ln74 (speclooptripcount) [ 000]
specloopname_ln74      (specloopname     ) [ 000]
gmem1_addr_read        (read             ) [ 000]
store_ln76             (store            ) [ 000]
br_ln76                (br               ) [ 000]
store_ln76             (store            ) [ 000]
br_ln76                (br               ) [ 000]
store_ln76             (store            ) [ 000]
br_ln76                (br               ) [ 000]
store_ln76             (store            ) [ 000]
br_ln76                (br               ) [ 000]
store_ln76             (store            ) [ 000]
br_ln76                (br               ) [ 000]
store_ln76             (store            ) [ 000]
br_ln76                (br               ) [ 000]
store_ln76             (store            ) [ 000]
br_ln76                (br               ) [ 000]
store_ln76             (store            ) [ 000]
br_ln76                (br               ) [ 000]
store_ln76             (store            ) [ 000]
br_ln76                (br               ) [ 000]
store_ln76             (store            ) [ 000]
br_ln76                (br               ) [ 000]
store_ln76             (store            ) [ 000]
br_ln76                (br               ) [ 000]
store_ln76             (store            ) [ 000]
br_ln76                (br               ) [ 000]
store_ln76             (store            ) [ 000]
br_ln76                (br               ) [ 000]
store_ln76             (store            ) [ 000]
br_ln76                (br               ) [ 000]
store_ln76             (store            ) [ 000]
br_ln76                (br               ) [ 000]
store_ln76             (store            ) [ 000]
br_ln76                (br               ) [ 000]
ret_ln0                (ret              ) [ 000]
</LifeTime>

<model>

<comp_list>
<comp id="0" class="1000" name="gmem1">
<pin_list>
<pin id="1" dir="1" index="0" bw="1" slack="0"/>
</pin_list>
<bind>
<StgValue><ssdm name="gmem1"/><MemPortTyVec>0 </MemPortTyVec>
</StgValue>
</bind>
</comp>

<comp id="2" class="1000" name="bias">
<pin_list>
<pin id="3" dir="1" index="0" bw="1" slack="0"/>
</pin_list>
<bind>
<StgValue><ssdm name="bias"/></StgValue>
</bind>
</comp>

<comp id="4" class="1000" name="conv2_ap_fixed_ap_fixed_ap_fixed_ap_fixed_8_5_5_3_0_local_bias_9">
<pin_list>
<pin id="5" dir="1" index="0" bw="1" slack="0"/>
</pin_list>
<bind>
<StgValue><ssdm name="conv2_ap_fixed_ap_fixed_ap_fixed_ap_fixed_8_5_5_3_0_local_bias_9"/></StgValue>
</bind>
</comp>

<comp id="6" class="1000" name="conv2_ap_fixed_ap_fixed_ap_fixed_ap_fixed_8_5_5_3_0_local_bias_8">
<pin_list>
<pin id="7" dir="1" index="0" bw="1" slack="0"/>
</pin_list>
<bind>
<StgValue><ssdm name="conv2_ap_fixed_ap_fixed_ap_fixed_ap_fixed_8_5_5_3_0_local_bias_8"/></StgValue>
</bind>
</comp>

<comp id="8" class="1000" name="conv2_ap_fixed_ap_fixed_ap_fixed_ap_fixed_8_5_5_3_0_local_bias_7">
<pin_list>
<pin id="9" dir="1" index="0" bw="1" slack="0"/>
</pin_list>
<bind>
<StgValue><ssdm name="conv2_ap_fixed_ap_fixed_ap_fixed_ap_fixed_8_5_5_3_0_local_bias_7"/></StgValue>
</bind>
</comp>

<comp id="10" class="1000" name="conv2_ap_fixed_ap_fixed_ap_fixed_ap_fixed_8_5_5_3_0_local_bias_6">
<pin_list>
<pin id="11" dir="1" index="0" bw="1" slack="0"/>
</pin_list>
<bind>
<StgValue><ssdm name="conv2_ap_fixed_ap_fixed_ap_fixed_ap_fixed_8_5_5_3_0_local_bias_6"/></StgValue>
</bind>
</comp>

<comp id="12" class="1000" name="conv2_ap_fixed_ap_fixed_ap_fixed_ap_fixed_8_5_5_3_0_local_bias_5">
<pin_list>
<pin id="13" dir="1" index="0" bw="1" slack="0"/>
</pin_list>
<bind>
<StgValue><ssdm name="conv2_ap_fixed_ap_fixed_ap_fixed_ap_fixed_8_5_5_3_0_local_bias_5"/></StgValue>
</bind>
</comp>

<comp id="14" class="1000" name="conv2_ap_fixed_ap_fixed_ap_fixed_ap_fixed_8_5_5_3_0_local_bias_4">
<pin_list>
<pin id="15" dir="1" index="0" bw="1" slack="0"/>
</pin_list>
<bind>
<StgValue><ssdm name="conv2_ap_fixed_ap_fixed_ap_fixed_ap_fixed_8_5_5_3_0_local_bias_4"/></StgValue>
</bind>
</comp>

<comp id="16" class="1000" name="conv2_ap_fixed_ap_fixed_ap_fixed_ap_fixed_8_5_5_3_0_local_bias_3">
<pin_list>
<pin id="17" dir="1" index="0" bw="1" slack="0"/>
</pin_list>
<bind>
<StgValue><ssdm name="conv2_ap_fixed_ap_fixed_ap_fixed_ap_fixed_8_5_5_3_0_local_bias_3"/></StgValue>
</bind>
</comp>

<comp id="18" class="1000" name="conv2_ap_fixed_ap_fixed_ap_fixed_ap_fixed_8_5_5_3_0_local_bias_2">
<pin_list>
<pin id="19" dir="1" index="0" bw="1" slack="0"/>
</pin_list>
<bind>
<StgValue><ssdm name="conv2_ap_fixed_ap_fixed_ap_fixed_ap_fixed_8_5_5_3_0_local_bias_2"/></StgValue>
</bind>
</comp>

<comp id="20" class="1000" name="conv2_ap_fixed_ap_fixed_ap_fixed_ap_fixed_8_5_5_3_0_local_bias_1">
<pin_list>
<pin id="21" dir="1" index="0" bw="1" slack="0"/>
</pin_list>
<bind>
<StgValue><ssdm name="conv2_ap_fixed_ap_fixed_ap_fixed_ap_fixed_8_5_5_3_0_local_bias_1"/></StgValue>
</bind>
</comp>

<comp id="22" class="1000" name="conv2_ap_fixed_ap_fixed_ap_fixed_ap_fixed_8_5_5_3_0_local_bias">
<pin_list>
<pin id="23" dir="1" index="0" bw="1" slack="0"/>
</pin_list>
<bind>
<StgValue><ssdm name="conv2_ap_fixed_ap_fixed_ap_fixed_ap_fixed_8_5_5_3_0_local_bias"/></StgValue>
</bind>
</comp>

<comp id="24" class="1000" name="conv2_mulap_fixed_8_5_ap_q_mode_5_ap_o_mode_3_0_ap_fixed_8_5_ap_q_mode_5_ap_o_mode_3_0_ap_fixed_8_5_ap_q_mode_5_ap_o_mode_3_0_ap_fixed_8_5_ap_q_mode_5_ap_o_mode_3_0_local_bia">
<pin_list>
<pin id="25" dir="1" index="0" bw="1" slack="0"/>
</pin_list>
<bind>
<StgValue><ssdm name="conv2_mulap_fixed_8_5_ap_q_mode_5_ap_o_mode_3_0_ap_fixed_8_5_ap_q_mode_5_ap_o_mode_3_0_ap_fixed_8_5_ap_q_mode_5_ap_o_mode_3_0_ap_fixed_8_5_ap_q_mode_5_ap_o_mode_3_0_local_bia"/></StgValue>
</bind>
</comp>

<comp id="26" class="1000" name="conv2_mulap_fixed_8_5_ap_q_mode_5_ap_o_mode_3_0_ap_fixed_8_5_ap_q_mode_5_ap_o_mode_3_0_ap_fixed_8_5_ap_q_mode_5_ap_o_mode_3_0_ap_fixed_8_5_ap_q_mode_5_ap_o_mode_3_0_local_bia_0">
<pin_list>
<pin id="27" dir="1" index="0" bw="1" slack="0"/>
</pin_list>
<bind>
<StgValue><ssdm name="conv2_mulap_fixed_8_5_ap_q_mode_5_ap_o_mode_3_0_ap_fixed_8_5_ap_q_mode_5_ap_o_mode_3_0_ap_fixed_8_5_ap_q_mode_5_ap_o_mode_3_0_ap_fixed_8_5_ap_q_mode_5_ap_o_mode_3_0_local_bia_0"/></StgValue>
</bind>
</comp>

<comp id="28" class="1000" name="conv2_mulap_fixed_8_5_ap_q_mode_5_ap_o_mode_3_0_ap_fixed_8_5_ap_q_mode_5_ap_o_mode_3_0_ap_fixed_8_5_ap_q_mode_5_ap_o_mode_3_0_ap_fixed_8_5_ap_q_mode_5_ap_o_mode_3_0_local_bia_1">
<pin_list>
<pin id="29" dir="1" index="0" bw="1" slack="0"/>
</pin_list>
<bind>
<StgValue><ssdm name="conv2_mulap_fixed_8_5_ap_q_mode_5_ap_o_mode_3_0_ap_fixed_8_5_ap_q_mode_5_ap_o_mode_3_0_ap_fixed_8_5_ap_q_mode_5_ap_o_mode_3_0_ap_fixed_8_5_ap_q_mode_5_ap_o_mode_3_0_local_bia_1"/></StgValue>
</bind>
</comp>

<comp id="30" class="1000" name="conv2_mulap_fixed_8_5_ap_q_mode_5_ap_o_mode_3_0_ap_fixed_8_5_ap_q_mode_5_ap_o_mode_3_0_ap_fixed_8_5_ap_q_mode_5_ap_o_mode_3_0_ap_fixed_8_5_ap_q_mode_5_ap_o_mode_3_0_local_bia_2">
<pin_list>
<pin id="31" dir="1" index="0" bw="1" slack="0"/>
</pin_list>
<bind>
<StgValue><ssdm name="conv2_mulap_fixed_8_5_ap_q_mode_5_ap_o_mode_3_0_ap_fixed_8_5_ap_q_mode_5_ap_o_mode_3_0_ap_fixed_8_5_ap_q_mode_5_ap_o_mode_3_0_ap_fixed_8_5_ap_q_mode_5_ap_o_mode_3_0_local_bia_2"/></StgValue>
</bind>
</comp>

<comp id="32" class="1000" name="conv2_mulap_fixed_8_5_ap_q_mode_5_ap_o_mode_3_0_ap_fixed_8_5_ap_q_mode_5_ap_o_mode_3_0_ap_fixed_8_5_ap_q_mode_5_ap_o_mode_3_0_ap_fixed_8_5_ap_q_mode_5_ap_o_mode_3_0_local_bia_3">
<pin_list>
<pin id="33" dir="1" index="0" bw="1" slack="0"/>
</pin_list>
<bind>
<StgValue><ssdm name="conv2_mulap_fixed_8_5_ap_q_mode_5_ap_o_mode_3_0_ap_fixed_8_5_ap_q_mode_5_ap_o_mode_3_0_ap_fixed_8_5_ap_q_mode_5_ap_o_mode_3_0_ap_fixed_8_5_ap_q_mode_5_ap_o_mode_3_0_local_bia_3"/></StgValue>
</bind>
</comp>

<comp id="34" class="1000" name="p_ZZ5conv2P8ap_fixedILi8ELi5EL9ap_q_mode5EL9ap_o_mode3ELi0EES3_S3_S3_E10local_bia">
<pin_list>
<pin id="35" dir="1" index="0" bw="1" slack="0"/>
</pin_list>
<bind>
<StgValue><ssdm name="p_ZZ5conv2P8ap_fixedILi8ELi5EL9ap_q_mode5EL9ap_o_mode3ELi0EES3_S3_S3_E10local_bia"/></StgValue>
</bind>
</comp>

<comp id="36" class="1001" name="const_36">
<pin_list>
<pin id="37" dir="1" index="0" bw="1" slack="0"/>
</pin_list>
<bind>
<StgValue><ssdm name=""/></StgValue>
</bind>
</comp>

<comp id="38" class="1001" name="const_38">
<pin_list>
<pin id="39" dir="1" index="0" bw="1" slack="2147483647"/>
</pin_list>
<bind>
<StgValue><ssdm name="_ssdm_op_SpecStableContent"/></StgValue>
</bind>
</comp>

<comp id="40" class="1001" name="const_40">
<pin_list>
<pin id="41" dir="1" index="0" bw="1" slack="2147483647"/>
</pin_list>
<bind>
<StgValue><ssdm name=""/></StgValue>
</bind>
</comp>

<comp id="42" class="1001" name="const_42">
<pin_list>
<pin id="43" dir="1" index="0" bw="1" slack="2147483647"/>
</pin_list>
<bind>
<StgValue><ssdm name=""/></StgValue>
</bind>
</comp>

<comp id="44" class="1001" name="const_44">
<pin_list>
<pin id="45" dir="1" index="0" bw="1" slack="2147483647"/>
</pin_list>
<bind>
<StgValue><ssdm name="_ssdm_op_SpecInterface"/></StgValue>
</bind>
</comp>

<comp id="46" class="1001" name="const_46">
<pin_list>
<pin id="47" dir="1" index="0" bw="1" slack="2147483647"/>
</pin_list>
<bind>
<StgValue><ssdm name="empty_7"/></StgValue>
</bind>
</comp>

<comp id="48" class="1001" name="const_48">
<pin_list>
<pin id="49" dir="1" index="0" bw="1" slack="2147483647"/>
</pin_list>
<bind>
<StgValue><ssdm name=""/></StgValue>
</bind>
</comp>

<comp id="50" class="1001" name="const_50">
<pin_list>
<pin id="51" dir="1" index="0" bw="1" slack="2147483647"/>
</pin_list>
<bind>
<StgValue><ssdm name="empty_8"/></StgValue>
</bind>
</comp>

<comp id="52" class="1001" name="const_52">
<pin_list>
<pin id="53" dir="1" index="0" bw="1" slack="2147483647"/>
</pin_list>
<bind>
<StgValue><ssdm name=""/></StgValue>
</bind>
</comp>

<comp id="54" class="1001" name="const_54">
<pin_list>
<pin id="55" dir="1" index="0" bw="1" slack="2147483647"/>
</pin_list>
<bind>
<StgValue><ssdm name="empty_32"/></StgValue>
</bind>
</comp>

<comp id="56" class="1001" name="const_56">
<pin_list>
<pin id="57" dir="1" index="0" bw="1" slack="2147483647"/>
</pin_list>
<bind>
<StgValue><ssdm name="empty_20"/></StgValue>
</bind>
</comp>

<comp id="58" class="1001" name="const_58">
<pin_list>
<pin id="59" dir="1" index="0" bw="1" slack="2147483647"/>
</pin_list>
<bind>
<StgValue><ssdm name=""/></StgValue>
</bind>
</comp>

<comp id="60" class="1001" name="const_60">
<pin_list>
<pin id="61" dir="1" index="0" bw="1" slack="2147483647"/>
</pin_list>
<bind>
<StgValue><ssdm name=""/></StgValue>
</bind>
</comp>

<comp id="62" class="1001" name="const_62">
<pin_list>
<pin id="63" dir="1" index="0" bw="1" slack="0"/>
</pin_list>
<bind>
<StgValue><ssdm name="_ssdm_op_Read.ap_auto.i64"/></StgValue>
</bind>
</comp>

<comp id="64" class="1001" name="const_64">
<pin_list>
<pin id="65" dir="1" index="0" bw="1" slack="0"/>
</pin_list>
<bind>
<StgValue><ssdm name=""/></StgValue>
</bind>
</comp>

<comp id="66" class="1001" name="const_66">
<pin_list>
<pin id="67" dir="1" index="0" bw="1" slack="0"/>
</pin_list>
<bind>
<StgValue><ssdm name=""/></StgValue>
</bind>
</comp>

<comp id="68" class="1001" name="const_68">
<pin_list>
<pin id="69" dir="1" index="0" bw="1" slack="0"/>
</pin_list>
<bind>
<StgValue><ssdm name=""/></StgValue>
</bind>
</comp>

<comp id="70" class="1001" name="const_70">
<pin_list>
<pin id="71" dir="1" index="0" bw="1" slack="0"/>
</pin_list>
<bind>
<StgValue><ssdm name=""/></StgValue>
</bind>
</comp>

<comp id="72" class="1001" name="const_72">
<pin_list>
<pin id="73" dir="1" index="0" bw="1" slack="0"/>
</pin_list>
<bind>
<StgValue><ssdm name=""/></StgValue>
</bind>
</comp>

<comp id="74" class="1001" name="const_74">
<pin_list>
<pin id="75" dir="1" index="0" bw="1" slack="0"/>
</pin_list>
<bind>
<StgValue><ssdm name=""/></StgValue>
</bind>
</comp>

<comp id="76" class="1001" name="const_76">
<pin_list>
<pin id="77" dir="1" index="0" bw="1" slack="0"/>
</pin_list>
<bind>
<StgValue><ssdm name=""/></StgValue>
</bind>
</comp>

<comp id="78" class="1001" name="const_78">
<pin_list>
<pin id="79" dir="1" index="0" bw="1" slack="0"/>
</pin_list>
<bind>
<StgValue><ssdm name=""/></StgValue>
</bind>
</comp>

<comp id="80" class="1001" name="const_80">
<pin_list>
<pin id="81" dir="1" index="0" bw="1" slack="0"/>
</pin_list>
<bind>
<StgValue><ssdm name=""/></StgValue>
</bind>
</comp>

<comp id="82" class="1001" name="const_82">
<pin_list>
<pin id="83" dir="1" index="0" bw="1" slack="0"/>
</pin_list>
<bind>
<StgValue><ssdm name=""/></StgValue>
</bind>
</comp>

<comp id="84" class="1001" name="const_84">
<pin_list>
<pin id="85" dir="1" index="0" bw="1" slack="0"/>
</pin_list>
<bind>
<StgValue><ssdm name=""/></StgValue>
</bind>
</comp>

<comp id="86" class="1001" name="const_86">
<pin_list>
<pin id="87" dir="1" index="0" bw="1" slack="0"/>
</pin_list>
<bind>
<StgValue><ssdm name=""/></StgValue>
</bind>
</comp>

<comp id="88" class="1001" name="const_88">
<pin_list>
<pin id="89" dir="1" index="0" bw="1" slack="0"/>
</pin_list>
<bind>
<StgValue><ssdm name=""/></StgValue>
</bind>
</comp>

<comp id="90" class="1001" name="const_90">
<pin_list>
<pin id="91" dir="1" index="0" bw="1" slack="0"/>
</pin_list>
<bind>
<StgValue><ssdm name=""/></StgValue>
</bind>
</comp>

<comp id="92" class="1001" name="const_92">
<pin_list>
<pin id="93" dir="1" index="0" bw="1" slack="0"/>
</pin_list>
<bind>
<StgValue><ssdm name=""/></StgValue>
</bind>
</comp>

<comp id="94" class="1001" name="const_94">
<pin_list>
<pin id="95" dir="1" index="0" bw="1" slack="0"/>
</pin_list>
<bind>
<StgValue><ssdm name=""/></StgValue>
</bind>
</comp>

<comp id="96" class="1001" name="const_96">
<pin_list>
<pin id="97" dir="1" index="0" bw="1" slack="0"/>
</pin_list>
<bind>
<StgValue><ssdm name=""/></StgValue>
</bind>
</comp>

<comp id="98" class="1001" name="const_98">
<pin_list>
<pin id="99" dir="1" index="0" bw="1" slack="0"/>
</pin_list>
<bind>
<StgValue><ssdm name=""/></StgValue>
</bind>
</comp>

<comp id="100" class="1001" name="const_100">
<pin_list>
<pin id="101" dir="1" index="0" bw="1" slack="2147483647"/>
</pin_list>
<bind>
<StgValue><ssdm name="_ssdm_op_SpecPipeline"/></StgValue>
</bind>
</comp>

<comp id="102" class="1001" name="const_102">
<pin_list>
<pin id="103" dir="1" index="0" bw="1" slack="2147483647"/>
</pin_list>
<bind>
<StgValue><ssdm name="_ssdm_op_SpecLoopTripCount"/></StgValue>
</bind>
</comp>

<comp id="104" class="1001" name="const_104">
<pin_list>
<pin id="105" dir="1" index="0" bw="1" slack="2147483647"/>
</pin_list>
<bind>
<StgValue><ssdm name=""/></StgValue>
</bind>
</comp>

<comp id="106" class="1001" name="const_106">
<pin_list>
<pin id="107" dir="1" index="0" bw="1" slack="2147483647"/>
</pin_list>
<bind>
<StgValue><ssdm name="_ssdm_op_SpecLoopName"/></StgValue>
</bind>
</comp>

<comp id="108" class="1001" name="const_108">
<pin_list>
<pin id="109" dir="1" index="0" bw="1" slack="2147483647"/>
</pin_list>
<bind>
<StgValue><ssdm name="empty_22"/></StgValue>
</bind>
</comp>

<comp id="110" class="1001" name="const_110">
<pin_list>
<pin id="111" dir="1" index="0" bw="1" slack="0"/>
</pin_list>
<bind>
<StgValue><ssdm name="_ssdm_op_Read.m_axi.i8.p1i8"/></StgValue>
</bind>
</comp>

<comp id="112" class="1004" name="i_3_fu_112">
<pin_list>
<pin id="113" dir="0" index="0" bw="1" slack="0"/>
<pin id="114" dir="1" index="1" bw="5" slack="0"/>
</pin_list>
<bind>
<opcode="alloca(26) " fcode="alloca"/>
<opset="i_3/1 "/>
</bind>
</comp>

<comp id="116" class="1004" name="bias_read_read_fu_116">
<pin_list>
<pin id="117" dir="0" index="0" bw="64" slack="0"/>
<pin id="118" dir="0" index="1" bw="64" slack="0"/>
<pin id="119" dir="1" index="2" bw="64" slack="0"/>
</pin_list>
<bind>
<opcode="read(1150) " fcode="read"/>
<opset="bias_read/1 "/>
</bind>
</comp>

<comp id="122" class="1004" name="gmem1_addr_read_read_fu_122">
<pin_list>
<pin id="123" dir="0" index="0" bw="8" slack="0"/>
<pin id="124" dir="0" index="1" bw="8" slack="1"/>
<pin id="125" dir="1" index="2" bw="8" slack="0"/>
</pin_list>
<bind>
<opcode="read(1150) " fcode="read"/>
<opset="gmem1_addr_read/2 "/>
</bind>
</comp>

<comp id="127" class="1004" name="store_ln74_store_fu_127">
<pin_list>
<pin id="128" dir="0" index="0" bw="1" slack="0"/>
<pin id="129" dir="0" index="1" bw="5" slack="0"/>
<pin id="130" dir="1" index="2" bw="0" slack="2147483647"/>
</pin_list>
<bind>
<opcode="store(28) " fcode="store"/>
<opset="store_ln74/1 "/>
</bind>
</comp>

<comp id="132" class="1004" name="i_load_fu_132">
<pin_list>
<pin id="133" dir="0" index="0" bw="5" slack="0"/>
<pin id="134" dir="1" index="1" bw="5" slack="0"/>
</pin_list>
<bind>
<opcode="load(27) " fcode="load"/>
<opset="i/1 "/>
</bind>
</comp>

<comp id="135" class="1004" name="icmp_ln74_fu_135">
<pin_list>
<pin id="136" dir="0" index="0" bw="5" slack="0"/>
<pin id="137" dir="0" index="1" bw="5" slack="0"/>
<pin id="138" dir="1" index="2" bw="1" slack="2147483647"/>
</pin_list>
<bind>
<opcode="icmp(45) " fcode="icmp"/>
<opset="icmp_ln74/1 "/>
</bind>
</comp>

<comp id="141" class="1004" name="add_ln74_fu_141">
<pin_list>
<pin id="142" dir="0" index="0" bw="5" slack="0"/>
<pin id="143" dir="0" index="1" bw="1" slack="0"/>
<pin id="144" dir="1" index="2" bw="5" slack="0"/>
</pin_list>
<bind>
<opcode="add(8) " fcode="add"/>
<opset="add_ln74/1 "/>
</bind>
</comp>

<comp id="147" class="1004" name="gmem1_addr_fu_147">
<pin_list>
<pin id="148" dir="0" index="0" bw="8" slack="0"/>
<pin id="149" dir="0" index="1" bw="64" slack="0"/>
<pin id="150" dir="1" index="2" bw="8" slack="1"/>
</pin_list>
<bind>
<opcode="getelementptr(29) " fcode="getelementptr"/>
<opset="gmem1_addr/1 "/>
</bind>
</comp>

<comp id="153" class="1004" name="trunc_ln74_fu_153">
<pin_list>
<pin id="154" dir="0" index="0" bw="5" slack="0"/>
<pin id="155" dir="1" index="1" bw="4" slack="0"/>
</pin_list>
<bind>
<opcode="trunc(33) " fcode="trunc"/>
<opset="trunc_ln74/1 "/>
</bind>
</comp>

<comp id="157" class="1004" name="switch_ln76_fu_157">
<pin_list>
<pin id="158" dir="0" index="0" bw="4" slack="0"/>
<pin id="159" dir="0" index="1" bw="1" slack="0"/>
<pin id="160" dir="0" index="2" bw="1" slack="0"/>
<pin id="161" dir="0" index="3" bw="3" slack="0"/>
<pin id="162" dir="0" index="4" bw="3" slack="0"/>
<pin id="163" dir="0" index="5" bw="4" slack="0"/>
<pin id="164" dir="0" index="6" bw="4" slack="0"/>
<pin id="165" dir="0" index="7" bw="4" slack="0"/>
<pin id="166" dir="0" index="8" bw="4" slack="0"/>
<pin id="167" dir="0" index="9" bw="4" slack="0"/>
<pin id="168" dir="0" index="10" bw="4" slack="0"/>
<pin id="169" dir="0" index="11" bw="4" slack="0"/>
<pin id="170" dir="0" index="12" bw="4" slack="0"/>
<pin id="171" dir="0" index="13" bw="3" slack="0"/>
<pin id="172" dir="0" index="14" bw="3" slack="0"/>
<pin id="173" dir="0" index="15" bw="2" slack="0"/>
<pin id="174" dir="1" index="16" bw="0" slack="2147483647"/>
</pin_list>
<bind>
<opcode="switch(3) " fcode="switch"/>
<opset="switch_ln76/1 "/>
</bind>
</comp>

<comp id="191" class="1004" name="store_ln74_store_fu_191">
<pin_list>
<pin id="192" dir="0" index="0" bw="5" slack="0"/>
<pin id="193" dir="0" index="1" bw="5" slack="0"/>
<pin id="194" dir="1" index="2" bw="0" slack="2147483647"/>
</pin_list>
<bind>
<opcode="store(28) " fcode="store"/>
<opset="store_ln74/1 "/>
</bind>
</comp>

<comp id="196" class="1004" name="store_ln76_store_fu_196">
<pin_list>
<pin id="197" dir="0" index="0" bw="8" slack="0"/>
<pin id="198" dir="0" index="1" bw="8" slack="0"/>
<pin id="199" dir="1" index="2" bw="0" slack="2147483647"/>
</pin_list>
<bind>
<opcode="store(28) " fcode="store"/>
<opset="store_ln76/2 "/>
</bind>
</comp>

<comp id="202" class="1004" name="store_ln76_store_fu_202">
<pin_list>
<pin id="203" dir="0" index="0" bw="8" slack="0"/>
<pin id="204" dir="0" index="1" bw="8" slack="0"/>
<pin id="205" dir="1" index="2" bw="0" slack="2147483647"/>
</pin_list>
<bind>
<opcode="store(28) " fcode="store"/>
<opset="store_ln76/2 "/>
</bind>
</comp>

<comp id="208" class="1004" name="store_ln76_store_fu_208">
<pin_list>
<pin id="209" dir="0" index="0" bw="8" slack="0"/>
<pin id="210" dir="0" index="1" bw="8" slack="0"/>
<pin id="211" dir="1" index="2" bw="0" slack="2147483647"/>
</pin_list>
<bind>
<opcode="store(28) " fcode="store"/>
<opset="store_ln76/2 "/>
</bind>
</comp>

<comp id="214" class="1004" name="store_ln76_store_fu_214">
<pin_list>
<pin id="215" dir="0" index="0" bw="8" slack="0"/>
<pin id="216" dir="0" index="1" bw="8" slack="0"/>
<pin id="217" dir="1" index="2" bw="0" slack="2147483647"/>
</pin_list>
<bind>
<opcode="store(28) " fcode="store"/>
<opset="store_ln76/2 "/>
</bind>
</comp>

<comp id="220" class="1004" name="store_ln76_store_fu_220">
<pin_list>
<pin id="221" dir="0" index="0" bw="8" slack="0"/>
<pin id="222" dir="0" index="1" bw="8" slack="0"/>
<pin id="223" dir="1" index="2" bw="0" slack="2147483647"/>
</pin_list>
<bind>
<opcode="store(28) " fcode="store"/>
<opset="store_ln76/2 "/>
</bind>
</comp>

<comp id="226" class="1004" name="store_ln76_store_fu_226">
<pin_list>
<pin id="227" dir="0" index="0" bw="8" slack="0"/>
<pin id="228" dir="0" index="1" bw="8" slack="0"/>
<pin id="229" dir="1" index="2" bw="0" slack="2147483647"/>
</pin_list>
<bind>
<opcode="store(28) " fcode="store"/>
<opset="store_ln76/2 "/>
</bind>
</comp>

<comp id="232" class="1004" name="store_ln76_store_fu_232">
<pin_list>
<pin id="233" dir="0" index="0" bw="8" slack="0"/>
<pin id="234" dir="0" index="1" bw="8" slack="0"/>
<pin id="235" dir="1" index="2" bw="0" slack="2147483647"/>
</pin_list>
<bind>
<opcode="store(28) " fcode="store"/>
<opset="store_ln76/2 "/>
</bind>
</comp>

<comp id="238" class="1004" name="store_ln76_store_fu_238">
<pin_list>
<pin id="239" dir="0" index="0" bw="8" slack="0"/>
<pin id="240" dir="0" index="1" bw="8" slack="0"/>
<pin id="241" dir="1" index="2" bw="0" slack="2147483647"/>
</pin_list>
<bind>
<opcode="store(28) " fcode="store"/>
<opset="store_ln76/2 "/>
</bind>
</comp>

<comp id="244" class="1004" name="store_ln76_store_fu_244">
<pin_list>
<pin id="245" dir="0" index="0" bw="8" slack="0"/>
<pin id="246" dir="0" index="1" bw="8" slack="0"/>
<pin id="247" dir="1" index="2" bw="0" slack="2147483647"/>
</pin_list>
<bind>
<opcode="store(28) " fcode="store"/>
<opset="store_ln76/2 "/>
</bind>
</comp>

<comp id="250" class="1004" name="store_ln76_store_fu_250">
<pin_list>
<pin id="251" dir="0" index="0" bw="8" slack="0"/>
<pin id="252" dir="0" index="1" bw="8" slack="0"/>
<pin id="253" dir="1" index="2" bw="0" slack="2147483647"/>
</pin_list>
<bind>
<opcode="store(28) " fcode="store"/>
<opset="store_ln76/2 "/>
</bind>
</comp>

<comp id="256" class="1004" name="store_ln76_store_fu_256">
<pin_list>
<pin id="257" dir="0" index="0" bw="8" slack="0"/>
<pin id="258" dir="0" index="1" bw="8" slack="0"/>
<pin id="259" dir="1" index="2" bw="0" slack="2147483647"/>
</pin_list>
<bind>
<opcode="store(28) " fcode="store"/>
<opset="store_ln76/2 "/>
</bind>
</comp>

<comp id="262" class="1004" name="store_ln76_store_fu_262">
<pin_list>
<pin id="263" dir="0" index="0" bw="8" slack="0"/>
<pin id="264" dir="0" index="1" bw="8" slack="0"/>
<pin id="265" dir="1" index="2" bw="0" slack="2147483647"/>
</pin_list>
<bind>
<opcode="store(28) " fcode="store"/>
<opset="store_ln76/2 "/>
</bind>
</comp>

<comp id="268" class="1004" name="store_ln76_store_fu_268">
<pin_list>
<pin id="269" dir="0" index="0" bw="8" slack="0"/>
<pin id="270" dir="0" index="1" bw="8" slack="0"/>
<pin id="271" dir="1" index="2" bw="0" slack="2147483647"/>
</pin_list>
<bind>
<opcode="store(28) " fcode="store"/>
<opset="store_ln76/2 "/>
</bind>
</comp>

<comp id="274" class="1004" name="store_ln76_store_fu_274">
<pin_list>
<pin id="275" dir="0" index="0" bw="8" slack="0"/>
<pin id="276" dir="0" index="1" bw="8" slack="0"/>
<pin id="277" dir="1" index="2" bw="0" slack="2147483647"/>
</pin_list>
<bind>
<opcode="store(28) " fcode="store"/>
<opset="store_ln76/2 "/>
</bind>
</comp>

<comp id="280" class="1004" name="store_ln76_store_fu_280">
<pin_list>
<pin id="281" dir="0" index="0" bw="8" slack="0"/>
<pin id="282" dir="0" index="1" bw="8" slack="0"/>
<pin id="283" dir="1" index="2" bw="0" slack="2147483647"/>
</pin_list>
<bind>
<opcode="store(28) " fcode="store"/>
<opset="store_ln76/2 "/>
</bind>
</comp>

<comp id="286" class="1004" name="store_ln76_store_fu_286">
<pin_list>
<pin id="287" dir="0" index="0" bw="8" slack="0"/>
<pin id="288" dir="0" index="1" bw="8" slack="0"/>
<pin id="289" dir="1" index="2" bw="0" slack="2147483647"/>
</pin_list>
<bind>
<opcode="store(28) " fcode="store"/>
<opset="store_ln76/2 "/>
</bind>
</comp>

<comp id="292" class="1005" name="i_3_reg_292">
<pin_list>
<pin id="293" dir="0" index="0" bw="5" slack="0"/>
<pin id="294" dir="1" index="1" bw="5" slack="0"/>
</pin_list>
<bind>
<opset="i_3 "/>
</bind>
</comp>

<comp id="302" class="1005" name="gmem1_addr_reg_302">
<pin_list>
<pin id="303" dir="0" index="0" bw="8" slack="1"/>
<pin id="304" dir="1" index="1" bw="8" slack="1"/>
</pin_list>
<bind>
<opset="gmem1_addr "/>
</bind>
</comp>

<comp id="307" class="1005" name="trunc_ln74_reg_307">
<pin_list>
<pin id="308" dir="0" index="0" bw="4" slack="1"/>
<pin id="309" dir="1" index="1" bw="4" slack="2147483647"/>
</pin_list>
<bind>
<opset="trunc_ln74 "/>
</bind>
</comp>

</comp_list>

<net_list>
<net id="115"><net_src comp="36" pin="0"/><net_sink comp="112" pin=0"/></net>

<net id="120"><net_src comp="62" pin="0"/><net_sink comp="116" pin=0"/></net>

<net id="121"><net_src comp="2" pin="0"/><net_sink comp="116" pin=1"/></net>

<net id="126"><net_src comp="110" pin="0"/><net_sink comp="122" pin=0"/></net>

<net id="131"><net_src comp="64" pin="0"/><net_sink comp="127" pin=0"/></net>

<net id="139"><net_src comp="132" pin="1"/><net_sink comp="135" pin=0"/></net>

<net id="140"><net_src comp="66" pin="0"/><net_sink comp="135" pin=1"/></net>

<net id="145"><net_src comp="132" pin="1"/><net_sink comp="141" pin=0"/></net>

<net id="146"><net_src comp="68" pin="0"/><net_sink comp="141" pin=1"/></net>

<net id="151"><net_src comp="0" pin="0"/><net_sink comp="147" pin=0"/></net>

<net id="152"><net_src comp="116" pin="2"/><net_sink comp="147" pin=1"/></net>

<net id="156"><net_src comp="132" pin="1"/><net_sink comp="153" pin=0"/></net>

<net id="175"><net_src comp="153" pin="1"/><net_sink comp="157" pin=0"/></net>

<net id="176"><net_src comp="70" pin="0"/><net_sink comp="157" pin=1"/></net>

<net id="177"><net_src comp="72" pin="0"/><net_sink comp="157" pin=2"/></net>

<net id="178"><net_src comp="74" pin="0"/><net_sink comp="157" pin=3"/></net>

<net id="179"><net_src comp="76" pin="0"/><net_sink comp="157" pin=4"/></net>

<net id="180"><net_src comp="78" pin="0"/><net_sink comp="157" pin=5"/></net>

<net id="181"><net_src comp="80" pin="0"/><net_sink comp="157" pin=6"/></net>

<net id="182"><net_src comp="82" pin="0"/><net_sink comp="157" pin=7"/></net>

<net id="183"><net_src comp="84" pin="0"/><net_sink comp="157" pin=8"/></net>

<net id="184"><net_src comp="86" pin="0"/><net_sink comp="157" pin=9"/></net>

<net id="185"><net_src comp="88" pin="0"/><net_sink comp="157" pin=10"/></net>

<net id="186"><net_src comp="90" pin="0"/><net_sink comp="157" pin=11"/></net>

<net id="187"><net_src comp="92" pin="0"/><net_sink comp="157" pin=12"/></net>

<net id="188"><net_src comp="94" pin="0"/><net_sink comp="157" pin=13"/></net>

<net id="189"><net_src comp="96" pin="0"/><net_sink comp="157" pin=14"/></net>

<net id="190"><net_src comp="98" pin="0"/><net_sink comp="157" pin=15"/></net>

<net id="195"><net_src comp="141" pin="2"/><net_sink comp="191" pin=0"/></net>

<net id="200"><net_src comp="122" pin="2"/><net_sink comp="196" pin=0"/></net>

<net id="201"><net_src comp="32" pin="0"/><net_sink comp="196" pin=1"/></net>

<net id="206"><net_src comp="122" pin="2"/><net_sink comp="202" pin=0"/></net>

<net id="207"><net_src comp="30" pin="0"/><net_sink comp="202" pin=1"/></net>

<net id="212"><net_src comp="122" pin="2"/><net_sink comp="208" pin=0"/></net>

<net id="213"><net_src comp="28" pin="0"/><net_sink comp="208" pin=1"/></net>

<net id="218"><net_src comp="122" pin="2"/><net_sink comp="214" pin=0"/></net>

<net id="219"><net_src comp="26" pin="0"/><net_sink comp="214" pin=1"/></net>

<net id="224"><net_src comp="122" pin="2"/><net_sink comp="220" pin=0"/></net>

<net id="225"><net_src comp="24" pin="0"/><net_sink comp="220" pin=1"/></net>

<net id="230"><net_src comp="122" pin="2"/><net_sink comp="226" pin=0"/></net>

<net id="231"><net_src comp="22" pin="0"/><net_sink comp="226" pin=1"/></net>

<net id="236"><net_src comp="122" pin="2"/><net_sink comp="232" pin=0"/></net>

<net id="237"><net_src comp="20" pin="0"/><net_sink comp="232" pin=1"/></net>

<net id="242"><net_src comp="122" pin="2"/><net_sink comp="238" pin=0"/></net>

<net id="243"><net_src comp="18" pin="0"/><net_sink comp="238" pin=1"/></net>

<net id="248"><net_src comp="122" pin="2"/><net_sink comp="244" pin=0"/></net>

<net id="249"><net_src comp="16" pin="0"/><net_sink comp="244" pin=1"/></net>

<net id="254"><net_src comp="122" pin="2"/><net_sink comp="250" pin=0"/></net>

<net id="255"><net_src comp="14" pin="0"/><net_sink comp="250" pin=1"/></net>

<net id="260"><net_src comp="122" pin="2"/><net_sink comp="256" pin=0"/></net>

<net id="261"><net_src comp="12" pin="0"/><net_sink comp="256" pin=1"/></net>

<net id="266"><net_src comp="122" pin="2"/><net_sink comp="262" pin=0"/></net>

<net id="267"><net_src comp="10" pin="0"/><net_sink comp="262" pin=1"/></net>

<net id="272"><net_src comp="122" pin="2"/><net_sink comp="268" pin=0"/></net>

<net id="273"><net_src comp="8" pin="0"/><net_sink comp="268" pin=1"/></net>

<net id="278"><net_src comp="122" pin="2"/><net_sink comp="274" pin=0"/></net>

<net id="279"><net_src comp="6" pin="0"/><net_sink comp="274" pin=1"/></net>

<net id="284"><net_src comp="122" pin="2"/><net_sink comp="280" pin=0"/></net>

<net id="285"><net_src comp="4" pin="0"/><net_sink comp="280" pin=1"/></net>

<net id="290"><net_src comp="122" pin="2"/><net_sink comp="286" pin=0"/></net>

<net id="291"><net_src comp="34" pin="0"/><net_sink comp="286" pin=1"/></net>

<net id="295"><net_src comp="112" pin="1"/><net_sink comp="292" pin=0"/></net>

<net id="296"><net_src comp="292" pin="1"/><net_sink comp="127" pin=1"/></net>

<net id="297"><net_src comp="292" pin="1"/><net_sink comp="132" pin=0"/></net>

<net id="298"><net_src comp="292" pin="1"/><net_sink comp="191" pin=1"/></net>

<net id="305"><net_src comp="147" pin="2"/><net_sink comp="302" pin=0"/></net>

<net id="306"><net_src comp="302" pin="1"/><net_sink comp="122" pin=1"/></net>

<net id="310"><net_src comp="153" pin="1"/><net_sink comp="307" pin=0"/></net>

</net_list>

</model> 
---------------- Datapath Model END ------------------

* FSMD analyzer results:
  - Output states:
	Port: conv2_ap_fixed_ap_fixed_ap_fixed_ap_fixed_8_5_5_3_0_local_bias_9 | {2 }
	Port: conv2_ap_fixed_ap_fixed_ap_fixed_ap_fixed_8_5_5_3_0_local_bias_8 | {2 }
	Port: conv2_ap_fixed_ap_fixed_ap_fixed_ap_fixed_8_5_5_3_0_local_bias_7 | {2 }
	Port: conv2_ap_fixed_ap_fixed_ap_fixed_ap_fixed_8_5_5_3_0_local_bias_6 | {2 }
	Port: conv2_ap_fixed_ap_fixed_ap_fixed_ap_fixed_8_5_5_3_0_local_bias_5 | {2 }
	Port: conv2_ap_fixed_ap_fixed_ap_fixed_ap_fixed_8_5_5_3_0_local_bias_4 | {2 }
	Port: conv2_ap_fixed_ap_fixed_ap_fixed_ap_fixed_8_5_5_3_0_local_bias_3 | {2 }
	Port: conv2_ap_fixed_ap_fixed_ap_fixed_ap_fixed_8_5_5_3_0_local_bias_2 | {2 }
	Port: conv2_ap_fixed_ap_fixed_ap_fixed_ap_fixed_8_5_5_3_0_local_bias_1 | {2 }
	Port: conv2_ap_fixed_ap_fixed_ap_fixed_ap_fixed_8_5_5_3_0_local_bias | {2 }
	Port: conv2_mulap_fixed_8_5_ap_q_mode_5_ap_o_mode_3_0_ap_fixed_8_5_ap_q_mode_5_ap_o_mode_3_0_ap_fixed_8_5_ap_q_mode_5_ap_o_mode_3_0_ap_fixed_8_5_ap_q_mode_5_ap_o_mode_3_0_local_bia | {2 }
	Port: conv2_mulap_fixed_8_5_ap_q_mode_5_ap_o_mode_3_0_ap_fixed_8_5_ap_q_mode_5_ap_o_mode_3_0_ap_fixed_8_5_ap_q_mode_5_ap_o_mode_3_0_ap_fixed_8_5_ap_q_mode_5_ap_o_mode_3_0_local_bia_0 | {2 }
	Port: conv2_mulap_fixed_8_5_ap_q_mode_5_ap_o_mode_3_0_ap_fixed_8_5_ap_q_mode_5_ap_o_mode_3_0_ap_fixed_8_5_ap_q_mode_5_ap_o_mode_3_0_ap_fixed_8_5_ap_q_mode_5_ap_o_mode_3_0_local_bia_1 | {2 }
	Port: conv2_mulap_fixed_8_5_ap_q_mode_5_ap_o_mode_3_0_ap_fixed_8_5_ap_q_mode_5_ap_o_mode_3_0_ap_fixed_8_5_ap_q_mode_5_ap_o_mode_3_0_ap_fixed_8_5_ap_q_mode_5_ap_o_mode_3_0_local_bia_2 | {2 }
	Port: conv2_mulap_fixed_8_5_ap_q_mode_5_ap_o_mode_3_0_ap_fixed_8_5_ap_q_mode_5_ap_o_mode_3_0_ap_fixed_8_5_ap_q_mode_5_ap_o_mode_3_0_ap_fixed_8_5_ap_q_mode_5_ap_o_mode_3_0_local_bia_3 | {2 }
	Port: p_ZZ5conv2P8ap_fixedILi8ELi5EL9ap_q_mode5EL9ap_o_mode3ELi0EES3_S3_S3_E10local_bia | {2 }
 - Input state : 
	Port: conv2_Pipeline_LOAD_B : gmem1 | {2 }
	Port: conv2_Pipeline_LOAD_B : bias | {1 }
  - Chain level:
	State 1
		store_ln74 : 1
		i : 1
		icmp_ln74 : 2
		add_ln74 : 2
		br_ln74 : 3
		trunc_ln74 : 2
		switch_ln76 : 3
		store_ln74 : 3
	State 2


============================================================
+ Verbose Summary: Datapath Resource usage 
============================================================

* Functional unit list:
|----------|-----------------------------|---------|---------|
| Operation|       Functional Unit       |    FF   |   LUT   |
|----------|-----------------------------|---------|---------|
|   icmp   |       icmp_ln74_fu_135      |    0    |    13   |
|----------|-----------------------------|---------|---------|
|    add   |       add_ln74_fu_141       |    0    |    13   |
|----------|-----------------------------|---------|---------|
|   read   |    bias_read_read_fu_116    |    0    |    0    |
|          | gmem1_addr_read_read_fu_122 |    0    |    0    |
|----------|-----------------------------|---------|---------|
|   trunc  |      trunc_ln74_fu_153      |    0    |    0    |
|----------|-----------------------------|---------|---------|
|  switch  |      switch_ln76_fu_157     |    0    |    0    |
|----------|-----------------------------|---------|---------|
|   Total  |                             |    0    |    26   |
|----------|-----------------------------|---------|---------|

Memories:
N/A

* Register list:
+------------------+--------+
|                  |   FF   |
+------------------+--------+
|gmem1_addr_reg_302|    8   |
|    i_3_reg_292   |    5   |
|trunc_ln74_reg_307|    4   |
+------------------+--------+
|       Total      |   17   |
+------------------+--------+

* Multiplexer (MUX) list: 
|--------|------|------|------|--------|
|  Comp  |  Pin | Size |  BW  | S x BW |
|--------|------|------|------|--------|
|  Total |      |      |      |    0   |
|--------|------|------|------|--------|



* Summary:
+-----------+--------+--------+
|           |   FF   |   LUT  |
+-----------+--------+--------+
|  Function |    0   |   26   |
|   Memory  |    -   |    -   |
|Multiplexer|    -   |    -   |
|  Register |   17   |    -   |
+-----------+--------+--------+
|   Total   |   17   |   26   |
+-----------+--------+--------+
