

================================================================
== Vitis HLS Report for 'conv2_Pipeline_LOAD_B'
================================================================
* Date:           Sat Mar  7 18:28:20 2026

* Version:        2025.2 (Build 6295257 on Nov 14 2025)
* Project:        top
* Solution:       hls (Vivado IP Flow Target)
* Product family: zynq
* Target device:  xc7z020-clg484-1


================================================================
== Performance Estimates
================================================================
+ Timing: 
    * Summary: 
    +--------+----------+----------+------------+
    |  Clock |  Target  | Estimated| Uncertainty|
    +--------+----------+----------+------------+
    |ap_clk  |  10.00 ns|  8.750 ns|     1.25 ns|
    +--------+----------+----------+------------+

+ Latency: 
    * Summary: 
    +---------+---------+----------+----------+-----+-----+-------------------+
    |  Latency (cycles) |  Latency (absolute) |  Interval |      Pipeline     |
    |   min   |   max   |    min   |    max   | min | max |        Type       |
    +---------+---------+----------+----------+-----+-----+-------------------+
    |       18|       18|  0.180 us|  0.180 us|    0|    0|  loop pipeline stp|
    +---------+---------+----------+----------+-----+-----+-------------------+

    + Detail: 
        * Instance: 
        N/A

        * Loop: 
        +----------+---------+---------+----------+-----------+-----------+------+----------+
        |          |  Latency (cycles) | Iteration|  Initiation Interval  | Trip |          |
        | Loop Name|   min   |   max   |  Latency |  achieved |   target  | Count| Pipelined|
        +----------+---------+---------+----------+-----------+-----------+------+----------+
        |- LOAD_B  |       16|       16|         2|          1|          1|    16|       yes|
        +----------+---------+---------+----------+-----------+-----------+------+----------+

============================================================
+ Verbose Summary: Synthesis Manager
============================================================
InlineROM: 1
ExposeGlobal: 0
============================================================
+ Verbose Summary: CDFG Model
============================================================
IsTopModel: 0
ResetActiveHigh: 1
IsCombinational: 0
IsDatapathOnly: 0
HasWiredReturn: 1
HasMFsm: 2
HasVarLatency: 1
IsPipeline: 0
IsRtlPipelined: 0
IsInstanceOverlapped: 0
IsDontTouch: 0
HasImplIP: 0
IsGatedGlobalClock: 0

+ Individual pipeline summary: 
  * Pipeline-0: initiation interval (II) = 1, depth = 2


============================================================
+ Verbose Summary: Schedule
============================================================
* Number of FSM states : 2
* Pipeline : 1
  Pipeline-0 : II = 1, D = 2, States = { 1 2 }
* Dataflow Pipeline: 0

* FSM state transitions: 
1 --> 2 
2 --> 

* FSM state operations: 

State 1 <SV = 0> <Delay = 4.95>
ST_1 : Operation 5 [1/1] (0.00ns)   --->   "%i_3 = alloca i32 1" [../src/conv.cpp:74]   --->   Operation 5 'alloca' 'i_3' <Predicate = true> <Delay = 0.00>
ST_1 : Operation 6 [1/1] (0.00ns)   --->   "%specstablecontent_ln0 = specstablecontent void @_ssdm_op_SpecStableContent, i8 %gmem1, i1 1, void "   --->   Operation 6 'specstablecontent' 'specstablecontent_ln0' <Predicate = true> <Delay = 0.00>
ST_1 : Operation 7 [1/1] (0.00ns)   --->   "%specinterface_ln0 = specinterface void @_ssdm_op_SpecInterface, i8 %gmem1, void @empty_7, i32 0, i32 0, void @empty_8, i32 0, i32 136, void @empty_32, void @empty_20, void @empty_8, i32 16, i32 16, i32 16, i32 16, void @empty_8, void @empty_8, i32 4294967295, i32 0, i32 0, i32 1"   --->   Operation 7 'specinterface' 'specinterface_ln0' <Predicate = true> <Delay = 0.00>
ST_1 : Operation 8 [1/1] (0.00ns)   --->   "%bias_read = read i64 @_ssdm_op_Read.ap_auto.i64, i64 %bias"   --->   Operation 8 'read' 'bias_read' <Predicate = true> <Delay = 0.00>
ST_1 : Operation 9 [1/1] (1.58ns)   --->   "%store_ln74 = store i5 0, i5 %i_3" [../src/conv.cpp:74]   --->   Operation 9 'store' 'store_ln74' <Predicate = true> <Delay = 1.58>
ST_1 : Operation 10 [1/1] (0.00ns)   --->   "%br_ln0 = br void %for.inc12"   --->   Operation 10 'br' 'br_ln0' <Predicate = true> <Delay = 0.00>
ST_1 : Operation 11 [1/1] (0.00ns)   --->   "%i = load i5 %i_3" [../src/conv.cpp:74]   --->   Operation 11 'load' 'i' <Predicate = true> <Delay = 0.00>
ST_1 : Operation 12 [1/1] (1.78ns)   --->   "%icmp_ln74 = icmp_eq  i5 %i, i5 16" [../src/conv.cpp:74]   --->   Operation 12 'icmp' 'icmp_ln74' <Predicate = true> <Delay = 1.78> <CoreInst = "Cmp">   --->   Core 9 'Cmp' <Latency = 0> <II = 1> <Delay = 1.78> <FuncUnit> <Opcode : 'seteq' 'setne' 'setle' 'setge' 'setlt' 'setgt'> <InPorts = 2> <OutPorts = 1>
ST_1 : Operation 13 [1/1] (1.78ns)   --->   "%add_ln74 = add i5 %i, i5 1" [../src/conv.cpp:74]   --->   Operation 13 'add' 'add_ln74' <Predicate = true> <Delay = 1.78> <CoreInst = "Adder">   --->   Core 1 'Adder' <Latency = 0> <II = 1> <Delay = 1.78> <FuncUnit> <Opcode : 'add' 'sub'> <InPorts = 2> <OutPorts = 1>
ST_1 : Operation 14 [1/1] (0.00ns)   --->   "%br_ln74 = br i1 %icmp_ln74, void %for.inc12.split, void %for.end14.exitStub" [../src/conv.cpp:74]   --->   Operation 14 'br' 'br_ln74' <Predicate = true> <Delay = 0.00>
ST_1 : Operation 15 [1/1] (0.00ns)   --->   "%gmem1_addr = getelementptr i8 %gmem1, i64 %bias_read" [../src/conv.cpp:74]   --->   Operation 15 'getelementptr' 'gmem1_addr' <Predicate = (!icmp_ln74)> <Delay = 0.00>
ST_1 : Operation 16 [1/1] (0.00ns)   --->   "%trunc_ln74 = trunc i5 %i" [../src/conv.cpp:74]   --->   Operation 16 'trunc' 'trunc_ln74' <Predicate = (!icmp_ln74)> <Delay = 0.00>
ST_1 : Operation 17 [1/1] (1.73ns)   --->   "%switch_ln76 = switch i4 %trunc_ln74, void %arrayidx11.case.15, i4 0, void %arrayidx11.case.0, i4 1, void %arrayidx11.case.1, i4 2, void %arrayidx11.case.2, i4 3, void %arrayidx11.case.3, i4 4, void %arrayidx11.case.4, i4 5, void %arrayidx11.case.5, i4 6, void %arrayidx11.case.6, i4 7, void %arrayidx11.case.7, i4 8, void %arrayidx11.case.8, i4 9, void %arrayidx11.case.9, i4 10, void %arrayidx11.case.10, i4 11, void %arrayidx11.case.11, i4 12, void %arrayidx11.case.12, i4 13, void %arrayidx11.case.13, i4 14, void %arrayidx11.case.14" [../src/conv.cpp:76]   --->   Operation 17 'switch' 'switch_ln76' <Predicate = (!icmp_ln74)> <Delay = 1.73>
ST_1 : Operation 18 [1/1] (1.58ns)   --->   "%store_ln74 = store i5 %add_ln74, i5 %i_3" [../src/conv.cpp:74]   --->   Operation 18 'store' 'store_ln74' <Predicate = (!icmp_ln74)> <Delay = 1.58>
ST_1 : Operation 19 [1/1] (0.00ns)   --->   "%br_ln74 = br void %for.inc12" [../src/conv.cpp:74]   --->   Operation 19 'br' 'br_ln74' <Predicate = (!icmp_ln74)> <Delay = 0.00>
ST_1 : Operation 56 [1/1] (1.58ns)   --->   "%ret_ln0 = ret"   --->   Operation 56 'ret' 'ret_ln0' <Predicate = (icmp_ln74)> <Delay = 1.58>

State 2 <SV = 1> <Delay = 8.75>
ST_2 : Operation 20 [1/1] (0.00ns)   --->   "%specpipeline_ln75 = specpipeline void @_ssdm_op_SpecPipeline, i32 1, i32 0, i32 0, i32 0, i32 4294967295, void @empty_8" [../src/conv.cpp:75]   --->   Operation 20 'specpipeline' 'specpipeline_ln75' <Predicate = true> <Delay = 0.00>
ST_2 : Operation 21 [1/1] (0.00ns)   --->   "%speclooptripcount_ln74 = speclooptripcount void @_ssdm_op_SpecLoopTripCount, i64 16, i64 16, i64 16" [../src/conv.cpp:74]   --->   Operation 21 'speclooptripcount' 'speclooptripcount_ln74' <Predicate = true> <Delay = 0.00>
ST_2 : Operation 22 [1/1] (0.00ns)   --->   "%specloopname_ln74 = specloopname void @_ssdm_op_SpecLoopName, void @empty_22" [../src/conv.cpp:74]   --->   Operation 22 'specloopname' 'specloopname_ln74' <Predicate = true> <Delay = 0.00>
ST_2 : Operation 23 [1/1] ( I:8.75ns O:8.75ns )   --->   "%gmem1_addr_read = read i8 @_ssdm_op_Read.m_axi.i8.p1i8, i8 %gmem1_addr" [../src/conv.cpp:76]   --->   Operation 23 'read' 'gmem1_addr_read' <Predicate = true> <Delay = 8.75> <CoreInst = "m_axi">   --->   Core 111 'm_axi' <Latency = 3> <II = 1> <Delay = 1.00> <Adapter> <Opcode : 'readrequnaligned' 'writerequnaligned' 'read' 'write' 'readreq' 'writereq' 'writeresp'>
ST_2 : Operation 24 [1/1] (0.00ns)   --->   "%store_ln76 = store i8 %gmem1_addr_read, i8 %conv2_mulap_fixed_8_5_ap_q_mode_5_ap_o_mode_3_0_ap_fixed_8_5_ap_q_mode_5_ap_o_mode_3_0_ap_fixed_8_5_ap_q_mode_5_ap_o_mode_3_0_ap_fixed_8_5_ap_q_mode_5_ap_o_mode_3_0_local_bia_3" [../src/conv.cpp:76]   --->   Operation 24 'store' 'store_ln76' <Predicate = (trunc_ln74 == 14)> <Delay = 0.00>
ST_2 : Operation 25 [1/1] (0.00ns)   --->   "%br_ln76 = br void %arrayidx11.exit" [../src/conv.cpp:76]   --->   Operation 25 'br' 'br_ln76' <Predicate = (trunc_ln74 == 14)> <Delay = 0.00>
ST_2 : Operation 26 [1/1] (0.00ns)   --->   "%store_ln76 = store i8 %gmem1_addr_read, i8 %conv2_mulap_fixed_8_5_ap_q_mode_5_ap_o_mode_3_0_ap_fixed_8_5_ap_q_mode_5_ap_o_mode_3_0_ap_fixed_8_5_ap_q_mode_5_ap_o_mode_3_0_ap_fixed_8_5_ap_q_mode_5_ap_o_mode_3_0_local_bia_2" [../src/conv.cpp:76]   --->   Operation 26 'store' 'store_ln76' <Predicate = (trunc_ln74 == 13)> <Delay = 0.00>
ST_2 : Operation 27 [1/1] (0.00ns)   --->   "%br_ln76 = br void %arrayidx11.exit" [../src/conv.cpp:76]   --->   Operation 27 'br' 'br_ln76' <Predicate = (trunc_ln74 == 13)> <Delay = 0.00>
ST_2 : Operation 28 [1/1] (0.00ns)   --->   "%store_ln76 = store i8 %gmem1_addr_read, i8 %conv2_mulap_fixed_8_5_ap_q_mode_5_ap_o_mode_3_0_ap_fixed_8_5_ap_q_mode_5_ap_o_mode_3_0_ap_fixed_8_5_ap_q_mode_5_ap_o_mode_3_0_ap_fixed_8_5_ap_q_mode_5_ap_o_mode_3_0_local_bia_1" [../src/conv.cpp:76]   --->   Operation 28 'store' 'store_ln76' <Predicate = (trunc_ln74 == 12)> <Delay = 0.00>
ST_2 : Operation 29 [1/1] (0.00ns)   --->   "%br_ln76 = br void %arrayidx11.exit" [../src/conv.cpp:76]   --->   Operation 29 'br' 'br_ln76' <Predicate = (trunc_ln74 == 12)> <Delay = 0.00>
ST_2 : Operation 30 [1/1] (0.00ns)   --->   "%store_ln76 = store i8 %gmem1_addr_read, i8 %conv2_mulap_fixed_8_5_ap_q_mode_5_ap_o_mode_3_0_ap_fixed_8_5_ap_q_mode_5_ap_o_mode_3_0_ap_fixed_8_5_ap_q_mode_5_ap_o_mode_3_0_ap_fixed_8_5_ap_q_mode_5_ap_o_mode_3_0_local_bia_0" [../src/conv.cpp:76]   --->   Operation 30 'store' 'store_ln76' <Predicate = (trunc_ln74 == 11)> <Delay = 0.00>
ST_2 : Operation 31 [1/1] (0.00ns)   --->   "%br_ln76 = br void %arrayidx11.exit" [../src/conv.cpp:76]   --->   Operation 31 'br' 'br_ln76' <Predicate = (trunc_ln74 == 11)> <Delay = 0.00>
ST_2 : Operation 32 [1/1] (0.00ns)   --->   "%store_ln76 = store i8 %gmem1_addr_read, i8 %conv2_mulap_fixed_8_5_ap_q_mode_5_ap_o_mode_3_0_ap_fixed_8_5_ap_q_mode_5_ap_o_mode_3_0_ap_fixed_8_5_ap_q_mode_5_ap_o_mode_3_0_ap_fixed_8_5_ap_q_mode_5_ap_o_mode_3_0_local_bia" [../src/conv.cpp:76]   --->   Operation 32 'store' 'store_ln76' <Predicate = (trunc_ln74 == 10)> <Delay = 0.00>
ST_2 : Operation 33 [1/1] (0.00ns)   --->   "%br_ln76 = br void %arrayidx11.exit" [../src/conv.cpp:76]   --->   Operation 33 'br' 'br_ln76' <Predicate = (trunc_ln74 == 10)> <Delay = 0.00>
ST_2 : Operation 34 [1/1] (0.00ns)   --->   "%store_ln76 = store i8 %gmem1_addr_read, i8 %conv2_ap_fixed_ap_fixed_ap_fixed_ap_fixed_8_5_5_3_0_local_bias" [../src/conv.cpp:76]   --->   Operation 34 'store' 'store_ln76' <Predicate = (trunc_ln74 == 9)> <Delay = 0.00>
ST_2 : Operation 35 [1/1] (0.00ns)   --->   "%br_ln76 = br void %arrayidx11.exit" [../src/conv.cpp:76]   --->   Operation 35 'br' 'br_ln76' <Predicate = (trunc_ln74 == 9)> <Delay = 0.00>
ST_2 : Operation 36 [1/1] (0.00ns)   --->   "%store_ln76 = store i8 %gmem1_addr_read, i8 %conv2_ap_fixed_ap_fixed_ap_fixed_ap_fixed_8_5_5_3_0_local_bias_1" [../src/conv.cpp:76]   --->   Operation 36 'store' 'store_ln76' <Predicate = (trunc_ln74 == 8)> <Delay = 0.00>
ST_2 : Operation 37 [1/1] (0.00ns)   --->   "%br_ln76 = br void %arrayidx11.exit" [../src/conv.cpp:76]   --->   Operation 37 'br' 'br_ln76' <Predicate = (trunc_ln74 == 8)> <Delay = 0.00>
ST_2 : Operation 38 [1/1] (0.00ns)   --->   "%store_ln76 = store i8 %gmem1_addr_read, i8 %conv2_ap_fixed_ap_fixed_ap_fixed_ap_fixed_8_5_5_3_0_local_bias_2" [../src/conv.cpp:76]   --->   Operation 38 'store' 'store_ln76' <Predicate = (trunc_ln74 == 7)> <Delay = 0.00>
ST_2 : Operation 39 [1/1] (0.00ns)   --->   "%br_ln76 = br void %arrayidx11.exit" [../src/conv.cpp:76]   --->   Operation 39 'br' 'br_ln76' <Predicate = (trunc_ln74 == 7)> <Delay = 0.00>
ST_2 : Operation 40 [1/1] (0.00ns)   --->   "%store_ln76 = store i8 %gmem1_addr_read, i8 %conv2_ap_fixed_ap_fixed_ap_fixed_ap_fixed_8_5_5_3_0_local_bias_3" [../src/conv.cpp:76]   --->   Operation 40 'store' 'store_ln76' <Predicate = (trunc_ln74 == 6)> <Delay = 0.00>
ST_2 : Operation 41 [1/1] (0.00ns)   --->   "%br_ln76 = br void %arrayidx11.exit" [../src/conv.cpp:76]   --->   Operation 41 'br' 'br_ln76' <Predicate = (trunc_ln74 == 6)> <Delay = 0.00>
ST_2 : Operation 42 [1/1] (0.00ns)   --->   "%store_ln76 = store i8 %gmem1_addr_read, i8 %conv2_ap_fixed_ap_fixed_ap_fixed_ap_fixed_8_5_5_3_0_local_bias_4" [../src/conv.cpp:76]   --->   Operation 42 'store' 'store_ln76' <Predicate = (trunc_ln74 == 5)> <Delay = 0.00>
ST_2 : Operation 43 [1/1] (0.00ns)   --->   "%br_ln76 = br void %arrayidx11.exit" [../src/conv.cpp:76]   --->   Operation 43 'br' 'br_ln76' <Predicate = (trunc_ln74 == 5)> <Delay = 0.00>
ST_2 : Operation 44 [1/1] (0.00ns)   --->   "%store_ln76 = store i8 %gmem1_addr_read, i8 %conv2_ap_fixed_ap_fixed_ap_fixed_ap_fixed_8_5_5_3_0_local_bias_5" [../src/conv.cpp:76]   --->   Operation 44 'store' 'store_ln76' <Predicate = (trunc_ln74 == 4)> <Delay = 0.00>
ST_2 : Operation 45 [1/1] (0.00ns)   --->   "%br_ln76 = br void %arrayidx11.exit" [../src/conv.cpp:76]   --->   Operation 45 'br' 'br_ln76' <Predicate = (trunc_ln74 == 4)> <Delay = 0.00>
ST_2 : Operation 46 [1/1] (0.00ns)   --->   "%store_ln76 = store i8 %gmem1_addr_read, i8 %conv2_ap_fixed_ap_fixed_ap_fixed_ap_fixed_8_5_5_3_0_local_bias_6" [../src/conv.cpp:76]   --->   Operation 46 'store' 'store_ln76' <Predicate = (trunc_ln74 == 3)> <Delay = 0.00>
ST_2 : Operation 47 [1/1] (0.00ns)   --->   "%br_ln76 = br void %arrayidx11.exit" [../src/conv.cpp:76]   --->   Operation 47 'br' 'br_ln76' <Predicate = (trunc_ln74 == 3)> <Delay = 0.00>
ST_2 : Operation 48 [1/1] (0.00ns)   --->   "%store_ln76 = store i8 %gmem1_addr_read, i8 %conv2_ap_fixed_ap_fixed_ap_fixed_ap_fixed_8_5_5_3_0_local_bias_7" [../src/conv.cpp:76]   --->   Operation 48 'store' 'store_ln76' <Predicate = (trunc_ln74 == 2)> <Delay = 0.00>
ST_2 : Operation 49 [1/1] (0.00ns)   --->   "%br_ln76 = br void %arrayidx11.exit" [../src/conv.cpp:76]   --->   Operation 49 'br' 'br_ln76' <Predicate = (trunc_ln74 == 2)> <Delay = 0.00>
ST_2 : Operation 50 [1/1] (0.00ns)   --->   "%store_ln76 = store i8 %gmem1_addr_read, i8 %conv2_ap_fixed_ap_fixed_ap_fixed_ap_fixed_8_5_5_3_0_local_bias_8" [../src/conv.cpp:76]   --->   Operation 50 'store' 'store_ln76' <Predicate = (trunc_ln74 == 1)> <Delay = 0.00>
ST_2 : Operation 51 [1/1] (0.00ns)   --->   "%br_ln76 = br void %arrayidx11.exit" [../src/conv.cpp:76]   --->   Operation 51 'br' 'br_ln76' <Predicate = (trunc_ln74 == 1)> <Delay = 0.00>
ST_2 : Operation 52 [1/1] (0.00ns)   --->   "%store_ln76 = store i8 %gmem1_addr_read, i8 %conv2_ap_fixed_ap_fixed_ap_fixed_ap_fixed_8_5_5_3_0_local_bias_9" [../src/conv.cpp:76]   --->   Operation 52 'store' 'store_ln76' <Predicate = (trunc_ln74 == 0)> <Delay = 0.00>
ST_2 : Operation 53 [1/1] (0.00ns)   --->   "%br_ln76 = br void %arrayidx11.exit" [../src/conv.cpp:76]   --->   Operation 53 'br' 'br_ln76' <Predicate = (trunc_ln74 == 0)> <Delay = 0.00>
ST_2 : Operation 54 [1/1] (0.00ns)   --->   "%store_ln76 = store i8 %gmem1_addr_read, i8 %p_ZZ5conv2P8ap_fixedILi8ELi5EL9ap_q_mode5EL9ap_o_mode3ELi0EES3_S3_S3_E10local_bia" [../src/conv.cpp:76]   --->   Operation 54 'store' 'store_ln76' <Predicate = (trunc_ln74 == 15)> <Delay = 0.00>
ST_2 : Operation 55 [1/1] (0.00ns)   --->   "%br_ln76 = br void %arrayidx11.exit" [../src/conv.cpp:76]   --->   Operation 55 'br' 'br_ln76' <Predicate = (trunc_ln74 == 15)> <Delay = 0.00>


============================================================
+ Verbose Summary: Timing violations
============================================================
Target clock period: 10.000ns, clock uncertainty: 1.250ns.

 <State 1>: 4.956ns
The critical path consists of the following:
	'store' operation ('store_ln74', ../src/conv.cpp:74) of constant 0 5 bit on local variable 'i', ../src/conv.cpp:74 [23]  (1.588 ns)
	'load' operation 5 bit ('i', ../src/conv.cpp:74) on local variable 'i', ../src/conv.cpp:74 [26]  (0.000 ns)
	'icmp' operation 1 bit ('icmp_ln74', ../src/conv.cpp:74) [27]  (1.780 ns)
	'store' operation ('store_ln74', ../src/conv.cpp:74) of variable 'add_ln74', ../src/conv.cpp:74 5 bit on local variable 'i', ../src/conv.cpp:74 [87]  (1.588 ns)

 <State 2>: 8.750ns
The critical path consists of the following:
	bus read operation ('gmem1_addr_read', ../src/conv.cpp:76) on port 'gmem1' (../src/conv.cpp:76) [36]  (8.750 ns)
	'store' operation ('store_ln76', ../src/conv.cpp:76) of variable 'gmem1_addr_read', ../src/conv.cpp:76 8 bit on static variable 'conv2_mulap_fixed_8_5_ap_q_mode_5_ap_o_mode_3_0_ap_fixed_8_5_ap_q_mode_5_ap_o_mode_3_0_ap_fixed_8_5_ap_q_mode_5_ap_o_mode_3_0_ap_fixed_8_5_ap_q_mode_5_ap_o_mode_3_0_local_bia_3' [39]  (0.000 ns)


============================================================
+ Verbose Summary: Binding
============================================================
N/A
* FSMD analyzer results:
  - Output states:
 - Input state : 
  - Chain level:
	State 1
	State 2


============================================================
+ Verbose Summary: Datapath Resource usage 
============================================================
N/A
