/home/abdullah/Desktop/CNN-on-FPGA/hls_component/top/hls/.autopilot/db/conv.pp.0.cpp:2271:5: remark: Added loop label VITIS_LOOP_676_1:   [xilinx-label-all-loops]
    for (unsigned i = low; i != high+1; ++i) {
    ^
    VITIS_LOOP_676_1: 
/home/abdullah/Desktop/CNN-on-FPGA/hls_component/top/hls/.autopilot/db/conv.pp.0.cpp:2271:5: note: FIX-IT applied suggested code changes
/home/abdullah/Desktop/CNN-on-FPGA/hls_component/top/hls/.autopilot/db/conv.pp.0.cpp:2285:5: remark: Added loop label VITIS_LOOP_690_1:   [xilinx-label-all-loops]
    for (unsigned i = low; i != high+1; ++i) {
    ^
    VITIS_LOOP_690_1: 
/home/abdullah/Desktop/CNN-on-FPGA/hls_component/top/hls/.autopilot/db/conv.pp.0.cpp:2285:5: note: FIX-IT applied suggested code changes
/home/abdullah/Desktop/CNN-on-FPGA/hls_component/top/hls/.autopilot/db/conv.pp.0.cpp:2299:5: remark: Added loop label VITIS_LOOP_704_1:   [xilinx-label-all-loops]
    for (unsigned i = low; i != high+1; ++i) {
    ^
    VITIS_LOOP_704_1: 
/home/abdullah/Desktop/CNN-on-FPGA/hls_component/top/hls/.autopilot/db/conv.pp.0.cpp:2299:5: note: FIX-IT applied suggested code changes
/home/abdullah/Desktop/CNN-on-FPGA/hls_component/top/hls/.autopilot/db/conv.pp.0.cpp:5838:7: remark: Added loop label VITIS_LOOP_1251_1:   [xilinx-label-all-loops]
      for (i = 0; i < __N - 1; ++i) {
      ^
      VITIS_LOOP_1251_1: 
/home/abdullah/Desktop/CNN-on-FPGA/hls_component/top/hls/.autopilot/db/conv.pp.0.cpp:5838:7: note: FIX-IT applied suggested code changes
/home/abdullah/Desktop/CNN-on-FPGA/hls_component/top/hls/.autopilot/db/conv.pp.0.cpp:54772:9: remark: Added loop label VITIS_LOOP_69_1:   [xilinx-label-all-loops]
        for (int h = 0; h < 14; h++) {
        ^
        VITIS_LOOP_69_1: 
/home/abdullah/Desktop/CNN-on-FPGA/hls_component/top/hls/.autopilot/db/conv.pp.0.cpp:54772:9: note: FIX-IT applied suggested code changes
/home/abdullah/Desktop/CNN-on-FPGA/hls_component/top/hls/.autopilot/db/conv.pp.0.cpp:54773:13: remark: Added loop label VITIS_LOOP_70_2:   [xilinx-label-all-loops]
            for (int w = 0; w < 14; w++) {
            ^
            VITIS_LOOP_70_2: 
/home/abdullah/Desktop/CNN-on-FPGA/hls_component/top/hls/.autopilot/db/conv.pp.0.cpp:54773:13: note: FIX-IT applied suggested code changes
/home/abdullah/Desktop/CNN-on-FPGA/hls_component/top/hls/.autopilot/db/conv.pp.0.cpp:54776:17: remark: Added loop label VITIS_LOOP_73_3:   [xilinx-label-all-loops]
                for(int p = 0; p < 8; p++) {
                ^
                VITIS_LOOP_73_3: 
/home/abdullah/Desktop/CNN-on-FPGA/hls_component/top/hls/.autopilot/db/conv.pp.0.cpp:54776:17: note: FIX-IT applied suggested code changes
/home/abdullah/Desktop/CNN-on-FPGA/hls_component/top/hls/.autopilot/db/conv.pp.0.cpp:54802:17: remark: Added loop label VITIS_LOOP_99_4:   [xilinx-label-all-loops]
                for(int p = 0; p < 8; p++) {
                ^
                VITIS_LOOP_99_4: 
/home/abdullah/Desktop/CNN-on-FPGA/hls_component/top/hls/.autopilot/db/conv.pp.0.cpp:54802:17: note: FIX-IT applied suggested code changes
