

================================================================
== Vitis HLS Report for 'pool_Pipeline_CO_LOOP_H_LOOP_W_LOOP'
================================================================
* Date:           Sat Mar  7 18:28:20 2026

* Version:        2025.2 (Build 6295257 on Nov 14 2025)
* Project:        top
* Solution:       hls (Vivado IP Flow Target)
* Product family: zynq
* Target device:  xc7z020-clg484-1


================================================================
== Performance Estimates
================================================================
+ Timing: 
    * Summary: 
    +--------+----------+----------+------------+
    |  Clock |  Target  | Estimated| Uncertainty|
    +--------+----------+----------+------------+
    |ap_clk  |  10.00 ns|  8.750 ns|     1.25 ns|
    +--------+----------+----------+------------+

+ Latency: 
    * Summary: 
    +---------+---------+-----------+-----------+-----+-----+-------------------+
    |  Latency (cycles) |   Latency (absolute)  |  Interval |      Pipeline     |
    |   min   |   max   |    min    |    max    | min | max |        Type       |
    +---------+---------+-----------+-----------+-----+-----+-------------------+
    |     1586|     1586|  15.860 us|  15.860 us|    0|    0|  loop pipeline stp|
    +---------+---------+-----------+-----------+-----+-----+-------------------+

    + Detail: 
        * Instance: 
        N/A

        * Loop: 
        +-------------------------+---------+---------+----------+-----------+-----------+------+----------+
        |                         |  Latency (cycles) | Iteration|  Initiation Interval  | Trip |          |
        |        Loop Name        |   min   |   max   |  Latency |  achieved |   target  | Count| Pipelined|
        +-------------------------+---------+---------+----------+-----------+-----------+------+----------+
        |- CO_LOOP_H_LOOP_W_LOOP  |     1584|     1584|        18|          1|          1|  1568|       yes|
        +-------------------------+---------+---------+----------+-----------+-----------+------+----------+

============================================================
+ Verbose Summary: Synthesis Manager
============================================================
InlineROM: 1
ExposeGlobal: 0
============================================================
+ Verbose Summary: CDFG Model
============================================================
IsTopModel: 0
ResetActiveHigh: 1
IsCombinational: 0
IsDatapathOnly: 0
HasWiredReturn: 1
HasMFsm: 2
HasVarLatency: 1
IsPipeline: 0
IsRtlPipelined: 0
IsInstanceOverlapped: 0
IsDontTouch: 0
HasImplIP: 0
IsGatedGlobalClock: 0

+ Individual pipeline summary: 
  * Pipeline-0: initiation interval (II) = 1, depth = 18


============================================================
+ Verbose Summary: Schedule
============================================================
* Number of FSM states : 18
* Pipeline : 1
  Pipeline-0 : II = 1, D = 18, States = { 1 2 3 4 5 6 7 8 9 10 11 12 13 14 15 16 17 18 }
* Dataflow Pipeline: 0

* FSM state transitions: 
1 --> 2 
2 --> 3 
3 --> 4 
4 --> 5 
5 --> 6 
6 --> 7 
7 --> 8 
8 --> 9 
9 --> 10 
10 --> 11 
11 --> 12 
12 --> 13 
13 --> 14 
14 --> 15 
15 --> 16 
16 --> 17 
17 --> 18 
18 --> 

* FSM state operations: 

State 1 <SV = 0> <Delay = 4.81>
ST_1 : Operation 21 [1/1] (0.00ns)   --->   "%w = alloca i32 1" [../src/pool.cpp:25]   --->   Operation 21 'alloca' 'w' <Predicate = true> <Delay = 0.00>
ST_1 : Operation 22 [1/1] (0.00ns)   --->   "%h = alloca i32 1" [../src/pool.cpp:24]   --->   Operation 22 'alloca' 'h' <Predicate = true> <Delay = 0.00>
ST_1 : Operation 23 [1/1] (0.00ns)   --->   "%indvar_flatten = alloca i32 1"   --->   Operation 23 'alloca' 'indvar_flatten' <Predicate = true> <Delay = 0.00>
ST_1 : Operation 24 [1/1] (0.00ns)   --->   "%co = alloca i32 1" [../src/pool.cpp:23]   --->   Operation 24 'alloca' 'co' <Predicate = true> <Delay = 0.00>
ST_1 : Operation 25 [1/1] (0.00ns)   --->   "%indvar_flatten12 = alloca i32 1"   --->   Operation 25 'alloca' 'indvar_flatten12' <Predicate = true> <Delay = 0.00>
ST_1 : Operation 26 [1/1] (0.00ns)   --->   "%specmemcore_ln0 = specmemcore void @_ssdm_op_SpecMemCore, i8 %pool_ap_fixed_ap_fixed_8_5_5_3_0_int_int_int_int_int_local_input, i64 666, i64 22, i64 18446744073709551615, i1 0"   --->   Operation 26 'specmemcore' 'specmemcore_ln0' <Predicate = true> <Delay = 0.00>
ST_1 : Operation 27 [1/1] (0.00ns)   --->   "%specmemcore_ln0 = specmemcore void @_ssdm_op_SpecMemCore, i8 %pool_ap_fixed_ap_fixed_8_5_5_3_0_int_int_int_int_int_local_input_1, i64 666, i64 22, i64 18446744073709551615, i1 0"   --->   Operation 27 'specmemcore' 'specmemcore_ln0' <Predicate = true> <Delay = 0.00>
ST_1 : Operation 28 [1/1] (0.00ns)   --->   "%specmemcore_ln0 = specmemcore void @_ssdm_op_SpecMemCore, i8 %pool_ap_fixed_ap_fixed_8_5_5_3_0_int_int_int_int_int_local_input_2, i64 666, i64 22, i64 18446744073709551615, i1 0"   --->   Operation 28 'specmemcore' 'specmemcore_ln0' <Predicate = true> <Delay = 0.00>
ST_1 : Operation 29 [1/1] (0.00ns)   --->   "%specmemcore_ln0 = specmemcore void @_ssdm_op_SpecMemCore, i8 %pool_ap_fixed_ap_fixed_8_5_5_3_0_int_int_int_int_int_local_input_3, i64 666, i64 22, i64 18446744073709551615, i1 0"   --->   Operation 29 'specmemcore' 'specmemcore_ln0' <Predicate = true> <Delay = 0.00>
ST_1 : Operation 30 [1/1] (0.00ns)   --->   "%specmemcore_ln0 = specmemcore void @_ssdm_op_SpecMemCore, i8 %pool_ap_fixed_ap_fixed_8_5_5_3_0_int_int_int_int_int_local_input_4, i64 666, i64 22, i64 18446744073709551615, i1 0"   --->   Operation 30 'specmemcore' 'specmemcore_ln0' <Predicate = true> <Delay = 0.00>
ST_1 : Operation 31 [1/1] (0.00ns)   --->   "%specinterface_ln0 = specinterface void @_ssdm_op_SpecInterface, i8 %gmem0, void @empty_7, i32 0, i32 0, void @empty_8, i32 0, i32 848, void @empty_34, void @empty_20, void @empty_8, i32 16, i32 16, i32 16, i32 16, void @empty_8, void @empty_8, i32 4294967295, i32 0, i32 0, i32 1"   --->   Operation 31 'specinterface' 'specinterface_ln0' <Predicate = true> <Delay = 0.00>
ST_1 : Operation 32 [1/1] (0.00ns)   --->   "%outputPool_read = read i64 @_ssdm_op_Read.ap_auto.i64, i64 %outputPool"   --->   Operation 32 'read' 'outputPool_read' <Predicate = true> <Delay = 0.00>
ST_1 : Operation 33 [1/1] (1.58ns)   --->   "%store_ln0 = store i11 0, i11 %indvar_flatten12"   --->   Operation 33 'store' 'store_ln0' <Predicate = true> <Delay = 1.58>
ST_1 : Operation 34 [1/1] (1.58ns)   --->   "%store_ln23 = store i4 0, i4 %co" [../src/pool.cpp:23]   --->   Operation 34 'store' 'store_ln23' <Predicate = true> <Delay = 1.58>
ST_1 : Operation 35 [1/1] (1.58ns)   --->   "%store_ln0 = store i8 0, i8 %indvar_flatten"   --->   Operation 35 'store' 'store_ln0' <Predicate = true> <Delay = 1.58>
ST_1 : Operation 36 [1/1] (1.58ns)   --->   "%store_ln24 = store i4 0, i4 %h" [../src/pool.cpp:24]   --->   Operation 36 'store' 'store_ln24' <Predicate = true> <Delay = 1.58>
ST_1 : Operation 37 [1/1] (1.58ns)   --->   "%store_ln25 = store i4 0, i4 %w" [../src/pool.cpp:25]   --->   Operation 37 'store' 'store_ln25' <Predicate = true> <Delay = 1.58>
ST_1 : Operation 38 [1/1] (0.00ns)   --->   "%br_ln0 = br void %if.end.i.i.i"   --->   Operation 38 'br' 'br_ln0' <Predicate = true> <Delay = 0.00>
ST_1 : Operation 39 [1/1] (0.00ns)   --->   "%indvar_flatten12_load = load i11 %indvar_flatten12" [../src/pool.cpp:23]   --->   Operation 39 'load' 'indvar_flatten12_load' <Predicate = true> <Delay = 0.00>
ST_1 : Operation 40 [1/1] (1.63ns)   --->   "%icmp_ln23 = icmp_eq  i11 %indvar_flatten12_load, i11 1568" [../src/pool.cpp:23]   --->   Operation 40 'icmp' 'icmp_ln23' <Predicate = true> <Delay = 1.63> <CoreInst = "Cmp">   --->   Core 9 'Cmp' <Latency = 0> <II = 1> <Delay = 1.63> <FuncUnit> <Opcode : 'seteq' 'setne' 'setle' 'setge' 'setlt' 'setgt'> <InPorts = 2> <OutPorts = 1>
ST_1 : Operation 41 [1/1] (1.63ns)   --->   "%add_ln23 = add i11 %indvar_flatten12_load, i11 1" [../src/pool.cpp:23]   --->   Operation 41 'add' 'add_ln23' <Predicate = true> <Delay = 1.63> <CoreInst = "Adder">   --->   Core 1 'Adder' <Latency = 0> <II = 1> <Delay = 1.63> <FuncUnit> <Opcode : 'add' 'sub'> <InPorts = 2> <OutPorts = 1>
ST_1 : Operation 42 [1/1] (0.00ns)   --->   "%br_ln23 = br i1 %icmp_ln23, void %for.inc57, void %for.end59.exitStub" [../src/pool.cpp:23]   --->   Operation 42 'br' 'br_ln23' <Predicate = true> <Delay = 0.00>
ST_1 : Operation 43 [1/1] (1.58ns)   --->   "%store_ln23 = store i11 %add_ln23, i11 %indvar_flatten12" [../src/pool.cpp:23]   --->   Operation 43 'store' 'store_ln23' <Predicate = (!icmp_ln23)> <Delay = 1.58>

State 2 <SV = 1> <Delay = 7.28>
ST_2 : Operation 44 [1/1] (0.00ns)   --->   "%w_load = load i4 %w" [../src/pool.cpp:25]   --->   Operation 44 'load' 'w_load' <Predicate = true> <Delay = 0.00>
ST_2 : Operation 45 [1/1] (0.00ns)   --->   "%h_load = load i4 %h" [../src/pool.cpp:23]   --->   Operation 45 'load' 'h_load' <Predicate = true> <Delay = 0.00>
ST_2 : Operation 46 [1/1] (0.00ns)   --->   "%indvar_flatten_load = load i8 %indvar_flatten" [../src/pool.cpp:24]   --->   Operation 46 'load' 'indvar_flatten_load' <Predicate = true> <Delay = 0.00>
ST_2 : Operation 47 [1/1] (0.00ns)   --->   "%co_load = load i4 %co" [../src/pool.cpp:23]   --->   Operation 47 'load' 'co_load' <Predicate = true> <Delay = 0.00>
ST_2 : Operation 48 [1/1] (1.91ns)   --->   "%icmp_ln24 = icmp_eq  i8 %indvar_flatten_load, i8 196" [../src/pool.cpp:24]   --->   Operation 48 'icmp' 'icmp_ln24' <Predicate = true> <Delay = 1.91> <CoreInst = "Cmp">   --->   Core 9 'Cmp' <Latency = 0> <II = 1> <Delay = 1.91> <FuncUnit> <Opcode : 'seteq' 'setne' 'setle' 'setge' 'setlt' 'setgt'> <InPorts = 2> <OutPorts = 1>
ST_2 : Operation 49 [1/1] (1.02ns)   --->   "%select_ln23 = select i1 %icmp_ln24, i4 0, i4 %h_load" [../src/pool.cpp:23]   --->   Operation 49 'select' 'select_ln23' <Predicate = true> <Delay = 1.02> <CoreInst = "Sel">   --->   Core 73 'Sel' <Latency = 0> <II = 1> <Delay = 1.02> <FuncUnit> <Opcode : 'select'> <InPorts = 3> <OutPorts = 1>
ST_2 : Operation 50 [1/1] (0.00ns) (grouped into LUT with out node and_ln23)   --->   "%xor_ln23 = xor i1 %icmp_ln24, i1 1" [../src/pool.cpp:23]   --->   Operation 50 'xor' 'xor_ln23' <Predicate = true> <Delay = 0.00> <CoreInst = "LogicGate">   --->   Core 74 'LogicGate' <Latency = 0> <II = 1> <Delay = 0.97> <FuncUnit> <Opcode : 'and' 'or' 'xor'> <InPorts = 2> <OutPorts = 1>
ST_2 : Operation 51 [1/1] (1.73ns)   --->   "%icmp_ln25 = icmp_eq  i4 %w_load, i4 14" [../src/pool.cpp:25]   --->   Operation 51 'icmp' 'icmp_ln25' <Predicate = true> <Delay = 1.73> <CoreInst = "Cmp">   --->   Core 9 'Cmp' <Latency = 0> <II = 1> <Delay = 1.73> <FuncUnit> <Opcode : 'seteq' 'setne' 'setle' 'setge' 'setlt' 'setgt'> <InPorts = 2> <OutPorts = 1>
ST_2 : Operation 52 [1/1] (0.97ns) (out node of the LUT)   --->   "%and_ln23 = and i1 %icmp_ln25, i1 %xor_ln23" [../src/pool.cpp:23]   --->   Operation 52 'and' 'and_ln23' <Predicate = true> <Delay = 0.97> <CoreInst = "LogicGate">   --->   Core 74 'LogicGate' <Latency = 0> <II = 1> <Delay = 0.97> <FuncUnit> <Opcode : 'and' 'or' 'xor'> <InPorts = 2> <OutPorts = 1>
ST_2 : Operation 53 [1/1] (1.73ns)   --->   "%add_ln23_1 = add i4 %co_load, i4 1" [../src/pool.cpp:23]   --->   Operation 53 'add' 'add_ln23_1' <Predicate = true> <Delay = 1.73> <CoreInst = "Adder">   --->   Core 1 'Adder' <Latency = 0> <II = 1> <Delay = 1.73> <FuncUnit> <Opcode : 'add' 'sub'> <InPorts = 2> <OutPorts = 1>
ST_2 : Operation 54 [1/1] (1.02ns)   --->   "%select_ln23_1 = select i1 %icmp_ln24, i4 %add_ln23_1, i4 %co_load" [../src/pool.cpp:23]   --->   Operation 54 'select' 'select_ln23_1' <Predicate = true> <Delay = 1.02> <CoreInst = "Sel">   --->   Core 73 'Sel' <Latency = 0> <II = 1> <Delay = 1.02> <FuncUnit> <Opcode : 'select'> <InPorts = 3> <OutPorts = 1>
ST_2 : Operation 55 [1/1] (1.73ns)   --->   "%add_ln24 = add i4 %select_ln23, i4 1" [../src/pool.cpp:24]   --->   Operation 55 'add' 'add_ln24' <Predicate = true> <Delay = 1.73> <CoreInst = "Adder">   --->   Core 1 'Adder' <Latency = 0> <II = 1> <Delay = 1.73> <FuncUnit> <Opcode : 'add' 'sub'> <InPorts = 2> <OutPorts = 1>
ST_2 : Operation 56 [1/1] (0.00ns) (grouped into LUT with out node w_mid2)   --->   "%empty = or i1 %and_ln23, i1 %icmp_ln24" [../src/pool.cpp:23]   --->   Operation 56 'or' 'empty' <Predicate = true> <Delay = 0.00> <CoreInst = "LogicGate">   --->   Core 74 'LogicGate' <Latency = 0> <II = 1> <Delay = 0.97> <FuncUnit> <Opcode : 'and' 'or' 'xor'> <InPorts = 2> <OutPorts = 1>
ST_2 : Operation 57 [1/1] (1.02ns) (out node of the LUT)   --->   "%w_mid2 = select i1 %empty, i4 0, i4 %w_load" [../src/pool.cpp:23]   --->   Operation 57 'select' 'w_mid2' <Predicate = true> <Delay = 1.02> <CoreInst = "Sel">   --->   Core 73 'Sel' <Latency = 0> <II = 1> <Delay = 1.02> <FuncUnit> <Opcode : 'select'> <InPorts = 3> <OutPorts = 1>
ST_2 : Operation 58 [1/1] (1.02ns)   --->   "%select_ln24 = select i1 %and_ln23, i4 %add_ln24, i4 %select_ln23" [../src/pool.cpp:24]   --->   Operation 58 'select' 'select_ln24' <Predicate = true> <Delay = 1.02> <CoreInst = "Sel">   --->   Core 73 'Sel' <Latency = 0> <II = 1> <Delay = 1.02> <FuncUnit> <Opcode : 'select'> <InPorts = 3> <OutPorts = 1>
ST_2 : Operation 59 [1/1] (0.00ns)   --->   "%zext_ln34 = zext i4 %select_ln23_1" [../src/pool.cpp:34]   --->   Operation 59 'zext' 'zext_ln34' <Predicate = true> <Delay = 0.00>
ST_2 : Operation 60 [1/1] (0.00ns)   --->   "%trunc_ln34 = trunc i4 %select_ln23_1" [../src/pool.cpp:34]   --->   Operation 60 'trunc' 'trunc_ln34' <Predicate = true> <Delay = 0.00>
ST_2 : Operation 61 [1/1] (0.00ns)   --->   "%p_shl1 = bitconcatenate i6 @_ssdm_op_BitConcatenate.i6.i3.i3, i3 %trunc_ln34, i3 0" [../src/pool.cpp:34]   --->   Operation 61 'bitconcatenate' 'p_shl1' <Predicate = true> <Delay = 0.00>
ST_2 : Operation 62 [1/1] (1.82ns)   --->   "%add_ln34_1 = add i6 %p_shl1, i6 %zext_ln34" [../src/pool.cpp:34]   --->   Operation 62 'add' 'add_ln34_1' <Predicate = true> <Delay = 1.82> <CoreInst = "Adder">   --->   Core 1 'Adder' <Latency = 0> <II = 1> <Delay = 1.82> <FuncUnit> <Opcode : 'add' 'sub'> <InPorts = 2> <OutPorts = 1>
ST_2 : Operation 63 [1/1] (1.73ns)   --->   "%add_ln25 = add i4 %w_mid2, i4 1" [../src/pool.cpp:25]   --->   Operation 63 'add' 'add_ln25' <Predicate = true> <Delay = 1.73> <CoreInst = "Adder">   --->   Core 1 'Adder' <Latency = 0> <II = 1> <Delay = 1.73> <FuncUnit> <Opcode : 'add' 'sub'> <InPorts = 2> <OutPorts = 1>
ST_2 : Operation 64 [1/1] (1.91ns)   --->   "%add_ln24_1 = add i8 %indvar_flatten_load, i8 1" [../src/pool.cpp:24]   --->   Operation 64 'add' 'add_ln24_1' <Predicate = true> <Delay = 1.91> <CoreInst = "Adder">   --->   Core 1 'Adder' <Latency = 0> <II = 1> <Delay = 1.91> <FuncUnit> <Opcode : 'add' 'sub'> <InPorts = 2> <OutPorts = 1>
ST_2 : Operation 65 [1/1] (1.24ns)   --->   "%select_ln24_1 = select i1 %icmp_ln24, i8 1, i8 %add_ln24_1" [../src/pool.cpp:24]   --->   Operation 65 'select' 'select_ln24_1' <Predicate = true> <Delay = 1.24> <CoreInst = "Sel">   --->   Core 73 'Sel' <Latency = 0> <II = 1> <Delay = 1.24> <FuncUnit> <Opcode : 'select'> <InPorts = 3> <OutPorts = 1>
ST_2 : Operation 66 [1/1] (1.58ns)   --->   "%store_ln23 = store i4 %select_ln23_1, i4 %co" [../src/pool.cpp:23]   --->   Operation 66 'store' 'store_ln23' <Predicate = true> <Delay = 1.58>
ST_2 : Operation 67 [1/1] (1.58ns)   --->   "%store_ln24 = store i8 %select_ln24_1, i8 %indvar_flatten" [../src/pool.cpp:24]   --->   Operation 67 'store' 'store_ln24' <Predicate = true> <Delay = 1.58>
ST_2 : Operation 68 [1/1] (1.58ns)   --->   "%store_ln24 = store i4 %select_ln24, i4 %h" [../src/pool.cpp:24]   --->   Operation 68 'store' 'store_ln24' <Predicate = true> <Delay = 1.58>
ST_2 : Operation 69 [1/1] (1.58ns)   --->   "%store_ln25 = store i4 %add_ln25, i4 %w" [../src/pool.cpp:25]   --->   Operation 69 'store' 'store_ln25' <Predicate = true> <Delay = 1.58>

State 3 <SV = 2> <Delay = 8.12>
ST_3 : Operation 70 [1/1] (0.00ns)   --->   "%zext_ln34_1 = zext i6 %add_ln34_1" [../src/pool.cpp:34]   --->   Operation 70 'zext' 'zext_ln34_1' <Predicate = true> <Delay = 0.00>
ST_3 : Operation 71 [1/1] (0.00ns)   --->   "%p_shl2 = bitconcatenate i7 @_ssdm_op_BitConcatenate.i7.i4.i3, i4 %select_ln24, i3 0" [../src/pool.cpp:34]   --->   Operation 71 'bitconcatenate' 'p_shl2' <Predicate = true> <Delay = 0.00>
ST_3 : Operation 72 [1/1] (0.00ns)   --->   "%tmp = bitconcatenate i5 @_ssdm_op_BitConcatenate.i5.i4.i1, i4 %select_ln24, i1 0" [../src/pool.cpp:34]   --->   Operation 72 'bitconcatenate' 'tmp' <Predicate = true> <Delay = 0.00>
ST_3 : Operation 73 [1/1] (0.00ns)   --->   "%zext_ln34_2 = zext i5 %tmp" [../src/pool.cpp:34]   --->   Operation 73 'zext' 'zext_ln34_2' <Predicate = true> <Delay = 0.00>
ST_3 : Operation 74 [1/1] (1.87ns)   --->   "%sub_ln34 = sub i7 %p_shl2, i7 %zext_ln34_2" [../src/pool.cpp:34]   --->   Operation 74 'sub' 'sub_ln34' <Predicate = true> <Delay = 1.87> <CoreInst = "Adder">   --->   Core 1 'Adder' <Latency = 0> <II = 1> <Delay = 1.87> <FuncUnit> <Opcode : 'add' 'sub'> <InPorts = 2> <OutPorts = 1>
ST_3 : Operation 75 [1/1] (0.00ns)   --->   "%zext_ln34_3 = zext i7 %sub_ln34" [../src/pool.cpp:34]   --->   Operation 75 'zext' 'zext_ln34_3' <Predicate = true> <Delay = 0.00>
ST_3 : Operation 76 [1/1] (0.00ns)   --->   "%p_shl = bitconcatenate i10 @_ssdm_op_BitConcatenate.i10.i4.i6, i4 %select_ln24, i6 0" [../src/pool.cpp:34]   --->   Operation 76 'bitconcatenate' 'p_shl' <Predicate = true> <Delay = 0.00>
ST_3 : Operation 77 [1/1] (0.00ns)   --->   "%zext_ln34_4 = zext i7 %p_shl2" [../src/pool.cpp:34]   --->   Operation 77 'zext' 'zext_ln34_4' <Predicate = true> <Delay = 0.00>
ST_3 : Operation 78 [1/1] (1.73ns)   --->   "%sub_ln34_1 = sub i10 %p_shl, i10 %zext_ln34_4" [../src/pool.cpp:34]   --->   Operation 78 'sub' 'sub_ln34_1' <Predicate = true> <Delay = 1.73> <CoreInst = "Adder">   --->   Core 1 'Adder' <Latency = 0> <II = 1> <Delay = 1.73> <FuncUnit> <Opcode : 'add' 'sub'> <InPorts = 2> <OutPorts = 1>
ST_3 : Operation 79 [1/1] (0.00ns)   --->   "%shl_ln = bitconcatenate i5 @_ssdm_op_BitConcatenate.i5.i4.i1, i4 %w_mid2, i1 0" [../src/pool.cpp:33]   --->   Operation 79 'bitconcatenate' 'shl_ln' <Predicate = true> <Delay = 0.00>
ST_3 : Operation 80 [1/1] (0.00ns)   --->   "%zext_ln34_8 = zext i5 %shl_ln" [../src/pool.cpp:34]   --->   Operation 80 'zext' 'zext_ln34_8' <Predicate = true> <Delay = 0.00>
ST_3 : Operation 81 [1/1] (1.82ns)   --->   "%add_ln34_4 = add i7 %zext_ln34_1, i7 %zext_ln34_8" [../src/pool.cpp:34]   --->   Operation 81 'add' 'add_ln34_4' <Predicate = true> <Delay = 1.82> <CoreInst = "Adder">   --->   Core 1 'Adder' <Latency = 0> <II = 1> <Delay = 1.82> <FuncUnit> <Opcode : 'add' 'sub'> <InPorts = 2> <OutPorts = 1>
ST_3 : Operation 82 [1/1] (0.00ns)   --->   "%zext_ln34_9 = zext i7 %add_ln34_4" [../src/pool.cpp:34]   --->   Operation 82 'zext' 'zext_ln34_9' <Predicate = true> <Delay = 0.00>
ST_3 : Operation 83 [1/1] (1.87ns)   --->   "%add_ln34_5 = add i8 %zext_ln34_9, i8 %zext_ln34_3" [../src/pool.cpp:34]   --->   Operation 83 'add' 'add_ln34_5' <Predicate = true> <Delay = 1.87> <CoreInst = "Adder">   --->   Core 1 'Adder' <Latency = 0> <II = 1> <Delay = 1.87> <FuncUnit> <Opcode : 'add' 'sub'> <InPorts = 2> <OutPorts = 1>
ST_3 : Operation 84 [12/12] (4.38ns)   --->   "%urem_ln36 = urem i8 %add_ln34_5, i8 5" [../src/pool.cpp:36]   --->   Operation 84 'urem' 'urem_ln36' <Predicate = true> <Delay = 4.38> <CoreInst = "Divider">   --->   Core 6 'Divider' <Latency = 11> <II = 1> <Delay = 4.38> <FuncUnit> <Opcode : 'udiv' 'sdiv' 'urem' 'srem'> <InPorts = 2> <OutPorts = 1>

State 4 <SV = 3> <Delay = 4.38>
ST_4 : Operation 85 [11/12] (4.38ns)   --->   "%urem_ln36 = urem i8 %add_ln34_5, i8 5" [../src/pool.cpp:36]   --->   Operation 85 'urem' 'urem_ln36' <Predicate = true> <Delay = 4.38> <CoreInst = "Divider">   --->   Core 6 'Divider' <Latency = 11> <II = 1> <Delay = 4.38> <FuncUnit> <Opcode : 'udiv' 'sdiv' 'urem' 'srem'> <InPorts = 2> <OutPorts = 1>

State 5 <SV = 4> <Delay = 4.38>
ST_5 : Operation 86 [10/12] (4.38ns)   --->   "%urem_ln36 = urem i8 %add_ln34_5, i8 5" [../src/pool.cpp:36]   --->   Operation 86 'urem' 'urem_ln36' <Predicate = true> <Delay = 4.38> <CoreInst = "Divider">   --->   Core 6 'Divider' <Latency = 11> <II = 1> <Delay = 4.38> <FuncUnit> <Opcode : 'udiv' 'sdiv' 'urem' 'srem'> <InPorts = 2> <OutPorts = 1>

State 6 <SV = 5> <Delay = 4.38>
ST_6 : Operation 87 [9/12] (4.38ns)   --->   "%urem_ln36 = urem i8 %add_ln34_5, i8 5" [../src/pool.cpp:36]   --->   Operation 87 'urem' 'urem_ln36' <Predicate = true> <Delay = 4.38> <CoreInst = "Divider">   --->   Core 6 'Divider' <Latency = 11> <II = 1> <Delay = 4.38> <FuncUnit> <Opcode : 'udiv' 'sdiv' 'urem' 'srem'> <InPorts = 2> <OutPorts = 1>

State 7 <SV = 6> <Delay = 4.38>
ST_7 : Operation 88 [8/12] (4.38ns)   --->   "%urem_ln36 = urem i8 %add_ln34_5, i8 5" [../src/pool.cpp:36]   --->   Operation 88 'urem' 'urem_ln36' <Predicate = true> <Delay = 4.38> <CoreInst = "Divider">   --->   Core 6 'Divider' <Latency = 11> <II = 1> <Delay = 4.38> <FuncUnit> <Opcode : 'udiv' 'sdiv' 'urem' 'srem'> <InPorts = 2> <OutPorts = 1>

State 8 <SV = 7> <Delay = 4.38>
ST_8 : Operation 89 [7/12] (4.38ns)   --->   "%urem_ln36 = urem i8 %add_ln34_5, i8 5" [../src/pool.cpp:36]   --->   Operation 89 'urem' 'urem_ln36' <Predicate = true> <Delay = 4.38> <CoreInst = "Divider">   --->   Core 6 'Divider' <Latency = 11> <II = 1> <Delay = 4.38> <FuncUnit> <Opcode : 'udiv' 'sdiv' 'urem' 'srem'> <InPorts = 2> <OutPorts = 1>

State 9 <SV = 8> <Delay = 4.38>
ST_9 : Operation 90 [6/12] (4.38ns)   --->   "%urem_ln36 = urem i8 %add_ln34_5, i8 5" [../src/pool.cpp:36]   --->   Operation 90 'urem' 'urem_ln36' <Predicate = true> <Delay = 4.38> <CoreInst = "Divider">   --->   Core 6 'Divider' <Latency = 11> <II = 1> <Delay = 4.38> <FuncUnit> <Opcode : 'udiv' 'sdiv' 'urem' 'srem'> <InPorts = 2> <OutPorts = 1>

State 10 <SV = 9> <Delay = 4.38>
ST_10 : Operation 91 [5/12] (4.38ns)   --->   "%urem_ln36 = urem i8 %add_ln34_5, i8 5" [../src/pool.cpp:36]   --->   Operation 91 'urem' 'urem_ln36' <Predicate = true> <Delay = 4.38> <CoreInst = "Divider">   --->   Core 6 'Divider' <Latency = 11> <II = 1> <Delay = 4.38> <FuncUnit> <Opcode : 'udiv' 'sdiv' 'urem' 'srem'> <InPorts = 2> <OutPorts = 1>

State 11 <SV = 10> <Delay = 4.38>
ST_11 : Operation 92 [4/12] (4.38ns)   --->   "%urem_ln36 = urem i8 %add_ln34_5, i8 5" [../src/pool.cpp:36]   --->   Operation 92 'urem' 'urem_ln36' <Predicate = true> <Delay = 4.38> <CoreInst = "Divider">   --->   Core 6 'Divider' <Latency = 11> <II = 1> <Delay = 4.38> <FuncUnit> <Opcode : 'udiv' 'sdiv' 'urem' 'srem'> <InPorts = 2> <OutPorts = 1>

State 12 <SV = 11> <Delay = 4.38>
ST_12 : Operation 93 [3/12] (4.38ns)   --->   "%urem_ln36 = urem i8 %add_ln34_5, i8 5" [../src/pool.cpp:36]   --->   Operation 93 'urem' 'urem_ln36' <Predicate = true> <Delay = 4.38> <CoreInst = "Divider">   --->   Core 6 'Divider' <Latency = 11> <II = 1> <Delay = 4.38> <FuncUnit> <Opcode : 'udiv' 'sdiv' 'urem' 'srem'> <InPorts = 2> <OutPorts = 1>

State 13 <SV = 12> <Delay = 7.30>
ST_13 : Operation 94 [1/1] (0.00ns)   --->   "%zext_ln24 = zext i4 %select_ln23_1" [../src/pool.cpp:24]   --->   Operation 94 'zext' 'zext_ln24' <Predicate = true> <Delay = 0.00>
ST_13 : Operation 95 [1/1] (5.63ns)   --->   "%mul_ln24 = mul i13 %zext_ln24, i13 784" [../src/pool.cpp:24]   --->   Operation 95 'mul' 'mul_ln24' <Predicate = true> <Delay = 5.63> <CoreInst = "Multiplier">   --->   Core 3 'Multiplier' <Latency = 0> <II = 1> <Delay = 5.63> <FuncUnit> <Opcode : 'mul'> <InPorts = 2> <OutPorts = 1>
ST_13 : Operation 96 [1/1] (0.00ns)   --->   "%zext_ln34_5 = zext i10 %sub_ln34_1" [../src/pool.cpp:34]   --->   Operation 96 'zext' 'zext_ln34_5' <Predicate = true> <Delay = 0.00>
ST_13 : Operation 97 [1/1] (1.67ns)   --->   "%add_ln34 = add i13 %zext_ln34_5, i13 %mul_ln24" [../src/pool.cpp:34]   --->   Operation 97 'add' 'add_ln34' <Predicate = true> <Delay = 1.67> <CoreInst = "Adder">   --->   Core 1 'Adder' <Latency = 0> <II = 1> <Delay = 1.67> <FuncUnit> <Opcode : 'add' 'sub'> <InPorts = 2> <OutPorts = 1>
ST_13 : Operation 98 [1/1] (1.73ns)   --->   "%add_ln34_2 = add i10 %sub_ln34_1, i10 28" [../src/pool.cpp:34]   --->   Operation 98 'add' 'add_ln34_2' <Predicate = true> <Delay = 1.73> <CoreInst = "Adder">   --->   Core 1 'Adder' <Latency = 0> <II = 1> <Delay = 1.73> <FuncUnit> <Opcode : 'add' 'sub'> <InPorts = 2> <OutPorts = 1>
ST_13 : Operation 99 [1/1] (0.00ns)   --->   "%zext_ln34_6 = zext i10 %add_ln34_2" [../src/pool.cpp:34]   --->   Operation 99 'zext' 'zext_ln34_6' <Predicate = true> <Delay = 0.00>
ST_13 : Operation 100 [1/1] (1.67ns)   --->   "%add_ln34_3 = add i13 %zext_ln34_6, i13 %mul_ln24" [../src/pool.cpp:34]   --->   Operation 100 'add' 'add_ln34_3' <Predicate = true> <Delay = 1.67> <CoreInst = "Adder">   --->   Core 1 'Adder' <Latency = 0> <II = 1> <Delay = 1.67> <FuncUnit> <Opcode : 'add' 'sub'> <InPorts = 2> <OutPorts = 1>
ST_13 : Operation 101 [2/12] (4.38ns)   --->   "%urem_ln36 = urem i8 %add_ln34_5, i8 5" [../src/pool.cpp:36]   --->   Operation 101 'urem' 'urem_ln36' <Predicate = true> <Delay = 4.38> <CoreInst = "Divider">   --->   Core 6 'Divider' <Latency = 11> <II = 1> <Delay = 4.38> <FuncUnit> <Opcode : 'udiv' 'sdiv' 'urem' 'srem'> <InPorts = 2> <OutPorts = 1>

State 14 <SV = 13> <Delay = 7.26>
ST_14 : Operation 102 [1/1] (0.00ns)   --->   "%zext_ln34_7 = zext i5 %shl_ln" [../src/pool.cpp:34]   --->   Operation 102 'zext' 'zext_ln34_7' <Predicate = true> <Delay = 0.00>
ST_14 : Operation 103 [1/1] (1.67ns)   --->   "%add_ln34_6 = add i13 %zext_ln34_7, i13 %add_ln34" [../src/pool.cpp:34]   --->   Operation 103 'add' 'add_ln34_6' <Predicate = true> <Delay = 1.67> <CoreInst = "Adder">   --->   Core 1 'Adder' <Latency = 0> <II = 1> <Delay = 1.67> <FuncUnit> <Opcode : 'add' 'sub'> <InPorts = 2> <OutPorts = 1>
ST_14 : Operation 104 [1/1] (0.00ns)   --->   "%zext_ln36_1 = zext i13 %add_ln34_6" [../src/pool.cpp:36]   --->   Operation 104 'zext' 'zext_ln36_1' <Predicate = true> <Delay = 0.00>
ST_14 : Operation 105 [1/1] (5.59ns)   --->   "%mul_ln36 = mul i27 %zext_ln36_1, i27 13108" [../src/pool.cpp:36]   --->   Operation 105 'mul' 'mul_ln36' <Predicate = true> <Delay = 5.59> <CoreInst = "Multiplier">   --->   Core 3 'Multiplier' <Latency = 0> <II = 1> <Delay = 5.59> <FuncUnit> <Opcode : 'mul'> <InPorts = 2> <OutPorts = 1>
ST_14 : Operation 106 [1/1] (0.00ns)   --->   "%tmp_1 = partselect i11 @_ssdm_op_PartSelect.i11.i27.i32.i32, i27 %mul_ln36, i32 16, i32 26" [../src/pool.cpp:36]   --->   Operation 106 'partselect' 'tmp_1' <Predicate = true> <Delay = 0.00>
ST_14 : Operation 107 [1/12] (4.38ns)   --->   "%urem_ln36 = urem i8 %add_ln34_5, i8 5" [../src/pool.cpp:36]   --->   Operation 107 'urem' 'urem_ln36' <Predicate = true> <Delay = 4.38> <CoreInst = "Divider">   --->   Core 6 'Divider' <Latency = 11> <II = 1> <Delay = 4.38> <FuncUnit> <Opcode : 'udiv' 'sdiv' 'urem' 'srem'> <InPorts = 2> <OutPorts = 1>
ST_14 : Operation 108 [1/1] (0.00ns)   --->   "%trunc_ln36 = trunc i3 %urem_ln36" [../src/pool.cpp:36]   --->   Operation 108 'trunc' 'trunc_ln36' <Predicate = true> <Delay = 0.00>
ST_14 : Operation 109 [1/1] (0.00ns)   --->   "%or_ln = bitconcatenate i5 @_ssdm_op_BitConcatenate.i5.i4.i1, i4 %w_mid2, i1 1" [../src/pool.cpp:33]   --->   Operation 109 'bitconcatenate' 'or_ln' <Predicate = true> <Delay = 0.00>
ST_14 : Operation 110 [1/1] (0.00ns)   --->   "%zext_ln34_10 = zext i5 %or_ln" [../src/pool.cpp:34]   --->   Operation 110 'zext' 'zext_ln34_10' <Predicate = true> <Delay = 0.00>
ST_14 : Operation 111 [1/1] (1.67ns)   --->   "%add_ln34_7 = add i13 %zext_ln34_10, i13 %add_ln34" [../src/pool.cpp:34]   --->   Operation 111 'add' 'add_ln34_7' <Predicate = true> <Delay = 1.67> <CoreInst = "Adder">   --->   Core 1 'Adder' <Latency = 0> <II = 1> <Delay = 1.67> <FuncUnit> <Opcode : 'add' 'sub'> <InPorts = 2> <OutPorts = 1>
ST_14 : Operation 112 [1/1] (0.00ns)   --->   "%zext_ln36_2 = zext i13 %add_ln34_7" [../src/pool.cpp:36]   --->   Operation 112 'zext' 'zext_ln36_2' <Predicate = true> <Delay = 0.00>
ST_14 : Operation 113 [1/1] (5.59ns)   --->   "%mul_ln36_1 = mul i27 %zext_ln36_2, i27 13108" [../src/pool.cpp:36]   --->   Operation 113 'mul' 'mul_ln36_1' <Predicate = true> <Delay = 5.59> <CoreInst = "Multiplier">   --->   Core 3 'Multiplier' <Latency = 0> <II = 1> <Delay = 5.59> <FuncUnit> <Opcode : 'mul'> <InPorts = 2> <OutPorts = 1>
ST_14 : Operation 114 [1/1] (0.00ns)   --->   "%tmp_2 = partselect i11 @_ssdm_op_PartSelect.i11.i27.i32.i32, i27 %mul_ln36_1, i32 16, i32 26" [../src/pool.cpp:36]   --->   Operation 114 'partselect' 'tmp_2' <Predicate = true> <Delay = 0.00>
ST_14 : Operation 115 [1/1] (1.67ns)   --->   "%add_ln34_8 = add i13 %zext_ln34_7, i13 %add_ln34_3" [../src/pool.cpp:34]   --->   Operation 115 'add' 'add_ln34_8' <Predicate = true> <Delay = 1.67> <CoreInst = "Adder">   --->   Core 1 'Adder' <Latency = 0> <II = 1> <Delay = 1.67> <FuncUnit> <Opcode : 'add' 'sub'> <InPorts = 2> <OutPorts = 1>
ST_14 : Operation 116 [1/1] (0.00ns)   --->   "%zext_ln36_4 = zext i13 %add_ln34_8" [../src/pool.cpp:36]   --->   Operation 116 'zext' 'zext_ln36_4' <Predicate = true> <Delay = 0.00>
ST_14 : Operation 117 [1/1] (5.59ns)   --->   "%mul_ln36_2 = mul i27 %zext_ln36_4, i27 13108" [../src/pool.cpp:36]   --->   Operation 117 'mul' 'mul_ln36_2' <Predicate = true> <Delay = 5.59> <CoreInst = "Multiplier">   --->   Core 3 'Multiplier' <Latency = 0> <II = 1> <Delay = 5.59> <FuncUnit> <Opcode : 'mul'> <InPorts = 2> <OutPorts = 1>
ST_14 : Operation 118 [1/1] (0.00ns)   --->   "%tmp_3 = partselect i11 @_ssdm_op_PartSelect.i11.i27.i32.i32, i27 %mul_ln36_2, i32 16, i32 26" [../src/pool.cpp:36]   --->   Operation 118 'partselect' 'tmp_3' <Predicate = true> <Delay = 0.00>
ST_14 : Operation 119 [1/1] (1.67ns)   --->   "%add_ln34_9 = add i13 %zext_ln34_10, i13 %add_ln34_3" [../src/pool.cpp:34]   --->   Operation 119 'add' 'add_ln34_9' <Predicate = true> <Delay = 1.67> <CoreInst = "Adder">   --->   Core 1 'Adder' <Latency = 0> <II = 1> <Delay = 1.67> <FuncUnit> <Opcode : 'add' 'sub'> <InPorts = 2> <OutPorts = 1>
ST_14 : Operation 120 [1/1] (0.00ns)   --->   "%zext_ln36_7 = zext i13 %add_ln34_9" [../src/pool.cpp:36]   --->   Operation 120 'zext' 'zext_ln36_7' <Predicate = true> <Delay = 0.00>
ST_14 : Operation 121 [1/1] (5.59ns)   --->   "%mul_ln36_3 = mul i27 %zext_ln36_7, i27 13108" [../src/pool.cpp:36]   --->   Operation 121 'mul' 'mul_ln36_3' <Predicate = true> <Delay = 5.59> <CoreInst = "Multiplier">   --->   Core 3 'Multiplier' <Latency = 0> <II = 1> <Delay = 5.59> <FuncUnit> <Opcode : 'mul'> <InPorts = 2> <OutPorts = 1>
ST_14 : Operation 122 [1/1] (0.00ns)   --->   "%tmp_4 = partselect i11 @_ssdm_op_PartSelect.i11.i27.i32.i32, i27 %mul_ln36_3, i32 16, i32 26" [../src/pool.cpp:36]   --->   Operation 122 'partselect' 'tmp_4' <Predicate = true> <Delay = 0.00>

State 15 <SV = 14> <Delay = 3.25>
ST_15 : Operation 123 [1/1] (0.00ns)   --->   "%zext_ln36 = zext i11 %tmp_1" [../src/pool.cpp:36]   --->   Operation 123 'zext' 'zext_ln36' <Predicate = true> <Delay = 0.00>
ST_15 : Operation 124 [1/1] (0.00ns)   --->   "%pool_ap_fixed_ap_fixed_8_5_5_3_0_int_int_int_int_int_local_input_4_addr = getelementptr i8 %pool_ap_fixed_ap_fixed_8_5_5_3_0_int_int_int_int_int_local_input_4, i64 0, i64 %zext_ln36" [../src/pool.cpp:36]   --->   Operation 124 'getelementptr' 'pool_ap_fixed_ap_fixed_8_5_5_3_0_int_int_int_int_int_local_input_4_addr' <Predicate = (trunc_ln36 == 0)> <Delay = 0.00>
ST_15 : Operation 125 [1/1] (0.00ns)   --->   "%pool_ap_fixed_ap_fixed_8_5_5_3_0_int_int_int_int_int_local_input_3_addr = getelementptr i8 %pool_ap_fixed_ap_fixed_8_5_5_3_0_int_int_int_int_int_local_input_3, i64 0, i64 %zext_ln36" [../src/pool.cpp:36]   --->   Operation 125 'getelementptr' 'pool_ap_fixed_ap_fixed_8_5_5_3_0_int_int_int_int_int_local_input_3_addr' <Predicate = (trunc_ln36 == 1)> <Delay = 0.00>
ST_15 : Operation 126 [1/1] (0.00ns)   --->   "%pool_ap_fixed_ap_fixed_8_5_5_3_0_int_int_int_int_int_local_input_2_addr = getelementptr i8 %pool_ap_fixed_ap_fixed_8_5_5_3_0_int_int_int_int_int_local_input_2, i64 0, i64 %zext_ln36" [../src/pool.cpp:36]   --->   Operation 126 'getelementptr' 'pool_ap_fixed_ap_fixed_8_5_5_3_0_int_int_int_int_int_local_input_2_addr' <Predicate = (trunc_ln36 == 2)> <Delay = 0.00>
ST_15 : Operation 127 [1/1] (0.00ns)   --->   "%pool_ap_fixed_ap_fixed_8_5_5_3_0_int_int_int_int_int_local_input_1_addr = getelementptr i8 %pool_ap_fixed_ap_fixed_8_5_5_3_0_int_int_int_int_int_local_input_1, i64 0, i64 %zext_ln36" [../src/pool.cpp:36]   --->   Operation 127 'getelementptr' 'pool_ap_fixed_ap_fixed_8_5_5_3_0_int_int_int_int_int_local_input_1_addr' <Predicate = (trunc_ln36 == 3)> <Delay = 0.00>
ST_15 : Operation 128 [1/1] (0.00ns)   --->   "%pool_ap_fixed_ap_fixed_8_5_5_3_0_int_int_int_int_int_local_input_addr = getelementptr i8 %pool_ap_fixed_ap_fixed_8_5_5_3_0_int_int_int_int_int_local_input, i64 0, i64 %zext_ln36" [../src/pool.cpp:36]   --->   Operation 128 'getelementptr' 'pool_ap_fixed_ap_fixed_8_5_5_3_0_int_int_int_int_int_local_input_addr' <Predicate = (trunc_ln36 == 4)> <Delay = 0.00>
ST_15 : Operation 129 [2/2] (3.25ns)   --->   "%pool_ap_fixed_ap_fixed_8_5_5_3_0_int_int_int_int_int_local_input_4_load = load i11 %pool_ap_fixed_ap_fixed_8_5_5_3_0_int_int_int_int_int_local_input_4_addr" [../src/pool.cpp:36]   --->   Operation 129 'load' 'pool_ap_fixed_ap_fixed_8_5_5_3_0_int_int_int_int_int_local_input_4_load' <Predicate = (trunc_ln36 == 0)> <Delay = 3.25> <CoreInst = "RAM_2P_BRAM">   --->   Core 90 'RAM_2P_BRAM' <Latency = 1> <II = 1> <Delay = 3.25> <Storage> <Opcode : 'load' 'store'> <Ports = 2> <Width = 8> <Depth = 1255> <RAM>
ST_15 : Operation 130 [2/2] (3.25ns)   --->   "%pool_ap_fixed_ap_fixed_8_5_5_3_0_int_int_int_int_int_local_input_3_load = load i11 %pool_ap_fixed_ap_fixed_8_5_5_3_0_int_int_int_int_int_local_input_3_addr" [../src/pool.cpp:36]   --->   Operation 130 'load' 'pool_ap_fixed_ap_fixed_8_5_5_3_0_int_int_int_int_int_local_input_3_load' <Predicate = (trunc_ln36 == 1)> <Delay = 3.25> <CoreInst = "RAM_2P_BRAM">   --->   Core 90 'RAM_2P_BRAM' <Latency = 1> <II = 1> <Delay = 3.25> <Storage> <Opcode : 'load' 'store'> <Ports = 2> <Width = 8> <Depth = 1255> <RAM>
ST_15 : Operation 131 [2/2] (3.25ns)   --->   "%pool_ap_fixed_ap_fixed_8_5_5_3_0_int_int_int_int_int_local_input_2_load = load i11 %pool_ap_fixed_ap_fixed_8_5_5_3_0_int_int_int_int_int_local_input_2_addr" [../src/pool.cpp:36]   --->   Operation 131 'load' 'pool_ap_fixed_ap_fixed_8_5_5_3_0_int_int_int_int_int_local_input_2_load' <Predicate = (trunc_ln36 == 2)> <Delay = 3.25> <CoreInst = "RAM_2P_BRAM">   --->   Core 90 'RAM_2P_BRAM' <Latency = 1> <II = 1> <Delay = 3.25> <Storage> <Opcode : 'load' 'store'> <Ports = 2> <Width = 8> <Depth = 1255> <RAM>
ST_15 : Operation 132 [2/2] (3.25ns)   --->   "%pool_ap_fixed_ap_fixed_8_5_5_3_0_int_int_int_int_int_local_input_1_load = load i11 %pool_ap_fixed_ap_fixed_8_5_5_3_0_int_int_int_int_int_local_input_1_addr" [../src/pool.cpp:36]   --->   Operation 132 'load' 'pool_ap_fixed_ap_fixed_8_5_5_3_0_int_int_int_int_int_local_input_1_load' <Predicate = (trunc_ln36 == 3)> <Delay = 3.25> <CoreInst = "RAM_2P_BRAM">   --->   Core 90 'RAM_2P_BRAM' <Latency = 1> <II = 1> <Delay = 3.25> <Storage> <Opcode : 'load' 'store'> <Ports = 2> <Width = 8> <Depth = 1255> <RAM>
ST_15 : Operation 133 [2/2] (3.25ns)   --->   "%pool_ap_fixed_ap_fixed_8_5_5_3_0_int_int_int_int_int_local_input_load = load i11 %pool_ap_fixed_ap_fixed_8_5_5_3_0_int_int_int_int_int_local_input_addr" [../src/pool.cpp:36]   --->   Operation 133 'load' 'pool_ap_fixed_ap_fixed_8_5_5_3_0_int_int_int_int_int_local_input_load' <Predicate = (trunc_ln36 == 4)> <Delay = 3.25> <CoreInst = "RAM_2P_BRAM">   --->   Core 90 'RAM_2P_BRAM' <Latency = 1> <II = 1> <Delay = 3.25> <Storage> <Opcode : 'load' 'store'> <Ports = 2> <Width = 8> <Depth = 1255> <RAM>
ST_15 : Operation 134 [1/1] (0.00ns)   --->   "%zext_ln36_3 = zext i11 %tmp_2" [../src/pool.cpp:36]   --->   Operation 134 'zext' 'zext_ln36_3' <Predicate = true> <Delay = 0.00>
ST_15 : Operation 135 [1/1] (0.00ns)   --->   "%pool_ap_fixed_ap_fixed_8_5_5_3_0_int_int_int_int_int_local_input_4_addr_1 = getelementptr i8 %pool_ap_fixed_ap_fixed_8_5_5_3_0_int_int_int_int_int_local_input_4, i64 0, i64 %zext_ln36_3" [../src/pool.cpp:36]   --->   Operation 135 'getelementptr' 'pool_ap_fixed_ap_fixed_8_5_5_3_0_int_int_int_int_int_local_input_4_addr_1' <Predicate = (trunc_ln36 == 4)> <Delay = 0.00>
ST_15 : Operation 136 [1/1] (0.00ns)   --->   "%pool_ap_fixed_ap_fixed_8_5_5_3_0_int_int_int_int_int_local_input_3_addr_1 = getelementptr i8 %pool_ap_fixed_ap_fixed_8_5_5_3_0_int_int_int_int_int_local_input_3, i64 0, i64 %zext_ln36_3" [../src/pool.cpp:36]   --->   Operation 136 'getelementptr' 'pool_ap_fixed_ap_fixed_8_5_5_3_0_int_int_int_int_int_local_input_3_addr_1' <Predicate = (trunc_ln36 == 0)> <Delay = 0.00>
ST_15 : Operation 137 [1/1] (0.00ns)   --->   "%pool_ap_fixed_ap_fixed_8_5_5_3_0_int_int_int_int_int_local_input_2_addr_1 = getelementptr i8 %pool_ap_fixed_ap_fixed_8_5_5_3_0_int_int_int_int_int_local_input_2, i64 0, i64 %zext_ln36_3" [../src/pool.cpp:36]   --->   Operation 137 'getelementptr' 'pool_ap_fixed_ap_fixed_8_5_5_3_0_int_int_int_int_int_local_input_2_addr_1' <Predicate = (trunc_ln36 == 1)> <Delay = 0.00>
ST_15 : Operation 138 [1/1] (0.00ns)   --->   "%pool_ap_fixed_ap_fixed_8_5_5_3_0_int_int_int_int_int_local_input_1_addr_1 = getelementptr i8 %pool_ap_fixed_ap_fixed_8_5_5_3_0_int_int_int_int_int_local_input_1, i64 0, i64 %zext_ln36_3" [../src/pool.cpp:36]   --->   Operation 138 'getelementptr' 'pool_ap_fixed_ap_fixed_8_5_5_3_0_int_int_int_int_int_local_input_1_addr_1' <Predicate = (trunc_ln36 == 2)> <Delay = 0.00>
ST_15 : Operation 139 [1/1] (0.00ns)   --->   "%pool_ap_fixed_ap_fixed_8_5_5_3_0_int_int_int_int_int_local_input_addr_1 = getelementptr i8 %pool_ap_fixed_ap_fixed_8_5_5_3_0_int_int_int_int_int_local_input, i64 0, i64 %zext_ln36_3" [../src/pool.cpp:36]   --->   Operation 139 'getelementptr' 'pool_ap_fixed_ap_fixed_8_5_5_3_0_int_int_int_int_int_local_input_addr_1' <Predicate = (trunc_ln36 == 3)> <Delay = 0.00>
ST_15 : Operation 140 [2/2] (3.25ns)   --->   "%pool_ap_fixed_ap_fixed_8_5_5_3_0_int_int_int_int_int_local_input_4_load_1 = load i11 %pool_ap_fixed_ap_fixed_8_5_5_3_0_int_int_int_int_int_local_input_4_addr_1" [../src/pool.cpp:36]   --->   Operation 140 'load' 'pool_ap_fixed_ap_fixed_8_5_5_3_0_int_int_int_int_int_local_input_4_load_1' <Predicate = (trunc_ln36 == 4)> <Delay = 3.25> <CoreInst = "RAM_2P_BRAM">   --->   Core 90 'RAM_2P_BRAM' <Latency = 1> <II = 1> <Delay = 3.25> <Storage> <Opcode : 'load' 'store'> <Ports = 2> <Width = 8> <Depth = 1255> <RAM>
ST_15 : Operation 141 [2/2] (3.25ns)   --->   "%pool_ap_fixed_ap_fixed_8_5_5_3_0_int_int_int_int_int_local_input_3_load_1 = load i11 %pool_ap_fixed_ap_fixed_8_5_5_3_0_int_int_int_int_int_local_input_3_addr_1" [../src/pool.cpp:36]   --->   Operation 141 'load' 'pool_ap_fixed_ap_fixed_8_5_5_3_0_int_int_int_int_int_local_input_3_load_1' <Predicate = (trunc_ln36 == 0)> <Delay = 3.25> <CoreInst = "RAM_2P_BRAM">   --->   Core 90 'RAM_2P_BRAM' <Latency = 1> <II = 1> <Delay = 3.25> <Storage> <Opcode : 'load' 'store'> <Ports = 2> <Width = 8> <Depth = 1255> <RAM>
ST_15 : Operation 142 [2/2] (3.25ns)   --->   "%pool_ap_fixed_ap_fixed_8_5_5_3_0_int_int_int_int_int_local_input_2_load_1 = load i11 %pool_ap_fixed_ap_fixed_8_5_5_3_0_int_int_int_int_int_local_input_2_addr_1" [../src/pool.cpp:36]   --->   Operation 142 'load' 'pool_ap_fixed_ap_fixed_8_5_5_3_0_int_int_int_int_int_local_input_2_load_1' <Predicate = (trunc_ln36 == 1)> <Delay = 3.25> <CoreInst = "RAM_2P_BRAM">   --->   Core 90 'RAM_2P_BRAM' <Latency = 1> <II = 1> <Delay = 3.25> <Storage> <Opcode : 'load' 'store'> <Ports = 2> <Width = 8> <Depth = 1255> <RAM>
ST_15 : Operation 143 [2/2] (3.25ns)   --->   "%pool_ap_fixed_ap_fixed_8_5_5_3_0_int_int_int_int_int_local_input_1_load_1 = load i11 %pool_ap_fixed_ap_fixed_8_5_5_3_0_int_int_int_int_int_local_input_1_addr_1" [../src/pool.cpp:36]   --->   Operation 143 'load' 'pool_ap_fixed_ap_fixed_8_5_5_3_0_int_int_int_int_int_local_input_1_load_1' <Predicate = (trunc_ln36 == 2)> <Delay = 3.25> <CoreInst = "RAM_2P_BRAM">   --->   Core 90 'RAM_2P_BRAM' <Latency = 1> <II = 1> <Delay = 3.25> <Storage> <Opcode : 'load' 'store'> <Ports = 2> <Width = 8> <Depth = 1255> <RAM>
ST_15 : Operation 144 [2/2] (3.25ns)   --->   "%pool_ap_fixed_ap_fixed_8_5_5_3_0_int_int_int_int_int_local_input_load_1 = load i11 %pool_ap_fixed_ap_fixed_8_5_5_3_0_int_int_int_int_int_local_input_addr_1" [../src/pool.cpp:36]   --->   Operation 144 'load' 'pool_ap_fixed_ap_fixed_8_5_5_3_0_int_int_int_int_int_local_input_load_1' <Predicate = (trunc_ln36 == 3)> <Delay = 3.25> <CoreInst = "RAM_2P_BRAM">   --->   Core 90 'RAM_2P_BRAM' <Latency = 1> <II = 1> <Delay = 3.25> <Storage> <Opcode : 'load' 'store'> <Ports = 2> <Width = 8> <Depth = 1255> <RAM>
ST_15 : Operation 145 [1/1] (0.00ns)   --->   "%zext_ln36_5 = zext i11 %tmp_3" [../src/pool.cpp:36]   --->   Operation 145 'zext' 'zext_ln36_5' <Predicate = true> <Delay = 0.00>
ST_15 : Operation 146 [1/1] (0.00ns)   --->   "%pool_ap_fixed_ap_fixed_8_5_5_3_0_int_int_int_int_int_local_input_4_addr_2 = getelementptr i8 %pool_ap_fixed_ap_fixed_8_5_5_3_0_int_int_int_int_int_local_input_4, i64 0, i64 %zext_ln36_5" [../src/pool.cpp:36]   --->   Operation 146 'getelementptr' 'pool_ap_fixed_ap_fixed_8_5_5_3_0_int_int_int_int_int_local_input_4_addr_2' <Predicate = (trunc_ln36 == 2)> <Delay = 0.00>
ST_15 : Operation 147 [1/1] (0.00ns)   --->   "%pool_ap_fixed_ap_fixed_8_5_5_3_0_int_int_int_int_int_local_input_3_addr_2 = getelementptr i8 %pool_ap_fixed_ap_fixed_8_5_5_3_0_int_int_int_int_int_local_input_3, i64 0, i64 %zext_ln36_5" [../src/pool.cpp:36]   --->   Operation 147 'getelementptr' 'pool_ap_fixed_ap_fixed_8_5_5_3_0_int_int_int_int_int_local_input_3_addr_2' <Predicate = (trunc_ln36 == 3)> <Delay = 0.00>
ST_15 : Operation 148 [1/1] (0.00ns)   --->   "%pool_ap_fixed_ap_fixed_8_5_5_3_0_int_int_int_int_int_local_input_2_addr_2 = getelementptr i8 %pool_ap_fixed_ap_fixed_8_5_5_3_0_int_int_int_int_int_local_input_2, i64 0, i64 %zext_ln36_5" [../src/pool.cpp:36]   --->   Operation 148 'getelementptr' 'pool_ap_fixed_ap_fixed_8_5_5_3_0_int_int_int_int_int_local_input_2_addr_2' <Predicate = (trunc_ln36 == 4)> <Delay = 0.00>
ST_15 : Operation 149 [1/1] (0.00ns)   --->   "%pool_ap_fixed_ap_fixed_8_5_5_3_0_int_int_int_int_int_local_input_1_addr_2 = getelementptr i8 %pool_ap_fixed_ap_fixed_8_5_5_3_0_int_int_int_int_int_local_input_1, i64 0, i64 %zext_ln36_5" [../src/pool.cpp:36]   --->   Operation 149 'getelementptr' 'pool_ap_fixed_ap_fixed_8_5_5_3_0_int_int_int_int_int_local_input_1_addr_2' <Predicate = (trunc_ln36 == 0)> <Delay = 0.00>
ST_15 : Operation 150 [1/1] (0.00ns)   --->   "%pool_ap_fixed_ap_fixed_8_5_5_3_0_int_int_int_int_int_local_input_addr_2 = getelementptr i8 %pool_ap_fixed_ap_fixed_8_5_5_3_0_int_int_int_int_int_local_input, i64 0, i64 %zext_ln36_5" [../src/pool.cpp:36]   --->   Operation 150 'getelementptr' 'pool_ap_fixed_ap_fixed_8_5_5_3_0_int_int_int_int_int_local_input_addr_2' <Predicate = (trunc_ln36 == 1)> <Delay = 0.00>
ST_15 : Operation 151 [2/2] (3.25ns)   --->   "%pool_ap_fixed_ap_fixed_8_5_5_3_0_int_int_int_int_int_local_input_4_load_2 = load i11 %pool_ap_fixed_ap_fixed_8_5_5_3_0_int_int_int_int_int_local_input_4_addr_2" [../src/pool.cpp:36]   --->   Operation 151 'load' 'pool_ap_fixed_ap_fixed_8_5_5_3_0_int_int_int_int_int_local_input_4_load_2' <Predicate = (trunc_ln36 == 2)> <Delay = 3.25> <CoreInst = "RAM_2P_BRAM">   --->   Core 90 'RAM_2P_BRAM' <Latency = 1> <II = 1> <Delay = 3.25> <Storage> <Opcode : 'load' 'store'> <Ports = 2> <Width = 8> <Depth = 1255> <RAM>
ST_15 : Operation 152 [2/2] (3.25ns)   --->   "%pool_ap_fixed_ap_fixed_8_5_5_3_0_int_int_int_int_int_local_input_3_load_2 = load i11 %pool_ap_fixed_ap_fixed_8_5_5_3_0_int_int_int_int_int_local_input_3_addr_2" [../src/pool.cpp:36]   --->   Operation 152 'load' 'pool_ap_fixed_ap_fixed_8_5_5_3_0_int_int_int_int_int_local_input_3_load_2' <Predicate = (trunc_ln36 == 3)> <Delay = 3.25> <CoreInst = "RAM_2P_BRAM">   --->   Core 90 'RAM_2P_BRAM' <Latency = 1> <II = 1> <Delay = 3.25> <Storage> <Opcode : 'load' 'store'> <Ports = 2> <Width = 8> <Depth = 1255> <RAM>
ST_15 : Operation 153 [2/2] (3.25ns)   --->   "%pool_ap_fixed_ap_fixed_8_5_5_3_0_int_int_int_int_int_local_input_2_load_2 = load i11 %pool_ap_fixed_ap_fixed_8_5_5_3_0_int_int_int_int_int_local_input_2_addr_2" [../src/pool.cpp:36]   --->   Operation 153 'load' 'pool_ap_fixed_ap_fixed_8_5_5_3_0_int_int_int_int_int_local_input_2_load_2' <Predicate = (trunc_ln36 == 4)> <Delay = 3.25> <CoreInst = "RAM_2P_BRAM">   --->   Core 90 'RAM_2P_BRAM' <Latency = 1> <II = 1> <Delay = 3.25> <Storage> <Opcode : 'load' 'store'> <Ports = 2> <Width = 8> <Depth = 1255> <RAM>
ST_15 : Operation 154 [2/2] (3.25ns)   --->   "%pool_ap_fixed_ap_fixed_8_5_5_3_0_int_int_int_int_int_local_input_1_load_2 = load i11 %pool_ap_fixed_ap_fixed_8_5_5_3_0_int_int_int_int_int_local_input_1_addr_2" [../src/pool.cpp:36]   --->   Operation 154 'load' 'pool_ap_fixed_ap_fixed_8_5_5_3_0_int_int_int_int_int_local_input_1_load_2' <Predicate = (trunc_ln36 == 0)> <Delay = 3.25> <CoreInst = "RAM_2P_BRAM">   --->   Core 90 'RAM_2P_BRAM' <Latency = 1> <II = 1> <Delay = 3.25> <Storage> <Opcode : 'load' 'store'> <Ports = 2> <Width = 8> <Depth = 1255> <RAM>
ST_15 : Operation 155 [2/2] (3.25ns)   --->   "%pool_ap_fixed_ap_fixed_8_5_5_3_0_int_int_int_int_int_local_input_load_2 = load i11 %pool_ap_fixed_ap_fixed_8_5_5_3_0_int_int_int_int_int_local_input_addr_2" [../src/pool.cpp:36]   --->   Operation 155 'load' 'pool_ap_fixed_ap_fixed_8_5_5_3_0_int_int_int_int_int_local_input_load_2' <Predicate = (trunc_ln36 == 1)> <Delay = 3.25> <CoreInst = "RAM_2P_BRAM">   --->   Core 90 'RAM_2P_BRAM' <Latency = 1> <II = 1> <Delay = 3.25> <Storage> <Opcode : 'load' 'store'> <Ports = 2> <Width = 8> <Depth = 1255> <RAM>

State 16 <SV = 15> <Delay = 8.10>
ST_16 : Operation 156 [1/2] ( I:3.25ns O:3.25ns )   --->   "%pool_ap_fixed_ap_fixed_8_5_5_3_0_int_int_int_int_int_local_input_4_load = load i11 %pool_ap_fixed_ap_fixed_8_5_5_3_0_int_int_int_int_int_local_input_4_addr" [../src/pool.cpp:36]   --->   Operation 156 'load' 'pool_ap_fixed_ap_fixed_8_5_5_3_0_int_int_int_int_int_local_input_4_load' <Predicate = (trunc_ln36 == 0)> <Delay = 3.25> <CoreInst = "RAM_2P_BRAM">   --->   Core 90 'RAM_2P_BRAM' <Latency = 1> <II = 1> <Delay = 3.25> <Storage> <Opcode : 'load' 'store'> <Ports = 2> <Width = 8> <Depth = 1255> <RAM>
ST_16 : Operation 157 [1/2] ( I:3.25ns O:3.25ns )   --->   "%pool_ap_fixed_ap_fixed_8_5_5_3_0_int_int_int_int_int_local_input_3_load = load i11 %pool_ap_fixed_ap_fixed_8_5_5_3_0_int_int_int_int_int_local_input_3_addr" [../src/pool.cpp:36]   --->   Operation 157 'load' 'pool_ap_fixed_ap_fixed_8_5_5_3_0_int_int_int_int_int_local_input_3_load' <Predicate = (trunc_ln36 == 1)> <Delay = 3.25> <CoreInst = "RAM_2P_BRAM">   --->   Core 90 'RAM_2P_BRAM' <Latency = 1> <II = 1> <Delay = 3.25> <Storage> <Opcode : 'load' 'store'> <Ports = 2> <Width = 8> <Depth = 1255> <RAM>
ST_16 : Operation 158 [1/2] ( I:3.25ns O:3.25ns )   --->   "%pool_ap_fixed_ap_fixed_8_5_5_3_0_int_int_int_int_int_local_input_2_load = load i11 %pool_ap_fixed_ap_fixed_8_5_5_3_0_int_int_int_int_int_local_input_2_addr" [../src/pool.cpp:36]   --->   Operation 158 'load' 'pool_ap_fixed_ap_fixed_8_5_5_3_0_int_int_int_int_int_local_input_2_load' <Predicate = (trunc_ln36 == 2)> <Delay = 3.25> <CoreInst = "RAM_2P_BRAM">   --->   Core 90 'RAM_2P_BRAM' <Latency = 1> <II = 1> <Delay = 3.25> <Storage> <Opcode : 'load' 'store'> <Ports = 2> <Width = 8> <Depth = 1255> <RAM>
ST_16 : Operation 159 [1/2] ( I:3.25ns O:3.25ns )   --->   "%pool_ap_fixed_ap_fixed_8_5_5_3_0_int_int_int_int_int_local_input_1_load = load i11 %pool_ap_fixed_ap_fixed_8_5_5_3_0_int_int_int_int_int_local_input_1_addr" [../src/pool.cpp:36]   --->   Operation 159 'load' 'pool_ap_fixed_ap_fixed_8_5_5_3_0_int_int_int_int_int_local_input_1_load' <Predicate = (trunc_ln36 == 3)> <Delay = 3.25> <CoreInst = "RAM_2P_BRAM">   --->   Core 90 'RAM_2P_BRAM' <Latency = 1> <II = 1> <Delay = 3.25> <Storage> <Opcode : 'load' 'store'> <Ports = 2> <Width = 8> <Depth = 1255> <RAM>
ST_16 : Operation 160 [1/2] ( I:3.25ns O:3.25ns )   --->   "%pool_ap_fixed_ap_fixed_8_5_5_3_0_int_int_int_int_int_local_input_load = load i11 %pool_ap_fixed_ap_fixed_8_5_5_3_0_int_int_int_int_int_local_input_addr" [../src/pool.cpp:36]   --->   Operation 160 'load' 'pool_ap_fixed_ap_fixed_8_5_5_3_0_int_int_int_int_int_local_input_load' <Predicate = (trunc_ln36 == 4)> <Delay = 3.25> <CoreInst = "RAM_2P_BRAM">   --->   Core 90 'RAM_2P_BRAM' <Latency = 1> <II = 1> <Delay = 3.25> <Storage> <Opcode : 'load' 'store'> <Ports = 2> <Width = 8> <Depth = 1255> <RAM>
ST_16 : Operation 161 [1/1] (1.94ns)   --->   "%val_4 = sparsemux i8 @_ssdm_op_SparseMux.ap_auto.5i8.i8.i3, i3 0, i8 %pool_ap_fixed_ap_fixed_8_5_5_3_0_int_int_int_int_int_local_input_4_load, i3 1, i8 %pool_ap_fixed_ap_fixed_8_5_5_3_0_int_int_int_int_int_local_input_3_load, i3 2, i8 %pool_ap_fixed_ap_fixed_8_5_5_3_0_int_int_int_int_int_local_input_2_load, i3 3, i8 %pool_ap_fixed_ap_fixed_8_5_5_3_0_int_int_int_int_int_local_input_1_load, i3 4, i8 %pool_ap_fixed_ap_fixed_8_5_5_3_0_int_int_int_int_int_local_input_load, i8 0, i3 %trunc_ln36" [../src/pool.cpp:36]   --->   Operation 161 'sparsemux' 'val_4' <Predicate = true> <Delay = 1.94> <CoreInst = "BinarySparseMux_DontCare">   --->   Core 137 'BinarySparseMux_DontCare' <Latency = 0> <II = 1> <Delay = 1.94> <FuncUnit> <Opcode : 'sparsemux'> <InPorts = 2> <OutPorts = 1>
ST_16 : Operation 162 [1/1] (0.00ns)   --->   "%trunc_ln36_1 = trunc i8 %val_4" [../src/pool.cpp:36]   --->   Operation 162 'trunc' 'trunc_ln36_1' <Predicate = true> <Delay = 0.00>
ST_16 : Operation 163 [1/1] (1.91ns)   --->   "%icmp_ln37 = icmp_sgt  i8 %val_4, i8 0" [../src/pool.cpp:37]   --->   Operation 163 'icmp' 'icmp_ln37' <Predicate = true> <Delay = 1.91> <CoreInst = "Cmp">   --->   Core 9 'Cmp' <Latency = 0> <II = 1> <Delay = 1.91> <FuncUnit> <Opcode : 'seteq' 'setne' 'setle' 'setge' 'setlt' 'setgt'> <InPorts = 2> <OutPorts = 1>
ST_16 : Operation 164 [1/1] (0.99ns)   --->   "%max_val_1 = select i1 %icmp_ln37, i7 %trunc_ln36_1, i7 0" [../src/pool.cpp:37]   --->   Operation 164 'select' 'max_val_1' <Predicate = true> <Delay = 0.99> <CoreInst = "Sel">   --->   Core 73 'Sel' <Latency = 0> <II = 1> <Delay = 0.99> <FuncUnit> <Opcode : 'select'> <InPorts = 3> <OutPorts = 1>
ST_16 : Operation 165 [1/2] ( I:3.25ns O:3.25ns )   --->   "%pool_ap_fixed_ap_fixed_8_5_5_3_0_int_int_int_int_int_local_input_4_load_1 = load i11 %pool_ap_fixed_ap_fixed_8_5_5_3_0_int_int_int_int_int_local_input_4_addr_1" [../src/pool.cpp:36]   --->   Operation 165 'load' 'pool_ap_fixed_ap_fixed_8_5_5_3_0_int_int_int_int_int_local_input_4_load_1' <Predicate = (trunc_ln36 == 4)> <Delay = 3.25> <CoreInst = "RAM_2P_BRAM">   --->   Core 90 'RAM_2P_BRAM' <Latency = 1> <II = 1> <Delay = 3.25> <Storage> <Opcode : 'load' 'store'> <Ports = 2> <Width = 8> <Depth = 1255> <RAM>
ST_16 : Operation 166 [1/2] ( I:3.25ns O:3.25ns )   --->   "%pool_ap_fixed_ap_fixed_8_5_5_3_0_int_int_int_int_int_local_input_3_load_1 = load i11 %pool_ap_fixed_ap_fixed_8_5_5_3_0_int_int_int_int_int_local_input_3_addr_1" [../src/pool.cpp:36]   --->   Operation 166 'load' 'pool_ap_fixed_ap_fixed_8_5_5_3_0_int_int_int_int_int_local_input_3_load_1' <Predicate = (trunc_ln36 == 0)> <Delay = 3.25> <CoreInst = "RAM_2P_BRAM">   --->   Core 90 'RAM_2P_BRAM' <Latency = 1> <II = 1> <Delay = 3.25> <Storage> <Opcode : 'load' 'store'> <Ports = 2> <Width = 8> <Depth = 1255> <RAM>
ST_16 : Operation 167 [1/2] ( I:3.25ns O:3.25ns )   --->   "%pool_ap_fixed_ap_fixed_8_5_5_3_0_int_int_int_int_int_local_input_2_load_1 = load i11 %pool_ap_fixed_ap_fixed_8_5_5_3_0_int_int_int_int_int_local_input_2_addr_1" [../src/pool.cpp:36]   --->   Operation 167 'load' 'pool_ap_fixed_ap_fixed_8_5_5_3_0_int_int_int_int_int_local_input_2_load_1' <Predicate = (trunc_ln36 == 1)> <Delay = 3.25> <CoreInst = "RAM_2P_BRAM">   --->   Core 90 'RAM_2P_BRAM' <Latency = 1> <II = 1> <Delay = 3.25> <Storage> <Opcode : 'load' 'store'> <Ports = 2> <Width = 8> <Depth = 1255> <RAM>
ST_16 : Operation 168 [1/2] ( I:3.25ns O:3.25ns )   --->   "%pool_ap_fixed_ap_fixed_8_5_5_3_0_int_int_int_int_int_local_input_1_load_1 = load i11 %pool_ap_fixed_ap_fixed_8_5_5_3_0_int_int_int_int_int_local_input_1_addr_1" [../src/pool.cpp:36]   --->   Operation 168 'load' 'pool_ap_fixed_ap_fixed_8_5_5_3_0_int_int_int_int_int_local_input_1_load_1' <Predicate = (trunc_ln36 == 2)> <Delay = 3.25> <CoreInst = "RAM_2P_BRAM">   --->   Core 90 'RAM_2P_BRAM' <Latency = 1> <II = 1> <Delay = 3.25> <Storage> <Opcode : 'load' 'store'> <Ports = 2> <Width = 8> <Depth = 1255> <RAM>
ST_16 : Operation 169 [1/2] ( I:3.25ns O:3.25ns )   --->   "%pool_ap_fixed_ap_fixed_8_5_5_3_0_int_int_int_int_int_local_input_load_1 = load i11 %pool_ap_fixed_ap_fixed_8_5_5_3_0_int_int_int_int_int_local_input_addr_1" [../src/pool.cpp:36]   --->   Operation 169 'load' 'pool_ap_fixed_ap_fixed_8_5_5_3_0_int_int_int_int_int_local_input_load_1' <Predicate = (trunc_ln36 == 3)> <Delay = 3.25> <CoreInst = "RAM_2P_BRAM">   --->   Core 90 'RAM_2P_BRAM' <Latency = 1> <II = 1> <Delay = 3.25> <Storage> <Opcode : 'load' 'store'> <Ports = 2> <Width = 8> <Depth = 1255> <RAM>
ST_16 : Operation 170 [1/1] (1.94ns)   --->   "%val = sparsemux i8 @_ssdm_op_SparseMux.ap_auto.5i8.i8.i3, i3 4, i8 %pool_ap_fixed_ap_fixed_8_5_5_3_0_int_int_int_int_int_local_input_4_load_1, i3 0, i8 %pool_ap_fixed_ap_fixed_8_5_5_3_0_int_int_int_int_int_local_input_3_load_1, i3 1, i8 %pool_ap_fixed_ap_fixed_8_5_5_3_0_int_int_int_int_int_local_input_2_load_1, i3 2, i8 %pool_ap_fixed_ap_fixed_8_5_5_3_0_int_int_int_int_int_local_input_1_load_1, i3 3, i8 %pool_ap_fixed_ap_fixed_8_5_5_3_0_int_int_int_int_int_local_input_load_1, i8 0, i3 %trunc_ln36" [../src/pool.cpp:36]   --->   Operation 170 'sparsemux' 'val' <Predicate = true> <Delay = 1.94> <CoreInst = "BinarySparseMux_DontCare">   --->   Core 137 'BinarySparseMux_DontCare' <Latency = 0> <II = 1> <Delay = 1.94> <FuncUnit> <Opcode : 'sparsemux'> <InPorts = 2> <OutPorts = 1>
ST_16 : Operation 171 [1/1] (0.00ns)   --->   "%trunc_ln36_2 = trunc i8 %val" [../src/pool.cpp:36]   --->   Operation 171 'trunc' 'trunc_ln36_2' <Predicate = true> <Delay = 0.00>
ST_16 : Operation 172 [1/2] ( I:3.25ns O:3.25ns )   --->   "%pool_ap_fixed_ap_fixed_8_5_5_3_0_int_int_int_int_int_local_input_4_load_2 = load i11 %pool_ap_fixed_ap_fixed_8_5_5_3_0_int_int_int_int_int_local_input_4_addr_2" [../src/pool.cpp:36]   --->   Operation 172 'load' 'pool_ap_fixed_ap_fixed_8_5_5_3_0_int_int_int_int_int_local_input_4_load_2' <Predicate = (trunc_ln36 == 2)> <Delay = 3.25> <CoreInst = "RAM_2P_BRAM">   --->   Core 90 'RAM_2P_BRAM' <Latency = 1> <II = 1> <Delay = 3.25> <Storage> <Opcode : 'load' 'store'> <Ports = 2> <Width = 8> <Depth = 1255> <RAM>
ST_16 : Operation 173 [1/2] ( I:3.25ns O:3.25ns )   --->   "%pool_ap_fixed_ap_fixed_8_5_5_3_0_int_int_int_int_int_local_input_3_load_2 = load i11 %pool_ap_fixed_ap_fixed_8_5_5_3_0_int_int_int_int_int_local_input_3_addr_2" [../src/pool.cpp:36]   --->   Operation 173 'load' 'pool_ap_fixed_ap_fixed_8_5_5_3_0_int_int_int_int_int_local_input_3_load_2' <Predicate = (trunc_ln36 == 3)> <Delay = 3.25> <CoreInst = "RAM_2P_BRAM">   --->   Core 90 'RAM_2P_BRAM' <Latency = 1> <II = 1> <Delay = 3.25> <Storage> <Opcode : 'load' 'store'> <Ports = 2> <Width = 8> <Depth = 1255> <RAM>
ST_16 : Operation 174 [1/2] ( I:3.25ns O:3.25ns )   --->   "%pool_ap_fixed_ap_fixed_8_5_5_3_0_int_int_int_int_int_local_input_2_load_2 = load i11 %pool_ap_fixed_ap_fixed_8_5_5_3_0_int_int_int_int_int_local_input_2_addr_2" [../src/pool.cpp:36]   --->   Operation 174 'load' 'pool_ap_fixed_ap_fixed_8_5_5_3_0_int_int_int_int_int_local_input_2_load_2' <Predicate = (trunc_ln36 == 4)> <Delay = 3.25> <CoreInst = "RAM_2P_BRAM">   --->   Core 90 'RAM_2P_BRAM' <Latency = 1> <II = 1> <Delay = 3.25> <Storage> <Opcode : 'load' 'store'> <Ports = 2> <Width = 8> <Depth = 1255> <RAM>
ST_16 : Operation 175 [1/2] ( I:3.25ns O:3.25ns )   --->   "%pool_ap_fixed_ap_fixed_8_5_5_3_0_int_int_int_int_int_local_input_1_load_2 = load i11 %pool_ap_fixed_ap_fixed_8_5_5_3_0_int_int_int_int_int_local_input_1_addr_2" [../src/pool.cpp:36]   --->   Operation 175 'load' 'pool_ap_fixed_ap_fixed_8_5_5_3_0_int_int_int_int_int_local_input_1_load_2' <Predicate = (trunc_ln36 == 0)> <Delay = 3.25> <CoreInst = "RAM_2P_BRAM">   --->   Core 90 'RAM_2P_BRAM' <Latency = 1> <II = 1> <Delay = 3.25> <Storage> <Opcode : 'load' 'store'> <Ports = 2> <Width = 8> <Depth = 1255> <RAM>
ST_16 : Operation 176 [1/2] ( I:3.25ns O:3.25ns )   --->   "%pool_ap_fixed_ap_fixed_8_5_5_3_0_int_int_int_int_int_local_input_load_2 = load i11 %pool_ap_fixed_ap_fixed_8_5_5_3_0_int_int_int_int_int_local_input_addr_2" [../src/pool.cpp:36]   --->   Operation 176 'load' 'pool_ap_fixed_ap_fixed_8_5_5_3_0_int_int_int_int_int_local_input_load_2' <Predicate = (trunc_ln36 == 1)> <Delay = 3.25> <CoreInst = "RAM_2P_BRAM">   --->   Core 90 'RAM_2P_BRAM' <Latency = 1> <II = 1> <Delay = 3.25> <Storage> <Opcode : 'load' 'store'> <Ports = 2> <Width = 8> <Depth = 1255> <RAM>
ST_16 : Operation 177 [1/1] (1.94ns)   --->   "%val_5 = sparsemux i8 @_ssdm_op_SparseMux.ap_auto.5i8.i8.i3, i3 2, i8 %pool_ap_fixed_ap_fixed_8_5_5_3_0_int_int_int_int_int_local_input_4_load_2, i3 3, i8 %pool_ap_fixed_ap_fixed_8_5_5_3_0_int_int_int_int_int_local_input_3_load_2, i3 4, i8 %pool_ap_fixed_ap_fixed_8_5_5_3_0_int_int_int_int_int_local_input_2_load_2, i3 0, i8 %pool_ap_fixed_ap_fixed_8_5_5_3_0_int_int_int_int_int_local_input_1_load_2, i3 1, i8 %pool_ap_fixed_ap_fixed_8_5_5_3_0_int_int_int_int_int_local_input_load_2, i8 0, i3 %trunc_ln36" [../src/pool.cpp:36]   --->   Operation 177 'sparsemux' 'val_5' <Predicate = true> <Delay = 1.94> <CoreInst = "BinarySparseMux_DontCare">   --->   Core 137 'BinarySparseMux_DontCare' <Latency = 0> <II = 1> <Delay = 1.94> <FuncUnit> <Opcode : 'sparsemux'> <InPorts = 2> <OutPorts = 1>
ST_16 : Operation 178 [1/1] (0.00ns)   --->   "%trunc_ln36_3 = trunc i8 %val_5" [../src/pool.cpp:36]   --->   Operation 178 'trunc' 'trunc_ln36_3' <Predicate = true> <Delay = 0.00>
ST_16 : Operation 179 [1/1] (0.00ns)   --->   "%zext_ln36_6 = zext i11 %tmp_4" [../src/pool.cpp:36]   --->   Operation 179 'zext' 'zext_ln36_6' <Predicate = true> <Delay = 0.00>
ST_16 : Operation 180 [1/1] (0.00ns)   --->   "%pool_ap_fixed_ap_fixed_8_5_5_3_0_int_int_int_int_int_local_input_4_addr_3 = getelementptr i8 %pool_ap_fixed_ap_fixed_8_5_5_3_0_int_int_int_int_int_local_input_4, i64 0, i64 %zext_ln36_6" [../src/pool.cpp:36]   --->   Operation 180 'getelementptr' 'pool_ap_fixed_ap_fixed_8_5_5_3_0_int_int_int_int_int_local_input_4_addr_3' <Predicate = (trunc_ln36 == 1)> <Delay = 0.00>
ST_16 : Operation 181 [1/1] (0.00ns)   --->   "%pool_ap_fixed_ap_fixed_8_5_5_3_0_int_int_int_int_int_local_input_3_addr_3 = getelementptr i8 %pool_ap_fixed_ap_fixed_8_5_5_3_0_int_int_int_int_int_local_input_3, i64 0, i64 %zext_ln36_6" [../src/pool.cpp:36]   --->   Operation 181 'getelementptr' 'pool_ap_fixed_ap_fixed_8_5_5_3_0_int_int_int_int_int_local_input_3_addr_3' <Predicate = (trunc_ln36 == 2)> <Delay = 0.00>
ST_16 : Operation 182 [1/1] (0.00ns)   --->   "%pool_ap_fixed_ap_fixed_8_5_5_3_0_int_int_int_int_int_local_input_2_addr_3 = getelementptr i8 %pool_ap_fixed_ap_fixed_8_5_5_3_0_int_int_int_int_int_local_input_2, i64 0, i64 %zext_ln36_6" [../src/pool.cpp:36]   --->   Operation 182 'getelementptr' 'pool_ap_fixed_ap_fixed_8_5_5_3_0_int_int_int_int_int_local_input_2_addr_3' <Predicate = (trunc_ln36 == 3)> <Delay = 0.00>
ST_16 : Operation 183 [1/1] (0.00ns)   --->   "%pool_ap_fixed_ap_fixed_8_5_5_3_0_int_int_int_int_int_local_input_1_addr_3 = getelementptr i8 %pool_ap_fixed_ap_fixed_8_5_5_3_0_int_int_int_int_int_local_input_1, i64 0, i64 %zext_ln36_6" [../src/pool.cpp:36]   --->   Operation 183 'getelementptr' 'pool_ap_fixed_ap_fixed_8_5_5_3_0_int_int_int_int_int_local_input_1_addr_3' <Predicate = (trunc_ln36 == 4)> <Delay = 0.00>
ST_16 : Operation 184 [1/1] (0.00ns)   --->   "%pool_ap_fixed_ap_fixed_8_5_5_3_0_int_int_int_int_int_local_input_addr_3 = getelementptr i8 %pool_ap_fixed_ap_fixed_8_5_5_3_0_int_int_int_int_int_local_input, i64 0, i64 %zext_ln36_6" [../src/pool.cpp:36]   --->   Operation 184 'getelementptr' 'pool_ap_fixed_ap_fixed_8_5_5_3_0_int_int_int_int_int_local_input_addr_3' <Predicate = (trunc_ln36 == 0)> <Delay = 0.00>
ST_16 : Operation 185 [2/2] (3.25ns)   --->   "%pool_ap_fixed_ap_fixed_8_5_5_3_0_int_int_int_int_int_local_input_4_load_3 = load i11 %pool_ap_fixed_ap_fixed_8_5_5_3_0_int_int_int_int_int_local_input_4_addr_3" [../src/pool.cpp:36]   --->   Operation 185 'load' 'pool_ap_fixed_ap_fixed_8_5_5_3_0_int_int_int_int_int_local_input_4_load_3' <Predicate = (trunc_ln36 == 1)> <Delay = 3.25> <CoreInst = "RAM_2P_BRAM">   --->   Core 90 'RAM_2P_BRAM' <Latency = 1> <II = 1> <Delay = 3.25> <Storage> <Opcode : 'load' 'store'> <Ports = 2> <Width = 8> <Depth = 1255> <RAM>
ST_16 : Operation 186 [2/2] (3.25ns)   --->   "%pool_ap_fixed_ap_fixed_8_5_5_3_0_int_int_int_int_int_local_input_3_load_3 = load i11 %pool_ap_fixed_ap_fixed_8_5_5_3_0_int_int_int_int_int_local_input_3_addr_3" [../src/pool.cpp:36]   --->   Operation 186 'load' 'pool_ap_fixed_ap_fixed_8_5_5_3_0_int_int_int_int_int_local_input_3_load_3' <Predicate = (trunc_ln36 == 2)> <Delay = 3.25> <CoreInst = "RAM_2P_BRAM">   --->   Core 90 'RAM_2P_BRAM' <Latency = 1> <II = 1> <Delay = 3.25> <Storage> <Opcode : 'load' 'store'> <Ports = 2> <Width = 8> <Depth = 1255> <RAM>
ST_16 : Operation 187 [2/2] (3.25ns)   --->   "%pool_ap_fixed_ap_fixed_8_5_5_3_0_int_int_int_int_int_local_input_2_load_3 = load i11 %pool_ap_fixed_ap_fixed_8_5_5_3_0_int_int_int_int_int_local_input_2_addr_3" [../src/pool.cpp:36]   --->   Operation 187 'load' 'pool_ap_fixed_ap_fixed_8_5_5_3_0_int_int_int_int_int_local_input_2_load_3' <Predicate = (trunc_ln36 == 3)> <Delay = 3.25> <CoreInst = "RAM_2P_BRAM">   --->   Core 90 'RAM_2P_BRAM' <Latency = 1> <II = 1> <Delay = 3.25> <Storage> <Opcode : 'load' 'store'> <Ports = 2> <Width = 8> <Depth = 1255> <RAM>
ST_16 : Operation 188 [2/2] (3.25ns)   --->   "%pool_ap_fixed_ap_fixed_8_5_5_3_0_int_int_int_int_int_local_input_1_load_3 = load i11 %pool_ap_fixed_ap_fixed_8_5_5_3_0_int_int_int_int_int_local_input_1_addr_3" [../src/pool.cpp:36]   --->   Operation 188 'load' 'pool_ap_fixed_ap_fixed_8_5_5_3_0_int_int_int_int_int_local_input_1_load_3' <Predicate = (trunc_ln36 == 4)> <Delay = 3.25> <CoreInst = "RAM_2P_BRAM">   --->   Core 90 'RAM_2P_BRAM' <Latency = 1> <II = 1> <Delay = 3.25> <Storage> <Opcode : 'load' 'store'> <Ports = 2> <Width = 8> <Depth = 1255> <RAM>
ST_16 : Operation 189 [2/2] (3.25ns)   --->   "%pool_ap_fixed_ap_fixed_8_5_5_3_0_int_int_int_int_int_local_input_load_3 = load i11 %pool_ap_fixed_ap_fixed_8_5_5_3_0_int_int_int_int_int_local_input_addr_3" [../src/pool.cpp:36]   --->   Operation 189 'load' 'pool_ap_fixed_ap_fixed_8_5_5_3_0_int_int_int_int_int_local_input_load_3' <Predicate = (trunc_ln36 == 0)> <Delay = 3.25> <CoreInst = "RAM_2P_BRAM">   --->   Core 90 'RAM_2P_BRAM' <Latency = 1> <II = 1> <Delay = 3.25> <Storage> <Opcode : 'load' 'store'> <Ports = 2> <Width = 8> <Depth = 1255> <RAM>

State 17 <SV = 16> <Delay = 8.72>
ST_17 : Operation 190 [1/1] (0.00ns)   --->   "%zext_ln28 = zext i7 %max_val_1" [../src/pool.cpp:28]   --->   Operation 190 'zext' 'zext_ln28' <Predicate = true> <Delay = 0.00>
ST_17 : Operation 191 [1/1] (1.91ns)   --->   "%icmp_ln37_1 = icmp_sgt  i8 %val, i8 %zext_ln28" [../src/pool.cpp:37]   --->   Operation 191 'icmp' 'icmp_ln37_1' <Predicate = true> <Delay = 1.91> <CoreInst = "Cmp">   --->   Core 9 'Cmp' <Latency = 0> <II = 1> <Delay = 1.91> <FuncUnit> <Opcode : 'seteq' 'setne' 'setle' 'setge' 'setlt' 'setgt'> <InPorts = 2> <OutPorts = 1>
ST_17 : Operation 192 [1/1] (0.99ns)   --->   "%max_val_2 = select i1 %icmp_ln37_1, i7 %trunc_ln36_2, i7 %max_val_1" [../src/pool.cpp:37]   --->   Operation 192 'select' 'max_val_2' <Predicate = true> <Delay = 0.99> <CoreInst = "Sel">   --->   Core 73 'Sel' <Latency = 0> <II = 1> <Delay = 0.99> <FuncUnit> <Opcode : 'select'> <InPorts = 3> <OutPorts = 1>
ST_17 : Operation 193 [1/1] (0.00ns)   --->   "%zext_ln28_1 = zext i7 %max_val_2" [../src/pool.cpp:28]   --->   Operation 193 'zext' 'zext_ln28_1' <Predicate = true> <Delay = 0.00>
ST_17 : Operation 194 [1/1] (1.91ns)   --->   "%icmp_ln37_2 = icmp_sgt  i8 %val_5, i8 %zext_ln28_1" [../src/pool.cpp:37]   --->   Operation 194 'icmp' 'icmp_ln37_2' <Predicate = true> <Delay = 1.91> <CoreInst = "Cmp">   --->   Core 9 'Cmp' <Latency = 0> <II = 1> <Delay = 1.91> <FuncUnit> <Opcode : 'seteq' 'setne' 'setle' 'setge' 'setlt' 'setgt'> <InPorts = 2> <OutPorts = 1>
ST_17 : Operation 195 [1/1] (0.99ns)   --->   "%max_val_4 = select i1 %icmp_ln37_2, i7 %trunc_ln36_3, i7 %max_val_2" [../src/pool.cpp:37]   --->   Operation 195 'select' 'max_val_4' <Predicate = true> <Delay = 0.99> <CoreInst = "Sel">   --->   Core 73 'Sel' <Latency = 0> <II = 1> <Delay = 0.99> <FuncUnit> <Opcode : 'select'> <InPorts = 3> <OutPorts = 1>
ST_17 : Operation 196 [1/1] (0.00ns)   --->   "%zext_ln28_2 = zext i7 %max_val_4" [../src/pool.cpp:28]   --->   Operation 196 'zext' 'zext_ln28_2' <Predicate = true> <Delay = 0.00>
ST_17 : Operation 197 [1/2] ( I:3.25ns O:3.25ns )   --->   "%pool_ap_fixed_ap_fixed_8_5_5_3_0_int_int_int_int_int_local_input_4_load_3 = load i11 %pool_ap_fixed_ap_fixed_8_5_5_3_0_int_int_int_int_int_local_input_4_addr_3" [../src/pool.cpp:36]   --->   Operation 197 'load' 'pool_ap_fixed_ap_fixed_8_5_5_3_0_int_int_int_int_int_local_input_4_load_3' <Predicate = (trunc_ln36 == 1)> <Delay = 3.25> <CoreInst = "RAM_2P_BRAM">   --->   Core 90 'RAM_2P_BRAM' <Latency = 1> <II = 1> <Delay = 3.25> <Storage> <Opcode : 'load' 'store'> <Ports = 2> <Width = 8> <Depth = 1255> <RAM>
ST_17 : Operation 198 [1/2] ( I:3.25ns O:3.25ns )   --->   "%pool_ap_fixed_ap_fixed_8_5_5_3_0_int_int_int_int_int_local_input_3_load_3 = load i11 %pool_ap_fixed_ap_fixed_8_5_5_3_0_int_int_int_int_int_local_input_3_addr_3" [../src/pool.cpp:36]   --->   Operation 198 'load' 'pool_ap_fixed_ap_fixed_8_5_5_3_0_int_int_int_int_int_local_input_3_load_3' <Predicate = (trunc_ln36 == 2)> <Delay = 3.25> <CoreInst = "RAM_2P_BRAM">   --->   Core 90 'RAM_2P_BRAM' <Latency = 1> <II = 1> <Delay = 3.25> <Storage> <Opcode : 'load' 'store'> <Ports = 2> <Width = 8> <Depth = 1255> <RAM>
ST_17 : Operation 199 [1/2] ( I:3.25ns O:3.25ns )   --->   "%pool_ap_fixed_ap_fixed_8_5_5_3_0_int_int_int_int_int_local_input_2_load_3 = load i11 %pool_ap_fixed_ap_fixed_8_5_5_3_0_int_int_int_int_int_local_input_2_addr_3" [../src/pool.cpp:36]   --->   Operation 199 'load' 'pool_ap_fixed_ap_fixed_8_5_5_3_0_int_int_int_int_int_local_input_2_load_3' <Predicate = (trunc_ln36 == 3)> <Delay = 3.25> <CoreInst = "RAM_2P_BRAM">   --->   Core 90 'RAM_2P_BRAM' <Latency = 1> <II = 1> <Delay = 3.25> <Storage> <Opcode : 'load' 'store'> <Ports = 2> <Width = 8> <Depth = 1255> <RAM>
ST_17 : Operation 200 [1/2] ( I:3.25ns O:3.25ns )   --->   "%pool_ap_fixed_ap_fixed_8_5_5_3_0_int_int_int_int_int_local_input_1_load_3 = load i11 %pool_ap_fixed_ap_fixed_8_5_5_3_0_int_int_int_int_int_local_input_1_addr_3" [../src/pool.cpp:36]   --->   Operation 200 'load' 'pool_ap_fixed_ap_fixed_8_5_5_3_0_int_int_int_int_int_local_input_1_load_3' <Predicate = (trunc_ln36 == 4)> <Delay = 3.25> <CoreInst = "RAM_2P_BRAM">   --->   Core 90 'RAM_2P_BRAM' <Latency = 1> <II = 1> <Delay = 3.25> <Storage> <Opcode : 'load' 'store'> <Ports = 2> <Width = 8> <Depth = 1255> <RAM>
ST_17 : Operation 201 [1/2] ( I:3.25ns O:3.25ns )   --->   "%pool_ap_fixed_ap_fixed_8_5_5_3_0_int_int_int_int_int_local_input_load_3 = load i11 %pool_ap_fixed_ap_fixed_8_5_5_3_0_int_int_int_int_int_local_input_addr_3" [../src/pool.cpp:36]   --->   Operation 201 'load' 'pool_ap_fixed_ap_fixed_8_5_5_3_0_int_int_int_int_int_local_input_load_3' <Predicate = (trunc_ln36 == 0)> <Delay = 3.25> <CoreInst = "RAM_2P_BRAM">   --->   Core 90 'RAM_2P_BRAM' <Latency = 1> <II = 1> <Delay = 3.25> <Storage> <Opcode : 'load' 'store'> <Ports = 2> <Width = 8> <Depth = 1255> <RAM>
ST_17 : Operation 202 [1/1] (1.94ns)   --->   "%val_3 = sparsemux i8 @_ssdm_op_SparseMux.ap_auto.5i8.i8.i3, i3 1, i8 %pool_ap_fixed_ap_fixed_8_5_5_3_0_int_int_int_int_int_local_input_4_load_3, i3 2, i8 %pool_ap_fixed_ap_fixed_8_5_5_3_0_int_int_int_int_int_local_input_3_load_3, i3 3, i8 %pool_ap_fixed_ap_fixed_8_5_5_3_0_int_int_int_int_int_local_input_2_load_3, i3 4, i8 %pool_ap_fixed_ap_fixed_8_5_5_3_0_int_int_int_int_int_local_input_1_load_3, i3 0, i8 %pool_ap_fixed_ap_fixed_8_5_5_3_0_int_int_int_int_int_local_input_load_3, i8 0, i3 %trunc_ln36" [../src/pool.cpp:36]   --->   Operation 202 'sparsemux' 'val_3' <Predicate = true> <Delay = 1.94> <CoreInst = "BinarySparseMux_DontCare">   --->   Core 137 'BinarySparseMux_DontCare' <Latency = 0> <II = 1> <Delay = 1.94> <FuncUnit> <Opcode : 'sparsemux'> <InPorts = 2> <OutPorts = 1>
ST_17 : Operation 203 [1/1] (0.00ns)   --->   "%trunc_ln36_4 = trunc i8 %val_3" [../src/pool.cpp:36]   --->   Operation 203 'trunc' 'trunc_ln36_4' <Predicate = true> <Delay = 0.00>
ST_17 : Operation 204 [1/1] (1.91ns)   --->   "%icmp_ln37_3 = icmp_sgt  i8 %val_3, i8 %zext_ln28_2" [../src/pool.cpp:37]   --->   Operation 204 'icmp' 'icmp_ln37_3' <Predicate = true> <Delay = 1.91> <CoreInst = "Cmp">   --->   Core 9 'Cmp' <Latency = 0> <II = 1> <Delay = 1.91> <FuncUnit> <Opcode : 'seteq' 'setne' 'setle' 'setge' 'setlt' 'setgt'> <InPorts = 2> <OutPorts = 1>
ST_17 : Operation 205 [1/1] (0.99ns)   --->   "%max_val_5 = select i1 %icmp_ln37_3, i7 %trunc_ln36_4, i7 %max_val_4" [../src/pool.cpp:37]   --->   Operation 205 'select' 'max_val_5' <Predicate = true> <Delay = 0.99> <CoreInst = "Sel">   --->   Core 73 'Sel' <Latency = 0> <II = 1> <Delay = 0.99> <FuncUnit> <Opcode : 'select'> <InPorts = 3> <OutPorts = 1>
ST_17 : Operation 213 [1/1] (1.58ns)   --->   "%ret_ln0 = ret"   --->   Operation 213 'ret' 'ret_ln0' <Predicate = (icmp_ln23)> <Delay = 1.58>

State 18 <SV = 17> <Delay = 8.75>
ST_18 : Operation 206 [1/1] (0.00ns)   --->   "%gmem0_addr = getelementptr i8 %gmem0, i64 %outputPool_read" [../src/pool.cpp:23]   --->   Operation 206 'getelementptr' 'gmem0_addr' <Predicate = true> <Delay = 0.00>
ST_18 : Operation 207 [1/1] (0.00ns)   --->   "%specloopname_ln0 = specloopname void @_ssdm_op_SpecLoopName, void @CO_LOOP_H_LOOP_W_LOOP_str"   --->   Operation 207 'specloopname' 'specloopname_ln0' <Predicate = true> <Delay = 0.00>
ST_18 : Operation 208 [1/1] (0.00ns)   --->   "%speclooptripcount_ln0 = speclooptripcount void @_ssdm_op_SpecLoopTripCount, i64 1568, i64 1568, i64 1568"   --->   Operation 208 'speclooptripcount' 'speclooptripcount_ln0' <Predicate = true> <Delay = 0.00>
ST_18 : Operation 209 [1/1] (0.00ns)   --->   "%specpipeline_ln26 = specpipeline void @_ssdm_op_SpecPipeline, i32 1, i32 0, i32 0, i32 0, i32 4294967295, void @empty_8" [../src/pool.cpp:26]   --->   Operation 209 'specpipeline' 'specpipeline_ln26' <Predicate = true> <Delay = 0.00>
ST_18 : Operation 210 [1/1] (0.00ns)   --->   "%zext_ln28_3 = zext i7 %max_val_5" [../src/pool.cpp:28]   --->   Operation 210 'zext' 'zext_ln28_3' <Predicate = true> <Delay = 0.00>
ST_18 : Operation 211 [1/1] ( I:8.75ns O:8.75ns )   --->   "%write_ln40 = write void @_ssdm_op_Write.m_axi.p1i8.i8, i8 %gmem0_addr, i8 %zext_ln28_3, i1 1" [../src/pool.cpp:40]   --->   Operation 211 'write' 'write_ln40' <Predicate = true> <Delay = 8.75> <CoreInst = "m_axi">   --->   Core 111 'm_axi' <Latency = 5> <II = 1> <Delay = 1.00> <Adapter> <Opcode : 'readrequnaligned' 'writerequnaligned' 'read' 'write' 'readreq' 'writereq' 'writeresp'>
ST_18 : Operation 212 [1/1] (0.00ns)   --->   "%br_ln25 = br void %if.end.i.i.i" [../src/pool.cpp:25]   --->   Operation 212 'br' 'br_ln25' <Predicate = true> <Delay = 0.00>


============================================================
+ Verbose Summary: Timing violations
============================================================
Target clock period: 10.000ns, clock uncertainty: 1.250ns.

 <State 1>: 4.815ns
The critical path consists of the following:
	'store' operation ('store_ln0') of constant 0 11 bit on local variable 'indvar_flatten12' [20]  (1.588 ns)
	'load' operation 11 bit ('indvar_flatten12_load', ../src/pool.cpp:23) on local variable 'indvar_flatten12' [27]  (0.000 ns)
	'icmp' operation 1 bit ('icmp_ln23', ../src/pool.cpp:23) [28]  (1.639 ns)
	'store' operation ('store_ln23', ../src/pool.cpp:23) of variable 'add_ln23', ../src/pool.cpp:23 11 bit on local variable 'indvar_flatten12' [165]  (1.588 ns)

 <State 2>: 7.286ns
The critical path consists of the following:
	'load' operation 8 bit ('indvar_flatten_load', ../src/pool.cpp:24) on local variable 'indvar_flatten' [34]  (0.000 ns)
	'icmp' operation 1 bit ('icmp_ln24', ../src/pool.cpp:24) [39]  (1.915 ns)
	'select' operation 4 bit ('select_ln23', ../src/pool.cpp:23) [40]  (1.024 ns)
	'add' operation 4 bit ('add_ln24', ../src/pool.cpp:24) [46]  (1.735 ns)
	'select' operation 4 bit ('select_ln24', ../src/pool.cpp:24) [49]  (1.024 ns)
	'store' operation ('store_ln24', ../src/pool.cpp:24) of variable 'select_ln24', ../src/pool.cpp:24 4 bit on local variable 'h', ../src/pool.cpp:24 [168]  (1.588 ns)

 <State 3>: 8.126ns
The critical path consists of the following:
	'sub' operation 7 bit ('sub_ln34', ../src/pool.cpp:34) [60]  (1.870 ns)
	'add' operation 8 bit ('add_ln34_5', ../src/pool.cpp:34) [76]  (1.870 ns)
	'urem' operation 3 bit ('urem_ln36', ../src/pool.cpp:36) [82]  (4.386 ns)

 <State 4>: 4.386ns
The critical path consists of the following:
	'urem' operation 3 bit ('urem_ln36', ../src/pool.cpp:36) [82]  (4.386 ns)

 <State 5>: 4.386ns
The critical path consists of the following:
	'urem' operation 3 bit ('urem_ln36', ../src/pool.cpp:36) [82]  (4.386 ns)

 <State 6>: 4.386ns
The critical path consists of the following:
	'urem' operation 3 bit ('urem_ln36', ../src/pool.cpp:36) [82]  (4.386 ns)

 <State 7>: 4.386ns
The critical path consists of the following:
	'urem' operation 3 bit ('urem_ln36', ../src/pool.cpp:36) [82]  (4.386 ns)

 <State 8>: 4.386ns
The critical path consists of the following:
	'urem' operation 3 bit ('urem_ln36', ../src/pool.cpp:36) [82]  (4.386 ns)

 <State 9>: 4.386ns
The critical path consists of the following:
	'urem' operation 3 bit ('urem_ln36', ../src/pool.cpp:36) [82]  (4.386 ns)

 <State 10>: 4.386ns
The critical path consists of the following:
	'urem' operation 3 bit ('urem_ln36', ../src/pool.cpp:36) [82]  (4.386 ns)

 <State 11>: 4.386ns
The critical path consists of the following:
	'urem' operation 3 bit ('urem_ln36', ../src/pool.cpp:36) [82]  (4.386 ns)

 <State 12>: 4.386ns
The critical path consists of the following:
	'urem' operation 3 bit ('urem_ln36', ../src/pool.cpp:36) [82]  (4.386 ns)

 <State 13>: 7.309ns
The critical path consists of the following:
	'mul' operation 13 bit ('mul_ln24', ../src/pool.cpp:24) [56]  (5.630 ns)
	'add' operation 13 bit ('add_ln34', ../src/pool.cpp:34) [66]  (1.679 ns)

 <State 14>: 7.269ns
The critical path consists of the following:
	'add' operation 13 bit ('add_ln34_6', ../src/pool.cpp:34) [77]  (1.679 ns)
	'mul' operation 27 bit ('mul_ln36', ../src/pool.cpp:36) [79]  (5.590 ns)

 <State 15>: 3.254ns
The critical path consists of the following:
	'getelementptr' operation 11 bit ('pool_ap_fixed_ap_fixed_8_5_5_3_0_int_int_int_int_int_local_input_4_addr', ../src/pool.cpp:36) [84]  (0.000 ns)
	'load' operation 8 bit ('pool_ap_fixed_ap_fixed_8_5_5_3_0_int_int_int_int_int_local_input_4_load', ../src/pool.cpp:36) on array 'pool_ap_fixed_ap_fixed_8_5_5_3_0_int_int_int_int_int_local_input_4' [89]  (3.254 ns)

 <State 16>: 8.108ns
The critical path consists of the following:
	'load' operation 8 bit ('pool_ap_fixed_ap_fixed_8_5_5_3_0_int_int_int_int_int_local_input_4_load', ../src/pool.cpp:36) on array 'pool_ap_fixed_ap_fixed_8_5_5_3_0_int_int_int_int_int_local_input_4' [89]  (3.254 ns)
	'sparsemux' operation 8 bit ('val', ../src/pool.cpp:36) [94]  (1.946 ns)
	'icmp' operation 1 bit ('icmp_ln37', ../src/pool.cpp:37) [96]  (1.915 ns)
	'select' operation 7 bit ('max_val', ../src/pool.cpp:37) [97]  (0.993 ns)

 <State 17>: 8.724ns
The critical path consists of the following:
	'icmp' operation 1 bit ('icmp_ln37_1', ../src/pool.cpp:37) [118]  (1.915 ns)
	'select' operation 7 bit ('max_val', ../src/pool.cpp:37) [119]  (0.993 ns)
	'icmp' operation 1 bit ('icmp_ln37_2', ../src/pool.cpp:37) [138]  (1.915 ns)
	'select' operation 7 bit ('max_val', ../src/pool.cpp:37) [139]  (0.993 ns)
	'icmp' operation 1 bit ('icmp_ln37_3', ../src/pool.cpp:37) [158]  (1.915 ns)
	'select' operation 7 bit ('max_val', ../src/pool.cpp:37) [159]  (0.993 ns)

 <State 18>: 8.750ns
The critical path consists of the following:
	'getelementptr' operation 8 bit ('gmem0_addr', ../src/pool.cpp:23) [36]  (0.000 ns)
	bus write operation ('write_ln40', ../src/pool.cpp:40) on port 'gmem0' (../src/pool.cpp:40) [161]  (8.750 ns)


============================================================
+ Verbose Summary: Binding
============================================================
N/A
* FSMD analyzer results:
  - Output states:
 - Input state : 
  - Chain level:
	State 1
	State 2
	State 3
	State 4
	State 5
	State 6
	State 7
	State 8
	State 9
	State 10
	State 11
	State 12
	State 13
	State 14
	State 15
	State 16
	State 17
	State 18


============================================================
+ Verbose Summary: Datapath Resource usage 
============================================================
N/A
