

================================================================
== Vitis HLS Report for 'pool'
================================================================
* Date:           Sun Mar 15 23:46:45 2026

* Version:        2025.2 (Build 6295257 on Nov 14 2025)
* Project:        top
* Solution:       hls (Vivado IP Flow Target)
* Product family: zynq
* Target device:  xc7z020-clg484-1


================================================================
== Performance Estimates
================================================================
+ Timing: 
    * Summary: 
    +--------+----------+----------+------------+
    |  Clock |  Target  | Estimated| Uncertainty|
    +--------+----------+----------+------------+
    |ap_clk  |  10.00 ns|  8.126 ns|     1.25 ns|
    +--------+----------+----------+------------+

+ Latency: 
    * Summary: 
    +---------+---------+-----------+-----------+-----+-----+-------------------+
    |  Latency (cycles) |   Latency (absolute)  |  Interval |      Pipeline     |
    |   min   |   max   |    min    |    max    | min | max |        Type       |
    +---------+---------+-----------+-----------+-----+-----+-------------------+
    |     1586|     1586|  15.860 us|  15.860 us|    0|    0|  loop pipeline stp|
    +---------+---------+-----------+-----------+-----+-----+-------------------+

    + Detail: 
        * Instance: 
        N/A

        * Loop: 
        +-------------------------+---------+---------+----------+-----------+-----------+------+----------+
        |                         |  Latency (cycles) | Iteration|  Initiation Interval  | Trip |          |
        |        Loop Name        |   min   |   max   |  Latency |  achieved |   target  | Count| Pipelined|
        +-------------------------+---------+---------+----------+-----------+-----------+------+----------+
        |- CO_LOOP_H_LOOP_W_LOOP  |     1584|     1584|        18|          1|          1|  1568|       yes|
        +-------------------------+---------+---------+----------+-----------+-----------+------+----------+

============================================================
+ Verbose Summary: Synthesis Manager
============================================================
InlineROM: 1
ExposeGlobal: 0
============================================================
+ Verbose Summary: CDFG Model
============================================================
IsTopModel: 0
ResetActiveHigh: 1
IsCombinational: 0
IsDatapathOnly: 0
HasWiredReturn: 1
HasMFsm: 2
HasVarLatency: 1
IsPipeline: 0
IsRtlPipelined: 0
IsInstanceOverlapped: 0
IsDontTouch: 0
HasImplIP: 0
IsGatedGlobalClock: 0

+ Individual pipeline summary: 
  * Pipeline-0: initiation interval (II) = 1, depth = 18


============================================================
+ Verbose Summary: Schedule
============================================================
* Number of FSM states : 18
* Pipeline : 1
  Pipeline-0 : II = 1, D = 18, States = { 1 2 3 4 5 6 7 8 9 10 11 12 13 14 15 16 17 18 }
* Dataflow Pipeline: 0

* FSM state transitions: 
1 --> 2 
2 --> 3 
3 --> 4 
4 --> 5 
5 --> 6 
6 --> 7 
7 --> 8 
8 --> 9 
9 --> 10 
10 --> 11 
11 --> 12 
12 --> 13 
13 --> 14 
14 --> 15 
15 --> 16 
16 --> 17 
17 --> 18 
18 --> 

* FSM state operations: 

State 1 <SV = 0> <Delay = 4.81>
ST_1 : Operation 21 [1/1] (0.00ns)   --->   "%w = alloca i32 1" [../src/pool.cpp:18]   --->   Operation 21 'alloca' 'w' <Predicate = true> <Delay = 0.00>
ST_1 : Operation 22 [1/1] (0.00ns)   --->   "%h = alloca i32 1" [../src/pool.cpp:17]   --->   Operation 22 'alloca' 'h' <Predicate = true> <Delay = 0.00>
ST_1 : Operation 23 [1/1] (0.00ns)   --->   "%indvar_flatten = alloca i32 1"   --->   Operation 23 'alloca' 'indvar_flatten' <Predicate = true> <Delay = 0.00>
ST_1 : Operation 24 [1/1] (0.00ns)   --->   "%co = alloca i32 1" [../src/pool.cpp:16]   --->   Operation 24 'alloca' 'co' <Predicate = true> <Delay = 0.00>
ST_1 : Operation 25 [1/1] (0.00ns)   --->   "%indvar_flatten12 = alloca i32 1"   --->   Operation 25 'alloca' 'indvar_flatten12' <Predicate = true> <Delay = 0.00>
ST_1 : Operation 26 [1/1] (0.00ns)   --->   "%specmemcore_ln0 = specmemcore void @_ssdm_op_SpecMemCore, i7 %outputPool_0, i64 666, i64 22, i64 18446744073709551615, i1 0"   --->   Operation 26 'specmemcore' 'specmemcore_ln0' <Predicate = true> <Delay = 0.00>
ST_1 : Operation 27 [1/1] (0.00ns)   --->   "%specmemcore_ln0 = specmemcore void @_ssdm_op_SpecMemCore, i7 %outputPool_1, i64 666, i64 22, i64 18446744073709551615, i1 0"   --->   Operation 27 'specmemcore' 'specmemcore_ln0' <Predicate = true> <Delay = 0.00>
ST_1 : Operation 28 [1/1] (0.00ns)   --->   "%specmemcore_ln0 = specmemcore void @_ssdm_op_SpecMemCore, i7 %outputPool_2, i64 666, i64 22, i64 18446744073709551615, i1 0"   --->   Operation 28 'specmemcore' 'specmemcore_ln0' <Predicate = true> <Delay = 0.00>
ST_1 : Operation 29 [1/1] (0.00ns)   --->   "%specmemcore_ln0 = specmemcore void @_ssdm_op_SpecMemCore, i7 %outputPool_3, i64 666, i64 22, i64 18446744073709551615, i1 0"   --->   Operation 29 'specmemcore' 'specmemcore_ln0' <Predicate = true> <Delay = 0.00>
ST_1 : Operation 30 [1/1] (0.00ns)   --->   "%specmemcore_ln0 = specmemcore void @_ssdm_op_SpecMemCore, i7 %outputPool_4, i64 666, i64 22, i64 18446744073709551615, i1 0"   --->   Operation 30 'specmemcore' 'specmemcore_ln0' <Predicate = true> <Delay = 0.00>
ST_1 : Operation 31 [1/1] (0.00ns)   --->   "%specmemcore_ln0 = specmemcore void @_ssdm_op_SpecMemCore, i7 %outputPool_5, i64 666, i64 22, i64 18446744073709551615, i1 0"   --->   Operation 31 'specmemcore' 'specmemcore_ln0' <Predicate = true> <Delay = 0.00>
ST_1 : Operation 32 [1/1] (0.00ns)   --->   "%specmemcore_ln0 = specmemcore void @_ssdm_op_SpecMemCore, i7 %outputPool_6, i64 666, i64 22, i64 18446744073709551615, i1 0"   --->   Operation 32 'specmemcore' 'specmemcore_ln0' <Predicate = true> <Delay = 0.00>
ST_1 : Operation 33 [1/1] (0.00ns)   --->   "%specmemcore_ln0 = specmemcore void @_ssdm_op_SpecMemCore, i7 %outputPool_7, i64 666, i64 22, i64 18446744073709551615, i1 0"   --->   Operation 33 'specmemcore' 'specmemcore_ln0' <Predicate = true> <Delay = 0.00>
ST_1 : Operation 34 [1/1] (0.00ns)   --->   "%specmemcore_ln0 = specmemcore void @_ssdm_op_SpecMemCore, i7 %input_0, i64 666, i64 22, i64 18446744073709551615, i1 0"   --->   Operation 34 'specmemcore' 'specmemcore_ln0' <Predicate = true> <Delay = 0.00>
ST_1 : Operation 35 [1/1] (0.00ns)   --->   "%specmemcore_ln0 = specmemcore void @_ssdm_op_SpecMemCore, i7 %input_1, i64 666, i64 22, i64 18446744073709551615, i1 0"   --->   Operation 35 'specmemcore' 'specmemcore_ln0' <Predicate = true> <Delay = 0.00>
ST_1 : Operation 36 [1/1] (0.00ns)   --->   "%specmemcore_ln0 = specmemcore void @_ssdm_op_SpecMemCore, i7 %input_2, i64 666, i64 22, i64 18446744073709551615, i1 0"   --->   Operation 36 'specmemcore' 'specmemcore_ln0' <Predicate = true> <Delay = 0.00>
ST_1 : Operation 37 [1/1] (0.00ns)   --->   "%specmemcore_ln0 = specmemcore void @_ssdm_op_SpecMemCore, i7 %input_3, i64 666, i64 22, i64 18446744073709551615, i1 0"   --->   Operation 37 'specmemcore' 'specmemcore_ln0' <Predicate = true> <Delay = 0.00>
ST_1 : Operation 38 [1/1] (0.00ns)   --->   "%specmemcore_ln0 = specmemcore void @_ssdm_op_SpecMemCore, i7 %input_4, i64 666, i64 22, i64 18446744073709551615, i1 0"   --->   Operation 38 'specmemcore' 'specmemcore_ln0' <Predicate = true> <Delay = 0.00>
ST_1 : Operation 39 [1/1] (1.58ns)   --->   "%store_ln0 = store i11 0, i11 %indvar_flatten12"   --->   Operation 39 'store' 'store_ln0' <Predicate = true> <Delay = 1.58>
ST_1 : Operation 40 [1/1] (1.58ns)   --->   "%store_ln16 = store i4 0, i4 %co" [../src/pool.cpp:16]   --->   Operation 40 'store' 'store_ln16' <Predicate = true> <Delay = 1.58>
ST_1 : Operation 41 [1/1] (1.58ns)   --->   "%store_ln0 = store i8 0, i8 %indvar_flatten"   --->   Operation 41 'store' 'store_ln0' <Predicate = true> <Delay = 1.58>
ST_1 : Operation 42 [1/1] (1.58ns)   --->   "%store_ln17 = store i4 0, i4 %h" [../src/pool.cpp:17]   --->   Operation 42 'store' 'store_ln17' <Predicate = true> <Delay = 1.58>
ST_1 : Operation 43 [1/1] (1.58ns)   --->   "%store_ln18 = store i4 0, i4 %w" [../src/pool.cpp:18]   --->   Operation 43 'store' 'store_ln18' <Predicate = true> <Delay = 1.58>
ST_1 : Operation 44 [1/1] (0.00ns)   --->   "%br_ln16 = br void %if.end.i.i.i" [../src/pool.cpp:16]   --->   Operation 44 'br' 'br_ln16' <Predicate = true> <Delay = 0.00>
ST_1 : Operation 45 [1/1] (0.00ns)   --->   "%indvar_flatten12_load = load i11 %indvar_flatten12" [../src/pool.cpp:16]   --->   Operation 45 'load' 'indvar_flatten12_load' <Predicate = true> <Delay = 0.00>
ST_1 : Operation 46 [1/1] (1.63ns)   --->   "%icmp_ln16 = icmp_eq  i11 %indvar_flatten12_load, i11 1568" [../src/pool.cpp:16]   --->   Operation 46 'icmp' 'icmp_ln16' <Predicate = true> <Delay = 1.63> <CoreInst = "Cmp">   --->   Core 9 'Cmp' <Latency = 0> <II = 1> <Delay = 1.63> <FuncUnit> <Opcode : 'seteq' 'setne' 'setle' 'setge' 'setlt' 'setgt'> <InPorts = 2> <OutPorts = 1>
ST_1 : Operation 47 [1/1] (1.63ns)   --->   "%add_ln16 = add i11 %indvar_flatten12_load, i11 1" [../src/pool.cpp:16]   --->   Operation 47 'add' 'add_ln16' <Predicate = true> <Delay = 1.63> <CoreInst = "Adder">   --->   Core 1 'Adder' <Latency = 0> <II = 1> <Delay = 1.63> <FuncUnit> <Opcode : 'add' 'sub'> <InPorts = 2> <OutPorts = 1>
ST_1 : Operation 48 [1/1] (0.00ns)   --->   "%br_ln16 = br i1 %icmp_ln16, void %for.inc44, void %for.end46" [../src/pool.cpp:16]   --->   Operation 48 'br' 'br_ln16' <Predicate = true> <Delay = 0.00>
ST_1 : Operation 49 [1/1] (1.58ns)   --->   "%store_ln16 = store i11 %add_ln16, i11 %indvar_flatten12" [../src/pool.cpp:16]   --->   Operation 49 'store' 'store_ln16' <Predicate = (!icmp_ln16)> <Delay = 1.58>

State 2 <SV = 1> <Delay = 7.28>
ST_2 : Operation 50 [1/1] (0.00ns)   --->   "%indvar_flatten_load = load i8 %indvar_flatten" [../src/pool.cpp:17]   --->   Operation 50 'load' 'indvar_flatten_load' <Predicate = true> <Delay = 0.00>
ST_2 : Operation 51 [1/1] (0.00ns)   --->   "%w_load = load i4 %w" [../src/pool.cpp:18]   --->   Operation 51 'load' 'w_load' <Predicate = (!icmp_ln16)> <Delay = 0.00>
ST_2 : Operation 52 [1/1] (0.00ns)   --->   "%h_load = load i4 %h" [../src/pool.cpp:16]   --->   Operation 52 'load' 'h_load' <Predicate = (!icmp_ln16)> <Delay = 0.00>
ST_2 : Operation 53 [1/1] (0.00ns)   --->   "%co_load = load i4 %co" [../src/pool.cpp:16]   --->   Operation 53 'load' 'co_load' <Predicate = (!icmp_ln16)> <Delay = 0.00>
ST_2 : Operation 54 [1/1] (1.91ns)   --->   "%icmp_ln17 = icmp_eq  i8 %indvar_flatten_load, i8 196" [../src/pool.cpp:17]   --->   Operation 54 'icmp' 'icmp_ln17' <Predicate = (!icmp_ln16)> <Delay = 1.91> <CoreInst = "Cmp">   --->   Core 9 'Cmp' <Latency = 0> <II = 1> <Delay = 1.91> <FuncUnit> <Opcode : 'seteq' 'setne' 'setle' 'setge' 'setlt' 'setgt'> <InPorts = 2> <OutPorts = 1>
ST_2 : Operation 55 [1/1] (1.02ns)   --->   "%select_ln16 = select i1 %icmp_ln17, i4 0, i4 %h_load" [../src/pool.cpp:16]   --->   Operation 55 'select' 'select_ln16' <Predicate = (!icmp_ln16)> <Delay = 1.02> <CoreInst = "Sel">   --->   Core 73 'Sel' <Latency = 0> <II = 1> <Delay = 1.02> <FuncUnit> <Opcode : 'select'> <InPorts = 3> <OutPorts = 1>
ST_2 : Operation 56 [1/1] (0.00ns) (grouped into LUT with out node and_ln16)   --->   "%xor_ln16 = xor i1 %icmp_ln17, i1 1" [../src/pool.cpp:16]   --->   Operation 56 'xor' 'xor_ln16' <Predicate = (!icmp_ln16)> <Delay = 0.00> <CoreInst = "LogicGate">   --->   Core 74 'LogicGate' <Latency = 0> <II = 1> <Delay = 0.97> <FuncUnit> <Opcode : 'and' 'or' 'xor'> <InPorts = 2> <OutPorts = 1>
ST_2 : Operation 57 [1/1] (1.73ns)   --->   "%icmp_ln18 = icmp_eq  i4 %w_load, i4 14" [../src/pool.cpp:18]   --->   Operation 57 'icmp' 'icmp_ln18' <Predicate = (!icmp_ln16)> <Delay = 1.73> <CoreInst = "Cmp">   --->   Core 9 'Cmp' <Latency = 0> <II = 1> <Delay = 1.73> <FuncUnit> <Opcode : 'seteq' 'setne' 'setle' 'setge' 'setlt' 'setgt'> <InPorts = 2> <OutPorts = 1>
ST_2 : Operation 58 [1/1] (0.97ns) (out node of the LUT)   --->   "%and_ln16 = and i1 %icmp_ln18, i1 %xor_ln16" [../src/pool.cpp:16]   --->   Operation 58 'and' 'and_ln16' <Predicate = (!icmp_ln16)> <Delay = 0.97> <CoreInst = "LogicGate">   --->   Core 74 'LogicGate' <Latency = 0> <II = 1> <Delay = 0.97> <FuncUnit> <Opcode : 'and' 'or' 'xor'> <InPorts = 2> <OutPorts = 1>
ST_2 : Operation 59 [1/1] (1.73ns)   --->   "%add_ln16_2 = add i4 %co_load, i4 1" [../src/pool.cpp:16]   --->   Operation 59 'add' 'add_ln16_2' <Predicate = (!icmp_ln16)> <Delay = 1.73> <CoreInst = "Adder">   --->   Core 1 'Adder' <Latency = 0> <II = 1> <Delay = 1.73> <FuncUnit> <Opcode : 'add' 'sub'> <InPorts = 2> <OutPorts = 1>
ST_2 : Operation 60 [1/1] (1.02ns)   --->   "%select_ln16_2 = select i1 %icmp_ln17, i4 %add_ln16_2, i4 %co_load" [../src/pool.cpp:16]   --->   Operation 60 'select' 'select_ln16_2' <Predicate = (!icmp_ln16)> <Delay = 1.02> <CoreInst = "Sel">   --->   Core 73 'Sel' <Latency = 0> <II = 1> <Delay = 1.02> <FuncUnit> <Opcode : 'select'> <InPorts = 3> <OutPorts = 1>
ST_2 : Operation 61 [1/1] (1.73ns)   --->   "%add_ln17 = add i4 %select_ln16, i4 1" [../src/pool.cpp:17]   --->   Operation 61 'add' 'add_ln17' <Predicate = (!icmp_ln16)> <Delay = 1.73> <CoreInst = "Adder">   --->   Core 1 'Adder' <Latency = 0> <II = 1> <Delay = 1.73> <FuncUnit> <Opcode : 'add' 'sub'> <InPorts = 2> <OutPorts = 1>
ST_2 : Operation 62 [1/1] (0.00ns) (grouped into LUT with out node w_mid2)   --->   "%empty = or i1 %and_ln16, i1 %icmp_ln17" [../src/pool.cpp:16]   --->   Operation 62 'or' 'empty' <Predicate = (!icmp_ln16)> <Delay = 0.00> <CoreInst = "LogicGate">   --->   Core 74 'LogicGate' <Latency = 0> <II = 1> <Delay = 0.97> <FuncUnit> <Opcode : 'and' 'or' 'xor'> <InPorts = 2> <OutPorts = 1>
ST_2 : Operation 63 [1/1] (1.02ns) (out node of the LUT)   --->   "%w_mid2 = select i1 %empty, i4 0, i4 %w_load" [../src/pool.cpp:16]   --->   Operation 63 'select' 'w_mid2' <Predicate = (!icmp_ln16)> <Delay = 1.02> <CoreInst = "Sel">   --->   Core 73 'Sel' <Latency = 0> <II = 1> <Delay = 1.02> <FuncUnit> <Opcode : 'select'> <InPorts = 3> <OutPorts = 1>
ST_2 : Operation 64 [1/1] (1.02ns)   --->   "%select_ln17 = select i1 %and_ln16, i4 %add_ln17, i4 %select_ln16" [../src/pool.cpp:17]   --->   Operation 64 'select' 'select_ln17' <Predicate = (!icmp_ln16)> <Delay = 1.02> <CoreInst = "Sel">   --->   Core 73 'Sel' <Latency = 0> <II = 1> <Delay = 1.02> <FuncUnit> <Opcode : 'select'> <InPorts = 3> <OutPorts = 1>
ST_2 : Operation 65 [1/1] (0.00ns)   --->   "%zext_ln27 = zext i4 %select_ln16_2" [../src/pool.cpp:27]   --->   Operation 65 'zext' 'zext_ln27' <Predicate = (!icmp_ln16)> <Delay = 0.00>
ST_2 : Operation 66 [1/1] (0.00ns)   --->   "%trunc_ln27 = trunc i4 %select_ln16_2" [../src/pool.cpp:27]   --->   Operation 66 'trunc' 'trunc_ln27' <Predicate = (!icmp_ln16)> <Delay = 0.00>
ST_2 : Operation 67 [1/1] (0.00ns)   --->   "%p_shl4 = bitconcatenate i6 @_ssdm_op_BitConcatenate.i6.i3.i3, i3 %trunc_ln27, i3 0" [../src/pool.cpp:27]   --->   Operation 67 'bitconcatenate' 'p_shl4' <Predicate = (!icmp_ln16)> <Delay = 0.00>
ST_2 : Operation 68 [1/1] (1.82ns)   --->   "%add_ln27_9 = add i6 %p_shl4, i6 %zext_ln27" [../src/pool.cpp:27]   --->   Operation 68 'add' 'add_ln27_9' <Predicate = (!icmp_ln16)> <Delay = 1.82> <CoreInst = "Adder">   --->   Core 1 'Adder' <Latency = 0> <II = 1> <Delay = 1.82> <FuncUnit> <Opcode : 'add' 'sub'> <InPorts = 2> <OutPorts = 1>
ST_2 : Operation 69 [1/1] (0.00ns)   --->   "%trunc_ln33 = trunc i4 %select_ln16_2" [../src/pool.cpp:33]   --->   Operation 69 'trunc' 'trunc_ln33' <Predicate = (!icmp_ln16)> <Delay = 0.00>
ST_2 : Operation 70 [1/1] (0.00ns)   --->   "%trunc_ln18 = trunc i4 %w_mid2" [../src/pool.cpp:18]   --->   Operation 70 'trunc' 'trunc_ln18' <Predicate = (!icmp_ln16)> <Delay = 0.00>
ST_2 : Operation 71 [1/1] (1.73ns)   --->   "%add_ln18 = add i4 %w_mid2, i4 1" [../src/pool.cpp:18]   --->   Operation 71 'add' 'add_ln18' <Predicate = (!icmp_ln16)> <Delay = 1.73> <CoreInst = "Adder">   --->   Core 1 'Adder' <Latency = 0> <II = 1> <Delay = 1.73> <FuncUnit> <Opcode : 'add' 'sub'> <InPorts = 2> <OutPorts = 1>
ST_2 : Operation 72 [1/1] (1.91ns)   --->   "%add_ln17_2 = add i8 %indvar_flatten_load, i8 1" [../src/pool.cpp:17]   --->   Operation 72 'add' 'add_ln17_2' <Predicate = (!icmp_ln16)> <Delay = 1.91> <CoreInst = "Adder">   --->   Core 1 'Adder' <Latency = 0> <II = 1> <Delay = 1.91> <FuncUnit> <Opcode : 'add' 'sub'> <InPorts = 2> <OutPorts = 1>
ST_2 : Operation 73 [1/1] (1.24ns)   --->   "%select_ln17_2 = select i1 %icmp_ln17, i8 1, i8 %add_ln17_2" [../src/pool.cpp:17]   --->   Operation 73 'select' 'select_ln17_2' <Predicate = (!icmp_ln16)> <Delay = 1.24> <CoreInst = "Sel">   --->   Core 73 'Sel' <Latency = 0> <II = 1> <Delay = 1.24> <FuncUnit> <Opcode : 'select'> <InPorts = 3> <OutPorts = 1>
ST_2 : Operation 74 [1/1] (1.58ns)   --->   "%store_ln16 = store i4 %select_ln16_2, i4 %co" [../src/pool.cpp:16]   --->   Operation 74 'store' 'store_ln16' <Predicate = (!icmp_ln16)> <Delay = 1.58>
ST_2 : Operation 75 [1/1] (1.58ns)   --->   "%store_ln17 = store i8 %select_ln17_2, i8 %indvar_flatten" [../src/pool.cpp:17]   --->   Operation 75 'store' 'store_ln17' <Predicate = (!icmp_ln16)> <Delay = 1.58>
ST_2 : Operation 76 [1/1] (1.58ns)   --->   "%store_ln17 = store i4 %select_ln17, i4 %h" [../src/pool.cpp:17]   --->   Operation 76 'store' 'store_ln17' <Predicate = (!icmp_ln16)> <Delay = 1.58>
ST_2 : Operation 77 [1/1] (1.58ns)   --->   "%store_ln18 = store i4 %add_ln18, i4 %w" [../src/pool.cpp:18]   --->   Operation 77 'store' 'store_ln18' <Predicate = (!icmp_ln16)> <Delay = 1.58>
ST_2 : Operation 78 [1/1] (0.00ns)   --->   "%br_ln18 = br void %if.end.i.i.i" [../src/pool.cpp:18]   --->   Operation 78 'br' 'br_ln18' <Predicate = (!icmp_ln16)> <Delay = 0.00>

State 3 <SV = 2> <Delay = 8.12>
ST_3 : Operation 79 [1/1] (0.00ns)   --->   "%zext_ln27_1 = zext i6 %add_ln27_9" [../src/pool.cpp:27]   --->   Operation 79 'zext' 'zext_ln27_1' <Predicate = true> <Delay = 0.00>
ST_3 : Operation 80 [1/1] (0.00ns)   --->   "%shl_ln = bitconcatenate i3 @_ssdm_op_BitConcatenate.i3.i1.i2, i1 %trunc_ln33, i2 0" [../src/pool.cpp:33]   --->   Operation 80 'bitconcatenate' 'shl_ln' <Predicate = true> <Delay = 0.00>
ST_3 : Operation 81 [1/1] (0.00ns)   --->   "%p_shl5 = bitconcatenate i7 @_ssdm_op_BitConcatenate.i7.i4.i3, i4 %select_ln17, i3 0" [../src/pool.cpp:33]   --->   Operation 81 'bitconcatenate' 'p_shl5' <Predicate = true> <Delay = 0.00>
ST_3 : Operation 82 [1/1] (0.00ns)   --->   "%tmp = bitconcatenate i5 @_ssdm_op_BitConcatenate.i5.i4.i1, i4 %select_ln17, i1 0" [../src/pool.cpp:33]   --->   Operation 82 'bitconcatenate' 'tmp' <Predicate = true> <Delay = 0.00>
ST_3 : Operation 83 [1/1] (0.00ns)   --->   "%zext_ln33_4 = zext i5 %tmp" [../src/pool.cpp:33]   --->   Operation 83 'zext' 'zext_ln33_4' <Predicate = true> <Delay = 0.00>
ST_3 : Operation 84 [1/1] (1.87ns)   --->   "%sub_ln33 = sub i7 %p_shl5, i7 %zext_ln33_4" [../src/pool.cpp:33]   --->   Operation 84 'sub' 'sub_ln33' <Predicate = true> <Delay = 1.87> <CoreInst = "Adder">   --->   Core 1 'Adder' <Latency = 0> <II = 1> <Delay = 1.87> <FuncUnit> <Opcode : 'add' 'sub'> <InPorts = 2> <OutPorts = 1>
ST_3 : Operation 85 [1/1] (0.00ns)   --->   "%trunc_ln33_1 = trunc i7 %sub_ln33" [../src/pool.cpp:33]   --->   Operation 85 'trunc' 'trunc_ln33_1' <Predicate = true> <Delay = 0.00>
ST_3 : Operation 86 [1/1] (0.00ns)   --->   "%zext_ln33_2 = zext i7 %sub_ln33" [../src/pool.cpp:33]   --->   Operation 86 'zext' 'zext_ln33_2' <Predicate = true> <Delay = 0.00>
ST_3 : Operation 87 [1/1] (0.00ns)   --->   "%shl_ln1 = bitconcatenate i5 @_ssdm_op_BitConcatenate.i5.i4.i1, i4 %w_mid2, i1 0" [../src/pool.cpp:26]   --->   Operation 87 'bitconcatenate' 'shl_ln1' <Predicate = true> <Delay = 0.00>
ST_3 : Operation 88 [1/1] (0.00ns)   --->   "%zext_ln27_6 = zext i5 %shl_ln1" [../src/pool.cpp:27]   --->   Operation 88 'zext' 'zext_ln27_6' <Predicate = true> <Delay = 0.00>
ST_3 : Operation 89 [1/1] (1.82ns)   --->   "%add_ln27_3 = add i7 %zext_ln27_1, i7 %zext_ln27_6" [../src/pool.cpp:27]   --->   Operation 89 'add' 'add_ln27_3' <Predicate = true> <Delay = 1.82> <CoreInst = "Adder">   --->   Core 1 'Adder' <Latency = 0> <II = 1> <Delay = 1.82> <FuncUnit> <Opcode : 'add' 'sub'> <InPorts = 2> <OutPorts = 1>
ST_3 : Operation 90 [1/1] (0.00ns)   --->   "%zext_ln27_7 = zext i7 %add_ln27_3" [../src/pool.cpp:27]   --->   Operation 90 'zext' 'zext_ln27_7' <Predicate = true> <Delay = 0.00>
ST_3 : Operation 91 [1/1] (1.87ns)   --->   "%add_ln27_4 = add i8 %zext_ln27_7, i8 %zext_ln33_2" [../src/pool.cpp:27]   --->   Operation 91 'add' 'add_ln27_4' <Predicate = true> <Delay = 1.87> <CoreInst = "Adder">   --->   Core 1 'Adder' <Latency = 0> <II = 1> <Delay = 1.87> <FuncUnit> <Opcode : 'add' 'sub'> <InPorts = 2> <OutPorts = 1>
ST_3 : Operation 92 [12/12] (4.38ns)   --->   "%urem_ln29 = urem i8 %add_ln27_4, i8 5" [../src/pool.cpp:29]   --->   Operation 92 'urem' 'urem_ln29' <Predicate = true> <Delay = 4.38> <CoreInst = "Divider">   --->   Core 6 'Divider' <Latency = 11> <II = 1> <Delay = 4.38> <FuncUnit> <Opcode : 'udiv' 'sdiv' 'urem' 'srem'> <InPorts = 2> <OutPorts = 1>
ST_3 : Operation 93 [1/1] (0.00ns) (grouped into TernaryAdder)   --->   "%add_ln33 = add i3 %shl_ln, i3 %trunc_ln18" [../src/pool.cpp:33]   --->   Operation 93 'add' 'add_ln33' <Predicate = true> <Delay = 0.00> <CoreInst = "TAddSub">   --->   Core 10 'TAddSub' <Latency = 0> <II = 1> <Delay = 1.34> <IPBlock> <Opcode : 'add' 'sub'> <InPorts = 3> <OutPorts = 1> <Sync> <CReg>
ST_3 : Operation 94 [1/1] (2.69ns) (root node of TernaryAdder)   --->   "%add_ln33_1 = add i3 %add_ln33, i3 %trunc_ln33_1" [../src/pool.cpp:33]   --->   Operation 94 'add' 'add_ln33_1' <Predicate = true> <Delay = 2.69> <CoreInst = "TAddSub">   --->   Core 10 'TAddSub' <Latency = 0> <II = 1> <Delay = 1.34> <IPBlock> <Opcode : 'add' 'sub'> <InPorts = 3> <OutPorts = 1> <Sync> <CReg>
ST_3 : Operation 95 [1/1] (1.65ns)   --->   "%switch_ln33 = switch i3 %add_ln33_1, void %arrayidx3710.case.7, i3 0, void %arrayidx3710.case.0, i3 1, void %arrayidx3710.case.1, i3 2, void %arrayidx3710.case.2, i3 3, void %arrayidx3710.case.3, i3 4, void %arrayidx3710.case.4, i3 5, void %arrayidx3710.case.5, i3 6, void %arrayidx3710.case.6" [../src/pool.cpp:33]   --->   Operation 95 'switch' 'switch_ln33' <Predicate = true> <Delay = 1.65>

State 4 <SV = 3> <Delay = 4.38>
ST_4 : Operation 96 [11/12] (4.38ns)   --->   "%urem_ln29 = urem i8 %add_ln27_4, i8 5" [../src/pool.cpp:29]   --->   Operation 96 'urem' 'urem_ln29' <Predicate = true> <Delay = 4.38> <CoreInst = "Divider">   --->   Core 6 'Divider' <Latency = 11> <II = 1> <Delay = 4.38> <FuncUnit> <Opcode : 'udiv' 'sdiv' 'urem' 'srem'> <InPorts = 2> <OutPorts = 1>

State 5 <SV = 4> <Delay = 4.38>
ST_5 : Operation 97 [10/12] (4.38ns)   --->   "%urem_ln29 = urem i8 %add_ln27_4, i8 5" [../src/pool.cpp:29]   --->   Operation 97 'urem' 'urem_ln29' <Predicate = true> <Delay = 4.38> <CoreInst = "Divider">   --->   Core 6 'Divider' <Latency = 11> <II = 1> <Delay = 4.38> <FuncUnit> <Opcode : 'udiv' 'sdiv' 'urem' 'srem'> <InPorts = 2> <OutPorts = 1>

State 6 <SV = 5> <Delay = 4.38>
ST_6 : Operation 98 [9/12] (4.38ns)   --->   "%urem_ln29 = urem i8 %add_ln27_4, i8 5" [../src/pool.cpp:29]   --->   Operation 98 'urem' 'urem_ln29' <Predicate = true> <Delay = 4.38> <CoreInst = "Divider">   --->   Core 6 'Divider' <Latency = 11> <II = 1> <Delay = 4.38> <FuncUnit> <Opcode : 'udiv' 'sdiv' 'urem' 'srem'> <InPorts = 2> <OutPorts = 1>

State 7 <SV = 6> <Delay = 4.38>
ST_7 : Operation 99 [8/12] (4.38ns)   --->   "%urem_ln29 = urem i8 %add_ln27_4, i8 5" [../src/pool.cpp:29]   --->   Operation 99 'urem' 'urem_ln29' <Predicate = true> <Delay = 4.38> <CoreInst = "Divider">   --->   Core 6 'Divider' <Latency = 11> <II = 1> <Delay = 4.38> <FuncUnit> <Opcode : 'udiv' 'sdiv' 'urem' 'srem'> <InPorts = 2> <OutPorts = 1>

State 8 <SV = 7> <Delay = 4.38>
ST_8 : Operation 100 [7/12] (4.38ns)   --->   "%urem_ln29 = urem i8 %add_ln27_4, i8 5" [../src/pool.cpp:29]   --->   Operation 100 'urem' 'urem_ln29' <Predicate = true> <Delay = 4.38> <CoreInst = "Divider">   --->   Core 6 'Divider' <Latency = 11> <II = 1> <Delay = 4.38> <FuncUnit> <Opcode : 'udiv' 'sdiv' 'urem' 'srem'> <InPorts = 2> <OutPorts = 1>

State 9 <SV = 8> <Delay = 4.38>
ST_9 : Operation 101 [6/12] (4.38ns)   --->   "%urem_ln29 = urem i8 %add_ln27_4, i8 5" [../src/pool.cpp:29]   --->   Operation 101 'urem' 'urem_ln29' <Predicate = true> <Delay = 4.38> <CoreInst = "Divider">   --->   Core 6 'Divider' <Latency = 11> <II = 1> <Delay = 4.38> <FuncUnit> <Opcode : 'udiv' 'sdiv' 'urem' 'srem'> <InPorts = 2> <OutPorts = 1>

State 10 <SV = 9> <Delay = 4.38>
ST_10 : Operation 102 [5/12] (4.38ns)   --->   "%urem_ln29 = urem i8 %add_ln27_4, i8 5" [../src/pool.cpp:29]   --->   Operation 102 'urem' 'urem_ln29' <Predicate = true> <Delay = 4.38> <CoreInst = "Divider">   --->   Core 6 'Divider' <Latency = 11> <II = 1> <Delay = 4.38> <FuncUnit> <Opcode : 'udiv' 'sdiv' 'urem' 'srem'> <InPorts = 2> <OutPorts = 1>

State 11 <SV = 10> <Delay = 4.38>
ST_11 : Operation 103 [4/12] (4.38ns)   --->   "%urem_ln29 = urem i8 %add_ln27_4, i8 5" [../src/pool.cpp:29]   --->   Operation 103 'urem' 'urem_ln29' <Predicate = true> <Delay = 4.38> <CoreInst = "Divider">   --->   Core 6 'Divider' <Latency = 11> <II = 1> <Delay = 4.38> <FuncUnit> <Opcode : 'udiv' 'sdiv' 'urem' 'srem'> <InPorts = 2> <OutPorts = 1>

State 12 <SV = 11> <Delay = 4.38>
ST_12 : Operation 104 [1/1] (0.00ns)   --->   "%zext_ln17 = zext i4 %select_ln16_2" [../src/pool.cpp:17]   --->   Operation 104 'zext' 'zext_ln17' <Predicate = true> <Delay = 0.00>
ST_12 : Operation 105 [3/3] (1.05ns) (grouped into DSP with root node add_ln33_2)   --->   "%mul_ln17 = mul i11 %zext_ln17, i11 196" [../src/pool.cpp:17]   --->   Operation 105 'mul' 'mul_ln17' <Predicate = true> <Delay = 1.05> <CoreInst = "DSP48">   --->   Core 116 'DSP48' <Latency = 3> <II = 1> <Delay = 2.15> <IPBlock> <Opcode : 'add' 'sub' 'mul' 'select'> <InPorts = 0> <OutPorts = 1> <Sync> <CReg>
ST_12 : Operation 106 [3/12] (4.38ns)   --->   "%urem_ln29 = urem i8 %add_ln27_4, i8 5" [../src/pool.cpp:29]   --->   Operation 106 'urem' 'urem_ln29' <Predicate = true> <Delay = 4.38> <CoreInst = "Divider">   --->   Core 6 'Divider' <Latency = 11> <II = 1> <Delay = 4.38> <FuncUnit> <Opcode : 'udiv' 'sdiv' 'urem' 'srem'> <InPorts = 2> <OutPorts = 1>

State 13 <SV = 12> <Delay = 7.30>
ST_13 : Operation 107 [1/1] (0.00ns)   --->   "%zext_ln33 = zext i4 %select_ln16_2" [../src/pool.cpp:33]   --->   Operation 107 'zext' 'zext_ln33' <Predicate = true> <Delay = 0.00>
ST_13 : Operation 108 [1/1] (5.63ns)   --->   "%mul_ln33_1 = mul i13 %zext_ln33, i13 784" [../src/pool.cpp:33]   --->   Operation 108 'mul' 'mul_ln33_1' <Predicate = true> <Delay = 5.63> <CoreInst = "Multiplier">   --->   Core 3 'Multiplier' <Latency = 0> <II = 1> <Delay = 5.63> <FuncUnit> <Opcode : 'mul'> <InPorts = 2> <OutPorts = 1>
ST_13 : Operation 109 [2/3] (1.05ns) (grouped into DSP with root node add_ln33_2)   --->   "%mul_ln17 = mul i11 %zext_ln17, i11 196" [../src/pool.cpp:17]   --->   Operation 109 'mul' 'mul_ln17' <Predicate = true> <Delay = 1.05> <CoreInst = "DSP48">   --->   Core 116 'DSP48' <Latency = 3> <II = 1> <Delay = 2.15> <IPBlock> <Opcode : 'add' 'sub' 'mul' 'select'> <InPorts = 0> <OutPorts = 1> <Sync> <CReg>
ST_13 : Operation 110 [1/1] (0.00ns)   --->   "%p_shl6 = bitconcatenate i8 @_ssdm_op_BitConcatenate.i8.i4.i4, i4 %select_ln17, i4 0" [../src/pool.cpp:33]   --->   Operation 110 'bitconcatenate' 'p_shl6' <Predicate = true> <Delay = 0.00>
ST_13 : Operation 111 [1/1] (0.00ns)   --->   "%zext_ln33_5 = zext i5 %tmp" [../src/pool.cpp:33]   --->   Operation 111 'zext' 'zext_ln33_5' <Predicate = true> <Delay = 0.00>
ST_13 : Operation 112 [1/1] (1.91ns)   --->   "%sub_ln33_1 = sub i8 %p_shl6, i8 %zext_ln33_5" [../src/pool.cpp:33]   --->   Operation 112 'sub' 'sub_ln33_1' <Predicate = true> <Delay = 1.91> <CoreInst = "Adder">   --->   Core 1 'Adder' <Latency = 0> <II = 1> <Delay = 1.91> <FuncUnit> <Opcode : 'add' 'sub'> <InPorts = 2> <OutPorts = 1>
ST_13 : Operation 113 [1/1] (0.00ns)   --->   "%p_shl = bitconcatenate i10 @_ssdm_op_BitConcatenate.i10.i4.i6, i4 %select_ln17, i6 0" [../src/pool.cpp:27]   --->   Operation 113 'bitconcatenate' 'p_shl' <Predicate = true> <Delay = 0.00>
ST_13 : Operation 114 [1/1] (0.00ns)   --->   "%zext_ln27_9 = zext i7 %p_shl5" [../src/pool.cpp:27]   --->   Operation 114 'zext' 'zext_ln27_9' <Predicate = true> <Delay = 0.00>
ST_13 : Operation 115 [1/1] (1.73ns)   --->   "%sub_ln27 = sub i10 %p_shl, i10 %zext_ln27_9" [../src/pool.cpp:27]   --->   Operation 115 'sub' 'sub_ln27' <Predicate = true> <Delay = 1.73> <CoreInst = "Adder">   --->   Core 1 'Adder' <Latency = 0> <II = 1> <Delay = 1.73> <FuncUnit> <Opcode : 'add' 'sub'> <InPorts = 2> <OutPorts = 1>
ST_13 : Operation 116 [1/1] (0.00ns)   --->   "%zext_ln27_3 = zext i10 %sub_ln27" [../src/pool.cpp:27]   --->   Operation 116 'zext' 'zext_ln27_3' <Predicate = true> <Delay = 0.00>
ST_13 : Operation 117 [1/1] (1.67ns)   --->   "%add_ln27 = add i13 %zext_ln27_3, i13 %mul_ln33_1" [../src/pool.cpp:27]   --->   Operation 117 'add' 'add_ln27' <Predicate = true> <Delay = 1.67> <CoreInst = "Adder">   --->   Core 1 'Adder' <Latency = 0> <II = 1> <Delay = 1.67> <FuncUnit> <Opcode : 'add' 'sub'> <InPorts = 2> <OutPorts = 1>
ST_13 : Operation 118 [1/1] (1.73ns)   --->   "%add_ln27_1 = add i10 %sub_ln27, i10 28" [../src/pool.cpp:27]   --->   Operation 118 'add' 'add_ln27_1' <Predicate = true> <Delay = 1.73> <CoreInst = "Adder">   --->   Core 1 'Adder' <Latency = 0> <II = 1> <Delay = 1.73> <FuncUnit> <Opcode : 'add' 'sub'> <InPorts = 2> <OutPorts = 1>
ST_13 : Operation 119 [1/1] (0.00ns)   --->   "%zext_ln27_4 = zext i10 %add_ln27_1" [../src/pool.cpp:27]   --->   Operation 119 'zext' 'zext_ln27_4' <Predicate = true> <Delay = 0.00>
ST_13 : Operation 120 [1/1] (1.67ns)   --->   "%add_ln27_2 = add i13 %zext_ln27_4, i13 %mul_ln33_1" [../src/pool.cpp:27]   --->   Operation 120 'add' 'add_ln27_2' <Predicate = true> <Delay = 1.67> <CoreInst = "Adder">   --->   Core 1 'Adder' <Latency = 0> <II = 1> <Delay = 1.67> <FuncUnit> <Opcode : 'add' 'sub'> <InPorts = 2> <OutPorts = 1>
ST_13 : Operation 121 [2/12] (4.38ns)   --->   "%urem_ln29 = urem i8 %add_ln27_4, i8 5" [../src/pool.cpp:29]   --->   Operation 121 'urem' 'urem_ln29' <Predicate = true> <Delay = 4.38> <CoreInst = "Divider">   --->   Core 6 'Divider' <Latency = 11> <II = 1> <Delay = 4.38> <FuncUnit> <Opcode : 'udiv' 'sdiv' 'urem' 'srem'> <InPorts = 2> <OutPorts = 1>

State 14 <SV = 13> <Delay = 7.26>
ST_14 : Operation 122 [1/3] (0.00ns) (grouped into DSP with root node add_ln33_2)   --->   "%mul_ln17 = mul i11 %zext_ln17, i11 196" [../src/pool.cpp:17]   --->   Operation 122 'mul' 'mul_ln17' <Predicate = true> <Delay = 0.00> <CoreInst = "DSP48">   --->   Core 116 'DSP48' <Latency = 3> <II = 1> <Delay = 2.15> <IPBlock> <Opcode : 'add' 'sub' 'mul' 'select'> <InPorts = 0> <OutPorts = 1> <Sync> <CReg>
ST_14 : Operation 123 [1/1] (0.00ns)   --->   "%zext_ln18 = zext i4 %w_mid2" [../src/pool.cpp:18]   --->   Operation 123 'zext' 'zext_ln18' <Predicate = true> <Delay = 0.00>
ST_14 : Operation 124 [1/1] (0.00ns)   --->   "%zext_ln27_5 = zext i5 %shl_ln1" [../src/pool.cpp:27]   --->   Operation 124 'zext' 'zext_ln27_5' <Predicate = true> <Delay = 0.00>
ST_14 : Operation 125 [1/1] (1.67ns)   --->   "%add_ln27_5 = add i13 %zext_ln27_5, i13 %add_ln27" [../src/pool.cpp:27]   --->   Operation 125 'add' 'add_ln27_5' <Predicate = true> <Delay = 1.67> <CoreInst = "Adder">   --->   Core 1 'Adder' <Latency = 0> <II = 1> <Delay = 1.67> <FuncUnit> <Opcode : 'add' 'sub'> <InPorts = 2> <OutPorts = 1>
ST_14 : Operation 126 [1/1] (0.00ns)   --->   "%zext_ln29_8 = zext i13 %add_ln27_5" [../src/pool.cpp:29]   --->   Operation 126 'zext' 'zext_ln29_8' <Predicate = true> <Delay = 0.00>
ST_14 : Operation 127 [1/1] (5.59ns)   --->   "%mul_ln29 = mul i27 %zext_ln29_8, i27 13108" [../src/pool.cpp:29]   --->   Operation 127 'mul' 'mul_ln29' <Predicate = true> <Delay = 5.59> <CoreInst = "Multiplier">   --->   Core 3 'Multiplier' <Latency = 0> <II = 1> <Delay = 5.59> <FuncUnit> <Opcode : 'mul'> <InPorts = 2> <OutPorts = 1>
ST_14 : Operation 128 [1/1] (0.00ns)   --->   "%tmp_2 = partselect i11 @_ssdm_op_PartSelect.i11.i27.i32.i32, i27 %mul_ln29, i32 16, i32 26" [../src/pool.cpp:29]   --->   Operation 128 'partselect' 'tmp_2' <Predicate = true> <Delay = 0.00>
ST_14 : Operation 129 [1/12] (4.38ns)   --->   "%urem_ln29 = urem i8 %add_ln27_4, i8 5" [../src/pool.cpp:29]   --->   Operation 129 'urem' 'urem_ln29' <Predicate = true> <Delay = 4.38> <CoreInst = "Divider">   --->   Core 6 'Divider' <Latency = 11> <II = 1> <Delay = 4.38> <FuncUnit> <Opcode : 'udiv' 'sdiv' 'urem' 'srem'> <InPorts = 2> <OutPorts = 1>
ST_14 : Operation 130 [1/1] (0.00ns)   --->   "%trunc_ln29 = trunc i3 %urem_ln29" [../src/pool.cpp:29]   --->   Operation 130 'trunc' 'trunc_ln29' <Predicate = true> <Delay = 0.00>
ST_14 : Operation 131 [1/1] (0.00ns)   --->   "%or_ln = bitconcatenate i5 @_ssdm_op_BitConcatenate.i5.i4.i1, i4 %w_mid2, i1 1" [../src/pool.cpp:26]   --->   Operation 131 'bitconcatenate' 'or_ln' <Predicate = true> <Delay = 0.00>
ST_14 : Operation 132 [1/1] (0.00ns)   --->   "%zext_ln27_8 = zext i5 %or_ln" [../src/pool.cpp:27]   --->   Operation 132 'zext' 'zext_ln27_8' <Predicate = true> <Delay = 0.00>
ST_14 : Operation 133 [1/1] (1.67ns)   --->   "%add_ln27_6 = add i13 %zext_ln27_8, i13 %add_ln27" [../src/pool.cpp:27]   --->   Operation 133 'add' 'add_ln27_6' <Predicate = true> <Delay = 1.67> <CoreInst = "Adder">   --->   Core 1 'Adder' <Latency = 0> <II = 1> <Delay = 1.67> <FuncUnit> <Opcode : 'add' 'sub'> <InPorts = 2> <OutPorts = 1>
ST_14 : Operation 134 [1/1] (0.00ns)   --->   "%zext_ln29_9 = zext i13 %add_ln27_6" [../src/pool.cpp:29]   --->   Operation 134 'zext' 'zext_ln29_9' <Predicate = true> <Delay = 0.00>
ST_14 : Operation 135 [1/1] (5.59ns)   --->   "%mul_ln29_1 = mul i27 %zext_ln29_9, i27 13108" [../src/pool.cpp:29]   --->   Operation 135 'mul' 'mul_ln29_1' <Predicate = true> <Delay = 5.59> <CoreInst = "Multiplier">   --->   Core 3 'Multiplier' <Latency = 0> <II = 1> <Delay = 5.59> <FuncUnit> <Opcode : 'mul'> <InPorts = 2> <OutPorts = 1>
ST_14 : Operation 136 [1/1] (0.00ns)   --->   "%tmp_3 = partselect i11 @_ssdm_op_PartSelect.i11.i27.i32.i32, i27 %mul_ln29_1, i32 16, i32 26" [../src/pool.cpp:29]   --->   Operation 136 'partselect' 'tmp_3' <Predicate = true> <Delay = 0.00>
ST_14 : Operation 137 [1/1] (1.67ns)   --->   "%add_ln27_7 = add i13 %zext_ln27_5, i13 %add_ln27_2" [../src/pool.cpp:27]   --->   Operation 137 'add' 'add_ln27_7' <Predicate = true> <Delay = 1.67> <CoreInst = "Adder">   --->   Core 1 'Adder' <Latency = 0> <II = 1> <Delay = 1.67> <FuncUnit> <Opcode : 'add' 'sub'> <InPorts = 2> <OutPorts = 1>
ST_14 : Operation 138 [1/1] (0.00ns)   --->   "%zext_ln29_10 = zext i13 %add_ln27_7" [../src/pool.cpp:29]   --->   Operation 138 'zext' 'zext_ln29_10' <Predicate = true> <Delay = 0.00>
ST_14 : Operation 139 [1/1] (5.59ns)   --->   "%mul_ln29_2 = mul i27 %zext_ln29_10, i27 13108" [../src/pool.cpp:29]   --->   Operation 139 'mul' 'mul_ln29_2' <Predicate = true> <Delay = 5.59> <CoreInst = "Multiplier">   --->   Core 3 'Multiplier' <Latency = 0> <II = 1> <Delay = 5.59> <FuncUnit> <Opcode : 'mul'> <InPorts = 2> <OutPorts = 1>
ST_14 : Operation 140 [1/1] (0.00ns)   --->   "%tmp_4 = partselect i11 @_ssdm_op_PartSelect.i11.i27.i32.i32, i27 %mul_ln29_2, i32 16, i32 26" [../src/pool.cpp:29]   --->   Operation 140 'partselect' 'tmp_4' <Predicate = true> <Delay = 0.00>
ST_14 : Operation 141 [1/1] (1.67ns)   --->   "%add_ln27_8 = add i13 %zext_ln27_8, i13 %add_ln27_2" [../src/pool.cpp:27]   --->   Operation 141 'add' 'add_ln27_8' <Predicate = true> <Delay = 1.67> <CoreInst = "Adder">   --->   Core 1 'Adder' <Latency = 0> <II = 1> <Delay = 1.67> <FuncUnit> <Opcode : 'add' 'sub'> <InPorts = 2> <OutPorts = 1>
ST_14 : Operation 142 [1/1] (0.00ns)   --->   "%zext_ln29_11 = zext i13 %add_ln27_8" [../src/pool.cpp:29]   --->   Operation 142 'zext' 'zext_ln29_11' <Predicate = true> <Delay = 0.00>
ST_14 : Operation 143 [1/1] (5.59ns)   --->   "%mul_ln29_3 = mul i27 %zext_ln29_11, i27 13108" [../src/pool.cpp:29]   --->   Operation 143 'mul' 'mul_ln29_3' <Predicate = true> <Delay = 5.59> <CoreInst = "Multiplier">   --->   Core 3 'Multiplier' <Latency = 0> <II = 1> <Delay = 5.59> <FuncUnit> <Opcode : 'mul'> <InPorts = 2> <OutPorts = 1>
ST_14 : Operation 144 [1/1] (0.00ns)   --->   "%tmp_5 = partselect i11 @_ssdm_op_PartSelect.i11.i27.i32.i32, i27 %mul_ln29_3, i32 16, i32 26" [../src/pool.cpp:29]   --->   Operation 144 'partselect' 'tmp_5' <Predicate = true> <Delay = 0.00>
ST_14 : Operation 145 [2/2] (2.10ns) (root node of the DSP)   --->   "%add_ln33_2 = add i11 %mul_ln17, i11 %zext_ln18" [../src/pool.cpp:33]   --->   Operation 145 'add' 'add_ln33_2' <Predicate = true> <Delay = 2.10> <CoreInst = "DSP48">   --->   Core 116 'DSP48' <Latency = 3> <II = 1> <Delay = 2.15> <IPBlock> <Opcode : 'add' 'sub' 'mul' 'select'> <InPorts = 0> <OutPorts = 1> <Sync> <CReg>

State 15 <SV = 14> <Delay = 3.73>
ST_15 : Operation 146 [1/1] (0.00ns)   --->   "%zext_ln27_2 = zext i8 %sub_ln33_1" [../src/pool.cpp:27]   --->   Operation 146 'zext' 'zext_ln27_2' <Predicate = true> <Delay = 0.00>
ST_15 : Operation 147 [1/1] (0.00ns)   --->   "%zext_ln29 = zext i11 %tmp_2" [../src/pool.cpp:29]   --->   Operation 147 'zext' 'zext_ln29' <Predicate = true> <Delay = 0.00>
ST_15 : Operation 148 [1/1] (0.00ns)   --->   "%input_0_addr = getelementptr i7 %input_0, i64 0, i64 %zext_ln29" [../src/pool.cpp:29]   --->   Operation 148 'getelementptr' 'input_0_addr' <Predicate = (trunc_ln29 == 0)> <Delay = 0.00>
ST_15 : Operation 149 [1/1] (0.00ns)   --->   "%input_1_addr = getelementptr i7 %input_1, i64 0, i64 %zext_ln29" [../src/pool.cpp:29]   --->   Operation 149 'getelementptr' 'input_1_addr' <Predicate = (trunc_ln29 == 1)> <Delay = 0.00>
ST_15 : Operation 150 [1/1] (0.00ns)   --->   "%input_2_addr = getelementptr i7 %input_2, i64 0, i64 %zext_ln29" [../src/pool.cpp:29]   --->   Operation 150 'getelementptr' 'input_2_addr' <Predicate = (trunc_ln29 == 2)> <Delay = 0.00>
ST_15 : Operation 151 [1/1] (0.00ns)   --->   "%input_3_addr = getelementptr i7 %input_3, i64 0, i64 %zext_ln29" [../src/pool.cpp:29]   --->   Operation 151 'getelementptr' 'input_3_addr' <Predicate = (trunc_ln29 == 3)> <Delay = 0.00>
ST_15 : Operation 152 [1/1] (0.00ns)   --->   "%input_4_addr = getelementptr i7 %input_4, i64 0, i64 %zext_ln29" [../src/pool.cpp:29]   --->   Operation 152 'getelementptr' 'input_4_addr' <Predicate = (trunc_ln29 == 4)> <Delay = 0.00>
ST_15 : Operation 153 [2/2] (3.25ns)   --->   "%input_0_load = load i11 %input_0_addr" [../src/pool.cpp:29]   --->   Operation 153 'load' 'input_0_load' <Predicate = (trunc_ln29 == 0)> <Delay = 3.25> <CoreInst = "RAM_2P_BRAM">   --->   Core 90 'RAM_2P_BRAM' <Latency = 1> <II = 1> <Delay = 3.25> <Storage> <Opcode : 'load' 'store'> <Ports = 2> <Width = 7> <Depth = 1255> <RAM>
ST_15 : Operation 154 [2/2] (3.25ns)   --->   "%input_1_load = load i11 %input_1_addr" [../src/pool.cpp:29]   --->   Operation 154 'load' 'input_1_load' <Predicate = (trunc_ln29 == 1)> <Delay = 3.25> <CoreInst = "RAM_2P_BRAM">   --->   Core 90 'RAM_2P_BRAM' <Latency = 1> <II = 1> <Delay = 3.25> <Storage> <Opcode : 'load' 'store'> <Ports = 2> <Width = 7> <Depth = 1255> <RAM>
ST_15 : Operation 155 [2/2] (3.25ns)   --->   "%input_2_load = load i11 %input_2_addr" [../src/pool.cpp:29]   --->   Operation 155 'load' 'input_2_load' <Predicate = (trunc_ln29 == 2)> <Delay = 3.25> <CoreInst = "RAM_2P_BRAM">   --->   Core 90 'RAM_2P_BRAM' <Latency = 1> <II = 1> <Delay = 3.25> <Storage> <Opcode : 'load' 'store'> <Ports = 2> <Width = 7> <Depth = 1255> <RAM>
ST_15 : Operation 156 [2/2] (3.25ns)   --->   "%input_3_load = load i11 %input_3_addr" [../src/pool.cpp:29]   --->   Operation 156 'load' 'input_3_load' <Predicate = (trunc_ln29 == 3)> <Delay = 3.25> <CoreInst = "RAM_2P_BRAM">   --->   Core 90 'RAM_2P_BRAM' <Latency = 1> <II = 1> <Delay = 3.25> <Storage> <Opcode : 'load' 'store'> <Ports = 2> <Width = 7> <Depth = 1255> <RAM>
ST_15 : Operation 157 [2/2] (3.25ns)   --->   "%input_4_load = load i11 %input_4_addr" [../src/pool.cpp:29]   --->   Operation 157 'load' 'input_4_load' <Predicate = (trunc_ln29 == 4)> <Delay = 3.25> <CoreInst = "RAM_2P_BRAM">   --->   Core 90 'RAM_2P_BRAM' <Latency = 1> <II = 1> <Delay = 3.25> <Storage> <Opcode : 'load' 'store'> <Ports = 2> <Width = 7> <Depth = 1255> <RAM>
ST_15 : Operation 158 [1/1] (0.00ns)   --->   "%zext_ln29_5 = zext i11 %tmp_3" [../src/pool.cpp:29]   --->   Operation 158 'zext' 'zext_ln29_5' <Predicate = true> <Delay = 0.00>
ST_15 : Operation 159 [1/1] (0.00ns)   --->   "%input_0_addr_2 = getelementptr i7 %input_0, i64 0, i64 %zext_ln29_5" [../src/pool.cpp:29]   --->   Operation 159 'getelementptr' 'input_0_addr_2' <Predicate = (trunc_ln29 == 4)> <Delay = 0.00>
ST_15 : Operation 160 [1/1] (0.00ns)   --->   "%input_1_addr_2 = getelementptr i7 %input_1, i64 0, i64 %zext_ln29_5" [../src/pool.cpp:29]   --->   Operation 160 'getelementptr' 'input_1_addr_2' <Predicate = (trunc_ln29 == 0)> <Delay = 0.00>
ST_15 : Operation 161 [1/1] (0.00ns)   --->   "%input_2_addr_1 = getelementptr i7 %input_2, i64 0, i64 %zext_ln29_5" [../src/pool.cpp:29]   --->   Operation 161 'getelementptr' 'input_2_addr_1' <Predicate = (trunc_ln29 == 1)> <Delay = 0.00>
ST_15 : Operation 162 [1/1] (0.00ns)   --->   "%input_3_addr_1 = getelementptr i7 %input_3, i64 0, i64 %zext_ln29_5" [../src/pool.cpp:29]   --->   Operation 162 'getelementptr' 'input_3_addr_1' <Predicate = (trunc_ln29 == 2)> <Delay = 0.00>
ST_15 : Operation 163 [1/1] (0.00ns)   --->   "%input_4_addr_1 = getelementptr i7 %input_4, i64 0, i64 %zext_ln29_5" [../src/pool.cpp:29]   --->   Operation 163 'getelementptr' 'input_4_addr_1' <Predicate = (trunc_ln29 == 3)> <Delay = 0.00>
ST_15 : Operation 164 [2/2] (3.25ns)   --->   "%input_0_load_1 = load i11 %input_0_addr_2" [../src/pool.cpp:29]   --->   Operation 164 'load' 'input_0_load_1' <Predicate = (trunc_ln29 == 4)> <Delay = 3.25> <CoreInst = "RAM_2P_BRAM">   --->   Core 90 'RAM_2P_BRAM' <Latency = 1> <II = 1> <Delay = 3.25> <Storage> <Opcode : 'load' 'store'> <Ports = 2> <Width = 7> <Depth = 1255> <RAM>
ST_15 : Operation 165 [2/2] (3.25ns)   --->   "%input_1_load_1 = load i11 %input_1_addr_2" [../src/pool.cpp:29]   --->   Operation 165 'load' 'input_1_load_1' <Predicate = (trunc_ln29 == 0)> <Delay = 3.25> <CoreInst = "RAM_2P_BRAM">   --->   Core 90 'RAM_2P_BRAM' <Latency = 1> <II = 1> <Delay = 3.25> <Storage> <Opcode : 'load' 'store'> <Ports = 2> <Width = 7> <Depth = 1255> <RAM>
ST_15 : Operation 166 [2/2] (3.25ns)   --->   "%input_2_load_1 = load i11 %input_2_addr_1" [../src/pool.cpp:29]   --->   Operation 166 'load' 'input_2_load_1' <Predicate = (trunc_ln29 == 1)> <Delay = 3.25> <CoreInst = "RAM_2P_BRAM">   --->   Core 90 'RAM_2P_BRAM' <Latency = 1> <II = 1> <Delay = 3.25> <Storage> <Opcode : 'load' 'store'> <Ports = 2> <Width = 7> <Depth = 1255> <RAM>
ST_15 : Operation 167 [2/2] (3.25ns)   --->   "%input_3_load_1 = load i11 %input_3_addr_1" [../src/pool.cpp:29]   --->   Operation 167 'load' 'input_3_load_1' <Predicate = (trunc_ln29 == 2)> <Delay = 3.25> <CoreInst = "RAM_2P_BRAM">   --->   Core 90 'RAM_2P_BRAM' <Latency = 1> <II = 1> <Delay = 3.25> <Storage> <Opcode : 'load' 'store'> <Ports = 2> <Width = 7> <Depth = 1255> <RAM>
ST_15 : Operation 168 [2/2] (3.25ns)   --->   "%input_4_load_1 = load i11 %input_4_addr_1" [../src/pool.cpp:29]   --->   Operation 168 'load' 'input_4_load_1' <Predicate = (trunc_ln29 == 3)> <Delay = 3.25> <CoreInst = "RAM_2P_BRAM">   --->   Core 90 'RAM_2P_BRAM' <Latency = 1> <II = 1> <Delay = 3.25> <Storage> <Opcode : 'load' 'store'> <Ports = 2> <Width = 7> <Depth = 1255> <RAM>
ST_15 : Operation 169 [1/2] (2.10ns) (root node of the DSP)   --->   "%add_ln33_2 = add i11 %mul_ln17, i11 %zext_ln18" [../src/pool.cpp:33]   --->   Operation 169 'add' 'add_ln33_2' <Predicate = true> <Delay = 2.10> <CoreInst = "DSP48">   --->   Core 116 'DSP48' <Latency = 3> <II = 1> <Delay = 2.15> <IPBlock> <Opcode : 'add' 'sub' 'mul' 'select'> <InPorts = 0> <OutPorts = 1> <Sync> <CReg>
ST_15 : Operation 170 [1/1] (1.63ns)   --->   "%add_ln33_3 = add i11 %add_ln33_2, i11 %zext_ln27_2" [../src/pool.cpp:33]   --->   Operation 170 'add' 'add_ln33_3' <Predicate = true> <Delay = 1.63> <CoreInst = "Adder">   --->   Core 1 'Adder' <Latency = 0> <II = 1> <Delay = 1.63> <FuncUnit> <Opcode : 'add' 'sub'> <InPorts = 2> <OutPorts = 1>
ST_15 : Operation 171 [1/1] (0.00ns)   --->   "%lshr_ln = partselect i8 @_ssdm_op_PartSelect.i8.i11.i32.i32, i11 %add_ln33_3, i32 3, i32 10" [../src/pool.cpp:33]   --->   Operation 171 'partselect' 'lshr_ln' <Predicate = true> <Delay = 0.00>

State 16 <SV = 15> <Delay = 8.06>
ST_16 : Operation 172 [1/2] ( I:3.25ns O:3.25ns )   --->   "%input_0_load = load i11 %input_0_addr" [../src/pool.cpp:29]   --->   Operation 172 'load' 'input_0_load' <Predicate = (trunc_ln29 == 0)> <Delay = 3.25> <CoreInst = "RAM_2P_BRAM">   --->   Core 90 'RAM_2P_BRAM' <Latency = 1> <II = 1> <Delay = 3.25> <Storage> <Opcode : 'load' 'store'> <Ports = 2> <Width = 7> <Depth = 1255> <RAM>
ST_16 : Operation 173 [1/2] ( I:3.25ns O:3.25ns )   --->   "%input_1_load = load i11 %input_1_addr" [../src/pool.cpp:29]   --->   Operation 173 'load' 'input_1_load' <Predicate = (trunc_ln29 == 1)> <Delay = 3.25> <CoreInst = "RAM_2P_BRAM">   --->   Core 90 'RAM_2P_BRAM' <Latency = 1> <II = 1> <Delay = 3.25> <Storage> <Opcode : 'load' 'store'> <Ports = 2> <Width = 7> <Depth = 1255> <RAM>
ST_16 : Operation 174 [1/2] ( I:3.25ns O:3.25ns )   --->   "%input_2_load = load i11 %input_2_addr" [../src/pool.cpp:29]   --->   Operation 174 'load' 'input_2_load' <Predicate = (trunc_ln29 == 2)> <Delay = 3.25> <CoreInst = "RAM_2P_BRAM">   --->   Core 90 'RAM_2P_BRAM' <Latency = 1> <II = 1> <Delay = 3.25> <Storage> <Opcode : 'load' 'store'> <Ports = 2> <Width = 7> <Depth = 1255> <RAM>
ST_16 : Operation 175 [1/2] ( I:3.25ns O:3.25ns )   --->   "%input_3_load = load i11 %input_3_addr" [../src/pool.cpp:29]   --->   Operation 175 'load' 'input_3_load' <Predicate = (trunc_ln29 == 3)> <Delay = 3.25> <CoreInst = "RAM_2P_BRAM">   --->   Core 90 'RAM_2P_BRAM' <Latency = 1> <II = 1> <Delay = 3.25> <Storage> <Opcode : 'load' 'store'> <Ports = 2> <Width = 7> <Depth = 1255> <RAM>
ST_16 : Operation 176 [1/2] ( I:3.25ns O:3.25ns )   --->   "%input_4_load = load i11 %input_4_addr" [../src/pool.cpp:29]   --->   Operation 176 'load' 'input_4_load' <Predicate = (trunc_ln29 == 4)> <Delay = 3.25> <CoreInst = "RAM_2P_BRAM">   --->   Core 90 'RAM_2P_BRAM' <Latency = 1> <II = 1> <Delay = 3.25> <Storage> <Opcode : 'load' 'store'> <Ports = 2> <Width = 7> <Depth = 1255> <RAM>
ST_16 : Operation 177 [1/1] (1.94ns)   --->   "%val_9 = sparsemux i7 @_ssdm_op_SparseMux.ap_auto.5i7.i7.i3, i3 0, i7 %input_0_load, i3 1, i7 %input_1_load, i3 2, i7 %input_2_load, i3 3, i7 %input_3_load, i3 4, i7 %input_4_load, i7 0, i3 %trunc_ln29" [../src/pool.cpp:29]   --->   Operation 177 'sparsemux' 'val_9' <Predicate = true> <Delay = 1.94> <CoreInst = "BinarySparseMux_DontCare">   --->   Core 137 'BinarySparseMux_DontCare' <Latency = 0> <II = 1> <Delay = 1.94> <FuncUnit> <Opcode : 'sparsemux'> <InPorts = 2> <OutPorts = 1>
ST_16 : Operation 178 [1/2] ( I:3.25ns O:3.25ns )   --->   "%input_0_load_1 = load i11 %input_0_addr_2" [../src/pool.cpp:29]   --->   Operation 178 'load' 'input_0_load_1' <Predicate = (trunc_ln29 == 4)> <Delay = 3.25> <CoreInst = "RAM_2P_BRAM">   --->   Core 90 'RAM_2P_BRAM' <Latency = 1> <II = 1> <Delay = 3.25> <Storage> <Opcode : 'load' 'store'> <Ports = 2> <Width = 7> <Depth = 1255> <RAM>
ST_16 : Operation 179 [1/2] ( I:3.25ns O:3.25ns )   --->   "%input_1_load_1 = load i11 %input_1_addr_2" [../src/pool.cpp:29]   --->   Operation 179 'load' 'input_1_load_1' <Predicate = (trunc_ln29 == 0)> <Delay = 3.25> <CoreInst = "RAM_2P_BRAM">   --->   Core 90 'RAM_2P_BRAM' <Latency = 1> <II = 1> <Delay = 3.25> <Storage> <Opcode : 'load' 'store'> <Ports = 2> <Width = 7> <Depth = 1255> <RAM>
ST_16 : Operation 180 [1/2] ( I:3.25ns O:3.25ns )   --->   "%input_2_load_1 = load i11 %input_2_addr_1" [../src/pool.cpp:29]   --->   Operation 180 'load' 'input_2_load_1' <Predicate = (trunc_ln29 == 1)> <Delay = 3.25> <CoreInst = "RAM_2P_BRAM">   --->   Core 90 'RAM_2P_BRAM' <Latency = 1> <II = 1> <Delay = 3.25> <Storage> <Opcode : 'load' 'store'> <Ports = 2> <Width = 7> <Depth = 1255> <RAM>
ST_16 : Operation 181 [1/2] ( I:3.25ns O:3.25ns )   --->   "%input_3_load_1 = load i11 %input_3_addr_1" [../src/pool.cpp:29]   --->   Operation 181 'load' 'input_3_load_1' <Predicate = (trunc_ln29 == 2)> <Delay = 3.25> <CoreInst = "RAM_2P_BRAM">   --->   Core 90 'RAM_2P_BRAM' <Latency = 1> <II = 1> <Delay = 3.25> <Storage> <Opcode : 'load' 'store'> <Ports = 2> <Width = 7> <Depth = 1255> <RAM>
ST_16 : Operation 182 [1/2] ( I:3.25ns O:3.25ns )   --->   "%input_4_load_1 = load i11 %input_4_addr_1" [../src/pool.cpp:29]   --->   Operation 182 'load' 'input_4_load_1' <Predicate = (trunc_ln29 == 3)> <Delay = 3.25> <CoreInst = "RAM_2P_BRAM">   --->   Core 90 'RAM_2P_BRAM' <Latency = 1> <II = 1> <Delay = 3.25> <Storage> <Opcode : 'load' 'store'> <Ports = 2> <Width = 7> <Depth = 1255> <RAM>
ST_16 : Operation 183 [1/1] (1.94ns)   --->   "%val = sparsemux i7 @_ssdm_op_SparseMux.ap_auto.5i7.i7.i3, i3 4, i7 %input_0_load_1, i3 0, i7 %input_1_load_1, i3 1, i7 %input_2_load_1, i3 2, i7 %input_3_load_1, i3 3, i7 %input_4_load_1, i7 0, i3 %trunc_ln29" [../src/pool.cpp:29]   --->   Operation 183 'sparsemux' 'val' <Predicate = true> <Delay = 1.94> <CoreInst = "BinarySparseMux_DontCare">   --->   Core 137 'BinarySparseMux_DontCare' <Latency = 0> <II = 1> <Delay = 1.94> <FuncUnit> <Opcode : 'sparsemux'> <InPorts = 2> <OutPorts = 1>
ST_16 : Operation 184 [1/1] (1.87ns)   --->   "%icmp_ln30 = icmp_ugt  i7 %val, i7 %val_9" [../src/pool.cpp:30]   --->   Operation 184 'icmp' 'icmp_ln30' <Predicate = true> <Delay = 1.87> <CoreInst = "Cmp">   --->   Core 9 'Cmp' <Latency = 0> <II = 1> <Delay = 1.87> <FuncUnit> <Opcode : 'seteq' 'setne' 'setle' 'setge' 'setlt' 'setgt'> <InPorts = 2> <OutPorts = 1>
ST_16 : Operation 185 [1/1] (0.99ns)   --->   "%max_val_5 = select i1 %icmp_ln30, i7 %val, i7 %val_9" [../src/pool.cpp:30]   --->   Operation 185 'select' 'max_val_5' <Predicate = true> <Delay = 0.99> <CoreInst = "Sel">   --->   Core 73 'Sel' <Latency = 0> <II = 1> <Delay = 0.99> <FuncUnit> <Opcode : 'select'> <InPorts = 3> <OutPorts = 1>
ST_16 : Operation 186 [1/1] (0.00ns)   --->   "%zext_ln29_6 = zext i11 %tmp_4" [../src/pool.cpp:29]   --->   Operation 186 'zext' 'zext_ln29_6' <Predicate = true> <Delay = 0.00>
ST_16 : Operation 187 [1/1] (0.00ns)   --->   "%input_0_addr_3 = getelementptr i7 %input_0, i64 0, i64 %zext_ln29_6" [../src/pool.cpp:29]   --->   Operation 187 'getelementptr' 'input_0_addr_3' <Predicate = (trunc_ln29 == 2)> <Delay = 0.00>
ST_16 : Operation 188 [1/1] (0.00ns)   --->   "%input_1_addr_3 = getelementptr i7 %input_1, i64 0, i64 %zext_ln29_6" [../src/pool.cpp:29]   --->   Operation 188 'getelementptr' 'input_1_addr_3' <Predicate = (trunc_ln29 == 3)> <Delay = 0.00>
ST_16 : Operation 189 [1/1] (0.00ns)   --->   "%input_2_addr_2 = getelementptr i7 %input_2, i64 0, i64 %zext_ln29_6" [../src/pool.cpp:29]   --->   Operation 189 'getelementptr' 'input_2_addr_2' <Predicate = (trunc_ln29 == 4)> <Delay = 0.00>
ST_16 : Operation 190 [1/1] (0.00ns)   --->   "%input_3_addr_2 = getelementptr i7 %input_3, i64 0, i64 %zext_ln29_6" [../src/pool.cpp:29]   --->   Operation 190 'getelementptr' 'input_3_addr_2' <Predicate = (trunc_ln29 == 0)> <Delay = 0.00>
ST_16 : Operation 191 [1/1] (0.00ns)   --->   "%input_4_addr_2 = getelementptr i7 %input_4, i64 0, i64 %zext_ln29_6" [../src/pool.cpp:29]   --->   Operation 191 'getelementptr' 'input_4_addr_2' <Predicate = (trunc_ln29 == 1)> <Delay = 0.00>
ST_16 : Operation 192 [2/2] (3.25ns)   --->   "%input_0_load_2 = load i11 %input_0_addr_3" [../src/pool.cpp:29]   --->   Operation 192 'load' 'input_0_load_2' <Predicate = (trunc_ln29 == 2)> <Delay = 3.25> <CoreInst = "RAM_2P_BRAM">   --->   Core 90 'RAM_2P_BRAM' <Latency = 1> <II = 1> <Delay = 3.25> <Storage> <Opcode : 'load' 'store'> <Ports = 2> <Width = 7> <Depth = 1255> <RAM>
ST_16 : Operation 193 [2/2] (3.25ns)   --->   "%input_1_load_2 = load i11 %input_1_addr_3" [../src/pool.cpp:29]   --->   Operation 193 'load' 'input_1_load_2' <Predicate = (trunc_ln29 == 3)> <Delay = 3.25> <CoreInst = "RAM_2P_BRAM">   --->   Core 90 'RAM_2P_BRAM' <Latency = 1> <II = 1> <Delay = 3.25> <Storage> <Opcode : 'load' 'store'> <Ports = 2> <Width = 7> <Depth = 1255> <RAM>
ST_16 : Operation 194 [2/2] (3.25ns)   --->   "%input_2_load_2 = load i11 %input_2_addr_2" [../src/pool.cpp:29]   --->   Operation 194 'load' 'input_2_load_2' <Predicate = (trunc_ln29 == 4)> <Delay = 3.25> <CoreInst = "RAM_2P_BRAM">   --->   Core 90 'RAM_2P_BRAM' <Latency = 1> <II = 1> <Delay = 3.25> <Storage> <Opcode : 'load' 'store'> <Ports = 2> <Width = 7> <Depth = 1255> <RAM>
ST_16 : Operation 195 [2/2] (3.25ns)   --->   "%input_3_load_2 = load i11 %input_3_addr_2" [../src/pool.cpp:29]   --->   Operation 195 'load' 'input_3_load_2' <Predicate = (trunc_ln29 == 0)> <Delay = 3.25> <CoreInst = "RAM_2P_BRAM">   --->   Core 90 'RAM_2P_BRAM' <Latency = 1> <II = 1> <Delay = 3.25> <Storage> <Opcode : 'load' 'store'> <Ports = 2> <Width = 7> <Depth = 1255> <RAM>
ST_16 : Operation 196 [2/2] (3.25ns)   --->   "%input_4_load_2 = load i11 %input_4_addr_2" [../src/pool.cpp:29]   --->   Operation 196 'load' 'input_4_load_2' <Predicate = (trunc_ln29 == 1)> <Delay = 3.25> <CoreInst = "RAM_2P_BRAM">   --->   Core 90 'RAM_2P_BRAM' <Latency = 1> <II = 1> <Delay = 3.25> <Storage> <Opcode : 'load' 'store'> <Ports = 2> <Width = 7> <Depth = 1255> <RAM>
ST_16 : Operation 197 [1/1] (0.00ns)   --->   "%zext_ln29_7 = zext i11 %tmp_5" [../src/pool.cpp:29]   --->   Operation 197 'zext' 'zext_ln29_7' <Predicate = true> <Delay = 0.00>
ST_16 : Operation 198 [1/1] (0.00ns)   --->   "%input_0_addr_4 = getelementptr i7 %input_0, i64 0, i64 %zext_ln29_7" [../src/pool.cpp:29]   --->   Operation 198 'getelementptr' 'input_0_addr_4' <Predicate = (trunc_ln29 == 1)> <Delay = 0.00>
ST_16 : Operation 199 [1/1] (0.00ns)   --->   "%input_1_addr_4 = getelementptr i7 %input_1, i64 0, i64 %zext_ln29_7" [../src/pool.cpp:29]   --->   Operation 199 'getelementptr' 'input_1_addr_4' <Predicate = (trunc_ln29 == 2)> <Delay = 0.00>
ST_16 : Operation 200 [1/1] (0.00ns)   --->   "%input_2_addr_3 = getelementptr i7 %input_2, i64 0, i64 %zext_ln29_7" [../src/pool.cpp:29]   --->   Operation 200 'getelementptr' 'input_2_addr_3' <Predicate = (trunc_ln29 == 3)> <Delay = 0.00>
ST_16 : Operation 201 [1/1] (0.00ns)   --->   "%input_3_addr_3 = getelementptr i7 %input_3, i64 0, i64 %zext_ln29_7" [../src/pool.cpp:29]   --->   Operation 201 'getelementptr' 'input_3_addr_3' <Predicate = (trunc_ln29 == 4)> <Delay = 0.00>
ST_16 : Operation 202 [1/1] (0.00ns)   --->   "%input_4_addr_3 = getelementptr i7 %input_4, i64 0, i64 %zext_ln29_7" [../src/pool.cpp:29]   --->   Operation 202 'getelementptr' 'input_4_addr_3' <Predicate = (trunc_ln29 == 0)> <Delay = 0.00>
ST_16 : Operation 203 [2/2] (3.25ns)   --->   "%input_0_load_3 = load i11 %input_0_addr_4" [../src/pool.cpp:29]   --->   Operation 203 'load' 'input_0_load_3' <Predicate = (trunc_ln29 == 1)> <Delay = 3.25> <CoreInst = "RAM_2P_BRAM">   --->   Core 90 'RAM_2P_BRAM' <Latency = 1> <II = 1> <Delay = 3.25> <Storage> <Opcode : 'load' 'store'> <Ports = 2> <Width = 7> <Depth = 1255> <RAM>
ST_16 : Operation 204 [2/2] (3.25ns)   --->   "%input_1_load_3 = load i11 %input_1_addr_4" [../src/pool.cpp:29]   --->   Operation 204 'load' 'input_1_load_3' <Predicate = (trunc_ln29 == 2)> <Delay = 3.25> <CoreInst = "RAM_2P_BRAM">   --->   Core 90 'RAM_2P_BRAM' <Latency = 1> <II = 1> <Delay = 3.25> <Storage> <Opcode : 'load' 'store'> <Ports = 2> <Width = 7> <Depth = 1255> <RAM>
ST_16 : Operation 205 [2/2] (3.25ns)   --->   "%input_2_load_3 = load i11 %input_2_addr_3" [../src/pool.cpp:29]   --->   Operation 205 'load' 'input_2_load_3' <Predicate = (trunc_ln29 == 3)> <Delay = 3.25> <CoreInst = "RAM_2P_BRAM">   --->   Core 90 'RAM_2P_BRAM' <Latency = 1> <II = 1> <Delay = 3.25> <Storage> <Opcode : 'load' 'store'> <Ports = 2> <Width = 7> <Depth = 1255> <RAM>
ST_16 : Operation 206 [2/2] (3.25ns)   --->   "%input_3_load_3 = load i11 %input_3_addr_3" [../src/pool.cpp:29]   --->   Operation 206 'load' 'input_3_load_3' <Predicate = (trunc_ln29 == 4)> <Delay = 3.25> <CoreInst = "RAM_2P_BRAM">   --->   Core 90 'RAM_2P_BRAM' <Latency = 1> <II = 1> <Delay = 3.25> <Storage> <Opcode : 'load' 'store'> <Ports = 2> <Width = 7> <Depth = 1255> <RAM>
ST_16 : Operation 207 [2/2] (3.25ns)   --->   "%input_4_load_3 = load i11 %input_4_addr_3" [../src/pool.cpp:29]   --->   Operation 207 'load' 'input_4_load_3' <Predicate = (trunc_ln29 == 0)> <Delay = 3.25> <CoreInst = "RAM_2P_BRAM">   --->   Core 90 'RAM_2P_BRAM' <Latency = 1> <II = 1> <Delay = 3.25> <Storage> <Opcode : 'load' 'store'> <Ports = 2> <Width = 7> <Depth = 1255> <RAM>

State 17 <SV = 16> <Delay = 8.06>
ST_17 : Operation 208 [1/2] ( I:3.25ns O:3.25ns )   --->   "%input_0_load_2 = load i11 %input_0_addr_3" [../src/pool.cpp:29]   --->   Operation 208 'load' 'input_0_load_2' <Predicate = (trunc_ln29 == 2)> <Delay = 3.25> <CoreInst = "RAM_2P_BRAM">   --->   Core 90 'RAM_2P_BRAM' <Latency = 1> <II = 1> <Delay = 3.25> <Storage> <Opcode : 'load' 'store'> <Ports = 2> <Width = 7> <Depth = 1255> <RAM>
ST_17 : Operation 209 [1/2] ( I:3.25ns O:3.25ns )   --->   "%input_1_load_2 = load i11 %input_1_addr_3" [../src/pool.cpp:29]   --->   Operation 209 'load' 'input_1_load_2' <Predicate = (trunc_ln29 == 3)> <Delay = 3.25> <CoreInst = "RAM_2P_BRAM">   --->   Core 90 'RAM_2P_BRAM' <Latency = 1> <II = 1> <Delay = 3.25> <Storage> <Opcode : 'load' 'store'> <Ports = 2> <Width = 7> <Depth = 1255> <RAM>
ST_17 : Operation 210 [1/2] ( I:3.25ns O:3.25ns )   --->   "%input_2_load_2 = load i11 %input_2_addr_2" [../src/pool.cpp:29]   --->   Operation 210 'load' 'input_2_load_2' <Predicate = (trunc_ln29 == 4)> <Delay = 3.25> <CoreInst = "RAM_2P_BRAM">   --->   Core 90 'RAM_2P_BRAM' <Latency = 1> <II = 1> <Delay = 3.25> <Storage> <Opcode : 'load' 'store'> <Ports = 2> <Width = 7> <Depth = 1255> <RAM>
ST_17 : Operation 211 [1/2] ( I:3.25ns O:3.25ns )   --->   "%input_3_load_2 = load i11 %input_3_addr_2" [../src/pool.cpp:29]   --->   Operation 211 'load' 'input_3_load_2' <Predicate = (trunc_ln29 == 0)> <Delay = 3.25> <CoreInst = "RAM_2P_BRAM">   --->   Core 90 'RAM_2P_BRAM' <Latency = 1> <II = 1> <Delay = 3.25> <Storage> <Opcode : 'load' 'store'> <Ports = 2> <Width = 7> <Depth = 1255> <RAM>
ST_17 : Operation 212 [1/2] ( I:3.25ns O:3.25ns )   --->   "%input_4_load_2 = load i11 %input_4_addr_2" [../src/pool.cpp:29]   --->   Operation 212 'load' 'input_4_load_2' <Predicate = (trunc_ln29 == 1)> <Delay = 3.25> <CoreInst = "RAM_2P_BRAM">   --->   Core 90 'RAM_2P_BRAM' <Latency = 1> <II = 1> <Delay = 3.25> <Storage> <Opcode : 'load' 'store'> <Ports = 2> <Width = 7> <Depth = 1255> <RAM>
ST_17 : Operation 213 [1/1] (1.94ns)   --->   "%val_10 = sparsemux i7 @_ssdm_op_SparseMux.ap_auto.5i7.i7.i3, i3 2, i7 %input_0_load_2, i3 3, i7 %input_1_load_2, i3 4, i7 %input_2_load_2, i3 0, i7 %input_3_load_2, i3 1, i7 %input_4_load_2, i7 0, i3 %trunc_ln29" [../src/pool.cpp:29]   --->   Operation 213 'sparsemux' 'val_10' <Predicate = true> <Delay = 1.94> <CoreInst = "BinarySparseMux_DontCare">   --->   Core 137 'BinarySparseMux_DontCare' <Latency = 0> <II = 1> <Delay = 1.94> <FuncUnit> <Opcode : 'sparsemux'> <InPorts = 2> <OutPorts = 1>
ST_17 : Operation 214 [1/1] (1.87ns)   --->   "%icmp_ln30_3 = icmp_ugt  i7 %val_10, i7 %max_val_5" [../src/pool.cpp:30]   --->   Operation 214 'icmp' 'icmp_ln30_3' <Predicate = true> <Delay = 1.87> <CoreInst = "Cmp">   --->   Core 9 'Cmp' <Latency = 0> <II = 1> <Delay = 1.87> <FuncUnit> <Opcode : 'seteq' 'setne' 'setle' 'setge' 'setlt' 'setgt'> <InPorts = 2> <OutPorts = 1>
ST_17 : Operation 215 [1/1] (0.99ns)   --->   "%max_val_7 = select i1 %icmp_ln30_3, i7 %val_10, i7 %max_val_5" [../src/pool.cpp:30]   --->   Operation 215 'select' 'max_val_7' <Predicate = true> <Delay = 0.99> <CoreInst = "Sel">   --->   Core 73 'Sel' <Latency = 0> <II = 1> <Delay = 0.99> <FuncUnit> <Opcode : 'select'> <InPorts = 3> <OutPorts = 1>
ST_17 : Operation 216 [1/2] ( I:3.25ns O:3.25ns )   --->   "%input_0_load_3 = load i11 %input_0_addr_4" [../src/pool.cpp:29]   --->   Operation 216 'load' 'input_0_load_3' <Predicate = (trunc_ln29 == 1)> <Delay = 3.25> <CoreInst = "RAM_2P_BRAM">   --->   Core 90 'RAM_2P_BRAM' <Latency = 1> <II = 1> <Delay = 3.25> <Storage> <Opcode : 'load' 'store'> <Ports = 2> <Width = 7> <Depth = 1255> <RAM>
ST_17 : Operation 217 [1/2] ( I:3.25ns O:3.25ns )   --->   "%input_1_load_3 = load i11 %input_1_addr_4" [../src/pool.cpp:29]   --->   Operation 217 'load' 'input_1_load_3' <Predicate = (trunc_ln29 == 2)> <Delay = 3.25> <CoreInst = "RAM_2P_BRAM">   --->   Core 90 'RAM_2P_BRAM' <Latency = 1> <II = 1> <Delay = 3.25> <Storage> <Opcode : 'load' 'store'> <Ports = 2> <Width = 7> <Depth = 1255> <RAM>
ST_17 : Operation 218 [1/2] ( I:3.25ns O:3.25ns )   --->   "%input_2_load_3 = load i11 %input_2_addr_3" [../src/pool.cpp:29]   --->   Operation 218 'load' 'input_2_load_3' <Predicate = (trunc_ln29 == 3)> <Delay = 3.25> <CoreInst = "RAM_2P_BRAM">   --->   Core 90 'RAM_2P_BRAM' <Latency = 1> <II = 1> <Delay = 3.25> <Storage> <Opcode : 'load' 'store'> <Ports = 2> <Width = 7> <Depth = 1255> <RAM>
ST_17 : Operation 219 [1/2] ( I:3.25ns O:3.25ns )   --->   "%input_3_load_3 = load i11 %input_3_addr_3" [../src/pool.cpp:29]   --->   Operation 219 'load' 'input_3_load_3' <Predicate = (trunc_ln29 == 4)> <Delay = 3.25> <CoreInst = "RAM_2P_BRAM">   --->   Core 90 'RAM_2P_BRAM' <Latency = 1> <II = 1> <Delay = 3.25> <Storage> <Opcode : 'load' 'store'> <Ports = 2> <Width = 7> <Depth = 1255> <RAM>
ST_17 : Operation 220 [1/2] ( I:3.25ns O:3.25ns )   --->   "%input_4_load_3 = load i11 %input_4_addr_3" [../src/pool.cpp:29]   --->   Operation 220 'load' 'input_4_load_3' <Predicate = (trunc_ln29 == 0)> <Delay = 3.25> <CoreInst = "RAM_2P_BRAM">   --->   Core 90 'RAM_2P_BRAM' <Latency = 1> <II = 1> <Delay = 3.25> <Storage> <Opcode : 'load' 'store'> <Ports = 2> <Width = 7> <Depth = 1255> <RAM>
ST_17 : Operation 221 [1/1] (1.94ns)   --->   "%val_6 = sparsemux i7 @_ssdm_op_SparseMux.ap_auto.5i7.i7.i3, i3 1, i7 %input_0_load_3, i3 2, i7 %input_1_load_3, i3 3, i7 %input_2_load_3, i3 4, i7 %input_3_load_3, i3 0, i7 %input_4_load_3, i7 0, i3 %trunc_ln29" [../src/pool.cpp:29]   --->   Operation 221 'sparsemux' 'val_6' <Predicate = true> <Delay = 1.94> <CoreInst = "BinarySparseMux_DontCare">   --->   Core 137 'BinarySparseMux_DontCare' <Latency = 0> <II = 1> <Delay = 1.94> <FuncUnit> <Opcode : 'sparsemux'> <InPorts = 2> <OutPorts = 1>
ST_17 : Operation 252 [1/1] (1.58ns)   --->   "%ret_ln37 = ret" [../src/pool.cpp:37]   --->   Operation 252 'ret' 'ret_ln37' <Predicate = (icmp_ln16)> <Delay = 1.58>

State 18 <SV = 17> <Delay = 6.11>
ST_18 : Operation 222 [1/1] (0.00ns)   --->   "%specloopname_ln0 = specloopname void @_ssdm_op_SpecLoopName, void @CO_LOOP_H_LOOP_W_LOOP_str"   --->   Operation 222 'specloopname' 'specloopname_ln0' <Predicate = true> <Delay = 0.00>
ST_18 : Operation 223 [1/1] (0.00ns)   --->   "%speclooptripcount_ln0 = speclooptripcount void @_ssdm_op_SpecLoopTripCount, i64 1568, i64 1568, i64 1568"   --->   Operation 223 'speclooptripcount' 'speclooptripcount_ln0' <Predicate = true> <Delay = 0.00>
ST_18 : Operation 224 [1/1] (0.00ns)   --->   "%specpipeline_ln19 = specpipeline void @_ssdm_op_SpecPipeline, i32 1, i32 0, i32 0, i32 0, i32 4294967295, void @empty_22" [../src/pool.cpp:19]   --->   Operation 224 'specpipeline' 'specpipeline_ln19' <Predicate = true> <Delay = 0.00>
ST_18 : Operation 225 [1/1] (1.87ns)   --->   "%icmp_ln30_4 = icmp_ugt  i7 %val_6, i7 %max_val_7" [../src/pool.cpp:30]   --->   Operation 225 'icmp' 'icmp_ln30_4' <Predicate = true> <Delay = 1.87> <CoreInst = "Cmp">   --->   Core 9 'Cmp' <Latency = 0> <II = 1> <Delay = 1.87> <FuncUnit> <Opcode : 'seteq' 'setne' 'setle' 'setge' 'setlt' 'setgt'> <InPorts = 2> <OutPorts = 1>
ST_18 : Operation 226 [1/1] (0.99ns)   --->   "%max_val_8 = select i1 %icmp_ln30_4, i7 %val_6, i7 %max_val_7" [../src/pool.cpp:30]   --->   Operation 226 'select' 'max_val_8' <Predicate = true> <Delay = 0.99> <CoreInst = "Sel">   --->   Core 73 'Sel' <Latency = 0> <II = 1> <Delay = 0.99> <FuncUnit> <Opcode : 'select'> <InPorts = 3> <OutPorts = 1>
ST_18 : Operation 227 [1/1] (0.00ns)   --->   "%zext_ln33_3 = zext i8 %lshr_ln" [../src/pool.cpp:33]   --->   Operation 227 'zext' 'zext_ln33_3' <Predicate = true> <Delay = 0.00>
ST_18 : Operation 228 [1/1] (0.00ns)   --->   "%outputPool_0_addr = getelementptr i7 %outputPool_0, i64 0, i64 %zext_ln33_3" [../src/pool.cpp:33]   --->   Operation 228 'getelementptr' 'outputPool_0_addr' <Predicate = true> <Delay = 0.00>
ST_18 : Operation 229 [1/1] (0.00ns)   --->   "%outputPool_1_addr = getelementptr i7 %outputPool_1, i64 0, i64 %zext_ln33_3" [../src/pool.cpp:33]   --->   Operation 229 'getelementptr' 'outputPool_1_addr' <Predicate = true> <Delay = 0.00>
ST_18 : Operation 230 [1/1] (0.00ns)   --->   "%outputPool_2_addr = getelementptr i7 %outputPool_2, i64 0, i64 %zext_ln33_3" [../src/pool.cpp:33]   --->   Operation 230 'getelementptr' 'outputPool_2_addr' <Predicate = true> <Delay = 0.00>
ST_18 : Operation 231 [1/1] (0.00ns)   --->   "%outputPool_3_addr = getelementptr i7 %outputPool_3, i64 0, i64 %zext_ln33_3" [../src/pool.cpp:33]   --->   Operation 231 'getelementptr' 'outputPool_3_addr' <Predicate = true> <Delay = 0.00>
ST_18 : Operation 232 [1/1] (0.00ns)   --->   "%outputPool_4_addr = getelementptr i7 %outputPool_4, i64 0, i64 %zext_ln33_3" [../src/pool.cpp:33]   --->   Operation 232 'getelementptr' 'outputPool_4_addr' <Predicate = true> <Delay = 0.00>
ST_18 : Operation 233 [1/1] (0.00ns)   --->   "%outputPool_5_addr = getelementptr i7 %outputPool_5, i64 0, i64 %zext_ln33_3" [../src/pool.cpp:33]   --->   Operation 233 'getelementptr' 'outputPool_5_addr' <Predicate = true> <Delay = 0.00>
ST_18 : Operation 234 [1/1] (0.00ns)   --->   "%outputPool_6_addr = getelementptr i7 %outputPool_6, i64 0, i64 %zext_ln33_3" [../src/pool.cpp:33]   --->   Operation 234 'getelementptr' 'outputPool_6_addr' <Predicate = true> <Delay = 0.00>
ST_18 : Operation 235 [1/1] (0.00ns)   --->   "%outputPool_7_addr = getelementptr i7 %outputPool_7, i64 0, i64 %zext_ln33_3" [../src/pool.cpp:33]   --->   Operation 235 'getelementptr' 'outputPool_7_addr' <Predicate = true> <Delay = 0.00>
ST_18 : Operation 236 [1/1] ( I:3.25ns O:3.25ns )   --->   "%store_ln33 = store i7 %max_val_8, i8 %outputPool_6_addr" [../src/pool.cpp:33]   --->   Operation 236 'store' 'store_ln33' <Predicate = (add_ln33_1 == 6)> <Delay = 3.25> <CoreInst = "RAM_2P_BRAM">   --->   Core 90 'RAM_2P_BRAM' <Latency = 1> <II = 1> <Delay = 3.25> <Storage> <Opcode : 'load' 'store'> <Ports = 2> <Width = 7> <Depth = 196> <RAM>
ST_18 : Operation 237 [1/1] (0.00ns)   --->   "%br_ln33 = br void %arrayidx3710.exit" [../src/pool.cpp:33]   --->   Operation 237 'br' 'br_ln33' <Predicate = (add_ln33_1 == 6)> <Delay = 0.00>
ST_18 : Operation 238 [1/1] ( I:3.25ns O:3.25ns )   --->   "%store_ln33 = store i7 %max_val_8, i8 %outputPool_5_addr" [../src/pool.cpp:33]   --->   Operation 238 'store' 'store_ln33' <Predicate = (add_ln33_1 == 5)> <Delay = 3.25> <CoreInst = "RAM_2P_BRAM">   --->   Core 90 'RAM_2P_BRAM' <Latency = 1> <II = 1> <Delay = 3.25> <Storage> <Opcode : 'load' 'store'> <Ports = 2> <Width = 7> <Depth = 196> <RAM>
ST_18 : Operation 239 [1/1] (0.00ns)   --->   "%br_ln33 = br void %arrayidx3710.exit" [../src/pool.cpp:33]   --->   Operation 239 'br' 'br_ln33' <Predicate = (add_ln33_1 == 5)> <Delay = 0.00>
ST_18 : Operation 240 [1/1] ( I:3.25ns O:3.25ns )   --->   "%store_ln33 = store i7 %max_val_8, i8 %outputPool_4_addr" [../src/pool.cpp:33]   --->   Operation 240 'store' 'store_ln33' <Predicate = (add_ln33_1 == 4)> <Delay = 3.25> <CoreInst = "RAM_2P_BRAM">   --->   Core 90 'RAM_2P_BRAM' <Latency = 1> <II = 1> <Delay = 3.25> <Storage> <Opcode : 'load' 'store'> <Ports = 2> <Width = 7> <Depth = 196> <RAM>
ST_18 : Operation 241 [1/1] (0.00ns)   --->   "%br_ln33 = br void %arrayidx3710.exit" [../src/pool.cpp:33]   --->   Operation 241 'br' 'br_ln33' <Predicate = (add_ln33_1 == 4)> <Delay = 0.00>
ST_18 : Operation 242 [1/1] ( I:3.25ns O:3.25ns )   --->   "%store_ln33 = store i7 %max_val_8, i8 %outputPool_3_addr" [../src/pool.cpp:33]   --->   Operation 242 'store' 'store_ln33' <Predicate = (add_ln33_1 == 3)> <Delay = 3.25> <CoreInst = "RAM_2P_BRAM">   --->   Core 90 'RAM_2P_BRAM' <Latency = 1> <II = 1> <Delay = 3.25> <Storage> <Opcode : 'load' 'store'> <Ports = 2> <Width = 7> <Depth = 196> <RAM>
ST_18 : Operation 243 [1/1] (0.00ns)   --->   "%br_ln33 = br void %arrayidx3710.exit" [../src/pool.cpp:33]   --->   Operation 243 'br' 'br_ln33' <Predicate = (add_ln33_1 == 3)> <Delay = 0.00>
ST_18 : Operation 244 [1/1] ( I:3.25ns O:3.25ns )   --->   "%store_ln33 = store i7 %max_val_8, i8 %outputPool_2_addr" [../src/pool.cpp:33]   --->   Operation 244 'store' 'store_ln33' <Predicate = (add_ln33_1 == 2)> <Delay = 3.25> <CoreInst = "RAM_2P_BRAM">   --->   Core 90 'RAM_2P_BRAM' <Latency = 1> <II = 1> <Delay = 3.25> <Storage> <Opcode : 'load' 'store'> <Ports = 2> <Width = 7> <Depth = 196> <RAM>
ST_18 : Operation 245 [1/1] (0.00ns)   --->   "%br_ln33 = br void %arrayidx3710.exit" [../src/pool.cpp:33]   --->   Operation 245 'br' 'br_ln33' <Predicate = (add_ln33_1 == 2)> <Delay = 0.00>
ST_18 : Operation 246 [1/1] ( I:3.25ns O:3.25ns )   --->   "%store_ln33 = store i7 %max_val_8, i8 %outputPool_1_addr" [../src/pool.cpp:33]   --->   Operation 246 'store' 'store_ln33' <Predicate = (add_ln33_1 == 1)> <Delay = 3.25> <CoreInst = "RAM_2P_BRAM">   --->   Core 90 'RAM_2P_BRAM' <Latency = 1> <II = 1> <Delay = 3.25> <Storage> <Opcode : 'load' 'store'> <Ports = 2> <Width = 7> <Depth = 196> <RAM>
ST_18 : Operation 247 [1/1] (0.00ns)   --->   "%br_ln33 = br void %arrayidx3710.exit" [../src/pool.cpp:33]   --->   Operation 247 'br' 'br_ln33' <Predicate = (add_ln33_1 == 1)> <Delay = 0.00>
ST_18 : Operation 248 [1/1] ( I:3.25ns O:3.25ns )   --->   "%store_ln33 = store i7 %max_val_8, i8 %outputPool_0_addr" [../src/pool.cpp:33]   --->   Operation 248 'store' 'store_ln33' <Predicate = (add_ln33_1 == 0)> <Delay = 3.25> <CoreInst = "RAM_2P_BRAM">   --->   Core 90 'RAM_2P_BRAM' <Latency = 1> <II = 1> <Delay = 3.25> <Storage> <Opcode : 'load' 'store'> <Ports = 2> <Width = 7> <Depth = 196> <RAM>
ST_18 : Operation 249 [1/1] (0.00ns)   --->   "%br_ln33 = br void %arrayidx3710.exit" [../src/pool.cpp:33]   --->   Operation 249 'br' 'br_ln33' <Predicate = (add_ln33_1 == 0)> <Delay = 0.00>
ST_18 : Operation 250 [1/1] ( I:3.25ns O:3.25ns )   --->   "%store_ln33 = store i7 %max_val_8, i8 %outputPool_7_addr" [../src/pool.cpp:33]   --->   Operation 250 'store' 'store_ln33' <Predicate = (add_ln33_1 == 7)> <Delay = 3.25> <CoreInst = "RAM_2P_BRAM">   --->   Core 90 'RAM_2P_BRAM' <Latency = 1> <II = 1> <Delay = 3.25> <Storage> <Opcode : 'load' 'store'> <Ports = 2> <Width = 7> <Depth = 196> <RAM>
ST_18 : Operation 251 [1/1] (0.00ns)   --->   "%br_ln33 = br void %arrayidx3710.exit" [../src/pool.cpp:33]   --->   Operation 251 'br' 'br_ln33' <Predicate = (add_ln33_1 == 7)> <Delay = 0.00>


============================================================
+ Verbose Summary: Timing violations
============================================================
Target clock period: 10.000ns, clock uncertainty: 1.250ns.

 <State 1>: 4.815ns
The critical path consists of the following:
	'store' operation ('store_ln0') of constant 0 11 bit on local variable 'indvar_flatten12' [32]  (1.588 ns)
	'load' operation 11 bit ('indvar_flatten12_load', ../src/pool.cpp:16) on local variable 'indvar_flatten12' [40]  (0.000 ns)
	'add' operation 11 bit ('add_ln16', ../src/pool.cpp:16) [42]  (1.639 ns)
	'store' operation ('store_ln16', ../src/pool.cpp:16) of variable 'add_ln16', ../src/pool.cpp:16 11 bit on local variable 'indvar_flatten12' [216]  (1.588 ns)

 <State 2>: 7.286ns
The critical path consists of the following:
	'load' operation 8 bit ('indvar_flatten_load', ../src/pool.cpp:17) on local variable 'indvar_flatten' [39]  (0.000 ns)
	'icmp' operation 1 bit ('icmp_ln17', ../src/pool.cpp:17) [50]  (1.915 ns)
	'select' operation 4 bit ('select_ln16', ../src/pool.cpp:16) [51]  (1.024 ns)
	'add' operation 4 bit ('add_ln17', ../src/pool.cpp:17) [57]  (1.735 ns)
	'select' operation 4 bit ('select_ln17', ../src/pool.cpp:17) [60]  (1.024 ns)
	'store' operation ('store_ln17', ../src/pool.cpp:17) of variable 'select_ln17', ../src/pool.cpp:17 4 bit on local variable 'h', ../src/pool.cpp:17 [219]  (1.588 ns)

 <State 3>: 8.126ns
The critical path consists of the following:
	'sub' operation 7 bit ('sub_ln33', ../src/pool.cpp:33) [75]  (1.870 ns)
	'add' operation 8 bit ('add_ln27_4', ../src/pool.cpp:27) [98]  (1.870 ns)
	'urem' operation 3 bit ('urem_ln29', ../src/pool.cpp:29) [104]  (4.386 ns)

 <State 4>: 4.386ns
The critical path consists of the following:
	'urem' operation 3 bit ('urem_ln29', ../src/pool.cpp:29) [104]  (4.386 ns)

 <State 5>: 4.386ns
The critical path consists of the following:
	'urem' operation 3 bit ('urem_ln29', ../src/pool.cpp:29) [104]  (4.386 ns)

 <State 6>: 4.386ns
The critical path consists of the following:
	'urem' operation 3 bit ('urem_ln29', ../src/pool.cpp:29) [104]  (4.386 ns)

 <State 7>: 4.386ns
The critical path consists of the following:
	'urem' operation 3 bit ('urem_ln29', ../src/pool.cpp:29) [104]  (4.386 ns)

 <State 8>: 4.386ns
The critical path consists of the following:
	'urem' operation 3 bit ('urem_ln29', ../src/pool.cpp:29) [104]  (4.386 ns)

 <State 9>: 4.386ns
The critical path consists of the following:
	'urem' operation 3 bit ('urem_ln29', ../src/pool.cpp:29) [104]  (4.386 ns)

 <State 10>: 4.386ns
The critical path consists of the following:
	'urem' operation 3 bit ('urem_ln29', ../src/pool.cpp:29) [104]  (4.386 ns)

 <State 11>: 4.386ns
The critical path consists of the following:
	'urem' operation 3 bit ('urem_ln29', ../src/pool.cpp:29) [104]  (4.386 ns)

 <State 12>: 4.386ns
The critical path consists of the following:
	'urem' operation 3 bit ('urem_ln29', ../src/pool.cpp:29) [104]  (4.386 ns)

 <State 13>: 7.309ns
The critical path consists of the following:
	'mul' operation 13 bit ('mul_ln33_1', ../src/pool.cpp:33) [68]  (5.630 ns)
	'add' operation 13 bit ('add_ln27', ../src/pool.cpp:27) [86]  (1.679 ns)

 <State 14>: 7.269ns
The critical path consists of the following:
	'add' operation 13 bit ('add_ln27_5', ../src/pool.cpp:27) [99]  (1.679 ns)
	'mul' operation 27 bit ('mul_ln29', ../src/pool.cpp:29) [101]  (5.590 ns)

 <State 15>: 3.739ns
The critical path consists of the following:
	'add' operation 11 bit of DSP[175] ('add_ln33_2', ../src/pool.cpp:33) [175]  (2.100 ns)
	'add' operation 11 bit ('add_ln33_3', ../src/pool.cpp:33) [176]  (1.639 ns)

 <State 16>: 8.063ns
The critical path consists of the following:
	'load' operation 7 bit ('input_0_load', ../src/pool.cpp:29) on array 'input_0' [111]  (3.254 ns)
	'sparsemux' operation 7 bit ('val', ../src/pool.cpp:29) [116]  (1.946 ns)
	'icmp' operation 1 bit ('icmp_ln30', ../src/pool.cpp:30) [135]  (1.870 ns)
	'select' operation 7 bit ('max_val', ../src/pool.cpp:30) [136]  (0.993 ns)

 <State 17>: 8.063ns
The critical path consists of the following:
	'load' operation 7 bit ('input_0_load_2', ../src/pool.cpp:29) on array 'input_0' [147]  (3.254 ns)
	'sparsemux' operation 7 bit ('val', ../src/pool.cpp:29) [152]  (1.946 ns)
	'icmp' operation 1 bit ('icmp_ln30_3', ../src/pool.cpp:30) [153]  (1.870 ns)
	'select' operation 7 bit ('max_val', ../src/pool.cpp:30) [154]  (0.993 ns)

 <State 18>: 6.117ns
The critical path consists of the following:
	'icmp' operation 1 bit ('icmp_ln30_4', ../src/pool.cpp:30) [171]  (1.870 ns)
	'select' operation 7 bit ('max_val', ../src/pool.cpp:30) [172]  (0.993 ns)
	'store' operation ('store_ln33', ../src/pool.cpp:33) of variable 'max_val', ../src/pool.cpp:30 7 bit on array 'outputPool_6' [189]  (3.254 ns)


============================================================
+ Verbose Summary: Binding
============================================================
N/A
* FSMD analyzer results:
  - Output states:
 - Input state : 
  - Chain level:
	State 1
	State 2
	State 3
	State 4
	State 5
	State 6
	State 7
	State 8
	State 9
	State 10
	State 11
	State 12
	State 13
	State 14
	State 15
	State 16
	State 17
	State 18


============================================================
+ Verbose Summary: Datapath Resource usage 
============================================================
N/A
