

================================================================
== Vitis HLS Report for 'pool_1_Pipeline_LOAD_POOL'
================================================================
* Date:           Sat Mar  7 18:28:22 2026

* Version:        2025.2 (Build 6295257 on Nov 14 2025)
* Project:        top
* Solution:       hls (Vivado IP Flow Target)
* Product family: zynq
* Target device:  xc7z020-clg484-1


================================================================
== Performance Estimates
================================================================
+ Timing: 
    * Summary: 
    +--------+----------+----------+------------+
    |  Clock |  Target  | Estimated| Uncertainty|
    +--------+----------+----------+------------+
    |ap_clk  |  10.00 ns|  8.750 ns|     1.25 ns|
    +--------+----------+----------+------------+

+ Latency: 
    * Summary: 
    +---------+---------+-----------+-----------+-----+-----+-------------------+
    |  Latency (cycles) |   Latency (absolute)  |  Interval |      Pipeline     |
    |   min   |   max   |    min    |    max    | min | max |        Type       |
    +---------+---------+-----------+-----------+-----+-----+-------------------+
    |     3139|     3139|  31.390 us|  31.390 us|    0|    0|  loop pipeline stp|
    +---------+---------+-----------+-----------+-----+-----+-------------------+

    + Detail: 
        * Instance: 
        N/A

        * Loop: 
        +-------------+---------+---------+----------+-----------+-----------+------+----------+
        |             |  Latency (cycles) | Iteration|  Initiation Interval  | Trip |          |
        |  Loop Name  |   min   |   max   |  Latency |  achieved |   target  | Count| Pipelined|
        +-------------+---------+---------+----------+-----------+-----------+------+----------+
        |- LOAD_POOL  |     3137|     3137|         3|          1|          1|  3136|       yes|
        +-------------+---------+---------+----------+-----------+-----------+------+----------+



================================================================
== Utilization Estimates
================================================================
* Summary: 
+-----------------+---------+-----+--------+-------+-----+
|       Name      | BRAM_18K| DSP |   FF   |  LUT  | URAM|
+-----------------+---------+-----+--------+-------+-----+
|DSP              |        -|    -|       -|      -|    -|
|Expression       |        -|    -|       0|     96|    -|
|FIFO             |        -|    -|       -|      -|    -|
|Instance         |        -|    -|       -|      -|    -|
|Memory           |        -|    -|       -|      -|    -|
|Multiplexer      |        -|    -|       0|     72|    -|
|Register         |        -|    -|      69|      -|    -|
+-----------------+---------+-----+--------+-------+-----+
|Total            |        0|    0|      69|    168|    0|
+-----------------+---------+-----+--------+-------+-----+
|Available        |      280|  220|  106400|  53200|    0|
+-----------------+---------+-----+--------+-------+-----+
|Utilization (%)  |        0|    0|      ~0|     ~0|    0|
+-----------------+---------+-----+--------+-------+-----+

+ Detail: 
    * Instance: 
    N/A

    * DSP: 
    N/A

    * Memory: 
    N/A

    * FIFO: 
    N/A

    * Expression: 
    +---------------------------+----------+----+---+----+------------+------------+
    |       Variable Name       | Operation| DSP| FF| LUT| Bitwidth P0| Bitwidth P1|
    +---------------------------+----------+----+---+----+------------+------------+
    |add_ln17_3_fu_282_p2       |         +|   0|  0|  32|          25|          13|
    |add_ln17_4_fu_249_p2       |         +|   0|  0|  12|          12|           1|
    |add_ln17_fu_221_p2         |         +|   0|  0|  12|          12|           1|
    |ap_block_pp0_stage0_11001  |       and|   0|  0|   2|           1|           1|
    |icmp_ln17_2_fu_255_p2      |      icmp|   0|  0|  12|          12|           3|
    |icmp_ln17_fu_215_p2        |      icmp|   0|  0|  12|          12|          11|
    |select_ln17_fu_261_p3      |    select|   0|  0|  12|           1|           1|
    |ap_enable_pp0              |       xor|   0|  0|   2|           1|           2|
    +---------------------------+----------+----+---+----+------------+------------+
    |Total                      |          |   0|  0|  96|          76|          33|
    +---------------------------+----------+----+---+----+------------+------------+

    * Multiplexer: 
    +--------------------------------+----+-----------+-----+-----------+
    |              Name              | LUT| Input Size| Bits| Total Bits|
    +--------------------------------+----+-----------+-----+-----------+
    |ap_done_int                     |   9|          2|    1|          2|
    |ap_enable_reg_pp0_iter1         |   9|          2|    1|          2|
    |ap_sig_allocacmp_i_3            |   9|          2|   12|         24|
    |ap_sig_allocacmp_phi_urem_load  |   9|          2|   12|         24|
    |gmem0_blk_n_R                   |   9|          2|    1|          2|
    |i_fu_94                         |   9|          2|   12|         24|
    |phi_mul_fu_90                   |   9|          2|   25|         50|
    |phi_urem_fu_86                  |   9|          2|   12|         24|
    +--------------------------------+----+-----------+-----+-----------+
    |Total                           |  72|         16|   76|        152|
    +--------------------------------+----+-----------+-----+-----------+

    * Register: 
    +-------------------------------------------+----+----+-----+-----------+
    |                    Name                   | FF | LUT| Bits| Const Bits|
    +-------------------------------------------+----+----+-----+-----------+
    |ap_CS_fsm                                  |   1|   0|    1|          0|
    |ap_block_pp0_stage0_subdone_grp0_done_reg  |   1|   0|    1|          0|
    |ap_done_reg                                |   1|   0|    1|          0|
    |ap_enable_reg_pp0_iter1                    |   1|   0|    1|          0|
    |ap_enable_reg_pp0_iter2                    |   1|   0|    1|          0|
    |ap_loop_exit_ready_pp0_iter1_reg           |   1|   0|    1|          0|
    |gmem0_addr_read_reg_346                    |   8|   0|    8|          0|
    |i_fu_94                                    |  12|   0|   12|          0|
    |phi_mul_fu_90                              |  25|   0|   25|          0|
    |phi_urem_fu_86                             |  12|   0|   12|          0|
    |trunc_ln17_reg_342                         |   3|   0|    3|          0|
    |trunc_ln17_reg_342_pp0_iter1_reg           |   3|   0|    3|          0|
    +-------------------------------------------+----+----+-----+-----------+
    |Total                                      |  69|   0|   69|          0|
    +-------------------------------------------+----+----+-----+-----------+



================================================================
== Interface
================================================================
* Summary: 
+-----------------------------------------------------------------------------+-----+-----+------------+--------------------------------------------------------------------+--------------+
|                                  RTL Ports                                  | Dir | Bits|  Protocol  |                            Source Object                           |    C Type    |
+-----------------------------------------------------------------------------+-----+-----+------------+--------------------------------------------------------------------+--------------+
|ap_clk                                                                       |   in|    1|  ap_ctrl_hs|                                           pool.1_Pipeline_LOAD_POOL|  return value|
|ap_rst                                                                       |   in|    1|  ap_ctrl_hs|                                           pool.1_Pipeline_LOAD_POOL|  return value|
|ap_start                                                                     |   in|    1|  ap_ctrl_hs|                                           pool.1_Pipeline_LOAD_POOL|  return value|
|ap_done                                                                      |  out|    1|  ap_ctrl_hs|                                           pool.1_Pipeline_LOAD_POOL|  return value|
|ap_idle                                                                      |  out|    1|  ap_ctrl_hs|                                           pool.1_Pipeline_LOAD_POOL|  return value|
|ap_ready                                                                     |  out|    1|  ap_ctrl_hs|                                           pool.1_Pipeline_LOAD_POOL|  return value|
|m_axi_gmem0_0_AWVALID                                                        |  out|    1|       m_axi|                                                               gmem0|       pointer|
|m_axi_gmem0_0_AWREADY                                                        |   in|    1|       m_axi|                                                               gmem0|       pointer|
|m_axi_gmem0_0_AWADDR                                                         |  out|   64|       m_axi|                                                               gmem0|       pointer|
|m_axi_gmem0_0_AWID                                                           |  out|    1|       m_axi|                                                               gmem0|       pointer|
|m_axi_gmem0_0_AWLEN                                                          |  out|   32|       m_axi|                                                               gmem0|       pointer|
|m_axi_gmem0_0_AWSIZE                                                         |  out|    3|       m_axi|                                                               gmem0|       pointer|
|m_axi_gmem0_0_AWBURST                                                        |  out|    2|       m_axi|                                                               gmem0|       pointer|
|m_axi_gmem0_0_AWLOCK                                                         |  out|    2|       m_axi|                                                               gmem0|       pointer|
|m_axi_gmem0_0_AWCACHE                                                        |  out|    4|       m_axi|                                                               gmem0|       pointer|
|m_axi_gmem0_0_AWPROT                                                         |  out|    3|       m_axi|                                                               gmem0|       pointer|
|m_axi_gmem0_0_AWQOS                                                          |  out|    4|       m_axi|                                                               gmem0|       pointer|
|m_axi_gmem0_0_AWREGION                                                       |  out|    4|       m_axi|                                                               gmem0|       pointer|
|m_axi_gmem0_0_AWUSER                                                         |  out|    1|       m_axi|                                                               gmem0|       pointer|
|m_axi_gmem0_0_WVALID                                                         |  out|    1|       m_axi|                                                               gmem0|       pointer|
|m_axi_gmem0_0_WREADY                                                         |   in|    1|       m_axi|                                                               gmem0|       pointer|
|m_axi_gmem0_0_WDATA                                                          |  out|    8|       m_axi|                                                               gmem0|       pointer|
|m_axi_gmem0_0_WSTRB                                                          |  out|    1|       m_axi|                                                               gmem0|       pointer|
|m_axi_gmem0_0_WLAST                                                          |  out|    1|       m_axi|                                                               gmem0|       pointer|
|m_axi_gmem0_0_WID                                                            |  out|    1|       m_axi|                                                               gmem0|       pointer|
|m_axi_gmem0_0_WUSER                                                          |  out|    1|       m_axi|                                                               gmem0|       pointer|
|m_axi_gmem0_0_ARVALID                                                        |  out|    1|       m_axi|                                                               gmem0|       pointer|
|m_axi_gmem0_0_ARREADY                                                        |   in|    1|       m_axi|                                                               gmem0|       pointer|
|m_axi_gmem0_0_ARADDR                                                         |  out|   64|       m_axi|                                                               gmem0|       pointer|
|m_axi_gmem0_0_ARID                                                           |  out|    1|       m_axi|                                                               gmem0|       pointer|
|m_axi_gmem0_0_ARLEN                                                          |  out|   32|       m_axi|                                                               gmem0|       pointer|
|m_axi_gmem0_0_ARSIZE                                                         |  out|    3|       m_axi|                                                               gmem0|       pointer|
|m_axi_gmem0_0_ARBURST                                                        |  out|    2|       m_axi|                                                               gmem0|       pointer|
|m_axi_gmem0_0_ARLOCK                                                         |  out|    2|       m_axi|                                                               gmem0|       pointer|
|m_axi_gmem0_0_ARCACHE                                                        |  out|    4|       m_axi|                                                               gmem0|       pointer|
|m_axi_gmem0_0_ARPROT                                                         |  out|    3|       m_axi|                                                               gmem0|       pointer|
|m_axi_gmem0_0_ARQOS                                                          |  out|    4|       m_axi|                                                               gmem0|       pointer|
|m_axi_gmem0_0_ARREGION                                                       |  out|    4|       m_axi|                                                               gmem0|       pointer|
|m_axi_gmem0_0_ARUSER                                                         |  out|    1|       m_axi|                                                               gmem0|       pointer|
|m_axi_gmem0_0_RVALID                                                         |   in|    1|       m_axi|                                                               gmem0|       pointer|
|m_axi_gmem0_0_RREADY                                                         |  out|    1|       m_axi|                                                               gmem0|       pointer|
|m_axi_gmem0_0_RDATA                                                          |   in|    8|       m_axi|                                                               gmem0|       pointer|
|m_axi_gmem0_0_RLAST                                                          |   in|    1|       m_axi|                                                               gmem0|       pointer|
|m_axi_gmem0_0_RID                                                            |   in|    1|       m_axi|                                                               gmem0|       pointer|
|m_axi_gmem0_0_RFIFONUM                                                       |   in|   11|       m_axi|                                                               gmem0|       pointer|
|m_axi_gmem0_0_RUSER                                                          |   in|    1|       m_axi|                                                               gmem0|       pointer|
|m_axi_gmem0_0_RRESP                                                          |   in|    2|       m_axi|                                                               gmem0|       pointer|
|m_axi_gmem0_0_BVALID                                                         |   in|    1|       m_axi|                                                               gmem0|       pointer|
|m_axi_gmem0_0_BREADY                                                         |  out|    1|       m_axi|                                                               gmem0|       pointer|
|m_axi_gmem0_0_BRESP                                                          |   in|    2|       m_axi|                                                               gmem0|       pointer|
|m_axi_gmem0_0_BID                                                            |   in|    1|       m_axi|                                                               gmem0|       pointer|
|m_axi_gmem0_0_BUSER                                                          |   in|    1|       m_axi|                                                               gmem0|       pointer|
|input_r                                                                      |   in|   64|     ap_none|                                                             input_r|        scalar|
|pool_ap_fixed_ap_fixed_8_5_5_3_0_int_int_int_int_int_local_input_4_address1  |  out|   11|   ap_memory|  pool_ap_fixed_ap_fixed_8_5_5_3_0_int_int_int_int_int_local_input_4|         array|
|pool_ap_fixed_ap_fixed_8_5_5_3_0_int_int_int_int_int_local_input_4_ce1       |  out|    1|   ap_memory|  pool_ap_fixed_ap_fixed_8_5_5_3_0_int_int_int_int_int_local_input_4|         array|
|pool_ap_fixed_ap_fixed_8_5_5_3_0_int_int_int_int_int_local_input_4_we1       |  out|    1|   ap_memory|  pool_ap_fixed_ap_fixed_8_5_5_3_0_int_int_int_int_int_local_input_4|         array|
|pool_ap_fixed_ap_fixed_8_5_5_3_0_int_int_int_int_int_local_input_4_d1        |  out|    8|   ap_memory|  pool_ap_fixed_ap_fixed_8_5_5_3_0_int_int_int_int_int_local_input_4|         array|
|pool_ap_fixed_ap_fixed_8_5_5_3_0_int_int_int_int_int_local_input_3_address1  |  out|   11|   ap_memory|  pool_ap_fixed_ap_fixed_8_5_5_3_0_int_int_int_int_int_local_input_3|         array|
|pool_ap_fixed_ap_fixed_8_5_5_3_0_int_int_int_int_int_local_input_3_ce1       |  out|    1|   ap_memory|  pool_ap_fixed_ap_fixed_8_5_5_3_0_int_int_int_int_int_local_input_3|         array|
|pool_ap_fixed_ap_fixed_8_5_5_3_0_int_int_int_int_int_local_input_3_we1       |  out|    1|   ap_memory|  pool_ap_fixed_ap_fixed_8_5_5_3_0_int_int_int_int_int_local_input_3|         array|
|pool_ap_fixed_ap_fixed_8_5_5_3_0_int_int_int_int_int_local_input_3_d1        |  out|    8|   ap_memory|  pool_ap_fixed_ap_fixed_8_5_5_3_0_int_int_int_int_int_local_input_3|         array|
|pool_ap_fixed_ap_fixed_8_5_5_3_0_int_int_int_int_int_local_input_2_address1  |  out|   11|   ap_memory|  pool_ap_fixed_ap_fixed_8_5_5_3_0_int_int_int_int_int_local_input_2|         array|
|pool_ap_fixed_ap_fixed_8_5_5_3_0_int_int_int_int_int_local_input_2_ce1       |  out|    1|   ap_memory|  pool_ap_fixed_ap_fixed_8_5_5_3_0_int_int_int_int_int_local_input_2|         array|
|pool_ap_fixed_ap_fixed_8_5_5_3_0_int_int_int_int_int_local_input_2_we1       |  out|    1|   ap_memory|  pool_ap_fixed_ap_fixed_8_5_5_3_0_int_int_int_int_int_local_input_2|         array|
|pool_ap_fixed_ap_fixed_8_5_5_3_0_int_int_int_int_int_local_input_2_d1        |  out|    8|   ap_memory|  pool_ap_fixed_ap_fixed_8_5_5_3_0_int_int_int_int_int_local_input_2|         array|
|pool_ap_fixed_ap_fixed_8_5_5_3_0_int_int_int_int_int_local_input_1_address1  |  out|   11|   ap_memory|  pool_ap_fixed_ap_fixed_8_5_5_3_0_int_int_int_int_int_local_input_1|         array|
|pool_ap_fixed_ap_fixed_8_5_5_3_0_int_int_int_int_int_local_input_1_ce1       |  out|    1|   ap_memory|  pool_ap_fixed_ap_fixed_8_5_5_3_0_int_int_int_int_int_local_input_1|         array|
|pool_ap_fixed_ap_fixed_8_5_5_3_0_int_int_int_int_int_local_input_1_we1       |  out|    1|   ap_memory|  pool_ap_fixed_ap_fixed_8_5_5_3_0_int_int_int_int_int_local_input_1|         array|
|pool_ap_fixed_ap_fixed_8_5_5_3_0_int_int_int_int_int_local_input_1_d1        |  out|    8|   ap_memory|  pool_ap_fixed_ap_fixed_8_5_5_3_0_int_int_int_int_int_local_input_1|         array|
|pool_ap_fixed_ap_fixed_8_5_5_3_0_int_int_int_int_int_local_input_address1    |  out|   11|   ap_memory|    pool_ap_fixed_ap_fixed_8_5_5_3_0_int_int_int_int_int_local_input|         array|
|pool_ap_fixed_ap_fixed_8_5_5_3_0_int_int_int_int_int_local_input_ce1         |  out|    1|   ap_memory|    pool_ap_fixed_ap_fixed_8_5_5_3_0_int_int_int_int_int_local_input|         array|
|pool_ap_fixed_ap_fixed_8_5_5_3_0_int_int_int_int_int_local_input_we1         |  out|    1|   ap_memory|    pool_ap_fixed_ap_fixed_8_5_5_3_0_int_int_int_int_int_local_input|         array|
|pool_ap_fixed_ap_fixed_8_5_5_3_0_int_int_int_int_int_local_input_d1          |  out|    8|   ap_memory|    pool_ap_fixed_ap_fixed_8_5_5_3_0_int_int_int_int_int_local_input|         array|
+-----------------------------------------------------------------------------+-----+-----+------------+--------------------------------------------------------------------+--------------+

============================================================
+ Verbose Summary: Synthesis Manager
============================================================
InlineROM: 1
ExposeGlobal: 0
============================================================
+ Verbose Summary: CDFG Model
============================================================
IsTopModel: 0
ResetActiveHigh: 1
IsCombinational: 2
IsDatapathOnly: 2
HasWiredReturn: 1
HasMFsm: 2
HasVarLatency: 1
IsPipeline: 0
IsRtlPipelined: 0
IsInstanceOverlapped: 0
IsDontTouch: 0
HasImplIP: 0
IsGatedGlobalClock: 0

+ Individual pipeline summary: 
  * Pipeline-0: initiation interval (II) = 1, depth = 3


============================================================
+ Verbose Summary: Schedule
============================================================
* Number of FSM states : 3
* Pipeline : 1
  Pipeline-0 : II = 1, D = 3, States = { 1 2 3 }
* Dataflow Pipeline: 0

* FSM state transitions: 
1 --> 2 
2 --> 3 
3 --> 

* FSM state operations: 

State 1 <SV = 0> <Delay = 5.42>
ST_1 : Operation 6 [1/1] (0.00ns)   --->   "%phi_urem = alloca i32 1"   --->   Operation 6 'alloca' 'phi_urem' <Predicate = true> <Delay = 0.00>
ST_1 : Operation 7 [1/1] (0.00ns)   --->   "%phi_mul = alloca i32 1"   --->   Operation 7 'alloca' 'phi_mul' <Predicate = true> <Delay = 0.00>
ST_1 : Operation 8 [1/1] (0.00ns)   --->   "%i = alloca i32 1" [../src/pool.cpp:17]   --->   Operation 8 'alloca' 'i' <Predicate = true> <Delay = 0.00>
ST_1 : Operation 9 [1/1] (0.00ns)   --->   "%specmemcore_ln0 = specmemcore void @_ssdm_op_SpecMemCore, i8 %pool_ap_fixed_ap_fixed_8_5_5_3_0_int_int_int_int_int_local_input, i64 666, i64 22, i64 18446744073709551615, i1 0"   --->   Operation 9 'specmemcore' 'specmemcore_ln0' <Predicate = true> <Delay = 0.00>
ST_1 : Operation 10 [1/1] (0.00ns)   --->   "%specmemcore_ln0 = specmemcore void @_ssdm_op_SpecMemCore, i8 %pool_ap_fixed_ap_fixed_8_5_5_3_0_int_int_int_int_int_local_input_1, i64 666, i64 22, i64 18446744073709551615, i1 0"   --->   Operation 10 'specmemcore' 'specmemcore_ln0' <Predicate = true> <Delay = 0.00>
ST_1 : Operation 11 [1/1] (0.00ns)   --->   "%specmemcore_ln0 = specmemcore void @_ssdm_op_SpecMemCore, i8 %pool_ap_fixed_ap_fixed_8_5_5_3_0_int_int_int_int_int_local_input_2, i64 666, i64 22, i64 18446744073709551615, i1 0"   --->   Operation 11 'specmemcore' 'specmemcore_ln0' <Predicate = true> <Delay = 0.00>
ST_1 : Operation 12 [1/1] (0.00ns)   --->   "%specmemcore_ln0 = specmemcore void @_ssdm_op_SpecMemCore, i8 %pool_ap_fixed_ap_fixed_8_5_5_3_0_int_int_int_int_int_local_input_3, i64 666, i64 22, i64 18446744073709551615, i1 0"   --->   Operation 12 'specmemcore' 'specmemcore_ln0' <Predicate = true> <Delay = 0.00>
ST_1 : Operation 13 [1/1] (0.00ns)   --->   "%specmemcore_ln0 = specmemcore void @_ssdm_op_SpecMemCore, i8 %pool_ap_fixed_ap_fixed_8_5_5_3_0_int_int_int_int_int_local_input_4, i64 666, i64 22, i64 18446744073709551615, i1 0"   --->   Operation 13 'specmemcore' 'specmemcore_ln0' <Predicate = true> <Delay = 0.00>
ST_1 : Operation 14 [1/1] (0.00ns)   --->   "%specinterface_ln0 = specinterface void @_ssdm_op_SpecInterface, i8 %gmem0, void @empty_7, i32 0, i32 0, void @empty_8, i32 0, i32 848, void @empty_34, void @empty_20, void @empty_8, i32 16, i32 16, i32 16, i32 16, void @empty_8, void @empty_8, i32 4294967295, i32 0, i32 0, i32 1"   --->   Operation 14 'specinterface' 'specinterface_ln0' <Predicate = true> <Delay = 0.00>
ST_1 : Operation 15 [1/1] (0.00ns)   --->   "%input_read = read i64 @_ssdm_op_Read.ap_auto.i64, i64 %input_r"   --->   Operation 15 'read' 'input_read' <Predicate = true> <Delay = 0.00>
ST_1 : Operation 16 [1/1] (1.58ns)   --->   "%store_ln17 = store i12 0, i12 %i" [../src/pool.cpp:17]   --->   Operation 16 'store' 'store_ln17' <Predicate = true> <Delay = 1.58>
ST_1 : Operation 17 [1/1] (1.58ns)   --->   "%store_ln0 = store i25 0, i25 %phi_mul"   --->   Operation 17 'store' 'store_ln0' <Predicate = true> <Delay = 1.58>
ST_1 : Operation 18 [1/1] (1.58ns)   --->   "%store_ln0 = store i12 0, i12 %phi_urem"   --->   Operation 18 'store' 'store_ln0' <Predicate = true> <Delay = 1.58>
ST_1 : Operation 19 [1/1] (0.00ns)   --->   "%br_ln0 = br void %for.inc"   --->   Operation 19 'br' 'br_ln0' <Predicate = true> <Delay = 0.00>
ST_1 : Operation 20 [1/1] (0.00ns)   --->   "%phi_urem_load = load i12 %phi_urem" [../src/pool.cpp:17]   --->   Operation 20 'load' 'phi_urem_load' <Predicate = true> <Delay = 0.00>
ST_1 : Operation 21 [1/1] (0.00ns)   --->   "%i_3 = load i12 %i" [../src/pool.cpp:17]   --->   Operation 21 'load' 'i_3' <Predicate = true> <Delay = 0.00>
ST_1 : Operation 22 [1/1] (1.54ns)   --->   "%icmp_ln17 = icmp_eq  i12 %i_3, i12 3136" [../src/pool.cpp:17]   --->   Operation 22 'icmp' 'icmp_ln17' <Predicate = true> <Delay = 1.54> <CoreInst = "Cmp">   --->   Core 9 'Cmp' <Latency = 0> <II = 1> <Delay = 1.54> <FuncUnit> <Opcode : 'seteq' 'setne' 'setle' 'setge' 'setlt' 'setgt'> <InPorts = 2> <OutPorts = 1>
ST_1 : Operation 23 [1/1] (0.00ns)   --->   "%speclooptripcount_ln0 = speclooptripcount void @_ssdm_op_SpecLoopTripCount, i64 3136, i64 3136, i64 3136"   --->   Operation 23 'speclooptripcount' 'speclooptripcount_ln0' <Predicate = true> <Delay = 0.00>
ST_1 : Operation 24 [1/1] (1.54ns)   --->   "%add_ln17 = add i12 %i_3, i12 1" [../src/pool.cpp:17]   --->   Operation 24 'add' 'add_ln17' <Predicate = true> <Delay = 1.54> <CoreInst = "Adder">   --->   Core 1 'Adder' <Latency = 0> <II = 1> <Delay = 1.54> <FuncUnit> <Opcode : 'add' 'sub'> <InPorts = 2> <OutPorts = 1>
ST_1 : Operation 25 [1/1] (0.00ns)   --->   "%br_ln17 = br i1 %icmp_ln17, void %for.inc.split, void %H_LOOP.lr.ph.exitStub" [../src/pool.cpp:17]   --->   Operation 25 'br' 'br_ln17' <Predicate = true> <Delay = 0.00>
ST_1 : Operation 26 [1/1] (0.00ns)   --->   "%gmem0_addr = getelementptr i8 %gmem0, i64 %input_read" [../src/pool.cpp:17]   --->   Operation 26 'getelementptr' 'gmem0_addr' <Predicate = (!icmp_ln17)> <Delay = 0.00>
ST_1 : Operation 27 [1/1] (0.00ns)   --->   "%trunc_ln17 = trunc i12 %phi_urem_load" [../src/pool.cpp:17]   --->   Operation 27 'trunc' 'trunc_ln17' <Predicate = (!icmp_ln17)> <Delay = 0.00>
ST_1 : Operation 28 [1/1] (1.65ns)   --->   "%switch_ln19 = switch i3 %trunc_ln17, void %arrayidx6.case.4, i3 0, void %arrayidx6.case.0, i3 1, void %arrayidx6.case.1, i3 2, void %arrayidx6.case.2, i3 3, void %arrayidx6.case.3" [../src/pool.cpp:19]   --->   Operation 28 'switch' 'switch_ln19' <Predicate = (!icmp_ln17)> <Delay = 1.65>
ST_1 : Operation 29 [1/1] (1.54ns)   --->   "%add_ln17_4 = add i12 %phi_urem_load, i12 1" [../src/pool.cpp:17]   --->   Operation 29 'add' 'add_ln17_4' <Predicate = (!icmp_ln17)> <Delay = 1.54> <CoreInst = "Adder">   --->   Core 1 'Adder' <Latency = 0> <II = 1> <Delay = 1.54> <FuncUnit> <Opcode : 'add' 'sub'> <InPorts = 2> <OutPorts = 1>
ST_1 : Operation 30 [1/1] (1.54ns)   --->   "%icmp_ln17_2 = icmp_eq  i12 %phi_urem_load, i12 4" [../src/pool.cpp:17]   --->   Operation 30 'icmp' 'icmp_ln17_2' <Predicate = (!icmp_ln17)> <Delay = 1.54> <CoreInst = "Cmp">   --->   Core 9 'Cmp' <Latency = 0> <II = 1> <Delay = 1.54> <FuncUnit> <Opcode : 'seteq' 'setne' 'setle' 'setge' 'setlt' 'setgt'> <InPorts = 2> <OutPorts = 1>
ST_1 : Operation 31 [1/1] (0.69ns)   --->   "%select_ln17 = select i1 %icmp_ln17_2, i12 0, i12 %add_ln17_4" [../src/pool.cpp:17]   --->   Operation 31 'select' 'select_ln17' <Predicate = (!icmp_ln17)> <Delay = 0.69> <CoreInst = "Sel">   --->   Core 73 'Sel' <Latency = 0> <II = 1> <Delay = 0.69> <FuncUnit> <Opcode : 'select'> <InPorts = 3> <OutPorts = 1>
ST_1 : Operation 32 [1/1] (1.58ns)   --->   "%store_ln17 = store i12 %add_ln17, i12 %i" [../src/pool.cpp:17]   --->   Operation 32 'store' 'store_ln17' <Predicate = (!icmp_ln17)> <Delay = 1.58>
ST_1 : Operation 33 [1/1] (1.58ns)   --->   "%store_ln17 = store i12 %select_ln17, i12 %phi_urem" [../src/pool.cpp:17]   --->   Operation 33 'store' 'store_ln17' <Predicate = (!icmp_ln17)> <Delay = 1.58>

State 2 <SV = 1> <Delay = 8.75>
ST_2 : Operation 34 [1/1] ( I:8.75ns O:8.75ns )   --->   "%gmem0_addr_read = read i8 @_ssdm_op_Read.m_axi.i8.p1i8, i64 %gmem0_addr" [../src/pool.cpp:19]   --->   Operation 34 'read' 'gmem0_addr_read' <Predicate = true> <Delay = 8.75> <CoreInst = "m_axi">   --->   Core 111 'm_axi' <Latency = 3> <II = 1> <Delay = 1.00> <Adapter> <Opcode : 'readrequnaligned' 'writerequnaligned' 'read' 'write' 'readreq' 'writereq' 'writeresp'>
ST_2 : Operation 58 [1/1] (1.58ns)   --->   "%ret_ln0 = ret"   --->   Operation 58 'ret' 'ret_ln0' <Predicate = (icmp_ln17)> <Delay = 1.58>

State 3 <SV = 2> <Delay = 3.93>
ST_3 : Operation 35 [1/1] (0.00ns)   --->   "%phi_mul_load = load i25 %phi_mul" [../src/pool.cpp:17]   --->   Operation 35 'load' 'phi_mul_load' <Predicate = true> <Delay = 0.00>
ST_3 : Operation 36 [1/1] (0.00ns)   --->   "%specpipeline_ln18 = specpipeline void @_ssdm_op_SpecPipeline, i32 1, i32 0, i32 0, i32 0, i32 4294967295, void @empty_8" [../src/pool.cpp:18]   --->   Operation 36 'specpipeline' 'specpipeline_ln18' <Predicate = true> <Delay = 0.00>
ST_3 : Operation 37 [1/1] (0.00ns)   --->   "%specloopname_ln17 = specloopname void @_ssdm_op_SpecLoopName, void @empty_35" [../src/pool.cpp:17]   --->   Operation 37 'specloopname' 'specloopname_ln17' <Predicate = true> <Delay = 0.00>
ST_3 : Operation 38 [1/1] (2.34ns)   --->   "%add_ln17_3 = add i25 %phi_mul_load, i25 6554" [../src/pool.cpp:17]   --->   Operation 38 'add' 'add_ln17_3' <Predicate = true> <Delay = 2.34> <CoreInst = "Adder">   --->   Core 1 'Adder' <Latency = 0> <II = 1> <Delay = 2.34> <FuncUnit> <Opcode : 'add' 'sub'> <InPorts = 2> <OutPorts = 1>
ST_3 : Operation 39 [1/1] (0.00ns)   --->   "%tmp = partselect i10 @_ssdm_op_PartSelect.i10.i25.i32.i32, i25 %phi_mul_load, i32 15, i32 24" [../src/pool.cpp:17]   --->   Operation 39 'partselect' 'tmp' <Predicate = true> <Delay = 0.00>
ST_3 : Operation 40 [1/1] (0.00ns)   --->   "%zext_ln17 = zext i10 %tmp" [../src/pool.cpp:17]   --->   Operation 40 'zext' 'zext_ln17' <Predicate = true> <Delay = 0.00>
ST_3 : Operation 41 [1/1] (0.00ns)   --->   "%pool_ap_fixed_ap_fixed_8_5_5_3_0_int_int_int_int_int_local_input_4_addr = getelementptr i8 %pool_ap_fixed_ap_fixed_8_5_5_3_0_int_int_int_int_int_local_input_4, i64 0, i64 %zext_ln17" [../src/pool.cpp:19]   --->   Operation 41 'getelementptr' 'pool_ap_fixed_ap_fixed_8_5_5_3_0_int_int_int_int_int_local_input_4_addr' <Predicate = true> <Delay = 0.00>
ST_3 : Operation 42 [1/1] (0.00ns)   --->   "%pool_ap_fixed_ap_fixed_8_5_5_3_0_int_int_int_int_int_local_input_3_addr = getelementptr i8 %pool_ap_fixed_ap_fixed_8_5_5_3_0_int_int_int_int_int_local_input_3, i64 0, i64 %zext_ln17" [../src/pool.cpp:19]   --->   Operation 42 'getelementptr' 'pool_ap_fixed_ap_fixed_8_5_5_3_0_int_int_int_int_int_local_input_3_addr' <Predicate = true> <Delay = 0.00>
ST_3 : Operation 43 [1/1] (0.00ns)   --->   "%pool_ap_fixed_ap_fixed_8_5_5_3_0_int_int_int_int_int_local_input_2_addr = getelementptr i8 %pool_ap_fixed_ap_fixed_8_5_5_3_0_int_int_int_int_int_local_input_2, i64 0, i64 %zext_ln17" [../src/pool.cpp:19]   --->   Operation 43 'getelementptr' 'pool_ap_fixed_ap_fixed_8_5_5_3_0_int_int_int_int_int_local_input_2_addr' <Predicate = true> <Delay = 0.00>
ST_3 : Operation 44 [1/1] (0.00ns)   --->   "%pool_ap_fixed_ap_fixed_8_5_5_3_0_int_int_int_int_int_local_input_1_addr = getelementptr i8 %pool_ap_fixed_ap_fixed_8_5_5_3_0_int_int_int_int_int_local_input_1, i64 0, i64 %zext_ln17" [../src/pool.cpp:19]   --->   Operation 44 'getelementptr' 'pool_ap_fixed_ap_fixed_8_5_5_3_0_int_int_int_int_int_local_input_1_addr' <Predicate = true> <Delay = 0.00>
ST_3 : Operation 45 [1/1] (0.00ns)   --->   "%pool_ap_fixed_ap_fixed_8_5_5_3_0_int_int_int_int_int_local_input_addr = getelementptr i8 %pool_ap_fixed_ap_fixed_8_5_5_3_0_int_int_int_int_int_local_input, i64 0, i64 %zext_ln17" [../src/pool.cpp:19]   --->   Operation 45 'getelementptr' 'pool_ap_fixed_ap_fixed_8_5_5_3_0_int_int_int_int_int_local_input_addr' <Predicate = true> <Delay = 0.00>
ST_3 : Operation 46 [1/1] ( I:3.25ns O:3.25ns )   --->   "%store_ln19 = store i8 %gmem0_addr_read, i11 %pool_ap_fixed_ap_fixed_8_5_5_3_0_int_int_int_int_int_local_input_1_addr" [../src/pool.cpp:19]   --->   Operation 46 'store' 'store_ln19' <Predicate = (trunc_ln17 == 3)> <Delay = 3.25> <CoreInst = "RAM_2P_BRAM">   --->   Core 90 'RAM_2P_BRAM' <Latency = 1> <II = 1> <Delay = 3.25> <Storage> <Opcode : 'load' 'store'> <Ports = 2> <Width = 8> <Depth = 1255> <RAM>
ST_3 : Operation 47 [1/1] (0.00ns)   --->   "%br_ln19 = br void %arrayidx6.exit" [../src/pool.cpp:19]   --->   Operation 47 'br' 'br_ln19' <Predicate = (trunc_ln17 == 3)> <Delay = 0.00>
ST_3 : Operation 48 [1/1] ( I:3.25ns O:3.25ns )   --->   "%store_ln19 = store i8 %gmem0_addr_read, i11 %pool_ap_fixed_ap_fixed_8_5_5_3_0_int_int_int_int_int_local_input_2_addr" [../src/pool.cpp:19]   --->   Operation 48 'store' 'store_ln19' <Predicate = (trunc_ln17 == 2)> <Delay = 3.25> <CoreInst = "RAM_2P_BRAM">   --->   Core 90 'RAM_2P_BRAM' <Latency = 1> <II = 1> <Delay = 3.25> <Storage> <Opcode : 'load' 'store'> <Ports = 2> <Width = 8> <Depth = 1255> <RAM>
ST_3 : Operation 49 [1/1] (0.00ns)   --->   "%br_ln19 = br void %arrayidx6.exit" [../src/pool.cpp:19]   --->   Operation 49 'br' 'br_ln19' <Predicate = (trunc_ln17 == 2)> <Delay = 0.00>
ST_3 : Operation 50 [1/1] ( I:3.25ns O:3.25ns )   --->   "%store_ln19 = store i8 %gmem0_addr_read, i11 %pool_ap_fixed_ap_fixed_8_5_5_3_0_int_int_int_int_int_local_input_3_addr" [../src/pool.cpp:19]   --->   Operation 50 'store' 'store_ln19' <Predicate = (trunc_ln17 == 1)> <Delay = 3.25> <CoreInst = "RAM_2P_BRAM">   --->   Core 90 'RAM_2P_BRAM' <Latency = 1> <II = 1> <Delay = 3.25> <Storage> <Opcode : 'load' 'store'> <Ports = 2> <Width = 8> <Depth = 1255> <RAM>
ST_3 : Operation 51 [1/1] (0.00ns)   --->   "%br_ln19 = br void %arrayidx6.exit" [../src/pool.cpp:19]   --->   Operation 51 'br' 'br_ln19' <Predicate = (trunc_ln17 == 1)> <Delay = 0.00>
ST_3 : Operation 52 [1/1] ( I:3.25ns O:3.25ns )   --->   "%store_ln19 = store i8 %gmem0_addr_read, i11 %pool_ap_fixed_ap_fixed_8_5_5_3_0_int_int_int_int_int_local_input_4_addr" [../src/pool.cpp:19]   --->   Operation 52 'store' 'store_ln19' <Predicate = (trunc_ln17 == 0)> <Delay = 3.25> <CoreInst = "RAM_2P_BRAM">   --->   Core 90 'RAM_2P_BRAM' <Latency = 1> <II = 1> <Delay = 3.25> <Storage> <Opcode : 'load' 'store'> <Ports = 2> <Width = 8> <Depth = 1255> <RAM>
ST_3 : Operation 53 [1/1] (0.00ns)   --->   "%br_ln19 = br void %arrayidx6.exit" [../src/pool.cpp:19]   --->   Operation 53 'br' 'br_ln19' <Predicate = (trunc_ln17 == 0)> <Delay = 0.00>
ST_3 : Operation 54 [1/1] ( I:3.25ns O:3.25ns )   --->   "%store_ln19 = store i8 %gmem0_addr_read, i11 %pool_ap_fixed_ap_fixed_8_5_5_3_0_int_int_int_int_int_local_input_addr" [../src/pool.cpp:19]   --->   Operation 54 'store' 'store_ln19' <Predicate = (trunc_ln17 != 0 & trunc_ln17 != 1 & trunc_ln17 != 2 & trunc_ln17 != 3)> <Delay = 3.25> <CoreInst = "RAM_2P_BRAM">   --->   Core 90 'RAM_2P_BRAM' <Latency = 1> <II = 1> <Delay = 3.25> <Storage> <Opcode : 'load' 'store'> <Ports = 2> <Width = 8> <Depth = 1255> <RAM>
ST_3 : Operation 55 [1/1] (0.00ns)   --->   "%br_ln19 = br void %arrayidx6.exit" [../src/pool.cpp:19]   --->   Operation 55 'br' 'br_ln19' <Predicate = (trunc_ln17 != 0 & trunc_ln17 != 1 & trunc_ln17 != 2 & trunc_ln17 != 3)> <Delay = 0.00>
ST_3 : Operation 56 [1/1] (1.58ns)   --->   "%store_ln17 = store i25 %add_ln17_3, i25 %phi_mul" [../src/pool.cpp:17]   --->   Operation 56 'store' 'store_ln17' <Predicate = true> <Delay = 1.58>
ST_3 : Operation 57 [1/1] (0.00ns)   --->   "%br_ln17 = br void %for.inc" [../src/pool.cpp:17]   --->   Operation 57 'br' 'br_ln17' <Predicate = true> <Delay = 0.00>


============================================================
+ Verbose Summary: Binding
============================================================
STG Binding: 
---------------- STG Properties BEGIN ----------------
- Is combinational: 0
- Is one-state seq: 0
- Is datapath-only: 0
- Is pipelined: 0
- Is top level: 0
Port [ Return ] is wired: 1; IO mode=ap_ctrl_hs:ce=0
Port [ gmem0]:  wired=1; compound=1; hidden=0; nouse=0; global=0; static=0; extern=0; dir=0; type=4; pingpong=0; private_global=0; IO mode=m_axi:ce=0
Port [ input_r]:  wired=1; compound=0; hidden=0; nouse=0; global=0; static=0; extern=0; dir=0; type=0; pingpong=0; private_global=0; IO mode=ap_none:ce=0
Port [ pool_ap_fixed_ap_fixed_8_5_5_3_0_int_int_int_int_int_local_input_4]:  wired=1; compound=1; hidden=0; nouse=0; global=1; static=1; extern=0; dir=1; type=1; pingpong=0; private_global=0; MemPort=[30]; IO mode=ap_memory:ce=0
Port [ pool_ap_fixed_ap_fixed_8_5_5_3_0_int_int_int_int_int_local_input_3]:  wired=1; compound=1; hidden=0; nouse=0; global=1; static=1; extern=0; dir=1; type=1; pingpong=0; private_global=0; MemPort=[30]; IO mode=ap_memory:ce=0
Port [ pool_ap_fixed_ap_fixed_8_5_5_3_0_int_int_int_int_int_local_input_2]:  wired=1; compound=1; hidden=0; nouse=0; global=1; static=1; extern=0; dir=1; type=1; pingpong=0; private_global=0; MemPort=[30]; IO mode=ap_memory:ce=0
Port [ pool_ap_fixed_ap_fixed_8_5_5_3_0_int_int_int_int_int_local_input_1]:  wired=1; compound=1; hidden=0; nouse=0; global=1; static=1; extern=0; dir=1; type=1; pingpong=0; private_global=0; MemPort=[30]; IO mode=ap_memory:ce=0
Port [ pool_ap_fixed_ap_fixed_8_5_5_3_0_int_int_int_int_int_local_input]:  wired=1; compound=1; hidden=0; nouse=0; global=1; static=1; extern=0; dir=1; type=1; pingpong=0; private_global=0; MemPort=[30]; IO mode=ap_memory:ce=0
---------------- STG Properties END ------------------

---------------- Datapath Model BEGIN ----------------

<LifeTime>
<method=bitvector/>
phi_urem                                                                (alloca           ) [ 0100]
phi_mul                                                                 (alloca           ) [ 0111]
i                                                                       (alloca           ) [ 0100]
specmemcore_ln0                                                         (specmemcore      ) [ 0000]
specmemcore_ln0                                                         (specmemcore      ) [ 0000]
specmemcore_ln0                                                         (specmemcore      ) [ 0000]
specmemcore_ln0                                                         (specmemcore      ) [ 0000]
specmemcore_ln0                                                         (specmemcore      ) [ 0000]
specinterface_ln0                                                       (specinterface    ) [ 0000]
input_read                                                              (read             ) [ 0000]
store_ln17                                                              (store            ) [ 0000]
store_ln0                                                               (store            ) [ 0000]
store_ln0                                                               (store            ) [ 0000]
br_ln0                                                                  (br               ) [ 0000]
phi_urem_load                                                           (load             ) [ 0000]
i_3                                                                     (load             ) [ 0000]
icmp_ln17                                                               (icmp             ) [ 0110]
speclooptripcount_ln0                                                   (speclooptripcount) [ 0000]
add_ln17                                                                (add              ) [ 0000]
br_ln17                                                                 (br               ) [ 0000]
gmem0_addr                                                              (getelementptr    ) [ 0110]
trunc_ln17                                                              (trunc            ) [ 0111]
switch_ln19                                                             (switch           ) [ 0000]
add_ln17_4                                                              (add              ) [ 0000]
icmp_ln17_2                                                             (icmp             ) [ 0000]
select_ln17                                                             (select           ) [ 0000]
store_ln17                                                              (store            ) [ 0000]
store_ln17                                                              (store            ) [ 0000]
gmem0_addr_read                                                         (read             ) [ 0101]
phi_mul_load                                                            (load             ) [ 0000]
specpipeline_ln18                                                       (specpipeline     ) [ 0000]
specloopname_ln17                                                       (specloopname     ) [ 0000]
add_ln17_3                                                              (add              ) [ 0000]
tmp                                                                     (partselect       ) [ 0000]
zext_ln17                                                               (zext             ) [ 0000]
pool_ap_fixed_ap_fixed_8_5_5_3_0_int_int_int_int_int_local_input_4_addr (getelementptr    ) [ 0000]
pool_ap_fixed_ap_fixed_8_5_5_3_0_int_int_int_int_int_local_input_3_addr (getelementptr    ) [ 0000]
pool_ap_fixed_ap_fixed_8_5_5_3_0_int_int_int_int_int_local_input_2_addr (getelementptr    ) [ 0000]
pool_ap_fixed_ap_fixed_8_5_5_3_0_int_int_int_int_int_local_input_1_addr (getelementptr    ) [ 0000]
pool_ap_fixed_ap_fixed_8_5_5_3_0_int_int_int_int_int_local_input_addr   (getelementptr    ) [ 0000]
store_ln19                                                              (store            ) [ 0000]
br_ln19                                                                 (br               ) [ 0000]
store_ln19                                                              (store            ) [ 0000]
br_ln19                                                                 (br               ) [ 0000]
store_ln19                                                              (store            ) [ 0000]
br_ln19                                                                 (br               ) [ 0000]
store_ln19                                                              (store            ) [ 0000]
br_ln19                                                                 (br               ) [ 0000]
store_ln19                                                              (store            ) [ 0000]
br_ln19                                                                 (br               ) [ 0000]
store_ln17                                                              (store            ) [ 0000]
br_ln17                                                                 (br               ) [ 0000]
ret_ln0                                                                 (ret              ) [ 0000]
</LifeTime>

<model>

<comp_list>
<comp id="0" class="1000" name="gmem0">
<pin_list>
<pin id="1" dir="1" index="0" bw="1" slack="0"/>
</pin_list>
<bind>
<StgValue><ssdm name="gmem0"/><MemPortTyVec>0 </MemPortTyVec>
</StgValue>
</bind>
</comp>

<comp id="2" class="1000" name="input_r">
<pin_list>
<pin id="3" dir="1" index="0" bw="1" slack="0"/>
</pin_list>
<bind>
<StgValue><ssdm name="input_r"/></StgValue>
</bind>
</comp>

<comp id="4" class="1000" name="pool_ap_fixed_ap_fixed_8_5_5_3_0_int_int_int_int_int_local_input_4">
<pin_list>
<pin id="5" dir="1" index="0" bw="1" slack="0"/>
</pin_list>
<bind>
<StgValue><ssdm name="pool_ap_fixed_ap_fixed_8_5_5_3_0_int_int_int_int_int_local_input_4"/><MemPortTyVec>3 0 </MemPortTyVec>
</StgValue>
</bind>
</comp>

<comp id="6" class="1000" name="pool_ap_fixed_ap_fixed_8_5_5_3_0_int_int_int_int_int_local_input_3">
<pin_list>
<pin id="7" dir="1" index="0" bw="1" slack="0"/>
</pin_list>
<bind>
<StgValue><ssdm name="pool_ap_fixed_ap_fixed_8_5_5_3_0_int_int_int_int_int_local_input_3"/><MemPortTyVec>3 0 </MemPortTyVec>
</StgValue>
</bind>
</comp>

<comp id="8" class="1000" name="pool_ap_fixed_ap_fixed_8_5_5_3_0_int_int_int_int_int_local_input_2">
<pin_list>
<pin id="9" dir="1" index="0" bw="1" slack="0"/>
</pin_list>
<bind>
<StgValue><ssdm name="pool_ap_fixed_ap_fixed_8_5_5_3_0_int_int_int_int_int_local_input_2"/><MemPortTyVec>3 0 </MemPortTyVec>
</StgValue>
</bind>
</comp>

<comp id="10" class="1000" name="pool_ap_fixed_ap_fixed_8_5_5_3_0_int_int_int_int_int_local_input_1">
<pin_list>
<pin id="11" dir="1" index="0" bw="1" slack="0"/>
</pin_list>
<bind>
<StgValue><ssdm name="pool_ap_fixed_ap_fixed_8_5_5_3_0_int_int_int_int_int_local_input_1"/><MemPortTyVec>3 0 </MemPortTyVec>
</StgValue>
</bind>
</comp>

<comp id="12" class="1000" name="pool_ap_fixed_ap_fixed_8_5_5_3_0_int_int_int_int_int_local_input">
<pin_list>
<pin id="13" dir="1" index="0" bw="1" slack="0"/>
</pin_list>
<bind>
<StgValue><ssdm name="pool_ap_fixed_ap_fixed_8_5_5_3_0_int_int_int_int_int_local_input"/><MemPortTyVec>3 0 </MemPortTyVec>
</StgValue>
</bind>
</comp>

<comp id="14" class="1001" name="const_14">
<pin_list>
<pin id="15" dir="1" index="0" bw="1" slack="0"/>
</pin_list>
<bind>
<StgValue><ssdm name=""/></StgValue>
</bind>
</comp>

<comp id="16" class="1001" name="const_16">
<pin_list>
<pin id="17" dir="1" index="0" bw="1" slack="2147483647"/>
</pin_list>
<bind>
<StgValue><ssdm name="_ssdm_op_SpecMemCore"/></StgValue>
</bind>
</comp>

<comp id="18" class="1001" name="const_18">
<pin_list>
<pin id="19" dir="1" index="0" bw="1" slack="2147483647"/>
</pin_list>
<bind>
<StgValue><ssdm name=""/></StgValue>
</bind>
</comp>

<comp id="20" class="1001" name="const_20">
<pin_list>
<pin id="21" dir="1" index="0" bw="1" slack="2147483647"/>
</pin_list>
<bind>
<StgValue><ssdm name=""/></StgValue>
</bind>
</comp>

<comp id="22" class="1001" name="const_22">
<pin_list>
<pin id="23" dir="1" index="0" bw="1" slack="2147483647"/>
</pin_list>
<bind>
<StgValue><ssdm name=""/></StgValue>
</bind>
</comp>

<comp id="24" class="1001" name="const_24">
<pin_list>
<pin id="25" dir="1" index="0" bw="1" slack="2147483647"/>
</pin_list>
<bind>
<StgValue><ssdm name=""/></StgValue>
</bind>
</comp>

<comp id="26" class="1001" name="const_26">
<pin_list>
<pin id="27" dir="1" index="0" bw="1" slack="2147483647"/>
</pin_list>
<bind>
<StgValue><ssdm name="_ssdm_op_SpecInterface"/></StgValue>
</bind>
</comp>

<comp id="28" class="1001" name="const_28">
<pin_list>
<pin id="29" dir="1" index="0" bw="1" slack="2147483647"/>
</pin_list>
<bind>
<StgValue><ssdm name="empty_7"/></StgValue>
</bind>
</comp>

<comp id="30" class="1001" name="const_30">
<pin_list>
<pin id="31" dir="1" index="0" bw="1" slack="2147483647"/>
</pin_list>
<bind>
<StgValue><ssdm name=""/></StgValue>
</bind>
</comp>

<comp id="32" class="1001" name="const_32">
<pin_list>
<pin id="33" dir="1" index="0" bw="1" slack="2147483647"/>
</pin_list>
<bind>
<StgValue><ssdm name="empty_8"/></StgValue>
</bind>
</comp>

<comp id="34" class="1001" name="const_34">
<pin_list>
<pin id="35" dir="1" index="0" bw="1" slack="2147483647"/>
</pin_list>
<bind>
<StgValue><ssdm name=""/></StgValue>
</bind>
</comp>

<comp id="36" class="1001" name="const_36">
<pin_list>
<pin id="37" dir="1" index="0" bw="1" slack="2147483647"/>
</pin_list>
<bind>
<StgValue><ssdm name="empty_34"/></StgValue>
</bind>
</comp>

<comp id="38" class="1001" name="const_38">
<pin_list>
<pin id="39" dir="1" index="0" bw="1" slack="2147483647"/>
</pin_list>
<bind>
<StgValue><ssdm name="empty_20"/></StgValue>
</bind>
</comp>

<comp id="40" class="1001" name="const_40">
<pin_list>
<pin id="41" dir="1" index="0" bw="1" slack="2147483647"/>
</pin_list>
<bind>
<StgValue><ssdm name=""/></StgValue>
</bind>
</comp>

<comp id="42" class="1001" name="const_42">
<pin_list>
<pin id="43" dir="1" index="0" bw="1" slack="2147483647"/>
</pin_list>
<bind>
<StgValue><ssdm name=""/></StgValue>
</bind>
</comp>

<comp id="44" class="1001" name="const_44">
<pin_list>
<pin id="45" dir="1" index="0" bw="1" slack="0"/>
</pin_list>
<bind>
<StgValue><ssdm name="_ssdm_op_Read.ap_auto.i64"/></StgValue>
</bind>
</comp>

<comp id="46" class="1001" name="const_46">
<pin_list>
<pin id="47" dir="1" index="0" bw="1" slack="0"/>
</pin_list>
<bind>
<StgValue><ssdm name=""/></StgValue>
</bind>
</comp>

<comp id="48" class="1001" name="const_48">
<pin_list>
<pin id="49" dir="1" index="0" bw="1" slack="0"/>
</pin_list>
<bind>
<StgValue><ssdm name=""/></StgValue>
</bind>
</comp>

<comp id="50" class="1001" name="const_50">
<pin_list>
<pin id="51" dir="1" index="0" bw="1" slack="0"/>
</pin_list>
<bind>
<StgValue><ssdm name=""/></StgValue>
</bind>
</comp>

<comp id="52" class="1001" name="const_52">
<pin_list>
<pin id="53" dir="1" index="0" bw="1" slack="2147483647"/>
</pin_list>
<bind>
<StgValue><ssdm name="_ssdm_op_SpecLoopTripCount"/></StgValue>
</bind>
</comp>

<comp id="54" class="1001" name="const_54">
<pin_list>
<pin id="55" dir="1" index="0" bw="1" slack="2147483647"/>
</pin_list>
<bind>
<StgValue><ssdm name=""/></StgValue>
</bind>
</comp>

<comp id="56" class="1001" name="const_56">
<pin_list>
<pin id="57" dir="1" index="0" bw="1" slack="0"/>
</pin_list>
<bind>
<StgValue><ssdm name=""/></StgValue>
</bind>
</comp>

<comp id="58" class="1001" name="const_58">
<pin_list>
<pin id="59" dir="1" index="0" bw="1" slack="0"/>
</pin_list>
<bind>
<StgValue><ssdm name=""/></StgValue>
</bind>
</comp>

<comp id="60" class="1001" name="const_60">
<pin_list>
<pin id="61" dir="1" index="0" bw="1" slack="0"/>
</pin_list>
<bind>
<StgValue><ssdm name=""/></StgValue>
</bind>
</comp>

<comp id="62" class="1001" name="const_62">
<pin_list>
<pin id="63" dir="1" index="0" bw="1" slack="0"/>
</pin_list>
<bind>
<StgValue><ssdm name=""/></StgValue>
</bind>
</comp>

<comp id="64" class="1001" name="const_64">
<pin_list>
<pin id="65" dir="1" index="0" bw="1" slack="0"/>
</pin_list>
<bind>
<StgValue><ssdm name=""/></StgValue>
</bind>
</comp>

<comp id="66" class="1001" name="const_66">
<pin_list>
<pin id="67" dir="1" index="0" bw="1" slack="0"/>
</pin_list>
<bind>
<StgValue><ssdm name=""/></StgValue>
</bind>
</comp>

<comp id="68" class="1001" name="const_68">
<pin_list>
<pin id="69" dir="1" index="0" bw="1" slack="0"/>
</pin_list>
<bind>
<StgValue><ssdm name="_ssdm_op_Read.m_axi.i8.p1i8"/></StgValue>
</bind>
</comp>

<comp id="70" class="1001" name="const_70">
<pin_list>
<pin id="71" dir="1" index="0" bw="1" slack="2147483647"/>
</pin_list>
<bind>
<StgValue><ssdm name="_ssdm_op_SpecPipeline"/></StgValue>
</bind>
</comp>

<comp id="72" class="1001" name="const_72">
<pin_list>
<pin id="73" dir="1" index="0" bw="1" slack="2147483647"/>
</pin_list>
<bind>
<StgValue><ssdm name="_ssdm_op_SpecLoopName"/></StgValue>
</bind>
</comp>

<comp id="74" class="1001" name="const_74">
<pin_list>
<pin id="75" dir="1" index="0" bw="1" slack="2147483647"/>
</pin_list>
<bind>
<StgValue><ssdm name="empty_35"/></StgValue>
</bind>
</comp>

<comp id="76" class="1001" name="const_76">
<pin_list>
<pin id="77" dir="1" index="0" bw="1" slack="0"/>
</pin_list>
<bind>
<StgValue><ssdm name=""/></StgValue>
</bind>
</comp>

<comp id="78" class="1001" name="const_78">
<pin_list>
<pin id="79" dir="1" index="0" bw="1" slack="0"/>
</pin_list>
<bind>
<StgValue><ssdm name="_ssdm_op_PartSelect.i10.i25.i32.i32"/></StgValue>
</bind>
</comp>

<comp id="80" class="1001" name="const_80">
<pin_list>
<pin id="81" dir="1" index="0" bw="1" slack="0"/>
</pin_list>
<bind>
<StgValue><ssdm name=""/></StgValue>
</bind>
</comp>

<comp id="82" class="1001" name="const_82">
<pin_list>
<pin id="83" dir="1" index="0" bw="1" slack="0"/>
</pin_list>
<bind>
<StgValue><ssdm name=""/></StgValue>
</bind>
</comp>

<comp id="84" class="1001" name="const_84">
<pin_list>
<pin id="85" dir="1" index="0" bw="1" slack="0"/>
</pin_list>
<bind>
<StgValue><ssdm name=""/></StgValue>
</bind>
</comp>

<comp id="86" class="1004" name="phi_urem_fu_86">
<pin_list>
<pin id="87" dir="0" index="0" bw="1" slack="0"/>
<pin id="88" dir="1" index="1" bw="12" slack="0"/>
</pin_list>
<bind>
<opcode="alloca(26) " fcode="alloca"/>
<opset="phi_urem/1 "/>
</bind>
</comp>

<comp id="90" class="1004" name="phi_mul_fu_90">
<pin_list>
<pin id="91" dir="0" index="0" bw="1" slack="0"/>
<pin id="92" dir="1" index="1" bw="25" slack="0"/>
</pin_list>
<bind>
<opcode="alloca(26) " fcode="alloca"/>
<opset="phi_mul/1 "/>
</bind>
</comp>

<comp id="94" class="1004" name="i_fu_94">
<pin_list>
<pin id="95" dir="0" index="0" bw="1" slack="0"/>
<pin id="96" dir="1" index="1" bw="12" slack="0"/>
</pin_list>
<bind>
<opcode="alloca(26) " fcode="alloca"/>
<opset="i/1 "/>
</bind>
</comp>

<comp id="98" class="1004" name="input_read_read_fu_98">
<pin_list>
<pin id="99" dir="0" index="0" bw="64" slack="0"/>
<pin id="100" dir="0" index="1" bw="64" slack="0"/>
<pin id="101" dir="1" index="2" bw="64" slack="0"/>
</pin_list>
<bind>
<opcode="read(1150) " fcode="read"/>
<opset="input_read/1 "/>
</bind>
</comp>

<comp id="104" class="1004" name="pool_ap_fixed_ap_fixed_8_5_5_3_0_int_int_int_int_int_local_input_4_addr_gep_fu_104">
<pin_list>
<pin id="105" dir="0" index="0" bw="8" slack="0"/>
<pin id="106" dir="0" index="1" bw="1" slack="0"/>
<pin id="107" dir="0" index="2" bw="10" slack="0"/>
<pin id="108" dir="1" index="3" bw="11" slack="0"/>
</pin_list>
<bind>
<opcode="getelementptr(29) " fcode="getelementptr"/>
<opset="pool_ap_fixed_ap_fixed_8_5_5_3_0_int_int_int_int_int_local_input_4_addr/3 "/>
</bind>
</comp>

<comp id="111" class="1004" name="pool_ap_fixed_ap_fixed_8_5_5_3_0_int_int_int_int_int_local_input_3_addr_gep_fu_111">
<pin_list>
<pin id="112" dir="0" index="0" bw="8" slack="0"/>
<pin id="113" dir="0" index="1" bw="1" slack="0"/>
<pin id="114" dir="0" index="2" bw="10" slack="0"/>
<pin id="115" dir="1" index="3" bw="11" slack="0"/>
</pin_list>
<bind>
<opcode="getelementptr(29) " fcode="getelementptr"/>
<opset="pool_ap_fixed_ap_fixed_8_5_5_3_0_int_int_int_int_int_local_input_3_addr/3 "/>
</bind>
</comp>

<comp id="118" class="1004" name="pool_ap_fixed_ap_fixed_8_5_5_3_0_int_int_int_int_int_local_input_2_addr_gep_fu_118">
<pin_list>
<pin id="119" dir="0" index="0" bw="8" slack="0"/>
<pin id="120" dir="0" index="1" bw="1" slack="0"/>
<pin id="121" dir="0" index="2" bw="10" slack="0"/>
<pin id="122" dir="1" index="3" bw="11" slack="0"/>
</pin_list>
<bind>
<opcode="getelementptr(29) " fcode="getelementptr"/>
<opset="pool_ap_fixed_ap_fixed_8_5_5_3_0_int_int_int_int_int_local_input_2_addr/3 "/>
</bind>
</comp>

<comp id="125" class="1004" name="pool_ap_fixed_ap_fixed_8_5_5_3_0_int_int_int_int_int_local_input_1_addr_gep_fu_125">
<pin_list>
<pin id="126" dir="0" index="0" bw="8" slack="0"/>
<pin id="127" dir="0" index="1" bw="1" slack="0"/>
<pin id="128" dir="0" index="2" bw="10" slack="0"/>
<pin id="129" dir="1" index="3" bw="11" slack="0"/>
</pin_list>
<bind>
<opcode="getelementptr(29) " fcode="getelementptr"/>
<opset="pool_ap_fixed_ap_fixed_8_5_5_3_0_int_int_int_int_int_local_input_1_addr/3 "/>
</bind>
</comp>

<comp id="132" class="1004" name="pool_ap_fixed_ap_fixed_8_5_5_3_0_int_int_int_int_int_local_input_addr_gep_fu_132">
<pin_list>
<pin id="133" dir="0" index="0" bw="8" slack="0"/>
<pin id="134" dir="0" index="1" bw="1" slack="0"/>
<pin id="135" dir="0" index="2" bw="10" slack="0"/>
<pin id="136" dir="1" index="3" bw="11" slack="0"/>
</pin_list>
<bind>
<opcode="getelementptr(29) " fcode="getelementptr"/>
<opset="pool_ap_fixed_ap_fixed_8_5_5_3_0_int_int_int_int_int_local_input_addr/3 "/>
</bind>
</comp>

<comp id="139" class="1004" name="store_ln19_access_fu_139">
<pin_list>
<pin id="140" dir="0" index="0" bw="11" slack="2147483647"/>
<pin id="141" dir="0" index="1" bw="8" slack="2147483647"/>
<pin id="142" dir="0" index="2" bw="0" slack="0"/>
<pin id="144" dir="0" index="4" bw="11" slack="1"/>
<pin id="145" dir="0" index="5" bw="8" slack="2147483647"/>
<pin id="146" dir="0" index="6" bw="0" slack="2147483647"/>
<pin id="143" dir="1" index="3" bw="8" slack="2147483647"/>
<pin id="147" dir="1" index="7" bw="8" slack="2147483647"/>
</pin_list>
<bind>
<opcode="store(28) " fcode="store"/>
<opset="store_ln19/3 "/>
</bind>
</comp>

<comp id="149" class="1004" name="store_ln19_access_fu_149">
<pin_list>
<pin id="150" dir="0" index="0" bw="11" slack="2147483647"/>
<pin id="151" dir="0" index="1" bw="8" slack="2147483647"/>
<pin id="152" dir="0" index="2" bw="0" slack="0"/>
<pin id="154" dir="0" index="4" bw="11" slack="1"/>
<pin id="155" dir="0" index="5" bw="8" slack="2147483647"/>
<pin id="156" dir="0" index="6" bw="0" slack="2147483647"/>
<pin id="153" dir="1" index="3" bw="8" slack="2147483647"/>
<pin id="157" dir="1" index="7" bw="8" slack="2147483647"/>
</pin_list>
<bind>
<opcode="store(28) " fcode="store"/>
<opset="store_ln19/3 "/>
</bind>
</comp>

<comp id="159" class="1004" name="store_ln19_access_fu_159">
<pin_list>
<pin id="160" dir="0" index="0" bw="11" slack="2147483647"/>
<pin id="161" dir="0" index="1" bw="8" slack="2147483647"/>
<pin id="162" dir="0" index="2" bw="0" slack="0"/>
<pin id="164" dir="0" index="4" bw="11" slack="1"/>
<pin id="165" dir="0" index="5" bw="8" slack="2147483647"/>
<pin id="166" dir="0" index="6" bw="0" slack="2147483647"/>
<pin id="163" dir="1" index="3" bw="8" slack="2147483647"/>
<pin id="167" dir="1" index="7" bw="8" slack="2147483647"/>
</pin_list>
<bind>
<opcode="store(28) " fcode="store"/>
<opset="store_ln19/3 "/>
</bind>
</comp>

<comp id="169" class="1004" name="store_ln19_access_fu_169">
<pin_list>
<pin id="170" dir="0" index="0" bw="11" slack="2147483647"/>
<pin id="171" dir="0" index="1" bw="8" slack="2147483647"/>
<pin id="172" dir="0" index="2" bw="0" slack="0"/>
<pin id="174" dir="0" index="4" bw="11" slack="1"/>
<pin id="175" dir="0" index="5" bw="8" slack="2147483647"/>
<pin id="176" dir="0" index="6" bw="0" slack="2147483647"/>
<pin id="173" dir="1" index="3" bw="8" slack="2147483647"/>
<pin id="177" dir="1" index="7" bw="8" slack="2147483647"/>
</pin_list>
<bind>
<opcode="store(28) " fcode="store"/>
<opset="store_ln19/3 "/>
</bind>
</comp>

<comp id="179" class="1004" name="store_ln19_access_fu_179">
<pin_list>
<pin id="180" dir="0" index="0" bw="11" slack="2147483647"/>
<pin id="181" dir="0" index="1" bw="8" slack="2147483647"/>
<pin id="182" dir="0" index="2" bw="0" slack="0"/>
<pin id="184" dir="0" index="4" bw="11" slack="1"/>
<pin id="185" dir="0" index="5" bw="8" slack="2147483647"/>
<pin id="186" dir="0" index="6" bw="0" slack="2147483647"/>
<pin id="183" dir="1" index="3" bw="8" slack="2147483647"/>
<pin id="187" dir="1" index="7" bw="8" slack="2147483647"/>
</pin_list>
<bind>
<opcode="store(28) " fcode="store"/>
<opset="store_ln19/3 "/>
</bind>
</comp>

<comp id="189" class="1004" name="gmem0_addr_read_read_fu_189">
<pin_list>
<pin id="190" dir="0" index="0" bw="8" slack="0"/>
<pin id="191" dir="0" index="1" bw="8" slack="1"/>
<pin id="192" dir="1" index="2" bw="8" slack="1"/>
</pin_list>
<bind>
<opcode="read(1150) " fcode="read"/>
<opset="gmem0_addr_read/2 "/>
</bind>
</comp>

<comp id="194" class="1004" name="store_ln17_store_fu_194">
<pin_list>
<pin id="195" dir="0" index="0" bw="1" slack="0"/>
<pin id="196" dir="0" index="1" bw="12" slack="0"/>
<pin id="197" dir="1" index="2" bw="0" slack="2147483647"/>
</pin_list>
<bind>
<opcode="store(28) " fcode="store"/>
<opset="store_ln17/1 "/>
</bind>
</comp>

<comp id="199" class="1004" name="store_ln0_store_fu_199">
<pin_list>
<pin id="200" dir="0" index="0" bw="1" slack="0"/>
<pin id="201" dir="0" index="1" bw="25" slack="0"/>
<pin id="202" dir="1" index="2" bw="0" slack="2147483647"/>
</pin_list>
<bind>
<opcode="store(28) " fcode="store"/>
<opset="store_ln0/1 "/>
</bind>
</comp>

<comp id="204" class="1004" name="store_ln0_store_fu_204">
<pin_list>
<pin id="205" dir="0" index="0" bw="1" slack="0"/>
<pin id="206" dir="0" index="1" bw="12" slack="0"/>
<pin id="207" dir="1" index="2" bw="0" slack="2147483647"/>
</pin_list>
<bind>
<opcode="store(28) " fcode="store"/>
<opset="store_ln0/1 "/>
</bind>
</comp>

<comp id="209" class="1004" name="phi_urem_load_load_fu_209">
<pin_list>
<pin id="210" dir="0" index="0" bw="12" slack="0"/>
<pin id="211" dir="1" index="1" bw="12" slack="0"/>
</pin_list>
<bind>
<opcode="load(27) " fcode="load"/>
<opset="phi_urem_load/1 "/>
</bind>
</comp>

<comp id="212" class="1004" name="i_3_load_fu_212">
<pin_list>
<pin id="213" dir="0" index="0" bw="12" slack="0"/>
<pin id="214" dir="1" index="1" bw="12" slack="0"/>
</pin_list>
<bind>
<opcode="load(27) " fcode="load"/>
<opset="i_3/1 "/>
</bind>
</comp>

<comp id="215" class="1004" name="icmp_ln17_fu_215">
<pin_list>
<pin id="216" dir="0" index="0" bw="12" slack="0"/>
<pin id="217" dir="0" index="1" bw="12" slack="0"/>
<pin id="218" dir="1" index="2" bw="1" slack="1"/>
</pin_list>
<bind>
<opcode="icmp(45) " fcode="icmp"/>
<opset="icmp_ln17/1 "/>
</bind>
</comp>

<comp id="221" class="1004" name="add_ln17_fu_221">
<pin_list>
<pin id="222" dir="0" index="0" bw="12" slack="0"/>
<pin id="223" dir="0" index="1" bw="1" slack="0"/>
<pin id="224" dir="1" index="2" bw="12" slack="0"/>
</pin_list>
<bind>
<opcode="add(8) " fcode="add"/>
<opset="add_ln17/1 "/>
</bind>
</comp>

<comp id="227" class="1004" name="gmem0_addr_fu_227">
<pin_list>
<pin id="228" dir="0" index="0" bw="64" slack="0"/>
<pin id="229" dir="0" index="1" bw="64" slack="0"/>
<pin id="230" dir="1" index="2" bw="64" slack="1"/>
</pin_list>
<bind>
<opcode="getelementptr(29) " fcode="getelementptr"/>
<opset="gmem0_addr/1 "/>
</bind>
</comp>

<comp id="233" class="1004" name="trunc_ln17_fu_233">
<pin_list>
<pin id="234" dir="0" index="0" bw="12" slack="0"/>
<pin id="235" dir="1" index="1" bw="3" slack="0"/>
</pin_list>
<bind>
<opcode="trunc(33) " fcode="trunc"/>
<opset="trunc_ln17/1 "/>
</bind>
</comp>

<comp id="237" class="1004" name="switch_ln19_fu_237">
<pin_list>
<pin id="238" dir="0" index="0" bw="3" slack="0"/>
<pin id="239" dir="0" index="1" bw="1" slack="0"/>
<pin id="240" dir="0" index="2" bw="1" slack="0"/>
<pin id="241" dir="0" index="3" bw="3" slack="0"/>
<pin id="242" dir="0" index="4" bw="3" slack="0"/>
<pin id="243" dir="1" index="5" bw="0" slack="2147483647"/>
</pin_list>
<bind>
<opcode="switch(3) " fcode="switch"/>
<opset="switch_ln19/1 "/>
</bind>
</comp>

<comp id="249" class="1004" name="add_ln17_4_fu_249">
<pin_list>
<pin id="250" dir="0" index="0" bw="12" slack="0"/>
<pin id="251" dir="0" index="1" bw="1" slack="0"/>
<pin id="252" dir="1" index="2" bw="12" slack="0"/>
</pin_list>
<bind>
<opcode="add(8) " fcode="add"/>
<opset="add_ln17_4/1 "/>
</bind>
</comp>

<comp id="255" class="1004" name="icmp_ln17_2_fu_255">
<pin_list>
<pin id="256" dir="0" index="0" bw="12" slack="0"/>
<pin id="257" dir="0" index="1" bw="12" slack="0"/>
<pin id="258" dir="1" index="2" bw="1" slack="0"/>
</pin_list>
<bind>
<opcode="icmp(45) " fcode="icmp"/>
<opset="icmp_ln17_2/1 "/>
</bind>
</comp>

<comp id="261" class="1004" name="select_ln17_fu_261">
<pin_list>
<pin id="262" dir="0" index="0" bw="1" slack="0"/>
<pin id="263" dir="0" index="1" bw="12" slack="0"/>
<pin id="264" dir="0" index="2" bw="12" slack="0"/>
<pin id="265" dir="1" index="3" bw="12" slack="0"/>
</pin_list>
<bind>
<opcode="select(49) " fcode="select"/>
<opset="select_ln17/1 "/>
</bind>
</comp>

<comp id="269" class="1004" name="store_ln17_store_fu_269">
<pin_list>
<pin id="270" dir="0" index="0" bw="12" slack="0"/>
<pin id="271" dir="0" index="1" bw="12" slack="0"/>
<pin id="272" dir="1" index="2" bw="0" slack="2147483647"/>
</pin_list>
<bind>
<opcode="store(28) " fcode="store"/>
<opset="store_ln17/1 "/>
</bind>
</comp>

<comp id="274" class="1004" name="store_ln17_store_fu_274">
<pin_list>
<pin id="275" dir="0" index="0" bw="12" slack="0"/>
<pin id="276" dir="0" index="1" bw="12" slack="0"/>
<pin id="277" dir="1" index="2" bw="0" slack="2147483647"/>
</pin_list>
<bind>
<opcode="store(28) " fcode="store"/>
<opset="store_ln17/1 "/>
</bind>
</comp>

<comp id="279" class="1004" name="phi_mul_load_load_fu_279">
<pin_list>
<pin id="280" dir="0" index="0" bw="25" slack="2"/>
<pin id="281" dir="1" index="1" bw="25" slack="0"/>
</pin_list>
<bind>
<opcode="load(27) " fcode="load"/>
<opset="phi_mul_load/3 "/>
</bind>
</comp>

<comp id="282" class="1004" name="add_ln17_3_fu_282">
<pin_list>
<pin id="283" dir="0" index="0" bw="25" slack="0"/>
<pin id="284" dir="0" index="1" bw="14" slack="0"/>
<pin id="285" dir="1" index="2" bw="25" slack="0"/>
</pin_list>
<bind>
<opcode="add(8) " fcode="add"/>
<opset="add_ln17_3/3 "/>
</bind>
</comp>

<comp id="288" class="1004" name="tmp_fu_288">
<pin_list>
<pin id="289" dir="0" index="0" bw="10" slack="0"/>
<pin id="290" dir="0" index="1" bw="25" slack="0"/>
<pin id="291" dir="0" index="2" bw="5" slack="0"/>
<pin id="292" dir="0" index="3" bw="6" slack="0"/>
<pin id="293" dir="1" index="4" bw="10" slack="0"/>
</pin_list>
<bind>
<opcode="partselect(1002) " fcode="partselect"/>
<opset="tmp/3 "/>
</bind>
</comp>

<comp id="298" class="1004" name="zext_ln17_fu_298">
<pin_list>
<pin id="299" dir="0" index="0" bw="10" slack="0"/>
<pin id="300" dir="1" index="1" bw="64" slack="0"/>
</pin_list>
<bind>
<opcode="zext(34) " fcode="zext"/>
<opset="zext_ln17/3 "/>
</bind>
</comp>

<comp id="307" class="1004" name="store_ln17_store_fu_307">
<pin_list>
<pin id="308" dir="0" index="0" bw="25" slack="0"/>
<pin id="309" dir="0" index="1" bw="25" slack="2"/>
<pin id="310" dir="1" index="2" bw="0" slack="2147483647"/>
</pin_list>
<bind>
<opcode="store(28) " fcode="store"/>
<opset="store_ln17/3 "/>
</bind>
</comp>

<comp id="312" class="1005" name="phi_urem_reg_312">
<pin_list>
<pin id="313" dir="0" index="0" bw="12" slack="0"/>
<pin id="314" dir="1" index="1" bw="12" slack="0"/>
</pin_list>
<bind>
<opset="phi_urem "/>
</bind>
</comp>

<comp id="319" class="1005" name="phi_mul_reg_319">
<pin_list>
<pin id="320" dir="0" index="0" bw="25" slack="0"/>
<pin id="321" dir="1" index="1" bw="25" slack="0"/>
</pin_list>
<bind>
<opset="phi_mul "/>
</bind>
</comp>

<comp id="326" class="1005" name="i_reg_326">
<pin_list>
<pin id="327" dir="0" index="0" bw="12" slack="0"/>
<pin id="328" dir="1" index="1" bw="12" slack="0"/>
</pin_list>
<bind>
<opset="i "/>
</bind>
</comp>

<comp id="333" class="1005" name="icmp_ln17_reg_333">
<pin_list>
<pin id="334" dir="0" index="0" bw="1" slack="1"/>
<pin id="335" dir="1" index="1" bw="1" slack="2147483647"/>
</pin_list>
<bind>
<opset="icmp_ln17 "/>
</bind>
</comp>

<comp id="337" class="1005" name="gmem0_addr_reg_337">
<pin_list>
<pin id="338" dir="0" index="0" bw="8" slack="1"/>
<pin id="339" dir="1" index="1" bw="8" slack="1"/>
</pin_list>
<bind>
<opset="gmem0_addr "/>
</bind>
</comp>

<comp id="342" class="1005" name="trunc_ln17_reg_342">
<pin_list>
<pin id="343" dir="0" index="0" bw="3" slack="2"/>
<pin id="344" dir="1" index="1" bw="3" slack="2147483647"/>
</pin_list>
<bind>
<opset="trunc_ln17 "/>
</bind>
</comp>

<comp id="346" class="1005" name="gmem0_addr_read_reg_346">
<pin_list>
<pin id="347" dir="0" index="0" bw="8" slack="1"/>
<pin id="348" dir="1" index="1" bw="8" slack="1"/>
</pin_list>
<bind>
<opset="gmem0_addr_read "/>
</bind>
</comp>

</comp_list>

<net_list>
<net id="89"><net_src comp="14" pin="0"/><net_sink comp="86" pin=0"/></net>

<net id="93"><net_src comp="14" pin="0"/><net_sink comp="90" pin=0"/></net>

<net id="97"><net_src comp="14" pin="0"/><net_sink comp="94" pin=0"/></net>

<net id="102"><net_src comp="44" pin="0"/><net_sink comp="98" pin=0"/></net>

<net id="103"><net_src comp="2" pin="0"/><net_sink comp="98" pin=1"/></net>

<net id="109"><net_src comp="4" pin="0"/><net_sink comp="104" pin=0"/></net>

<net id="110"><net_src comp="84" pin="0"/><net_sink comp="104" pin=1"/></net>

<net id="116"><net_src comp="6" pin="0"/><net_sink comp="111" pin=0"/></net>

<net id="117"><net_src comp="84" pin="0"/><net_sink comp="111" pin=1"/></net>

<net id="123"><net_src comp="8" pin="0"/><net_sink comp="118" pin=0"/></net>

<net id="124"><net_src comp="84" pin="0"/><net_sink comp="118" pin=1"/></net>

<net id="130"><net_src comp="10" pin="0"/><net_sink comp="125" pin=0"/></net>

<net id="131"><net_src comp="84" pin="0"/><net_sink comp="125" pin=1"/></net>

<net id="137"><net_src comp="12" pin="0"/><net_sink comp="132" pin=0"/></net>

<net id="138"><net_src comp="84" pin="0"/><net_sink comp="132" pin=1"/></net>

<net id="148"><net_src comp="125" pin="3"/><net_sink comp="139" pin=2"/></net>

<net id="158"><net_src comp="118" pin="3"/><net_sink comp="149" pin=2"/></net>

<net id="168"><net_src comp="111" pin="3"/><net_sink comp="159" pin=2"/></net>

<net id="178"><net_src comp="104" pin="3"/><net_sink comp="169" pin=2"/></net>

<net id="188"><net_src comp="132" pin="3"/><net_sink comp="179" pin=2"/></net>

<net id="193"><net_src comp="68" pin="0"/><net_sink comp="189" pin=0"/></net>

<net id="198"><net_src comp="46" pin="0"/><net_sink comp="194" pin=0"/></net>

<net id="203"><net_src comp="48" pin="0"/><net_sink comp="199" pin=0"/></net>

<net id="208"><net_src comp="46" pin="0"/><net_sink comp="204" pin=0"/></net>

<net id="219"><net_src comp="212" pin="1"/><net_sink comp="215" pin=0"/></net>

<net id="220"><net_src comp="50" pin="0"/><net_sink comp="215" pin=1"/></net>

<net id="225"><net_src comp="212" pin="1"/><net_sink comp="221" pin=0"/></net>

<net id="226"><net_src comp="56" pin="0"/><net_sink comp="221" pin=1"/></net>

<net id="231"><net_src comp="0" pin="0"/><net_sink comp="227" pin=0"/></net>

<net id="232"><net_src comp="98" pin="2"/><net_sink comp="227" pin=1"/></net>

<net id="236"><net_src comp="209" pin="1"/><net_sink comp="233" pin=0"/></net>

<net id="244"><net_src comp="233" pin="1"/><net_sink comp="237" pin=0"/></net>

<net id="245"><net_src comp="58" pin="0"/><net_sink comp="237" pin=1"/></net>

<net id="246"><net_src comp="60" pin="0"/><net_sink comp="237" pin=2"/></net>

<net id="247"><net_src comp="62" pin="0"/><net_sink comp="237" pin=3"/></net>

<net id="248"><net_src comp="64" pin="0"/><net_sink comp="237" pin=4"/></net>

<net id="253"><net_src comp="209" pin="1"/><net_sink comp="249" pin=0"/></net>

<net id="254"><net_src comp="56" pin="0"/><net_sink comp="249" pin=1"/></net>

<net id="259"><net_src comp="209" pin="1"/><net_sink comp="255" pin=0"/></net>

<net id="260"><net_src comp="66" pin="0"/><net_sink comp="255" pin=1"/></net>

<net id="266"><net_src comp="255" pin="2"/><net_sink comp="261" pin=0"/></net>

<net id="267"><net_src comp="46" pin="0"/><net_sink comp="261" pin=1"/></net>

<net id="268"><net_src comp="249" pin="2"/><net_sink comp="261" pin=2"/></net>

<net id="273"><net_src comp="221" pin="2"/><net_sink comp="269" pin=0"/></net>

<net id="278"><net_src comp="261" pin="3"/><net_sink comp="274" pin=0"/></net>

<net id="286"><net_src comp="279" pin="1"/><net_sink comp="282" pin=0"/></net>

<net id="287"><net_src comp="76" pin="0"/><net_sink comp="282" pin=1"/></net>

<net id="294"><net_src comp="78" pin="0"/><net_sink comp="288" pin=0"/></net>

<net id="295"><net_src comp="279" pin="1"/><net_sink comp="288" pin=1"/></net>

<net id="296"><net_src comp="80" pin="0"/><net_sink comp="288" pin=2"/></net>

<net id="297"><net_src comp="82" pin="0"/><net_sink comp="288" pin=3"/></net>

<net id="301"><net_src comp="288" pin="4"/><net_sink comp="298" pin=0"/></net>

<net id="302"><net_src comp="298" pin="1"/><net_sink comp="104" pin=2"/></net>

<net id="303"><net_src comp="298" pin="1"/><net_sink comp="111" pin=2"/></net>

<net id="304"><net_src comp="298" pin="1"/><net_sink comp="118" pin=2"/></net>

<net id="305"><net_src comp="298" pin="1"/><net_sink comp="125" pin=2"/></net>

<net id="306"><net_src comp="298" pin="1"/><net_sink comp="132" pin=2"/></net>

<net id="311"><net_src comp="282" pin="2"/><net_sink comp="307" pin=0"/></net>

<net id="315"><net_src comp="86" pin="1"/><net_sink comp="312" pin=0"/></net>

<net id="316"><net_src comp="312" pin="1"/><net_sink comp="204" pin=1"/></net>

<net id="317"><net_src comp="312" pin="1"/><net_sink comp="209" pin=0"/></net>

<net id="318"><net_src comp="312" pin="1"/><net_sink comp="274" pin=1"/></net>

<net id="322"><net_src comp="90" pin="1"/><net_sink comp="319" pin=0"/></net>

<net id="323"><net_src comp="319" pin="1"/><net_sink comp="199" pin=1"/></net>

<net id="324"><net_src comp="319" pin="1"/><net_sink comp="279" pin=0"/></net>

<net id="325"><net_src comp="319" pin="1"/><net_sink comp="307" pin=1"/></net>

<net id="329"><net_src comp="94" pin="1"/><net_sink comp="326" pin=0"/></net>

<net id="330"><net_src comp="326" pin="1"/><net_sink comp="194" pin=1"/></net>

<net id="331"><net_src comp="326" pin="1"/><net_sink comp="212" pin=0"/></net>

<net id="332"><net_src comp="326" pin="1"/><net_sink comp="269" pin=1"/></net>

<net id="336"><net_src comp="215" pin="2"/><net_sink comp="333" pin=0"/></net>

<net id="340"><net_src comp="227" pin="2"/><net_sink comp="337" pin=0"/></net>

<net id="341"><net_src comp="337" pin="1"/><net_sink comp="189" pin=1"/></net>

<net id="345"><net_src comp="233" pin="1"/><net_sink comp="342" pin=0"/></net>

<net id="349"><net_src comp="189" pin="2"/><net_sink comp="346" pin=0"/></net>

<net id="350"><net_src comp="346" pin="1"/><net_sink comp="139" pin=4"/></net>

<net id="351"><net_src comp="346" pin="1"/><net_sink comp="149" pin=4"/></net>

<net id="352"><net_src comp="346" pin="1"/><net_sink comp="159" pin=4"/></net>

<net id="353"><net_src comp="346" pin="1"/><net_sink comp="169" pin=4"/></net>

<net id="354"><net_src comp="346" pin="1"/><net_sink comp="179" pin=4"/></net>

</net_list>

</model> 
---------------- Datapath Model END ------------------

* FSMD analyzer results:
  - Output states:
	Port: gmem0 | {}
	Port: pool_ap_fixed_ap_fixed_8_5_5_3_0_int_int_int_int_int_local_input_4 | {3 }
	Port: pool_ap_fixed_ap_fixed_8_5_5_3_0_int_int_int_int_int_local_input_3 | {3 }
	Port: pool_ap_fixed_ap_fixed_8_5_5_3_0_int_int_int_int_int_local_input_2 | {3 }
	Port: pool_ap_fixed_ap_fixed_8_5_5_3_0_int_int_int_int_int_local_input_1 | {3 }
	Port: pool_ap_fixed_ap_fixed_8_5_5_3_0_int_int_int_int_int_local_input | {3 }
 - Input state : 
	Port: pool.1_Pipeline_LOAD_POOL : gmem0 | {2 }
	Port: pool.1_Pipeline_LOAD_POOL : input_r | {1 }
	Port: pool.1_Pipeline_LOAD_POOL : pool_ap_fixed_ap_fixed_8_5_5_3_0_int_int_int_int_int_local_input_4 | {}
	Port: pool.1_Pipeline_LOAD_POOL : pool_ap_fixed_ap_fixed_8_5_5_3_0_int_int_int_int_int_local_input_3 | {}
	Port: pool.1_Pipeline_LOAD_POOL : pool_ap_fixed_ap_fixed_8_5_5_3_0_int_int_int_int_int_local_input_2 | {}
	Port: pool.1_Pipeline_LOAD_POOL : pool_ap_fixed_ap_fixed_8_5_5_3_0_int_int_int_int_int_local_input_1 | {}
	Port: pool.1_Pipeline_LOAD_POOL : pool_ap_fixed_ap_fixed_8_5_5_3_0_int_int_int_int_int_local_input | {}
  - Chain level:
	State 1
		store_ln17 : 1
		store_ln0 : 1
		store_ln0 : 1
		phi_urem_load : 1
		i_3 : 1
		icmp_ln17 : 2
		add_ln17 : 2
		br_ln17 : 3
		trunc_ln17 : 2
		switch_ln19 : 3
		add_ln17_4 : 2
		icmp_ln17_2 : 2
		select_ln17 : 3
		store_ln17 : 3
		store_ln17 : 4
	State 2
	State 3
		add_ln17_3 : 1
		tmp : 1
		zext_ln17 : 2
		pool_ap_fixed_ap_fixed_8_5_5_3_0_int_int_int_int_int_local_input_4_addr : 3
		pool_ap_fixed_ap_fixed_8_5_5_3_0_int_int_int_int_int_local_input_3_addr : 3
		pool_ap_fixed_ap_fixed_8_5_5_3_0_int_int_int_int_int_local_input_2_addr : 3
		pool_ap_fixed_ap_fixed_8_5_5_3_0_int_int_int_int_int_local_input_1_addr : 3
		pool_ap_fixed_ap_fixed_8_5_5_3_0_int_int_int_int_int_local_input_addr : 3
		store_ln19 : 4
		store_ln19 : 4
		store_ln19 : 4
		store_ln19 : 4
		store_ln19 : 4
		store_ln17 : 2


============================================================
+ Verbose Summary: Datapath Resource usage 
============================================================

* Functional unit list:
|----------|-----------------------------|---------|---------|
| Operation|       Functional Unit       |    FF   |   LUT   |
|----------|-----------------------------|---------|---------|
|          |       add_ln17_fu_221       |    0    |    12   |
|    add   |      add_ln17_4_fu_249      |    0    |    12   |
|          |      add_ln17_3_fu_282      |    0    |    32   |
|----------|-----------------------------|---------|---------|
|   icmp   |       icmp_ln17_fu_215      |    0    |    12   |
|          |      icmp_ln17_2_fu_255     |    0    |    12   |
|----------|-----------------------------|---------|---------|
|  select  |      select_ln17_fu_261     |    0    |    12   |
|----------|-----------------------------|---------|---------|
|   read   |    input_read_read_fu_98    |    0    |    0    |
|          | gmem0_addr_read_read_fu_189 |    0    |    0    |
|----------|-----------------------------|---------|---------|
|   trunc  |      trunc_ln17_fu_233      |    0    |    0    |
|----------|-----------------------------|---------|---------|
|  switch  |      switch_ln19_fu_237     |    0    |    0    |
|----------|-----------------------------|---------|---------|
|partselect|          tmp_fu_288         |    0    |    0    |
|----------|-----------------------------|---------|---------|
|   zext   |       zext_ln17_fu_298      |    0    |    0    |
|----------|-----------------------------|---------|---------|
|   Total  |                             |    0    |    92   |
|----------|-----------------------------|---------|---------|

Memories:
N/A

* Register list:
+-----------------------+--------+
|                       |   FF   |
+-----------------------+--------+
|gmem0_addr_read_reg_346|    8   |
|   gmem0_addr_reg_337  |    8   |
|       i_reg_326       |   12   |
|   icmp_ln17_reg_333   |    1   |
|    phi_mul_reg_319    |   25   |
|    phi_urem_reg_312   |   12   |
|   trunc_ln17_reg_342  |    3   |
+-----------------------+--------+
|         Total         |   69   |
+-----------------------+--------+

* Multiplexer (MUX) list: 
|--------|------|------|------|--------|
|  Comp  |  Pin | Size |  BW  | S x BW |
|--------|------|------|------|--------|
|  Total |      |      |      |    0   |
|--------|------|------|------|--------|



* Summary:
+-----------+--------+--------+
|           |   FF   |   LUT  |
+-----------+--------+--------+
|  Function |    0   |   92   |
|   Memory  |    -   |    -   |
|Multiplexer|    -   |    -   |
|  Register |   69   |    -   |
+-----------+--------+--------+
|   Total   |   69   |   92   |
+-----------+--------+--------+
