

================================================================
== Vitis HLS Report for 'pool_1_Pipeline_CO_LOOP_H_LOOP_W_LOOP'
================================================================
* Date:           Sat Mar  7 18:28:21 2026

* Version:        2025.2 (Build 6295257 on Nov 14 2025)
* Project:        top
* Solution:       hls (Vivado IP Flow Target)
* Product family: zynq
* Target device:  xc7z020-clg484-1


================================================================
== Performance Estimates
================================================================
+ Timing: 
    * Summary: 
    +--------+----------+----------+------------+
    |  Clock |  Target  | Estimated| Uncertainty|
    +--------+----------+----------+------------+
    |ap_clk  |  10.00 ns|  8.750 ns|     1.25 ns|
    +--------+----------+----------+------------+

+ Latency: 
    * Summary: 
    +---------+---------+----------+----------+-----+-----+-------------------+
    |  Latency (cycles) |  Latency (absolute) |  Interval |      Pipeline     |
    |   min   |   max   |    min   |    max   | min | max |        Type       |
    +---------+---------+----------+----------+-----+-----+-------------------+
    |      802|      802|  8.020 us|  8.020 us|    0|    0|  loop pipeline stp|
    +---------+---------+----------+----------+-----+-----+-------------------+

    + Detail: 
        * Instance: 
        N/A

        * Loop: 
        +-------------------------+---------+---------+----------+-----------+-----------+------+----------+
        |                         |  Latency (cycles) | Iteration|  Initiation Interval  | Trip |          |
        |        Loop Name        |   min   |   max   |  Latency |  achieved |   target  | Count| Pipelined|
        +-------------------------+---------+---------+----------+-----------+-----------+------+----------+
        |- CO_LOOP_H_LOOP_W_LOOP  |      800|      800|        18|          1|          1|   784|       yes|
        +-------------------------+---------+---------+----------+-----------+-----------+------+----------+

============================================================
+ Verbose Summary: Synthesis Manager
============================================================
InlineROM: 1
ExposeGlobal: 0
============================================================
+ Verbose Summary: CDFG Model
============================================================
IsTopModel: 0
ResetActiveHigh: 1
IsCombinational: 0
IsDatapathOnly: 0
HasWiredReturn: 1
HasMFsm: 2
HasVarLatency: 1
IsPipeline: 0
IsRtlPipelined: 0
IsInstanceOverlapped: 0
IsDontTouch: 0
HasImplIP: 0
IsGatedGlobalClock: 0

+ Individual pipeline summary: 
  * Pipeline-0: initiation interval (II) = 1, depth = 18


============================================================
+ Verbose Summary: Schedule
============================================================
* Number of FSM states : 18
* Pipeline : 1
  Pipeline-0 : II = 1, D = 18, States = { 1 2 3 4 5 6 7 8 9 10 11 12 13 14 15 16 17 18 }
* Dataflow Pipeline: 0

* FSM state transitions: 
1 --> 2 
2 --> 3 
3 --> 4 
4 --> 5 
5 --> 6 
6 --> 7 
7 --> 8 
8 --> 9 
9 --> 10 
10 --> 11 
11 --> 12 
12 --> 13 
13 --> 14 
14 --> 15 
15 --> 16 
16 --> 17 
17 --> 18 
18 --> 

* FSM state operations: 

State 1 <SV = 0> <Delay = 8.61>
ST_1 : Operation 21 [1/1] (0.00ns)   --->   "%w = alloca i32 1" [../src/pool.cpp:25]   --->   Operation 21 'alloca' 'w' <Predicate = true> <Delay = 0.00>
ST_1 : Operation 22 [1/1] (0.00ns)   --->   "%h = alloca i32 1" [../src/pool.cpp:24]   --->   Operation 22 'alloca' 'h' <Predicate = true> <Delay = 0.00>
ST_1 : Operation 23 [1/1] (0.00ns)   --->   "%indvar_flatten = alloca i32 1"   --->   Operation 23 'alloca' 'indvar_flatten' <Predicate = true> <Delay = 0.00>
ST_1 : Operation 24 [1/1] (0.00ns)   --->   "%co = alloca i32 1" [../src/pool.cpp:23]   --->   Operation 24 'alloca' 'co' <Predicate = true> <Delay = 0.00>
ST_1 : Operation 25 [1/1] (0.00ns)   --->   "%indvar_flatten12 = alloca i32 1"   --->   Operation 25 'alloca' 'indvar_flatten12' <Predicate = true> <Delay = 0.00>
ST_1 : Operation 26 [1/1] (0.00ns)   --->   "%specmemcore_ln0 = specmemcore void @_ssdm_op_SpecMemCore, i8 %pool_ap_fixed_ap_fixed_8_5_5_3_0_int_int_int_int_int_local_input, i64 666, i64 22, i64 18446744073709551615, i1 0"   --->   Operation 26 'specmemcore' 'specmemcore_ln0' <Predicate = true> <Delay = 0.00>
ST_1 : Operation 27 [1/1] (0.00ns)   --->   "%specmemcore_ln0 = specmemcore void @_ssdm_op_SpecMemCore, i8 %pool_ap_fixed_ap_fixed_8_5_5_3_0_int_int_int_int_int_local_input_1, i64 666, i64 22, i64 18446744073709551615, i1 0"   --->   Operation 27 'specmemcore' 'specmemcore_ln0' <Predicate = true> <Delay = 0.00>
ST_1 : Operation 28 [1/1] (0.00ns)   --->   "%specmemcore_ln0 = specmemcore void @_ssdm_op_SpecMemCore, i8 %pool_ap_fixed_ap_fixed_8_5_5_3_0_int_int_int_int_int_local_input_2, i64 666, i64 22, i64 18446744073709551615, i1 0"   --->   Operation 28 'specmemcore' 'specmemcore_ln0' <Predicate = true> <Delay = 0.00>
ST_1 : Operation 29 [1/1] (0.00ns)   --->   "%specmemcore_ln0 = specmemcore void @_ssdm_op_SpecMemCore, i8 %pool_ap_fixed_ap_fixed_8_5_5_3_0_int_int_int_int_int_local_input_3, i64 666, i64 22, i64 18446744073709551615, i1 0"   --->   Operation 29 'specmemcore' 'specmemcore_ln0' <Predicate = true> <Delay = 0.00>
ST_1 : Operation 30 [1/1] (0.00ns)   --->   "%specmemcore_ln0 = specmemcore void @_ssdm_op_SpecMemCore, i8 %pool_ap_fixed_ap_fixed_8_5_5_3_0_int_int_int_int_int_local_input_4, i64 666, i64 22, i64 18446744073709551615, i1 0"   --->   Operation 30 'specmemcore' 'specmemcore_ln0' <Predicate = true> <Delay = 0.00>
ST_1 : Operation 31 [1/1] (0.00ns)   --->   "%specinterface_ln0 = specinterface void @_ssdm_op_SpecInterface, i8 %gmem0, void @empty_7, i32 0, i32 0, void @empty_8, i32 0, i32 848, void @empty_34, void @empty_20, void @empty_8, i32 16, i32 16, i32 16, i32 16, void @empty_8, void @empty_8, i32 4294967295, i32 0, i32 0, i32 1"   --->   Operation 31 'specinterface' 'specinterface_ln0' <Predicate = true> <Delay = 0.00>
ST_1 : Operation 32 [1/1] (0.00ns)   --->   "%outputPool_read = read i64 @_ssdm_op_Read.ap_auto.i64, i64 %outputPool"   --->   Operation 32 'read' 'outputPool_read' <Predicate = true> <Delay = 0.00>
ST_1 : Operation 33 [1/1] (1.58ns)   --->   "%store_ln0 = store i10 0, i10 %indvar_flatten12"   --->   Operation 33 'store' 'store_ln0' <Predicate = true> <Delay = 1.58>
ST_1 : Operation 34 [1/1] (1.58ns)   --->   "%store_ln23 = store i5 0, i5 %co" [../src/pool.cpp:23]   --->   Operation 34 'store' 'store_ln23' <Predicate = true> <Delay = 1.58>
ST_1 : Operation 35 [1/1] (1.58ns)   --->   "%store_ln0 = store i6 0, i6 %indvar_flatten"   --->   Operation 35 'store' 'store_ln0' <Predicate = true> <Delay = 1.58>
ST_1 : Operation 36 [1/1] (1.58ns)   --->   "%store_ln24 = store i3 0, i3 %h" [../src/pool.cpp:24]   --->   Operation 36 'store' 'store_ln24' <Predicate = true> <Delay = 1.58>
ST_1 : Operation 37 [1/1] (1.58ns)   --->   "%store_ln25 = store i3 0, i3 %w" [../src/pool.cpp:25]   --->   Operation 37 'store' 'store_ln25' <Predicate = true> <Delay = 1.58>
ST_1 : Operation 38 [1/1] (0.00ns)   --->   "%br_ln0 = br void %if.end.i.i.i"   --->   Operation 38 'br' 'br_ln0' <Predicate = true> <Delay = 0.00>
ST_1 : Operation 39 [1/1] (0.00ns)   --->   "%indvar_flatten12_load = load i10 %indvar_flatten12" [../src/pool.cpp:23]   --->   Operation 39 'load' 'indvar_flatten12_load' <Predicate = true> <Delay = 0.00>
ST_1 : Operation 40 [1/1] (1.73ns)   --->   "%icmp_ln23 = icmp_eq  i10 %indvar_flatten12_load, i10 784" [../src/pool.cpp:23]   --->   Operation 40 'icmp' 'icmp_ln23' <Predicate = true> <Delay = 1.73> <CoreInst = "Cmp">   --->   Core 9 'Cmp' <Latency = 0> <II = 1> <Delay = 1.73> <FuncUnit> <Opcode : 'seteq' 'setne' 'setle' 'setge' 'setlt' 'setgt'> <InPorts = 2> <OutPorts = 1>
ST_1 : Operation 41 [1/1] (1.73ns)   --->   "%add_ln23_1 = add i10 %indvar_flatten12_load, i10 1" [../src/pool.cpp:23]   --->   Operation 41 'add' 'add_ln23_1' <Predicate = true> <Delay = 1.73> <CoreInst = "Adder">   --->   Core 1 'Adder' <Latency = 0> <II = 1> <Delay = 1.73> <FuncUnit> <Opcode : 'add' 'sub'> <InPorts = 2> <OutPorts = 1>
ST_1 : Operation 42 [1/1] (0.00ns)   --->   "%br_ln23 = br i1 %icmp_ln23, void %for.inc57, void %for.end59.exitStub" [../src/pool.cpp:23]   --->   Operation 42 'br' 'br_ln23' <Predicate = true> <Delay = 0.00>
ST_1 : Operation 43 [1/1] (0.00ns)   --->   "%w_load = load i3 %w" [../src/pool.cpp:25]   --->   Operation 43 'load' 'w_load' <Predicate = (!icmp_ln23)> <Delay = 0.00>
ST_1 : Operation 44 [1/1] (0.00ns)   --->   "%h_load = load i3 %h" [../src/pool.cpp:23]   --->   Operation 44 'load' 'h_load' <Predicate = (!icmp_ln23)> <Delay = 0.00>
ST_1 : Operation 45 [1/1] (0.00ns)   --->   "%indvar_flatten_load = load i6 %indvar_flatten" [../src/pool.cpp:24]   --->   Operation 45 'load' 'indvar_flatten_load' <Predicate = (!icmp_ln23)> <Delay = 0.00>
ST_1 : Operation 46 [1/1] (1.82ns)   --->   "%icmp_ln24 = icmp_eq  i6 %indvar_flatten_load, i6 49" [../src/pool.cpp:24]   --->   Operation 46 'icmp' 'icmp_ln24' <Predicate = (!icmp_ln23)> <Delay = 1.82> <CoreInst = "Cmp">   --->   Core 9 'Cmp' <Latency = 0> <II = 1> <Delay = 1.82> <FuncUnit> <Opcode : 'seteq' 'setne' 'setle' 'setge' 'setlt' 'setgt'> <InPorts = 2> <OutPorts = 1>
ST_1 : Operation 47 [1/1] (0.98ns)   --->   "%select_ln23 = select i1 %icmp_ln24, i3 0, i3 %h_load" [../src/pool.cpp:23]   --->   Operation 47 'select' 'select_ln23' <Predicate = (!icmp_ln23)> <Delay = 0.98> <CoreInst = "Sel">   --->   Core 73 'Sel' <Latency = 0> <II = 1> <Delay = 0.98> <FuncUnit> <Opcode : 'select'> <InPorts = 3> <OutPorts = 1>
ST_1 : Operation 48 [1/1] (0.00ns) (grouped into LUT with out node and_ln23)   --->   "%xor_ln23 = xor i1 %icmp_ln24, i1 1" [../src/pool.cpp:23]   --->   Operation 48 'xor' 'xor_ln23' <Predicate = (!icmp_ln23)> <Delay = 0.00> <CoreInst = "LogicGate">   --->   Core 74 'LogicGate' <Latency = 0> <II = 1> <Delay = 0.97> <FuncUnit> <Opcode : 'and' 'or' 'xor'> <InPorts = 2> <OutPorts = 1>
ST_1 : Operation 49 [1/1] (1.65ns)   --->   "%icmp_ln25 = icmp_eq  i3 %w_load, i3 7" [../src/pool.cpp:25]   --->   Operation 49 'icmp' 'icmp_ln25' <Predicate = (!icmp_ln23)> <Delay = 1.65> <CoreInst = "Cmp">   --->   Core 9 'Cmp' <Latency = 0> <II = 1> <Delay = 1.65> <FuncUnit> <Opcode : 'seteq' 'setne' 'setle' 'setge' 'setlt' 'setgt'> <InPorts = 2> <OutPorts = 1>
ST_1 : Operation 50 [1/1] (0.97ns) (out node of the LUT)   --->   "%and_ln23 = and i1 %icmp_ln25, i1 %xor_ln23" [../src/pool.cpp:23]   --->   Operation 50 'and' 'and_ln23' <Predicate = (!icmp_ln23)> <Delay = 0.97> <CoreInst = "LogicGate">   --->   Core 74 'LogicGate' <Latency = 0> <II = 1> <Delay = 0.97> <FuncUnit> <Opcode : 'and' 'or' 'xor'> <InPorts = 2> <OutPorts = 1>
ST_1 : Operation 51 [1/1] (1.65ns)   --->   "%add_ln24 = add i3 %select_ln23, i3 1" [../src/pool.cpp:24]   --->   Operation 51 'add' 'add_ln24' <Predicate = (!icmp_ln23)> <Delay = 1.65> <CoreInst = "Adder">   --->   Core 1 'Adder' <Latency = 0> <II = 1> <Delay = 1.65> <FuncUnit> <Opcode : 'add' 'sub'> <InPorts = 2> <OutPorts = 1>
ST_1 : Operation 52 [1/1] (0.00ns) (grouped into LUT with out node w_mid2)   --->   "%empty = or i1 %and_ln23, i1 %icmp_ln24" [../src/pool.cpp:23]   --->   Operation 52 'or' 'empty' <Predicate = (!icmp_ln23)> <Delay = 0.00> <CoreInst = "LogicGate">   --->   Core 74 'LogicGate' <Latency = 0> <II = 1> <Delay = 0.97> <FuncUnit> <Opcode : 'and' 'or' 'xor'> <InPorts = 2> <OutPorts = 1>
ST_1 : Operation 53 [1/1] (0.98ns) (out node of the LUT)   --->   "%w_mid2 = select i1 %empty, i3 0, i3 %w_load" [../src/pool.cpp:23]   --->   Operation 53 'select' 'w_mid2' <Predicate = (!icmp_ln23)> <Delay = 0.98> <CoreInst = "Sel">   --->   Core 73 'Sel' <Latency = 0> <II = 1> <Delay = 0.98> <FuncUnit> <Opcode : 'select'> <InPorts = 3> <OutPorts = 1>
ST_1 : Operation 54 [1/1] (0.98ns)   --->   "%select_ln24 = select i1 %and_ln23, i3 %add_ln24, i3 %select_ln23" [../src/pool.cpp:24]   --->   Operation 54 'select' 'select_ln24' <Predicate = (!icmp_ln23)> <Delay = 0.98> <CoreInst = "Sel">   --->   Core 73 'Sel' <Latency = 0> <II = 1> <Delay = 0.98> <FuncUnit> <Opcode : 'select'> <InPorts = 3> <OutPorts = 1>
ST_1 : Operation 55 [1/1] (1.65ns)   --->   "%add_ln25 = add i3 %w_mid2, i3 1" [../src/pool.cpp:25]   --->   Operation 55 'add' 'add_ln25' <Predicate = (!icmp_ln23)> <Delay = 1.65> <CoreInst = "Adder">   --->   Core 1 'Adder' <Latency = 0> <II = 1> <Delay = 1.65> <FuncUnit> <Opcode : 'add' 'sub'> <InPorts = 2> <OutPorts = 1>
ST_1 : Operation 56 [1/1] (1.82ns)   --->   "%add_ln24_1 = add i6 %indvar_flatten_load, i6 1" [../src/pool.cpp:24]   --->   Operation 56 'add' 'add_ln24_1' <Predicate = (!icmp_ln23)> <Delay = 1.82> <CoreInst = "Adder">   --->   Core 1 'Adder' <Latency = 0> <II = 1> <Delay = 1.82> <FuncUnit> <Opcode : 'add' 'sub'> <InPorts = 2> <OutPorts = 1>
ST_1 : Operation 57 [1/1] (1.18ns)   --->   "%select_ln24_1 = select i1 %icmp_ln24, i6 1, i6 %add_ln24_1" [../src/pool.cpp:24]   --->   Operation 57 'select' 'select_ln24_1' <Predicate = (!icmp_ln23)> <Delay = 1.18> <CoreInst = "Sel">   --->   Core 73 'Sel' <Latency = 0> <II = 1> <Delay = 1.18> <FuncUnit> <Opcode : 'select'> <InPorts = 3> <OutPorts = 1>
ST_1 : Operation 58 [1/1] (1.58ns)   --->   "%store_ln23 = store i10 %add_ln23_1, i10 %indvar_flatten12" [../src/pool.cpp:23]   --->   Operation 58 'store' 'store_ln23' <Predicate = (!icmp_ln23)> <Delay = 1.58>
ST_1 : Operation 59 [1/1] (1.58ns)   --->   "%store_ln24 = store i6 %select_ln24_1, i6 %indvar_flatten" [../src/pool.cpp:24]   --->   Operation 59 'store' 'store_ln24' <Predicate = (!icmp_ln23)> <Delay = 1.58>
ST_1 : Operation 60 [1/1] (1.58ns)   --->   "%store_ln24 = store i3 %select_ln24, i3 %h" [../src/pool.cpp:24]   --->   Operation 60 'store' 'store_ln24' <Predicate = (!icmp_ln23)> <Delay = 1.58>
ST_1 : Operation 61 [1/1] (1.58ns)   --->   "%store_ln25 = store i3 %add_ln25, i3 %w" [../src/pool.cpp:25]   --->   Operation 61 'store' 'store_ln25' <Predicate = (!icmp_ln23)> <Delay = 1.58>

State 2 <SV = 1> <Delay = 8.65>
ST_2 : Operation 62 [1/1] (0.00ns)   --->   "%co_load = load i5 %co" [../src/pool.cpp:23]   --->   Operation 62 'load' 'co_load' <Predicate = true> <Delay = 0.00>
ST_2 : Operation 63 [1/1] (1.78ns)   --->   "%add_ln23 = add i5 %co_load, i5 1" [../src/pool.cpp:23]   --->   Operation 63 'add' 'add_ln23' <Predicate = (icmp_ln24)> <Delay = 1.78> <CoreInst = "Adder">   --->   Core 1 'Adder' <Latency = 0> <II = 1> <Delay = 1.78> <FuncUnit> <Opcode : 'add' 'sub'> <InPorts = 2> <OutPorts = 1>
ST_2 : Operation 64 [1/1] (1.21ns)   --->   "%select_ln23_1 = select i1 %icmp_ln24, i5 %add_ln23, i5 %co_load" [../src/pool.cpp:23]   --->   Operation 64 'select' 'select_ln23_1' <Predicate = true> <Delay = 1.21> <CoreInst = "Sel">   --->   Core 73 'Sel' <Latency = 0> <II = 1> <Delay = 1.21> <FuncUnit> <Opcode : 'select'> <InPorts = 3> <OutPorts = 1>
ST_2 : Operation 65 [1/1] (0.00ns)   --->   "%shl_ln = bitconcatenate i6 @_ssdm_op_BitConcatenate.i6.i3.i3, i3 %select_ln24, i3 0" [../src/pool.cpp:34]   --->   Operation 65 'bitconcatenate' 'shl_ln' <Predicate = true> <Delay = 0.00>
ST_2 : Operation 66 [1/1] (0.00ns)   --->   "%zext_ln34 = zext i6 %shl_ln" [../src/pool.cpp:34]   --->   Operation 66 'zext' 'zext_ln34' <Predicate = true> <Delay = 0.00>
ST_2 : Operation 67 [1/1] (0.00ns)   --->   "%trunc_ln34 = trunc i5 %select_ln23_1" [../src/pool.cpp:34]   --->   Operation 67 'trunc' 'trunc_ln34' <Predicate = true> <Delay = 0.00>
ST_2 : Operation 68 [1/1] (0.00ns)   --->   "%tmp1 = bitconcatenate i8 @_ssdm_op_BitConcatenate.i8.i4.i3.i1, i4 %trunc_ln34, i3 %w_mid2, i1 0" [../src/pool.cpp:34]   --->   Operation 68 'bitconcatenate' 'tmp1' <Predicate = true> <Delay = 0.00>
ST_2 : Operation 69 [1/1] (0.00ns)   --->   "%zext_ln34_4 = zext i8 %tmp1" [../src/pool.cpp:34]   --->   Operation 69 'zext' 'zext_ln34_4' <Predicate = true> <Delay = 0.00>
ST_2 : Operation 70 [1/1] (1.91ns)   --->   "%add_ln34_3 = add i9 %zext_ln34_4, i9 %zext_ln34" [../src/pool.cpp:34]   --->   Operation 70 'add' 'add_ln34_3' <Predicate = true> <Delay = 1.91> <CoreInst = "Adder">   --->   Core 1 'Adder' <Latency = 0> <II = 1> <Delay = 1.91> <FuncUnit> <Opcode : 'add' 'sub'> <InPorts = 2> <OutPorts = 1>
ST_2 : Operation 71 [13/13] (3.74ns)   --->   "%urem_ln36 = urem i9 %add_ln34_3, i9 5" [../src/pool.cpp:36]   --->   Operation 71 'urem' 'urem_ln36' <Predicate = true> <Delay = 3.74> <CoreInst = "Divider">   --->   Core 6 'Divider' <Latency = 12> <II = 1> <Delay = 3.74> <FuncUnit> <Opcode : 'udiv' 'sdiv' 'urem' 'srem'> <InPorts = 2> <OutPorts = 1>
ST_2 : Operation 72 [1/1] (1.58ns)   --->   "%store_ln23 = store i5 %select_ln23_1, i5 %co" [../src/pool.cpp:23]   --->   Operation 72 'store' 'store_ln23' <Predicate = true> <Delay = 1.58>

State 3 <SV = 2> <Delay = 3.74>
ST_3 : Operation 73 [12/13] (3.74ns)   --->   "%urem_ln36 = urem i9 %add_ln34_3, i9 5" [../src/pool.cpp:36]   --->   Operation 73 'urem' 'urem_ln36' <Predicate = true> <Delay = 3.74> <CoreInst = "Divider">   --->   Core 6 'Divider' <Latency = 12> <II = 1> <Delay = 3.74> <FuncUnit> <Opcode : 'udiv' 'sdiv' 'urem' 'srem'> <InPorts = 2> <OutPorts = 1>

State 4 <SV = 3> <Delay = 3.74>
ST_4 : Operation 74 [11/13] (3.74ns)   --->   "%urem_ln36 = urem i9 %add_ln34_3, i9 5" [../src/pool.cpp:36]   --->   Operation 74 'urem' 'urem_ln36' <Predicate = true> <Delay = 3.74> <CoreInst = "Divider">   --->   Core 6 'Divider' <Latency = 12> <II = 1> <Delay = 3.74> <FuncUnit> <Opcode : 'udiv' 'sdiv' 'urem' 'srem'> <InPorts = 2> <OutPorts = 1>

State 5 <SV = 4> <Delay = 3.74>
ST_5 : Operation 75 [10/13] (3.74ns)   --->   "%urem_ln36 = urem i9 %add_ln34_3, i9 5" [../src/pool.cpp:36]   --->   Operation 75 'urem' 'urem_ln36' <Predicate = true> <Delay = 3.74> <CoreInst = "Divider">   --->   Core 6 'Divider' <Latency = 12> <II = 1> <Delay = 3.74> <FuncUnit> <Opcode : 'udiv' 'sdiv' 'urem' 'srem'> <InPorts = 2> <OutPorts = 1>

State 6 <SV = 5> <Delay = 3.74>
ST_6 : Operation 76 [9/13] (3.74ns)   --->   "%urem_ln36 = urem i9 %add_ln34_3, i9 5" [../src/pool.cpp:36]   --->   Operation 76 'urem' 'urem_ln36' <Predicate = true> <Delay = 3.74> <CoreInst = "Divider">   --->   Core 6 'Divider' <Latency = 12> <II = 1> <Delay = 3.74> <FuncUnit> <Opcode : 'udiv' 'sdiv' 'urem' 'srem'> <InPorts = 2> <OutPorts = 1>

State 7 <SV = 6> <Delay = 3.74>
ST_7 : Operation 77 [8/13] (3.74ns)   --->   "%urem_ln36 = urem i9 %add_ln34_3, i9 5" [../src/pool.cpp:36]   --->   Operation 77 'urem' 'urem_ln36' <Predicate = true> <Delay = 3.74> <CoreInst = "Divider">   --->   Core 6 'Divider' <Latency = 12> <II = 1> <Delay = 3.74> <FuncUnit> <Opcode : 'udiv' 'sdiv' 'urem' 'srem'> <InPorts = 2> <OutPorts = 1>

State 8 <SV = 7> <Delay = 3.74>
ST_8 : Operation 78 [7/13] (3.74ns)   --->   "%urem_ln36 = urem i9 %add_ln34_3, i9 5" [../src/pool.cpp:36]   --->   Operation 78 'urem' 'urem_ln36' <Predicate = true> <Delay = 3.74> <CoreInst = "Divider">   --->   Core 6 'Divider' <Latency = 12> <II = 1> <Delay = 3.74> <FuncUnit> <Opcode : 'udiv' 'sdiv' 'urem' 'srem'> <InPorts = 2> <OutPorts = 1>

State 9 <SV = 8> <Delay = 3.74>
ST_9 : Operation 79 [6/13] (3.74ns)   --->   "%urem_ln36 = urem i9 %add_ln34_3, i9 5" [../src/pool.cpp:36]   --->   Operation 79 'urem' 'urem_ln36' <Predicate = true> <Delay = 3.74> <CoreInst = "Divider">   --->   Core 6 'Divider' <Latency = 12> <II = 1> <Delay = 3.74> <FuncUnit> <Opcode : 'udiv' 'sdiv' 'urem' 'srem'> <InPorts = 2> <OutPorts = 1>

State 10 <SV = 9> <Delay = 3.74>
ST_10 : Operation 80 [5/13] (3.74ns)   --->   "%urem_ln36 = urem i9 %add_ln34_3, i9 5" [../src/pool.cpp:36]   --->   Operation 80 'urem' 'urem_ln36' <Predicate = true> <Delay = 3.74> <CoreInst = "Divider">   --->   Core 6 'Divider' <Latency = 12> <II = 1> <Delay = 3.74> <FuncUnit> <Opcode : 'udiv' 'sdiv' 'urem' 'srem'> <InPorts = 2> <OutPorts = 1>

State 11 <SV = 10> <Delay = 3.74>
ST_11 : Operation 81 [4/13] (3.74ns)   --->   "%urem_ln36 = urem i9 %add_ln34_3, i9 5" [../src/pool.cpp:36]   --->   Operation 81 'urem' 'urem_ln36' <Predicate = true> <Delay = 3.74> <CoreInst = "Divider">   --->   Core 6 'Divider' <Latency = 12> <II = 1> <Delay = 3.74> <FuncUnit> <Opcode : 'udiv' 'sdiv' 'urem' 'srem'> <InPorts = 2> <OutPorts = 1>

State 12 <SV = 11> <Delay = 3.74>
ST_12 : Operation 82 [3/13] (3.74ns)   --->   "%urem_ln36 = urem i9 %add_ln34_3, i9 5" [../src/pool.cpp:36]   --->   Operation 82 'urem' 'urem_ln36' <Predicate = true> <Delay = 3.74> <CoreInst = "Divider">   --->   Core 6 'Divider' <Latency = 12> <II = 1> <Delay = 3.74> <FuncUnit> <Opcode : 'udiv' 'sdiv' 'urem' 'srem'> <InPorts = 2> <OutPorts = 1>

State 13 <SV = 12> <Delay = 5.89>
ST_13 : Operation 83 [1/1] (0.00ns)   --->   "%zext_ln24 = zext i5 %select_ln23_1" [../src/pool.cpp:24]   --->   Operation 83 'zext' 'zext_ln24' <Predicate = true> <Delay = 0.00>
ST_13 : Operation 84 [1/1] (4.35ns)   --->   "%mul_ln24 = mul i12 %zext_ln24, i12 196" [../src/pool.cpp:24]   --->   Operation 84 'mul' 'mul_ln24' <Predicate = true> <Delay = 4.35> <CoreInst = "Multiplier">   --->   Core 3 'Multiplier' <Latency = 0> <II = 1> <Delay = 4.35> <FuncUnit> <Opcode : 'mul'> <InPorts = 2> <OutPorts = 1>
ST_13 : Operation 85 [1/1] (0.00ns)   --->   "%p_shl = bitconcatenate i8 @_ssdm_op_BitConcatenate.i8.i3.i5, i3 %select_ln24, i5 0" [../src/pool.cpp:34]   --->   Operation 85 'bitconcatenate' 'p_shl' <Predicate = true> <Delay = 0.00>
ST_13 : Operation 86 [1/1] (0.00ns)   --->   "%tmp = bitconcatenate i5 @_ssdm_op_BitConcatenate.i5.i3.i2, i3 %select_ln24, i2 0" [../src/pool.cpp:34]   --->   Operation 86 'bitconcatenate' 'tmp' <Predicate = true> <Delay = 0.00>
ST_13 : Operation 87 [1/1] (0.00ns)   --->   "%zext_ln34_11 = zext i5 %tmp" [../src/pool.cpp:34]   --->   Operation 87 'zext' 'zext_ln34_11' <Predicate = true> <Delay = 0.00>
ST_13 : Operation 88 [1/1] (1.91ns)   --->   "%sub_ln34 = sub i8 %p_shl, i8 %zext_ln34_11" [../src/pool.cpp:34]   --->   Operation 88 'sub' 'sub_ln34' <Predicate = true> <Delay = 1.91> <CoreInst = "Adder">   --->   Core 1 'Adder' <Latency = 0> <II = 1> <Delay = 1.91> <FuncUnit> <Opcode : 'add' 'sub'> <InPorts = 2> <OutPorts = 1>
ST_13 : Operation 89 [1/1] (0.00ns)   --->   "%zext_ln34_1 = zext i8 %sub_ln34" [../src/pool.cpp:34]   --->   Operation 89 'zext' 'zext_ln34_1' <Predicate = true> <Delay = 0.00>
ST_13 : Operation 90 [1/1] (1.54ns)   --->   "%add_ln34 = add i12 %zext_ln34_1, i12 %mul_ln24" [../src/pool.cpp:34]   --->   Operation 90 'add' 'add_ln34' <Predicate = true> <Delay = 1.54> <CoreInst = "Adder">   --->   Core 1 'Adder' <Latency = 0> <II = 1> <Delay = 1.54> <FuncUnit> <Opcode : 'add' 'sub'> <InPorts = 2> <OutPorts = 1>
ST_13 : Operation 91 [1/1] (1.91ns)   --->   "%add_ln34_1 = add i8 %sub_ln34, i8 14" [../src/pool.cpp:34]   --->   Operation 91 'add' 'add_ln34_1' <Predicate = true> <Delay = 1.91> <CoreInst = "Adder">   --->   Core 1 'Adder' <Latency = 0> <II = 1> <Delay = 1.91> <FuncUnit> <Opcode : 'add' 'sub'> <InPorts = 2> <OutPorts = 1>
ST_13 : Operation 92 [1/1] (0.00ns)   --->   "%zext_ln34_2 = zext i8 %add_ln34_1" [../src/pool.cpp:34]   --->   Operation 92 'zext' 'zext_ln34_2' <Predicate = true> <Delay = 0.00>
ST_13 : Operation 93 [1/1] (1.54ns)   --->   "%add_ln34_2 = add i12 %zext_ln34_2, i12 %mul_ln24" [../src/pool.cpp:34]   --->   Operation 93 'add' 'add_ln34_2' <Predicate = true> <Delay = 1.54> <CoreInst = "Adder">   --->   Core 1 'Adder' <Latency = 0> <II = 1> <Delay = 1.54> <FuncUnit> <Opcode : 'add' 'sub'> <InPorts = 2> <OutPorts = 1>
ST_13 : Operation 94 [2/13] (3.74ns)   --->   "%urem_ln36 = urem i9 %add_ln34_3, i9 5" [../src/pool.cpp:36]   --->   Operation 94 'urem' 'urem_ln36' <Predicate = true> <Delay = 3.74> <CoreInst = "Divider">   --->   Core 6 'Divider' <Latency = 12> <II = 1> <Delay = 3.74> <FuncUnit> <Opcode : 'udiv' 'sdiv' 'urem' 'srem'> <InPorts = 2> <OutPorts = 1>

State 14 <SV = 13> <Delay = 7.14>
ST_14 : Operation 95 [1/1] (0.00ns)   --->   "%shl_ln1 = bitconcatenate i4 @_ssdm_op_BitConcatenate.i4.i3.i1, i3 %w_mid2, i1 0" [../src/pool.cpp:33]   --->   Operation 95 'bitconcatenate' 'shl_ln1' <Predicate = true> <Delay = 0.00>
ST_14 : Operation 96 [1/1] (0.00ns)   --->   "%zext_ln34_3 = zext i4 %shl_ln1" [../src/pool.cpp:34]   --->   Operation 96 'zext' 'zext_ln34_3' <Predicate = true> <Delay = 0.00>
ST_14 : Operation 97 [1/1] (1.54ns)   --->   "%add_ln34_4 = add i12 %zext_ln34_3, i12 %add_ln34" [../src/pool.cpp:34]   --->   Operation 97 'add' 'add_ln34_4' <Predicate = true> <Delay = 1.54> <CoreInst = "Adder">   --->   Core 1 'Adder' <Latency = 0> <II = 1> <Delay = 1.54> <FuncUnit> <Opcode : 'add' 'sub'> <InPorts = 2> <OutPorts = 1>
ST_14 : Operation 98 [1/1] (0.00ns)   --->   "%zext_ln36_8 = zext i12 %add_ln34_4" [../src/pool.cpp:36]   --->   Operation 98 'zext' 'zext_ln36_8' <Predicate = true> <Delay = 0.00>
ST_14 : Operation 99 [1/1] (5.60ns)   --->   "%mul_ln36 = mul i25 %zext_ln36_8, i25 6554" [../src/pool.cpp:36]   --->   Operation 99 'mul' 'mul_ln36' <Predicate = true> <Delay = 5.60> <CoreInst = "Multiplier">   --->   Core 3 'Multiplier' <Latency = 0> <II = 1> <Delay = 5.60> <FuncUnit> <Opcode : 'mul'> <InPorts = 2> <OutPorts = 1>
ST_14 : Operation 100 [1/1] (0.00ns)   --->   "%tmp_5 = partselect i10 @_ssdm_op_PartSelect.i10.i25.i32.i32, i25 %mul_ln36, i32 15, i32 24" [../src/pool.cpp:36]   --->   Operation 100 'partselect' 'tmp_5' <Predicate = true> <Delay = 0.00>
ST_14 : Operation 101 [1/13] (3.74ns)   --->   "%urem_ln36 = urem i9 %add_ln34_3, i9 5" [../src/pool.cpp:36]   --->   Operation 101 'urem' 'urem_ln36' <Predicate = true> <Delay = 3.74> <CoreInst = "Divider">   --->   Core 6 'Divider' <Latency = 12> <II = 1> <Delay = 3.74> <FuncUnit> <Opcode : 'udiv' 'sdiv' 'urem' 'srem'> <InPorts = 2> <OutPorts = 1>
ST_14 : Operation 102 [1/1] (0.00ns)   --->   "%trunc_ln36 = trunc i3 %urem_ln36" [../src/pool.cpp:36]   --->   Operation 102 'trunc' 'trunc_ln36' <Predicate = true> <Delay = 0.00>
ST_14 : Operation 103 [1/1] (0.00ns)   --->   "%or_ln = bitconcatenate i4 @_ssdm_op_BitConcatenate.i4.i3.i1, i3 %w_mid2, i1 1" [../src/pool.cpp:33]   --->   Operation 103 'bitconcatenate' 'or_ln' <Predicate = true> <Delay = 0.00>
ST_14 : Operation 104 [1/1] (0.00ns)   --->   "%zext_ln34_5 = zext i4 %or_ln" [../src/pool.cpp:34]   --->   Operation 104 'zext' 'zext_ln34_5' <Predicate = true> <Delay = 0.00>
ST_14 : Operation 105 [1/1] (1.54ns)   --->   "%add_ln34_5 = add i12 %zext_ln34_5, i12 %add_ln34" [../src/pool.cpp:34]   --->   Operation 105 'add' 'add_ln34_5' <Predicate = true> <Delay = 1.54> <CoreInst = "Adder">   --->   Core 1 'Adder' <Latency = 0> <II = 1> <Delay = 1.54> <FuncUnit> <Opcode : 'add' 'sub'> <InPorts = 2> <OutPorts = 1>
ST_14 : Operation 106 [1/1] (0.00ns)   --->   "%zext_ln36_9 = zext i12 %add_ln34_5" [../src/pool.cpp:36]   --->   Operation 106 'zext' 'zext_ln36_9' <Predicate = true> <Delay = 0.00>
ST_14 : Operation 107 [1/1] (5.60ns)   --->   "%mul_ln36_1 = mul i25 %zext_ln36_9, i25 6554" [../src/pool.cpp:36]   --->   Operation 107 'mul' 'mul_ln36_1' <Predicate = true> <Delay = 5.60> <CoreInst = "Multiplier">   --->   Core 3 'Multiplier' <Latency = 0> <II = 1> <Delay = 5.60> <FuncUnit> <Opcode : 'mul'> <InPorts = 2> <OutPorts = 1>
ST_14 : Operation 108 [1/1] (0.00ns)   --->   "%tmp_6 = partselect i10 @_ssdm_op_PartSelect.i10.i25.i32.i32, i25 %mul_ln36_1, i32 15, i32 24" [../src/pool.cpp:36]   --->   Operation 108 'partselect' 'tmp_6' <Predicate = true> <Delay = 0.00>
ST_14 : Operation 109 [1/1] (1.54ns)   --->   "%add_ln34_6 = add i12 %zext_ln34_3, i12 %add_ln34_2" [../src/pool.cpp:34]   --->   Operation 109 'add' 'add_ln34_6' <Predicate = true> <Delay = 1.54> <CoreInst = "Adder">   --->   Core 1 'Adder' <Latency = 0> <II = 1> <Delay = 1.54> <FuncUnit> <Opcode : 'add' 'sub'> <InPorts = 2> <OutPorts = 1>
ST_14 : Operation 110 [1/1] (0.00ns)   --->   "%zext_ln36_10 = zext i12 %add_ln34_6" [../src/pool.cpp:36]   --->   Operation 110 'zext' 'zext_ln36_10' <Predicate = true> <Delay = 0.00>
ST_14 : Operation 111 [1/1] (5.60ns)   --->   "%mul_ln36_2 = mul i25 %zext_ln36_10, i25 6554" [../src/pool.cpp:36]   --->   Operation 111 'mul' 'mul_ln36_2' <Predicate = true> <Delay = 5.60> <CoreInst = "Multiplier">   --->   Core 3 'Multiplier' <Latency = 0> <II = 1> <Delay = 5.60> <FuncUnit> <Opcode : 'mul'> <InPorts = 2> <OutPorts = 1>
ST_14 : Operation 112 [1/1] (0.00ns)   --->   "%tmp_7 = partselect i10 @_ssdm_op_PartSelect.i10.i25.i32.i32, i25 %mul_ln36_2, i32 15, i32 24" [../src/pool.cpp:36]   --->   Operation 112 'partselect' 'tmp_7' <Predicate = true> <Delay = 0.00>
ST_14 : Operation 113 [1/1] (1.54ns)   --->   "%add_ln34_7 = add i12 %zext_ln34_5, i12 %add_ln34_2" [../src/pool.cpp:34]   --->   Operation 113 'add' 'add_ln34_7' <Predicate = true> <Delay = 1.54> <CoreInst = "Adder">   --->   Core 1 'Adder' <Latency = 0> <II = 1> <Delay = 1.54> <FuncUnit> <Opcode : 'add' 'sub'> <InPorts = 2> <OutPorts = 1>
ST_14 : Operation 114 [1/1] (0.00ns)   --->   "%zext_ln36_11 = zext i12 %add_ln34_7" [../src/pool.cpp:36]   --->   Operation 114 'zext' 'zext_ln36_11' <Predicate = true> <Delay = 0.00>
ST_14 : Operation 115 [1/1] (5.60ns)   --->   "%mul_ln36_3 = mul i25 %zext_ln36_11, i25 6554" [../src/pool.cpp:36]   --->   Operation 115 'mul' 'mul_ln36_3' <Predicate = true> <Delay = 5.60> <CoreInst = "Multiplier">   --->   Core 3 'Multiplier' <Latency = 0> <II = 1> <Delay = 5.60> <FuncUnit> <Opcode : 'mul'> <InPorts = 2> <OutPorts = 1>
ST_14 : Operation 116 [1/1] (0.00ns)   --->   "%tmp_8 = partselect i10 @_ssdm_op_PartSelect.i10.i25.i32.i32, i25 %mul_ln36_3, i32 15, i32 24" [../src/pool.cpp:36]   --->   Operation 116 'partselect' 'tmp_8' <Predicate = true> <Delay = 0.00>

State 15 <SV = 14> <Delay = 3.25>
ST_15 : Operation 117 [1/1] (0.00ns)   --->   "%zext_ln36 = zext i10 %tmp_5" [../src/pool.cpp:36]   --->   Operation 117 'zext' 'zext_ln36' <Predicate = true> <Delay = 0.00>
ST_15 : Operation 118 [1/1] (0.00ns)   --->   "%pool_ap_fixed_ap_fixed_8_5_5_3_0_int_int_int_int_int_local_input_4_addr_1 = getelementptr i8 %pool_ap_fixed_ap_fixed_8_5_5_3_0_int_int_int_int_int_local_input_4, i64 0, i64 %zext_ln36" [../src/pool.cpp:36]   --->   Operation 118 'getelementptr' 'pool_ap_fixed_ap_fixed_8_5_5_3_0_int_int_int_int_int_local_input_4_addr_1' <Predicate = (trunc_ln36 == 0)> <Delay = 0.00>
ST_15 : Operation 119 [1/1] (0.00ns)   --->   "%pool_ap_fixed_ap_fixed_8_5_5_3_0_int_int_int_int_int_local_input_3_addr_1 = getelementptr i8 %pool_ap_fixed_ap_fixed_8_5_5_3_0_int_int_int_int_int_local_input_3, i64 0, i64 %zext_ln36" [../src/pool.cpp:36]   --->   Operation 119 'getelementptr' 'pool_ap_fixed_ap_fixed_8_5_5_3_0_int_int_int_int_int_local_input_3_addr_1' <Predicate = (trunc_ln36 == 1)> <Delay = 0.00>
ST_15 : Operation 120 [1/1] (0.00ns)   --->   "%pool_ap_fixed_ap_fixed_8_5_5_3_0_int_int_int_int_int_local_input_2_addr_1 = getelementptr i8 %pool_ap_fixed_ap_fixed_8_5_5_3_0_int_int_int_int_int_local_input_2, i64 0, i64 %zext_ln36" [../src/pool.cpp:36]   --->   Operation 120 'getelementptr' 'pool_ap_fixed_ap_fixed_8_5_5_3_0_int_int_int_int_int_local_input_2_addr_1' <Predicate = (trunc_ln36 == 2)> <Delay = 0.00>
ST_15 : Operation 121 [1/1] (0.00ns)   --->   "%pool_ap_fixed_ap_fixed_8_5_5_3_0_int_int_int_int_int_local_input_1_addr_1 = getelementptr i8 %pool_ap_fixed_ap_fixed_8_5_5_3_0_int_int_int_int_int_local_input_1, i64 0, i64 %zext_ln36" [../src/pool.cpp:36]   --->   Operation 121 'getelementptr' 'pool_ap_fixed_ap_fixed_8_5_5_3_0_int_int_int_int_int_local_input_1_addr_1' <Predicate = (trunc_ln36 == 3)> <Delay = 0.00>
ST_15 : Operation 122 [1/1] (0.00ns)   --->   "%pool_ap_fixed_ap_fixed_8_5_5_3_0_int_int_int_int_int_local_input_addr_1 = getelementptr i8 %pool_ap_fixed_ap_fixed_8_5_5_3_0_int_int_int_int_int_local_input, i64 0, i64 %zext_ln36" [../src/pool.cpp:36]   --->   Operation 122 'getelementptr' 'pool_ap_fixed_ap_fixed_8_5_5_3_0_int_int_int_int_int_local_input_addr_1' <Predicate = (trunc_ln36 == 4)> <Delay = 0.00>
ST_15 : Operation 123 [2/2] (3.25ns)   --->   "%pool_ap_fixed_ap_fixed_8_5_5_3_0_int_int_int_int_int_local_input_4_load = load i11 %pool_ap_fixed_ap_fixed_8_5_5_3_0_int_int_int_int_int_local_input_4_addr_1" [../src/pool.cpp:36]   --->   Operation 123 'load' 'pool_ap_fixed_ap_fixed_8_5_5_3_0_int_int_int_int_int_local_input_4_load' <Predicate = (trunc_ln36 == 0)> <Delay = 3.25> <CoreInst = "RAM_2P_BRAM">   --->   Core 90 'RAM_2P_BRAM' <Latency = 1> <II = 1> <Delay = 3.25> <Storage> <Opcode : 'load' 'store'> <Ports = 2> <Width = 8> <Depth = 1255> <RAM>
ST_15 : Operation 124 [2/2] (3.25ns)   --->   "%pool_ap_fixed_ap_fixed_8_5_5_3_0_int_int_int_int_int_local_input_3_load = load i11 %pool_ap_fixed_ap_fixed_8_5_5_3_0_int_int_int_int_int_local_input_3_addr_1" [../src/pool.cpp:36]   --->   Operation 124 'load' 'pool_ap_fixed_ap_fixed_8_5_5_3_0_int_int_int_int_int_local_input_3_load' <Predicate = (trunc_ln36 == 1)> <Delay = 3.25> <CoreInst = "RAM_2P_BRAM">   --->   Core 90 'RAM_2P_BRAM' <Latency = 1> <II = 1> <Delay = 3.25> <Storage> <Opcode : 'load' 'store'> <Ports = 2> <Width = 8> <Depth = 1255> <RAM>
ST_15 : Operation 125 [2/2] (3.25ns)   --->   "%pool_ap_fixed_ap_fixed_8_5_5_3_0_int_int_int_int_int_local_input_2_load = load i11 %pool_ap_fixed_ap_fixed_8_5_5_3_0_int_int_int_int_int_local_input_2_addr_1" [../src/pool.cpp:36]   --->   Operation 125 'load' 'pool_ap_fixed_ap_fixed_8_5_5_3_0_int_int_int_int_int_local_input_2_load' <Predicate = (trunc_ln36 == 2)> <Delay = 3.25> <CoreInst = "RAM_2P_BRAM">   --->   Core 90 'RAM_2P_BRAM' <Latency = 1> <II = 1> <Delay = 3.25> <Storage> <Opcode : 'load' 'store'> <Ports = 2> <Width = 8> <Depth = 1255> <RAM>
ST_15 : Operation 126 [2/2] (3.25ns)   --->   "%pool_ap_fixed_ap_fixed_8_5_5_3_0_int_int_int_int_int_local_input_1_load = load i11 %pool_ap_fixed_ap_fixed_8_5_5_3_0_int_int_int_int_int_local_input_1_addr_1" [../src/pool.cpp:36]   --->   Operation 126 'load' 'pool_ap_fixed_ap_fixed_8_5_5_3_0_int_int_int_int_int_local_input_1_load' <Predicate = (trunc_ln36 == 3)> <Delay = 3.25> <CoreInst = "RAM_2P_BRAM">   --->   Core 90 'RAM_2P_BRAM' <Latency = 1> <II = 1> <Delay = 3.25> <Storage> <Opcode : 'load' 'store'> <Ports = 2> <Width = 8> <Depth = 1255> <RAM>
ST_15 : Operation 127 [2/2] (3.25ns)   --->   "%pool_ap_fixed_ap_fixed_8_5_5_3_0_int_int_int_int_int_local_input_load = load i11 %pool_ap_fixed_ap_fixed_8_5_5_3_0_int_int_int_int_int_local_input_addr_1" [../src/pool.cpp:36]   --->   Operation 127 'load' 'pool_ap_fixed_ap_fixed_8_5_5_3_0_int_int_int_int_int_local_input_load' <Predicate = (trunc_ln36 == 4)> <Delay = 3.25> <CoreInst = "RAM_2P_BRAM">   --->   Core 90 'RAM_2P_BRAM' <Latency = 1> <II = 1> <Delay = 3.25> <Storage> <Opcode : 'load' 'store'> <Ports = 2> <Width = 8> <Depth = 1255> <RAM>
ST_15 : Operation 128 [1/1] (0.00ns)   --->   "%zext_ln36_1 = zext i10 %tmp_6" [../src/pool.cpp:36]   --->   Operation 128 'zext' 'zext_ln36_1' <Predicate = true> <Delay = 0.00>
ST_15 : Operation 129 [1/1] (0.00ns)   --->   "%pool_ap_fixed_ap_fixed_8_5_5_3_0_int_int_int_int_int_local_input_4_addr_2 = getelementptr i8 %pool_ap_fixed_ap_fixed_8_5_5_3_0_int_int_int_int_int_local_input_4, i64 0, i64 %zext_ln36_1" [../src/pool.cpp:36]   --->   Operation 129 'getelementptr' 'pool_ap_fixed_ap_fixed_8_5_5_3_0_int_int_int_int_int_local_input_4_addr_2' <Predicate = (trunc_ln36 == 4)> <Delay = 0.00>
ST_15 : Operation 130 [1/1] (0.00ns)   --->   "%pool_ap_fixed_ap_fixed_8_5_5_3_0_int_int_int_int_int_local_input_3_addr_2 = getelementptr i8 %pool_ap_fixed_ap_fixed_8_5_5_3_0_int_int_int_int_int_local_input_3, i64 0, i64 %zext_ln36_1" [../src/pool.cpp:36]   --->   Operation 130 'getelementptr' 'pool_ap_fixed_ap_fixed_8_5_5_3_0_int_int_int_int_int_local_input_3_addr_2' <Predicate = (trunc_ln36 == 0)> <Delay = 0.00>
ST_15 : Operation 131 [1/1] (0.00ns)   --->   "%pool_ap_fixed_ap_fixed_8_5_5_3_0_int_int_int_int_int_local_input_2_addr_2 = getelementptr i8 %pool_ap_fixed_ap_fixed_8_5_5_3_0_int_int_int_int_int_local_input_2, i64 0, i64 %zext_ln36_1" [../src/pool.cpp:36]   --->   Operation 131 'getelementptr' 'pool_ap_fixed_ap_fixed_8_5_5_3_0_int_int_int_int_int_local_input_2_addr_2' <Predicate = (trunc_ln36 == 1)> <Delay = 0.00>
ST_15 : Operation 132 [1/1] (0.00ns)   --->   "%pool_ap_fixed_ap_fixed_8_5_5_3_0_int_int_int_int_int_local_input_1_addr_2 = getelementptr i8 %pool_ap_fixed_ap_fixed_8_5_5_3_0_int_int_int_int_int_local_input_1, i64 0, i64 %zext_ln36_1" [../src/pool.cpp:36]   --->   Operation 132 'getelementptr' 'pool_ap_fixed_ap_fixed_8_5_5_3_0_int_int_int_int_int_local_input_1_addr_2' <Predicate = (trunc_ln36 == 2)> <Delay = 0.00>
ST_15 : Operation 133 [1/1] (0.00ns)   --->   "%pool_ap_fixed_ap_fixed_8_5_5_3_0_int_int_int_int_int_local_input_addr_2 = getelementptr i8 %pool_ap_fixed_ap_fixed_8_5_5_3_0_int_int_int_int_int_local_input, i64 0, i64 %zext_ln36_1" [../src/pool.cpp:36]   --->   Operation 133 'getelementptr' 'pool_ap_fixed_ap_fixed_8_5_5_3_0_int_int_int_int_int_local_input_addr_2' <Predicate = (trunc_ln36 == 3)> <Delay = 0.00>
ST_15 : Operation 134 [2/2] (3.25ns)   --->   "%pool_ap_fixed_ap_fixed_8_5_5_3_0_int_int_int_int_int_local_input_4_load_1 = load i11 %pool_ap_fixed_ap_fixed_8_5_5_3_0_int_int_int_int_int_local_input_4_addr_2" [../src/pool.cpp:36]   --->   Operation 134 'load' 'pool_ap_fixed_ap_fixed_8_5_5_3_0_int_int_int_int_int_local_input_4_load_1' <Predicate = (trunc_ln36 == 4)> <Delay = 3.25> <CoreInst = "RAM_2P_BRAM">   --->   Core 90 'RAM_2P_BRAM' <Latency = 1> <II = 1> <Delay = 3.25> <Storage> <Opcode : 'load' 'store'> <Ports = 2> <Width = 8> <Depth = 1255> <RAM>
ST_15 : Operation 135 [2/2] (3.25ns)   --->   "%pool_ap_fixed_ap_fixed_8_5_5_3_0_int_int_int_int_int_local_input_3_load_1 = load i11 %pool_ap_fixed_ap_fixed_8_5_5_3_0_int_int_int_int_int_local_input_3_addr_2" [../src/pool.cpp:36]   --->   Operation 135 'load' 'pool_ap_fixed_ap_fixed_8_5_5_3_0_int_int_int_int_int_local_input_3_load_1' <Predicate = (trunc_ln36 == 0)> <Delay = 3.25> <CoreInst = "RAM_2P_BRAM">   --->   Core 90 'RAM_2P_BRAM' <Latency = 1> <II = 1> <Delay = 3.25> <Storage> <Opcode : 'load' 'store'> <Ports = 2> <Width = 8> <Depth = 1255> <RAM>
ST_15 : Operation 136 [2/2] (3.25ns)   --->   "%pool_ap_fixed_ap_fixed_8_5_5_3_0_int_int_int_int_int_local_input_2_load_1 = load i11 %pool_ap_fixed_ap_fixed_8_5_5_3_0_int_int_int_int_int_local_input_2_addr_2" [../src/pool.cpp:36]   --->   Operation 136 'load' 'pool_ap_fixed_ap_fixed_8_5_5_3_0_int_int_int_int_int_local_input_2_load_1' <Predicate = (trunc_ln36 == 1)> <Delay = 3.25> <CoreInst = "RAM_2P_BRAM">   --->   Core 90 'RAM_2P_BRAM' <Latency = 1> <II = 1> <Delay = 3.25> <Storage> <Opcode : 'load' 'store'> <Ports = 2> <Width = 8> <Depth = 1255> <RAM>
ST_15 : Operation 137 [2/2] (3.25ns)   --->   "%pool_ap_fixed_ap_fixed_8_5_5_3_0_int_int_int_int_int_local_input_1_load_1 = load i11 %pool_ap_fixed_ap_fixed_8_5_5_3_0_int_int_int_int_int_local_input_1_addr_2" [../src/pool.cpp:36]   --->   Operation 137 'load' 'pool_ap_fixed_ap_fixed_8_5_5_3_0_int_int_int_int_int_local_input_1_load_1' <Predicate = (trunc_ln36 == 2)> <Delay = 3.25> <CoreInst = "RAM_2P_BRAM">   --->   Core 90 'RAM_2P_BRAM' <Latency = 1> <II = 1> <Delay = 3.25> <Storage> <Opcode : 'load' 'store'> <Ports = 2> <Width = 8> <Depth = 1255> <RAM>
ST_15 : Operation 138 [2/2] (3.25ns)   --->   "%pool_ap_fixed_ap_fixed_8_5_5_3_0_int_int_int_int_int_local_input_load_1 = load i11 %pool_ap_fixed_ap_fixed_8_5_5_3_0_int_int_int_int_int_local_input_addr_2" [../src/pool.cpp:36]   --->   Operation 138 'load' 'pool_ap_fixed_ap_fixed_8_5_5_3_0_int_int_int_int_int_local_input_load_1' <Predicate = (trunc_ln36 == 3)> <Delay = 3.25> <CoreInst = "RAM_2P_BRAM">   --->   Core 90 'RAM_2P_BRAM' <Latency = 1> <II = 1> <Delay = 3.25> <Storage> <Opcode : 'load' 'store'> <Ports = 2> <Width = 8> <Depth = 1255> <RAM>
ST_15 : Operation 139 [1/1] (0.00ns)   --->   "%zext_ln36_2 = zext i10 %tmp_7" [../src/pool.cpp:36]   --->   Operation 139 'zext' 'zext_ln36_2' <Predicate = true> <Delay = 0.00>
ST_15 : Operation 140 [1/1] (0.00ns)   --->   "%pool_ap_fixed_ap_fixed_8_5_5_3_0_int_int_int_int_int_local_input_4_addr_3 = getelementptr i8 %pool_ap_fixed_ap_fixed_8_5_5_3_0_int_int_int_int_int_local_input_4, i64 0, i64 %zext_ln36_2" [../src/pool.cpp:36]   --->   Operation 140 'getelementptr' 'pool_ap_fixed_ap_fixed_8_5_5_3_0_int_int_int_int_int_local_input_4_addr_3' <Predicate = (trunc_ln36 == 1)> <Delay = 0.00>
ST_15 : Operation 141 [1/1] (0.00ns)   --->   "%pool_ap_fixed_ap_fixed_8_5_5_3_0_int_int_int_int_int_local_input_3_addr_3 = getelementptr i8 %pool_ap_fixed_ap_fixed_8_5_5_3_0_int_int_int_int_int_local_input_3, i64 0, i64 %zext_ln36_2" [../src/pool.cpp:36]   --->   Operation 141 'getelementptr' 'pool_ap_fixed_ap_fixed_8_5_5_3_0_int_int_int_int_int_local_input_3_addr_3' <Predicate = (trunc_ln36 == 2)> <Delay = 0.00>
ST_15 : Operation 142 [1/1] (0.00ns)   --->   "%pool_ap_fixed_ap_fixed_8_5_5_3_0_int_int_int_int_int_local_input_2_addr_3 = getelementptr i8 %pool_ap_fixed_ap_fixed_8_5_5_3_0_int_int_int_int_int_local_input_2, i64 0, i64 %zext_ln36_2" [../src/pool.cpp:36]   --->   Operation 142 'getelementptr' 'pool_ap_fixed_ap_fixed_8_5_5_3_0_int_int_int_int_int_local_input_2_addr_3' <Predicate = (trunc_ln36 == 3)> <Delay = 0.00>
ST_15 : Operation 143 [1/1] (0.00ns)   --->   "%pool_ap_fixed_ap_fixed_8_5_5_3_0_int_int_int_int_int_local_input_1_addr_3 = getelementptr i8 %pool_ap_fixed_ap_fixed_8_5_5_3_0_int_int_int_int_int_local_input_1, i64 0, i64 %zext_ln36_2" [../src/pool.cpp:36]   --->   Operation 143 'getelementptr' 'pool_ap_fixed_ap_fixed_8_5_5_3_0_int_int_int_int_int_local_input_1_addr_3' <Predicate = (trunc_ln36 == 4)> <Delay = 0.00>
ST_15 : Operation 144 [1/1] (0.00ns)   --->   "%pool_ap_fixed_ap_fixed_8_5_5_3_0_int_int_int_int_int_local_input_addr_3 = getelementptr i8 %pool_ap_fixed_ap_fixed_8_5_5_3_0_int_int_int_int_int_local_input, i64 0, i64 %zext_ln36_2" [../src/pool.cpp:36]   --->   Operation 144 'getelementptr' 'pool_ap_fixed_ap_fixed_8_5_5_3_0_int_int_int_int_int_local_input_addr_3' <Predicate = (trunc_ln36 == 0)> <Delay = 0.00>
ST_15 : Operation 145 [2/2] (3.25ns)   --->   "%pool_ap_fixed_ap_fixed_8_5_5_3_0_int_int_int_int_int_local_input_4_load_2 = load i11 %pool_ap_fixed_ap_fixed_8_5_5_3_0_int_int_int_int_int_local_input_4_addr_3" [../src/pool.cpp:36]   --->   Operation 145 'load' 'pool_ap_fixed_ap_fixed_8_5_5_3_0_int_int_int_int_int_local_input_4_load_2' <Predicate = (trunc_ln36 == 1)> <Delay = 3.25> <CoreInst = "RAM_2P_BRAM">   --->   Core 90 'RAM_2P_BRAM' <Latency = 1> <II = 1> <Delay = 3.25> <Storage> <Opcode : 'load' 'store'> <Ports = 2> <Width = 8> <Depth = 1255> <RAM>
ST_15 : Operation 146 [2/2] (3.25ns)   --->   "%pool_ap_fixed_ap_fixed_8_5_5_3_0_int_int_int_int_int_local_input_3_load_2 = load i11 %pool_ap_fixed_ap_fixed_8_5_5_3_0_int_int_int_int_int_local_input_3_addr_3" [../src/pool.cpp:36]   --->   Operation 146 'load' 'pool_ap_fixed_ap_fixed_8_5_5_3_0_int_int_int_int_int_local_input_3_load_2' <Predicate = (trunc_ln36 == 2)> <Delay = 3.25> <CoreInst = "RAM_2P_BRAM">   --->   Core 90 'RAM_2P_BRAM' <Latency = 1> <II = 1> <Delay = 3.25> <Storage> <Opcode : 'load' 'store'> <Ports = 2> <Width = 8> <Depth = 1255> <RAM>
ST_15 : Operation 147 [2/2] (3.25ns)   --->   "%pool_ap_fixed_ap_fixed_8_5_5_3_0_int_int_int_int_int_local_input_2_load_2 = load i11 %pool_ap_fixed_ap_fixed_8_5_5_3_0_int_int_int_int_int_local_input_2_addr_3" [../src/pool.cpp:36]   --->   Operation 147 'load' 'pool_ap_fixed_ap_fixed_8_5_5_3_0_int_int_int_int_int_local_input_2_load_2' <Predicate = (trunc_ln36 == 3)> <Delay = 3.25> <CoreInst = "RAM_2P_BRAM">   --->   Core 90 'RAM_2P_BRAM' <Latency = 1> <II = 1> <Delay = 3.25> <Storage> <Opcode : 'load' 'store'> <Ports = 2> <Width = 8> <Depth = 1255> <RAM>
ST_15 : Operation 148 [2/2] (3.25ns)   --->   "%pool_ap_fixed_ap_fixed_8_5_5_3_0_int_int_int_int_int_local_input_1_load_2 = load i11 %pool_ap_fixed_ap_fixed_8_5_5_3_0_int_int_int_int_int_local_input_1_addr_3" [../src/pool.cpp:36]   --->   Operation 148 'load' 'pool_ap_fixed_ap_fixed_8_5_5_3_0_int_int_int_int_int_local_input_1_load_2' <Predicate = (trunc_ln36 == 4)> <Delay = 3.25> <CoreInst = "RAM_2P_BRAM">   --->   Core 90 'RAM_2P_BRAM' <Latency = 1> <II = 1> <Delay = 3.25> <Storage> <Opcode : 'load' 'store'> <Ports = 2> <Width = 8> <Depth = 1255> <RAM>
ST_15 : Operation 149 [2/2] (3.25ns)   --->   "%pool_ap_fixed_ap_fixed_8_5_5_3_0_int_int_int_int_int_local_input_load_2 = load i11 %pool_ap_fixed_ap_fixed_8_5_5_3_0_int_int_int_int_int_local_input_addr_3" [../src/pool.cpp:36]   --->   Operation 149 'load' 'pool_ap_fixed_ap_fixed_8_5_5_3_0_int_int_int_int_int_local_input_load_2' <Predicate = (trunc_ln36 == 0)> <Delay = 3.25> <CoreInst = "RAM_2P_BRAM">   --->   Core 90 'RAM_2P_BRAM' <Latency = 1> <II = 1> <Delay = 3.25> <Storage> <Opcode : 'load' 'store'> <Ports = 2> <Width = 8> <Depth = 1255> <RAM>

State 16 <SV = 15> <Delay = 8.10>
ST_16 : Operation 150 [1/2] ( I:3.25ns O:3.25ns )   --->   "%pool_ap_fixed_ap_fixed_8_5_5_3_0_int_int_int_int_int_local_input_4_load = load i11 %pool_ap_fixed_ap_fixed_8_5_5_3_0_int_int_int_int_int_local_input_4_addr_1" [../src/pool.cpp:36]   --->   Operation 150 'load' 'pool_ap_fixed_ap_fixed_8_5_5_3_0_int_int_int_int_int_local_input_4_load' <Predicate = (trunc_ln36 == 0)> <Delay = 3.25> <CoreInst = "RAM_2P_BRAM">   --->   Core 90 'RAM_2P_BRAM' <Latency = 1> <II = 1> <Delay = 3.25> <Storage> <Opcode : 'load' 'store'> <Ports = 2> <Width = 8> <Depth = 1255> <RAM>
ST_16 : Operation 151 [1/2] ( I:3.25ns O:3.25ns )   --->   "%pool_ap_fixed_ap_fixed_8_5_5_3_0_int_int_int_int_int_local_input_3_load = load i11 %pool_ap_fixed_ap_fixed_8_5_5_3_0_int_int_int_int_int_local_input_3_addr_1" [../src/pool.cpp:36]   --->   Operation 151 'load' 'pool_ap_fixed_ap_fixed_8_5_5_3_0_int_int_int_int_int_local_input_3_load' <Predicate = (trunc_ln36 == 1)> <Delay = 3.25> <CoreInst = "RAM_2P_BRAM">   --->   Core 90 'RAM_2P_BRAM' <Latency = 1> <II = 1> <Delay = 3.25> <Storage> <Opcode : 'load' 'store'> <Ports = 2> <Width = 8> <Depth = 1255> <RAM>
ST_16 : Operation 152 [1/2] ( I:3.25ns O:3.25ns )   --->   "%pool_ap_fixed_ap_fixed_8_5_5_3_0_int_int_int_int_int_local_input_2_load = load i11 %pool_ap_fixed_ap_fixed_8_5_5_3_0_int_int_int_int_int_local_input_2_addr_1" [../src/pool.cpp:36]   --->   Operation 152 'load' 'pool_ap_fixed_ap_fixed_8_5_5_3_0_int_int_int_int_int_local_input_2_load' <Predicate = (trunc_ln36 == 2)> <Delay = 3.25> <CoreInst = "RAM_2P_BRAM">   --->   Core 90 'RAM_2P_BRAM' <Latency = 1> <II = 1> <Delay = 3.25> <Storage> <Opcode : 'load' 'store'> <Ports = 2> <Width = 8> <Depth = 1255> <RAM>
ST_16 : Operation 153 [1/2] ( I:3.25ns O:3.25ns )   --->   "%pool_ap_fixed_ap_fixed_8_5_5_3_0_int_int_int_int_int_local_input_1_load = load i11 %pool_ap_fixed_ap_fixed_8_5_5_3_0_int_int_int_int_int_local_input_1_addr_1" [../src/pool.cpp:36]   --->   Operation 153 'load' 'pool_ap_fixed_ap_fixed_8_5_5_3_0_int_int_int_int_int_local_input_1_load' <Predicate = (trunc_ln36 == 3)> <Delay = 3.25> <CoreInst = "RAM_2P_BRAM">   --->   Core 90 'RAM_2P_BRAM' <Latency = 1> <II = 1> <Delay = 3.25> <Storage> <Opcode : 'load' 'store'> <Ports = 2> <Width = 8> <Depth = 1255> <RAM>
ST_16 : Operation 154 [1/2] ( I:3.25ns O:3.25ns )   --->   "%pool_ap_fixed_ap_fixed_8_5_5_3_0_int_int_int_int_int_local_input_load = load i11 %pool_ap_fixed_ap_fixed_8_5_5_3_0_int_int_int_int_int_local_input_addr_1" [../src/pool.cpp:36]   --->   Operation 154 'load' 'pool_ap_fixed_ap_fixed_8_5_5_3_0_int_int_int_int_int_local_input_load' <Predicate = (trunc_ln36 == 4)> <Delay = 3.25> <CoreInst = "RAM_2P_BRAM">   --->   Core 90 'RAM_2P_BRAM' <Latency = 1> <II = 1> <Delay = 3.25> <Storage> <Opcode : 'load' 'store'> <Ports = 2> <Width = 8> <Depth = 1255> <RAM>
ST_16 : Operation 155 [1/1] (1.94ns)   --->   "%val_6 = sparsemux i8 @_ssdm_op_SparseMux.ap_auto.5i8.i8.i3, i3 0, i8 %pool_ap_fixed_ap_fixed_8_5_5_3_0_int_int_int_int_int_local_input_4_load, i3 1, i8 %pool_ap_fixed_ap_fixed_8_5_5_3_0_int_int_int_int_int_local_input_3_load, i3 2, i8 %pool_ap_fixed_ap_fixed_8_5_5_3_0_int_int_int_int_int_local_input_2_load, i3 3, i8 %pool_ap_fixed_ap_fixed_8_5_5_3_0_int_int_int_int_int_local_input_1_load, i3 4, i8 %pool_ap_fixed_ap_fixed_8_5_5_3_0_int_int_int_int_int_local_input_load, i8 0, i3 %trunc_ln36" [../src/pool.cpp:36]   --->   Operation 155 'sparsemux' 'val_6' <Predicate = true> <Delay = 1.94> <CoreInst = "BinarySparseMux_DontCare">   --->   Core 137 'BinarySparseMux_DontCare' <Latency = 0> <II = 1> <Delay = 1.94> <FuncUnit> <Opcode : 'sparsemux'> <InPorts = 2> <OutPorts = 1>
ST_16 : Operation 156 [1/1] (0.00ns)   --->   "%trunc_ln36_5 = trunc i8 %val_6" [../src/pool.cpp:36]   --->   Operation 156 'trunc' 'trunc_ln36_5' <Predicate = true> <Delay = 0.00>
ST_16 : Operation 157 [1/1] (1.91ns)   --->   "%icmp_ln37 = icmp_sgt  i8 %val_6, i8 0" [../src/pool.cpp:37]   --->   Operation 157 'icmp' 'icmp_ln37' <Predicate = true> <Delay = 1.91> <CoreInst = "Cmp">   --->   Core 9 'Cmp' <Latency = 0> <II = 1> <Delay = 1.91> <FuncUnit> <Opcode : 'seteq' 'setne' 'setle' 'setge' 'setlt' 'setgt'> <InPorts = 2> <OutPorts = 1>
ST_16 : Operation 158 [1/1] (0.99ns)   --->   "%max_val_6 = select i1 %icmp_ln37, i7 %trunc_ln36_5, i7 0" [../src/pool.cpp:37]   --->   Operation 158 'select' 'max_val_6' <Predicate = true> <Delay = 0.99> <CoreInst = "Sel">   --->   Core 73 'Sel' <Latency = 0> <II = 1> <Delay = 0.99> <FuncUnit> <Opcode : 'select'> <InPorts = 3> <OutPorts = 1>
ST_16 : Operation 159 [1/2] ( I:3.25ns O:3.25ns )   --->   "%pool_ap_fixed_ap_fixed_8_5_5_3_0_int_int_int_int_int_local_input_4_load_1 = load i11 %pool_ap_fixed_ap_fixed_8_5_5_3_0_int_int_int_int_int_local_input_4_addr_2" [../src/pool.cpp:36]   --->   Operation 159 'load' 'pool_ap_fixed_ap_fixed_8_5_5_3_0_int_int_int_int_int_local_input_4_load_1' <Predicate = (trunc_ln36 == 4)> <Delay = 3.25> <CoreInst = "RAM_2P_BRAM">   --->   Core 90 'RAM_2P_BRAM' <Latency = 1> <II = 1> <Delay = 3.25> <Storage> <Opcode : 'load' 'store'> <Ports = 2> <Width = 8> <Depth = 1255> <RAM>
ST_16 : Operation 160 [1/2] ( I:3.25ns O:3.25ns )   --->   "%pool_ap_fixed_ap_fixed_8_5_5_3_0_int_int_int_int_int_local_input_3_load_1 = load i11 %pool_ap_fixed_ap_fixed_8_5_5_3_0_int_int_int_int_int_local_input_3_addr_2" [../src/pool.cpp:36]   --->   Operation 160 'load' 'pool_ap_fixed_ap_fixed_8_5_5_3_0_int_int_int_int_int_local_input_3_load_1' <Predicate = (trunc_ln36 == 0)> <Delay = 3.25> <CoreInst = "RAM_2P_BRAM">   --->   Core 90 'RAM_2P_BRAM' <Latency = 1> <II = 1> <Delay = 3.25> <Storage> <Opcode : 'load' 'store'> <Ports = 2> <Width = 8> <Depth = 1255> <RAM>
ST_16 : Operation 161 [1/2] ( I:3.25ns O:3.25ns )   --->   "%pool_ap_fixed_ap_fixed_8_5_5_3_0_int_int_int_int_int_local_input_2_load_1 = load i11 %pool_ap_fixed_ap_fixed_8_5_5_3_0_int_int_int_int_int_local_input_2_addr_2" [../src/pool.cpp:36]   --->   Operation 161 'load' 'pool_ap_fixed_ap_fixed_8_5_5_3_0_int_int_int_int_int_local_input_2_load_1' <Predicate = (trunc_ln36 == 1)> <Delay = 3.25> <CoreInst = "RAM_2P_BRAM">   --->   Core 90 'RAM_2P_BRAM' <Latency = 1> <II = 1> <Delay = 3.25> <Storage> <Opcode : 'load' 'store'> <Ports = 2> <Width = 8> <Depth = 1255> <RAM>
ST_16 : Operation 162 [1/2] ( I:3.25ns O:3.25ns )   --->   "%pool_ap_fixed_ap_fixed_8_5_5_3_0_int_int_int_int_int_local_input_1_load_1 = load i11 %pool_ap_fixed_ap_fixed_8_5_5_3_0_int_int_int_int_int_local_input_1_addr_2" [../src/pool.cpp:36]   --->   Operation 162 'load' 'pool_ap_fixed_ap_fixed_8_5_5_3_0_int_int_int_int_int_local_input_1_load_1' <Predicate = (trunc_ln36 == 2)> <Delay = 3.25> <CoreInst = "RAM_2P_BRAM">   --->   Core 90 'RAM_2P_BRAM' <Latency = 1> <II = 1> <Delay = 3.25> <Storage> <Opcode : 'load' 'store'> <Ports = 2> <Width = 8> <Depth = 1255> <RAM>
ST_16 : Operation 163 [1/2] ( I:3.25ns O:3.25ns )   --->   "%pool_ap_fixed_ap_fixed_8_5_5_3_0_int_int_int_int_int_local_input_load_1 = load i11 %pool_ap_fixed_ap_fixed_8_5_5_3_0_int_int_int_int_int_local_input_addr_2" [../src/pool.cpp:36]   --->   Operation 163 'load' 'pool_ap_fixed_ap_fixed_8_5_5_3_0_int_int_int_int_int_local_input_load_1' <Predicate = (trunc_ln36 == 3)> <Delay = 3.25> <CoreInst = "RAM_2P_BRAM">   --->   Core 90 'RAM_2P_BRAM' <Latency = 1> <II = 1> <Delay = 3.25> <Storage> <Opcode : 'load' 'store'> <Ports = 2> <Width = 8> <Depth = 1255> <RAM>
ST_16 : Operation 164 [1/1] (1.94ns)   --->   "%val = sparsemux i8 @_ssdm_op_SparseMux.ap_auto.5i8.i8.i3, i3 4, i8 %pool_ap_fixed_ap_fixed_8_5_5_3_0_int_int_int_int_int_local_input_4_load_1, i3 0, i8 %pool_ap_fixed_ap_fixed_8_5_5_3_0_int_int_int_int_int_local_input_3_load_1, i3 1, i8 %pool_ap_fixed_ap_fixed_8_5_5_3_0_int_int_int_int_int_local_input_2_load_1, i3 2, i8 %pool_ap_fixed_ap_fixed_8_5_5_3_0_int_int_int_int_int_local_input_1_load_1, i3 3, i8 %pool_ap_fixed_ap_fixed_8_5_5_3_0_int_int_int_int_int_local_input_load_1, i8 0, i3 %trunc_ln36" [../src/pool.cpp:36]   --->   Operation 164 'sparsemux' 'val' <Predicate = true> <Delay = 1.94> <CoreInst = "BinarySparseMux_DontCare">   --->   Core 137 'BinarySparseMux_DontCare' <Latency = 0> <II = 1> <Delay = 1.94> <FuncUnit> <Opcode : 'sparsemux'> <InPorts = 2> <OutPorts = 1>
ST_16 : Operation 165 [1/1] (0.00ns)   --->   "%trunc_ln36_6 = trunc i8 %val" [../src/pool.cpp:36]   --->   Operation 165 'trunc' 'trunc_ln36_6' <Predicate = true> <Delay = 0.00>
ST_16 : Operation 166 [1/2] ( I:3.25ns O:3.25ns )   --->   "%pool_ap_fixed_ap_fixed_8_5_5_3_0_int_int_int_int_int_local_input_4_load_2 = load i11 %pool_ap_fixed_ap_fixed_8_5_5_3_0_int_int_int_int_int_local_input_4_addr_3" [../src/pool.cpp:36]   --->   Operation 166 'load' 'pool_ap_fixed_ap_fixed_8_5_5_3_0_int_int_int_int_int_local_input_4_load_2' <Predicate = (trunc_ln36 == 1)> <Delay = 3.25> <CoreInst = "RAM_2P_BRAM">   --->   Core 90 'RAM_2P_BRAM' <Latency = 1> <II = 1> <Delay = 3.25> <Storage> <Opcode : 'load' 'store'> <Ports = 2> <Width = 8> <Depth = 1255> <RAM>
ST_16 : Operation 167 [1/2] ( I:3.25ns O:3.25ns )   --->   "%pool_ap_fixed_ap_fixed_8_5_5_3_0_int_int_int_int_int_local_input_3_load_2 = load i11 %pool_ap_fixed_ap_fixed_8_5_5_3_0_int_int_int_int_int_local_input_3_addr_3" [../src/pool.cpp:36]   --->   Operation 167 'load' 'pool_ap_fixed_ap_fixed_8_5_5_3_0_int_int_int_int_int_local_input_3_load_2' <Predicate = (trunc_ln36 == 2)> <Delay = 3.25> <CoreInst = "RAM_2P_BRAM">   --->   Core 90 'RAM_2P_BRAM' <Latency = 1> <II = 1> <Delay = 3.25> <Storage> <Opcode : 'load' 'store'> <Ports = 2> <Width = 8> <Depth = 1255> <RAM>
ST_16 : Operation 168 [1/2] ( I:3.25ns O:3.25ns )   --->   "%pool_ap_fixed_ap_fixed_8_5_5_3_0_int_int_int_int_int_local_input_2_load_2 = load i11 %pool_ap_fixed_ap_fixed_8_5_5_3_0_int_int_int_int_int_local_input_2_addr_3" [../src/pool.cpp:36]   --->   Operation 168 'load' 'pool_ap_fixed_ap_fixed_8_5_5_3_0_int_int_int_int_int_local_input_2_load_2' <Predicate = (trunc_ln36 == 3)> <Delay = 3.25> <CoreInst = "RAM_2P_BRAM">   --->   Core 90 'RAM_2P_BRAM' <Latency = 1> <II = 1> <Delay = 3.25> <Storage> <Opcode : 'load' 'store'> <Ports = 2> <Width = 8> <Depth = 1255> <RAM>
ST_16 : Operation 169 [1/2] ( I:3.25ns O:3.25ns )   --->   "%pool_ap_fixed_ap_fixed_8_5_5_3_0_int_int_int_int_int_local_input_1_load_2 = load i11 %pool_ap_fixed_ap_fixed_8_5_5_3_0_int_int_int_int_int_local_input_1_addr_3" [../src/pool.cpp:36]   --->   Operation 169 'load' 'pool_ap_fixed_ap_fixed_8_5_5_3_0_int_int_int_int_int_local_input_1_load_2' <Predicate = (trunc_ln36 == 4)> <Delay = 3.25> <CoreInst = "RAM_2P_BRAM">   --->   Core 90 'RAM_2P_BRAM' <Latency = 1> <II = 1> <Delay = 3.25> <Storage> <Opcode : 'load' 'store'> <Ports = 2> <Width = 8> <Depth = 1255> <RAM>
ST_16 : Operation 170 [1/2] ( I:3.25ns O:3.25ns )   --->   "%pool_ap_fixed_ap_fixed_8_5_5_3_0_int_int_int_int_int_local_input_load_2 = load i11 %pool_ap_fixed_ap_fixed_8_5_5_3_0_int_int_int_int_int_local_input_addr_3" [../src/pool.cpp:36]   --->   Operation 170 'load' 'pool_ap_fixed_ap_fixed_8_5_5_3_0_int_int_int_int_int_local_input_load_2' <Predicate = (trunc_ln36 == 0)> <Delay = 3.25> <CoreInst = "RAM_2P_BRAM">   --->   Core 90 'RAM_2P_BRAM' <Latency = 1> <II = 1> <Delay = 3.25> <Storage> <Opcode : 'load' 'store'> <Ports = 2> <Width = 8> <Depth = 1255> <RAM>
ST_16 : Operation 171 [1/1] (1.94ns)   --->   "%val_7 = sparsemux i8 @_ssdm_op_SparseMux.ap_auto.5i8.i8.i3, i3 1, i8 %pool_ap_fixed_ap_fixed_8_5_5_3_0_int_int_int_int_int_local_input_4_load_2, i3 2, i8 %pool_ap_fixed_ap_fixed_8_5_5_3_0_int_int_int_int_int_local_input_3_load_2, i3 3, i8 %pool_ap_fixed_ap_fixed_8_5_5_3_0_int_int_int_int_int_local_input_2_load_2, i3 4, i8 %pool_ap_fixed_ap_fixed_8_5_5_3_0_int_int_int_int_int_local_input_1_load_2, i3 0, i8 %pool_ap_fixed_ap_fixed_8_5_5_3_0_int_int_int_int_int_local_input_load_2, i8 0, i3 %trunc_ln36" [../src/pool.cpp:36]   --->   Operation 171 'sparsemux' 'val_7' <Predicate = true> <Delay = 1.94> <CoreInst = "BinarySparseMux_DontCare">   --->   Core 137 'BinarySparseMux_DontCare' <Latency = 0> <II = 1> <Delay = 1.94> <FuncUnit> <Opcode : 'sparsemux'> <InPorts = 2> <OutPorts = 1>
ST_16 : Operation 172 [1/1] (0.00ns)   --->   "%trunc_ln36_7 = trunc i8 %val_7" [../src/pool.cpp:36]   --->   Operation 172 'trunc' 'trunc_ln36_7' <Predicate = true> <Delay = 0.00>
ST_16 : Operation 173 [1/1] (0.00ns)   --->   "%zext_ln36_3 = zext i10 %tmp_8" [../src/pool.cpp:36]   --->   Operation 173 'zext' 'zext_ln36_3' <Predicate = true> <Delay = 0.00>
ST_16 : Operation 174 [1/1] (0.00ns)   --->   "%pool_ap_fixed_ap_fixed_8_5_5_3_0_int_int_int_int_int_local_input_4_addr = getelementptr i8 %pool_ap_fixed_ap_fixed_8_5_5_3_0_int_int_int_int_int_local_input_4, i64 0, i64 %zext_ln36_3" [../src/pool.cpp:36]   --->   Operation 174 'getelementptr' 'pool_ap_fixed_ap_fixed_8_5_5_3_0_int_int_int_int_int_local_input_4_addr' <Predicate = (trunc_ln36 == 0)> <Delay = 0.00>
ST_16 : Operation 175 [1/1] (0.00ns)   --->   "%pool_ap_fixed_ap_fixed_8_5_5_3_0_int_int_int_int_int_local_input_3_addr = getelementptr i8 %pool_ap_fixed_ap_fixed_8_5_5_3_0_int_int_int_int_int_local_input_3, i64 0, i64 %zext_ln36_3" [../src/pool.cpp:36]   --->   Operation 175 'getelementptr' 'pool_ap_fixed_ap_fixed_8_5_5_3_0_int_int_int_int_int_local_input_3_addr' <Predicate = (trunc_ln36 == 1)> <Delay = 0.00>
ST_16 : Operation 176 [1/1] (0.00ns)   --->   "%pool_ap_fixed_ap_fixed_8_5_5_3_0_int_int_int_int_int_local_input_2_addr = getelementptr i8 %pool_ap_fixed_ap_fixed_8_5_5_3_0_int_int_int_int_int_local_input_2, i64 0, i64 %zext_ln36_3" [../src/pool.cpp:36]   --->   Operation 176 'getelementptr' 'pool_ap_fixed_ap_fixed_8_5_5_3_0_int_int_int_int_int_local_input_2_addr' <Predicate = (trunc_ln36 == 2)> <Delay = 0.00>
ST_16 : Operation 177 [1/1] (0.00ns)   --->   "%pool_ap_fixed_ap_fixed_8_5_5_3_0_int_int_int_int_int_local_input_1_addr = getelementptr i8 %pool_ap_fixed_ap_fixed_8_5_5_3_0_int_int_int_int_int_local_input_1, i64 0, i64 %zext_ln36_3" [../src/pool.cpp:36]   --->   Operation 177 'getelementptr' 'pool_ap_fixed_ap_fixed_8_5_5_3_0_int_int_int_int_int_local_input_1_addr' <Predicate = (trunc_ln36 == 3)> <Delay = 0.00>
ST_16 : Operation 178 [1/1] (0.00ns)   --->   "%pool_ap_fixed_ap_fixed_8_5_5_3_0_int_int_int_int_int_local_input_addr = getelementptr i8 %pool_ap_fixed_ap_fixed_8_5_5_3_0_int_int_int_int_int_local_input, i64 0, i64 %zext_ln36_3" [../src/pool.cpp:36]   --->   Operation 178 'getelementptr' 'pool_ap_fixed_ap_fixed_8_5_5_3_0_int_int_int_int_int_local_input_addr' <Predicate = (trunc_ln36 == 4)> <Delay = 0.00>
ST_16 : Operation 179 [2/2] (3.25ns)   --->   "%pool_ap_fixed_ap_fixed_8_5_5_3_0_int_int_int_int_int_local_input_4_load_3 = load i11 %pool_ap_fixed_ap_fixed_8_5_5_3_0_int_int_int_int_int_local_input_4_addr" [../src/pool.cpp:36]   --->   Operation 179 'load' 'pool_ap_fixed_ap_fixed_8_5_5_3_0_int_int_int_int_int_local_input_4_load_3' <Predicate = (trunc_ln36 == 0)> <Delay = 3.25> <CoreInst = "RAM_2P_BRAM">   --->   Core 90 'RAM_2P_BRAM' <Latency = 1> <II = 1> <Delay = 3.25> <Storage> <Opcode : 'load' 'store'> <Ports = 2> <Width = 8> <Depth = 1255> <RAM>
ST_16 : Operation 180 [2/2] (3.25ns)   --->   "%pool_ap_fixed_ap_fixed_8_5_5_3_0_int_int_int_int_int_local_input_3_load_3 = load i11 %pool_ap_fixed_ap_fixed_8_5_5_3_0_int_int_int_int_int_local_input_3_addr" [../src/pool.cpp:36]   --->   Operation 180 'load' 'pool_ap_fixed_ap_fixed_8_5_5_3_0_int_int_int_int_int_local_input_3_load_3' <Predicate = (trunc_ln36 == 1)> <Delay = 3.25> <CoreInst = "RAM_2P_BRAM">   --->   Core 90 'RAM_2P_BRAM' <Latency = 1> <II = 1> <Delay = 3.25> <Storage> <Opcode : 'load' 'store'> <Ports = 2> <Width = 8> <Depth = 1255> <RAM>
ST_16 : Operation 181 [2/2] (3.25ns)   --->   "%pool_ap_fixed_ap_fixed_8_5_5_3_0_int_int_int_int_int_local_input_2_load_3 = load i11 %pool_ap_fixed_ap_fixed_8_5_5_3_0_int_int_int_int_int_local_input_2_addr" [../src/pool.cpp:36]   --->   Operation 181 'load' 'pool_ap_fixed_ap_fixed_8_5_5_3_0_int_int_int_int_int_local_input_2_load_3' <Predicate = (trunc_ln36 == 2)> <Delay = 3.25> <CoreInst = "RAM_2P_BRAM">   --->   Core 90 'RAM_2P_BRAM' <Latency = 1> <II = 1> <Delay = 3.25> <Storage> <Opcode : 'load' 'store'> <Ports = 2> <Width = 8> <Depth = 1255> <RAM>
ST_16 : Operation 182 [2/2] (3.25ns)   --->   "%pool_ap_fixed_ap_fixed_8_5_5_3_0_int_int_int_int_int_local_input_1_load_3 = load i11 %pool_ap_fixed_ap_fixed_8_5_5_3_0_int_int_int_int_int_local_input_1_addr" [../src/pool.cpp:36]   --->   Operation 182 'load' 'pool_ap_fixed_ap_fixed_8_5_5_3_0_int_int_int_int_int_local_input_1_load_3' <Predicate = (trunc_ln36 == 3)> <Delay = 3.25> <CoreInst = "RAM_2P_BRAM">   --->   Core 90 'RAM_2P_BRAM' <Latency = 1> <II = 1> <Delay = 3.25> <Storage> <Opcode : 'load' 'store'> <Ports = 2> <Width = 8> <Depth = 1255> <RAM>
ST_16 : Operation 183 [2/2] (3.25ns)   --->   "%pool_ap_fixed_ap_fixed_8_5_5_3_0_int_int_int_int_int_local_input_load_3 = load i11 %pool_ap_fixed_ap_fixed_8_5_5_3_0_int_int_int_int_int_local_input_addr" [../src/pool.cpp:36]   --->   Operation 183 'load' 'pool_ap_fixed_ap_fixed_8_5_5_3_0_int_int_int_int_int_local_input_load_3' <Predicate = (trunc_ln36 == 4)> <Delay = 3.25> <CoreInst = "RAM_2P_BRAM">   --->   Core 90 'RAM_2P_BRAM' <Latency = 1> <II = 1> <Delay = 3.25> <Storage> <Opcode : 'load' 'store'> <Ports = 2> <Width = 8> <Depth = 1255> <RAM>

State 17 <SV = 16> <Delay = 8.72>
ST_17 : Operation 184 [1/1] (0.00ns)   --->   "%zext_ln28 = zext i7 %max_val_6" [../src/pool.cpp:28]   --->   Operation 184 'zext' 'zext_ln28' <Predicate = true> <Delay = 0.00>
ST_17 : Operation 185 [1/1] (1.91ns)   --->   "%icmp_ln37_1 = icmp_sgt  i8 %val, i8 %zext_ln28" [../src/pool.cpp:37]   --->   Operation 185 'icmp' 'icmp_ln37_1' <Predicate = true> <Delay = 1.91> <CoreInst = "Cmp">   --->   Core 9 'Cmp' <Latency = 0> <II = 1> <Delay = 1.91> <FuncUnit> <Opcode : 'seteq' 'setne' 'setle' 'setge' 'setlt' 'setgt'> <InPorts = 2> <OutPorts = 1>
ST_17 : Operation 186 [1/1] (0.99ns)   --->   "%max_val_7 = select i1 %icmp_ln37_1, i7 %trunc_ln36_6, i7 %max_val_6" [../src/pool.cpp:37]   --->   Operation 186 'select' 'max_val_7' <Predicate = true> <Delay = 0.99> <CoreInst = "Sel">   --->   Core 73 'Sel' <Latency = 0> <II = 1> <Delay = 0.99> <FuncUnit> <Opcode : 'select'> <InPorts = 3> <OutPorts = 1>
ST_17 : Operation 187 [1/1] (0.00ns)   --->   "%zext_ln28_1 = zext i7 %max_val_7" [../src/pool.cpp:28]   --->   Operation 187 'zext' 'zext_ln28_1' <Predicate = true> <Delay = 0.00>
ST_17 : Operation 188 [1/1] (1.91ns)   --->   "%icmp_ln37_2 = icmp_sgt  i8 %val_7, i8 %zext_ln28_1" [../src/pool.cpp:37]   --->   Operation 188 'icmp' 'icmp_ln37_2' <Predicate = true> <Delay = 1.91> <CoreInst = "Cmp">   --->   Core 9 'Cmp' <Latency = 0> <II = 1> <Delay = 1.91> <FuncUnit> <Opcode : 'seteq' 'setne' 'setle' 'setge' 'setlt' 'setgt'> <InPorts = 2> <OutPorts = 1>
ST_17 : Operation 189 [1/1] (0.99ns)   --->   "%max_val_9 = select i1 %icmp_ln37_2, i7 %trunc_ln36_7, i7 %max_val_7" [../src/pool.cpp:37]   --->   Operation 189 'select' 'max_val_9' <Predicate = true> <Delay = 0.99> <CoreInst = "Sel">   --->   Core 73 'Sel' <Latency = 0> <II = 1> <Delay = 0.99> <FuncUnit> <Opcode : 'select'> <InPorts = 3> <OutPorts = 1>
ST_17 : Operation 190 [1/1] (0.00ns)   --->   "%zext_ln28_2 = zext i7 %max_val_9" [../src/pool.cpp:28]   --->   Operation 190 'zext' 'zext_ln28_2' <Predicate = true> <Delay = 0.00>
ST_17 : Operation 191 [1/2] ( I:3.25ns O:3.25ns )   --->   "%pool_ap_fixed_ap_fixed_8_5_5_3_0_int_int_int_int_int_local_input_4_load_3 = load i11 %pool_ap_fixed_ap_fixed_8_5_5_3_0_int_int_int_int_int_local_input_4_addr" [../src/pool.cpp:36]   --->   Operation 191 'load' 'pool_ap_fixed_ap_fixed_8_5_5_3_0_int_int_int_int_int_local_input_4_load_3' <Predicate = (trunc_ln36 == 0)> <Delay = 3.25> <CoreInst = "RAM_2P_BRAM">   --->   Core 90 'RAM_2P_BRAM' <Latency = 1> <II = 1> <Delay = 3.25> <Storage> <Opcode : 'load' 'store'> <Ports = 2> <Width = 8> <Depth = 1255> <RAM>
ST_17 : Operation 192 [1/2] ( I:3.25ns O:3.25ns )   --->   "%pool_ap_fixed_ap_fixed_8_5_5_3_0_int_int_int_int_int_local_input_3_load_3 = load i11 %pool_ap_fixed_ap_fixed_8_5_5_3_0_int_int_int_int_int_local_input_3_addr" [../src/pool.cpp:36]   --->   Operation 192 'load' 'pool_ap_fixed_ap_fixed_8_5_5_3_0_int_int_int_int_int_local_input_3_load_3' <Predicate = (trunc_ln36 == 1)> <Delay = 3.25> <CoreInst = "RAM_2P_BRAM">   --->   Core 90 'RAM_2P_BRAM' <Latency = 1> <II = 1> <Delay = 3.25> <Storage> <Opcode : 'load' 'store'> <Ports = 2> <Width = 8> <Depth = 1255> <RAM>
ST_17 : Operation 193 [1/2] ( I:3.25ns O:3.25ns )   --->   "%pool_ap_fixed_ap_fixed_8_5_5_3_0_int_int_int_int_int_local_input_2_load_3 = load i11 %pool_ap_fixed_ap_fixed_8_5_5_3_0_int_int_int_int_int_local_input_2_addr" [../src/pool.cpp:36]   --->   Operation 193 'load' 'pool_ap_fixed_ap_fixed_8_5_5_3_0_int_int_int_int_int_local_input_2_load_3' <Predicate = (trunc_ln36 == 2)> <Delay = 3.25> <CoreInst = "RAM_2P_BRAM">   --->   Core 90 'RAM_2P_BRAM' <Latency = 1> <II = 1> <Delay = 3.25> <Storage> <Opcode : 'load' 'store'> <Ports = 2> <Width = 8> <Depth = 1255> <RAM>
ST_17 : Operation 194 [1/2] ( I:3.25ns O:3.25ns )   --->   "%pool_ap_fixed_ap_fixed_8_5_5_3_0_int_int_int_int_int_local_input_1_load_3 = load i11 %pool_ap_fixed_ap_fixed_8_5_5_3_0_int_int_int_int_int_local_input_1_addr" [../src/pool.cpp:36]   --->   Operation 194 'load' 'pool_ap_fixed_ap_fixed_8_5_5_3_0_int_int_int_int_int_local_input_1_load_3' <Predicate = (trunc_ln36 == 3)> <Delay = 3.25> <CoreInst = "RAM_2P_BRAM">   --->   Core 90 'RAM_2P_BRAM' <Latency = 1> <II = 1> <Delay = 3.25> <Storage> <Opcode : 'load' 'store'> <Ports = 2> <Width = 8> <Depth = 1255> <RAM>
ST_17 : Operation 195 [1/2] ( I:3.25ns O:3.25ns )   --->   "%pool_ap_fixed_ap_fixed_8_5_5_3_0_int_int_int_int_int_local_input_load_3 = load i11 %pool_ap_fixed_ap_fixed_8_5_5_3_0_int_int_int_int_int_local_input_addr" [../src/pool.cpp:36]   --->   Operation 195 'load' 'pool_ap_fixed_ap_fixed_8_5_5_3_0_int_int_int_int_int_local_input_load_3' <Predicate = (trunc_ln36 == 4)> <Delay = 3.25> <CoreInst = "RAM_2P_BRAM">   --->   Core 90 'RAM_2P_BRAM' <Latency = 1> <II = 1> <Delay = 3.25> <Storage> <Opcode : 'load' 'store'> <Ports = 2> <Width = 8> <Depth = 1255> <RAM>
ST_17 : Operation 196 [1/1] (1.94ns)   --->   "%val_2 = sparsemux i8 @_ssdm_op_SparseMux.ap_auto.5i8.i8.i3, i3 0, i8 %pool_ap_fixed_ap_fixed_8_5_5_3_0_int_int_int_int_int_local_input_4_load_3, i3 1, i8 %pool_ap_fixed_ap_fixed_8_5_5_3_0_int_int_int_int_int_local_input_3_load_3, i3 2, i8 %pool_ap_fixed_ap_fixed_8_5_5_3_0_int_int_int_int_int_local_input_2_load_3, i3 3, i8 %pool_ap_fixed_ap_fixed_8_5_5_3_0_int_int_int_int_int_local_input_1_load_3, i3 4, i8 %pool_ap_fixed_ap_fixed_8_5_5_3_0_int_int_int_int_int_local_input_load_3, i8 0, i3 %trunc_ln36" [../src/pool.cpp:36]   --->   Operation 196 'sparsemux' 'val_2' <Predicate = true> <Delay = 1.94> <CoreInst = "BinarySparseMux_DontCare">   --->   Core 137 'BinarySparseMux_DontCare' <Latency = 0> <II = 1> <Delay = 1.94> <FuncUnit> <Opcode : 'sparsemux'> <InPorts = 2> <OutPorts = 1>
ST_17 : Operation 197 [1/1] (0.00ns)   --->   "%trunc_ln36_8 = trunc i8 %val_2" [../src/pool.cpp:36]   --->   Operation 197 'trunc' 'trunc_ln36_8' <Predicate = true> <Delay = 0.00>
ST_17 : Operation 198 [1/1] (1.91ns)   --->   "%icmp_ln37_3 = icmp_sgt  i8 %val_2, i8 %zext_ln28_2" [../src/pool.cpp:37]   --->   Operation 198 'icmp' 'icmp_ln37_3' <Predicate = true> <Delay = 1.91> <CoreInst = "Cmp">   --->   Core 9 'Cmp' <Latency = 0> <II = 1> <Delay = 1.91> <FuncUnit> <Opcode : 'seteq' 'setne' 'setle' 'setge' 'setlt' 'setgt'> <InPorts = 2> <OutPorts = 1>
ST_17 : Operation 199 [1/1] (0.99ns)   --->   "%max_val_10 = select i1 %icmp_ln37_3, i7 %trunc_ln36_8, i7 %max_val_9" [../src/pool.cpp:37]   --->   Operation 199 'select' 'max_val_10' <Predicate = true> <Delay = 0.99> <CoreInst = "Sel">   --->   Core 73 'Sel' <Latency = 0> <II = 1> <Delay = 0.99> <FuncUnit> <Opcode : 'select'> <InPorts = 3> <OutPorts = 1>
ST_17 : Operation 207 [1/1] (1.58ns)   --->   "%ret_ln0 = ret"   --->   Operation 207 'ret' 'ret_ln0' <Predicate = (icmp_ln23)> <Delay = 1.58>

State 18 <SV = 17> <Delay = 8.75>
ST_18 : Operation 200 [1/1] (0.00ns)   --->   "%gmem0_addr = getelementptr i8 %gmem0, i64 %outputPool_read" [../src/pool.cpp:23]   --->   Operation 200 'getelementptr' 'gmem0_addr' <Predicate = true> <Delay = 0.00>
ST_18 : Operation 201 [1/1] (0.00ns)   --->   "%specloopname_ln0 = specloopname void @_ssdm_op_SpecLoopName, void @CO_LOOP_H_LOOP_W_LOOP_str"   --->   Operation 201 'specloopname' 'specloopname_ln0' <Predicate = true> <Delay = 0.00>
ST_18 : Operation 202 [1/1] (0.00ns)   --->   "%speclooptripcount_ln0 = speclooptripcount void @_ssdm_op_SpecLoopTripCount, i64 784, i64 784, i64 784"   --->   Operation 202 'speclooptripcount' 'speclooptripcount_ln0' <Predicate = true> <Delay = 0.00>
ST_18 : Operation 203 [1/1] (0.00ns)   --->   "%specpipeline_ln26 = specpipeline void @_ssdm_op_SpecPipeline, i32 1, i32 0, i32 0, i32 0, i32 4294967295, void @empty_8" [../src/pool.cpp:26]   --->   Operation 203 'specpipeline' 'specpipeline_ln26' <Predicate = true> <Delay = 0.00>
ST_18 : Operation 204 [1/1] (0.00ns)   --->   "%zext_ln28_3 = zext i7 %max_val_10" [../src/pool.cpp:28]   --->   Operation 204 'zext' 'zext_ln28_3' <Predicate = true> <Delay = 0.00>
ST_18 : Operation 205 [1/1] ( I:8.75ns O:8.75ns )   --->   "%write_ln40 = write void @_ssdm_op_Write.m_axi.p1i8.i8, i8 %gmem0_addr, i8 %zext_ln28_3, i1 1" [../src/pool.cpp:40]   --->   Operation 205 'write' 'write_ln40' <Predicate = true> <Delay = 8.75> <CoreInst = "m_axi">   --->   Core 111 'm_axi' <Latency = 5> <II = 1> <Delay = 1.00> <Adapter> <Opcode : 'readrequnaligned' 'writerequnaligned' 'read' 'write' 'readreq' 'writereq' 'writeresp'>
ST_18 : Operation 206 [1/1] (0.00ns)   --->   "%br_ln25 = br void %if.end.i.i.i" [../src/pool.cpp:25]   --->   Operation 206 'br' 'br_ln25' <Predicate = true> <Delay = 0.00>


============================================================
+ Verbose Summary: Timing violations
============================================================
Target clock period: 10.000ns, clock uncertainty: 1.250ns.

 <State 1>: 8.611ns
The critical path consists of the following:
	'store' operation ('store_ln0') of constant 0 6 bit on local variable 'indvar_flatten' [22]  (1.588 ns)
	'load' operation 6 bit ('indvar_flatten_load', ../src/pool.cpp:24) on local variable 'indvar_flatten' [34]  (0.000 ns)
	'icmp' operation 1 bit ('icmp_ln24', ../src/pool.cpp:24) [39]  (1.825 ns)
	'select' operation 3 bit ('select_ln23', ../src/pool.cpp:23) [40]  (0.980 ns)
	'add' operation 3 bit ('add_ln24', ../src/pool.cpp:24) [46]  (1.650 ns)
	'select' operation 3 bit ('select_ln24', ../src/pool.cpp:24) [49]  (0.980 ns)
	'store' operation ('store_ln24', ../src/pool.cpp:24) of variable 'select_ln24', ../src/pool.cpp:24 3 bit on local variable 'h', ../src/pool.cpp:24 [161]  (1.588 ns)

 <State 2>: 8.653ns
The critical path consists of the following:
	'load' operation 5 bit ('co_load', ../src/pool.cpp:23) on local variable 'co', ../src/pool.cpp:23 [35]  (0.000 ns)
	'add' operation 5 bit ('add_ln23', ../src/pool.cpp:23) [44]  (1.780 ns)
	'select' operation 5 bit ('select_ln23_1', ../src/pool.cpp:23) [45]  (1.215 ns)
	'add' operation 9 bit ('add_ln34_3', ../src/pool.cpp:34) [69]  (1.915 ns)
	'urem' operation 3 bit ('urem_ln36', ../src/pool.cpp:36) [75]  (3.743 ns)

 <State 3>: 3.743ns
The critical path consists of the following:
	'urem' operation 3 bit ('urem_ln36', ../src/pool.cpp:36) [75]  (3.743 ns)

 <State 4>: 3.743ns
The critical path consists of the following:
	'urem' operation 3 bit ('urem_ln36', ../src/pool.cpp:36) [75]  (3.743 ns)

 <State 5>: 3.743ns
The critical path consists of the following:
	'urem' operation 3 bit ('urem_ln36', ../src/pool.cpp:36) [75]  (3.743 ns)

 <State 6>: 3.743ns
The critical path consists of the following:
	'urem' operation 3 bit ('urem_ln36', ../src/pool.cpp:36) [75]  (3.743 ns)

 <State 7>: 3.743ns
The critical path consists of the following:
	'urem' operation 3 bit ('urem_ln36', ../src/pool.cpp:36) [75]  (3.743 ns)

 <State 8>: 3.743ns
The critical path consists of the following:
	'urem' operation 3 bit ('urem_ln36', ../src/pool.cpp:36) [75]  (3.743 ns)

 <State 9>: 3.743ns
The critical path consists of the following:
	'urem' operation 3 bit ('urem_ln36', ../src/pool.cpp:36) [75]  (3.743 ns)

 <State 10>: 3.743ns
The critical path consists of the following:
	'urem' operation 3 bit ('urem_ln36', ../src/pool.cpp:36) [75]  (3.743 ns)

 <State 11>: 3.743ns
The critical path consists of the following:
	'urem' operation 3 bit ('urem_ln36', ../src/pool.cpp:36) [75]  (3.743 ns)

 <State 12>: 3.743ns
The critical path consists of the following:
	'urem' operation 3 bit ('urem_ln36', ../src/pool.cpp:36) [75]  (3.743 ns)

 <State 13>: 5.897ns
The critical path consists of the following:
	'mul' operation 12 bit ('mul_ln24', ../src/pool.cpp:24) [51]  (4.350 ns)
	'add' operation 12 bit ('add_ln34', ../src/pool.cpp:34) [59]  (1.547 ns)

 <State 14>: 7.147ns
The critical path consists of the following:
	'add' operation 12 bit ('add_ln34_4', ../src/pool.cpp:34) [70]  (1.547 ns)
	'mul' operation 25 bit ('mul_ln36', ../src/pool.cpp:36) [72]  (5.600 ns)

 <State 15>: 3.254ns
The critical path consists of the following:
	'getelementptr' operation 11 bit ('pool_ap_fixed_ap_fixed_8_5_5_3_0_int_int_int_int_int_local_input_4_addr_1', ../src/pool.cpp:36) [77]  (0.000 ns)
	'load' operation 8 bit ('pool_ap_fixed_ap_fixed_8_5_5_3_0_int_int_int_int_int_local_input_4_load', ../src/pool.cpp:36) on array 'pool_ap_fixed_ap_fixed_8_5_5_3_0_int_int_int_int_int_local_input_4' [82]  (3.254 ns)

 <State 16>: 8.108ns
The critical path consists of the following:
	'load' operation 8 bit ('pool_ap_fixed_ap_fixed_8_5_5_3_0_int_int_int_int_int_local_input_4_load', ../src/pool.cpp:36) on array 'pool_ap_fixed_ap_fixed_8_5_5_3_0_int_int_int_int_int_local_input_4' [82]  (3.254 ns)
	'sparsemux' operation 8 bit ('val', ../src/pool.cpp:36) [87]  (1.946 ns)
	'icmp' operation 1 bit ('icmp_ln37', ../src/pool.cpp:37) [89]  (1.915 ns)
	'select' operation 7 bit ('max_val', ../src/pool.cpp:37) [90]  (0.993 ns)

 <State 17>: 8.724ns
The critical path consists of the following:
	'icmp' operation 1 bit ('icmp_ln37_1', ../src/pool.cpp:37) [111]  (1.915 ns)
	'select' operation 7 bit ('max_val', ../src/pool.cpp:37) [112]  (0.993 ns)
	'icmp' operation 1 bit ('icmp_ln37_2', ../src/pool.cpp:37) [131]  (1.915 ns)
	'select' operation 7 bit ('max_val', ../src/pool.cpp:37) [132]  (0.993 ns)
	'icmp' operation 1 bit ('icmp_ln37_3', ../src/pool.cpp:37) [151]  (1.915 ns)
	'select' operation 7 bit ('max_val', ../src/pool.cpp:37) [152]  (0.993 ns)

 <State 18>: 8.750ns
The critical path consists of the following:
	'getelementptr' operation 8 bit ('gmem0_addr', ../src/pool.cpp:23) [36]  (0.000 ns)
	bus write operation ('write_ln40', ../src/pool.cpp:40) on port 'gmem0' (../src/pool.cpp:40) [154]  (8.750 ns)


============================================================
+ Verbose Summary: Binding
============================================================
N/A
* FSMD analyzer results:
  - Output states:
 - Input state : 
  - Chain level:
	State 1
	State 2
	State 3
	State 4
	State 5
	State 6
	State 7
	State 8
	State 9
	State 10
	State 11
	State 12
	State 13
	State 14
	State 15
	State 16
	State 17
	State 18


============================================================
+ Verbose Summary: Datapath Resource usage 
============================================================
N/A
