

================================================================
== Vitis HLS Report for 'pool_1'
================================================================
* Date:           Sat Mar  7 18:28:22 2026

* Version:        2025.2 (Build 6295257 on Nov 14 2025)
* Project:        top
* Solution:       hls (Vivado IP Flow Target)
* Product family: zynq
* Target device:  xc7z020-clg484-1


================================================================
== Performance Estimates
================================================================
+ Timing: 
    * Summary: 
    +--------+----------+----------+------------+
    |  Clock |  Target  | Estimated| Uncertainty|
    +--------+----------+----------+------------+
    |ap_clk  |  10.00 ns|  8.750 ns|     1.25 ns|
    +--------+----------+----------+------------+

+ Latency: 
    * Summary: 
    +---------+---------+-----------+-----------+------+------+---------+
    |  Latency (cycles) |   Latency (absolute)  |   Interval  | Pipeline|
    |   min   |   max   |    min    |    max    |  min |  max |   Type  |
    +---------+---------+-----------+-----------+------+------+---------+
    |     3958|     3958|  39.580 us|  39.580 us|  3958|  3958|       no|
    +---------+---------+-----------+-----------+------+------+---------+

    + Detail: 
        * Instance: 
        +--------------------------------------------------+---------------------------------------+---------+---------+-----------+-----------+-----+-----+-------------------+
        |                                                  |                                       |  Latency (cycles) |   Latency (absolute)  |  Interval |      Pipeline     |
        |                     Instance                     |                 Module                |   min   |   max   |    min    |    max    | min | max |        Type       |
        +--------------------------------------------------+---------------------------------------+---------+---------+-----------+-----------+-----+-----+-------------------+
        |grp_pool_1_Pipeline_LOAD_POOL_fu_93               |pool_1_Pipeline_LOAD_POOL              |     3139|     3139|  31.390 us|  31.390 us|    0|    0|  loop pipeline stp|
        |grp_pool_1_Pipeline_CO_LOOP_H_LOOP_W_LOOP_fu_110  |pool_1_Pipeline_CO_LOOP_H_LOOP_W_LOOP  |      802|      802|   8.020 us|   8.020 us|    0|    0|  loop pipeline stp|
        +--------------------------------------------------+---------------------------------------+---------+---------+-----------+-----------+-----+-----+-------------------+

        * Loop: 
        N/A



================================================================
== Utilization Estimates
================================================================
* Summary: 
+-----------------+---------+-----+--------+-------+-----+
|       Name      | BRAM_18K| DSP |   FF   |  LUT  | URAM|
+-----------------+---------+-----+--------+-------+-----+
|DSP              |        -|    -|       -|      -|    -|
|Expression       |        -|    -|       -|      -|    -|
|FIFO             |        -|    -|       -|      -|    -|
|Instance         |        -|    4|     758|   1173|    -|
|Memory           |        -|    -|       -|      -|    -|
|Multiplexer      |        -|    -|       0|    628|    -|
|Register         |        -|    -|      20|      -|    -|
+-----------------+---------+-----+--------+-------+-----+
|Total            |        0|    4|     778|   1801|    0|
+-----------------+---------+-----+--------+-------+-----+
|Available        |      280|  220|  106400|  53200|    0|
+-----------------+---------+-----+--------+-------+-----+
|Utilization (%)  |        0|    1|      ~0|      3|    0|
+-----------------+---------+-----+--------+-------+-----+

+ Detail: 
    * Instance: 
    +--------------------------------------------------+---------------------------------------+---------+----+-----+------+-----+
    |                     Instance                     |                 Module                | BRAM_18K| DSP|  FF |  LUT | URAM|
    +--------------------------------------------------+---------------------------------------+---------+----+-----+------+-----+
    |grp_pool_1_Pipeline_CO_LOOP_H_LOOP_W_LOOP_fu_110  |pool_1_Pipeline_CO_LOOP_H_LOOP_W_LOOP  |        0|   4|  689|  1005|    0|
    |grp_pool_1_Pipeline_LOAD_POOL_fu_93               |pool_1_Pipeline_LOAD_POOL              |        0|   0|   69|   168|    0|
    +--------------------------------------------------+---------------------------------------+---------+----+-----+------+-----+
    |Total                                             |                                       |        0|   4|  758|  1173|    0|
    +--------------------------------------------------+---------------------------------------+---------+----+-----+------+-----+

    * DSP: 
    N/A

    * Memory: 
    N/A

    * FIFO: 
    N/A

    * Expression: 
    N/A

    * Multiplexer: 
    +-----------------------------------------------------------------------------+----+-----------+-----+-----------+
    |                                     Name                                    | LUT| Input Size| Bits| Total Bits|
    +-----------------------------------------------------------------------------+----+-----------+-----+-----------+
    |ap_NS_fsm                                                                    |  93|         19|    1|         19|
    |gmem0_blk_n_AR                                                               |   9|          2|    1|          2|
    |gmem0_blk_n_AW                                                               |   9|          2|    1|          2|
    |gmem0_blk_n_B                                                                |   9|          2|    1|          2|
    |m_axi_gmem0_0_ARADDR                                                         |  14|          3|   64|        192|
    |m_axi_gmem0_0_ARBURST                                                        |   9|          2|    2|          4|
    |m_axi_gmem0_0_ARCACHE                                                        |   9|          2|    4|          8|
    |m_axi_gmem0_0_ARID                                                           |   9|          2|    1|          2|
    |m_axi_gmem0_0_ARLEN                                                          |  14|          3|   32|         96|
    |m_axi_gmem0_0_ARLOCK                                                         |   9|          2|    2|          4|
    |m_axi_gmem0_0_ARPROT                                                         |   9|          2|    3|          6|
    |m_axi_gmem0_0_ARQOS                                                          |   9|          2|    4|          8|
    |m_axi_gmem0_0_ARREGION                                                       |   9|          2|    4|          8|
    |m_axi_gmem0_0_ARSIZE                                                         |   9|          2|    3|          6|
    |m_axi_gmem0_0_ARUSER                                                         |   9|          2|    1|          2|
    |m_axi_gmem0_0_ARVALID                                                        |  14|          3|    1|          3|
    |m_axi_gmem0_0_AWADDR                                                         |  14|          3|   64|        192|
    |m_axi_gmem0_0_AWBURST                                                        |   9|          2|    2|          4|
    |m_axi_gmem0_0_AWCACHE                                                        |   9|          2|    4|          8|
    |m_axi_gmem0_0_AWID                                                           |   9|          2|    1|          2|
    |m_axi_gmem0_0_AWLEN                                                          |  14|          3|   32|         96|
    |m_axi_gmem0_0_AWLOCK                                                         |   9|          2|    2|          4|
    |m_axi_gmem0_0_AWPROT                                                         |   9|          2|    3|          6|
    |m_axi_gmem0_0_AWQOS                                                          |   9|          2|    4|          8|
    |m_axi_gmem0_0_AWREGION                                                       |   9|          2|    4|          8|
    |m_axi_gmem0_0_AWSIZE                                                         |   9|          2|    3|          6|
    |m_axi_gmem0_0_AWUSER                                                         |   9|          2|    1|          2|
    |m_axi_gmem0_0_AWVALID                                                        |  14|          3|    1|          3|
    |m_axi_gmem0_0_BREADY                                                         |  14|          3|    1|          3|
    |m_axi_gmem0_0_RREADY                                                         |   9|          2|    1|          2|
    |m_axi_gmem0_0_WVALID                                                         |   9|          2|    1|          2|
    |pool_ap_fixed_ap_fixed_8_5_5_3_0_int_int_int_int_int_local_input_1_address1  |  14|          3|   11|         33|
    |pool_ap_fixed_ap_fixed_8_5_5_3_0_int_int_int_int_int_local_input_1_ce0       |   9|          2|    1|          2|
    |pool_ap_fixed_ap_fixed_8_5_5_3_0_int_int_int_int_int_local_input_1_ce1       |  14|          3|    1|          3|
    |pool_ap_fixed_ap_fixed_8_5_5_3_0_int_int_int_int_int_local_input_1_we1       |   9|          2|    1|          2|
    |pool_ap_fixed_ap_fixed_8_5_5_3_0_int_int_int_int_int_local_input_2_address1  |  14|          3|   11|         33|
    |pool_ap_fixed_ap_fixed_8_5_5_3_0_int_int_int_int_int_local_input_2_ce0       |   9|          2|    1|          2|
    |pool_ap_fixed_ap_fixed_8_5_5_3_0_int_int_int_int_int_local_input_2_ce1       |  14|          3|    1|          3|
    |pool_ap_fixed_ap_fixed_8_5_5_3_0_int_int_int_int_int_local_input_2_we1       |   9|          2|    1|          2|
    |pool_ap_fixed_ap_fixed_8_5_5_3_0_int_int_int_int_int_local_input_3_address1  |  14|          3|   11|         33|
    |pool_ap_fixed_ap_fixed_8_5_5_3_0_int_int_int_int_int_local_input_3_ce0       |   9|          2|    1|          2|
    |pool_ap_fixed_ap_fixed_8_5_5_3_0_int_int_int_int_int_local_input_3_ce1       |  14|          3|    1|          3|
    |pool_ap_fixed_ap_fixed_8_5_5_3_0_int_int_int_int_int_local_input_3_we1       |   9|          2|    1|          2|
    |pool_ap_fixed_ap_fixed_8_5_5_3_0_int_int_int_int_int_local_input_4_address1  |  14|          3|   11|         33|
    |pool_ap_fixed_ap_fixed_8_5_5_3_0_int_int_int_int_int_local_input_4_ce0       |   9|          2|    1|          2|
    |pool_ap_fixed_ap_fixed_8_5_5_3_0_int_int_int_int_int_local_input_4_ce1       |  14|          3|    1|          3|
    |pool_ap_fixed_ap_fixed_8_5_5_3_0_int_int_int_int_int_local_input_4_we1       |   9|          2|    1|          2|
    |pool_ap_fixed_ap_fixed_8_5_5_3_0_int_int_int_int_int_local_input_address1    |  14|          3|   11|         33|
    |pool_ap_fixed_ap_fixed_8_5_5_3_0_int_int_int_int_int_local_input_ce0         |   9|          2|    1|          2|
    |pool_ap_fixed_ap_fixed_8_5_5_3_0_int_int_int_int_int_local_input_ce1         |  14|          3|    1|          3|
    |pool_ap_fixed_ap_fixed_8_5_5_3_0_int_int_int_int_int_local_input_we1         |   9|          2|    1|          2|
    +-----------------------------------------------------------------------------+----+-----------+-----+-----------+
    |Total                                                                        | 628|        136|  319|        910|
    +-----------------------------------------------------------------------------+----+-----------+-----+-----------+

    * Register: 
    +---------------------------------------------------------------+----+----+-----+-----------+
    |                              Name                             | FF | LUT| Bits| Const Bits|
    +---------------------------------------------------------------+----+----+-----+-----------+
    |ap_CS_fsm                                                      |  18|   0|   18|          0|
    |grp_pool_1_Pipeline_CO_LOOP_H_LOOP_W_LOOP_fu_110_ap_start_reg  |   1|   0|    1|          0|
    |grp_pool_1_Pipeline_LOAD_POOL_fu_93_ap_start_reg               |   1|   0|    1|          0|
    +---------------------------------------------------------------+----+----+-----+-----------+
    |Total                                                          |  20|   0|   20|          0|
    +---------------------------------------------------------------+----+----+-----+-----------+



================================================================
== Interface
================================================================
* Summary: 
+-----------------------------------------------------------------------------+-----+-----+------------+--------------------------------------------------------------------+--------------+
|                                  RTL Ports                                  | Dir | Bits|  Protocol  |                            Source Object                           |    C Type    |
+-----------------------------------------------------------------------------+-----+-----+------------+--------------------------------------------------------------------+--------------+
|ap_clk                                                                       |   in|    1|  ap_ctrl_hs|                                                              pool.1|  return value|
|ap_rst                                                                       |   in|    1|  ap_ctrl_hs|                                                              pool.1|  return value|
|ap_start                                                                     |   in|    1|  ap_ctrl_hs|                                                              pool.1|  return value|
|ap_done                                                                      |  out|    1|  ap_ctrl_hs|                                                              pool.1|  return value|
|ap_idle                                                                      |  out|    1|  ap_ctrl_hs|                                                              pool.1|  return value|
|ap_ready                                                                     |  out|    1|  ap_ctrl_hs|                                                              pool.1|  return value|
|m_axi_gmem0_0_AWVALID                                                        |  out|    1|       m_axi|                                                               gmem0|       pointer|
|m_axi_gmem0_0_AWREADY                                                        |   in|    1|       m_axi|                                                               gmem0|       pointer|
|m_axi_gmem0_0_AWADDR                                                         |  out|   64|       m_axi|                                                               gmem0|       pointer|
|m_axi_gmem0_0_AWID                                                           |  out|    1|       m_axi|                                                               gmem0|       pointer|
|m_axi_gmem0_0_AWLEN                                                          |  out|   32|       m_axi|                                                               gmem0|       pointer|
|m_axi_gmem0_0_AWSIZE                                                         |  out|    3|       m_axi|                                                               gmem0|       pointer|
|m_axi_gmem0_0_AWBURST                                                        |  out|    2|       m_axi|                                                               gmem0|       pointer|
|m_axi_gmem0_0_AWLOCK                                                         |  out|    2|       m_axi|                                                               gmem0|       pointer|
|m_axi_gmem0_0_AWCACHE                                                        |  out|    4|       m_axi|                                                               gmem0|       pointer|
|m_axi_gmem0_0_AWPROT                                                         |  out|    3|       m_axi|                                                               gmem0|       pointer|
|m_axi_gmem0_0_AWQOS                                                          |  out|    4|       m_axi|                                                               gmem0|       pointer|
|m_axi_gmem0_0_AWREGION                                                       |  out|    4|       m_axi|                                                               gmem0|       pointer|
|m_axi_gmem0_0_AWUSER                                                         |  out|    1|       m_axi|                                                               gmem0|       pointer|
|m_axi_gmem0_0_WVALID                                                         |  out|    1|       m_axi|                                                               gmem0|       pointer|
|m_axi_gmem0_0_WREADY                                                         |   in|    1|       m_axi|                                                               gmem0|       pointer|
|m_axi_gmem0_0_WDATA                                                          |  out|    8|       m_axi|                                                               gmem0|       pointer|
|m_axi_gmem0_0_WSTRB                                                          |  out|    1|       m_axi|                                                               gmem0|       pointer|
|m_axi_gmem0_0_WLAST                                                          |  out|    1|       m_axi|                                                               gmem0|       pointer|
|m_axi_gmem0_0_WID                                                            |  out|    1|       m_axi|                                                               gmem0|       pointer|
|m_axi_gmem0_0_WUSER                                                          |  out|    1|       m_axi|                                                               gmem0|       pointer|
|m_axi_gmem0_0_ARVALID                                                        |  out|    1|       m_axi|                                                               gmem0|       pointer|
|m_axi_gmem0_0_ARREADY                                                        |   in|    1|       m_axi|                                                               gmem0|       pointer|
|m_axi_gmem0_0_ARADDR                                                         |  out|   64|       m_axi|                                                               gmem0|       pointer|
|m_axi_gmem0_0_ARID                                                           |  out|    1|       m_axi|                                                               gmem0|       pointer|
|m_axi_gmem0_0_ARLEN                                                          |  out|   32|       m_axi|                                                               gmem0|       pointer|
|m_axi_gmem0_0_ARSIZE                                                         |  out|    3|       m_axi|                                                               gmem0|       pointer|
|m_axi_gmem0_0_ARBURST                                                        |  out|    2|       m_axi|                                                               gmem0|       pointer|
|m_axi_gmem0_0_ARLOCK                                                         |  out|    2|       m_axi|                                                               gmem0|       pointer|
|m_axi_gmem0_0_ARCACHE                                                        |  out|    4|       m_axi|                                                               gmem0|       pointer|
|m_axi_gmem0_0_ARPROT                                                         |  out|    3|       m_axi|                                                               gmem0|       pointer|
|m_axi_gmem0_0_ARQOS                                                          |  out|    4|       m_axi|                                                               gmem0|       pointer|
|m_axi_gmem0_0_ARREGION                                                       |  out|    4|       m_axi|                                                               gmem0|       pointer|
|m_axi_gmem0_0_ARUSER                                                         |  out|    1|       m_axi|                                                               gmem0|       pointer|
|m_axi_gmem0_0_RVALID                                                         |   in|    1|       m_axi|                                                               gmem0|       pointer|
|m_axi_gmem0_0_RREADY                                                         |  out|    1|       m_axi|                                                               gmem0|       pointer|
|m_axi_gmem0_0_RDATA                                                          |   in|    8|       m_axi|                                                               gmem0|       pointer|
|m_axi_gmem0_0_RLAST                                                          |   in|    1|       m_axi|                                                               gmem0|       pointer|
|m_axi_gmem0_0_RID                                                            |   in|    1|       m_axi|                                                               gmem0|       pointer|
|m_axi_gmem0_0_RFIFONUM                                                       |   in|   11|       m_axi|                                                               gmem0|       pointer|
|m_axi_gmem0_0_RUSER                                                          |   in|    1|       m_axi|                                                               gmem0|       pointer|
|m_axi_gmem0_0_RRESP                                                          |   in|    2|       m_axi|                                                               gmem0|       pointer|
|m_axi_gmem0_0_BVALID                                                         |   in|    1|       m_axi|                                                               gmem0|       pointer|
|m_axi_gmem0_0_BREADY                                                         |  out|    1|       m_axi|                                                               gmem0|       pointer|
|m_axi_gmem0_0_BRESP                                                          |   in|    2|       m_axi|                                                               gmem0|       pointer|
|m_axi_gmem0_0_BID                                                            |   in|    1|       m_axi|                                                               gmem0|       pointer|
|m_axi_gmem0_0_BUSER                                                          |   in|    1|       m_axi|                                                               gmem0|       pointer|
|input_r                                                                      |   in|   64|     ap_none|                                                             input_r|        scalar|
|outputPool                                                                   |   in|   64|     ap_none|                                                          outputPool|        scalar|
|pool_ap_fixed_ap_fixed_8_5_5_3_0_int_int_int_int_int_local_input_4_address0  |  out|   11|   ap_memory|  pool_ap_fixed_ap_fixed_8_5_5_3_0_int_int_int_int_int_local_input_4|         array|
|pool_ap_fixed_ap_fixed_8_5_5_3_0_int_int_int_int_int_local_input_4_ce0       |  out|    1|   ap_memory|  pool_ap_fixed_ap_fixed_8_5_5_3_0_int_int_int_int_int_local_input_4|         array|
|pool_ap_fixed_ap_fixed_8_5_5_3_0_int_int_int_int_int_local_input_4_q0        |   in|    8|   ap_memory|  pool_ap_fixed_ap_fixed_8_5_5_3_0_int_int_int_int_int_local_input_4|         array|
|pool_ap_fixed_ap_fixed_8_5_5_3_0_int_int_int_int_int_local_input_4_address1  |  out|   11|   ap_memory|  pool_ap_fixed_ap_fixed_8_5_5_3_0_int_int_int_int_int_local_input_4|         array|
|pool_ap_fixed_ap_fixed_8_5_5_3_0_int_int_int_int_int_local_input_4_ce1       |  out|    1|   ap_memory|  pool_ap_fixed_ap_fixed_8_5_5_3_0_int_int_int_int_int_local_input_4|         array|
|pool_ap_fixed_ap_fixed_8_5_5_3_0_int_int_int_int_int_local_input_4_we1       |  out|    1|   ap_memory|  pool_ap_fixed_ap_fixed_8_5_5_3_0_int_int_int_int_int_local_input_4|         array|
|pool_ap_fixed_ap_fixed_8_5_5_3_0_int_int_int_int_int_local_input_4_d1        |  out|    8|   ap_memory|  pool_ap_fixed_ap_fixed_8_5_5_3_0_int_int_int_int_int_local_input_4|         array|
|pool_ap_fixed_ap_fixed_8_5_5_3_0_int_int_int_int_int_local_input_4_q1        |   in|    8|   ap_memory|  pool_ap_fixed_ap_fixed_8_5_5_3_0_int_int_int_int_int_local_input_4|         array|
|pool_ap_fixed_ap_fixed_8_5_5_3_0_int_int_int_int_int_local_input_3_address0  |  out|   11|   ap_memory|  pool_ap_fixed_ap_fixed_8_5_5_3_0_int_int_int_int_int_local_input_3|         array|
|pool_ap_fixed_ap_fixed_8_5_5_3_0_int_int_int_int_int_local_input_3_ce0       |  out|    1|   ap_memory|  pool_ap_fixed_ap_fixed_8_5_5_3_0_int_int_int_int_int_local_input_3|         array|
|pool_ap_fixed_ap_fixed_8_5_5_3_0_int_int_int_int_int_local_input_3_q0        |   in|    8|   ap_memory|  pool_ap_fixed_ap_fixed_8_5_5_3_0_int_int_int_int_int_local_input_3|         array|
|pool_ap_fixed_ap_fixed_8_5_5_3_0_int_int_int_int_int_local_input_3_address1  |  out|   11|   ap_memory|  pool_ap_fixed_ap_fixed_8_5_5_3_0_int_int_int_int_int_local_input_3|         array|
|pool_ap_fixed_ap_fixed_8_5_5_3_0_int_int_int_int_int_local_input_3_ce1       |  out|    1|   ap_memory|  pool_ap_fixed_ap_fixed_8_5_5_3_0_int_int_int_int_int_local_input_3|         array|
|pool_ap_fixed_ap_fixed_8_5_5_3_0_int_int_int_int_int_local_input_3_we1       |  out|    1|   ap_memory|  pool_ap_fixed_ap_fixed_8_5_5_3_0_int_int_int_int_int_local_input_3|         array|
|pool_ap_fixed_ap_fixed_8_5_5_3_0_int_int_int_int_int_local_input_3_d1        |  out|    8|   ap_memory|  pool_ap_fixed_ap_fixed_8_5_5_3_0_int_int_int_int_int_local_input_3|         array|
|pool_ap_fixed_ap_fixed_8_5_5_3_0_int_int_int_int_int_local_input_3_q1        |   in|    8|   ap_memory|  pool_ap_fixed_ap_fixed_8_5_5_3_0_int_int_int_int_int_local_input_3|         array|
|pool_ap_fixed_ap_fixed_8_5_5_3_0_int_int_int_int_int_local_input_2_address0  |  out|   11|   ap_memory|  pool_ap_fixed_ap_fixed_8_5_5_3_0_int_int_int_int_int_local_input_2|         array|
|pool_ap_fixed_ap_fixed_8_5_5_3_0_int_int_int_int_int_local_input_2_ce0       |  out|    1|   ap_memory|  pool_ap_fixed_ap_fixed_8_5_5_3_0_int_int_int_int_int_local_input_2|         array|
|pool_ap_fixed_ap_fixed_8_5_5_3_0_int_int_int_int_int_local_input_2_q0        |   in|    8|   ap_memory|  pool_ap_fixed_ap_fixed_8_5_5_3_0_int_int_int_int_int_local_input_2|         array|
|pool_ap_fixed_ap_fixed_8_5_5_3_0_int_int_int_int_int_local_input_2_address1  |  out|   11|   ap_memory|  pool_ap_fixed_ap_fixed_8_5_5_3_0_int_int_int_int_int_local_input_2|         array|
|pool_ap_fixed_ap_fixed_8_5_5_3_0_int_int_int_int_int_local_input_2_ce1       |  out|    1|   ap_memory|  pool_ap_fixed_ap_fixed_8_5_5_3_0_int_int_int_int_int_local_input_2|         array|
|pool_ap_fixed_ap_fixed_8_5_5_3_0_int_int_int_int_int_local_input_2_we1       |  out|    1|   ap_memory|  pool_ap_fixed_ap_fixed_8_5_5_3_0_int_int_int_int_int_local_input_2|         array|
|pool_ap_fixed_ap_fixed_8_5_5_3_0_int_int_int_int_int_local_input_2_d1        |  out|    8|   ap_memory|  pool_ap_fixed_ap_fixed_8_5_5_3_0_int_int_int_int_int_local_input_2|         array|
|pool_ap_fixed_ap_fixed_8_5_5_3_0_int_int_int_int_int_local_input_2_q1        |   in|    8|   ap_memory|  pool_ap_fixed_ap_fixed_8_5_5_3_0_int_int_int_int_int_local_input_2|         array|
|pool_ap_fixed_ap_fixed_8_5_5_3_0_int_int_int_int_int_local_input_1_address0  |  out|   11|   ap_memory|  pool_ap_fixed_ap_fixed_8_5_5_3_0_int_int_int_int_int_local_input_1|         array|
|pool_ap_fixed_ap_fixed_8_5_5_3_0_int_int_int_int_int_local_input_1_ce0       |  out|    1|   ap_memory|  pool_ap_fixed_ap_fixed_8_5_5_3_0_int_int_int_int_int_local_input_1|         array|
|pool_ap_fixed_ap_fixed_8_5_5_3_0_int_int_int_int_int_local_input_1_q0        |   in|    8|   ap_memory|  pool_ap_fixed_ap_fixed_8_5_5_3_0_int_int_int_int_int_local_input_1|         array|
|pool_ap_fixed_ap_fixed_8_5_5_3_0_int_int_int_int_int_local_input_1_address1  |  out|   11|   ap_memory|  pool_ap_fixed_ap_fixed_8_5_5_3_0_int_int_int_int_int_local_input_1|         array|
|pool_ap_fixed_ap_fixed_8_5_5_3_0_int_int_int_int_int_local_input_1_ce1       |  out|    1|   ap_memory|  pool_ap_fixed_ap_fixed_8_5_5_3_0_int_int_int_int_int_local_input_1|         array|
|pool_ap_fixed_ap_fixed_8_5_5_3_0_int_int_int_int_int_local_input_1_we1       |  out|    1|   ap_memory|  pool_ap_fixed_ap_fixed_8_5_5_3_0_int_int_int_int_int_local_input_1|         array|
|pool_ap_fixed_ap_fixed_8_5_5_3_0_int_int_int_int_int_local_input_1_d1        |  out|    8|   ap_memory|  pool_ap_fixed_ap_fixed_8_5_5_3_0_int_int_int_int_int_local_input_1|         array|
|pool_ap_fixed_ap_fixed_8_5_5_3_0_int_int_int_int_int_local_input_1_q1        |   in|    8|   ap_memory|  pool_ap_fixed_ap_fixed_8_5_5_3_0_int_int_int_int_int_local_input_1|         array|
|pool_ap_fixed_ap_fixed_8_5_5_3_0_int_int_int_int_int_local_input_address0    |  out|   11|   ap_memory|    pool_ap_fixed_ap_fixed_8_5_5_3_0_int_int_int_int_int_local_input|         array|
|pool_ap_fixed_ap_fixed_8_5_5_3_0_int_int_int_int_int_local_input_ce0         |  out|    1|   ap_memory|    pool_ap_fixed_ap_fixed_8_5_5_3_0_int_int_int_int_int_local_input|         array|
|pool_ap_fixed_ap_fixed_8_5_5_3_0_int_int_int_int_int_local_input_q0          |   in|    8|   ap_memory|    pool_ap_fixed_ap_fixed_8_5_5_3_0_int_int_int_int_int_local_input|         array|
|pool_ap_fixed_ap_fixed_8_5_5_3_0_int_int_int_int_int_local_input_address1    |  out|   11|   ap_memory|    pool_ap_fixed_ap_fixed_8_5_5_3_0_int_int_int_int_int_local_input|         array|
|pool_ap_fixed_ap_fixed_8_5_5_3_0_int_int_int_int_int_local_input_ce1         |  out|    1|   ap_memory|    pool_ap_fixed_ap_fixed_8_5_5_3_0_int_int_int_int_int_local_input|         array|
|pool_ap_fixed_ap_fixed_8_5_5_3_0_int_int_int_int_int_local_input_we1         |  out|    1|   ap_memory|    pool_ap_fixed_ap_fixed_8_5_5_3_0_int_int_int_int_int_local_input|         array|
|pool_ap_fixed_ap_fixed_8_5_5_3_0_int_int_int_int_int_local_input_d1          |  out|    8|   ap_memory|    pool_ap_fixed_ap_fixed_8_5_5_3_0_int_int_int_int_int_local_input|         array|
|pool_ap_fixed_ap_fixed_8_5_5_3_0_int_int_int_int_int_local_input_q1          |   in|    8|   ap_memory|    pool_ap_fixed_ap_fixed_8_5_5_3_0_int_int_int_int_int_local_input|         array|
+-----------------------------------------------------------------------------+-----+-----+------------+--------------------------------------------------------------------+--------------+

============================================================
+ Verbose Summary: Synthesis Manager
============================================================
InlineROM: 1
ExposeGlobal: 0
============================================================
+ Verbose Summary: CDFG Model
============================================================
IsTopModel: 0
ResetActiveHigh: 1
IsCombinational: 2
IsDatapathOnly: 2
HasWiredReturn: 1
HasMFsm: 0
HasVarLatency: 1
IsPipeline: 0
IsRtlPipelined: 0
IsInstanceOverlapped: 0
IsDontTouch: 0
HasImplIP: 0
IsGatedGlobalClock: 0


============================================================
+ Verbose Summary: Schedule
============================================================
* Number of FSM states : 18
* Pipeline : 0
* Dataflow Pipeline: 0

* FSM state transitions: 
1 --> 2 
2 --> 3 
3 --> 4 
4 --> 5 
5 --> 6 
6 --> 7 
7 --> 8 
8 --> 9 
9 --> 10 
10 --> 11 
11 --> 12 
12 --> 13 
13 --> 14 
14 --> 15 
15 --> 16 
16 --> 17 
17 --> 18 
18 --> 

* FSM state operations: 

State 1 <SV = 0> <Delay = 8.75>
ST_1 : Operation 19 [1/1] (0.00ns)   --->   "%input_read = read i64 @_ssdm_op_Read.ap_auto.i64, i64 %input_r" [../src/pool.cpp:4]   --->   Operation 19 'read' 'input_read' <Predicate = true> <Delay = 0.00>
ST_1 : Operation 20 [1/1] (0.00ns)   --->   "%gmem0_addr = getelementptr i8 %gmem0, i64 %input_read" [../src/pool.cpp:17]   --->   Operation 20 'getelementptr' 'gmem0_addr' <Predicate = true> <Delay = 0.00>
ST_1 : Operation 21 [8/8] (8.75ns)   --->   "%empty = readreq i1 @_ssdm_op_ReadReq.m_axi.p1i8, i64 %gmem0_addr, i64 3136" [../src/pool.cpp:17]   --->   Operation 21 'readreq' 'empty' <Predicate = true> <Delay = 8.75> <CoreInst = "m_axi">   --->   Core 111 'm_axi' <Latency = 6> <II = 1> <Delay = 1.00> <Adapter> <Opcode : 'readrequnaligned' 'writerequnaligned' 'read' 'write' 'readreq' 'writereq' 'writeresp'>

State 2 <SV = 1> <Delay = 0.00>
ST_2 : Operation 22 [7/8] (8.75ns)   --->   "%empty = readreq i1 @_ssdm_op_ReadReq.m_axi.p1i8, i64 %gmem0_addr, i64 3136" [../src/pool.cpp:17]   --->   Operation 22 'readreq' 'empty' <Predicate = true> <Delay = 8.75> <CoreInst = "m_axi">   --->   Core 111 'm_axi' <Latency = 6> <II = 1> <Delay = 1.00> <Adapter> <Opcode : 'readrequnaligned' 'writerequnaligned' 'read' 'write' 'readreq' 'writereq' 'writeresp'>

State 3 <SV = 2> <Delay = 0.00>
ST_3 : Operation 23 [6/8] (8.75ns)   --->   "%empty = readreq i1 @_ssdm_op_ReadReq.m_axi.p1i8, i64 %gmem0_addr, i64 3136" [../src/pool.cpp:17]   --->   Operation 23 'readreq' 'empty' <Predicate = true> <Delay = 8.75> <CoreInst = "m_axi">   --->   Core 111 'm_axi' <Latency = 6> <II = 1> <Delay = 1.00> <Adapter> <Opcode : 'readrequnaligned' 'writerequnaligned' 'read' 'write' 'readreq' 'writereq' 'writeresp'>

State 4 <SV = 3> <Delay = 0.00>
ST_4 : Operation 24 [5/8] (8.75ns)   --->   "%empty = readreq i1 @_ssdm_op_ReadReq.m_axi.p1i8, i64 %gmem0_addr, i64 3136" [../src/pool.cpp:17]   --->   Operation 24 'readreq' 'empty' <Predicate = true> <Delay = 8.75> <CoreInst = "m_axi">   --->   Core 111 'm_axi' <Latency = 6> <II = 1> <Delay = 1.00> <Adapter> <Opcode : 'readrequnaligned' 'writerequnaligned' 'read' 'write' 'readreq' 'writereq' 'writeresp'>

State 5 <SV = 4> <Delay = 0.00>
ST_5 : Operation 25 [4/8] (8.75ns)   --->   "%empty = readreq i1 @_ssdm_op_ReadReq.m_axi.p1i8, i64 %gmem0_addr, i64 3136" [../src/pool.cpp:17]   --->   Operation 25 'readreq' 'empty' <Predicate = true> <Delay = 8.75> <CoreInst = "m_axi">   --->   Core 111 'm_axi' <Latency = 6> <II = 1> <Delay = 1.00> <Adapter> <Opcode : 'readrequnaligned' 'writerequnaligned' 'read' 'write' 'readreq' 'writereq' 'writeresp'>

State 6 <SV = 5> <Delay = 0.00>
ST_6 : Operation 26 [3/8] (8.75ns)   --->   "%empty = readreq i1 @_ssdm_op_ReadReq.m_axi.p1i8, i64 %gmem0_addr, i64 3136" [../src/pool.cpp:17]   --->   Operation 26 'readreq' 'empty' <Predicate = true> <Delay = 8.75> <CoreInst = "m_axi">   --->   Core 111 'm_axi' <Latency = 6> <II = 1> <Delay = 1.00> <Adapter> <Opcode : 'readrequnaligned' 'writerequnaligned' 'read' 'write' 'readreq' 'writereq' 'writeresp'>

State 7 <SV = 6> <Delay = 0.00>
ST_7 : Operation 27 [2/8] (8.75ns)   --->   "%empty = readreq i1 @_ssdm_op_ReadReq.m_axi.p1i8, i64 %gmem0_addr, i64 3136" [../src/pool.cpp:17]   --->   Operation 27 'readreq' 'empty' <Predicate = true> <Delay = 8.75> <CoreInst = "m_axi">   --->   Core 111 'm_axi' <Latency = 6> <II = 1> <Delay = 1.00> <Adapter> <Opcode : 'readrequnaligned' 'writerequnaligned' 'read' 'write' 'readreq' 'writereq' 'writeresp'>

State 8 <SV = 7> <Delay = 8.75>
ST_8 : Operation 28 [1/8] ( I:8.75ns O:8.75ns )   --->   "%empty = readreq i1 @_ssdm_op_ReadReq.m_axi.p1i8, i64 %gmem0_addr, i64 3136" [../src/pool.cpp:17]   --->   Operation 28 'readreq' 'empty' <Predicate = true> <Delay = 8.75> <CoreInst = "m_axi">   --->   Core 111 'm_axi' <Latency = 6> <II = 1> <Delay = 1.00> <Adapter> <Opcode : 'readrequnaligned' 'writerequnaligned' 'read' 'write' 'readreq' 'writereq' 'writeresp'>

State 9 <SV = 8> <Delay = 0.00>
ST_9 : Operation 29 [2/2] (0.00ns)   --->   "%call_ln4 = call void @pool.1_Pipeline_LOAD_POOL, i8 %gmem0, i64 %input_read, i8 %pool_ap_fixed_ap_fixed_8_5_5_3_0_int_int_int_int_int_local_input_4, i8 %pool_ap_fixed_ap_fixed_8_5_5_3_0_int_int_int_int_int_local_input_3, i8 %pool_ap_fixed_ap_fixed_8_5_5_3_0_int_int_int_int_int_local_input_2, i8 %pool_ap_fixed_ap_fixed_8_5_5_3_0_int_int_int_int_int_local_input_1, i8 %pool_ap_fixed_ap_fixed_8_5_5_3_0_int_int_int_int_int_local_input" [../src/pool.cpp:4]   --->   Operation 29 'call' 'call_ln4' <Predicate = true> <Delay = 0.00> <CoreType = "Generic">   --->   Generic Core

State 10 <SV = 9> <Delay = 0.00>
ST_10 : Operation 30 [1/2] (0.00ns)   --->   "%call_ln4 = call void @pool.1_Pipeline_LOAD_POOL, i8 %gmem0, i64 %input_read, i8 %pool_ap_fixed_ap_fixed_8_5_5_3_0_int_int_int_int_int_local_input_4, i8 %pool_ap_fixed_ap_fixed_8_5_5_3_0_int_int_int_int_int_local_input_3, i8 %pool_ap_fixed_ap_fixed_8_5_5_3_0_int_int_int_int_int_local_input_2, i8 %pool_ap_fixed_ap_fixed_8_5_5_3_0_int_int_int_int_int_local_input_1, i8 %pool_ap_fixed_ap_fixed_8_5_5_3_0_int_int_int_int_int_local_input" [../src/pool.cpp:4]   --->   Operation 30 'call' 'call_ln4' <Predicate = true> <Delay = 0.00> <CoreType = "Generic">   --->   Generic Core

State 11 <SV = 10> <Delay = 8.75>
ST_11 : Operation 31 [1/1] (0.00ns)   --->   "%outputPool_read = read i64 @_ssdm_op_Read.ap_auto.i64, i64 %outputPool" [../src/pool.cpp:4]   --->   Operation 31 'read' 'outputPool_read' <Predicate = true> <Delay = 0.00>
ST_11 : Operation 32 [1/1] (0.00ns)   --->   "%gmem0_addr_2 = getelementptr i8 %gmem0, i64 %outputPool_read" [../src/pool.cpp:23]   --->   Operation 32 'getelementptr' 'gmem0_addr_2' <Predicate = true> <Delay = 0.00>
ST_11 : Operation 33 [1/1] ( I:8.75ns O:8.75ns )   --->   "%empty_76 = writereq i1 @_ssdm_op_WriteReq.m_axi.p1i8, i64 %gmem0_addr_2, i64 784" [../src/pool.cpp:23]   --->   Operation 33 'writereq' 'empty_76' <Predicate = true> <Delay = 8.75> <CoreInst = "m_axi">   --->   Core 111 'm_axi' <Latency = 9> <II = 1> <Delay = 1.00> <Adapter> <Opcode : 'readrequnaligned' 'writerequnaligned' 'read' 'write' 'readreq' 'writereq' 'writeresp'>

State 12 <SV = 11> <Delay = 0.00>
ST_12 : Operation 34 [2/2] (0.00ns)   --->   "%call_ln4 = call void @pool.1_Pipeline_CO_LOOP_H_LOOP_W_LOOP, i8 %gmem0, i64 %outputPool_read, i8 %pool_ap_fixed_ap_fixed_8_5_5_3_0_int_int_int_int_int_local_input_4, i8 %pool_ap_fixed_ap_fixed_8_5_5_3_0_int_int_int_int_int_local_input_3, i8 %pool_ap_fixed_ap_fixed_8_5_5_3_0_int_int_int_int_int_local_input_2, i8 %pool_ap_fixed_ap_fixed_8_5_5_3_0_int_int_int_int_int_local_input_1, i8 %pool_ap_fixed_ap_fixed_8_5_5_3_0_int_int_int_int_int_local_input" [../src/pool.cpp:4]   --->   Operation 34 'call' 'call_ln4' <Predicate = true> <Delay = 0.00> <CoreType = "Generic">   --->   Generic Core

State 13 <SV = 12> <Delay = 0.00>
ST_13 : Operation 35 [1/2] (0.00ns)   --->   "%call_ln4 = call void @pool.1_Pipeline_CO_LOOP_H_LOOP_W_LOOP, i8 %gmem0, i64 %outputPool_read, i8 %pool_ap_fixed_ap_fixed_8_5_5_3_0_int_int_int_int_int_local_input_4, i8 %pool_ap_fixed_ap_fixed_8_5_5_3_0_int_int_int_int_int_local_input_3, i8 %pool_ap_fixed_ap_fixed_8_5_5_3_0_int_int_int_int_int_local_input_2, i8 %pool_ap_fixed_ap_fixed_8_5_5_3_0_int_int_int_int_int_local_input_1, i8 %pool_ap_fixed_ap_fixed_8_5_5_3_0_int_int_int_int_int_local_input" [../src/pool.cpp:4]   --->   Operation 35 'call' 'call_ln4' <Predicate = true> <Delay = 0.00> <CoreType = "Generic">   --->   Generic Core

State 14 <SV = 13> <Delay = 0.00>
ST_14 : Operation 36 [5/5] (8.75ns)   --->   "%empty_77 = writeresp i1 @_ssdm_op_WriteResp.m_axi.p1i8, i64 %gmem0_addr_2" [../src/pool.cpp:44]   --->   Operation 36 'writeresp' 'empty_77' <Predicate = true> <Delay = 8.75> <CoreInst = "m_axi">   --->   Core 111 'm_axi' <Latency = 3> <II = 1> <Delay = 1.00> <Adapter> <Opcode : 'readrequnaligned' 'writerequnaligned' 'read' 'write' 'readreq' 'writereq' 'writeresp'>

State 15 <SV = 14> <Delay = 0.00>
ST_15 : Operation 37 [4/5] (8.75ns)   --->   "%empty_77 = writeresp i1 @_ssdm_op_WriteResp.m_axi.p1i8, i64 %gmem0_addr_2" [../src/pool.cpp:44]   --->   Operation 37 'writeresp' 'empty_77' <Predicate = true> <Delay = 8.75> <CoreInst = "m_axi">   --->   Core 111 'm_axi' <Latency = 3> <II = 1> <Delay = 1.00> <Adapter> <Opcode : 'readrequnaligned' 'writerequnaligned' 'read' 'write' 'readreq' 'writereq' 'writeresp'>

State 16 <SV = 15> <Delay = 0.00>
ST_16 : Operation 38 [3/5] (8.75ns)   --->   "%empty_77 = writeresp i1 @_ssdm_op_WriteResp.m_axi.p1i8, i64 %gmem0_addr_2" [../src/pool.cpp:44]   --->   Operation 38 'writeresp' 'empty_77' <Predicate = true> <Delay = 8.75> <CoreInst = "m_axi">   --->   Core 111 'm_axi' <Latency = 3> <II = 1> <Delay = 1.00> <Adapter> <Opcode : 'readrequnaligned' 'writerequnaligned' 'read' 'write' 'readreq' 'writereq' 'writeresp'>

State 17 <SV = 16> <Delay = 0.00>
ST_17 : Operation 39 [2/5] (8.75ns)   --->   "%empty_77 = writeresp i1 @_ssdm_op_WriteResp.m_axi.p1i8, i64 %gmem0_addr_2" [../src/pool.cpp:44]   --->   Operation 39 'writeresp' 'empty_77' <Predicate = true> <Delay = 8.75> <CoreInst = "m_axi">   --->   Core 111 'm_axi' <Latency = 3> <II = 1> <Delay = 1.00> <Adapter> <Opcode : 'readrequnaligned' 'writerequnaligned' 'read' 'write' 'readreq' 'writereq' 'writeresp'>

State 18 <SV = 17> <Delay = 8.75>
ST_18 : Operation 40 [1/1] (0.00ns)   --->   "%specinterface_ln0 = specinterface void @_ssdm_op_SpecInterface, i8 %gmem0, void @empty_7, i32 0, i32 0, void @empty_8, i32 0, i32 848, void @empty_34, void @empty_20, void @empty_8, i32 16, i32 16, i32 16, i32 16, void @empty_8, void @empty_8, i32 4294967295, i32 0, i32 0, i32 1"   --->   Operation 40 'specinterface' 'specinterface_ln0' <Predicate = true> <Delay = 0.00>
ST_18 : Operation 41 [1/1] (0.00ns)   --->   "%specmemcore_ln14 = specmemcore void @_ssdm_op_SpecMemCore, i8 %pool_ap_fixed_ap_fixed_8_5_5_3_0_int_int_int_int_int_local_input, i64 666, i64 22, i64 18446744073709551615, i1 0" [../src/pool.cpp:14]   --->   Operation 41 'specmemcore' 'specmemcore_ln14' <Predicate = true> <Delay = 0.00>
ST_18 : Operation 42 [1/1] (0.00ns)   --->   "%specmemcore_ln14 = specmemcore void @_ssdm_op_SpecMemCore, i8 %pool_ap_fixed_ap_fixed_8_5_5_3_0_int_int_int_int_int_local_input_1, i64 666, i64 22, i64 18446744073709551615, i1 0" [../src/pool.cpp:14]   --->   Operation 42 'specmemcore' 'specmemcore_ln14' <Predicate = true> <Delay = 0.00>
ST_18 : Operation 43 [1/1] (0.00ns)   --->   "%specmemcore_ln14 = specmemcore void @_ssdm_op_SpecMemCore, i8 %pool_ap_fixed_ap_fixed_8_5_5_3_0_int_int_int_int_int_local_input_2, i64 666, i64 22, i64 18446744073709551615, i1 0" [../src/pool.cpp:14]   --->   Operation 43 'specmemcore' 'specmemcore_ln14' <Predicate = true> <Delay = 0.00>
ST_18 : Operation 44 [1/1] (0.00ns)   --->   "%specmemcore_ln14 = specmemcore void @_ssdm_op_SpecMemCore, i8 %pool_ap_fixed_ap_fixed_8_5_5_3_0_int_int_int_int_int_local_input_3, i64 666, i64 22, i64 18446744073709551615, i1 0" [../src/pool.cpp:14]   --->   Operation 44 'specmemcore' 'specmemcore_ln14' <Predicate = true> <Delay = 0.00>
ST_18 : Operation 45 [1/1] (0.00ns)   --->   "%specmemcore_ln14 = specmemcore void @_ssdm_op_SpecMemCore, i8 %pool_ap_fixed_ap_fixed_8_5_5_3_0_int_int_int_int_int_local_input_4, i64 666, i64 22, i64 18446744073709551615, i1 0" [../src/pool.cpp:14]   --->   Operation 45 'specmemcore' 'specmemcore_ln14' <Predicate = true> <Delay = 0.00>
ST_18 : Operation 46 [1/5] ( I:8.75ns O:8.75ns )   --->   "%empty_77 = writeresp i1 @_ssdm_op_WriteResp.m_axi.p1i8, i64 %gmem0_addr_2" [../src/pool.cpp:44]   --->   Operation 46 'writeresp' 'empty_77' <Predicate = true> <Delay = 8.75> <CoreInst = "m_axi">   --->   Core 111 'm_axi' <Latency = 3> <II = 1> <Delay = 1.00> <Adapter> <Opcode : 'readrequnaligned' 'writerequnaligned' 'read' 'write' 'readreq' 'writereq' 'writeresp'>
ST_18 : Operation 47 [1/1] (0.00ns)   --->   "%ret_ln44 = ret" [../src/pool.cpp:44]   --->   Operation 47 'ret' 'ret_ln44' <Predicate = true> <Delay = 0.00>


============================================================
+ Verbose Summary: Binding
============================================================
STG Binding: 
---------------- STG Properties BEGIN ----------------
- Is combinational: 0
- Is one-state seq: 0
- Is datapath-only: 0
- Is pipelined: 0
- Is top level: 0
Port [ Return ] is wired: 1; IO mode=ap_ctrl_hs:ce=0
Port [ gmem0]:  wired=1; compound=1; hidden=0; nouse=0; global=0; static=0; extern=0; dir=2; type=4; pingpong=0; private_global=0; IO mode=m_axi:ce=0
Port [ input_r]:  wired=1; compound=0; hidden=0; nouse=0; global=0; static=0; extern=0; dir=0; type=0; pingpong=0; private_global=0; IO mode=ap_none:ce=0
Port [ outputPool]:  wired=1; compound=0; hidden=0; nouse=0; global=0; static=0; extern=0; dir=0; type=0; pingpong=0; private_global=0; IO mode=ap_none:ce=0
Port [ pool_ap_fixed_ap_fixed_8_5_5_3_0_int_int_int_int_int_local_input_4]:  wired=1; compound=1; hidden=0; nouse=0; global=1; static=1; extern=0; dir=2; type=1; pingpong=0; private_global=0; MemPort=[12]; IO mode=ap_memory:ce=0
Port [ pool_ap_fixed_ap_fixed_8_5_5_3_0_int_int_int_int_int_local_input_3]:  wired=1; compound=1; hidden=0; nouse=0; global=1; static=1; extern=0; dir=2; type=1; pingpong=0; private_global=0; MemPort=[12]; IO mode=ap_memory:ce=0
Port [ pool_ap_fixed_ap_fixed_8_5_5_3_0_int_int_int_int_int_local_input_2]:  wired=1; compound=1; hidden=0; nouse=0; global=1; static=1; extern=0; dir=2; type=1; pingpong=0; private_global=0; MemPort=[12]; IO mode=ap_memory:ce=0
Port [ pool_ap_fixed_ap_fixed_8_5_5_3_0_int_int_int_int_int_local_input_1]:  wired=1; compound=1; hidden=0; nouse=0; global=1; static=1; extern=0; dir=2; type=1; pingpong=0; private_global=0; MemPort=[12]; IO mode=ap_memory:ce=0
Port [ pool_ap_fixed_ap_fixed_8_5_5_3_0_int_int_int_int_int_local_input]:  wired=1; compound=1; hidden=0; nouse=0; global=1; static=1; extern=0; dir=2; type=1; pingpong=0; private_global=0; MemPort=[12]; IO mode=ap_memory:ce=0
---------------- STG Properties END ------------------

---------------- Datapath Model BEGIN ----------------

<LifeTime>
<method=bitvector/>
input_read        (read         ) [ 0011111111100000000]
gmem0_addr        (getelementptr) [ 0011111110000000000]
empty             (readreq      ) [ 0000000000000000000]
call_ln4          (call         ) [ 0000000000000000000]
outputPool_read   (read         ) [ 0000000000001100000]
gmem0_addr_2      (getelementptr) [ 0000000000001111111]
empty_76          (writereq     ) [ 0000000000000000000]
call_ln4          (call         ) [ 0000000000000000000]
specinterface_ln0 (specinterface) [ 0000000000000000000]
specmemcore_ln14  (specmemcore  ) [ 0000000000000000000]
specmemcore_ln14  (specmemcore  ) [ 0000000000000000000]
specmemcore_ln14  (specmemcore  ) [ 0000000000000000000]
specmemcore_ln14  (specmemcore  ) [ 0000000000000000000]
specmemcore_ln14  (specmemcore  ) [ 0000000000000000000]
empty_77          (writeresp    ) [ 0000000000000000000]
ret_ln44          (ret          ) [ 0000000000000000000]
</LifeTime>

<model>

<comp_list>
<comp id="0" class="1000" name="gmem0">
<pin_list>
<pin id="1" dir="1" index="0" bw="1" slack="0"/>
</pin_list>
<bind>
<StgValue><ssdm name="gmem0"/><MemPortTyVec>2 </MemPortTyVec>
</StgValue>
</bind>
</comp>

<comp id="2" class="1000" name="input_r">
<pin_list>
<pin id="3" dir="1" index="0" bw="1" slack="0"/>
</pin_list>
<bind>
<StgValue><ssdm name="input_r"/></StgValue>
</bind>
</comp>

<comp id="4" class="1000" name="outputPool">
<pin_list>
<pin id="5" dir="1" index="0" bw="1" slack="0"/>
</pin_list>
<bind>
<StgValue><ssdm name="outputPool"/></StgValue>
</bind>
</comp>

<comp id="6" class="1000" name="pool_ap_fixed_ap_fixed_8_5_5_3_0_int_int_int_int_int_local_input_4">
<pin_list>
<pin id="7" dir="1" index="0" bw="1" slack="0"/>
</pin_list>
<bind>
<StgValue><ssdm name="pool_ap_fixed_ap_fixed_8_5_5_3_0_int_int_int_int_int_local_input_4"/><MemPortTyVec>1 2 </MemPortTyVec>
</StgValue>
</bind>
</comp>

<comp id="8" class="1000" name="pool_ap_fixed_ap_fixed_8_5_5_3_0_int_int_int_int_int_local_input_3">
<pin_list>
<pin id="9" dir="1" index="0" bw="1" slack="0"/>
</pin_list>
<bind>
<StgValue><ssdm name="pool_ap_fixed_ap_fixed_8_5_5_3_0_int_int_int_int_int_local_input_3"/><MemPortTyVec>1 2 </MemPortTyVec>
</StgValue>
</bind>
</comp>

<comp id="10" class="1000" name="pool_ap_fixed_ap_fixed_8_5_5_3_0_int_int_int_int_int_local_input_2">
<pin_list>
<pin id="11" dir="1" index="0" bw="1" slack="0"/>
</pin_list>
<bind>
<StgValue><ssdm name="pool_ap_fixed_ap_fixed_8_5_5_3_0_int_int_int_int_int_local_input_2"/><MemPortTyVec>1 2 </MemPortTyVec>
</StgValue>
</bind>
</comp>

<comp id="12" class="1000" name="pool_ap_fixed_ap_fixed_8_5_5_3_0_int_int_int_int_int_local_input_1">
<pin_list>
<pin id="13" dir="1" index="0" bw="1" slack="0"/>
</pin_list>
<bind>
<StgValue><ssdm name="pool_ap_fixed_ap_fixed_8_5_5_3_0_int_int_int_int_int_local_input_1"/><MemPortTyVec>1 2 </MemPortTyVec>
</StgValue>
</bind>
</comp>

<comp id="14" class="1000" name="pool_ap_fixed_ap_fixed_8_5_5_3_0_int_int_int_int_int_local_input">
<pin_list>
<pin id="15" dir="1" index="0" bw="1" slack="0"/>
</pin_list>
<bind>
<StgValue><ssdm name="pool_ap_fixed_ap_fixed_8_5_5_3_0_int_int_int_int_int_local_input"/><MemPortTyVec>1 2 </MemPortTyVec>
</StgValue>
</bind>
</comp>

<comp id="16" class="1001" name="const_16">
<pin_list>
<pin id="17" dir="1" index="0" bw="1" slack="0"/>
</pin_list>
<bind>
<StgValue><ssdm name="_ssdm_op_Read.ap_auto.i64"/></StgValue>
</bind>
</comp>

<comp id="18" class="1001" name="const_18">
<pin_list>
<pin id="19" dir="1" index="0" bw="1" slack="0"/>
</pin_list>
<bind>
<StgValue><ssdm name="_ssdm_op_ReadReq.m_axi.p1i8"/></StgValue>
</bind>
</comp>

<comp id="20" class="1001" name="const_20">
<pin_list>
<pin id="21" dir="1" index="0" bw="1" slack="0"/>
</pin_list>
<bind>
<StgValue><ssdm name=""/></StgValue>
</bind>
</comp>

<comp id="22" class="1001" name="const_22">
<pin_list>
<pin id="23" dir="1" index="0" bw="1" slack="0"/>
</pin_list>
<bind>
<StgValue><ssdm name="pool.1_Pipeline_LOAD_POOL"/></StgValue>
</bind>
</comp>

<comp id="24" class="1001" name="const_24">
<pin_list>
<pin id="25" dir="1" index="0" bw="1" slack="0"/>
</pin_list>
<bind>
<StgValue><ssdm name="_ssdm_op_WriteReq.m_axi.p1i8"/></StgValue>
</bind>
</comp>

<comp id="26" class="1001" name="const_26">
<pin_list>
<pin id="27" dir="1" index="0" bw="1" slack="0"/>
</pin_list>
<bind>
<StgValue><ssdm name=""/></StgValue>
</bind>
</comp>

<comp id="28" class="1001" name="const_28">
<pin_list>
<pin id="29" dir="1" index="0" bw="1" slack="0"/>
</pin_list>
<bind>
<StgValue><ssdm name="pool.1_Pipeline_CO_LOOP_H_LOOP_W_LOOP"/></StgValue>
</bind>
</comp>

<comp id="30" class="1001" name="const_30">
<pin_list>
<pin id="31" dir="1" index="0" bw="1" slack="0"/>
</pin_list>
<bind>
<StgValue><ssdm name="_ssdm_op_WriteResp.m_axi.p1i8"/></StgValue>
</bind>
</comp>

<comp id="32" class="1001" name="const_32">
<pin_list>
<pin id="33" dir="1" index="0" bw="1" slack="2147483647"/>
</pin_list>
<bind>
<StgValue><ssdm name="_ssdm_op_SpecInterface"/></StgValue>
</bind>
</comp>

<comp id="34" class="1001" name="const_34">
<pin_list>
<pin id="35" dir="1" index="0" bw="1" slack="2147483647"/>
</pin_list>
<bind>
<StgValue><ssdm name="empty_7"/></StgValue>
</bind>
</comp>

<comp id="36" class="1001" name="const_36">
<pin_list>
<pin id="37" dir="1" index="0" bw="1" slack="2147483647"/>
</pin_list>
<bind>
<StgValue><ssdm name=""/></StgValue>
</bind>
</comp>

<comp id="38" class="1001" name="const_38">
<pin_list>
<pin id="39" dir="1" index="0" bw="1" slack="2147483647"/>
</pin_list>
<bind>
<StgValue><ssdm name="empty_8"/></StgValue>
</bind>
</comp>

<comp id="40" class="1001" name="const_40">
<pin_list>
<pin id="41" dir="1" index="0" bw="1" slack="2147483647"/>
</pin_list>
<bind>
<StgValue><ssdm name=""/></StgValue>
</bind>
</comp>

<comp id="42" class="1001" name="const_42">
<pin_list>
<pin id="43" dir="1" index="0" bw="1" slack="2147483647"/>
</pin_list>
<bind>
<StgValue><ssdm name="empty_34"/></StgValue>
</bind>
</comp>

<comp id="44" class="1001" name="const_44">
<pin_list>
<pin id="45" dir="1" index="0" bw="1" slack="2147483647"/>
</pin_list>
<bind>
<StgValue><ssdm name="empty_20"/></StgValue>
</bind>
</comp>

<comp id="46" class="1001" name="const_46">
<pin_list>
<pin id="47" dir="1" index="0" bw="1" slack="2147483647"/>
</pin_list>
<bind>
<StgValue><ssdm name=""/></StgValue>
</bind>
</comp>

<comp id="48" class="1001" name="const_48">
<pin_list>
<pin id="49" dir="1" index="0" bw="1" slack="2147483647"/>
</pin_list>
<bind>
<StgValue><ssdm name=""/></StgValue>
</bind>
</comp>

<comp id="50" class="1001" name="const_50">
<pin_list>
<pin id="51" dir="1" index="0" bw="1" slack="2147483647"/>
</pin_list>
<bind>
<StgValue><ssdm name=""/></StgValue>
</bind>
</comp>

<comp id="52" class="1001" name="const_52">
<pin_list>
<pin id="53" dir="1" index="0" bw="1" slack="2147483647"/>
</pin_list>
<bind>
<StgValue><ssdm name="_ssdm_op_SpecMemCore"/></StgValue>
</bind>
</comp>

<comp id="54" class="1001" name="const_54">
<pin_list>
<pin id="55" dir="1" index="0" bw="1" slack="2147483647"/>
</pin_list>
<bind>
<StgValue><ssdm name=""/></StgValue>
</bind>
</comp>

<comp id="56" class="1001" name="const_56">
<pin_list>
<pin id="57" dir="1" index="0" bw="1" slack="2147483647"/>
</pin_list>
<bind>
<StgValue><ssdm name=""/></StgValue>
</bind>
</comp>

<comp id="58" class="1001" name="const_58">
<pin_list>
<pin id="59" dir="1" index="0" bw="1" slack="2147483647"/>
</pin_list>
<bind>
<StgValue><ssdm name=""/></StgValue>
</bind>
</comp>

<comp id="60" class="1001" name="const_60">
<pin_list>
<pin id="61" dir="1" index="0" bw="1" slack="2147483647"/>
</pin_list>
<bind>
<StgValue><ssdm name=""/></StgValue>
</bind>
</comp>

<comp id="62" class="1004" name="input_read_read_fu_62">
<pin_list>
<pin id="63" dir="0" index="0" bw="64" slack="0"/>
<pin id="64" dir="0" index="1" bw="64" slack="0"/>
<pin id="65" dir="1" index="2" bw="64" slack="0"/>
</pin_list>
<bind>
<opcode="read(1150) " fcode="read"/>
<opset="input_read/1 "/>
</bind>
</comp>

<comp id="68" class="1004" name="outputPool_read_read_fu_68">
<pin_list>
<pin id="69" dir="0" index="0" bw="64" slack="0"/>
<pin id="70" dir="0" index="1" bw="64" slack="0"/>
<pin id="71" dir="1" index="2" bw="64" slack="0"/>
</pin_list>
<bind>
<opcode="read(1150) " fcode="read"/>
<opset="outputPool_read/11 "/>
</bind>
</comp>

<comp id="74" class="1004" name="grp_readreq_fu_74">
<pin_list>
<pin id="75" dir="0" index="0" bw="1" slack="0"/>
<pin id="76" dir="0" index="1" bw="8" slack="0"/>
<pin id="77" dir="0" index="2" bw="13" slack="0"/>
<pin id="78" dir="1" index="3" bw="1" slack="2147483647"/>
</pin_list>
<bind>
<opcode="readreq(1154) " fcode="readreq"/>
<opset="empty/1 "/>
</bind>
</comp>

<comp id="81" class="1004" name="empty_76_writereq_fu_81">
<pin_list>
<pin id="82" dir="0" index="0" bw="1" slack="0"/>
<pin id="83" dir="0" index="1" bw="8" slack="0"/>
<pin id="84" dir="0" index="2" bw="11" slack="0"/>
<pin id="85" dir="1" index="3" bw="1" slack="2147483647"/>
</pin_list>
<bind>
<opcode="writereq(1155) " fcode="writereq"/>
<opset="empty_76/11 "/>
</bind>
</comp>

<comp id="88" class="1004" name="grp_writeresp_fu_88">
<pin_list>
<pin id="89" dir="0" index="0" bw="1" slack="0"/>
<pin id="90" dir="0" index="1" bw="8" slack="3"/>
<pin id="91" dir="1" index="2" bw="1" slack="2147483647"/>
</pin_list>
<bind>
<opcode="writeresp(1158) " fcode="writeresp"/>
<opset="empty_77/14 "/>
</bind>
</comp>

<comp id="93" class="1004" name="grp_pool_1_Pipeline_LOAD_POOL_fu_93">
<pin_list>
<pin id="94" dir="0" index="0" bw="0" slack="0"/>
<pin id="95" dir="0" index="1" bw="8" slack="0"/>
<pin id="96" dir="0" index="2" bw="64" slack="8"/>
<pin id="97" dir="0" index="3" bw="8" slack="0"/>
<pin id="98" dir="0" index="4" bw="8" slack="0"/>
<pin id="99" dir="0" index="5" bw="8" slack="0"/>
<pin id="100" dir="0" index="6" bw="8" slack="0"/>
<pin id="101" dir="0" index="7" bw="8" slack="0"/>
<pin id="102" dir="1" index="8" bw="0" slack="2147483647"/>
</pin_list>
<bind>
<opcode="call(48) " fcode="call"/>
<opset="call_ln4/9 "/>
</bind>
</comp>

<comp id="110" class="1004" name="grp_pool_1_Pipeline_CO_LOOP_H_LOOP_W_LOOP_fu_110">
<pin_list>
<pin id="111" dir="0" index="0" bw="0" slack="0"/>
<pin id="112" dir="0" index="1" bw="8" slack="0"/>
<pin id="113" dir="0" index="2" bw="64" slack="1"/>
<pin id="114" dir="0" index="3" bw="8" slack="0"/>
<pin id="115" dir="0" index="4" bw="8" slack="0"/>
<pin id="116" dir="0" index="5" bw="8" slack="0"/>
<pin id="117" dir="0" index="6" bw="8" slack="0"/>
<pin id="118" dir="0" index="7" bw="8" slack="0"/>
<pin id="119" dir="1" index="8" bw="0" slack="2147483647"/>
</pin_list>
<bind>
<opcode="call(48) " fcode="call"/>
<opset="call_ln4/12 "/>
</bind>
</comp>

<comp id="127" class="1004" name="gmem0_addr_fu_127">
<pin_list>
<pin id="128" dir="0" index="0" bw="64" slack="0"/>
<pin id="129" dir="0" index="1" bw="64" slack="0"/>
<pin id="130" dir="1" index="2" bw="64" slack="0"/>
</pin_list>
<bind>
<opcode="getelementptr(29) " fcode="getelementptr"/>
<opset="gmem0_addr/1 "/>
</bind>
</comp>

<comp id="134" class="1004" name="gmem0_addr_2_fu_134">
<pin_list>
<pin id="135" dir="0" index="0" bw="64" slack="0"/>
<pin id="136" dir="0" index="1" bw="64" slack="0"/>
<pin id="137" dir="1" index="2" bw="64" slack="0"/>
</pin_list>
<bind>
<opcode="getelementptr(29) " fcode="getelementptr"/>
<opset="gmem0_addr_2/11 "/>
</bind>
</comp>

<comp id="141" class="1005" name="input_read_reg_141">
<pin_list>
<pin id="142" dir="0" index="0" bw="64" slack="8"/>
<pin id="143" dir="1" index="1" bw="64" slack="8"/>
</pin_list>
<bind>
<opset="input_read "/>
</bind>
</comp>

<comp id="146" class="1005" name="gmem0_addr_reg_146">
<pin_list>
<pin id="147" dir="0" index="0" bw="8" slack="1"/>
<pin id="148" dir="1" index="1" bw="8" slack="1"/>
</pin_list>
<bind>
<opset="gmem0_addr "/>
</bind>
</comp>

<comp id="151" class="1005" name="outputPool_read_reg_151">
<pin_list>
<pin id="152" dir="0" index="0" bw="64" slack="1"/>
<pin id="153" dir="1" index="1" bw="64" slack="1"/>
</pin_list>
<bind>
<opset="outputPool_read "/>
</bind>
</comp>

<comp id="156" class="1005" name="gmem0_addr_2_reg_156">
<pin_list>
<pin id="157" dir="0" index="0" bw="8" slack="3"/>
<pin id="158" dir="1" index="1" bw="8" slack="3"/>
</pin_list>
<bind>
<opset="gmem0_addr_2 "/>
</bind>
</comp>

</comp_list>

<net_list>
<net id="66"><net_src comp="16" pin="0"/><net_sink comp="62" pin=0"/></net>

<net id="67"><net_src comp="2" pin="0"/><net_sink comp="62" pin=1"/></net>

<net id="72"><net_src comp="16" pin="0"/><net_sink comp="68" pin=0"/></net>

<net id="73"><net_src comp="4" pin="0"/><net_sink comp="68" pin=1"/></net>

<net id="79"><net_src comp="18" pin="0"/><net_sink comp="74" pin=0"/></net>

<net id="80"><net_src comp="20" pin="0"/><net_sink comp="74" pin=2"/></net>

<net id="86"><net_src comp="24" pin="0"/><net_sink comp="81" pin=0"/></net>

<net id="87"><net_src comp="26" pin="0"/><net_sink comp="81" pin=2"/></net>

<net id="92"><net_src comp="30" pin="0"/><net_sink comp="88" pin=0"/></net>

<net id="103"><net_src comp="22" pin="0"/><net_sink comp="93" pin=0"/></net>

<net id="104"><net_src comp="0" pin="0"/><net_sink comp="93" pin=1"/></net>

<net id="105"><net_src comp="6" pin="0"/><net_sink comp="93" pin=3"/></net>

<net id="106"><net_src comp="8" pin="0"/><net_sink comp="93" pin=4"/></net>

<net id="107"><net_src comp="10" pin="0"/><net_sink comp="93" pin=5"/></net>

<net id="108"><net_src comp="12" pin="0"/><net_sink comp="93" pin=6"/></net>

<net id="109"><net_src comp="14" pin="0"/><net_sink comp="93" pin=7"/></net>

<net id="120"><net_src comp="28" pin="0"/><net_sink comp="110" pin=0"/></net>

<net id="121"><net_src comp="0" pin="0"/><net_sink comp="110" pin=1"/></net>

<net id="122"><net_src comp="6" pin="0"/><net_sink comp="110" pin=3"/></net>

<net id="123"><net_src comp="8" pin="0"/><net_sink comp="110" pin=4"/></net>

<net id="124"><net_src comp="10" pin="0"/><net_sink comp="110" pin=5"/></net>

<net id="125"><net_src comp="12" pin="0"/><net_sink comp="110" pin=6"/></net>

<net id="126"><net_src comp="14" pin="0"/><net_sink comp="110" pin=7"/></net>

<net id="131"><net_src comp="0" pin="0"/><net_sink comp="127" pin=0"/></net>

<net id="132"><net_src comp="62" pin="2"/><net_sink comp="127" pin=1"/></net>

<net id="133"><net_src comp="127" pin="2"/><net_sink comp="74" pin=1"/></net>

<net id="138"><net_src comp="0" pin="0"/><net_sink comp="134" pin=0"/></net>

<net id="139"><net_src comp="68" pin="2"/><net_sink comp="134" pin=1"/></net>

<net id="140"><net_src comp="134" pin="2"/><net_sink comp="81" pin=1"/></net>

<net id="144"><net_src comp="62" pin="2"/><net_sink comp="141" pin=0"/></net>

<net id="145"><net_src comp="141" pin="1"/><net_sink comp="93" pin=2"/></net>

<net id="149"><net_src comp="127" pin="2"/><net_sink comp="146" pin=0"/></net>

<net id="150"><net_src comp="146" pin="1"/><net_sink comp="74" pin=1"/></net>

<net id="154"><net_src comp="68" pin="2"/><net_sink comp="151" pin=0"/></net>

<net id="155"><net_src comp="151" pin="1"/><net_sink comp="110" pin=2"/></net>

<net id="159"><net_src comp="134" pin="2"/><net_sink comp="156" pin=0"/></net>

<net id="160"><net_src comp="156" pin="1"/><net_sink comp="88" pin=1"/></net>

</net_list>

</model> 
---------------- Datapath Model END ------------------

* FSMD analyzer results:
  - Output states:
	Port: gmem0 | {11 12 13 14 15 16 17 18 }
	Port: pool_ap_fixed_ap_fixed_8_5_5_3_0_int_int_int_int_int_local_input_4 | {9 10 }
	Port: pool_ap_fixed_ap_fixed_8_5_5_3_0_int_int_int_int_int_local_input_3 | {9 10 }
	Port: pool_ap_fixed_ap_fixed_8_5_5_3_0_int_int_int_int_int_local_input_2 | {9 10 }
	Port: pool_ap_fixed_ap_fixed_8_5_5_3_0_int_int_int_int_int_local_input_1 | {9 10 }
	Port: pool_ap_fixed_ap_fixed_8_5_5_3_0_int_int_int_int_int_local_input | {9 10 }
 - Input state : 
	Port: pool.1 : gmem0 | {1 2 3 4 5 6 7 8 9 10 }
	Port: pool.1 : input_r | {1 }
	Port: pool.1 : outputPool | {11 }
	Port: pool.1 : pool_ap_fixed_ap_fixed_8_5_5_3_0_int_int_int_int_int_local_input_4 | {12 13 }
	Port: pool.1 : pool_ap_fixed_ap_fixed_8_5_5_3_0_int_int_int_int_int_local_input_3 | {12 13 }
	Port: pool.1 : pool_ap_fixed_ap_fixed_8_5_5_3_0_int_int_int_int_int_local_input_2 | {12 13 }
	Port: pool.1 : pool_ap_fixed_ap_fixed_8_5_5_3_0_int_int_int_int_int_local_input_1 | {12 13 }
	Port: pool.1 : pool_ap_fixed_ap_fixed_8_5_5_3_0_int_int_int_int_int_local_input | {12 13 }
  - Chain level:
	State 1
		empty : 1
	State 2
	State 3
	State 4
	State 5
	State 6
	State 7
	State 8
	State 9
	State 10
	State 11
		empty_76 : 1
	State 12
	State 13
	State 14
	State 15
	State 16
	State 17
	State 18


============================================================
+ Verbose Summary: Datapath Resource usage 
============================================================

* Functional unit list:
|----------|--------------------------------------------------|---------|---------|---------|---------|
| Operation|                  Functional Unit                 |   DSP   |  Delay  |    FF   |   LUT   |
|----------|--------------------------------------------------|---------|---------|---------|---------|
|   call   |        grp_pool_1_Pipeline_LOAD_POOL_fu_93       |    0    |    0    |    69   |    92   |
|          | grp_pool_1_Pipeline_CO_LOOP_H_LOOP_W_LOOP_fu_110 |    4    |  19.854 |   682   |   875   |
|----------|--------------------------------------------------|---------|---------|---------|---------|
|   read   |               input_read_read_fu_62              |    0    |    0    |    0    |    0    |
|          |            outputPool_read_read_fu_68            |    0    |    0    |    0    |    0    |
|----------|--------------------------------------------------|---------|---------|---------|---------|
|  readreq |                 grp_readreq_fu_74                |    0    |    0    |    0    |    0    |
|----------|--------------------------------------------------|---------|---------|---------|---------|
| writereq |              empty_76_writereq_fu_81             |    0    |    0    |    0    |    0    |
|----------|--------------------------------------------------|---------|---------|---------|---------|
| writeresp|                grp_writeresp_fu_88               |    0    |    0    |    0    |    0    |
|----------|--------------------------------------------------|---------|---------|---------|---------|
|   Total  |                                                  |    4    |  19.854 |   751   |   967   |
|----------|--------------------------------------------------|---------|---------|---------|---------|

Memories:
N/A

* Register list:
+-----------------------+--------+
|                       |   FF   |
+-----------------------+--------+
|  gmem0_addr_2_reg_156 |    8   |
|   gmem0_addr_reg_146  |    8   |
|   input_read_reg_141  |   64   |
|outputPool_read_reg_151|   64   |
+-----------------------+--------+
|         Total         |   144  |
+-----------------------+--------+

* Multiplexer (MUX) list: 
|-------------------|------|------|------|--------||---------||---------||---------|
|        Comp       |  Pin | Size |  BW  | S x BW ||  Delay  ||    FF   ||   LUT   |
|-------------------|------|------|------|--------||---------||---------||---------|
| grp_readreq_fu_74 |  p1  |   2  |   8  |   16   ||    0    ||    9    |
|-------------------|------|------|------|--------||---------||---------||---------|
|       Total       |      |      |      |   16   ||  1.588  ||    0    ||    9    |
|-------------------|------|------|------|--------||---------||---------||---------|



* Summary:
+-----------+--------+--------+--------+--------+
|           |   DSP  |  Delay |   FF   |   LUT  |
+-----------+--------+--------+--------+--------+
|  Function |    4   |   19   |   751  |   967  |
|   Memory  |    -   |    -   |    -   |    -   |
|Multiplexer|    -   |    1   |    0   |    9   |
|  Register |    -   |    -   |   144  |    -   |
+-----------+--------+--------+--------+--------+
|   Total   |    4   |   21   |   895  |   976  |
+-----------+--------+--------+--------+--------+
