

================================================================
== Vitis HLS Report for 'pool_Pipeline_LOAD_POOL'
================================================================
* Date:           Sat Mar  7 18:28:20 2026

* Version:        2025.2 (Build 6295257 on Nov 14 2025)
* Project:        top
* Solution:       hls (Vivado IP Flow Target)
* Product family: zynq
* Target device:  xc7z020-clg484-1


================================================================
== Performance Estimates
================================================================
+ Timing: 
    * Summary: 
    +--------+----------+----------+------------+
    |  Clock |  Target  | Estimated| Uncertainty|
    +--------+----------+----------+------------+
    |ap_clk  |  10.00 ns|  8.750 ns|     1.25 ns|
    +--------+----------+----------+------------+

+ Latency: 
    * Summary: 
    +---------+---------+-----------+-----------+-----+-----+-------------------+
    |  Latency (cycles) |   Latency (absolute)  |  Interval |      Pipeline     |
    |   min   |   max   |    min    |    max    | min | max |        Type       |
    +---------+---------+-----------+-----------+-----+-----+-------------------+
    |     6275|     6275|  62.750 us|  62.750 us|    0|    0|  loop pipeline stp|
    +---------+---------+-----------+-----------+-----+-----+-------------------+

    + Detail: 
        * Instance: 
        N/A

        * Loop: 
        +-------------+---------+---------+----------+-----------+-----------+------+----------+
        |             |  Latency (cycles) | Iteration|  Initiation Interval  | Trip |          |
        |  Loop Name  |   min   |   max   |  Latency |  achieved |   target  | Count| Pipelined|
        +-------------+---------+---------+----------+-----------+-----------+------+----------+
        |- LOAD_POOL  |     6273|     6273|         3|          1|          1|  6272|       yes|
        +-------------+---------+---------+----------+-----------+-----------+------+----------+

============================================================
+ Verbose Summary: Synthesis Manager
============================================================
InlineROM: 1
ExposeGlobal: 0
============================================================
+ Verbose Summary: CDFG Model
============================================================
IsTopModel: 0
ResetActiveHigh: 1
IsCombinational: 0
IsDatapathOnly: 0
HasWiredReturn: 1
HasMFsm: 2
HasVarLatency: 1
IsPipeline: 0
IsRtlPipelined: 0
IsInstanceOverlapped: 0
IsDontTouch: 0
HasImplIP: 0
IsGatedGlobalClock: 0

+ Individual pipeline summary: 
  * Pipeline-0: initiation interval (II) = 1, depth = 3


============================================================
+ Verbose Summary: Schedule
============================================================
* Number of FSM states : 3
* Pipeline : 1
  Pipeline-0 : II = 1, D = 3, States = { 1 2 3 }
* Dataflow Pipeline: 0

* FSM state transitions: 
1 --> 2 
2 --> 3 
3 --> 

* FSM state operations: 

State 1 <SV = 0> <Delay = 5.55>
ST_1 : Operation 6 [1/1] (0.00ns)   --->   "%phi_urem = alloca i32 1"   --->   Operation 6 'alloca' 'phi_urem' <Predicate = true> <Delay = 0.00>
ST_1 : Operation 7 [1/1] (0.00ns)   --->   "%phi_mul = alloca i32 1"   --->   Operation 7 'alloca' 'phi_mul' <Predicate = true> <Delay = 0.00>
ST_1 : Operation 8 [1/1] (0.00ns)   --->   "%i = alloca i32 1" [../src/pool.cpp:17]   --->   Operation 8 'alloca' 'i' <Predicate = true> <Delay = 0.00>
ST_1 : Operation 9 [1/1] (0.00ns)   --->   "%specmemcore_ln0 = specmemcore void @_ssdm_op_SpecMemCore, i8 %pool_ap_fixed_ap_fixed_8_5_5_3_0_int_int_int_int_int_local_input, i64 666, i64 22, i64 18446744073709551615, i1 0"   --->   Operation 9 'specmemcore' 'specmemcore_ln0' <Predicate = true> <Delay = 0.00>
ST_1 : Operation 10 [1/1] (0.00ns)   --->   "%specmemcore_ln0 = specmemcore void @_ssdm_op_SpecMemCore, i8 %pool_ap_fixed_ap_fixed_8_5_5_3_0_int_int_int_int_int_local_input_1, i64 666, i64 22, i64 18446744073709551615, i1 0"   --->   Operation 10 'specmemcore' 'specmemcore_ln0' <Predicate = true> <Delay = 0.00>
ST_1 : Operation 11 [1/1] (0.00ns)   --->   "%specmemcore_ln0 = specmemcore void @_ssdm_op_SpecMemCore, i8 %pool_ap_fixed_ap_fixed_8_5_5_3_0_int_int_int_int_int_local_input_2, i64 666, i64 22, i64 18446744073709551615, i1 0"   --->   Operation 11 'specmemcore' 'specmemcore_ln0' <Predicate = true> <Delay = 0.00>
ST_1 : Operation 12 [1/1] (0.00ns)   --->   "%specmemcore_ln0 = specmemcore void @_ssdm_op_SpecMemCore, i8 %pool_ap_fixed_ap_fixed_8_5_5_3_0_int_int_int_int_int_local_input_3, i64 666, i64 22, i64 18446744073709551615, i1 0"   --->   Operation 12 'specmemcore' 'specmemcore_ln0' <Predicate = true> <Delay = 0.00>
ST_1 : Operation 13 [1/1] (0.00ns)   --->   "%specmemcore_ln0 = specmemcore void @_ssdm_op_SpecMemCore, i8 %pool_ap_fixed_ap_fixed_8_5_5_3_0_int_int_int_int_int_local_input_4, i64 666, i64 22, i64 18446744073709551615, i1 0"   --->   Operation 13 'specmemcore' 'specmemcore_ln0' <Predicate = true> <Delay = 0.00>
ST_1 : Operation 14 [1/1] (0.00ns)   --->   "%specinterface_ln0 = specinterface void @_ssdm_op_SpecInterface, i8 %gmem0, void @empty_7, i32 0, i32 0, void @empty_8, i32 0, i32 848, void @empty_34, void @empty_20, void @empty_8, i32 16, i32 16, i32 16, i32 16, void @empty_8, void @empty_8, i32 4294967295, i32 0, i32 0, i32 1"   --->   Operation 14 'specinterface' 'specinterface_ln0' <Predicate = true> <Delay = 0.00>
ST_1 : Operation 15 [1/1] (0.00ns)   --->   "%input_read = read i64 @_ssdm_op_Read.ap_auto.i64, i64 %input_r"   --->   Operation 15 'read' 'input_read' <Predicate = true> <Delay = 0.00>
ST_1 : Operation 16 [1/1] (1.58ns)   --->   "%store_ln17 = store i13 0, i13 %i" [../src/pool.cpp:17]   --->   Operation 16 'store' 'store_ln17' <Predicate = true> <Delay = 1.58>
ST_1 : Operation 17 [1/1] (1.58ns)   --->   "%store_ln0 = store i27 0, i27 %phi_mul"   --->   Operation 17 'store' 'store_ln0' <Predicate = true> <Delay = 1.58>
ST_1 : Operation 18 [1/1] (1.58ns)   --->   "%store_ln0 = store i13 0, i13 %phi_urem"   --->   Operation 18 'store' 'store_ln0' <Predicate = true> <Delay = 1.58>
ST_1 : Operation 19 [1/1] (0.00ns)   --->   "%br_ln0 = br void %for.inc"   --->   Operation 19 'br' 'br_ln0' <Predicate = true> <Delay = 0.00>
ST_1 : Operation 20 [1/1] (0.00ns)   --->   "%phi_urem_load = load i13 %phi_urem" [../src/pool.cpp:17]   --->   Operation 20 'load' 'phi_urem_load' <Predicate = true> <Delay = 0.00>
ST_1 : Operation 21 [1/1] (0.00ns)   --->   "%i_2 = load i13 %i" [../src/pool.cpp:17]   --->   Operation 21 'load' 'i_2' <Predicate = true> <Delay = 0.00>
ST_1 : Operation 22 [1/1] (1.67ns)   --->   "%icmp_ln17 = icmp_eq  i13 %i_2, i13 6272" [../src/pool.cpp:17]   --->   Operation 22 'icmp' 'icmp_ln17' <Predicate = true> <Delay = 1.67> <CoreInst = "Cmp">   --->   Core 9 'Cmp' <Latency = 0> <II = 1> <Delay = 1.67> <FuncUnit> <Opcode : 'seteq' 'setne' 'setle' 'setge' 'setlt' 'setgt'> <InPorts = 2> <OutPorts = 1>
ST_1 : Operation 23 [1/1] (0.00ns)   --->   "%speclooptripcount_ln0 = speclooptripcount void @_ssdm_op_SpecLoopTripCount, i64 6272, i64 6272, i64 6272"   --->   Operation 23 'speclooptripcount' 'speclooptripcount_ln0' <Predicate = true> <Delay = 0.00>
ST_1 : Operation 24 [1/1] (1.67ns)   --->   "%add_ln17 = add i13 %i_2, i13 1" [../src/pool.cpp:17]   --->   Operation 24 'add' 'add_ln17' <Predicate = true> <Delay = 1.67> <CoreInst = "Adder">   --->   Core 1 'Adder' <Latency = 0> <II = 1> <Delay = 1.67> <FuncUnit> <Opcode : 'add' 'sub'> <InPorts = 2> <OutPorts = 1>
ST_1 : Operation 25 [1/1] (0.00ns)   --->   "%br_ln17 = br i1 %icmp_ln17, void %for.inc.split, void %H_LOOP.lr.ph.exitStub" [../src/pool.cpp:17]   --->   Operation 25 'br' 'br_ln17' <Predicate = true> <Delay = 0.00>
ST_1 : Operation 26 [1/1] (0.00ns)   --->   "%gmem0_addr = getelementptr i8 %gmem0, i64 %input_read" [../src/pool.cpp:17]   --->   Operation 26 'getelementptr' 'gmem0_addr' <Predicate = (!icmp_ln17)> <Delay = 0.00>
ST_1 : Operation 27 [1/1] (0.00ns)   --->   "%trunc_ln17 = trunc i13 %phi_urem_load" [../src/pool.cpp:17]   --->   Operation 27 'trunc' 'trunc_ln17' <Predicate = (!icmp_ln17)> <Delay = 0.00>
ST_1 : Operation 28 [1/1] (1.65ns)   --->   "%switch_ln19 = switch i3 %trunc_ln17, void %arrayidx6.case.4, i3 0, void %arrayidx6.case.0, i3 1, void %arrayidx6.case.1, i3 2, void %arrayidx6.case.2, i3 3, void %arrayidx6.case.3" [../src/pool.cpp:19]   --->   Operation 28 'switch' 'switch_ln19' <Predicate = (!icmp_ln17)> <Delay = 1.65>
ST_1 : Operation 29 [1/1] (1.67ns)   --->   "%add_ln17_2 = add i13 %phi_urem_load, i13 1" [../src/pool.cpp:17]   --->   Operation 29 'add' 'add_ln17_2' <Predicate = (!icmp_ln17)> <Delay = 1.67> <CoreInst = "Adder">   --->   Core 1 'Adder' <Latency = 0> <II = 1> <Delay = 1.67> <FuncUnit> <Opcode : 'add' 'sub'> <InPorts = 2> <OutPorts = 1>
ST_1 : Operation 30 [1/1] (1.67ns)   --->   "%icmp_ln17_1 = icmp_eq  i13 %phi_urem_load, i13 4" [../src/pool.cpp:17]   --->   Operation 30 'icmp' 'icmp_ln17_1' <Predicate = (!icmp_ln17)> <Delay = 1.67> <CoreInst = "Cmp">   --->   Core 9 'Cmp' <Latency = 0> <II = 1> <Delay = 1.67> <FuncUnit> <Opcode : 'seteq' 'setne' 'setle' 'setge' 'setlt' 'setgt'> <InPorts = 2> <OutPorts = 1>
ST_1 : Operation 31 [1/1] (0.69ns)   --->   "%select_ln17 = select i1 %icmp_ln17_1, i13 0, i13 %add_ln17_2" [../src/pool.cpp:17]   --->   Operation 31 'select' 'select_ln17' <Predicate = (!icmp_ln17)> <Delay = 0.69> <CoreInst = "Sel">   --->   Core 73 'Sel' <Latency = 0> <II = 1> <Delay = 0.69> <FuncUnit> <Opcode : 'select'> <InPorts = 3> <OutPorts = 1>
ST_1 : Operation 32 [1/1] (1.58ns)   --->   "%store_ln17 = store i13 %add_ln17, i13 %i" [../src/pool.cpp:17]   --->   Operation 32 'store' 'store_ln17' <Predicate = (!icmp_ln17)> <Delay = 1.58>
ST_1 : Operation 33 [1/1] (1.58ns)   --->   "%store_ln17 = store i13 %select_ln17, i13 %phi_urem" [../src/pool.cpp:17]   --->   Operation 33 'store' 'store_ln17' <Predicate = (!icmp_ln17)> <Delay = 1.58>

State 2 <SV = 1> <Delay = 8.75>
ST_2 : Operation 34 [1/1] ( I:8.75ns O:8.75ns )   --->   "%gmem0_addr_read = read i8 @_ssdm_op_Read.m_axi.i8.p1i8, i8 %gmem0_addr" [../src/pool.cpp:19]   --->   Operation 34 'read' 'gmem0_addr_read' <Predicate = true> <Delay = 8.75> <CoreInst = "m_axi">   --->   Core 111 'm_axi' <Latency = 3> <II = 1> <Delay = 1.00> <Adapter> <Opcode : 'readrequnaligned' 'writerequnaligned' 'read' 'write' 'readreq' 'writereq' 'writeresp'>
ST_2 : Operation 58 [1/1] (1.58ns)   --->   "%ret_ln0 = ret"   --->   Operation 58 'ret' 'ret_ln0' <Predicate = (icmp_ln17)> <Delay = 1.58>

State 3 <SV = 2> <Delay = 3.99>
ST_3 : Operation 35 [1/1] (0.00ns)   --->   "%phi_mul_load = load i27 %phi_mul" [../src/pool.cpp:17]   --->   Operation 35 'load' 'phi_mul_load' <Predicate = true> <Delay = 0.00>
ST_3 : Operation 36 [1/1] (0.00ns)   --->   "%specpipeline_ln18 = specpipeline void @_ssdm_op_SpecPipeline, i32 1, i32 0, i32 0, i32 0, i32 4294967295, void @empty_8" [../src/pool.cpp:18]   --->   Operation 36 'specpipeline' 'specpipeline_ln18' <Predicate = true> <Delay = 0.00>
ST_3 : Operation 37 [1/1] (0.00ns)   --->   "%specloopname_ln17 = specloopname void @_ssdm_op_SpecLoopName, void @empty_35" [../src/pool.cpp:17]   --->   Operation 37 'specloopname' 'specloopname_ln17' <Predicate = true> <Delay = 0.00>
ST_3 : Operation 38 [1/1] (2.40ns)   --->   "%add_ln17_1 = add i27 %phi_mul_load, i27 13108" [../src/pool.cpp:17]   --->   Operation 38 'add' 'add_ln17_1' <Predicate = true> <Delay = 2.40> <CoreInst = "Adder">   --->   Core 1 'Adder' <Latency = 0> <II = 1> <Delay = 2.40> <FuncUnit> <Opcode : 'add' 'sub'> <InPorts = 2> <OutPorts = 1>
ST_3 : Operation 39 [1/1] (0.00ns)   --->   "%tmp = partselect i11 @_ssdm_op_PartSelect.i11.i27.i32.i32, i27 %phi_mul_load, i32 16, i32 26" [../src/pool.cpp:17]   --->   Operation 39 'partselect' 'tmp' <Predicate = true> <Delay = 0.00>
ST_3 : Operation 40 [1/1] (0.00ns)   --->   "%zext_ln17 = zext i11 %tmp" [../src/pool.cpp:17]   --->   Operation 40 'zext' 'zext_ln17' <Predicate = true> <Delay = 0.00>
ST_3 : Operation 41 [1/1] (0.00ns)   --->   "%pool_ap_fixed_ap_fixed_8_5_5_3_0_int_int_int_int_int_local_input_4_addr = getelementptr i8 %pool_ap_fixed_ap_fixed_8_5_5_3_0_int_int_int_int_int_local_input_4, i64 0, i64 %zext_ln17" [../src/pool.cpp:19]   --->   Operation 41 'getelementptr' 'pool_ap_fixed_ap_fixed_8_5_5_3_0_int_int_int_int_int_local_input_4_addr' <Predicate = true> <Delay = 0.00>
ST_3 : Operation 42 [1/1] (0.00ns)   --->   "%pool_ap_fixed_ap_fixed_8_5_5_3_0_int_int_int_int_int_local_input_3_addr = getelementptr i8 %pool_ap_fixed_ap_fixed_8_5_5_3_0_int_int_int_int_int_local_input_3, i64 0, i64 %zext_ln17" [../src/pool.cpp:19]   --->   Operation 42 'getelementptr' 'pool_ap_fixed_ap_fixed_8_5_5_3_0_int_int_int_int_int_local_input_3_addr' <Predicate = true> <Delay = 0.00>
ST_3 : Operation 43 [1/1] (0.00ns)   --->   "%pool_ap_fixed_ap_fixed_8_5_5_3_0_int_int_int_int_int_local_input_2_addr = getelementptr i8 %pool_ap_fixed_ap_fixed_8_5_5_3_0_int_int_int_int_int_local_input_2, i64 0, i64 %zext_ln17" [../src/pool.cpp:19]   --->   Operation 43 'getelementptr' 'pool_ap_fixed_ap_fixed_8_5_5_3_0_int_int_int_int_int_local_input_2_addr' <Predicate = true> <Delay = 0.00>
ST_3 : Operation 44 [1/1] (0.00ns)   --->   "%pool_ap_fixed_ap_fixed_8_5_5_3_0_int_int_int_int_int_local_input_1_addr = getelementptr i8 %pool_ap_fixed_ap_fixed_8_5_5_3_0_int_int_int_int_int_local_input_1, i64 0, i64 %zext_ln17" [../src/pool.cpp:19]   --->   Operation 44 'getelementptr' 'pool_ap_fixed_ap_fixed_8_5_5_3_0_int_int_int_int_int_local_input_1_addr' <Predicate = true> <Delay = 0.00>
ST_3 : Operation 45 [1/1] (0.00ns)   --->   "%pool_ap_fixed_ap_fixed_8_5_5_3_0_int_int_int_int_int_local_input_addr = getelementptr i8 %pool_ap_fixed_ap_fixed_8_5_5_3_0_int_int_int_int_int_local_input, i64 0, i64 %zext_ln17" [../src/pool.cpp:19]   --->   Operation 45 'getelementptr' 'pool_ap_fixed_ap_fixed_8_5_5_3_0_int_int_int_int_int_local_input_addr' <Predicate = true> <Delay = 0.00>
ST_3 : Operation 46 [1/1] ( I:3.25ns O:3.25ns )   --->   "%store_ln19 = store i8 %gmem0_addr_read, i11 %pool_ap_fixed_ap_fixed_8_5_5_3_0_int_int_int_int_int_local_input_1_addr" [../src/pool.cpp:19]   --->   Operation 46 'store' 'store_ln19' <Predicate = (trunc_ln17 == 3)> <Delay = 3.25> <CoreInst = "RAM_2P_BRAM">   --->   Core 90 'RAM_2P_BRAM' <Latency = 1> <II = 1> <Delay = 3.25> <Storage> <Opcode : 'load' 'store'> <Ports = 2> <Width = 8> <Depth = 1255> <RAM>
ST_3 : Operation 47 [1/1] (0.00ns)   --->   "%br_ln19 = br void %arrayidx6.exit" [../src/pool.cpp:19]   --->   Operation 47 'br' 'br_ln19' <Predicate = (trunc_ln17 == 3)> <Delay = 0.00>
ST_3 : Operation 48 [1/1] ( I:3.25ns O:3.25ns )   --->   "%store_ln19 = store i8 %gmem0_addr_read, i11 %pool_ap_fixed_ap_fixed_8_5_5_3_0_int_int_int_int_int_local_input_2_addr" [../src/pool.cpp:19]   --->   Operation 48 'store' 'store_ln19' <Predicate = (trunc_ln17 == 2)> <Delay = 3.25> <CoreInst = "RAM_2P_BRAM">   --->   Core 90 'RAM_2P_BRAM' <Latency = 1> <II = 1> <Delay = 3.25> <Storage> <Opcode : 'load' 'store'> <Ports = 2> <Width = 8> <Depth = 1255> <RAM>
ST_3 : Operation 49 [1/1] (0.00ns)   --->   "%br_ln19 = br void %arrayidx6.exit" [../src/pool.cpp:19]   --->   Operation 49 'br' 'br_ln19' <Predicate = (trunc_ln17 == 2)> <Delay = 0.00>
ST_3 : Operation 50 [1/1] ( I:3.25ns O:3.25ns )   --->   "%store_ln19 = store i8 %gmem0_addr_read, i11 %pool_ap_fixed_ap_fixed_8_5_5_3_0_int_int_int_int_int_local_input_3_addr" [../src/pool.cpp:19]   --->   Operation 50 'store' 'store_ln19' <Predicate = (trunc_ln17 == 1)> <Delay = 3.25> <CoreInst = "RAM_2P_BRAM">   --->   Core 90 'RAM_2P_BRAM' <Latency = 1> <II = 1> <Delay = 3.25> <Storage> <Opcode : 'load' 'store'> <Ports = 2> <Width = 8> <Depth = 1255> <RAM>
ST_3 : Operation 51 [1/1] (0.00ns)   --->   "%br_ln19 = br void %arrayidx6.exit" [../src/pool.cpp:19]   --->   Operation 51 'br' 'br_ln19' <Predicate = (trunc_ln17 == 1)> <Delay = 0.00>
ST_3 : Operation 52 [1/1] ( I:3.25ns O:3.25ns )   --->   "%store_ln19 = store i8 %gmem0_addr_read, i11 %pool_ap_fixed_ap_fixed_8_5_5_3_0_int_int_int_int_int_local_input_4_addr" [../src/pool.cpp:19]   --->   Operation 52 'store' 'store_ln19' <Predicate = (trunc_ln17 == 0)> <Delay = 3.25> <CoreInst = "RAM_2P_BRAM">   --->   Core 90 'RAM_2P_BRAM' <Latency = 1> <II = 1> <Delay = 3.25> <Storage> <Opcode : 'load' 'store'> <Ports = 2> <Width = 8> <Depth = 1255> <RAM>
ST_3 : Operation 53 [1/1] (0.00ns)   --->   "%br_ln19 = br void %arrayidx6.exit" [../src/pool.cpp:19]   --->   Operation 53 'br' 'br_ln19' <Predicate = (trunc_ln17 == 0)> <Delay = 0.00>
ST_3 : Operation 54 [1/1] ( I:3.25ns O:3.25ns )   --->   "%store_ln19 = store i8 %gmem0_addr_read, i11 %pool_ap_fixed_ap_fixed_8_5_5_3_0_int_int_int_int_int_local_input_addr" [../src/pool.cpp:19]   --->   Operation 54 'store' 'store_ln19' <Predicate = (trunc_ln17 != 0 & trunc_ln17 != 1 & trunc_ln17 != 2 & trunc_ln17 != 3)> <Delay = 3.25> <CoreInst = "RAM_2P_BRAM">   --->   Core 90 'RAM_2P_BRAM' <Latency = 1> <II = 1> <Delay = 3.25> <Storage> <Opcode : 'load' 'store'> <Ports = 2> <Width = 8> <Depth = 1255> <RAM>
ST_3 : Operation 55 [1/1] (0.00ns)   --->   "%br_ln19 = br void %arrayidx6.exit" [../src/pool.cpp:19]   --->   Operation 55 'br' 'br_ln19' <Predicate = (trunc_ln17 != 0 & trunc_ln17 != 1 & trunc_ln17 != 2 & trunc_ln17 != 3)> <Delay = 0.00>
ST_3 : Operation 56 [1/1] (1.58ns)   --->   "%store_ln17 = store i27 %add_ln17_1, i27 %phi_mul" [../src/pool.cpp:17]   --->   Operation 56 'store' 'store_ln17' <Predicate = true> <Delay = 1.58>
ST_3 : Operation 57 [1/1] (0.00ns)   --->   "%br_ln17 = br void %for.inc" [../src/pool.cpp:17]   --->   Operation 57 'br' 'br_ln17' <Predicate = true> <Delay = 0.00>


============================================================
+ Verbose Summary: Binding
============================================================
STG Binding: 
---------------- STG Properties BEGIN ----------------
- Is combinational: 0
- Is one-state seq: 0
- Is datapath-only: 0
- Is pipelined: 0
- Is top level: 0
Port [ Return ] is wired: 1; IO mode=ap_ctrl_hs:ce=0
Port [ gmem0]:  wired=1; compound=1; hidden=0; nouse=0; global=0; static=0; extern=0; dir=0; type=4; pingpong=0; private_global=0; IO mode=m_axi:ce=0
Port [ input_r]:  wired=1; compound=0; hidden=0; nouse=0; global=0; static=0; extern=0; dir=0; type=0; pingpong=0; private_global=0; IO mode=ap_none:ce=0
Port [ pool_ap_fixed_ap_fixed_8_5_5_3_0_int_int_int_int_int_local_input_4]:  wired=1; compound=1; hidden=0; nouse=0; global=1; static=1; extern=0; dir=1; type=1; pingpong=0; private_global=0; MemPort=[30]; IO mode=ap_memory:ce=0
Port [ pool_ap_fixed_ap_fixed_8_5_5_3_0_int_int_int_int_int_local_input_3]:  wired=1; compound=1; hidden=0; nouse=0; global=1; static=1; extern=0; dir=1; type=1; pingpong=0; private_global=0; MemPort=[30]; IO mode=ap_memory:ce=0
Port [ pool_ap_fixed_ap_fixed_8_5_5_3_0_int_int_int_int_int_local_input_2]:  wired=1; compound=1; hidden=0; nouse=0; global=1; static=1; extern=0; dir=1; type=1; pingpong=0; private_global=0; MemPort=[30]; IO mode=ap_memory:ce=0
Port [ pool_ap_fixed_ap_fixed_8_5_5_3_0_int_int_int_int_int_local_input_1]:  wired=1; compound=1; hidden=0; nouse=0; global=1; static=1; extern=0; dir=1; type=1; pingpong=0; private_global=0; MemPort=[30]; IO mode=ap_memory:ce=0
Port [ pool_ap_fixed_ap_fixed_8_5_5_3_0_int_int_int_int_int_local_input]:  wired=1; compound=1; hidden=0; nouse=0; global=1; static=1; extern=0; dir=1; type=1; pingpong=0; private_global=0; MemPort=[30]; IO mode=ap_memory:ce=0
---------------- STG Properties END ------------------

---------------- Datapath Model BEGIN ----------------

<LifeTime>
<method=bitvector/>
phi_urem                                                                (alloca           ) [ 0100]
phi_mul                                                                 (alloca           ) [ 0111]
i                                                                       (alloca           ) [ 0100]
specmemcore_ln0                                                         (specmemcore      ) [ 0000]
specmemcore_ln0                                                         (specmemcore      ) [ 0000]
specmemcore_ln0                                                         (specmemcore      ) [ 0000]
specmemcore_ln0                                                         (specmemcore      ) [ 0000]
specmemcore_ln0                                                         (specmemcore      ) [ 0000]
specinterface_ln0                                                       (specinterface    ) [ 0000]
input_read                                                              (read             ) [ 0000]
store_ln17                                                              (store            ) [ 0000]
store_ln0                                                               (store            ) [ 0000]
store_ln0                                                               (store            ) [ 0000]
br_ln0                                                                  (br               ) [ 0000]
phi_urem_load                                                           (load             ) [ 0000]
i_2                                                                     (load             ) [ 0000]
icmp_ln17                                                               (icmp             ) [ 0110]
speclooptripcount_ln0                                                   (speclooptripcount) [ 0000]
add_ln17                                                                (add              ) [ 0000]
br_ln17                                                                 (br               ) [ 0000]
gmem0_addr                                                              (getelementptr    ) [ 0110]
trunc_ln17                                                              (trunc            ) [ 0111]
switch_ln19                                                             (switch           ) [ 0000]
add_ln17_2                                                              (add              ) [ 0000]
icmp_ln17_1                                                             (icmp             ) [ 0000]
select_ln17                                                             (select           ) [ 0000]
store_ln17                                                              (store            ) [ 0000]
store_ln17                                                              (store            ) [ 0000]
gmem0_addr_read                                                         (read             ) [ 0101]
phi_mul_load                                                            (load             ) [ 0000]
specpipeline_ln18                                                       (specpipeline     ) [ 0000]
specloopname_ln17                                                       (specloopname     ) [ 0000]
add_ln17_1                                                              (add              ) [ 0000]
tmp                                                                     (partselect       ) [ 0000]
zext_ln17                                                               (zext             ) [ 0000]
pool_ap_fixed_ap_fixed_8_5_5_3_0_int_int_int_int_int_local_input_4_addr (getelementptr    ) [ 0000]
pool_ap_fixed_ap_fixed_8_5_5_3_0_int_int_int_int_int_local_input_3_addr (getelementptr    ) [ 0000]
pool_ap_fixed_ap_fixed_8_5_5_3_0_int_int_int_int_int_local_input_2_addr (getelementptr    ) [ 0000]
pool_ap_fixed_ap_fixed_8_5_5_3_0_int_int_int_int_int_local_input_1_addr (getelementptr    ) [ 0000]
pool_ap_fixed_ap_fixed_8_5_5_3_0_int_int_int_int_int_local_input_addr   (getelementptr    ) [ 0000]
store_ln19                                                              (store            ) [ 0000]
br_ln19                                                                 (br               ) [ 0000]
store_ln19                                                              (store            ) [ 0000]
br_ln19                                                                 (br               ) [ 0000]
store_ln19                                                              (store            ) [ 0000]
br_ln19                                                                 (br               ) [ 0000]
store_ln19                                                              (store            ) [ 0000]
br_ln19                                                                 (br               ) [ 0000]
store_ln19                                                              (store            ) [ 0000]
br_ln19                                                                 (br               ) [ 0000]
store_ln17                                                              (store            ) [ 0000]
br_ln17                                                                 (br               ) [ 0000]
ret_ln0                                                                 (ret              ) [ 0000]
</LifeTime>

<model>

<comp_list>
<comp id="0" class="1000" name="gmem0">
<pin_list>
<pin id="1" dir="1" index="0" bw="1" slack="0"/>
</pin_list>
<bind>
<StgValue><ssdm name="gmem0"/><MemPortTyVec>0 </MemPortTyVec>
</StgValue>
</bind>
</comp>

<comp id="2" class="1000" name="input_r">
<pin_list>
<pin id="3" dir="1" index="0" bw="1" slack="0"/>
</pin_list>
<bind>
<StgValue><ssdm name="input_r"/></StgValue>
</bind>
</comp>

<comp id="4" class="1000" name="pool_ap_fixed_ap_fixed_8_5_5_3_0_int_int_int_int_int_local_input_4">
<pin_list>
<pin id="5" dir="1" index="0" bw="1" slack="0"/>
</pin_list>
<bind>
<StgValue><ssdm name="pool_ap_fixed_ap_fixed_8_5_5_3_0_int_int_int_int_int_local_input_4"/><MemPortTyVec>3 0 </MemPortTyVec>
</StgValue>
</bind>
</comp>

<comp id="6" class="1000" name="pool_ap_fixed_ap_fixed_8_5_5_3_0_int_int_int_int_int_local_input_3">
<pin_list>
<pin id="7" dir="1" index="0" bw="1" slack="0"/>
</pin_list>
<bind>
<StgValue><ssdm name="pool_ap_fixed_ap_fixed_8_5_5_3_0_int_int_int_int_int_local_input_3"/><MemPortTyVec>3 0 </MemPortTyVec>
</StgValue>
</bind>
</comp>

<comp id="8" class="1000" name="pool_ap_fixed_ap_fixed_8_5_5_3_0_int_int_int_int_int_local_input_2">
<pin_list>
<pin id="9" dir="1" index="0" bw="1" slack="0"/>
</pin_list>
<bind>
<StgValue><ssdm name="pool_ap_fixed_ap_fixed_8_5_5_3_0_int_int_int_int_int_local_input_2"/><MemPortTyVec>3 0 </MemPortTyVec>
</StgValue>
</bind>
</comp>

<comp id="10" class="1000" name="pool_ap_fixed_ap_fixed_8_5_5_3_0_int_int_int_int_int_local_input_1">
<pin_list>
<pin id="11" dir="1" index="0" bw="1" slack="0"/>
</pin_list>
<bind>
<StgValue><ssdm name="pool_ap_fixed_ap_fixed_8_5_5_3_0_int_int_int_int_int_local_input_1"/><MemPortTyVec>3 0 </MemPortTyVec>
</StgValue>
</bind>
</comp>

<comp id="12" class="1000" name="pool_ap_fixed_ap_fixed_8_5_5_3_0_int_int_int_int_int_local_input">
<pin_list>
<pin id="13" dir="1" index="0" bw="1" slack="0"/>
</pin_list>
<bind>
<StgValue><ssdm name="pool_ap_fixed_ap_fixed_8_5_5_3_0_int_int_int_int_int_local_input"/><MemPortTyVec>3 0 </MemPortTyVec>
</StgValue>
</bind>
</comp>

<comp id="14" class="1001" name="const_14">
<pin_list>
<pin id="15" dir="1" index="0" bw="1" slack="0"/>
</pin_list>
<bind>
<StgValue><ssdm name=""/></StgValue>
</bind>
</comp>

<comp id="16" class="1001" name="const_16">
<pin_list>
<pin id="17" dir="1" index="0" bw="1" slack="2147483647"/>
</pin_list>
<bind>
<StgValue><ssdm name="_ssdm_op_SpecMemCore"/></StgValue>
</bind>
</comp>

<comp id="18" class="1001" name="const_18">
<pin_list>
<pin id="19" dir="1" index="0" bw="1" slack="2147483647"/>
</pin_list>
<bind>
<StgValue><ssdm name=""/></StgValue>
</bind>
</comp>

<comp id="20" class="1001" name="const_20">
<pin_list>
<pin id="21" dir="1" index="0" bw="1" slack="2147483647"/>
</pin_list>
<bind>
<StgValue><ssdm name=""/></StgValue>
</bind>
</comp>

<comp id="22" class="1001" name="const_22">
<pin_list>
<pin id="23" dir="1" index="0" bw="1" slack="2147483647"/>
</pin_list>
<bind>
<StgValue><ssdm name=""/></StgValue>
</bind>
</comp>

<comp id="24" class="1001" name="const_24">
<pin_list>
<pin id="25" dir="1" index="0" bw="1" slack="2147483647"/>
</pin_list>
<bind>
<StgValue><ssdm name=""/></StgValue>
</bind>
</comp>

<comp id="26" class="1001" name="const_26">
<pin_list>
<pin id="27" dir="1" index="0" bw="1" slack="2147483647"/>
</pin_list>
<bind>
<StgValue><ssdm name="_ssdm_op_SpecInterface"/></StgValue>
</bind>
</comp>

<comp id="28" class="1001" name="const_28">
<pin_list>
<pin id="29" dir="1" index="0" bw="1" slack="2147483647"/>
</pin_list>
<bind>
<StgValue><ssdm name="empty_7"/></StgValue>
</bind>
</comp>

<comp id="30" class="1001" name="const_30">
<pin_list>
<pin id="31" dir="1" index="0" bw="1" slack="2147483647"/>
</pin_list>
<bind>
<StgValue><ssdm name=""/></StgValue>
</bind>
</comp>

<comp id="32" class="1001" name="const_32">
<pin_list>
<pin id="33" dir="1" index="0" bw="1" slack="2147483647"/>
</pin_list>
<bind>
<StgValue><ssdm name="empty_8"/></StgValue>
</bind>
</comp>

<comp id="34" class="1001" name="const_34">
<pin_list>
<pin id="35" dir="1" index="0" bw="1" slack="2147483647"/>
</pin_list>
<bind>
<StgValue><ssdm name=""/></StgValue>
</bind>
</comp>

<comp id="36" class="1001" name="const_36">
<pin_list>
<pin id="37" dir="1" index="0" bw="1" slack="2147483647"/>
</pin_list>
<bind>
<StgValue><ssdm name="empty_34"/></StgValue>
</bind>
</comp>

<comp id="38" class="1001" name="const_38">
<pin_list>
<pin id="39" dir="1" index="0" bw="1" slack="2147483647"/>
</pin_list>
<bind>
<StgValue><ssdm name="empty_20"/></StgValue>
</bind>
</comp>

<comp id="40" class="1001" name="const_40">
<pin_list>
<pin id="41" dir="1" index="0" bw="1" slack="0"/>
</pin_list>
<bind>
<StgValue><ssdm name=""/></StgValue>
</bind>
</comp>

<comp id="42" class="1001" name="const_42">
<pin_list>
<pin id="43" dir="1" index="0" bw="1" slack="2147483647"/>
</pin_list>
<bind>
<StgValue><ssdm name=""/></StgValue>
</bind>
</comp>

<comp id="44" class="1001" name="const_44">
<pin_list>
<pin id="45" dir="1" index="0" bw="1" slack="0"/>
</pin_list>
<bind>
<StgValue><ssdm name="_ssdm_op_Read.ap_auto.i64"/></StgValue>
</bind>
</comp>

<comp id="46" class="1001" name="const_46">
<pin_list>
<pin id="47" dir="1" index="0" bw="1" slack="0"/>
</pin_list>
<bind>
<StgValue><ssdm name=""/></StgValue>
</bind>
</comp>

<comp id="48" class="1001" name="const_48">
<pin_list>
<pin id="49" dir="1" index="0" bw="1" slack="0"/>
</pin_list>
<bind>
<StgValue><ssdm name=""/></StgValue>
</bind>
</comp>

<comp id="50" class="1001" name="const_50">
<pin_list>
<pin id="51" dir="1" index="0" bw="1" slack="0"/>
</pin_list>
<bind>
<StgValue><ssdm name=""/></StgValue>
</bind>
</comp>

<comp id="52" class="1001" name="const_52">
<pin_list>
<pin id="53" dir="1" index="0" bw="1" slack="2147483647"/>
</pin_list>
<bind>
<StgValue><ssdm name="_ssdm_op_SpecLoopTripCount"/></StgValue>
</bind>
</comp>

<comp id="54" class="1001" name="const_54">
<pin_list>
<pin id="55" dir="1" index="0" bw="1" slack="2147483647"/>
</pin_list>
<bind>
<StgValue><ssdm name=""/></StgValue>
</bind>
</comp>

<comp id="56" class="1001" name="const_56">
<pin_list>
<pin id="57" dir="1" index="0" bw="1" slack="0"/>
</pin_list>
<bind>
<StgValue><ssdm name=""/></StgValue>
</bind>
</comp>

<comp id="58" class="1001" name="const_58">
<pin_list>
<pin id="59" dir="1" index="0" bw="1" slack="0"/>
</pin_list>
<bind>
<StgValue><ssdm name=""/></StgValue>
</bind>
</comp>

<comp id="60" class="1001" name="const_60">
<pin_list>
<pin id="61" dir="1" index="0" bw="1" slack="0"/>
</pin_list>
<bind>
<StgValue><ssdm name=""/></StgValue>
</bind>
</comp>

<comp id="62" class="1001" name="const_62">
<pin_list>
<pin id="63" dir="1" index="0" bw="1" slack="0"/>
</pin_list>
<bind>
<StgValue><ssdm name=""/></StgValue>
</bind>
</comp>

<comp id="64" class="1001" name="const_64">
<pin_list>
<pin id="65" dir="1" index="0" bw="1" slack="0"/>
</pin_list>
<bind>
<StgValue><ssdm name=""/></StgValue>
</bind>
</comp>

<comp id="66" class="1001" name="const_66">
<pin_list>
<pin id="67" dir="1" index="0" bw="1" slack="0"/>
</pin_list>
<bind>
<StgValue><ssdm name=""/></StgValue>
</bind>
</comp>

<comp id="68" class="1001" name="const_68">
<pin_list>
<pin id="69" dir="1" index="0" bw="1" slack="0"/>
</pin_list>
<bind>
<StgValue><ssdm name="_ssdm_op_Read.m_axi.i8.p1i8"/></StgValue>
</bind>
</comp>

<comp id="70" class="1001" name="const_70">
<pin_list>
<pin id="71" dir="1" index="0" bw="1" slack="2147483647"/>
</pin_list>
<bind>
<StgValue><ssdm name="_ssdm_op_SpecPipeline"/></StgValue>
</bind>
</comp>

<comp id="72" class="1001" name="const_72">
<pin_list>
<pin id="73" dir="1" index="0" bw="1" slack="2147483647"/>
</pin_list>
<bind>
<StgValue><ssdm name="_ssdm_op_SpecLoopName"/></StgValue>
</bind>
</comp>

<comp id="74" class="1001" name="const_74">
<pin_list>
<pin id="75" dir="1" index="0" bw="1" slack="2147483647"/>
</pin_list>
<bind>
<StgValue><ssdm name="empty_35"/></StgValue>
</bind>
</comp>

<comp id="76" class="1001" name="const_76">
<pin_list>
<pin id="77" dir="1" index="0" bw="1" slack="0"/>
</pin_list>
<bind>
<StgValue><ssdm name=""/></StgValue>
</bind>
</comp>

<comp id="78" class="1001" name="const_78">
<pin_list>
<pin id="79" dir="1" index="0" bw="1" slack="0"/>
</pin_list>
<bind>
<StgValue><ssdm name="_ssdm_op_PartSelect.i11.i27.i32.i32"/></StgValue>
</bind>
</comp>

<comp id="80" class="1001" name="const_80">
<pin_list>
<pin id="81" dir="1" index="0" bw="1" slack="0"/>
</pin_list>
<bind>
<StgValue><ssdm name=""/></StgValue>
</bind>
</comp>

<comp id="82" class="1001" name="const_82">
<pin_list>
<pin id="83" dir="1" index="0" bw="1" slack="0"/>
</pin_list>
<bind>
<StgValue><ssdm name=""/></StgValue>
</bind>
</comp>

<comp id="84" class="1004" name="phi_urem_fu_84">
<pin_list>
<pin id="85" dir="0" index="0" bw="1" slack="0"/>
<pin id="86" dir="1" index="1" bw="13" slack="0"/>
</pin_list>
<bind>
<opcode="alloca(26) " fcode="alloca"/>
<opset="phi_urem/1 "/>
</bind>
</comp>

<comp id="88" class="1004" name="phi_mul_fu_88">
<pin_list>
<pin id="89" dir="0" index="0" bw="1" slack="0"/>
<pin id="90" dir="1" index="1" bw="27" slack="0"/>
</pin_list>
<bind>
<opcode="alloca(26) " fcode="alloca"/>
<opset="phi_mul/1 "/>
</bind>
</comp>

<comp id="92" class="1004" name="i_fu_92">
<pin_list>
<pin id="93" dir="0" index="0" bw="1" slack="0"/>
<pin id="94" dir="1" index="1" bw="13" slack="0"/>
</pin_list>
<bind>
<opcode="alloca(26) " fcode="alloca"/>
<opset="i/1 "/>
</bind>
</comp>

<comp id="96" class="1004" name="input_read_read_fu_96">
<pin_list>
<pin id="97" dir="0" index="0" bw="64" slack="0"/>
<pin id="98" dir="0" index="1" bw="64" slack="0"/>
<pin id="99" dir="1" index="2" bw="64" slack="0"/>
</pin_list>
<bind>
<opcode="read(1150) " fcode="read"/>
<opset="input_read/1 "/>
</bind>
</comp>

<comp id="102" class="1004" name="pool_ap_fixed_ap_fixed_8_5_5_3_0_int_int_int_int_int_local_input_4_addr_gep_fu_102">
<pin_list>
<pin id="103" dir="0" index="0" bw="8" slack="0"/>
<pin id="104" dir="0" index="1" bw="1" slack="0"/>
<pin id="105" dir="0" index="2" bw="11" slack="0"/>
<pin id="106" dir="1" index="3" bw="11" slack="0"/>
</pin_list>
<bind>
<opcode="getelementptr(29) " fcode="getelementptr"/>
<opset="pool_ap_fixed_ap_fixed_8_5_5_3_0_int_int_int_int_int_local_input_4_addr/3 "/>
</bind>
</comp>

<comp id="109" class="1004" name="pool_ap_fixed_ap_fixed_8_5_5_3_0_int_int_int_int_int_local_input_3_addr_gep_fu_109">
<pin_list>
<pin id="110" dir="0" index="0" bw="8" slack="0"/>
<pin id="111" dir="0" index="1" bw="1" slack="0"/>
<pin id="112" dir="0" index="2" bw="11" slack="0"/>
<pin id="113" dir="1" index="3" bw="11" slack="0"/>
</pin_list>
<bind>
<opcode="getelementptr(29) " fcode="getelementptr"/>
<opset="pool_ap_fixed_ap_fixed_8_5_5_3_0_int_int_int_int_int_local_input_3_addr/3 "/>
</bind>
</comp>

<comp id="116" class="1004" name="pool_ap_fixed_ap_fixed_8_5_5_3_0_int_int_int_int_int_local_input_2_addr_gep_fu_116">
<pin_list>
<pin id="117" dir="0" index="0" bw="8" slack="0"/>
<pin id="118" dir="0" index="1" bw="1" slack="0"/>
<pin id="119" dir="0" index="2" bw="11" slack="0"/>
<pin id="120" dir="1" index="3" bw="11" slack="0"/>
</pin_list>
<bind>
<opcode="getelementptr(29) " fcode="getelementptr"/>
<opset="pool_ap_fixed_ap_fixed_8_5_5_3_0_int_int_int_int_int_local_input_2_addr/3 "/>
</bind>
</comp>

<comp id="123" class="1004" name="pool_ap_fixed_ap_fixed_8_5_5_3_0_int_int_int_int_int_local_input_1_addr_gep_fu_123">
<pin_list>
<pin id="124" dir="0" index="0" bw="8" slack="0"/>
<pin id="125" dir="0" index="1" bw="1" slack="0"/>
<pin id="126" dir="0" index="2" bw="11" slack="0"/>
<pin id="127" dir="1" index="3" bw="11" slack="0"/>
</pin_list>
<bind>
<opcode="getelementptr(29) " fcode="getelementptr"/>
<opset="pool_ap_fixed_ap_fixed_8_5_5_3_0_int_int_int_int_int_local_input_1_addr/3 "/>
</bind>
</comp>

<comp id="130" class="1004" name="pool_ap_fixed_ap_fixed_8_5_5_3_0_int_int_int_int_int_local_input_addr_gep_fu_130">
<pin_list>
<pin id="131" dir="0" index="0" bw="8" slack="0"/>
<pin id="132" dir="0" index="1" bw="1" slack="0"/>
<pin id="133" dir="0" index="2" bw="11" slack="0"/>
<pin id="134" dir="1" index="3" bw="11" slack="0"/>
</pin_list>
<bind>
<opcode="getelementptr(29) " fcode="getelementptr"/>
<opset="pool_ap_fixed_ap_fixed_8_5_5_3_0_int_int_int_int_int_local_input_addr/3 "/>
</bind>
</comp>

<comp id="137" class="1004" name="store_ln19_access_fu_137">
<pin_list>
<pin id="138" dir="0" index="0" bw="11" slack="2147483647"/>
<pin id="139" dir="0" index="1" bw="8" slack="2147483647"/>
<pin id="140" dir="0" index="2" bw="0" slack="0"/>
<pin id="142" dir="0" index="4" bw="11" slack="1"/>
<pin id="143" dir="0" index="5" bw="8" slack="2147483647"/>
<pin id="144" dir="0" index="6" bw="0" slack="2147483647"/>
<pin id="141" dir="1" index="3" bw="8" slack="2147483647"/>
<pin id="145" dir="1" index="7" bw="8" slack="2147483647"/>
</pin_list>
<bind>
<opcode="store(28) " fcode="store"/>
<opset="store_ln19/3 "/>
</bind>
</comp>

<comp id="147" class="1004" name="store_ln19_access_fu_147">
<pin_list>
<pin id="148" dir="0" index="0" bw="11" slack="2147483647"/>
<pin id="149" dir="0" index="1" bw="8" slack="2147483647"/>
<pin id="150" dir="0" index="2" bw="0" slack="0"/>
<pin id="152" dir="0" index="4" bw="11" slack="1"/>
<pin id="153" dir="0" index="5" bw="8" slack="2147483647"/>
<pin id="154" dir="0" index="6" bw="0" slack="2147483647"/>
<pin id="151" dir="1" index="3" bw="8" slack="2147483647"/>
<pin id="155" dir="1" index="7" bw="8" slack="2147483647"/>
</pin_list>
<bind>
<opcode="store(28) " fcode="store"/>
<opset="store_ln19/3 "/>
</bind>
</comp>

<comp id="157" class="1004" name="store_ln19_access_fu_157">
<pin_list>
<pin id="158" dir="0" index="0" bw="11" slack="2147483647"/>
<pin id="159" dir="0" index="1" bw="8" slack="2147483647"/>
<pin id="160" dir="0" index="2" bw="0" slack="0"/>
<pin id="162" dir="0" index="4" bw="11" slack="1"/>
<pin id="163" dir="0" index="5" bw="8" slack="2147483647"/>
<pin id="164" dir="0" index="6" bw="0" slack="2147483647"/>
<pin id="161" dir="1" index="3" bw="8" slack="2147483647"/>
<pin id="165" dir="1" index="7" bw="8" slack="2147483647"/>
</pin_list>
<bind>
<opcode="store(28) " fcode="store"/>
<opset="store_ln19/3 "/>
</bind>
</comp>

<comp id="167" class="1004" name="store_ln19_access_fu_167">
<pin_list>
<pin id="168" dir="0" index="0" bw="11" slack="2147483647"/>
<pin id="169" dir="0" index="1" bw="8" slack="2147483647"/>
<pin id="170" dir="0" index="2" bw="0" slack="0"/>
<pin id="172" dir="0" index="4" bw="11" slack="1"/>
<pin id="173" dir="0" index="5" bw="8" slack="2147483647"/>
<pin id="174" dir="0" index="6" bw="0" slack="2147483647"/>
<pin id="171" dir="1" index="3" bw="8" slack="2147483647"/>
<pin id="175" dir="1" index="7" bw="8" slack="2147483647"/>
</pin_list>
<bind>
<opcode="store(28) " fcode="store"/>
<opset="store_ln19/3 "/>
</bind>
</comp>

<comp id="177" class="1004" name="store_ln19_access_fu_177">
<pin_list>
<pin id="178" dir="0" index="0" bw="11" slack="2147483647"/>
<pin id="179" dir="0" index="1" bw="8" slack="2147483647"/>
<pin id="180" dir="0" index="2" bw="0" slack="0"/>
<pin id="182" dir="0" index="4" bw="11" slack="1"/>
<pin id="183" dir="0" index="5" bw="8" slack="2147483647"/>
<pin id="184" dir="0" index="6" bw="0" slack="2147483647"/>
<pin id="181" dir="1" index="3" bw="8" slack="2147483647"/>
<pin id="185" dir="1" index="7" bw="8" slack="2147483647"/>
</pin_list>
<bind>
<opcode="store(28) " fcode="store"/>
<opset="store_ln19/3 "/>
</bind>
</comp>

<comp id="187" class="1004" name="gmem0_addr_read_read_fu_187">
<pin_list>
<pin id="188" dir="0" index="0" bw="8" slack="0"/>
<pin id="189" dir="0" index="1" bw="8" slack="1"/>
<pin id="190" dir="1" index="2" bw="8" slack="1"/>
</pin_list>
<bind>
<opcode="read(1150) " fcode="read"/>
<opset="gmem0_addr_read/2 "/>
</bind>
</comp>

<comp id="192" class="1004" name="store_ln17_store_fu_192">
<pin_list>
<pin id="193" dir="0" index="0" bw="1" slack="0"/>
<pin id="194" dir="0" index="1" bw="13" slack="0"/>
<pin id="195" dir="1" index="2" bw="0" slack="2147483647"/>
</pin_list>
<bind>
<opcode="store(28) " fcode="store"/>
<opset="store_ln17/1 "/>
</bind>
</comp>

<comp id="197" class="1004" name="store_ln0_store_fu_197">
<pin_list>
<pin id="198" dir="0" index="0" bw="1" slack="0"/>
<pin id="199" dir="0" index="1" bw="27" slack="0"/>
<pin id="200" dir="1" index="2" bw="0" slack="2147483647"/>
</pin_list>
<bind>
<opcode="store(28) " fcode="store"/>
<opset="store_ln0/1 "/>
</bind>
</comp>

<comp id="202" class="1004" name="store_ln0_store_fu_202">
<pin_list>
<pin id="203" dir="0" index="0" bw="1" slack="0"/>
<pin id="204" dir="0" index="1" bw="13" slack="0"/>
<pin id="205" dir="1" index="2" bw="0" slack="2147483647"/>
</pin_list>
<bind>
<opcode="store(28) " fcode="store"/>
<opset="store_ln0/1 "/>
</bind>
</comp>

<comp id="207" class="1004" name="phi_urem_load_load_fu_207">
<pin_list>
<pin id="208" dir="0" index="0" bw="13" slack="0"/>
<pin id="209" dir="1" index="1" bw="13" slack="0"/>
</pin_list>
<bind>
<opcode="load(27) " fcode="load"/>
<opset="phi_urem_load/1 "/>
</bind>
</comp>

<comp id="210" class="1004" name="i_2_load_fu_210">
<pin_list>
<pin id="211" dir="0" index="0" bw="13" slack="0"/>
<pin id="212" dir="1" index="1" bw="13" slack="0"/>
</pin_list>
<bind>
<opcode="load(27) " fcode="load"/>
<opset="i_2/1 "/>
</bind>
</comp>

<comp id="213" class="1004" name="icmp_ln17_fu_213">
<pin_list>
<pin id="214" dir="0" index="0" bw="13" slack="0"/>
<pin id="215" dir="0" index="1" bw="12" slack="0"/>
<pin id="216" dir="1" index="2" bw="1" slack="1"/>
</pin_list>
<bind>
<opcode="icmp(45) " fcode="icmp"/>
<opset="icmp_ln17/1 "/>
</bind>
</comp>

<comp id="219" class="1004" name="add_ln17_fu_219">
<pin_list>
<pin id="220" dir="0" index="0" bw="13" slack="0"/>
<pin id="221" dir="0" index="1" bw="1" slack="0"/>
<pin id="222" dir="1" index="2" bw="13" slack="0"/>
</pin_list>
<bind>
<opcode="add(8) " fcode="add"/>
<opset="add_ln17/1 "/>
</bind>
</comp>

<comp id="225" class="1004" name="gmem0_addr_fu_225">
<pin_list>
<pin id="226" dir="0" index="0" bw="8" slack="0"/>
<pin id="227" dir="0" index="1" bw="64" slack="0"/>
<pin id="228" dir="1" index="2" bw="8" slack="1"/>
</pin_list>
<bind>
<opcode="getelementptr(29) " fcode="getelementptr"/>
<opset="gmem0_addr/1 "/>
</bind>
</comp>

<comp id="231" class="1004" name="trunc_ln17_fu_231">
<pin_list>
<pin id="232" dir="0" index="0" bw="13" slack="0"/>
<pin id="233" dir="1" index="1" bw="3" slack="0"/>
</pin_list>
<bind>
<opcode="trunc(33) " fcode="trunc"/>
<opset="trunc_ln17/1 "/>
</bind>
</comp>

<comp id="235" class="1004" name="switch_ln19_fu_235">
<pin_list>
<pin id="236" dir="0" index="0" bw="3" slack="0"/>
<pin id="237" dir="0" index="1" bw="1" slack="0"/>
<pin id="238" dir="0" index="2" bw="1" slack="0"/>
<pin id="239" dir="0" index="3" bw="3" slack="0"/>
<pin id="240" dir="0" index="4" bw="3" slack="0"/>
<pin id="241" dir="1" index="5" bw="0" slack="2147483647"/>
</pin_list>
<bind>
<opcode="switch(3) " fcode="switch"/>
<opset="switch_ln19/1 "/>
</bind>
</comp>

<comp id="247" class="1004" name="add_ln17_2_fu_247">
<pin_list>
<pin id="248" dir="0" index="0" bw="13" slack="0"/>
<pin id="249" dir="0" index="1" bw="1" slack="0"/>
<pin id="250" dir="1" index="2" bw="13" slack="0"/>
</pin_list>
<bind>
<opcode="add(8) " fcode="add"/>
<opset="add_ln17_2/1 "/>
</bind>
</comp>

<comp id="253" class="1004" name="icmp_ln17_1_fu_253">
<pin_list>
<pin id="254" dir="0" index="0" bw="13" slack="0"/>
<pin id="255" dir="0" index="1" bw="4" slack="0"/>
<pin id="256" dir="1" index="2" bw="1" slack="0"/>
</pin_list>
<bind>
<opcode="icmp(45) " fcode="icmp"/>
<opset="icmp_ln17_1/1 "/>
</bind>
</comp>

<comp id="259" class="1004" name="select_ln17_fu_259">
<pin_list>
<pin id="260" dir="0" index="0" bw="1" slack="0"/>
<pin id="261" dir="0" index="1" bw="1" slack="0"/>
<pin id="262" dir="0" index="2" bw="13" slack="0"/>
<pin id="263" dir="1" index="3" bw="13" slack="0"/>
</pin_list>
<bind>
<opcode="select(49) " fcode="select"/>
<opset="select_ln17/1 "/>
</bind>
</comp>

<comp id="267" class="1004" name="store_ln17_store_fu_267">
<pin_list>
<pin id="268" dir="0" index="0" bw="13" slack="0"/>
<pin id="269" dir="0" index="1" bw="13" slack="0"/>
<pin id="270" dir="1" index="2" bw="0" slack="2147483647"/>
</pin_list>
<bind>
<opcode="store(28) " fcode="store"/>
<opset="store_ln17/1 "/>
</bind>
</comp>

<comp id="272" class="1004" name="store_ln17_store_fu_272">
<pin_list>
<pin id="273" dir="0" index="0" bw="13" slack="0"/>
<pin id="274" dir="0" index="1" bw="13" slack="0"/>
<pin id="275" dir="1" index="2" bw="0" slack="2147483647"/>
</pin_list>
<bind>
<opcode="store(28) " fcode="store"/>
<opset="store_ln17/1 "/>
</bind>
</comp>

<comp id="277" class="1004" name="phi_mul_load_load_fu_277">
<pin_list>
<pin id="278" dir="0" index="0" bw="27" slack="2"/>
<pin id="279" dir="1" index="1" bw="27" slack="0"/>
</pin_list>
<bind>
<opcode="load(27) " fcode="load"/>
<opset="phi_mul_load/3 "/>
</bind>
</comp>

<comp id="280" class="1004" name="add_ln17_1_fu_280">
<pin_list>
<pin id="281" dir="0" index="0" bw="27" slack="0"/>
<pin id="282" dir="0" index="1" bw="15" slack="0"/>
<pin id="283" dir="1" index="2" bw="27" slack="0"/>
</pin_list>
<bind>
<opcode="add(8) " fcode="add"/>
<opset="add_ln17_1/3 "/>
</bind>
</comp>

<comp id="286" class="1004" name="tmp_fu_286">
<pin_list>
<pin id="287" dir="0" index="0" bw="11" slack="0"/>
<pin id="288" dir="0" index="1" bw="27" slack="0"/>
<pin id="289" dir="0" index="2" bw="6" slack="0"/>
<pin id="290" dir="0" index="3" bw="6" slack="0"/>
<pin id="291" dir="1" index="4" bw="11" slack="0"/>
</pin_list>
<bind>
<opcode="partselect(1002) " fcode="partselect"/>
<opset="tmp/3 "/>
</bind>
</comp>

<comp id="296" class="1004" name="zext_ln17_fu_296">
<pin_list>
<pin id="297" dir="0" index="0" bw="11" slack="0"/>
<pin id="298" dir="1" index="1" bw="64" slack="0"/>
</pin_list>
<bind>
<opcode="zext(34) " fcode="zext"/>
<opset="zext_ln17/3 "/>
</bind>
</comp>

<comp id="305" class="1004" name="store_ln17_store_fu_305">
<pin_list>
<pin id="306" dir="0" index="0" bw="27" slack="0"/>
<pin id="307" dir="0" index="1" bw="27" slack="2"/>
<pin id="308" dir="1" index="2" bw="0" slack="2147483647"/>
</pin_list>
<bind>
<opcode="store(28) " fcode="store"/>
<opset="store_ln17/3 "/>
</bind>
</comp>

<comp id="310" class="1005" name="phi_urem_reg_310">
<pin_list>
<pin id="311" dir="0" index="0" bw="13" slack="0"/>
<pin id="312" dir="1" index="1" bw="13" slack="0"/>
</pin_list>
<bind>
<opset="phi_urem "/>
</bind>
</comp>

<comp id="317" class="1005" name="phi_mul_reg_317">
<pin_list>
<pin id="318" dir="0" index="0" bw="27" slack="0"/>
<pin id="319" dir="1" index="1" bw="27" slack="0"/>
</pin_list>
<bind>
<opset="phi_mul "/>
</bind>
</comp>

<comp id="324" class="1005" name="i_reg_324">
<pin_list>
<pin id="325" dir="0" index="0" bw="13" slack="0"/>
<pin id="326" dir="1" index="1" bw="13" slack="0"/>
</pin_list>
<bind>
<opset="i "/>
</bind>
</comp>

<comp id="331" class="1005" name="icmp_ln17_reg_331">
<pin_list>
<pin id="332" dir="0" index="0" bw="1" slack="1"/>
<pin id="333" dir="1" index="1" bw="1" slack="2147483647"/>
</pin_list>
<bind>
<opset="icmp_ln17 "/>
</bind>
</comp>

<comp id="335" class="1005" name="gmem0_addr_reg_335">
<pin_list>
<pin id="336" dir="0" index="0" bw="8" slack="1"/>
<pin id="337" dir="1" index="1" bw="8" slack="1"/>
</pin_list>
<bind>
<opset="gmem0_addr "/>
</bind>
</comp>

<comp id="340" class="1005" name="trunc_ln17_reg_340">
<pin_list>
<pin id="341" dir="0" index="0" bw="3" slack="2"/>
<pin id="342" dir="1" index="1" bw="3" slack="2147483647"/>
</pin_list>
<bind>
<opset="trunc_ln17 "/>
</bind>
</comp>

<comp id="344" class="1005" name="gmem0_addr_read_reg_344">
<pin_list>
<pin id="345" dir="0" index="0" bw="8" slack="1"/>
<pin id="346" dir="1" index="1" bw="8" slack="1"/>
</pin_list>
<bind>
<opset="gmem0_addr_read "/>
</bind>
</comp>

</comp_list>

<net_list>
<net id="87"><net_src comp="14" pin="0"/><net_sink comp="84" pin=0"/></net>

<net id="91"><net_src comp="14" pin="0"/><net_sink comp="88" pin=0"/></net>

<net id="95"><net_src comp="14" pin="0"/><net_sink comp="92" pin=0"/></net>

<net id="100"><net_src comp="44" pin="0"/><net_sink comp="96" pin=0"/></net>

<net id="101"><net_src comp="2" pin="0"/><net_sink comp="96" pin=1"/></net>

<net id="107"><net_src comp="4" pin="0"/><net_sink comp="102" pin=0"/></net>

<net id="108"><net_src comp="82" pin="0"/><net_sink comp="102" pin=1"/></net>

<net id="114"><net_src comp="6" pin="0"/><net_sink comp="109" pin=0"/></net>

<net id="115"><net_src comp="82" pin="0"/><net_sink comp="109" pin=1"/></net>

<net id="121"><net_src comp="8" pin="0"/><net_sink comp="116" pin=0"/></net>

<net id="122"><net_src comp="82" pin="0"/><net_sink comp="116" pin=1"/></net>

<net id="128"><net_src comp="10" pin="0"/><net_sink comp="123" pin=0"/></net>

<net id="129"><net_src comp="82" pin="0"/><net_sink comp="123" pin=1"/></net>

<net id="135"><net_src comp="12" pin="0"/><net_sink comp="130" pin=0"/></net>

<net id="136"><net_src comp="82" pin="0"/><net_sink comp="130" pin=1"/></net>

<net id="146"><net_src comp="123" pin="3"/><net_sink comp="137" pin=2"/></net>

<net id="156"><net_src comp="116" pin="3"/><net_sink comp="147" pin=2"/></net>

<net id="166"><net_src comp="109" pin="3"/><net_sink comp="157" pin=2"/></net>

<net id="176"><net_src comp="102" pin="3"/><net_sink comp="167" pin=2"/></net>

<net id="186"><net_src comp="130" pin="3"/><net_sink comp="177" pin=2"/></net>

<net id="191"><net_src comp="68" pin="0"/><net_sink comp="187" pin=0"/></net>

<net id="196"><net_src comp="46" pin="0"/><net_sink comp="192" pin=0"/></net>

<net id="201"><net_src comp="48" pin="0"/><net_sink comp="197" pin=0"/></net>

<net id="206"><net_src comp="46" pin="0"/><net_sink comp="202" pin=0"/></net>

<net id="217"><net_src comp="210" pin="1"/><net_sink comp="213" pin=0"/></net>

<net id="218"><net_src comp="50" pin="0"/><net_sink comp="213" pin=1"/></net>

<net id="223"><net_src comp="210" pin="1"/><net_sink comp="219" pin=0"/></net>

<net id="224"><net_src comp="56" pin="0"/><net_sink comp="219" pin=1"/></net>

<net id="229"><net_src comp="0" pin="0"/><net_sink comp="225" pin=0"/></net>

<net id="230"><net_src comp="96" pin="2"/><net_sink comp="225" pin=1"/></net>

<net id="234"><net_src comp="207" pin="1"/><net_sink comp="231" pin=0"/></net>

<net id="242"><net_src comp="231" pin="1"/><net_sink comp="235" pin=0"/></net>

<net id="243"><net_src comp="58" pin="0"/><net_sink comp="235" pin=1"/></net>

<net id="244"><net_src comp="60" pin="0"/><net_sink comp="235" pin=2"/></net>

<net id="245"><net_src comp="62" pin="0"/><net_sink comp="235" pin=3"/></net>

<net id="246"><net_src comp="64" pin="0"/><net_sink comp="235" pin=4"/></net>

<net id="251"><net_src comp="207" pin="1"/><net_sink comp="247" pin=0"/></net>

<net id="252"><net_src comp="56" pin="0"/><net_sink comp="247" pin=1"/></net>

<net id="257"><net_src comp="207" pin="1"/><net_sink comp="253" pin=0"/></net>

<net id="258"><net_src comp="66" pin="0"/><net_sink comp="253" pin=1"/></net>

<net id="264"><net_src comp="253" pin="2"/><net_sink comp="259" pin=0"/></net>

<net id="265"><net_src comp="46" pin="0"/><net_sink comp="259" pin=1"/></net>

<net id="266"><net_src comp="247" pin="2"/><net_sink comp="259" pin=2"/></net>

<net id="271"><net_src comp="219" pin="2"/><net_sink comp="267" pin=0"/></net>

<net id="276"><net_src comp="259" pin="3"/><net_sink comp="272" pin=0"/></net>

<net id="284"><net_src comp="277" pin="1"/><net_sink comp="280" pin=0"/></net>

<net id="285"><net_src comp="76" pin="0"/><net_sink comp="280" pin=1"/></net>

<net id="292"><net_src comp="78" pin="0"/><net_sink comp="286" pin=0"/></net>

<net id="293"><net_src comp="277" pin="1"/><net_sink comp="286" pin=1"/></net>

<net id="294"><net_src comp="40" pin="0"/><net_sink comp="286" pin=2"/></net>

<net id="295"><net_src comp="80" pin="0"/><net_sink comp="286" pin=3"/></net>

<net id="299"><net_src comp="286" pin="4"/><net_sink comp="296" pin=0"/></net>

<net id="300"><net_src comp="296" pin="1"/><net_sink comp="102" pin=2"/></net>

<net id="301"><net_src comp="296" pin="1"/><net_sink comp="109" pin=2"/></net>

<net id="302"><net_src comp="296" pin="1"/><net_sink comp="116" pin=2"/></net>

<net id="303"><net_src comp="296" pin="1"/><net_sink comp="123" pin=2"/></net>

<net id="304"><net_src comp="296" pin="1"/><net_sink comp="130" pin=2"/></net>

<net id="309"><net_src comp="280" pin="2"/><net_sink comp="305" pin=0"/></net>

<net id="313"><net_src comp="84" pin="1"/><net_sink comp="310" pin=0"/></net>

<net id="314"><net_src comp="310" pin="1"/><net_sink comp="202" pin=1"/></net>

<net id="315"><net_src comp="310" pin="1"/><net_sink comp="207" pin=0"/></net>

<net id="316"><net_src comp="310" pin="1"/><net_sink comp="272" pin=1"/></net>

<net id="320"><net_src comp="88" pin="1"/><net_sink comp="317" pin=0"/></net>

<net id="321"><net_src comp="317" pin="1"/><net_sink comp="197" pin=1"/></net>

<net id="322"><net_src comp="317" pin="1"/><net_sink comp="277" pin=0"/></net>

<net id="323"><net_src comp="317" pin="1"/><net_sink comp="305" pin=1"/></net>

<net id="327"><net_src comp="92" pin="1"/><net_sink comp="324" pin=0"/></net>

<net id="328"><net_src comp="324" pin="1"/><net_sink comp="192" pin=1"/></net>

<net id="329"><net_src comp="324" pin="1"/><net_sink comp="210" pin=0"/></net>

<net id="330"><net_src comp="324" pin="1"/><net_sink comp="267" pin=1"/></net>

<net id="334"><net_src comp="213" pin="2"/><net_sink comp="331" pin=0"/></net>

<net id="338"><net_src comp="225" pin="2"/><net_sink comp="335" pin=0"/></net>

<net id="339"><net_src comp="335" pin="1"/><net_sink comp="187" pin=1"/></net>

<net id="343"><net_src comp="231" pin="1"/><net_sink comp="340" pin=0"/></net>

<net id="347"><net_src comp="187" pin="2"/><net_sink comp="344" pin=0"/></net>

<net id="348"><net_src comp="344" pin="1"/><net_sink comp="137" pin=4"/></net>

<net id="349"><net_src comp="344" pin="1"/><net_sink comp="147" pin=4"/></net>

<net id="350"><net_src comp="344" pin="1"/><net_sink comp="157" pin=4"/></net>

<net id="351"><net_src comp="344" pin="1"/><net_sink comp="167" pin=4"/></net>

<net id="352"><net_src comp="344" pin="1"/><net_sink comp="177" pin=4"/></net>

</net_list>

</model> 
---------------- Datapath Model END ------------------

* FSMD analyzer results:
  - Output states:
	Port: pool_ap_fixed_ap_fixed_8_5_5_3_0_int_int_int_int_int_local_input_4 | {3 }
	Port: pool_ap_fixed_ap_fixed_8_5_5_3_0_int_int_int_int_int_local_input_3 | {3 }
	Port: pool_ap_fixed_ap_fixed_8_5_5_3_0_int_int_int_int_int_local_input_2 | {3 }
	Port: pool_ap_fixed_ap_fixed_8_5_5_3_0_int_int_int_int_int_local_input_1 | {3 }
	Port: pool_ap_fixed_ap_fixed_8_5_5_3_0_int_int_int_int_int_local_input | {3 }
 - Input state : 
	Port: pool_Pipeline_LOAD_POOL : gmem0 | {2 }
	Port: pool_Pipeline_LOAD_POOL : input_r | {1 }
  - Chain level:
	State 1
		store_ln17 : 1
		store_ln0 : 1
		store_ln0 : 1
		phi_urem_load : 1
		i_2 : 1
		icmp_ln17 : 2
		add_ln17 : 2
		br_ln17 : 3
		trunc_ln17 : 2
		switch_ln19 : 3
		add_ln17_2 : 2
		icmp_ln17_1 : 2
		select_ln17 : 3
		store_ln17 : 3
		store_ln17 : 4
	State 2
	State 3
		add_ln17_1 : 1
		tmp : 1
		zext_ln17 : 2
		pool_ap_fixed_ap_fixed_8_5_5_3_0_int_int_int_int_int_local_input_4_addr : 3
		pool_ap_fixed_ap_fixed_8_5_5_3_0_int_int_int_int_int_local_input_3_addr : 3
		pool_ap_fixed_ap_fixed_8_5_5_3_0_int_int_int_int_int_local_input_2_addr : 3
		pool_ap_fixed_ap_fixed_8_5_5_3_0_int_int_int_int_int_local_input_1_addr : 3
		pool_ap_fixed_ap_fixed_8_5_5_3_0_int_int_int_int_int_local_input_addr : 3
		store_ln19 : 4
		store_ln19 : 4
		store_ln19 : 4
		store_ln19 : 4
		store_ln19 : 4
		store_ln17 : 2


============================================================
+ Verbose Summary: Datapath Resource usage 
============================================================

* Functional unit list:
|----------|-----------------------------|---------|---------|
| Operation|       Functional Unit       |    FF   |   LUT   |
|----------|-----------------------------|---------|---------|
|          |       add_ln17_fu_219       |    0    |    14   |
|    add   |      add_ln17_2_fu_247      |    0    |    14   |
|          |      add_ln17_1_fu_280      |    0    |    34   |
|----------|-----------------------------|---------|---------|
|   icmp   |       icmp_ln17_fu_213      |    0    |    14   |
|          |      icmp_ln17_1_fu_253     |    0    |    14   |
|----------|-----------------------------|---------|---------|
|  select  |      select_ln17_fu_259     |    0    |    13   |
|----------|-----------------------------|---------|---------|
|   read   |    input_read_read_fu_96    |    0    |    0    |
|          | gmem0_addr_read_read_fu_187 |    0    |    0    |
|----------|-----------------------------|---------|---------|
|   trunc  |      trunc_ln17_fu_231      |    0    |    0    |
|----------|-----------------------------|---------|---------|
|  switch  |      switch_ln19_fu_235     |    0    |    0    |
|----------|-----------------------------|---------|---------|
|partselect|          tmp_fu_286         |    0    |    0    |
|----------|-----------------------------|---------|---------|
|   zext   |       zext_ln17_fu_296      |    0    |    0    |
|----------|-----------------------------|---------|---------|
|   Total  |                             |    0    |   103   |
|----------|-----------------------------|---------|---------|

Memories:
N/A

* Register list:
+-----------------------+--------+
|                       |   FF   |
+-----------------------+--------+
|gmem0_addr_read_reg_344|    8   |
|   gmem0_addr_reg_335  |    8   |
|       i_reg_324       |   13   |
|   icmp_ln17_reg_331   |    1   |
|    phi_mul_reg_317    |   27   |
|    phi_urem_reg_310   |   13   |
|   trunc_ln17_reg_340  |    3   |
+-----------------------+--------+
|         Total         |   73   |
+-----------------------+--------+

* Multiplexer (MUX) list: 
|--------|------|------|------|--------|
|  Comp  |  Pin | Size |  BW  | S x BW |
|--------|------|------|------|--------|
|  Total |      |      |      |    0   |
|--------|------|------|------|--------|



* Summary:
+-----------+--------+--------+
|           |   FF   |   LUT  |
+-----------+--------+--------+
|  Function |    0   |   103  |
|   Memory  |    -   |    -   |
|Multiplexer|    -   |    -   |
|  Register |   73   |    -   |
+-----------+--------+--------+
|   Total   |   73   |   103  |
+-----------+--------+--------+
