

================================================================
== Vitis HLS Report for 'top'
================================================================
* Date:           Sun Mar 15 23:46:46 2026

* Version:        2025.2 (Build 6295257 on Nov 14 2025)
* Project:        top
* Solution:       hls (Vivado IP Flow Target)
* Product family: zynq
* Target device:  xc7z020-clg484-1


================================================================
== Performance Estimates
================================================================
+ Timing: 
    * Summary: 
    +--------+----------+----------+------------+
    |  Clock |  Target  | Estimated| Uncertainty|
    +--------+----------+----------+------------+
    |ap_clk  |  10.00 ns|  8.750 ns|     1.25 ns|
    +--------+----------+----------+------------+

+ Latency: 
    * Summary: 
    +---------+---------+----------+----------+--------+--------+---------+
    |  Latency (cycles) |  Latency (absolute) |     Interval    | Pipeline|
    |   min   |   max   |    min   |    max   |   min  |   max  |   Type  |
    +---------+---------+----------+----------+--------+--------+---------+
    |   102476|   102476|  1.025 ms|  1.025 ms|  102477|  102477|       no|
    +---------+---------+----------+----------+--------+--------+---------+

    + Detail: 
        * Instance: 
        N/A

        * Loop: 
        N/A

============================================================
+ Verbose Summary: Synthesis Manager
============================================================
InlineROM: 1
ExposeGlobal: 0
============================================================
+ Verbose Summary: CDFG Model
============================================================
IsTopModel: 1
ResetActiveHigh: 1
IsCombinational: 0
IsDatapathOnly: 0
HasWiredReturn: 1
HasMFsm: 0
HasVarLatency: 1
IsPipeline: 0
IsRtlPipelined: 0
IsInstanceOverlapped: 0
IsDontTouch: 0
HasImplIP: 0
IsGatedGlobalClock: 0


============================================================
+ Verbose Summary: Schedule
============================================================
* Number of FSM states : 16
* Pipeline : 0
* Dataflow Pipeline: 0

* FSM state transitions: 
1 --> 2 
2 --> 3 
3 --> 4 
4 --> 5 
5 --> 6 
6 --> 7 
7 --> 8 
8 --> 9 
9 --> 10 
10 --> 11 
11 --> 12 
12 --> 13 
13 --> 14 
14 --> 15 
15 --> 16 
16 --> 

* FSM state operations: 

State 1 <SV = 0> <Delay = 1.00>
ST_1 : Operation 17 [1/1] (1.00ns)   --->   "%outputDense_read = read i64 @_ssdm_op_Read.s_axilite.i64, i64 %outputDense"   --->   Operation 17 'read' 'outputDense_read' <Predicate = true> <Delay = 1.00> <CoreInst = "s_axilite">   --->   Core 112 's_axilite' <Latency = 0> <II = 1> <Delay = 1.00> <Adapter> <Opcode : 'read' 'write'>
ST_1 : Operation 18 [1/1] (1.00ns)   --->   "%input_r_read = read i64 @_ssdm_op_Read.s_axilite.i64, i64 %input_r"   --->   Operation 18 'read' 'input_r_read' <Predicate = true> <Delay = 1.00> <CoreInst = "s_axilite">   --->   Core 112 's_axilite' <Latency = 0> <II = 1> <Delay = 1.00> <Adapter> <Opcode : 'read' 'write'>
ST_1 : Operation 19 [1/1] (0.00ns)   --->   "%outputConv = alloca i64 1" [../src/eight.cpp:17]   --->   Operation 19 'alloca' 'outputConv' <Predicate = true> <Delay = 0.00> <CoreInst = "RAM_2P_BRAM">   --->   Core 90 'RAM_2P_BRAM' <Latency = 1> <II = 1> <Delay = 3.25> <Storage> <Opcode : 'load' 'store'> <Ports = 2> <Width = 7> <Depth = 1255> <RAM>
ST_1 : Operation 20 [1/1] (0.00ns)   --->   "%outputConv_1 = alloca i64 1" [../src/eight.cpp:17]   --->   Operation 20 'alloca' 'outputConv_1' <Predicate = true> <Delay = 0.00> <CoreInst = "RAM_2P_BRAM">   --->   Core 90 'RAM_2P_BRAM' <Latency = 1> <II = 1> <Delay = 3.25> <Storage> <Opcode : 'load' 'store'> <Ports = 2> <Width = 7> <Depth = 1255> <RAM>
ST_1 : Operation 21 [1/1] (0.00ns)   --->   "%outputConv_2 = alloca i64 1" [../src/eight.cpp:17]   --->   Operation 21 'alloca' 'outputConv_2' <Predicate = true> <Delay = 0.00> <CoreInst = "RAM_2P_BRAM">   --->   Core 90 'RAM_2P_BRAM' <Latency = 1> <II = 1> <Delay = 3.25> <Storage> <Opcode : 'load' 'store'> <Ports = 2> <Width = 7> <Depth = 1255> <RAM>
ST_1 : Operation 22 [1/1] (0.00ns)   --->   "%outputConv_3 = alloca i64 1" [../src/eight.cpp:17]   --->   Operation 22 'alloca' 'outputConv_3' <Predicate = true> <Delay = 0.00> <CoreInst = "RAM_2P_BRAM">   --->   Core 90 'RAM_2P_BRAM' <Latency = 1> <II = 1> <Delay = 3.25> <Storage> <Opcode : 'load' 'store'> <Ports = 2> <Width = 7> <Depth = 1255> <RAM>
ST_1 : Operation 23 [1/1] (0.00ns)   --->   "%outputConv_4 = alloca i64 1" [../src/eight.cpp:17]   --->   Operation 23 'alloca' 'outputConv_4' <Predicate = true> <Delay = 0.00> <CoreInst = "RAM_2P_BRAM">   --->   Core 90 'RAM_2P_BRAM' <Latency = 1> <II = 1> <Delay = 3.25> <Storage> <Opcode : 'load' 'store'> <Ports = 2> <Width = 7> <Depth = 1255> <RAM>
ST_1 : Operation 24 [1/1] (0.00ns)   --->   "%outputPool = alloca i64 1" [../src/eight.cpp:18]   --->   Operation 24 'alloca' 'outputPool' <Predicate = true> <Delay = 0.00> <CoreInst = "RAM_2P_BRAM">   --->   Core 90 'RAM_2P_BRAM' <Latency = 1> <II = 1> <Delay = 3.25> <Storage> <Opcode : 'load' 'store'> <Ports = 2> <Width = 7> <Depth = 196> <RAM>
ST_1 : Operation 25 [1/1] (0.00ns)   --->   "%outputPool_1 = alloca i64 1" [../src/eight.cpp:18]   --->   Operation 25 'alloca' 'outputPool_1' <Predicate = true> <Delay = 0.00> <CoreInst = "RAM_2P_BRAM">   --->   Core 90 'RAM_2P_BRAM' <Latency = 1> <II = 1> <Delay = 3.25> <Storage> <Opcode : 'load' 'store'> <Ports = 2> <Width = 7> <Depth = 196> <RAM>
ST_1 : Operation 26 [1/1] (0.00ns)   --->   "%outputPool_2 = alloca i64 1" [../src/eight.cpp:18]   --->   Operation 26 'alloca' 'outputPool_2' <Predicate = true> <Delay = 0.00> <CoreInst = "RAM_2P_BRAM">   --->   Core 90 'RAM_2P_BRAM' <Latency = 1> <II = 1> <Delay = 3.25> <Storage> <Opcode : 'load' 'store'> <Ports = 2> <Width = 7> <Depth = 196> <RAM>
ST_1 : Operation 27 [1/1] (0.00ns)   --->   "%outputPool_3 = alloca i64 1" [../src/eight.cpp:18]   --->   Operation 27 'alloca' 'outputPool_3' <Predicate = true> <Delay = 0.00> <CoreInst = "RAM_2P_BRAM">   --->   Core 90 'RAM_2P_BRAM' <Latency = 1> <II = 1> <Delay = 3.25> <Storage> <Opcode : 'load' 'store'> <Ports = 2> <Width = 7> <Depth = 196> <RAM>
ST_1 : Operation 28 [1/1] (0.00ns)   --->   "%outputPool_4 = alloca i64 1" [../src/eight.cpp:18]   --->   Operation 28 'alloca' 'outputPool_4' <Predicate = true> <Delay = 0.00> <CoreInst = "RAM_2P_BRAM">   --->   Core 90 'RAM_2P_BRAM' <Latency = 1> <II = 1> <Delay = 3.25> <Storage> <Opcode : 'load' 'store'> <Ports = 2> <Width = 7> <Depth = 196> <RAM>
ST_1 : Operation 29 [1/1] (0.00ns)   --->   "%outputPool_5 = alloca i64 1" [../src/eight.cpp:18]   --->   Operation 29 'alloca' 'outputPool_5' <Predicate = true> <Delay = 0.00> <CoreInst = "RAM_2P_BRAM">   --->   Core 90 'RAM_2P_BRAM' <Latency = 1> <II = 1> <Delay = 3.25> <Storage> <Opcode : 'load' 'store'> <Ports = 2> <Width = 7> <Depth = 196> <RAM>
ST_1 : Operation 30 [1/1] (0.00ns)   --->   "%outputPool_6 = alloca i64 1" [../src/eight.cpp:18]   --->   Operation 30 'alloca' 'outputPool_6' <Predicate = true> <Delay = 0.00> <CoreInst = "RAM_2P_BRAM">   --->   Core 90 'RAM_2P_BRAM' <Latency = 1> <II = 1> <Delay = 3.25> <Storage> <Opcode : 'load' 'store'> <Ports = 2> <Width = 7> <Depth = 196> <RAM>
ST_1 : Operation 31 [1/1] (0.00ns)   --->   "%outputPool_7 = alloca i64 1" [../src/eight.cpp:18]   --->   Operation 31 'alloca' 'outputPool_7' <Predicate = true> <Delay = 0.00> <CoreInst = "RAM_2P_BRAM">   --->   Core 90 'RAM_2P_BRAM' <Latency = 1> <II = 1> <Delay = 3.25> <Storage> <Opcode : 'load' 'store'> <Ports = 2> <Width = 7> <Depth = 196> <RAM>
ST_1 : Operation 32 [1/1] (0.00ns)   --->   "%outputConv2 = alloca i64 1" [../src/eight.cpp:19]   --->   Operation 32 'alloca' 'outputConv2' <Predicate = true> <Delay = 0.00> <CoreInst = "RAM_2P_BRAM">   --->   Core 90 'RAM_2P_BRAM' <Latency = 1> <II = 1> <Delay = 3.25> <Storage> <Opcode : 'load' 'store'> <Ports = 2> <Width = 7> <Depth = 1568> <RAM>
ST_1 : Operation 33 [1/1] (0.00ns)   --->   "%outputConv2_1 = alloca i64 1" [../src/eight.cpp:19]   --->   Operation 33 'alloca' 'outputConv2_1' <Predicate = true> <Delay = 0.00> <CoreInst = "RAM_2P_BRAM">   --->   Core 90 'RAM_2P_BRAM' <Latency = 1> <II = 1> <Delay = 3.25> <Storage> <Opcode : 'load' 'store'> <Ports = 2> <Width = 7> <Depth = 1568> <RAM>
ST_1 : Operation 34 [1/1] (0.00ns)   --->   "%outputPool2 = alloca i64 1" [../src/eight.cpp:20]   --->   Operation 34 'alloca' 'outputPool2' <Predicate = true> <Delay = 0.00>
ST_1 : Operation 35 [1/1] (0.00ns)   --->   "%outputPool2_1 = alloca i64 1" [../src/eight.cpp:20]   --->   Operation 35 'alloca' 'outputPool2_1' <Predicate = true> <Delay = 0.00>
ST_1 : Operation 36 [1/1] (0.00ns)   --->   "%outputPool2_2 = alloca i64 1" [../src/eight.cpp:20]   --->   Operation 36 'alloca' 'outputPool2_2' <Predicate = true> <Delay = 0.00>
ST_1 : Operation 37 [1/1] (0.00ns)   --->   "%outputPool2_3 = alloca i64 1" [../src/eight.cpp:20]   --->   Operation 37 'alloca' 'outputPool2_3' <Predicate = true> <Delay = 0.00>
ST_1 : Operation 38 [1/1] (0.00ns)   --->   "%outputPool2_4 = alloca i64 1" [../src/eight.cpp:20]   --->   Operation 38 'alloca' 'outputPool2_4' <Predicate = true> <Delay = 0.00>
ST_1 : Operation 39 [1/1] (0.00ns)   --->   "%outputPool2_5 = alloca i64 1" [../src/eight.cpp:20]   --->   Operation 39 'alloca' 'outputPool2_5' <Predicate = true> <Delay = 0.00>
ST_1 : Operation 40 [1/1] (0.00ns)   --->   "%outputPool2_6 = alloca i64 1" [../src/eight.cpp:20]   --->   Operation 40 'alloca' 'outputPool2_6' <Predicate = true> <Delay = 0.00>
ST_1 : Operation 41 [1/1] (0.00ns)   --->   "%outputPool2_7 = alloca i64 1" [../src/eight.cpp:20]   --->   Operation 41 'alloca' 'outputPool2_7' <Predicate = true> <Delay = 0.00>

State 2 <SV = 1> <Delay = 8.75>
ST_2 : Operation 42 [2/2] (8.75ns)   --->   "%call_ln23 = call void @conv1, i8 %gmem0, i64 %input_r_read, i7 %outputConv, i7 %outputConv_1, i7 %outputConv_2, i7 %outputConv_3, i7 %outputConv_4" [../src/eight.cpp:23]   --->   Operation 42 'call' 'call_ln23' <Predicate = true> <Delay = 8.75> <CoreType = "Generic">   --->   Generic Core

State 3 <SV = 2> <Delay = 0.00>
ST_3 : Operation 43 [1/2] (0.00ns)   --->   "%call_ln23 = call void @conv1, i8 %gmem0, i64 %input_r_read, i7 %outputConv, i7 %outputConv_1, i7 %outputConv_2, i7 %outputConv_3, i7 %outputConv_4" [../src/eight.cpp:23]   --->   Operation 43 'call' 'call_ln23' <Predicate = true> <Delay = 0.00> <CoreType = "Generic">   --->   Generic Core

State 4 <SV = 3> <Delay = 0.00>
ST_4 : Operation 44 [2/2] (0.00ns)   --->   "%call_ln24 = call void @pool, i7 %outputConv, i7 %outputConv_1, i7 %outputConv_2, i7 %outputConv_3, i7 %outputConv_4, i7 %outputPool, i7 %outputPool_1, i7 %outputPool_2, i7 %outputPool_3, i7 %outputPool_4, i7 %outputPool_5, i7 %outputPool_6, i7 %outputPool_7" [../src/eight.cpp:24]   --->   Operation 44 'call' 'call_ln24' <Predicate = true> <Delay = 0.00> <CoreType = "Generic">   --->   Generic Core

State 5 <SV = 4> <Delay = 0.00>
ST_5 : Operation 45 [1/2] (0.00ns)   --->   "%call_ln24 = call void @pool, i7 %outputConv, i7 %outputConv_1, i7 %outputConv_2, i7 %outputConv_3, i7 %outputConv_4, i7 %outputPool, i7 %outputPool_1, i7 %outputPool_2, i7 %outputPool_3, i7 %outputPool_4, i7 %outputPool_5, i7 %outputPool_6, i7 %outputPool_7" [../src/eight.cpp:24]   --->   Operation 45 'call' 'call_ln24' <Predicate = true> <Delay = 0.00> <CoreType = "Generic">   --->   Generic Core

State 6 <SV = 5> <Delay = 0.00>
ST_6 : Operation 46 [2/2] (0.00ns)   --->   "%call_ln26 = call void @conv2, i7 %outputPool, i7 %outputPool_1, i7 %outputPool_2, i7 %outputPool_3, i7 %outputPool_4, i7 %outputPool_5, i7 %outputPool_6, i7 %outputPool_7, i7 %outputConv2, i7 %outputConv2_1, i8 %conv2_ap_fixed_8_5_5_3_0_ap_fixed_8_5_5_3_0_partial_sums, i8 %conv2_ap_fixed_8_5_5_3_0_ap_fixed_8_5_5_3_0_partial_sums_2, i8 %conv2_ap_fixed_8_5_5_3_0_ap_fixed_8_5_5_3_0_partial_sums_3, i8 %conv2_ap_fixed_8_5_5_3_0_ap_fixed_8_5_5_3_0_partial_sums_4, i8 %conv2_ap_fixed_8_5_5_3_0_ap_fixed_8_5_5_3_0_partial_sums_5, i8 %conv2_ap_fixed_8_5_5_3_0_ap_fixed_8_5_5_3_0_partial_sums_6, i8 %conv2_ap_fixed_8_5_5_3_0_ap_fixed_8_5_5_3_0_partial_sums_7, i8 %conv2_ap_fixed_8_5_5_3_0_ap_fixed_8_5_5_3_0_partial_sums_8, i4 %p_ZL12conv2_weight_6, i4 %p_ZL12conv2_weight_4, i4 %p_ZL12conv2_weight_3, i3 %p_ZL12conv2_weight_0, i4 %p_ZL12conv2_weight_1, i4 %p_ZL12conv2_weight_2, i4 %p_ZL12conv2_weight_5, i4 %p_ZL12conv2_weight_7, i4 %p_ZL12conv2_weight_8" [../src/eight.cpp:26]   --->   Operation 46 'call' 'call_ln26' <Predicate = true> <Delay = 0.00> <CoreType = "Generic">   --->   Generic Core

State 7 <SV = 6> <Delay = 1.78>
ST_7 : Operation 47 [1/2] (1.78ns)   --->   "%call_ln26 = call void @conv2, i7 %outputPool, i7 %outputPool_1, i7 %outputPool_2, i7 %outputPool_3, i7 %outputPool_4, i7 %outputPool_5, i7 %outputPool_6, i7 %outputPool_7, i7 %outputConv2, i7 %outputConv2_1, i8 %conv2_ap_fixed_8_5_5_3_0_ap_fixed_8_5_5_3_0_partial_sums, i8 %conv2_ap_fixed_8_5_5_3_0_ap_fixed_8_5_5_3_0_partial_sums_2, i8 %conv2_ap_fixed_8_5_5_3_0_ap_fixed_8_5_5_3_0_partial_sums_3, i8 %conv2_ap_fixed_8_5_5_3_0_ap_fixed_8_5_5_3_0_partial_sums_4, i8 %conv2_ap_fixed_8_5_5_3_0_ap_fixed_8_5_5_3_0_partial_sums_5, i8 %conv2_ap_fixed_8_5_5_3_0_ap_fixed_8_5_5_3_0_partial_sums_6, i8 %conv2_ap_fixed_8_5_5_3_0_ap_fixed_8_5_5_3_0_partial_sums_7, i8 %conv2_ap_fixed_8_5_5_3_0_ap_fixed_8_5_5_3_0_partial_sums_8, i4 %p_ZL12conv2_weight_6, i4 %p_ZL12conv2_weight_4, i4 %p_ZL12conv2_weight_3, i3 %p_ZL12conv2_weight_0, i4 %p_ZL12conv2_weight_1, i4 %p_ZL12conv2_weight_2, i4 %p_ZL12conv2_weight_5, i4 %p_ZL12conv2_weight_7, i4 %p_ZL12conv2_weight_8" [../src/eight.cpp:26]   --->   Operation 47 'call' 'call_ln26' <Predicate = true> <Delay = 1.78> <CoreType = "Generic">   --->   Generic Core

State 8 <SV = 7> <Delay = 0.00>
ST_8 : Operation 48 [2/2] (0.00ns)   --->   "%call_ln27 = call void @pool.1, i7 %outputConv2, i7 %outputConv2_1, i7 %outputPool2, i7 %outputPool2_1, i7 %outputPool2_2, i7 %outputPool2_3, i7 %outputPool2_4, i7 %outputPool2_5, i7 %outputPool2_6, i7 %outputPool2_7" [../src/eight.cpp:27]   --->   Operation 48 'call' 'call_ln27' <Predicate = true> <Delay = 0.00> <CoreType = "Generic">   --->   Generic Core

State 9 <SV = 8> <Delay = 8.75>
ST_9 : Operation 49 [1/2] (0.00ns)   --->   "%call_ln27 = call void @pool.1, i7 %outputConv2, i7 %outputConv2_1, i7 %outputPool2, i7 %outputPool2_1, i7 %outputPool2_2, i7 %outputPool2_3, i7 %outputPool2_4, i7 %outputPool2_5, i7 %outputPool2_6, i7 %outputPool2_7" [../src/eight.cpp:27]   --->   Operation 49 'call' 'call_ln27' <Predicate = true> <Delay = 0.00> <CoreType = "Generic">   --->   Generic Core
ST_9 : Operation 50 [1/1] (0.00ns)   --->   "%gmem0_addr = getelementptr i8 %gmem0, i64 %outputDense_read" [../src/dense.cpp:13->../src/eight.cpp:29]   --->   Operation 50 'getelementptr' 'gmem0_addr' <Predicate = true> <Delay = 0.00>
ST_9 : Operation 51 [1/1] ( I:8.75ns O:8.75ns )   --->   "%empty = writereq i1 @_ssdm_op_WriteReq.m_axi.p1i8, i8 %gmem0_addr, i64 10" [../src/dense.cpp:13->../src/eight.cpp:29]   --->   Operation 51 'writereq' 'empty' <Predicate = true> <Delay = 8.75> <CoreInst = "m_axi">   --->   Core 111 'm_axi' <Latency = 9> <II = 1> <Delay = 1.00> <Adapter> <Opcode : 'readrequnaligned' 'writerequnaligned' 'read' 'write' 'readreq' 'writereq' 'writeresp'>

State 10 <SV = 9> <Delay = 0.00>
ST_10 : Operation 52 [2/2] (0.00ns)   --->   "%call_ln0 = call void @top_Pipeline_DENSE_OUTER_DENSE_INNER, i8 %gmem0, i64 %outputDense_read, i7 %outputPool2, i7 %outputPool2_1, i7 %outputPool2_2, i7 %outputPool2_3, i7 %outputPool2_4, i7 %outputPool2_5, i7 %outputPool2_6, i7 %outputPool2_7, i4 %fc1_weight"   --->   Operation 52 'call' 'call_ln0' <Predicate = true> <Delay = 0.00> <CoreType = "Generic">   --->   Generic Core

State 11 <SV = 10> <Delay = 0.00>
ST_11 : Operation 53 [1/2] (0.00ns)   --->   "%call_ln0 = call void @top_Pipeline_DENSE_OUTER_DENSE_INNER, i8 %gmem0, i64 %outputDense_read, i7 %outputPool2, i7 %outputPool2_1, i7 %outputPool2_2, i7 %outputPool2_3, i7 %outputPool2_4, i7 %outputPool2_5, i7 %outputPool2_6, i7 %outputPool2_7, i4 %fc1_weight"   --->   Operation 53 'call' 'call_ln0' <Predicate = true> <Delay = 0.00> <CoreType = "Generic">   --->   Generic Core

State 12 <SV = 11> <Delay = 0.00>
ST_12 : Operation 54 [5/5] (8.75ns)   --->   "%empty_46 = writeresp i1 @_ssdm_op_WriteResp.m_axi.p1i8, i8 %gmem0_addr" [../src/eight.cpp:30]   --->   Operation 54 'writeresp' 'empty_46' <Predicate = true> <Delay = 8.75> <CoreInst = "m_axi">   --->   Core 111 'm_axi' <Latency = 3> <II = 1> <Delay = 1.00> <Adapter> <Opcode : 'readrequnaligned' 'writerequnaligned' 'read' 'write' 'readreq' 'writereq' 'writeresp'>

State 13 <SV = 12> <Delay = 0.00>
ST_13 : Operation 55 [4/5] (8.75ns)   --->   "%empty_46 = writeresp i1 @_ssdm_op_WriteResp.m_axi.p1i8, i8 %gmem0_addr" [../src/eight.cpp:30]   --->   Operation 55 'writeresp' 'empty_46' <Predicate = true> <Delay = 8.75> <CoreInst = "m_axi">   --->   Core 111 'm_axi' <Latency = 3> <II = 1> <Delay = 1.00> <Adapter> <Opcode : 'readrequnaligned' 'writerequnaligned' 'read' 'write' 'readreq' 'writereq' 'writeresp'>

State 14 <SV = 13> <Delay = 0.00>
ST_14 : Operation 56 [3/5] (8.75ns)   --->   "%empty_46 = writeresp i1 @_ssdm_op_WriteResp.m_axi.p1i8, i8 %gmem0_addr" [../src/eight.cpp:30]   --->   Operation 56 'writeresp' 'empty_46' <Predicate = true> <Delay = 8.75> <CoreInst = "m_axi">   --->   Core 111 'm_axi' <Latency = 3> <II = 1> <Delay = 1.00> <Adapter> <Opcode : 'readrequnaligned' 'writerequnaligned' 'read' 'write' 'readreq' 'writereq' 'writeresp'>

State 15 <SV = 14> <Delay = 0.00>
ST_15 : Operation 57 [2/5] (8.75ns)   --->   "%empty_46 = writeresp i1 @_ssdm_op_WriteResp.m_axi.p1i8, i8 %gmem0_addr" [../src/eight.cpp:30]   --->   Operation 57 'writeresp' 'empty_46' <Predicate = true> <Delay = 8.75> <CoreInst = "m_axi">   --->   Core 111 'm_axi' <Latency = 3> <II = 1> <Delay = 1.00> <Adapter> <Opcode : 'readrequnaligned' 'writerequnaligned' 'read' 'write' 'readreq' 'writereq' 'writeresp'>

State 16 <SV = 15> <Delay = 8.75>
ST_16 : Operation 58 [1/1] (0.00ns)   --->   "%spectopmodule_ln5 = spectopmodule void @_ssdm_op_SpecTopModule, void @empty_7" [../src/eight.cpp:5]   --->   Operation 58 'spectopmodule' 'spectopmodule_ln5' <Predicate = true> <Delay = 0.00>
ST_16 : Operation 59 [1/1] (0.00ns)   --->   "%specinterface_ln0 = specinterface void @_ssdm_op_SpecInterface, i8 %gmem0, void @empty_21, i32 0, i32 0, void @empty_22, i32 0, i32 848, void @empty_14, void @empty, void @empty_22, i32 16, i32 16, i32 16, i32 16, void @empty_22, void @empty_22, i32 4294967295, i32 0, i32 0, i32 1"   --->   Operation 59 'specinterface' 'specinterface_ln0' <Predicate = true> <Delay = 0.00>
ST_16 : Operation 60 [1/1] (0.00ns)   --->   "%specbitsmap_ln0 = specbitsmap void @_ssdm_op_SpecBitsMap, i8 %gmem0"   --->   Operation 60 'specbitsmap' 'specbitsmap_ln0' <Predicate = true> <Delay = 0.00>
ST_16 : Operation 61 [1/1] (0.00ns)   --->   "%specinterface_ln0 = specinterface void @_ssdm_op_SpecInterface, i64 %input_r, void @empty_12, i32 0, i32 0, void @empty_22, i32 0, i32 0, void @empty_16, void @empty_17, void @empty_22, i32 0, i32 0, i32 0, i32 0, void @empty_22, void @empty_18, i32 4294967295, i32 0, i32 0, i32 0"   --->   Operation 61 'specinterface' 'specinterface_ln0' <Predicate = true> <Delay = 0.00>
ST_16 : Operation 62 [1/1] (0.00ns)   --->   "%specinterface_ln0 = specinterface void @_ssdm_op_SpecInterface, i64 %input_r, void @empty_5, i32 0, i32 0, void @empty_22, i32 0, i32 0, void @empty_22, void @empty_22, void @empty_22, i32 0, i32 0, i32 0, i32 0, void @empty_22, void @empty_18, i32 4294967295, i32 0, i32 0, i32 0"   --->   Operation 62 'specinterface' 'specinterface_ln0' <Predicate = true> <Delay = 0.00>
ST_16 : Operation 63 [1/1] (0.00ns)   --->   "%specinterface_ln0 = specinterface void @_ssdm_op_SpecInterface, i64 %outputDense, void @empty_12, i32 0, i32 0, void @empty_22, i32 0, i32 0, void @empty_16, void @empty_3, void @empty_22, i32 0, i32 0, i32 0, i32 0, void @empty_22, void @empty_18, i32 4294967295, i32 0, i32 0, i32 0"   --->   Operation 63 'specinterface' 'specinterface_ln0' <Predicate = true> <Delay = 0.00>
ST_16 : Operation 64 [1/1] (0.00ns)   --->   "%specinterface_ln0 = specinterface void @_ssdm_op_SpecInterface, i64 %outputDense, void @empty_5, i32 0, i32 0, void @empty_22, i32 0, i32 0, void @empty_22, void @empty_22, void @empty_22, i32 0, i32 0, i32 0, i32 0, void @empty_22, void @empty_18, i32 4294967295, i32 0, i32 0, i32 0"   --->   Operation 64 'specinterface' 'specinterface_ln0' <Predicate = true> <Delay = 0.00>
ST_16 : Operation 65 [1/1] (0.00ns)   --->   "%specinterface_ln0 = specinterface void @_ssdm_op_SpecInterface, i32 0, void @empty_12, i32 0, i32 0, void @empty_22, i32 0, i32 0, void @empty_16, void @empty_22, void @empty_22, i32 0, i32 0, i32 0, i32 0, void @empty_22, void @empty_22, i32 0, i32 0, i32 0, i32 0"   --->   Operation 65 'specinterface' 'specinterface_ln0' <Predicate = true> <Delay = 0.00>
ST_16 : Operation 66 [1/1] (0.00ns)   --->   "%specmemcore_ln24 = specmemcore void @_ssdm_op_SpecMemCore, i7 %outputConv_4, i64 666, i64 22, i64 18446744073709551615, i1 0" [../src/eight.cpp:24]   --->   Operation 66 'specmemcore' 'specmemcore_ln24' <Predicate = true> <Delay = 0.00>
ST_16 : Operation 67 [1/1] (0.00ns)   --->   "%specmemcore_ln24 = specmemcore void @_ssdm_op_SpecMemCore, i7 %outputConv_3, i64 666, i64 22, i64 18446744073709551615, i1 0" [../src/eight.cpp:24]   --->   Operation 67 'specmemcore' 'specmemcore_ln24' <Predicate = true> <Delay = 0.00>
ST_16 : Operation 68 [1/1] (0.00ns)   --->   "%specmemcore_ln24 = specmemcore void @_ssdm_op_SpecMemCore, i7 %outputConv_2, i64 666, i64 22, i64 18446744073709551615, i1 0" [../src/eight.cpp:24]   --->   Operation 68 'specmemcore' 'specmemcore_ln24' <Predicate = true> <Delay = 0.00>
ST_16 : Operation 69 [1/1] (0.00ns)   --->   "%specmemcore_ln24 = specmemcore void @_ssdm_op_SpecMemCore, i7 %outputConv_1, i64 666, i64 22, i64 18446744073709551615, i1 0" [../src/eight.cpp:24]   --->   Operation 69 'specmemcore' 'specmemcore_ln24' <Predicate = true> <Delay = 0.00>
ST_16 : Operation 70 [1/1] (0.00ns)   --->   "%specmemcore_ln24 = specmemcore void @_ssdm_op_SpecMemCore, i7 %outputConv, i64 666, i64 22, i64 18446744073709551615, i1 0" [../src/eight.cpp:24]   --->   Operation 70 'specmemcore' 'specmemcore_ln24' <Predicate = true> <Delay = 0.00>
ST_16 : Operation 71 [1/1] (0.00ns)   --->   "%specmemcore_ln26 = specmemcore void @_ssdm_op_SpecMemCore, i7 %outputPool_7, i64 666, i64 22, i64 18446744073709551615, i1 0" [../src/eight.cpp:26]   --->   Operation 71 'specmemcore' 'specmemcore_ln26' <Predicate = true> <Delay = 0.00>
ST_16 : Operation 72 [1/1] (0.00ns)   --->   "%specmemcore_ln26 = specmemcore void @_ssdm_op_SpecMemCore, i7 %outputPool_6, i64 666, i64 22, i64 18446744073709551615, i1 0" [../src/eight.cpp:26]   --->   Operation 72 'specmemcore' 'specmemcore_ln26' <Predicate = true> <Delay = 0.00>
ST_16 : Operation 73 [1/1] (0.00ns)   --->   "%specmemcore_ln26 = specmemcore void @_ssdm_op_SpecMemCore, i7 %outputPool_5, i64 666, i64 22, i64 18446744073709551615, i1 0" [../src/eight.cpp:26]   --->   Operation 73 'specmemcore' 'specmemcore_ln26' <Predicate = true> <Delay = 0.00>
ST_16 : Operation 74 [1/1] (0.00ns)   --->   "%specmemcore_ln26 = specmemcore void @_ssdm_op_SpecMemCore, i7 %outputPool_4, i64 666, i64 22, i64 18446744073709551615, i1 0" [../src/eight.cpp:26]   --->   Operation 74 'specmemcore' 'specmemcore_ln26' <Predicate = true> <Delay = 0.00>
ST_16 : Operation 75 [1/1] (0.00ns)   --->   "%specmemcore_ln26 = specmemcore void @_ssdm_op_SpecMemCore, i7 %outputPool_3, i64 666, i64 22, i64 18446744073709551615, i1 0" [../src/eight.cpp:26]   --->   Operation 75 'specmemcore' 'specmemcore_ln26' <Predicate = true> <Delay = 0.00>
ST_16 : Operation 76 [1/1] (0.00ns)   --->   "%specmemcore_ln26 = specmemcore void @_ssdm_op_SpecMemCore, i7 %outputPool_2, i64 666, i64 22, i64 18446744073709551615, i1 0" [../src/eight.cpp:26]   --->   Operation 76 'specmemcore' 'specmemcore_ln26' <Predicate = true> <Delay = 0.00>
ST_16 : Operation 77 [1/1] (0.00ns)   --->   "%specmemcore_ln26 = specmemcore void @_ssdm_op_SpecMemCore, i7 %outputPool_1, i64 666, i64 22, i64 18446744073709551615, i1 0" [../src/eight.cpp:26]   --->   Operation 77 'specmemcore' 'specmemcore_ln26' <Predicate = true> <Delay = 0.00>
ST_16 : Operation 78 [1/1] (0.00ns)   --->   "%specmemcore_ln26 = specmemcore void @_ssdm_op_SpecMemCore, i7 %outputPool, i64 666, i64 22, i64 18446744073709551615, i1 0" [../src/eight.cpp:26]   --->   Operation 78 'specmemcore' 'specmemcore_ln26' <Predicate = true> <Delay = 0.00>
ST_16 : Operation 79 [1/1] (0.00ns)   --->   "%specmemcore_ln27 = specmemcore void @_ssdm_op_SpecMemCore, i7 %outputConv2_1, i64 666, i64 22, i64 18446744073709551615, i1 0" [../src/eight.cpp:27]   --->   Operation 79 'specmemcore' 'specmemcore_ln27' <Predicate = true> <Delay = 0.00>
ST_16 : Operation 80 [1/1] (0.00ns)   --->   "%specmemcore_ln27 = specmemcore void @_ssdm_op_SpecMemCore, i7 %outputConv2, i64 666, i64 22, i64 18446744073709551615, i1 0" [../src/eight.cpp:27]   --->   Operation 80 'specmemcore' 'specmemcore_ln27' <Predicate = true> <Delay = 0.00>
ST_16 : Operation 81 [1/5] ( I:8.75ns O:8.75ns )   --->   "%empty_46 = writeresp i1 @_ssdm_op_WriteResp.m_axi.p1i8, i8 %gmem0_addr" [../src/eight.cpp:30]   --->   Operation 81 'writeresp' 'empty_46' <Predicate = true> <Delay = 8.75> <CoreInst = "m_axi">   --->   Core 111 'm_axi' <Latency = 3> <II = 1> <Delay = 1.00> <Adapter> <Opcode : 'readrequnaligned' 'writerequnaligned' 'read' 'write' 'readreq' 'writereq' 'writeresp'>
ST_16 : Operation 82 [1/1] (0.00ns)   --->   "%ret_ln30 = ret" [../src/eight.cpp:30]   --->   Operation 82 'ret' 'ret_ln30' <Predicate = true> <Delay = 0.00>


============================================================
+ Verbose Summary: Timing violations
============================================================
Target clock period: 10.000ns, clock uncertainty: 1.250ns.

 <State 1>: 1.000ns
The critical path consists of the following:
	s_axi read operation ('outputDense_read') on port 'outputDense' [30]  (1.000 ns)

 <State 2>: 8.750ns
The critical path consists of the following:
	'call' operation ('call_ln23', ../src/eight.cpp:23) to 'conv1' [55]  (8.750 ns)

 <State 3>: 0.000ns
The critical path consists of the following:

 <State 4>: 0.000ns
The critical path consists of the following:

 <State 5>: 0.000ns
The critical path consists of the following:

 <State 6>: 0.000ns
The critical path consists of the following:

 <State 7>: 1.780ns
The critical path consists of the following:
	'call' operation ('call_ln26', ../src/eight.cpp:26) to 'conv2' [70]  (1.780 ns)

 <State 8>: 0.000ns
The critical path consists of the following:

 <State 9>: 8.750ns
The critical path consists of the following:
	'getelementptr' operation 8 bit ('gmem0_addr', ../src/dense.cpp:13->../src/eight.cpp:29) [74]  (0.000 ns)
	bus request operation ('empty', ../src/dense.cpp:13->../src/eight.cpp:29) on port 'gmem0' (../src/dense.cpp:13->../src/eight.cpp:29) [75]  (8.750 ns)

 <State 10>: 0.000ns
The critical path consists of the following:

 <State 11>: 0.000ns
The critical path consists of the following:

 <State 12>: 0.000ns
The critical path consists of the following:

 <State 13>: 0.000ns
The critical path consists of the following:

 <State 14>: 0.000ns
The critical path consists of the following:

 <State 15>: 0.000ns
The critical path consists of the following:

 <State 16>: 8.750ns
The critical path consists of the following:
	bus response operation ('empty_46', ../src/eight.cpp:30) on port 'gmem0' (../src/eight.cpp:30) [77]  (8.750 ns)


============================================================
+ Verbose Summary: Binding
============================================================
N/A
* FSMD analyzer results:
  - Output states:
 - Input state : 
  - Chain level:
	State 1
	State 2
	State 3
	State 4
	State 5
	State 6
	State 7
	State 8
	State 9
	State 10
	State 11
	State 12
	State 13
	State 14
	State 15
	State 16


============================================================
+ Verbose Summary: Datapath Resource usage 
============================================================
N/A
