

================================================================
== Vitis HLS Report for 'top_Pipeline_LOAD_BIAS'
================================================================
* Date:           Sat Mar  7 18:28:21 2026

* Version:        2025.2 (Build 6295257 on Nov 14 2025)
* Project:        top
* Solution:       hls (Vivado IP Flow Target)
* Product family: zynq
* Target device:  xc7z020-clg484-1


================================================================
== Performance Estimates
================================================================
+ Timing: 
    * Summary: 
    +--------+----------+----------+------------+
    |  Clock |  Target  | Estimated| Uncertainty|
    +--------+----------+----------+------------+
    |ap_clk  |  10.00 ns|  8.750 ns|     1.25 ns|
    +--------+----------+----------+------------+

+ Latency: 
    * Summary: 
    +---------+---------+----------+----------+-----+-----+-------------------+
    |  Latency (cycles) |  Latency (absolute) |  Interval |      Pipeline     |
    |   min   |   max   |    min   |    max   | min | max |        Type       |
    +---------+---------+----------+----------+-----+-----+-------------------+
    |       12|       12|  0.120 us|  0.120 us|    0|    0|  loop pipeline stp|
    +---------+---------+----------+----------+-----+-----+-------------------+

    + Detail: 
        * Instance: 
        N/A

        * Loop: 
        +-------------+---------+---------+----------+-----------+-----------+------+----------+
        |             |  Latency (cycles) | Iteration|  Initiation Interval  | Trip |          |
        |  Loop Name  |   min   |   max   |  Latency |  achieved |   target  | Count| Pipelined|
        +-------------+---------+---------+----------+-----------+-----------+------+----------+
        |- LOAD_BIAS  |       10|       10|         2|          1|          1|    10|       yes|
        +-------------+---------+---------+----------+-----------+-----------+------+----------+

============================================================
+ Verbose Summary: Synthesis Manager
============================================================
InlineROM: 1
ExposeGlobal: 0
============================================================
+ Verbose Summary: CDFG Model
============================================================
IsTopModel: 0
ResetActiveHigh: 1
IsCombinational: 0
IsDatapathOnly: 0
HasWiredReturn: 1
HasMFsm: 2
HasVarLatency: 1
IsPipeline: 0
IsRtlPipelined: 0
IsInstanceOverlapped: 0
IsDontTouch: 0
HasImplIP: 0
IsGatedGlobalClock: 0

+ Individual pipeline summary: 
  * Pipeline-0: initiation interval (II) = 1, depth = 2


============================================================
+ Verbose Summary: Schedule
============================================================
* Number of FSM states : 2
* Pipeline : 1
  Pipeline-0 : II = 1, D = 2, States = { 1 2 }
* Dataflow Pipeline: 0

* FSM state transitions: 
1 --> 2 
2 --> 

* FSM state operations: 

State 1 <SV = 0> <Delay = 4.91>
ST_1 : Operation 5 [1/1] (0.00ns)   --->   "%i_1 = alloca i32 1" [../src/dense.cpp:19->../src/eight.cpp:55]   --->   Operation 5 'alloca' 'i_1' <Predicate = true> <Delay = 0.00>
ST_1 : Operation 6 [1/1] (0.00ns)   --->   "%local_bias = alloca i32 1" [../src/dense.cpp:17->../src/eight.cpp:55]   --->   Operation 6 'alloca' 'local_bias' <Predicate = true> <Delay = 0.00>
ST_1 : Operation 7 [1/1] (0.00ns)   --->   "%local_bias_1 = alloca i32 1" [../src/dense.cpp:17->../src/eight.cpp:55]   --->   Operation 7 'alloca' 'local_bias_1' <Predicate = true> <Delay = 0.00>
ST_1 : Operation 8 [1/1] (0.00ns)   --->   "%local_bias_2 = alloca i32 1" [../src/dense.cpp:17->../src/eight.cpp:55]   --->   Operation 8 'alloca' 'local_bias_2' <Predicate = true> <Delay = 0.00>
ST_1 : Operation 9 [1/1] (0.00ns)   --->   "%local_bias_3 = alloca i32 1" [../src/dense.cpp:17->../src/eight.cpp:55]   --->   Operation 9 'alloca' 'local_bias_3' <Predicate = true> <Delay = 0.00>
ST_1 : Operation 10 [1/1] (0.00ns)   --->   "%local_bias_4 = alloca i32 1" [../src/dense.cpp:17->../src/eight.cpp:55]   --->   Operation 10 'alloca' 'local_bias_4' <Predicate = true> <Delay = 0.00>
ST_1 : Operation 11 [1/1] (0.00ns)   --->   "%local_bias_5 = alloca i32 1" [../src/dense.cpp:17->../src/eight.cpp:55]   --->   Operation 11 'alloca' 'local_bias_5' <Predicate = true> <Delay = 0.00>
ST_1 : Operation 12 [1/1] (0.00ns)   --->   "%local_bias_6 = alloca i32 1" [../src/dense.cpp:17->../src/eight.cpp:55]   --->   Operation 12 'alloca' 'local_bias_6' <Predicate = true> <Delay = 0.00>
ST_1 : Operation 13 [1/1] (0.00ns)   --->   "%local_bias_7 = alloca i32 1" [../src/dense.cpp:17->../src/eight.cpp:55]   --->   Operation 13 'alloca' 'local_bias_7' <Predicate = true> <Delay = 0.00>
ST_1 : Operation 14 [1/1] (0.00ns)   --->   "%local_bias_8 = alloca i32 1" [../src/dense.cpp:17->../src/eight.cpp:55]   --->   Operation 14 'alloca' 'local_bias_8' <Predicate = true> <Delay = 0.00>
ST_1 : Operation 15 [1/1] (0.00ns)   --->   "%local_bias_9 = alloca i32 1" [../src/dense.cpp:17->../src/eight.cpp:55]   --->   Operation 15 'alloca' 'local_bias_9' <Predicate = true> <Delay = 0.00>
ST_1 : Operation 16 [1/1] (0.00ns)   --->   "%specstablecontent_ln0 = specstablecontent void @_ssdm_op_SpecStableContent, i8 %gmem1, i1 1, void "   --->   Operation 16 'specstablecontent' 'specstablecontent_ln0' <Predicate = true> <Delay = 0.00>
ST_1 : Operation 17 [1/1] (0.00ns)   --->   "%specinterface_ln0 = specinterface void @_ssdm_op_SpecInterface, i8 %gmem1, void @empty_7, i32 0, i32 0, void @empty_8, i32 0, i32 136, void @empty_32, void @empty_20, void @empty_8, i32 16, i32 16, i32 16, i32 16, void @empty_8, void @empty_8, i32 4294967295, i32 0, i32 0, i32 1"   --->   Operation 17 'specinterface' 'specinterface_ln0' <Predicate = true> <Delay = 0.00>
ST_1 : Operation 18 [1/1] (0.00ns)   --->   "%fcBias_read = read i64 @_ssdm_op_Read.ap_auto.i64, i64 %fcBias"   --->   Operation 18 'read' 'fcBias_read' <Predicate = true> <Delay = 0.00>
ST_1 : Operation 19 [1/1] (1.58ns)   --->   "%store_ln19 = store i4 0, i4 %i_1" [../src/dense.cpp:19->../src/eight.cpp:55]   --->   Operation 19 'store' 'store_ln19' <Predicate = true> <Delay = 1.58>
ST_1 : Operation 20 [1/1] (0.00ns)   --->   "%br_ln0 = br void %for.inc12.i"   --->   Operation 20 'br' 'br_ln0' <Predicate = true> <Delay = 0.00>
ST_1 : Operation 21 [1/1] (0.00ns)   --->   "%i = load i4 %i_1" [../src/dense.cpp:19->../src/eight.cpp:55]   --->   Operation 21 'load' 'i' <Predicate = true> <Delay = 0.00>
ST_1 : Operation 22 [1/1] (0.00ns)   --->   "%specbitsmap_ln0 = specbitsmap void @_ssdm_op_SpecBitsMap, i8 %gmem1"   --->   Operation 22 'specbitsmap' 'specbitsmap_ln0' <Predicate = true> <Delay = 0.00>
ST_1 : Operation 23 [1/1] (1.73ns)   --->   "%icmp_ln19 = icmp_eq  i4 %i, i4 10" [../src/dense.cpp:19->../src/eight.cpp:55]   --->   Operation 23 'icmp' 'icmp_ln19' <Predicate = true> <Delay = 1.73> <CoreInst = "Cmp">   --->   Core 9 'Cmp' <Latency = 0> <II = 1> <Delay = 1.73> <FuncUnit> <Opcode : 'seteq' 'setne' 'setle' 'setge' 'setlt' 'setgt'> <InPorts = 2> <OutPorts = 1>
ST_1 : Operation 24 [1/1] (1.73ns)   --->   "%add_ln19 = add i4 %i, i4 1" [../src/dense.cpp:19->../src/eight.cpp:55]   --->   Operation 24 'add' 'add_ln19' <Predicate = true> <Delay = 1.73> <CoreInst = "Adder">   --->   Core 1 'Adder' <Latency = 0> <II = 1> <Delay = 1.73> <FuncUnit> <Opcode : 'add' 'sub'> <InPorts = 2> <OutPorts = 1>
ST_1 : Operation 25 [1/1] (0.00ns)   --->   "%br_ln19 = br i1 %icmp_ln19, void %for.inc12.i.split, void %DENSE_OUTER.i.exitStub" [../src/dense.cpp:19->../src/eight.cpp:55]   --->   Operation 25 'br' 'br_ln19' <Predicate = true> <Delay = 0.00>
ST_1 : Operation 26 [1/1] (0.00ns)   --->   "%gmem1_addr = getelementptr i8 %gmem1, i64 %fcBias_read" [../src/dense.cpp:19->../src/eight.cpp:55]   --->   Operation 26 'getelementptr' 'gmem1_addr' <Predicate = (!icmp_ln19)> <Delay = 0.00>
ST_1 : Operation 27 [1/1] (1.73ns)   --->   "%switch_ln21 = switch i4 %i, void %arrayidx11.i.case.9, i4 0, void %arrayidx11.i.case.0, i4 1, void %arrayidx11.i.case.1, i4 2, void %arrayidx11.i.case.2, i4 3, void %arrayidx11.i.case.3, i4 4, void %arrayidx11.i.case.4, i4 5, void %arrayidx11.i.case.5, i4 6, void %arrayidx11.i.case.6, i4 7, void %arrayidx11.i.case.7, i4 8, void %for.inc12.i.split.arrayidx11.i.exit_crit_edge" [../src/dense.cpp:21->../src/eight.cpp:55]   --->   Operation 27 'switch' 'switch_ln21' <Predicate = (!icmp_ln19)> <Delay = 1.73>
ST_1 : Operation 28 [1/1] (1.58ns)   --->   "%store_ln19 = store i4 %add_ln19, i4 %i_1" [../src/dense.cpp:19->../src/eight.cpp:55]   --->   Operation 28 'store' 'store_ln19' <Predicate = (!icmp_ln19)> <Delay = 1.58>
ST_1 : Operation 29 [1/1] (0.00ns)   --->   "%br_ln19 = br void %for.inc12.i" [../src/dense.cpp:19->../src/eight.cpp:55]   --->   Operation 29 'br' 'br_ln19' <Predicate = (!icmp_ln19)> <Delay = 0.00>
ST_1 : Operation 54 [1/1] (0.00ns)   --->   "%local_bias_load = load i8 %local_bias"   --->   Operation 54 'load' 'local_bias_load' <Predicate = (icmp_ln19)> <Delay = 0.00>
ST_1 : Operation 55 [1/1] (0.00ns)   --->   "%local_bias_1_load = load i8 %local_bias_1"   --->   Operation 55 'load' 'local_bias_1_load' <Predicate = (icmp_ln19)> <Delay = 0.00>
ST_1 : Operation 56 [1/1] (0.00ns)   --->   "%local_bias_2_load = load i8 %local_bias_2"   --->   Operation 56 'load' 'local_bias_2_load' <Predicate = (icmp_ln19)> <Delay = 0.00>
ST_1 : Operation 57 [1/1] (0.00ns)   --->   "%local_bias_3_load = load i8 %local_bias_3"   --->   Operation 57 'load' 'local_bias_3_load' <Predicate = (icmp_ln19)> <Delay = 0.00>
ST_1 : Operation 58 [1/1] (0.00ns)   --->   "%local_bias_4_load = load i8 %local_bias_4"   --->   Operation 58 'load' 'local_bias_4_load' <Predicate = (icmp_ln19)> <Delay = 0.00>
ST_1 : Operation 59 [1/1] (0.00ns)   --->   "%local_bias_5_load = load i8 %local_bias_5"   --->   Operation 59 'load' 'local_bias_5_load' <Predicate = (icmp_ln19)> <Delay = 0.00>
ST_1 : Operation 60 [1/1] (0.00ns)   --->   "%local_bias_6_load = load i8 %local_bias_6"   --->   Operation 60 'load' 'local_bias_6_load' <Predicate = (icmp_ln19)> <Delay = 0.00>
ST_1 : Operation 61 [1/1] (0.00ns)   --->   "%local_bias_7_load = load i8 %local_bias_7"   --->   Operation 61 'load' 'local_bias_7_load' <Predicate = (icmp_ln19)> <Delay = 0.00>
ST_1 : Operation 62 [1/1] (0.00ns)   --->   "%local_bias_8_load = load i8 %local_bias_8"   --->   Operation 62 'load' 'local_bias_8_load' <Predicate = (icmp_ln19)> <Delay = 0.00>
ST_1 : Operation 63 [1/1] (0.00ns)   --->   "%local_bias_9_load = load i8 %local_bias_9"   --->   Operation 63 'load' 'local_bias_9_load' <Predicate = (icmp_ln19)> <Delay = 0.00>
ST_1 : Operation 64 [1/1] (0.00ns)   --->   "%write_ln0 = write void @_ssdm_op_Write.ap_auto.i8P0A, i8 %local_bias_9_out, i8 %local_bias_9_load"   --->   Operation 64 'write' 'write_ln0' <Predicate = (icmp_ln19)> <Delay = 0.00>
ST_1 : Operation 65 [1/1] (0.00ns)   --->   "%write_ln0 = write void @_ssdm_op_Write.ap_auto.i8P0A, i8 %local_bias_8_out, i8 %local_bias_8_load"   --->   Operation 65 'write' 'write_ln0' <Predicate = (icmp_ln19)> <Delay = 0.00>
ST_1 : Operation 66 [1/1] (0.00ns)   --->   "%write_ln0 = write void @_ssdm_op_Write.ap_auto.i8P0A, i8 %local_bias_7_out, i8 %local_bias_7_load"   --->   Operation 66 'write' 'write_ln0' <Predicate = (icmp_ln19)> <Delay = 0.00>
ST_1 : Operation 67 [1/1] (0.00ns)   --->   "%write_ln0 = write void @_ssdm_op_Write.ap_auto.i8P0A, i8 %local_bias_6_out, i8 %local_bias_6_load"   --->   Operation 67 'write' 'write_ln0' <Predicate = (icmp_ln19)> <Delay = 0.00>
ST_1 : Operation 68 [1/1] (0.00ns)   --->   "%write_ln0 = write void @_ssdm_op_Write.ap_auto.i8P0A, i8 %local_bias_5_out, i8 %local_bias_5_load"   --->   Operation 68 'write' 'write_ln0' <Predicate = (icmp_ln19)> <Delay = 0.00>
ST_1 : Operation 69 [1/1] (0.00ns)   --->   "%write_ln0 = write void @_ssdm_op_Write.ap_auto.i8P0A, i8 %local_bias_4_out, i8 %local_bias_4_load"   --->   Operation 69 'write' 'write_ln0' <Predicate = (icmp_ln19)> <Delay = 0.00>
ST_1 : Operation 70 [1/1] (0.00ns)   --->   "%write_ln0 = write void @_ssdm_op_Write.ap_auto.i8P0A, i8 %local_bias_3_out, i8 %local_bias_3_load"   --->   Operation 70 'write' 'write_ln0' <Predicate = (icmp_ln19)> <Delay = 0.00>
ST_1 : Operation 71 [1/1] (0.00ns)   --->   "%write_ln0 = write void @_ssdm_op_Write.ap_auto.i8P0A, i8 %local_bias_2_out, i8 %local_bias_2_load"   --->   Operation 71 'write' 'write_ln0' <Predicate = (icmp_ln19)> <Delay = 0.00>
ST_1 : Operation 72 [1/1] (0.00ns)   --->   "%write_ln0 = write void @_ssdm_op_Write.ap_auto.i8P0A, i8 %local_bias_1_out, i8 %local_bias_1_load"   --->   Operation 72 'write' 'write_ln0' <Predicate = (icmp_ln19)> <Delay = 0.00>
ST_1 : Operation 73 [1/1] (0.00ns)   --->   "%write_ln0 = write void @_ssdm_op_Write.ap_auto.i8P0A, i8 %local_bias_out, i8 %local_bias_load"   --->   Operation 73 'write' 'write_ln0' <Predicate = (icmp_ln19)> <Delay = 0.00>
ST_1 : Operation 74 [1/1] (1.58ns)   --->   "%ret_ln0 = ret"   --->   Operation 74 'ret' 'ret_ln0' <Predicate = (icmp_ln19)> <Delay = 1.58>

State 2 <SV = 1> <Delay = 8.75>
ST_2 : Operation 30 [1/1] (0.00ns)   --->   "%specpipeline_ln20 = specpipeline void @_ssdm_op_SpecPipeline, i32 1, i32 0, i32 0, i32 0, i32 4294967295, void @empty_8" [../src/dense.cpp:20->../src/eight.cpp:55]   --->   Operation 30 'specpipeline' 'specpipeline_ln20' <Predicate = true> <Delay = 0.00>
ST_2 : Operation 31 [1/1] (0.00ns)   --->   "%speclooptripcount_ln17 = speclooptripcount void @_ssdm_op_SpecLoopTripCount, i64 10, i64 10, i64 10" [../src/dense.cpp:17->../src/eight.cpp:55]   --->   Operation 31 'speclooptripcount' 'speclooptripcount_ln17' <Predicate = true> <Delay = 0.00>
ST_2 : Operation 32 [1/1] (0.00ns)   --->   "%specloopname_ln19 = specloopname void @_ssdm_op_SpecLoopName, void @empty_26" [../src/dense.cpp:19->../src/eight.cpp:55]   --->   Operation 32 'specloopname' 'specloopname_ln19' <Predicate = true> <Delay = 0.00>
ST_2 : Operation 33 [1/1] ( I:8.75ns O:8.75ns )   --->   "%local_bias_10 = read i8 @_ssdm_op_Read.m_axi.i8.p1i8, i8 %gmem1_addr" [../src/dense.cpp:21->../src/eight.cpp:55]   --->   Operation 33 'read' 'local_bias_10' <Predicate = true> <Delay = 8.75> <CoreInst = "m_axi">   --->   Core 111 'm_axi' <Latency = 3> <II = 1> <Delay = 1.00> <Adapter> <Opcode : 'readrequnaligned' 'writerequnaligned' 'read' 'write' 'readreq' 'writereq' 'writeresp'>
ST_2 : Operation 34 [1/1] (0.00ns)   --->   "%store_ln17 = store i8 %local_bias_10, i8 %local_bias_8" [../src/dense.cpp:17->../src/eight.cpp:55]   --->   Operation 34 'store' 'store_ln17' <Predicate = (i == 8)> <Delay = 0.00>
ST_2 : Operation 35 [1/1] (0.00ns)   --->   "%br_ln21 = br void %arrayidx11.i.exit" [../src/dense.cpp:21->../src/eight.cpp:55]   --->   Operation 35 'br' 'br_ln21' <Predicate = (i == 8)> <Delay = 0.00>
ST_2 : Operation 36 [1/1] (0.00ns)   --->   "%store_ln17 = store i8 %local_bias_10, i8 %local_bias_7" [../src/dense.cpp:17->../src/eight.cpp:55]   --->   Operation 36 'store' 'store_ln17' <Predicate = (i == 7)> <Delay = 0.00>
ST_2 : Operation 37 [1/1] (0.00ns)   --->   "%br_ln21 = br void %arrayidx11.i.exit" [../src/dense.cpp:21->../src/eight.cpp:55]   --->   Operation 37 'br' 'br_ln21' <Predicate = (i == 7)> <Delay = 0.00>
ST_2 : Operation 38 [1/1] (0.00ns)   --->   "%store_ln17 = store i8 %local_bias_10, i8 %local_bias_6" [../src/dense.cpp:17->../src/eight.cpp:55]   --->   Operation 38 'store' 'store_ln17' <Predicate = (i == 6)> <Delay = 0.00>
ST_2 : Operation 39 [1/1] (0.00ns)   --->   "%br_ln21 = br void %arrayidx11.i.exit" [../src/dense.cpp:21->../src/eight.cpp:55]   --->   Operation 39 'br' 'br_ln21' <Predicate = (i == 6)> <Delay = 0.00>
ST_2 : Operation 40 [1/1] (0.00ns)   --->   "%store_ln17 = store i8 %local_bias_10, i8 %local_bias_5" [../src/dense.cpp:17->../src/eight.cpp:55]   --->   Operation 40 'store' 'store_ln17' <Predicate = (i == 5)> <Delay = 0.00>
ST_2 : Operation 41 [1/1] (0.00ns)   --->   "%br_ln21 = br void %arrayidx11.i.exit" [../src/dense.cpp:21->../src/eight.cpp:55]   --->   Operation 41 'br' 'br_ln21' <Predicate = (i == 5)> <Delay = 0.00>
ST_2 : Operation 42 [1/1] (0.00ns)   --->   "%store_ln17 = store i8 %local_bias_10, i8 %local_bias_4" [../src/dense.cpp:17->../src/eight.cpp:55]   --->   Operation 42 'store' 'store_ln17' <Predicate = (i == 4)> <Delay = 0.00>
ST_2 : Operation 43 [1/1] (0.00ns)   --->   "%br_ln21 = br void %arrayidx11.i.exit" [../src/dense.cpp:21->../src/eight.cpp:55]   --->   Operation 43 'br' 'br_ln21' <Predicate = (i == 4)> <Delay = 0.00>
ST_2 : Operation 44 [1/1] (0.00ns)   --->   "%store_ln17 = store i8 %local_bias_10, i8 %local_bias_3" [../src/dense.cpp:17->../src/eight.cpp:55]   --->   Operation 44 'store' 'store_ln17' <Predicate = (i == 3)> <Delay = 0.00>
ST_2 : Operation 45 [1/1] (0.00ns)   --->   "%br_ln21 = br void %arrayidx11.i.exit" [../src/dense.cpp:21->../src/eight.cpp:55]   --->   Operation 45 'br' 'br_ln21' <Predicate = (i == 3)> <Delay = 0.00>
ST_2 : Operation 46 [1/1] (0.00ns)   --->   "%store_ln17 = store i8 %local_bias_10, i8 %local_bias_2" [../src/dense.cpp:17->../src/eight.cpp:55]   --->   Operation 46 'store' 'store_ln17' <Predicate = (i == 2)> <Delay = 0.00>
ST_2 : Operation 47 [1/1] (0.00ns)   --->   "%br_ln21 = br void %arrayidx11.i.exit" [../src/dense.cpp:21->../src/eight.cpp:55]   --->   Operation 47 'br' 'br_ln21' <Predicate = (i == 2)> <Delay = 0.00>
ST_2 : Operation 48 [1/1] (0.00ns)   --->   "%store_ln17 = store i8 %local_bias_10, i8 %local_bias_1" [../src/dense.cpp:17->../src/eight.cpp:55]   --->   Operation 48 'store' 'store_ln17' <Predicate = (i == 1)> <Delay = 0.00>
ST_2 : Operation 49 [1/1] (0.00ns)   --->   "%br_ln21 = br void %arrayidx11.i.exit" [../src/dense.cpp:21->../src/eight.cpp:55]   --->   Operation 49 'br' 'br_ln21' <Predicate = (i == 1)> <Delay = 0.00>
ST_2 : Operation 50 [1/1] (0.00ns)   --->   "%store_ln17 = store i8 %local_bias_10, i8 %local_bias" [../src/dense.cpp:17->../src/eight.cpp:55]   --->   Operation 50 'store' 'store_ln17' <Predicate = (i == 0)> <Delay = 0.00>
ST_2 : Operation 51 [1/1] (0.00ns)   --->   "%br_ln21 = br void %arrayidx11.i.exit" [../src/dense.cpp:21->../src/eight.cpp:55]   --->   Operation 51 'br' 'br_ln21' <Predicate = (i == 0)> <Delay = 0.00>
ST_2 : Operation 52 [1/1] (0.00ns)   --->   "%store_ln17 = store i8 %local_bias_10, i8 %local_bias_9" [../src/dense.cpp:17->../src/eight.cpp:55]   --->   Operation 52 'store' 'store_ln17' <Predicate = (i != 0 & i != 1 & i != 2 & i != 3 & i != 4 & i != 5 & i != 6 & i != 7 & i != 8)> <Delay = 0.00>
ST_2 : Operation 53 [1/1] (0.00ns)   --->   "%br_ln21 = br void %arrayidx11.i.exit" [../src/dense.cpp:21->../src/eight.cpp:55]   --->   Operation 53 'br' 'br_ln21' <Predicate = (i != 0 & i != 1 & i != 2 & i != 3 & i != 4 & i != 5 & i != 6 & i != 7 & i != 8)> <Delay = 0.00>


============================================================
+ Verbose Summary: Binding
============================================================
STG Binding: 
---------------- STG Properties BEGIN ----------------
- Is combinational: 0
- Is one-state seq: 0
- Is datapath-only: 0
- Is pipelined: 0
- Is top level: 0
Port [ Return ] is wired: 1; IO mode=ap_ctrl_hs:ce=0
Port [ gmem1]:  wired=1; compound=1; hidden=0; nouse=0; global=0; static=0; extern=0; dir=0; type=4; pingpong=0; private_global=0; IO mode=m_axi:ce=0
Port [ fcBias]:  wired=1; compound=0; hidden=0; nouse=0; global=0; static=0; extern=0; dir=0; type=0; pingpong=0; private_global=0; IO mode=ap_none:ce=0
Port [ local_bias_9_out]:  wired=1; compound=0; hidden=0; nouse=0; global=0; static=0; extern=0; dir=1; type=0; pingpong=0; private_global=0; IO mode=ap_vld:ce=0
Port [ local_bias_8_out]:  wired=1; compound=0; hidden=0; nouse=0; global=0; static=0; extern=0; dir=1; type=0; pingpong=0; private_global=0; IO mode=ap_vld:ce=0
Port [ local_bias_7_out]:  wired=1; compound=0; hidden=0; nouse=0; global=0; static=0; extern=0; dir=1; type=0; pingpong=0; private_global=0; IO mode=ap_vld:ce=0
Port [ local_bias_6_out]:  wired=1; compound=0; hidden=0; nouse=0; global=0; static=0; extern=0; dir=1; type=0; pingpong=0; private_global=0; IO mode=ap_vld:ce=0
Port [ local_bias_5_out]:  wired=1; compound=0; hidden=0; nouse=0; global=0; static=0; extern=0; dir=1; type=0; pingpong=0; private_global=0; IO mode=ap_vld:ce=0
Port [ local_bias_4_out]:  wired=1; compound=0; hidden=0; nouse=0; global=0; static=0; extern=0; dir=1; type=0; pingpong=0; private_global=0; IO mode=ap_vld:ce=0
Port [ local_bias_3_out]:  wired=1; compound=0; hidden=0; nouse=0; global=0; static=0; extern=0; dir=1; type=0; pingpong=0; private_global=0; IO mode=ap_vld:ce=0
Port [ local_bias_2_out]:  wired=1; compound=0; hidden=0; nouse=0; global=0; static=0; extern=0; dir=1; type=0; pingpong=0; private_global=0; IO mode=ap_vld:ce=0
Port [ local_bias_1_out]:  wired=1; compound=0; hidden=0; nouse=0; global=0; static=0; extern=0; dir=1; type=0; pingpong=0; private_global=0; IO mode=ap_vld:ce=0
Port [ local_bias_out]:  wired=1; compound=0; hidden=0; nouse=0; global=0; static=0; extern=0; dir=1; type=0; pingpong=0; private_global=0; IO mode=ap_vld:ce=0
---------------- STG Properties END ------------------

---------------- Datapath Model BEGIN ----------------

<LifeTime>
<method=bitvector/>
i_1                    (alloca           ) [ 010]
local_bias             (alloca           ) [ 011]
local_bias_1           (alloca           ) [ 011]
local_bias_2           (alloca           ) [ 011]
local_bias_3           (alloca           ) [ 011]
local_bias_4           (alloca           ) [ 011]
local_bias_5           (alloca           ) [ 011]
local_bias_6           (alloca           ) [ 011]
local_bias_7           (alloca           ) [ 011]
local_bias_8           (alloca           ) [ 011]
local_bias_9           (alloca           ) [ 011]
specstablecontent_ln0  (specstablecontent) [ 000]
specinterface_ln0      (specinterface    ) [ 000]
fcBias_read            (read             ) [ 000]
store_ln19             (store            ) [ 000]
br_ln0                 (br               ) [ 000]
i                      (load             ) [ 011]
specbitsmap_ln0        (specbitsmap      ) [ 000]
icmp_ln19              (icmp             ) [ 010]
add_ln19               (add              ) [ 000]
br_ln19                (br               ) [ 000]
gmem1_addr             (getelementptr    ) [ 011]
switch_ln21            (switch           ) [ 000]
store_ln19             (store            ) [ 000]
br_ln19                (br               ) [ 000]
specpipeline_ln20      (specpipeline     ) [ 000]
speclooptripcount_ln17 (speclooptripcount) [ 000]
specloopname_ln19      (specloopname     ) [ 000]
local_bias_10          (read             ) [ 000]
store_ln17             (store            ) [ 000]
br_ln21                (br               ) [ 000]
store_ln17             (store            ) [ 000]
br_ln21                (br               ) [ 000]
store_ln17             (store            ) [ 000]
br_ln21                (br               ) [ 000]
store_ln17             (store            ) [ 000]
br_ln21                (br               ) [ 000]
store_ln17             (store            ) [ 000]
br_ln21                (br               ) [ 000]
store_ln17             (store            ) [ 000]
br_ln21                (br               ) [ 000]
store_ln17             (store            ) [ 000]
br_ln21                (br               ) [ 000]
store_ln17             (store            ) [ 000]
br_ln21                (br               ) [ 000]
store_ln17             (store            ) [ 000]
br_ln21                (br               ) [ 000]
store_ln17             (store            ) [ 000]
br_ln21                (br               ) [ 000]
local_bias_load        (load             ) [ 000]
local_bias_1_load      (load             ) [ 000]
local_bias_2_load      (load             ) [ 000]
local_bias_3_load      (load             ) [ 000]
local_bias_4_load      (load             ) [ 000]
local_bias_5_load      (load             ) [ 000]
local_bias_6_load      (load             ) [ 000]
local_bias_7_load      (load             ) [ 000]
local_bias_8_load      (load             ) [ 000]
local_bias_9_load      (load             ) [ 000]
write_ln0              (write            ) [ 000]
write_ln0              (write            ) [ 000]
write_ln0              (write            ) [ 000]
write_ln0              (write            ) [ 000]
write_ln0              (write            ) [ 000]
write_ln0              (write            ) [ 000]
write_ln0              (write            ) [ 000]
write_ln0              (write            ) [ 000]
write_ln0              (write            ) [ 000]
write_ln0              (write            ) [ 000]
ret_ln0                (ret              ) [ 000]
</LifeTime>

<model>

<comp_list>
<comp id="0" class="1000" name="gmem1">
<pin_list>
<pin id="1" dir="1" index="0" bw="1" slack="0"/>
</pin_list>
<bind>
<StgValue><ssdm name="gmem1"/><MemPortTyVec>0 </MemPortTyVec>
</StgValue>
</bind>
</comp>

<comp id="2" class="1000" name="fcBias">
<pin_list>
<pin id="3" dir="1" index="0" bw="1" slack="0"/>
</pin_list>
<bind>
<StgValue><ssdm name="fcBias"/></StgValue>
</bind>
</comp>

<comp id="4" class="1000" name="local_bias_9_out">
<pin_list>
<pin id="5" dir="1" index="0" bw="1" slack="0"/>
</pin_list>
<bind>
<StgValue><ssdm name="local_bias_9_out"/></StgValue>
</bind>
</comp>

<comp id="6" class="1000" name="local_bias_8_out">
<pin_list>
<pin id="7" dir="1" index="0" bw="1" slack="0"/>
</pin_list>
<bind>
<StgValue><ssdm name="local_bias_8_out"/></StgValue>
</bind>
</comp>

<comp id="8" class="1000" name="local_bias_7_out">
<pin_list>
<pin id="9" dir="1" index="0" bw="1" slack="0"/>
</pin_list>
<bind>
<StgValue><ssdm name="local_bias_7_out"/></StgValue>
</bind>
</comp>

<comp id="10" class="1000" name="local_bias_6_out">
<pin_list>
<pin id="11" dir="1" index="0" bw="1" slack="0"/>
</pin_list>
<bind>
<StgValue><ssdm name="local_bias_6_out"/></StgValue>
</bind>
</comp>

<comp id="12" class="1000" name="local_bias_5_out">
<pin_list>
<pin id="13" dir="1" index="0" bw="1" slack="0"/>
</pin_list>
<bind>
<StgValue><ssdm name="local_bias_5_out"/></StgValue>
</bind>
</comp>

<comp id="14" class="1000" name="local_bias_4_out">
<pin_list>
<pin id="15" dir="1" index="0" bw="1" slack="0"/>
</pin_list>
<bind>
<StgValue><ssdm name="local_bias_4_out"/></StgValue>
</bind>
</comp>

<comp id="16" class="1000" name="local_bias_3_out">
<pin_list>
<pin id="17" dir="1" index="0" bw="1" slack="0"/>
</pin_list>
<bind>
<StgValue><ssdm name="local_bias_3_out"/></StgValue>
</bind>
</comp>

<comp id="18" class="1000" name="local_bias_2_out">
<pin_list>
<pin id="19" dir="1" index="0" bw="1" slack="0"/>
</pin_list>
<bind>
<StgValue><ssdm name="local_bias_2_out"/></StgValue>
</bind>
</comp>

<comp id="20" class="1000" name="local_bias_1_out">
<pin_list>
<pin id="21" dir="1" index="0" bw="1" slack="0"/>
</pin_list>
<bind>
<StgValue><ssdm name="local_bias_1_out"/></StgValue>
</bind>
</comp>

<comp id="22" class="1000" name="local_bias_out">
<pin_list>
<pin id="23" dir="1" index="0" bw="1" slack="0"/>
</pin_list>
<bind>
<StgValue><ssdm name="local_bias_out"/></StgValue>
</bind>
</comp>

<comp id="24" class="1001" name="const_24">
<pin_list>
<pin id="25" dir="1" index="0" bw="1" slack="0"/>
</pin_list>
<bind>
<StgValue><ssdm name=""/></StgValue>
</bind>
</comp>

<comp id="26" class="1001" name="const_26">
<pin_list>
<pin id="27" dir="1" index="0" bw="1" slack="2147483647"/>
</pin_list>
<bind>
<StgValue><ssdm name="_ssdm_op_SpecStableContent"/></StgValue>
</bind>
</comp>

<comp id="28" class="1001" name="const_28">
<pin_list>
<pin id="29" dir="1" index="0" bw="1" slack="2147483647"/>
</pin_list>
<bind>
<StgValue><ssdm name=""/></StgValue>
</bind>
</comp>

<comp id="30" class="1001" name="const_30">
<pin_list>
<pin id="31" dir="1" index="0" bw="1" slack="2147483647"/>
</pin_list>
<bind>
<StgValue><ssdm name=""/></StgValue>
</bind>
</comp>

<comp id="32" class="1001" name="const_32">
<pin_list>
<pin id="33" dir="1" index="0" bw="1" slack="2147483647"/>
</pin_list>
<bind>
<StgValue><ssdm name="_ssdm_op_SpecInterface"/></StgValue>
</bind>
</comp>

<comp id="34" class="1001" name="const_34">
<pin_list>
<pin id="35" dir="1" index="0" bw="1" slack="2147483647"/>
</pin_list>
<bind>
<StgValue><ssdm name="empty_7"/></StgValue>
</bind>
</comp>

<comp id="36" class="1001" name="const_36">
<pin_list>
<pin id="37" dir="1" index="0" bw="1" slack="2147483647"/>
</pin_list>
<bind>
<StgValue><ssdm name=""/></StgValue>
</bind>
</comp>

<comp id="38" class="1001" name="const_38">
<pin_list>
<pin id="39" dir="1" index="0" bw="1" slack="2147483647"/>
</pin_list>
<bind>
<StgValue><ssdm name="empty_8"/></StgValue>
</bind>
</comp>

<comp id="40" class="1001" name="const_40">
<pin_list>
<pin id="41" dir="1" index="0" bw="1" slack="2147483647"/>
</pin_list>
<bind>
<StgValue><ssdm name=""/></StgValue>
</bind>
</comp>

<comp id="42" class="1001" name="const_42">
<pin_list>
<pin id="43" dir="1" index="0" bw="1" slack="2147483647"/>
</pin_list>
<bind>
<StgValue><ssdm name="empty_32"/></StgValue>
</bind>
</comp>

<comp id="44" class="1001" name="const_44">
<pin_list>
<pin id="45" dir="1" index="0" bw="1" slack="2147483647"/>
</pin_list>
<bind>
<StgValue><ssdm name="empty_20"/></StgValue>
</bind>
</comp>

<comp id="46" class="1001" name="const_46">
<pin_list>
<pin id="47" dir="1" index="0" bw="1" slack="2147483647"/>
</pin_list>
<bind>
<StgValue><ssdm name=""/></StgValue>
</bind>
</comp>

<comp id="48" class="1001" name="const_48">
<pin_list>
<pin id="49" dir="1" index="0" bw="1" slack="2147483647"/>
</pin_list>
<bind>
<StgValue><ssdm name=""/></StgValue>
</bind>
</comp>

<comp id="50" class="1001" name="const_50">
<pin_list>
<pin id="51" dir="1" index="0" bw="1" slack="0"/>
</pin_list>
<bind>
<StgValue><ssdm name="_ssdm_op_Read.ap_auto.i64"/></StgValue>
</bind>
</comp>

<comp id="52" class="1001" name="const_52">
<pin_list>
<pin id="53" dir="1" index="0" bw="1" slack="0"/>
</pin_list>
<bind>
<StgValue><ssdm name=""/></StgValue>
</bind>
</comp>

<comp id="54" class="1001" name="const_54">
<pin_list>
<pin id="55" dir="1" index="0" bw="1" slack="2147483647"/>
</pin_list>
<bind>
<StgValue><ssdm name="_ssdm_op_SpecBitsMap"/></StgValue>
</bind>
</comp>

<comp id="56" class="1001" name="const_56">
<pin_list>
<pin id="57" dir="1" index="0" bw="1" slack="0"/>
</pin_list>
<bind>
<StgValue><ssdm name=""/></StgValue>
</bind>
</comp>

<comp id="58" class="1001" name="const_58">
<pin_list>
<pin id="59" dir="1" index="0" bw="1" slack="0"/>
</pin_list>
<bind>
<StgValue><ssdm name=""/></StgValue>
</bind>
</comp>

<comp id="60" class="1001" name="const_60">
<pin_list>
<pin id="61" dir="1" index="0" bw="1" slack="0"/>
</pin_list>
<bind>
<StgValue><ssdm name=""/></StgValue>
</bind>
</comp>

<comp id="62" class="1001" name="const_62">
<pin_list>
<pin id="63" dir="1" index="0" bw="1" slack="0"/>
</pin_list>
<bind>
<StgValue><ssdm name=""/></StgValue>
</bind>
</comp>

<comp id="64" class="1001" name="const_64">
<pin_list>
<pin id="65" dir="1" index="0" bw="1" slack="0"/>
</pin_list>
<bind>
<StgValue><ssdm name=""/></StgValue>
</bind>
</comp>

<comp id="66" class="1001" name="const_66">
<pin_list>
<pin id="67" dir="1" index="0" bw="1" slack="0"/>
</pin_list>
<bind>
<StgValue><ssdm name=""/></StgValue>
</bind>
</comp>

<comp id="68" class="1001" name="const_68">
<pin_list>
<pin id="69" dir="1" index="0" bw="1" slack="0"/>
</pin_list>
<bind>
<StgValue><ssdm name=""/></StgValue>
</bind>
</comp>

<comp id="70" class="1001" name="const_70">
<pin_list>
<pin id="71" dir="1" index="0" bw="1" slack="0"/>
</pin_list>
<bind>
<StgValue><ssdm name=""/></StgValue>
</bind>
</comp>

<comp id="72" class="1001" name="const_72">
<pin_list>
<pin id="73" dir="1" index="0" bw="1" slack="0"/>
</pin_list>
<bind>
<StgValue><ssdm name=""/></StgValue>
</bind>
</comp>

<comp id="74" class="1001" name="const_74">
<pin_list>
<pin id="75" dir="1" index="0" bw="1" slack="2147483647"/>
</pin_list>
<bind>
<StgValue><ssdm name="_ssdm_op_SpecPipeline"/></StgValue>
</bind>
</comp>

<comp id="76" class="1001" name="const_76">
<pin_list>
<pin id="77" dir="1" index="0" bw="1" slack="2147483647"/>
</pin_list>
<bind>
<StgValue><ssdm name="_ssdm_op_SpecLoopTripCount"/></StgValue>
</bind>
</comp>

<comp id="78" class="1001" name="const_78">
<pin_list>
<pin id="79" dir="1" index="0" bw="1" slack="2147483647"/>
</pin_list>
<bind>
<StgValue><ssdm name=""/></StgValue>
</bind>
</comp>

<comp id="80" class="1001" name="const_80">
<pin_list>
<pin id="81" dir="1" index="0" bw="1" slack="2147483647"/>
</pin_list>
<bind>
<StgValue><ssdm name="_ssdm_op_SpecLoopName"/></StgValue>
</bind>
</comp>

<comp id="82" class="1001" name="const_82">
<pin_list>
<pin id="83" dir="1" index="0" bw="1" slack="2147483647"/>
</pin_list>
<bind>
<StgValue><ssdm name="empty_26"/></StgValue>
</bind>
</comp>

<comp id="84" class="1001" name="const_84">
<pin_list>
<pin id="85" dir="1" index="0" bw="1" slack="0"/>
</pin_list>
<bind>
<StgValue><ssdm name="_ssdm_op_Read.m_axi.i8.p1i8"/></StgValue>
</bind>
</comp>

<comp id="86" class="1001" name="const_86">
<pin_list>
<pin id="87" dir="1" index="0" bw="1" slack="0"/>
</pin_list>
<bind>
<StgValue><ssdm name="_ssdm_op_Write.ap_auto.i8P0A"/></StgValue>
</bind>
</comp>

<comp id="88" class="1004" name="i_1_fu_88">
<pin_list>
<pin id="89" dir="0" index="0" bw="1" slack="0"/>
<pin id="90" dir="1" index="1" bw="4" slack="0"/>
</pin_list>
<bind>
<opcode="alloca(26) " fcode="alloca"/>
<opset="i_1/1 "/>
</bind>
</comp>

<comp id="92" class="1004" name="local_bias_fu_92">
<pin_list>
<pin id="93" dir="0" index="0" bw="1" slack="0"/>
<pin id="94" dir="1" index="1" bw="8" slack="0"/>
</pin_list>
<bind>
<opcode="alloca(26) " fcode="alloca"/>
<opset="local_bias/1 "/>
</bind>
</comp>

<comp id="96" class="1004" name="local_bias_1_fu_96">
<pin_list>
<pin id="97" dir="0" index="0" bw="1" slack="0"/>
<pin id="98" dir="1" index="1" bw="8" slack="0"/>
</pin_list>
<bind>
<opcode="alloca(26) " fcode="alloca"/>
<opset="local_bias_1/1 "/>
</bind>
</comp>

<comp id="100" class="1004" name="local_bias_2_fu_100">
<pin_list>
<pin id="101" dir="0" index="0" bw="1" slack="0"/>
<pin id="102" dir="1" index="1" bw="8" slack="0"/>
</pin_list>
<bind>
<opcode="alloca(26) " fcode="alloca"/>
<opset="local_bias_2/1 "/>
</bind>
</comp>

<comp id="104" class="1004" name="local_bias_3_fu_104">
<pin_list>
<pin id="105" dir="0" index="0" bw="1" slack="0"/>
<pin id="106" dir="1" index="1" bw="8" slack="0"/>
</pin_list>
<bind>
<opcode="alloca(26) " fcode="alloca"/>
<opset="local_bias_3/1 "/>
</bind>
</comp>

<comp id="108" class="1004" name="local_bias_4_fu_108">
<pin_list>
<pin id="109" dir="0" index="0" bw="1" slack="0"/>
<pin id="110" dir="1" index="1" bw="8" slack="0"/>
</pin_list>
<bind>
<opcode="alloca(26) " fcode="alloca"/>
<opset="local_bias_4/1 "/>
</bind>
</comp>

<comp id="112" class="1004" name="local_bias_5_fu_112">
<pin_list>
<pin id="113" dir="0" index="0" bw="1" slack="0"/>
<pin id="114" dir="1" index="1" bw="8" slack="0"/>
</pin_list>
<bind>
<opcode="alloca(26) " fcode="alloca"/>
<opset="local_bias_5/1 "/>
</bind>
</comp>

<comp id="116" class="1004" name="local_bias_6_fu_116">
<pin_list>
<pin id="117" dir="0" index="0" bw="1" slack="0"/>
<pin id="118" dir="1" index="1" bw="8" slack="0"/>
</pin_list>
<bind>
<opcode="alloca(26) " fcode="alloca"/>
<opset="local_bias_6/1 "/>
</bind>
</comp>

<comp id="120" class="1004" name="local_bias_7_fu_120">
<pin_list>
<pin id="121" dir="0" index="0" bw="1" slack="0"/>
<pin id="122" dir="1" index="1" bw="8" slack="0"/>
</pin_list>
<bind>
<opcode="alloca(26) " fcode="alloca"/>
<opset="local_bias_7/1 "/>
</bind>
</comp>

<comp id="124" class="1004" name="local_bias_8_fu_124">
<pin_list>
<pin id="125" dir="0" index="0" bw="1" slack="0"/>
<pin id="126" dir="1" index="1" bw="8" slack="0"/>
</pin_list>
<bind>
<opcode="alloca(26) " fcode="alloca"/>
<opset="local_bias_8/1 "/>
</bind>
</comp>

<comp id="128" class="1004" name="local_bias_9_fu_128">
<pin_list>
<pin id="129" dir="0" index="0" bw="1" slack="0"/>
<pin id="130" dir="1" index="1" bw="8" slack="0"/>
</pin_list>
<bind>
<opcode="alloca(26) " fcode="alloca"/>
<opset="local_bias_9/1 "/>
</bind>
</comp>

<comp id="132" class="1004" name="fcBias_read_read_fu_132">
<pin_list>
<pin id="133" dir="0" index="0" bw="64" slack="0"/>
<pin id="134" dir="0" index="1" bw="64" slack="0"/>
<pin id="135" dir="1" index="2" bw="64" slack="0"/>
</pin_list>
<bind>
<opcode="read(1150) " fcode="read"/>
<opset="fcBias_read/1 "/>
</bind>
</comp>

<comp id="138" class="1004" name="write_ln0_write_fu_138">
<pin_list>
<pin id="139" dir="0" index="0" bw="0" slack="0"/>
<pin id="140" dir="0" index="1" bw="8" slack="0"/>
<pin id="141" dir="0" index="2" bw="8" slack="0"/>
<pin id="142" dir="1" index="3" bw="0" slack="2147483647"/>
</pin_list>
<bind>
<opcode="write(1151) " fcode="write"/>
<opset="write_ln0/1 "/>
</bind>
</comp>

<comp id="145" class="1004" name="write_ln0_write_fu_145">
<pin_list>
<pin id="146" dir="0" index="0" bw="0" slack="0"/>
<pin id="147" dir="0" index="1" bw="8" slack="0"/>
<pin id="148" dir="0" index="2" bw="8" slack="0"/>
<pin id="149" dir="1" index="3" bw="0" slack="2147483647"/>
</pin_list>
<bind>
<opcode="write(1151) " fcode="write"/>
<opset="write_ln0/1 "/>
</bind>
</comp>

<comp id="152" class="1004" name="write_ln0_write_fu_152">
<pin_list>
<pin id="153" dir="0" index="0" bw="0" slack="0"/>
<pin id="154" dir="0" index="1" bw="8" slack="0"/>
<pin id="155" dir="0" index="2" bw="8" slack="0"/>
<pin id="156" dir="1" index="3" bw="0" slack="2147483647"/>
</pin_list>
<bind>
<opcode="write(1151) " fcode="write"/>
<opset="write_ln0/1 "/>
</bind>
</comp>

<comp id="159" class="1004" name="write_ln0_write_fu_159">
<pin_list>
<pin id="160" dir="0" index="0" bw="0" slack="0"/>
<pin id="161" dir="0" index="1" bw="8" slack="0"/>
<pin id="162" dir="0" index="2" bw="8" slack="0"/>
<pin id="163" dir="1" index="3" bw="0" slack="2147483647"/>
</pin_list>
<bind>
<opcode="write(1151) " fcode="write"/>
<opset="write_ln0/1 "/>
</bind>
</comp>

<comp id="166" class="1004" name="write_ln0_write_fu_166">
<pin_list>
<pin id="167" dir="0" index="0" bw="0" slack="0"/>
<pin id="168" dir="0" index="1" bw="8" slack="0"/>
<pin id="169" dir="0" index="2" bw="8" slack="0"/>
<pin id="170" dir="1" index="3" bw="0" slack="2147483647"/>
</pin_list>
<bind>
<opcode="write(1151) " fcode="write"/>
<opset="write_ln0/1 "/>
</bind>
</comp>

<comp id="173" class="1004" name="write_ln0_write_fu_173">
<pin_list>
<pin id="174" dir="0" index="0" bw="0" slack="0"/>
<pin id="175" dir="0" index="1" bw="8" slack="0"/>
<pin id="176" dir="0" index="2" bw="8" slack="0"/>
<pin id="177" dir="1" index="3" bw="0" slack="2147483647"/>
</pin_list>
<bind>
<opcode="write(1151) " fcode="write"/>
<opset="write_ln0/1 "/>
</bind>
</comp>

<comp id="180" class="1004" name="write_ln0_write_fu_180">
<pin_list>
<pin id="181" dir="0" index="0" bw="0" slack="0"/>
<pin id="182" dir="0" index="1" bw="8" slack="0"/>
<pin id="183" dir="0" index="2" bw="8" slack="0"/>
<pin id="184" dir="1" index="3" bw="0" slack="2147483647"/>
</pin_list>
<bind>
<opcode="write(1151) " fcode="write"/>
<opset="write_ln0/1 "/>
</bind>
</comp>

<comp id="187" class="1004" name="write_ln0_write_fu_187">
<pin_list>
<pin id="188" dir="0" index="0" bw="0" slack="0"/>
<pin id="189" dir="0" index="1" bw="8" slack="0"/>
<pin id="190" dir="0" index="2" bw="8" slack="0"/>
<pin id="191" dir="1" index="3" bw="0" slack="2147483647"/>
</pin_list>
<bind>
<opcode="write(1151) " fcode="write"/>
<opset="write_ln0/1 "/>
</bind>
</comp>

<comp id="194" class="1004" name="write_ln0_write_fu_194">
<pin_list>
<pin id="195" dir="0" index="0" bw="0" slack="0"/>
<pin id="196" dir="0" index="1" bw="8" slack="0"/>
<pin id="197" dir="0" index="2" bw="8" slack="0"/>
<pin id="198" dir="1" index="3" bw="0" slack="2147483647"/>
</pin_list>
<bind>
<opcode="write(1151) " fcode="write"/>
<opset="write_ln0/1 "/>
</bind>
</comp>

<comp id="201" class="1004" name="write_ln0_write_fu_201">
<pin_list>
<pin id="202" dir="0" index="0" bw="0" slack="0"/>
<pin id="203" dir="0" index="1" bw="8" slack="0"/>
<pin id="204" dir="0" index="2" bw="8" slack="0"/>
<pin id="205" dir="1" index="3" bw="0" slack="2147483647"/>
</pin_list>
<bind>
<opcode="write(1151) " fcode="write"/>
<opset="write_ln0/1 "/>
</bind>
</comp>

<comp id="208" class="1004" name="local_bias_10_read_fu_208">
<pin_list>
<pin id="209" dir="0" index="0" bw="8" slack="0"/>
<pin id="210" dir="0" index="1" bw="8" slack="1"/>
<pin id="211" dir="1" index="2" bw="8" slack="0"/>
</pin_list>
<bind>
<opcode="read(1150) " fcode="read"/>
<opset="local_bias_10/2 "/>
</bind>
</comp>

<comp id="213" class="1004" name="store_ln19_store_fu_213">
<pin_list>
<pin id="214" dir="0" index="0" bw="1" slack="0"/>
<pin id="215" dir="0" index="1" bw="4" slack="0"/>
<pin id="216" dir="1" index="2" bw="0" slack="2147483647"/>
</pin_list>
<bind>
<opcode="store(28) " fcode="store"/>
<opset="store_ln19/1 "/>
</bind>
</comp>

<comp id="218" class="1004" name="i_load_fu_218">
<pin_list>
<pin id="219" dir="0" index="0" bw="4" slack="0"/>
<pin id="220" dir="1" index="1" bw="4" slack="0"/>
</pin_list>
<bind>
<opcode="load(27) " fcode="load"/>
<opset="i/1 "/>
</bind>
</comp>

<comp id="221" class="1004" name="icmp_ln19_fu_221">
<pin_list>
<pin id="222" dir="0" index="0" bw="4" slack="0"/>
<pin id="223" dir="0" index="1" bw="4" slack="0"/>
<pin id="224" dir="1" index="2" bw="1" slack="2147483647"/>
</pin_list>
<bind>
<opcode="icmp(45) " fcode="icmp"/>
<opset="icmp_ln19/1 "/>
</bind>
</comp>

<comp id="227" class="1004" name="add_ln19_fu_227">
<pin_list>
<pin id="228" dir="0" index="0" bw="4" slack="0"/>
<pin id="229" dir="0" index="1" bw="1" slack="0"/>
<pin id="230" dir="1" index="2" bw="4" slack="0"/>
</pin_list>
<bind>
<opcode="add(8) " fcode="add"/>
<opset="add_ln19/1 "/>
</bind>
</comp>

<comp id="233" class="1004" name="gmem1_addr_fu_233">
<pin_list>
<pin id="234" dir="0" index="0" bw="8" slack="0"/>
<pin id="235" dir="0" index="1" bw="64" slack="0"/>
<pin id="236" dir="1" index="2" bw="8" slack="1"/>
</pin_list>
<bind>
<opcode="getelementptr(29) " fcode="getelementptr"/>
<opset="gmem1_addr/1 "/>
</bind>
</comp>

<comp id="239" class="1004" name="switch_ln21_fu_239">
<pin_list>
<pin id="240" dir="0" index="0" bw="4" slack="0"/>
<pin id="241" dir="0" index="1" bw="1" slack="0"/>
<pin id="242" dir="0" index="2" bw="1" slack="0"/>
<pin id="243" dir="0" index="3" bw="3" slack="0"/>
<pin id="244" dir="0" index="4" bw="3" slack="0"/>
<pin id="245" dir="0" index="5" bw="4" slack="0"/>
<pin id="246" dir="0" index="6" bw="4" slack="0"/>
<pin id="247" dir="0" index="7" bw="4" slack="0"/>
<pin id="248" dir="0" index="8" bw="4" slack="0"/>
<pin id="249" dir="0" index="9" bw="4" slack="0"/>
<pin id="250" dir="1" index="10" bw="0" slack="2147483647"/>
</pin_list>
<bind>
<opcode="switch(3) " fcode="switch"/>
<opset="switch_ln21/1 "/>
</bind>
</comp>

<comp id="261" class="1004" name="store_ln19_store_fu_261">
<pin_list>
<pin id="262" dir="0" index="0" bw="4" slack="0"/>
<pin id="263" dir="0" index="1" bw="4" slack="0"/>
<pin id="264" dir="1" index="2" bw="0" slack="2147483647"/>
</pin_list>
<bind>
<opcode="store(28) " fcode="store"/>
<opset="store_ln19/1 "/>
</bind>
</comp>

<comp id="266" class="1004" name="store_ln17_store_fu_266">
<pin_list>
<pin id="267" dir="0" index="0" bw="8" slack="0"/>
<pin id="268" dir="0" index="1" bw="8" slack="1"/>
<pin id="269" dir="1" index="2" bw="0" slack="2147483647"/>
</pin_list>
<bind>
<opcode="store(28) " fcode="store"/>
<opset="store_ln17/2 "/>
</bind>
</comp>

<comp id="271" class="1004" name="store_ln17_store_fu_271">
<pin_list>
<pin id="272" dir="0" index="0" bw="8" slack="0"/>
<pin id="273" dir="0" index="1" bw="8" slack="1"/>
<pin id="274" dir="1" index="2" bw="0" slack="2147483647"/>
</pin_list>
<bind>
<opcode="store(28) " fcode="store"/>
<opset="store_ln17/2 "/>
</bind>
</comp>

<comp id="276" class="1004" name="store_ln17_store_fu_276">
<pin_list>
<pin id="277" dir="0" index="0" bw="8" slack="0"/>
<pin id="278" dir="0" index="1" bw="8" slack="1"/>
<pin id="279" dir="1" index="2" bw="0" slack="2147483647"/>
</pin_list>
<bind>
<opcode="store(28) " fcode="store"/>
<opset="store_ln17/2 "/>
</bind>
</comp>

<comp id="281" class="1004" name="store_ln17_store_fu_281">
<pin_list>
<pin id="282" dir="0" index="0" bw="8" slack="0"/>
<pin id="283" dir="0" index="1" bw="8" slack="1"/>
<pin id="284" dir="1" index="2" bw="0" slack="2147483647"/>
</pin_list>
<bind>
<opcode="store(28) " fcode="store"/>
<opset="store_ln17/2 "/>
</bind>
</comp>

<comp id="286" class="1004" name="store_ln17_store_fu_286">
<pin_list>
<pin id="287" dir="0" index="0" bw="8" slack="0"/>
<pin id="288" dir="0" index="1" bw="8" slack="1"/>
<pin id="289" dir="1" index="2" bw="0" slack="2147483647"/>
</pin_list>
<bind>
<opcode="store(28) " fcode="store"/>
<opset="store_ln17/2 "/>
</bind>
</comp>

<comp id="291" class="1004" name="store_ln17_store_fu_291">
<pin_list>
<pin id="292" dir="0" index="0" bw="8" slack="0"/>
<pin id="293" dir="0" index="1" bw="8" slack="1"/>
<pin id="294" dir="1" index="2" bw="0" slack="2147483647"/>
</pin_list>
<bind>
<opcode="store(28) " fcode="store"/>
<opset="store_ln17/2 "/>
</bind>
</comp>

<comp id="296" class="1004" name="store_ln17_store_fu_296">
<pin_list>
<pin id="297" dir="0" index="0" bw="8" slack="0"/>
<pin id="298" dir="0" index="1" bw="8" slack="1"/>
<pin id="299" dir="1" index="2" bw="0" slack="2147483647"/>
</pin_list>
<bind>
<opcode="store(28) " fcode="store"/>
<opset="store_ln17/2 "/>
</bind>
</comp>

<comp id="301" class="1004" name="store_ln17_store_fu_301">
<pin_list>
<pin id="302" dir="0" index="0" bw="8" slack="0"/>
<pin id="303" dir="0" index="1" bw="8" slack="1"/>
<pin id="304" dir="1" index="2" bw="0" slack="2147483647"/>
</pin_list>
<bind>
<opcode="store(28) " fcode="store"/>
<opset="store_ln17/2 "/>
</bind>
</comp>

<comp id="306" class="1004" name="store_ln17_store_fu_306">
<pin_list>
<pin id="307" dir="0" index="0" bw="8" slack="0"/>
<pin id="308" dir="0" index="1" bw="8" slack="1"/>
<pin id="309" dir="1" index="2" bw="0" slack="2147483647"/>
</pin_list>
<bind>
<opcode="store(28) " fcode="store"/>
<opset="store_ln17/2 "/>
</bind>
</comp>

<comp id="311" class="1004" name="store_ln17_store_fu_311">
<pin_list>
<pin id="312" dir="0" index="0" bw="8" slack="0"/>
<pin id="313" dir="0" index="1" bw="8" slack="1"/>
<pin id="314" dir="1" index="2" bw="0" slack="2147483647"/>
</pin_list>
<bind>
<opcode="store(28) " fcode="store"/>
<opset="store_ln17/2 "/>
</bind>
</comp>

<comp id="316" class="1004" name="local_bias_load_load_fu_316">
<pin_list>
<pin id="317" dir="0" index="0" bw="8" slack="0"/>
<pin id="318" dir="1" index="1" bw="8" slack="0"/>
</pin_list>
<bind>
<opcode="load(27) " fcode="load"/>
<opset="local_bias_load/1 "/>
</bind>
</comp>

<comp id="320" class="1004" name="local_bias_1_load_load_fu_320">
<pin_list>
<pin id="321" dir="0" index="0" bw="8" slack="0"/>
<pin id="322" dir="1" index="1" bw="8" slack="0"/>
</pin_list>
<bind>
<opcode="load(27) " fcode="load"/>
<opset="local_bias_1_load/1 "/>
</bind>
</comp>

<comp id="324" class="1004" name="local_bias_2_load_load_fu_324">
<pin_list>
<pin id="325" dir="0" index="0" bw="8" slack="0"/>
<pin id="326" dir="1" index="1" bw="8" slack="0"/>
</pin_list>
<bind>
<opcode="load(27) " fcode="load"/>
<opset="local_bias_2_load/1 "/>
</bind>
</comp>

<comp id="328" class="1004" name="local_bias_3_load_load_fu_328">
<pin_list>
<pin id="329" dir="0" index="0" bw="8" slack="0"/>
<pin id="330" dir="1" index="1" bw="8" slack="0"/>
</pin_list>
<bind>
<opcode="load(27) " fcode="load"/>
<opset="local_bias_3_load/1 "/>
</bind>
</comp>

<comp id="332" class="1004" name="local_bias_4_load_load_fu_332">
<pin_list>
<pin id="333" dir="0" index="0" bw="8" slack="0"/>
<pin id="334" dir="1" index="1" bw="8" slack="0"/>
</pin_list>
<bind>
<opcode="load(27) " fcode="load"/>
<opset="local_bias_4_load/1 "/>
</bind>
</comp>

<comp id="336" class="1004" name="local_bias_5_load_load_fu_336">
<pin_list>
<pin id="337" dir="0" index="0" bw="8" slack="0"/>
<pin id="338" dir="1" index="1" bw="8" slack="0"/>
</pin_list>
<bind>
<opcode="load(27) " fcode="load"/>
<opset="local_bias_5_load/1 "/>
</bind>
</comp>

<comp id="340" class="1004" name="local_bias_6_load_load_fu_340">
<pin_list>
<pin id="341" dir="0" index="0" bw="8" slack="0"/>
<pin id="342" dir="1" index="1" bw="8" slack="0"/>
</pin_list>
<bind>
<opcode="load(27) " fcode="load"/>
<opset="local_bias_6_load/1 "/>
</bind>
</comp>

<comp id="344" class="1004" name="local_bias_7_load_load_fu_344">
<pin_list>
<pin id="345" dir="0" index="0" bw="8" slack="0"/>
<pin id="346" dir="1" index="1" bw="8" slack="0"/>
</pin_list>
<bind>
<opcode="load(27) " fcode="load"/>
<opset="local_bias_7_load/1 "/>
</bind>
</comp>

<comp id="348" class="1004" name="local_bias_8_load_load_fu_348">
<pin_list>
<pin id="349" dir="0" index="0" bw="8" slack="0"/>
<pin id="350" dir="1" index="1" bw="8" slack="0"/>
</pin_list>
<bind>
<opcode="load(27) " fcode="load"/>
<opset="local_bias_8_load/1 "/>
</bind>
</comp>

<comp id="352" class="1004" name="local_bias_9_load_load_fu_352">
<pin_list>
<pin id="353" dir="0" index="0" bw="8" slack="0"/>
<pin id="354" dir="1" index="1" bw="8" slack="0"/>
</pin_list>
<bind>
<opcode="load(27) " fcode="load"/>
<opset="local_bias_9_load/1 "/>
</bind>
</comp>

<comp id="356" class="1005" name="i_1_reg_356">
<pin_list>
<pin id="357" dir="0" index="0" bw="4" slack="0"/>
<pin id="358" dir="1" index="1" bw="4" slack="0"/>
</pin_list>
<bind>
<opset="i_1 "/>
</bind>
</comp>

<comp id="363" class="1005" name="local_bias_reg_363">
<pin_list>
<pin id="364" dir="0" index="0" bw="8" slack="0"/>
<pin id="365" dir="1" index="1" bw="8" slack="0"/>
</pin_list>
<bind>
<opset="local_bias "/>
</bind>
</comp>

<comp id="369" class="1005" name="local_bias_1_reg_369">
<pin_list>
<pin id="370" dir="0" index="0" bw="8" slack="0"/>
<pin id="371" dir="1" index="1" bw="8" slack="0"/>
</pin_list>
<bind>
<opset="local_bias_1 "/>
</bind>
</comp>

<comp id="375" class="1005" name="local_bias_2_reg_375">
<pin_list>
<pin id="376" dir="0" index="0" bw="8" slack="0"/>
<pin id="377" dir="1" index="1" bw="8" slack="0"/>
</pin_list>
<bind>
<opset="local_bias_2 "/>
</bind>
</comp>

<comp id="381" class="1005" name="local_bias_3_reg_381">
<pin_list>
<pin id="382" dir="0" index="0" bw="8" slack="0"/>
<pin id="383" dir="1" index="1" bw="8" slack="0"/>
</pin_list>
<bind>
<opset="local_bias_3 "/>
</bind>
</comp>

<comp id="387" class="1005" name="local_bias_4_reg_387">
<pin_list>
<pin id="388" dir="0" index="0" bw="8" slack="0"/>
<pin id="389" dir="1" index="1" bw="8" slack="0"/>
</pin_list>
<bind>
<opset="local_bias_4 "/>
</bind>
</comp>

<comp id="393" class="1005" name="local_bias_5_reg_393">
<pin_list>
<pin id="394" dir="0" index="0" bw="8" slack="0"/>
<pin id="395" dir="1" index="1" bw="8" slack="0"/>
</pin_list>
<bind>
<opset="local_bias_5 "/>
</bind>
</comp>

<comp id="399" class="1005" name="local_bias_6_reg_399">
<pin_list>
<pin id="400" dir="0" index="0" bw="8" slack="0"/>
<pin id="401" dir="1" index="1" bw="8" slack="0"/>
</pin_list>
<bind>
<opset="local_bias_6 "/>
</bind>
</comp>

<comp id="405" class="1005" name="local_bias_7_reg_405">
<pin_list>
<pin id="406" dir="0" index="0" bw="8" slack="0"/>
<pin id="407" dir="1" index="1" bw="8" slack="0"/>
</pin_list>
<bind>
<opset="local_bias_7 "/>
</bind>
</comp>

<comp id="411" class="1005" name="local_bias_8_reg_411">
<pin_list>
<pin id="412" dir="0" index="0" bw="8" slack="0"/>
<pin id="413" dir="1" index="1" bw="8" slack="0"/>
</pin_list>
<bind>
<opset="local_bias_8 "/>
</bind>
</comp>

<comp id="417" class="1005" name="local_bias_9_reg_417">
<pin_list>
<pin id="418" dir="0" index="0" bw="8" slack="0"/>
<pin id="419" dir="1" index="1" bw="8" slack="0"/>
</pin_list>
<bind>
<opset="local_bias_9 "/>
</bind>
</comp>

<comp id="423" class="1005" name="i_reg_423">
<pin_list>
<pin id="424" dir="0" index="0" bw="4" slack="1"/>
<pin id="425" dir="1" index="1" bw="4" slack="2147483647"/>
</pin_list>
<bind>
<opset="i "/>
</bind>
</comp>

<comp id="430" class="1005" name="gmem1_addr_reg_430">
<pin_list>
<pin id="431" dir="0" index="0" bw="8" slack="1"/>
<pin id="432" dir="1" index="1" bw="8" slack="1"/>
</pin_list>
<bind>
<opset="gmem1_addr "/>
</bind>
</comp>

</comp_list>

<net_list>
<net id="91"><net_src comp="24" pin="0"/><net_sink comp="88" pin=0"/></net>

<net id="95"><net_src comp="24" pin="0"/><net_sink comp="92" pin=0"/></net>

<net id="99"><net_src comp="24" pin="0"/><net_sink comp="96" pin=0"/></net>

<net id="103"><net_src comp="24" pin="0"/><net_sink comp="100" pin=0"/></net>

<net id="107"><net_src comp="24" pin="0"/><net_sink comp="104" pin=0"/></net>

<net id="111"><net_src comp="24" pin="0"/><net_sink comp="108" pin=0"/></net>

<net id="115"><net_src comp="24" pin="0"/><net_sink comp="112" pin=0"/></net>

<net id="119"><net_src comp="24" pin="0"/><net_sink comp="116" pin=0"/></net>

<net id="123"><net_src comp="24" pin="0"/><net_sink comp="120" pin=0"/></net>

<net id="127"><net_src comp="24" pin="0"/><net_sink comp="124" pin=0"/></net>

<net id="131"><net_src comp="24" pin="0"/><net_sink comp="128" pin=0"/></net>

<net id="136"><net_src comp="50" pin="0"/><net_sink comp="132" pin=0"/></net>

<net id="137"><net_src comp="2" pin="0"/><net_sink comp="132" pin=1"/></net>

<net id="143"><net_src comp="86" pin="0"/><net_sink comp="138" pin=0"/></net>

<net id="144"><net_src comp="4" pin="0"/><net_sink comp="138" pin=1"/></net>

<net id="150"><net_src comp="86" pin="0"/><net_sink comp="145" pin=0"/></net>

<net id="151"><net_src comp="6" pin="0"/><net_sink comp="145" pin=1"/></net>

<net id="157"><net_src comp="86" pin="0"/><net_sink comp="152" pin=0"/></net>

<net id="158"><net_src comp="8" pin="0"/><net_sink comp="152" pin=1"/></net>

<net id="164"><net_src comp="86" pin="0"/><net_sink comp="159" pin=0"/></net>

<net id="165"><net_src comp="10" pin="0"/><net_sink comp="159" pin=1"/></net>

<net id="171"><net_src comp="86" pin="0"/><net_sink comp="166" pin=0"/></net>

<net id="172"><net_src comp="12" pin="0"/><net_sink comp="166" pin=1"/></net>

<net id="178"><net_src comp="86" pin="0"/><net_sink comp="173" pin=0"/></net>

<net id="179"><net_src comp="14" pin="0"/><net_sink comp="173" pin=1"/></net>

<net id="185"><net_src comp="86" pin="0"/><net_sink comp="180" pin=0"/></net>

<net id="186"><net_src comp="16" pin="0"/><net_sink comp="180" pin=1"/></net>

<net id="192"><net_src comp="86" pin="0"/><net_sink comp="187" pin=0"/></net>

<net id="193"><net_src comp="18" pin="0"/><net_sink comp="187" pin=1"/></net>

<net id="199"><net_src comp="86" pin="0"/><net_sink comp="194" pin=0"/></net>

<net id="200"><net_src comp="20" pin="0"/><net_sink comp="194" pin=1"/></net>

<net id="206"><net_src comp="86" pin="0"/><net_sink comp="201" pin=0"/></net>

<net id="207"><net_src comp="22" pin="0"/><net_sink comp="201" pin=1"/></net>

<net id="212"><net_src comp="84" pin="0"/><net_sink comp="208" pin=0"/></net>

<net id="217"><net_src comp="52" pin="0"/><net_sink comp="213" pin=0"/></net>

<net id="225"><net_src comp="218" pin="1"/><net_sink comp="221" pin=0"/></net>

<net id="226"><net_src comp="56" pin="0"/><net_sink comp="221" pin=1"/></net>

<net id="231"><net_src comp="218" pin="1"/><net_sink comp="227" pin=0"/></net>

<net id="232"><net_src comp="58" pin="0"/><net_sink comp="227" pin=1"/></net>

<net id="237"><net_src comp="0" pin="0"/><net_sink comp="233" pin=0"/></net>

<net id="238"><net_src comp="132" pin="2"/><net_sink comp="233" pin=1"/></net>

<net id="251"><net_src comp="218" pin="1"/><net_sink comp="239" pin=0"/></net>

<net id="252"><net_src comp="52" pin="0"/><net_sink comp="239" pin=1"/></net>

<net id="253"><net_src comp="58" pin="0"/><net_sink comp="239" pin=2"/></net>

<net id="254"><net_src comp="60" pin="0"/><net_sink comp="239" pin=3"/></net>

<net id="255"><net_src comp="62" pin="0"/><net_sink comp="239" pin=4"/></net>

<net id="256"><net_src comp="64" pin="0"/><net_sink comp="239" pin=5"/></net>

<net id="257"><net_src comp="66" pin="0"/><net_sink comp="239" pin=6"/></net>

<net id="258"><net_src comp="68" pin="0"/><net_sink comp="239" pin=7"/></net>

<net id="259"><net_src comp="70" pin="0"/><net_sink comp="239" pin=8"/></net>

<net id="260"><net_src comp="72" pin="0"/><net_sink comp="239" pin=9"/></net>

<net id="265"><net_src comp="227" pin="2"/><net_sink comp="261" pin=0"/></net>

<net id="270"><net_src comp="208" pin="2"/><net_sink comp="266" pin=0"/></net>

<net id="275"><net_src comp="208" pin="2"/><net_sink comp="271" pin=0"/></net>

<net id="280"><net_src comp="208" pin="2"/><net_sink comp="276" pin=0"/></net>

<net id="285"><net_src comp="208" pin="2"/><net_sink comp="281" pin=0"/></net>

<net id="290"><net_src comp="208" pin="2"/><net_sink comp="286" pin=0"/></net>

<net id="295"><net_src comp="208" pin="2"/><net_sink comp="291" pin=0"/></net>

<net id="300"><net_src comp="208" pin="2"/><net_sink comp="296" pin=0"/></net>

<net id="305"><net_src comp="208" pin="2"/><net_sink comp="301" pin=0"/></net>

<net id="310"><net_src comp="208" pin="2"/><net_sink comp="306" pin=0"/></net>

<net id="315"><net_src comp="208" pin="2"/><net_sink comp="311" pin=0"/></net>

<net id="319"><net_src comp="316" pin="1"/><net_sink comp="201" pin=2"/></net>

<net id="323"><net_src comp="320" pin="1"/><net_sink comp="194" pin=2"/></net>

<net id="327"><net_src comp="324" pin="1"/><net_sink comp="187" pin=2"/></net>

<net id="331"><net_src comp="328" pin="1"/><net_sink comp="180" pin=2"/></net>

<net id="335"><net_src comp="332" pin="1"/><net_sink comp="173" pin=2"/></net>

<net id="339"><net_src comp="336" pin="1"/><net_sink comp="166" pin=2"/></net>

<net id="343"><net_src comp="340" pin="1"/><net_sink comp="159" pin=2"/></net>

<net id="347"><net_src comp="344" pin="1"/><net_sink comp="152" pin=2"/></net>

<net id="351"><net_src comp="348" pin="1"/><net_sink comp="145" pin=2"/></net>

<net id="355"><net_src comp="352" pin="1"/><net_sink comp="138" pin=2"/></net>

<net id="359"><net_src comp="88" pin="1"/><net_sink comp="356" pin=0"/></net>

<net id="360"><net_src comp="356" pin="1"/><net_sink comp="213" pin=1"/></net>

<net id="361"><net_src comp="356" pin="1"/><net_sink comp="218" pin=0"/></net>

<net id="362"><net_src comp="356" pin="1"/><net_sink comp="261" pin=1"/></net>

<net id="366"><net_src comp="92" pin="1"/><net_sink comp="363" pin=0"/></net>

<net id="367"><net_src comp="363" pin="1"/><net_sink comp="306" pin=1"/></net>

<net id="368"><net_src comp="363" pin="1"/><net_sink comp="316" pin=0"/></net>

<net id="372"><net_src comp="96" pin="1"/><net_sink comp="369" pin=0"/></net>

<net id="373"><net_src comp="369" pin="1"/><net_sink comp="301" pin=1"/></net>

<net id="374"><net_src comp="369" pin="1"/><net_sink comp="320" pin=0"/></net>

<net id="378"><net_src comp="100" pin="1"/><net_sink comp="375" pin=0"/></net>

<net id="379"><net_src comp="375" pin="1"/><net_sink comp="296" pin=1"/></net>

<net id="380"><net_src comp="375" pin="1"/><net_sink comp="324" pin=0"/></net>

<net id="384"><net_src comp="104" pin="1"/><net_sink comp="381" pin=0"/></net>

<net id="385"><net_src comp="381" pin="1"/><net_sink comp="291" pin=1"/></net>

<net id="386"><net_src comp="381" pin="1"/><net_sink comp="328" pin=0"/></net>

<net id="390"><net_src comp="108" pin="1"/><net_sink comp="387" pin=0"/></net>

<net id="391"><net_src comp="387" pin="1"/><net_sink comp="286" pin=1"/></net>

<net id="392"><net_src comp="387" pin="1"/><net_sink comp="332" pin=0"/></net>

<net id="396"><net_src comp="112" pin="1"/><net_sink comp="393" pin=0"/></net>

<net id="397"><net_src comp="393" pin="1"/><net_sink comp="281" pin=1"/></net>

<net id="398"><net_src comp="393" pin="1"/><net_sink comp="336" pin=0"/></net>

<net id="402"><net_src comp="116" pin="1"/><net_sink comp="399" pin=0"/></net>

<net id="403"><net_src comp="399" pin="1"/><net_sink comp="276" pin=1"/></net>

<net id="404"><net_src comp="399" pin="1"/><net_sink comp="340" pin=0"/></net>

<net id="408"><net_src comp="120" pin="1"/><net_sink comp="405" pin=0"/></net>

<net id="409"><net_src comp="405" pin="1"/><net_sink comp="271" pin=1"/></net>

<net id="410"><net_src comp="405" pin="1"/><net_sink comp="344" pin=0"/></net>

<net id="414"><net_src comp="124" pin="1"/><net_sink comp="411" pin=0"/></net>

<net id="415"><net_src comp="411" pin="1"/><net_sink comp="266" pin=1"/></net>

<net id="416"><net_src comp="411" pin="1"/><net_sink comp="348" pin=0"/></net>

<net id="420"><net_src comp="128" pin="1"/><net_sink comp="417" pin=0"/></net>

<net id="421"><net_src comp="417" pin="1"/><net_sink comp="311" pin=1"/></net>

<net id="422"><net_src comp="417" pin="1"/><net_sink comp="352" pin=0"/></net>

<net id="426"><net_src comp="218" pin="1"/><net_sink comp="423" pin=0"/></net>

<net id="433"><net_src comp="233" pin="2"/><net_sink comp="430" pin=0"/></net>

<net id="434"><net_src comp="430" pin="1"/><net_sink comp="208" pin=1"/></net>

</net_list>

</model> 
---------------- Datapath Model END ------------------

* FSMD analyzer results:
  - Output states:
	Port: local_bias_9_out | {1 }
	Port: local_bias_8_out | {1 }
	Port: local_bias_7_out | {1 }
	Port: local_bias_6_out | {1 }
	Port: local_bias_5_out | {1 }
	Port: local_bias_4_out | {1 }
	Port: local_bias_3_out | {1 }
	Port: local_bias_2_out | {1 }
	Port: local_bias_1_out | {1 }
	Port: local_bias_out | {1 }
 - Input state : 
	Port: top_Pipeline_LOAD_BIAS : gmem1 | {2 }
	Port: top_Pipeline_LOAD_BIAS : fcBias | {1 }
  - Chain level:
	State 1
		store_ln19 : 1
		i : 1
		icmp_ln19 : 2
		add_ln19 : 2
		br_ln19 : 3
		switch_ln21 : 2
		store_ln19 : 3
		local_bias_load : 1
		local_bias_1_load : 1
		local_bias_2_load : 1
		local_bias_3_load : 1
		local_bias_4_load : 1
		local_bias_5_load : 1
		local_bias_6_load : 1
		local_bias_7_load : 1
		local_bias_8_load : 1
		local_bias_9_load : 1
		write_ln0 : 2
		write_ln0 : 2
		write_ln0 : 2
		write_ln0 : 2
		write_ln0 : 2
		write_ln0 : 2
		write_ln0 : 2
		write_ln0 : 2
		write_ln0 : 2
		write_ln0 : 2
	State 2


============================================================
+ Verbose Summary: Datapath Resource usage 
============================================================

* Functional unit list:
|----------|---------------------------|---------|---------|
| Operation|      Functional Unit      |    FF   |   LUT   |
|----------|---------------------------|---------|---------|
|   icmp   |      icmp_ln19_fu_221     |    0    |    13   |
|----------|---------------------------|---------|---------|
|    add   |      add_ln19_fu_227      |    0    |    13   |
|----------|---------------------------|---------|---------|
|   read   |  fcBias_read_read_fu_132  |    0    |    0    |
|          | local_bias_10_read_fu_208 |    0    |    0    |
|----------|---------------------------|---------|---------|
|          |   write_ln0_write_fu_138  |    0    |    0    |
|          |   write_ln0_write_fu_145  |    0    |    0    |
|          |   write_ln0_write_fu_152  |    0    |    0    |
|          |   write_ln0_write_fu_159  |    0    |    0    |
|   write  |   write_ln0_write_fu_166  |    0    |    0    |
|          |   write_ln0_write_fu_173  |    0    |    0    |
|          |   write_ln0_write_fu_180  |    0    |    0    |
|          |   write_ln0_write_fu_187  |    0    |    0    |
|          |   write_ln0_write_fu_194  |    0    |    0    |
|          |   write_ln0_write_fu_201  |    0    |    0    |
|----------|---------------------------|---------|---------|
|  switch  |     switch_ln21_fu_239    |    0    |    0    |
|----------|---------------------------|---------|---------|
|   Total  |                           |    0    |    26   |
|----------|---------------------------|---------|---------|

Memories:
N/A

* Register list:
+--------------------+--------+
|                    |   FF   |
+--------------------+--------+
| gmem1_addr_reg_430 |    8   |
|     i_1_reg_356    |    4   |
|      i_reg_423     |    4   |
|local_bias_1_reg_369|    8   |
|local_bias_2_reg_375|    8   |
|local_bias_3_reg_381|    8   |
|local_bias_4_reg_387|    8   |
|local_bias_5_reg_393|    8   |
|local_bias_6_reg_399|    8   |
|local_bias_7_reg_405|    8   |
|local_bias_8_reg_411|    8   |
|local_bias_9_reg_417|    8   |
| local_bias_reg_363 |    8   |
+--------------------+--------+
|        Total       |   96   |
+--------------------+--------+

* Multiplexer (MUX) list: 
|--------|------|------|------|--------|
|  Comp  |  Pin | Size |  BW  | S x BW |
|--------|------|------|------|--------|
|  Total |      |      |      |    0   |
|--------|------|------|------|--------|



* Summary:
+-----------+--------+--------+
|           |   FF   |   LUT  |
+-----------+--------+--------+
|  Function |    0   |   26   |
|   Memory  |    -   |    -   |
|Multiplexer|    -   |    -   |
|  Register |   96   |    -   |
+-----------+--------+--------+
|   Total   |   96   |   26   |
+-----------+--------+--------+
