

================================================================
== Vitis HLS Report for 'top_Pipeline_LOAD_IN'
================================================================
* Date:           Sat Mar  7 18:28:21 2026

* Version:        2025.2 (Build 6295257 on Nov 14 2025)
* Project:        top
* Solution:       hls (Vivado IP Flow Target)
* Product family: zynq
* Target device:  xc7z020-clg484-1


================================================================
== Performance Estimates
================================================================
+ Timing: 
    * Summary: 
    +--------+----------+----------+------------+
    |  Clock |  Target  | Estimated| Uncertainty|
    +--------+----------+----------+------------+
    |ap_clk  |  10.00 ns|  8.750 ns|     1.25 ns|
    +--------+----------+----------+------------+

+ Latency: 
    * Summary: 
    +---------+---------+----------+----------+-----+-----+-------------------+
    |  Latency (cycles) |  Latency (absolute) |  Interval |      Pipeline     |
    |   min   |   max   |    min   |    max   | min | max |        Type       |
    +---------+---------+----------+----------+-----+-----+-------------------+
    |      787|      787|  7.870 us|  7.870 us|    0|    0|  loop pipeline stp|
    +---------+---------+----------+----------+-----+-----+-------------------+

    + Detail: 
        * Instance: 
        N/A

        * Loop: 
        +-----------+---------+---------+----------+-----------+-----------+------+----------+
        |           |  Latency (cycles) | Iteration|  Initiation Interval  | Trip |          |
        | Loop Name |   min   |   max   |  Latency |  achieved |   target  | Count| Pipelined|
        +-----------+---------+---------+----------+-----------+-----------+------+----------+
        |- LOAD_IN  |      785|      785|         3|          1|          1|   784|       yes|
        +-----------+---------+---------+----------+-----------+-----------+------+----------+

============================================================
+ Verbose Summary: Synthesis Manager
============================================================
InlineROM: 1
ExposeGlobal: 0
============================================================
+ Verbose Summary: CDFG Model
============================================================
IsTopModel: 0
ResetActiveHigh: 1
IsCombinational: 0
IsDatapathOnly: 0
HasWiredReturn: 1
HasMFsm: 2
HasVarLatency: 1
IsPipeline: 0
IsRtlPipelined: 0
IsInstanceOverlapped: 0
IsDontTouch: 0
HasImplIP: 0
IsGatedGlobalClock: 0

+ Individual pipeline summary: 
  * Pipeline-0: initiation interval (II) = 1, depth = 3


============================================================
+ Verbose Summary: Schedule
============================================================
* Number of FSM states : 3
* Pipeline : 1
  Pipeline-0 : II = 1, D = 3, States = { 1 2 3 }
* Dataflow Pipeline: 0

* FSM state transitions: 
1 --> 2 
2 --> 3 
3 --> 

* FSM state operations: 

State 1 <SV = 0> <Delay = 4.90>
ST_1 : Operation 6 [1/1] (0.00ns)   --->   "%i = alloca i32 1" [../src/dense.cpp:11->../src/eight.cpp:55]   --->   Operation 6 'alloca' 'i' <Predicate = true> <Delay = 0.00>
ST_1 : Operation 7 [1/1] (0.00ns)   --->   "%specinterface_ln0 = specinterface void @_ssdm_op_SpecInterface, i8 %gmem0, void @empty_7, i32 0, i32 0, void @empty_8, i32 0, i32 848, void @empty_34, void @empty_20, void @empty_8, i32 16, i32 16, i32 16, i32 16, void @empty_8, void @empty_8, i32 4294967295, i32 0, i32 0, i32 1"   --->   Operation 7 'specinterface' 'specinterface_ln0' <Predicate = true> <Delay = 0.00>
ST_1 : Operation 8 [1/1] (0.00ns)   --->   "%outputPool2_read = read i64 @_ssdm_op_Read.ap_auto.i64, i64 %outputPool2"   --->   Operation 8 'read' 'outputPool2_read' <Predicate = true> <Delay = 0.00>
ST_1 : Operation 9 [1/1] (1.58ns)   --->   "%store_ln11 = store i10 0, i10 %i" [../src/dense.cpp:11->../src/eight.cpp:55]   --->   Operation 9 'store' 'store_ln11' <Predicate = true> <Delay = 1.58>
ST_1 : Operation 10 [1/1] (0.00ns)   --->   "%br_ln0 = br void %for.inc.i"   --->   Operation 10 'br' 'br_ln0' <Predicate = true> <Delay = 0.00>
ST_1 : Operation 11 [1/1] (0.00ns)   --->   "%i_1 = load i10 %i" [../src/dense.cpp:11->../src/eight.cpp:55]   --->   Operation 11 'load' 'i_1' <Predicate = true> <Delay = 0.00>
ST_1 : Operation 12 [1/1] (0.00ns)   --->   "%specbitsmap_ln0 = specbitsmap void @_ssdm_op_SpecBitsMap, i8 %gmem0"   --->   Operation 12 'specbitsmap' 'specbitsmap_ln0' <Predicate = true> <Delay = 0.00>
ST_1 : Operation 13 [1/1] (1.73ns)   --->   "%icmp_ln11 = icmp_eq  i10 %i_1, i10 784" [../src/dense.cpp:11->../src/eight.cpp:55]   --->   Operation 13 'icmp' 'icmp_ln11' <Predicate = true> <Delay = 1.73> <CoreInst = "Cmp">   --->   Core 9 'Cmp' <Latency = 0> <II = 1> <Delay = 1.73> <FuncUnit> <Opcode : 'seteq' 'setne' 'setle' 'setge' 'setlt' 'setgt'> <InPorts = 2> <OutPorts = 1>
ST_1 : Operation 14 [1/1] (1.73ns)   --->   "%add_ln11 = add i10 %i_1, i10 1" [../src/dense.cpp:11->../src/eight.cpp:55]   --->   Operation 14 'add' 'add_ln11' <Predicate = true> <Delay = 1.73> <CoreInst = "Adder">   --->   Core 1 'Adder' <Latency = 0> <II = 1> <Delay = 1.73> <FuncUnit> <Opcode : 'add' 'sub'> <InPorts = 2> <OutPorts = 1>
ST_1 : Operation 15 [1/1] (0.00ns)   --->   "%br_ln11 = br i1 %icmp_ln11, void %for.inc.i.split, void %for.end.i.exitStub" [../src/dense.cpp:11->../src/eight.cpp:55]   --->   Operation 15 'br' 'br_ln11' <Predicate = true> <Delay = 0.00>
ST_1 : Operation 16 [1/1] (0.00ns)   --->   "%gmem0_addr = getelementptr i8 %gmem0, i64 %outputPool2_read" [../src/dense.cpp:11->../src/eight.cpp:55]   --->   Operation 16 'getelementptr' 'gmem0_addr' <Predicate = (!icmp_ln11)> <Delay = 0.00>
ST_1 : Operation 17 [1/1] (0.00ns)   --->   "%trunc_ln11 = trunc i10 %i_1" [../src/dense.cpp:11->../src/eight.cpp:55]   --->   Operation 17 'trunc' 'trunc_ln11' <Predicate = (!icmp_ln11)> <Delay = 0.00>
ST_1 : Operation 18 [1/1] (0.00ns)   --->   "%lshr_ln = partselect i7 @_ssdm_op_PartSelect.i7.i10.i32.i32, i10 %i_1, i32 3, i32 9" [../src/dense.cpp:11->../src/eight.cpp:55]   --->   Operation 18 'partselect' 'lshr_ln' <Predicate = (!icmp_ln11)> <Delay = 0.00>
ST_1 : Operation 19 [1/1] (1.65ns)   --->   "%switch_ln13 = switch i3 %trunc_ln11, void %arrayidx2.i.case.7, i3 0, void %arrayidx2.i.case.0, i3 1, void %arrayidx2.i.case.1, i3 2, void %arrayidx2.i.case.2, i3 3, void %arrayidx2.i.case.3, i3 4, void %arrayidx2.i.case.4, i3 5, void %arrayidx2.i.case.5, i3 6, void %arrayidx2.i.case.6" [../src/dense.cpp:13->../src/eight.cpp:55]   --->   Operation 19 'switch' 'switch_ln13' <Predicate = (!icmp_ln11)> <Delay = 1.65>
ST_1 : Operation 20 [1/1] (1.58ns)   --->   "%store_ln11 = store i10 %add_ln11, i10 %i" [../src/dense.cpp:11->../src/eight.cpp:55]   --->   Operation 20 'store' 'store_ln11' <Predicate = (!icmp_ln11)> <Delay = 1.58>
ST_1 : Operation 21 [1/1] (0.00ns)   --->   "%br_ln11 = br void %for.inc.i" [../src/dense.cpp:11->../src/eight.cpp:55]   --->   Operation 21 'br' 'br_ln11' <Predicate = (!icmp_ln11)> <Delay = 0.00>

State 2 <SV = 1> <Delay = 8.75>
ST_2 : Operation 22 [1/1] ( I:8.75ns O:8.75ns )   --->   "%gmem0_addr_read = read i8 @_ssdm_op_Read.m_axi.i8.p1i8, i8 %gmem0_addr" [../src/dense.cpp:13->../src/eight.cpp:55]   --->   Operation 22 'read' 'gmem0_addr_read' <Predicate = true> <Delay = 8.75> <CoreInst = "m_axi">   --->   Core 111 'm_axi' <Latency = 3> <II = 1> <Delay = 1.00> <Adapter> <Opcode : 'readrequnaligned' 'writerequnaligned' 'read' 'write' 'readreq' 'writereq' 'writeresp'>
ST_2 : Operation 51 [1/1] (1.58ns)   --->   "%ret_ln0 = ret"   --->   Operation 51 'ret' 'ret_ln0' <Predicate = (icmp_ln11)> <Delay = 1.58>

State 3 <SV = 2> <Delay = 2.32>
ST_3 : Operation 23 [1/1] (0.00ns)   --->   "%specpipeline_ln12 = specpipeline void @_ssdm_op_SpecPipeline, i32 1, i32 0, i32 0, i32 0, i32 4294967295, void @empty_8" [../src/dense.cpp:12->../src/eight.cpp:55]   --->   Operation 23 'specpipeline' 'specpipeline_ln12' <Predicate = true> <Delay = 0.00>
ST_3 : Operation 24 [1/1] (0.00ns)   --->   "%speclooptripcount_ln11 = speclooptripcount void @_ssdm_op_SpecLoopTripCount, i64 784, i64 784, i64 784" [../src/dense.cpp:11->../src/eight.cpp:55]   --->   Operation 24 'speclooptripcount' 'speclooptripcount_ln11' <Predicate = true> <Delay = 0.00>
ST_3 : Operation 25 [1/1] (0.00ns)   --->   "%specloopname_ln11 = specloopname void @_ssdm_op_SpecLoopName, void @empty_16" [../src/dense.cpp:11->../src/eight.cpp:55]   --->   Operation 25 'specloopname' 'specloopname_ln11' <Predicate = true> <Delay = 0.00>
ST_3 : Operation 26 [1/1] (0.00ns)   --->   "%zext_ln11 = zext i7 %lshr_ln" [../src/dense.cpp:11->../src/eight.cpp:55]   --->   Operation 26 'zext' 'zext_ln11' <Predicate = true> <Delay = 0.00>
ST_3 : Operation 27 [1/1] (0.00ns)   --->   "%dense_ap_fixed_ap_fixed_ap_fixed_ap_fixed_8_5_5_3_0_temp_7_addr = getelementptr i8 %dense_ap_fixed_ap_fixed_ap_fixed_ap_fixed_8_5_5_3_0_temp_7, i64 0, i64 %zext_ln11" [../src/dense.cpp:13->../src/eight.cpp:55]   --->   Operation 27 'getelementptr' 'dense_ap_fixed_ap_fixed_ap_fixed_ap_fixed_8_5_5_3_0_temp_7_addr' <Predicate = true> <Delay = 0.00>
ST_3 : Operation 28 [1/1] (0.00ns)   --->   "%dense_ap_fixed_ap_fixed_ap_fixed_ap_fixed_8_5_5_3_0_temp_3_addr = getelementptr i8 %dense_ap_fixed_ap_fixed_ap_fixed_ap_fixed_8_5_5_3_0_temp_3, i64 0, i64 %zext_ln11" [../src/dense.cpp:13->../src/eight.cpp:55]   --->   Operation 28 'getelementptr' 'dense_ap_fixed_ap_fixed_ap_fixed_ap_fixed_8_5_5_3_0_temp_3_addr' <Predicate = true> <Delay = 0.00>
ST_3 : Operation 29 [1/1] (0.00ns)   --->   "%dense_ap_fixed_ap_fixed_ap_fixed_ap_fixed_8_5_5_3_0_temp_2_addr = getelementptr i8 %dense_ap_fixed_ap_fixed_ap_fixed_ap_fixed_8_5_5_3_0_temp_2, i64 0, i64 %zext_ln11" [../src/dense.cpp:13->../src/eight.cpp:55]   --->   Operation 29 'getelementptr' 'dense_ap_fixed_ap_fixed_ap_fixed_ap_fixed_8_5_5_3_0_temp_2_addr' <Predicate = true> <Delay = 0.00>
ST_3 : Operation 30 [1/1] (0.00ns)   --->   "%dense_ap_fixed_ap_fixed_ap_fixed_ap_fixed_8_5_5_3_0_temp_1_addr = getelementptr i8 %dense_ap_fixed_ap_fixed_ap_fixed_ap_fixed_8_5_5_3_0_temp_1, i64 0, i64 %zext_ln11" [../src/dense.cpp:13->../src/eight.cpp:55]   --->   Operation 30 'getelementptr' 'dense_ap_fixed_ap_fixed_ap_fixed_ap_fixed_8_5_5_3_0_temp_1_addr' <Predicate = true> <Delay = 0.00>
ST_3 : Operation 31 [1/1] (0.00ns)   --->   "%dense_ap_fixed_ap_fixed_ap_fixed_ap_fixed_8_5_5_3_0_temp_addr = getelementptr i8 %dense_ap_fixed_ap_fixed_ap_fixed_ap_fixed_8_5_5_3_0_temp, i64 0, i64 %zext_ln11" [../src/dense.cpp:13->../src/eight.cpp:55]   --->   Operation 31 'getelementptr' 'dense_ap_fixed_ap_fixed_ap_fixed_ap_fixed_8_5_5_3_0_temp_addr' <Predicate = true> <Delay = 0.00>
ST_3 : Operation 32 [1/1] (0.00ns)   --->   "%dense_ap_fixed_ap_fixed_ap_fixed_ap_fixed_8_5_5_3_0_temp_6_addr = getelementptr i8 %dense_ap_fixed_ap_fixed_ap_fixed_ap_fixed_8_5_5_3_0_temp_6, i64 0, i64 %zext_ln11" [../src/dense.cpp:13->../src/eight.cpp:55]   --->   Operation 32 'getelementptr' 'dense_ap_fixed_ap_fixed_ap_fixed_ap_fixed_8_5_5_3_0_temp_6_addr' <Predicate = true> <Delay = 0.00>
ST_3 : Operation 33 [1/1] (0.00ns)   --->   "%dense_ap_fixed_ap_fixed_ap_fixed_ap_fixed_8_5_5_3_0_temp_5_addr = getelementptr i8 %dense_ap_fixed_ap_fixed_ap_fixed_ap_fixed_8_5_5_3_0_temp_5, i64 0, i64 %zext_ln11" [../src/dense.cpp:13->../src/eight.cpp:55]   --->   Operation 33 'getelementptr' 'dense_ap_fixed_ap_fixed_ap_fixed_ap_fixed_8_5_5_3_0_temp_5_addr' <Predicate = true> <Delay = 0.00>
ST_3 : Operation 34 [1/1] (0.00ns)   --->   "%dense_ap_fixed_ap_fixed_ap_fixed_ap_fixed_8_5_5_3_0_temp_4_addr = getelementptr i8 %dense_ap_fixed_ap_fixed_ap_fixed_ap_fixed_8_5_5_3_0_temp_4, i64 0, i64 %zext_ln11" [../src/dense.cpp:13->../src/eight.cpp:55]   --->   Operation 34 'getelementptr' 'dense_ap_fixed_ap_fixed_ap_fixed_ap_fixed_8_5_5_3_0_temp_4_addr' <Predicate = true> <Delay = 0.00>
ST_3 : Operation 35 [1/1] ( I:2.32ns O:2.32ns )   --->   "%store_ln13 = store i8 %gmem0_addr_read, i7 %dense_ap_fixed_ap_fixed_ap_fixed_ap_fixed_8_5_5_3_0_temp_5_addr" [../src/dense.cpp:13->../src/eight.cpp:55]   --->   Operation 35 'store' 'store_ln13' <Predicate = (trunc_ln11 == 6)> <Delay = 2.32> <CoreInst = "RAM">   --->   Core 81 'RAM' <Latency = 1> <II = 1> <Delay = 2.32> <Storage> <Opcode : 'load' 'store'> <Ports = 2> <Width = 8> <Depth = 98> <RAM>
ST_3 : Operation 36 [1/1] (0.00ns)   --->   "%br_ln13 = br void %arrayidx2.i.exit" [../src/dense.cpp:13->../src/eight.cpp:55]   --->   Operation 36 'br' 'br_ln13' <Predicate = (trunc_ln11 == 6)> <Delay = 0.00>
ST_3 : Operation 37 [1/1] ( I:2.32ns O:2.32ns )   --->   "%store_ln13 = store i8 %gmem0_addr_read, i7 %dense_ap_fixed_ap_fixed_ap_fixed_ap_fixed_8_5_5_3_0_temp_6_addr" [../src/dense.cpp:13->../src/eight.cpp:55]   --->   Operation 37 'store' 'store_ln13' <Predicate = (trunc_ln11 == 5)> <Delay = 2.32> <CoreInst = "RAM">   --->   Core 81 'RAM' <Latency = 1> <II = 1> <Delay = 2.32> <Storage> <Opcode : 'load' 'store'> <Ports = 2> <Width = 8> <Depth = 98> <RAM>
ST_3 : Operation 38 [1/1] (0.00ns)   --->   "%br_ln13 = br void %arrayidx2.i.exit" [../src/dense.cpp:13->../src/eight.cpp:55]   --->   Operation 38 'br' 'br_ln13' <Predicate = (trunc_ln11 == 5)> <Delay = 0.00>
ST_3 : Operation 39 [1/1] ( I:2.32ns O:2.32ns )   --->   "%store_ln13 = store i8 %gmem0_addr_read, i7 %dense_ap_fixed_ap_fixed_ap_fixed_ap_fixed_8_5_5_3_0_temp_addr" [../src/dense.cpp:13->../src/eight.cpp:55]   --->   Operation 39 'store' 'store_ln13' <Predicate = (trunc_ln11 == 4)> <Delay = 2.32> <CoreInst = "RAM">   --->   Core 81 'RAM' <Latency = 1> <II = 1> <Delay = 2.32> <Storage> <Opcode : 'load' 'store'> <Ports = 2> <Width = 8> <Depth = 98> <RAM>
ST_3 : Operation 40 [1/1] (0.00ns)   --->   "%br_ln13 = br void %arrayidx2.i.exit" [../src/dense.cpp:13->../src/eight.cpp:55]   --->   Operation 40 'br' 'br_ln13' <Predicate = (trunc_ln11 == 4)> <Delay = 0.00>
ST_3 : Operation 41 [1/1] ( I:2.32ns O:2.32ns )   --->   "%store_ln13 = store i8 %gmem0_addr_read, i7 %dense_ap_fixed_ap_fixed_ap_fixed_ap_fixed_8_5_5_3_0_temp_1_addr" [../src/dense.cpp:13->../src/eight.cpp:55]   --->   Operation 41 'store' 'store_ln13' <Predicate = (trunc_ln11 == 3)> <Delay = 2.32> <CoreInst = "RAM">   --->   Core 81 'RAM' <Latency = 1> <II = 1> <Delay = 2.32> <Storage> <Opcode : 'load' 'store'> <Ports = 2> <Width = 8> <Depth = 98> <RAM>
ST_3 : Operation 42 [1/1] (0.00ns)   --->   "%br_ln13 = br void %arrayidx2.i.exit" [../src/dense.cpp:13->../src/eight.cpp:55]   --->   Operation 42 'br' 'br_ln13' <Predicate = (trunc_ln11 == 3)> <Delay = 0.00>
ST_3 : Operation 43 [1/1] ( I:2.32ns O:2.32ns )   --->   "%store_ln13 = store i8 %gmem0_addr_read, i7 %dense_ap_fixed_ap_fixed_ap_fixed_ap_fixed_8_5_5_3_0_temp_2_addr" [../src/dense.cpp:13->../src/eight.cpp:55]   --->   Operation 43 'store' 'store_ln13' <Predicate = (trunc_ln11 == 2)> <Delay = 2.32> <CoreInst = "RAM">   --->   Core 81 'RAM' <Latency = 1> <II = 1> <Delay = 2.32> <Storage> <Opcode : 'load' 'store'> <Ports = 2> <Width = 8> <Depth = 98> <RAM>
ST_3 : Operation 44 [1/1] (0.00ns)   --->   "%br_ln13 = br void %arrayidx2.i.exit" [../src/dense.cpp:13->../src/eight.cpp:55]   --->   Operation 44 'br' 'br_ln13' <Predicate = (trunc_ln11 == 2)> <Delay = 0.00>
ST_3 : Operation 45 [1/1] ( I:2.32ns O:2.32ns )   --->   "%store_ln13 = store i8 %gmem0_addr_read, i7 %dense_ap_fixed_ap_fixed_ap_fixed_ap_fixed_8_5_5_3_0_temp_3_addr" [../src/dense.cpp:13->../src/eight.cpp:55]   --->   Operation 45 'store' 'store_ln13' <Predicate = (trunc_ln11 == 1)> <Delay = 2.32> <CoreInst = "RAM">   --->   Core 81 'RAM' <Latency = 1> <II = 1> <Delay = 2.32> <Storage> <Opcode : 'load' 'store'> <Ports = 2> <Width = 8> <Depth = 98> <RAM>
ST_3 : Operation 46 [1/1] (0.00ns)   --->   "%br_ln13 = br void %arrayidx2.i.exit" [../src/dense.cpp:13->../src/eight.cpp:55]   --->   Operation 46 'br' 'br_ln13' <Predicate = (trunc_ln11 == 1)> <Delay = 0.00>
ST_3 : Operation 47 [1/1] ( I:2.32ns O:2.32ns )   --->   "%store_ln13 = store i8 %gmem0_addr_read, i7 %dense_ap_fixed_ap_fixed_ap_fixed_ap_fixed_8_5_5_3_0_temp_7_addr" [../src/dense.cpp:13->../src/eight.cpp:55]   --->   Operation 47 'store' 'store_ln13' <Predicate = (trunc_ln11 == 0)> <Delay = 2.32> <CoreInst = "RAM">   --->   Core 81 'RAM' <Latency = 1> <II = 1> <Delay = 2.32> <Storage> <Opcode : 'load' 'store'> <Ports = 2> <Width = 8> <Depth = 98> <RAM>
ST_3 : Operation 48 [1/1] (0.00ns)   --->   "%br_ln13 = br void %arrayidx2.i.exit" [../src/dense.cpp:13->../src/eight.cpp:55]   --->   Operation 48 'br' 'br_ln13' <Predicate = (trunc_ln11 == 0)> <Delay = 0.00>
ST_3 : Operation 49 [1/1] ( I:2.32ns O:2.32ns )   --->   "%store_ln13 = store i8 %gmem0_addr_read, i7 %dense_ap_fixed_ap_fixed_ap_fixed_ap_fixed_8_5_5_3_0_temp_4_addr" [../src/dense.cpp:13->../src/eight.cpp:55]   --->   Operation 49 'store' 'store_ln13' <Predicate = (trunc_ln11 == 7)> <Delay = 2.32> <CoreInst = "RAM">   --->   Core 81 'RAM' <Latency = 1> <II = 1> <Delay = 2.32> <Storage> <Opcode : 'load' 'store'> <Ports = 2> <Width = 8> <Depth = 98> <RAM>
ST_3 : Operation 50 [1/1] (0.00ns)   --->   "%br_ln13 = br void %arrayidx2.i.exit" [../src/dense.cpp:13->../src/eight.cpp:55]   --->   Operation 50 'br' 'br_ln13' <Predicate = (trunc_ln11 == 7)> <Delay = 0.00>


============================================================
+ Verbose Summary: Timing violations
============================================================
Target clock period: 10.000ns, clock uncertainty: 1.250ns.

 <State 1>: 4.907ns
The critical path consists of the following:
	'store' operation ('store_ln11', ../src/dense.cpp:11->../src/eight.cpp:55) of constant 0 10 bit on local variable 'i', ../src/dense.cpp:11->../src/eight.cpp:55 [14]  (1.588 ns)
	'load' operation 10 bit ('i', ../src/dense.cpp:11->../src/eight.cpp:55) on local variable 'i', ../src/dense.cpp:11->../src/eight.cpp:55 [17]  (0.000 ns)
	'add' operation 10 bit ('add_ln11', ../src/dense.cpp:11->../src/eight.cpp:55) [20]  (1.731 ns)
	'store' operation ('store_ln11', ../src/dense.cpp:11->../src/eight.cpp:55) of variable 'add_ln11', ../src/dense.cpp:11->../src/eight.cpp:55 10 bit on local variable 'i', ../src/dense.cpp:11->../src/eight.cpp:55 [65]  (1.588 ns)

 <State 2>: 8.750ns
The critical path consists of the following:
	bus read operation ('gmem0_addr_read', ../src/dense.cpp:13->../src/eight.cpp:55) on port 'gmem0' (../src/dense.cpp:13->../src/eight.cpp:55) [38]  (8.750 ns)

 <State 3>: 2.322ns
The critical path consists of the following:
	'getelementptr' operation 7 bit ('dense_ap_fixed_ap_fixed_ap_fixed_ap_fixed_8_5_5_3_0_temp_3_addr', ../src/dense.cpp:13->../src/eight.cpp:55) [31]  (0.000 ns)
	'store' operation ('store_ln13', ../src/dense.cpp:13->../src/eight.cpp:55) of variable 'gmem0_addr_read', ../src/dense.cpp:13->../src/eight.cpp:55 8 bit on array 'dense_ap_fixed_ap_fixed_ap_fixed_ap_fixed_8_5_5_3_0_temp_3' [56]  (2.322 ns)


============================================================
+ Verbose Summary: Binding
============================================================
N/A
* FSMD analyzer results:
  - Output states:
 - Input state : 
  - Chain level:
	State 1
	State 2
	State 3


============================================================
+ Verbose Summary: Datapath Resource usage 
============================================================
N/A
