

================================================================
== Vitis HLS Report for 'top_Pipeline_LOAD_BIAS'
================================================================
* Date:           Sat Mar  7 18:28:21 2026

* Version:        2025.2 (Build 6295257 on Nov 14 2025)
* Project:        top
* Solution:       hls (Vivado IP Flow Target)
* Product family: zynq
* Target device:  xc7z020-clg484-1


================================================================
== Performance Estimates
================================================================
+ Timing: 
    * Summary: 
    +--------+----------+----------+------------+
    |  Clock |  Target  | Estimated| Uncertainty|
    +--------+----------+----------+------------+
    |ap_clk  |  10.00 ns|  8.750 ns|     1.25 ns|
    +--------+----------+----------+------------+

+ Latency: 
    * Summary: 
    +---------+---------+----------+----------+-----+-----+-------------------+
    |  Latency (cycles) |  Latency (absolute) |  Interval |      Pipeline     |
    |   min   |   max   |    min   |    max   | min | max |        Type       |
    +---------+---------+----------+----------+-----+-----+-------------------+
    |       12|       12|  0.120 us|  0.120 us|    0|    0|  loop pipeline stp|
    +---------+---------+----------+----------+-----+-----+-------------------+

    + Detail: 
        * Instance: 
        N/A

        * Loop: 
        +-------------+---------+---------+----------+-----------+-----------+------+----------+
        |             |  Latency (cycles) | Iteration|  Initiation Interval  | Trip |          |
        |  Loop Name  |   min   |   max   |  Latency |  achieved |   target  | Count| Pipelined|
        +-------------+---------+---------+----------+-----------+-----------+------+----------+
        |- LOAD_BIAS  |       10|       10|         2|          1|          1|    10|       yes|
        +-------------+---------+---------+----------+-----------+-----------+------+----------+

============================================================
+ Verbose Summary: Synthesis Manager
============================================================
InlineROM: 1
ExposeGlobal: 0
============================================================
+ Verbose Summary: CDFG Model
============================================================
IsTopModel: 0
ResetActiveHigh: 1
IsCombinational: 0
IsDatapathOnly: 0
HasWiredReturn: 1
HasMFsm: 2
HasVarLatency: 1
IsPipeline: 0
IsRtlPipelined: 0
IsInstanceOverlapped: 0
IsDontTouch: 0
HasImplIP: 0
IsGatedGlobalClock: 0

+ Individual pipeline summary: 
  * Pipeline-0: initiation interval (II) = 1, depth = 2


============================================================
+ Verbose Summary: Schedule
============================================================
* Number of FSM states : 2
* Pipeline : 1
  Pipeline-0 : II = 1, D = 2, States = { 1 2 }
* Dataflow Pipeline: 0

* FSM state transitions: 
1 --> 2 
2 --> 

* FSM state operations: 

State 1 <SV = 0> <Delay = 4.91>
ST_1 : Operation 5 [1/1] (0.00ns)   --->   "%i_1 = alloca i32 1" [../src/dense.cpp:19->../src/eight.cpp:55]   --->   Operation 5 'alloca' 'i_1' <Predicate = true> <Delay = 0.00>
ST_1 : Operation 6 [1/1] (0.00ns)   --->   "%local_bias = alloca i32 1" [../src/dense.cpp:17->../src/eight.cpp:55]   --->   Operation 6 'alloca' 'local_bias' <Predicate = true> <Delay = 0.00>
ST_1 : Operation 7 [1/1] (0.00ns)   --->   "%local_bias_1 = alloca i32 1" [../src/dense.cpp:17->../src/eight.cpp:55]   --->   Operation 7 'alloca' 'local_bias_1' <Predicate = true> <Delay = 0.00>
ST_1 : Operation 8 [1/1] (0.00ns)   --->   "%local_bias_2 = alloca i32 1" [../src/dense.cpp:17->../src/eight.cpp:55]   --->   Operation 8 'alloca' 'local_bias_2' <Predicate = true> <Delay = 0.00>
ST_1 : Operation 9 [1/1] (0.00ns)   --->   "%local_bias_3 = alloca i32 1" [../src/dense.cpp:17->../src/eight.cpp:55]   --->   Operation 9 'alloca' 'local_bias_3' <Predicate = true> <Delay = 0.00>
ST_1 : Operation 10 [1/1] (0.00ns)   --->   "%local_bias_4 = alloca i32 1" [../src/dense.cpp:17->../src/eight.cpp:55]   --->   Operation 10 'alloca' 'local_bias_4' <Predicate = true> <Delay = 0.00>
ST_1 : Operation 11 [1/1] (0.00ns)   --->   "%local_bias_5 = alloca i32 1" [../src/dense.cpp:17->../src/eight.cpp:55]   --->   Operation 11 'alloca' 'local_bias_5' <Predicate = true> <Delay = 0.00>
ST_1 : Operation 12 [1/1] (0.00ns)   --->   "%local_bias_6 = alloca i32 1" [../src/dense.cpp:17->../src/eight.cpp:55]   --->   Operation 12 'alloca' 'local_bias_6' <Predicate = true> <Delay = 0.00>
ST_1 : Operation 13 [1/1] (0.00ns)   --->   "%local_bias_7 = alloca i32 1" [../src/dense.cpp:17->../src/eight.cpp:55]   --->   Operation 13 'alloca' 'local_bias_7' <Predicate = true> <Delay = 0.00>
ST_1 : Operation 14 [1/1] (0.00ns)   --->   "%local_bias_8 = alloca i32 1" [../src/dense.cpp:17->../src/eight.cpp:55]   --->   Operation 14 'alloca' 'local_bias_8' <Predicate = true> <Delay = 0.00>
ST_1 : Operation 15 [1/1] (0.00ns)   --->   "%local_bias_9 = alloca i32 1" [../src/dense.cpp:17->../src/eight.cpp:55]   --->   Operation 15 'alloca' 'local_bias_9' <Predicate = true> <Delay = 0.00>
ST_1 : Operation 16 [1/1] (0.00ns)   --->   "%specstablecontent_ln0 = specstablecontent void @_ssdm_op_SpecStableContent, i8 %gmem1, i1 1, void "   --->   Operation 16 'specstablecontent' 'specstablecontent_ln0' <Predicate = true> <Delay = 0.00>
ST_1 : Operation 17 [1/1] (0.00ns)   --->   "%specinterface_ln0 = specinterface void @_ssdm_op_SpecInterface, i8 %gmem1, void @empty_7, i32 0, i32 0, void @empty_8, i32 0, i32 136, void @empty_32, void @empty_20, void @empty_8, i32 16, i32 16, i32 16, i32 16, void @empty_8, void @empty_8, i32 4294967295, i32 0, i32 0, i32 1"   --->   Operation 17 'specinterface' 'specinterface_ln0' <Predicate = true> <Delay = 0.00>
ST_1 : Operation 18 [1/1] (0.00ns)   --->   "%fcBias_read = read i64 @_ssdm_op_Read.ap_auto.i64, i64 %fcBias"   --->   Operation 18 'read' 'fcBias_read' <Predicate = true> <Delay = 0.00>
ST_1 : Operation 19 [1/1] (1.58ns)   --->   "%store_ln19 = store i4 0, i4 %i_1" [../src/dense.cpp:19->../src/eight.cpp:55]   --->   Operation 19 'store' 'store_ln19' <Predicate = true> <Delay = 1.58>
ST_1 : Operation 20 [1/1] (0.00ns)   --->   "%br_ln0 = br void %for.inc12.i"   --->   Operation 20 'br' 'br_ln0' <Predicate = true> <Delay = 0.00>
ST_1 : Operation 21 [1/1] (0.00ns)   --->   "%i = load i4 %i_1" [../src/dense.cpp:19->../src/eight.cpp:55]   --->   Operation 21 'load' 'i' <Predicate = true> <Delay = 0.00>
ST_1 : Operation 22 [1/1] (0.00ns)   --->   "%specbitsmap_ln0 = specbitsmap void @_ssdm_op_SpecBitsMap, i8 %gmem1"   --->   Operation 22 'specbitsmap' 'specbitsmap_ln0' <Predicate = true> <Delay = 0.00>
ST_1 : Operation 23 [1/1] (1.73ns)   --->   "%icmp_ln19 = icmp_eq  i4 %i, i4 10" [../src/dense.cpp:19->../src/eight.cpp:55]   --->   Operation 23 'icmp' 'icmp_ln19' <Predicate = true> <Delay = 1.73> <CoreInst = "Cmp">   --->   Core 9 'Cmp' <Latency = 0> <II = 1> <Delay = 1.73> <FuncUnit> <Opcode : 'seteq' 'setne' 'setle' 'setge' 'setlt' 'setgt'> <InPorts = 2> <OutPorts = 1>
ST_1 : Operation 24 [1/1] (1.73ns)   --->   "%add_ln19 = add i4 %i, i4 1" [../src/dense.cpp:19->../src/eight.cpp:55]   --->   Operation 24 'add' 'add_ln19' <Predicate = true> <Delay = 1.73> <CoreInst = "Adder">   --->   Core 1 'Adder' <Latency = 0> <II = 1> <Delay = 1.73> <FuncUnit> <Opcode : 'add' 'sub'> <InPorts = 2> <OutPorts = 1>
ST_1 : Operation 25 [1/1] (0.00ns)   --->   "%br_ln19 = br i1 %icmp_ln19, void %for.inc12.i.split, void %DENSE_OUTER.i.exitStub" [../src/dense.cpp:19->../src/eight.cpp:55]   --->   Operation 25 'br' 'br_ln19' <Predicate = true> <Delay = 0.00>
ST_1 : Operation 26 [1/1] (0.00ns)   --->   "%gmem1_addr = getelementptr i8 %gmem1, i64 %fcBias_read" [../src/dense.cpp:19->../src/eight.cpp:55]   --->   Operation 26 'getelementptr' 'gmem1_addr' <Predicate = (!icmp_ln19)> <Delay = 0.00>
ST_1 : Operation 27 [1/1] (1.73ns)   --->   "%switch_ln21 = switch i4 %i, void %arrayidx11.i.case.9, i4 0, void %arrayidx11.i.case.0, i4 1, void %arrayidx11.i.case.1, i4 2, void %arrayidx11.i.case.2, i4 3, void %arrayidx11.i.case.3, i4 4, void %arrayidx11.i.case.4, i4 5, void %arrayidx11.i.case.5, i4 6, void %arrayidx11.i.case.6, i4 7, void %arrayidx11.i.case.7, i4 8, void %for.inc12.i.split.arrayidx11.i.exit_crit_edge" [../src/dense.cpp:21->../src/eight.cpp:55]   --->   Operation 27 'switch' 'switch_ln21' <Predicate = (!icmp_ln19)> <Delay = 1.73>
ST_1 : Operation 28 [1/1] (1.58ns)   --->   "%store_ln19 = store i4 %add_ln19, i4 %i_1" [../src/dense.cpp:19->../src/eight.cpp:55]   --->   Operation 28 'store' 'store_ln19' <Predicate = (!icmp_ln19)> <Delay = 1.58>
ST_1 : Operation 29 [1/1] (0.00ns)   --->   "%br_ln19 = br void %for.inc12.i" [../src/dense.cpp:19->../src/eight.cpp:55]   --->   Operation 29 'br' 'br_ln19' <Predicate = (!icmp_ln19)> <Delay = 0.00>
ST_1 : Operation 54 [1/1] (0.00ns)   --->   "%local_bias_load = load i8 %local_bias"   --->   Operation 54 'load' 'local_bias_load' <Predicate = (icmp_ln19)> <Delay = 0.00>
ST_1 : Operation 55 [1/1] (0.00ns)   --->   "%local_bias_1_load = load i8 %local_bias_1"   --->   Operation 55 'load' 'local_bias_1_load' <Predicate = (icmp_ln19)> <Delay = 0.00>
ST_1 : Operation 56 [1/1] (0.00ns)   --->   "%local_bias_2_load = load i8 %local_bias_2"   --->   Operation 56 'load' 'local_bias_2_load' <Predicate = (icmp_ln19)> <Delay = 0.00>
ST_1 : Operation 57 [1/1] (0.00ns)   --->   "%local_bias_3_load = load i8 %local_bias_3"   --->   Operation 57 'load' 'local_bias_3_load' <Predicate = (icmp_ln19)> <Delay = 0.00>
ST_1 : Operation 58 [1/1] (0.00ns)   --->   "%local_bias_4_load = load i8 %local_bias_4"   --->   Operation 58 'load' 'local_bias_4_load' <Predicate = (icmp_ln19)> <Delay = 0.00>
ST_1 : Operation 59 [1/1] (0.00ns)   --->   "%local_bias_5_load = load i8 %local_bias_5"   --->   Operation 59 'load' 'local_bias_5_load' <Predicate = (icmp_ln19)> <Delay = 0.00>
ST_1 : Operation 60 [1/1] (0.00ns)   --->   "%local_bias_6_load = load i8 %local_bias_6"   --->   Operation 60 'load' 'local_bias_6_load' <Predicate = (icmp_ln19)> <Delay = 0.00>
ST_1 : Operation 61 [1/1] (0.00ns)   --->   "%local_bias_7_load = load i8 %local_bias_7"   --->   Operation 61 'load' 'local_bias_7_load' <Predicate = (icmp_ln19)> <Delay = 0.00>
ST_1 : Operation 62 [1/1] (0.00ns)   --->   "%local_bias_8_load = load i8 %local_bias_8"   --->   Operation 62 'load' 'local_bias_8_load' <Predicate = (icmp_ln19)> <Delay = 0.00>
ST_1 : Operation 63 [1/1] (0.00ns)   --->   "%local_bias_9_load = load i8 %local_bias_9"   --->   Operation 63 'load' 'local_bias_9_load' <Predicate = (icmp_ln19)> <Delay = 0.00>
ST_1 : Operation 64 [1/1] (0.00ns)   --->   "%write_ln0 = write void @_ssdm_op_Write.ap_auto.i8P0A, i8 %local_bias_9_out, i8 %local_bias_9_load"   --->   Operation 64 'write' 'write_ln0' <Predicate = (icmp_ln19)> <Delay = 0.00>
ST_1 : Operation 65 [1/1] (0.00ns)   --->   "%write_ln0 = write void @_ssdm_op_Write.ap_auto.i8P0A, i8 %local_bias_8_out, i8 %local_bias_8_load"   --->   Operation 65 'write' 'write_ln0' <Predicate = (icmp_ln19)> <Delay = 0.00>
ST_1 : Operation 66 [1/1] (0.00ns)   --->   "%write_ln0 = write void @_ssdm_op_Write.ap_auto.i8P0A, i8 %local_bias_7_out, i8 %local_bias_7_load"   --->   Operation 66 'write' 'write_ln0' <Predicate = (icmp_ln19)> <Delay = 0.00>
ST_1 : Operation 67 [1/1] (0.00ns)   --->   "%write_ln0 = write void @_ssdm_op_Write.ap_auto.i8P0A, i8 %local_bias_6_out, i8 %local_bias_6_load"   --->   Operation 67 'write' 'write_ln0' <Predicate = (icmp_ln19)> <Delay = 0.00>
ST_1 : Operation 68 [1/1] (0.00ns)   --->   "%write_ln0 = write void @_ssdm_op_Write.ap_auto.i8P0A, i8 %local_bias_5_out, i8 %local_bias_5_load"   --->   Operation 68 'write' 'write_ln0' <Predicate = (icmp_ln19)> <Delay = 0.00>
ST_1 : Operation 69 [1/1] (0.00ns)   --->   "%write_ln0 = write void @_ssdm_op_Write.ap_auto.i8P0A, i8 %local_bias_4_out, i8 %local_bias_4_load"   --->   Operation 69 'write' 'write_ln0' <Predicate = (icmp_ln19)> <Delay = 0.00>
ST_1 : Operation 70 [1/1] (0.00ns)   --->   "%write_ln0 = write void @_ssdm_op_Write.ap_auto.i8P0A, i8 %local_bias_3_out, i8 %local_bias_3_load"   --->   Operation 70 'write' 'write_ln0' <Predicate = (icmp_ln19)> <Delay = 0.00>
ST_1 : Operation 71 [1/1] (0.00ns)   --->   "%write_ln0 = write void @_ssdm_op_Write.ap_auto.i8P0A, i8 %local_bias_2_out, i8 %local_bias_2_load"   --->   Operation 71 'write' 'write_ln0' <Predicate = (icmp_ln19)> <Delay = 0.00>
ST_1 : Operation 72 [1/1] (0.00ns)   --->   "%write_ln0 = write void @_ssdm_op_Write.ap_auto.i8P0A, i8 %local_bias_1_out, i8 %local_bias_1_load"   --->   Operation 72 'write' 'write_ln0' <Predicate = (icmp_ln19)> <Delay = 0.00>
ST_1 : Operation 73 [1/1] (0.00ns)   --->   "%write_ln0 = write void @_ssdm_op_Write.ap_auto.i8P0A, i8 %local_bias_out, i8 %local_bias_load"   --->   Operation 73 'write' 'write_ln0' <Predicate = (icmp_ln19)> <Delay = 0.00>
ST_1 : Operation 74 [1/1] (1.58ns)   --->   "%ret_ln0 = ret"   --->   Operation 74 'ret' 'ret_ln0' <Predicate = (icmp_ln19)> <Delay = 1.58>

State 2 <SV = 1> <Delay = 8.75>
ST_2 : Operation 30 [1/1] (0.00ns)   --->   "%specpipeline_ln20 = specpipeline void @_ssdm_op_SpecPipeline, i32 1, i32 0, i32 0, i32 0, i32 4294967295, void @empty_8" [../src/dense.cpp:20->../src/eight.cpp:55]   --->   Operation 30 'specpipeline' 'specpipeline_ln20' <Predicate = true> <Delay = 0.00>
ST_2 : Operation 31 [1/1] (0.00ns)   --->   "%speclooptripcount_ln17 = speclooptripcount void @_ssdm_op_SpecLoopTripCount, i64 10, i64 10, i64 10" [../src/dense.cpp:17->../src/eight.cpp:55]   --->   Operation 31 'speclooptripcount' 'speclooptripcount_ln17' <Predicate = true> <Delay = 0.00>
ST_2 : Operation 32 [1/1] (0.00ns)   --->   "%specloopname_ln19 = specloopname void @_ssdm_op_SpecLoopName, void @empty_26" [../src/dense.cpp:19->../src/eight.cpp:55]   --->   Operation 32 'specloopname' 'specloopname_ln19' <Predicate = true> <Delay = 0.00>
ST_2 : Operation 33 [1/1] ( I:8.75ns O:8.75ns )   --->   "%local_bias_10 = read i8 @_ssdm_op_Read.m_axi.i8.p1i8, i8 %gmem1_addr" [../src/dense.cpp:21->../src/eight.cpp:55]   --->   Operation 33 'read' 'local_bias_10' <Predicate = true> <Delay = 8.75> <CoreInst = "m_axi">   --->   Core 111 'm_axi' <Latency = 3> <II = 1> <Delay = 1.00> <Adapter> <Opcode : 'readrequnaligned' 'writerequnaligned' 'read' 'write' 'readreq' 'writereq' 'writeresp'>
ST_2 : Operation 34 [1/1] (0.00ns)   --->   "%store_ln17 = store i8 %local_bias_10, i8 %local_bias_8" [../src/dense.cpp:17->../src/eight.cpp:55]   --->   Operation 34 'store' 'store_ln17' <Predicate = (i == 8)> <Delay = 0.00>
ST_2 : Operation 35 [1/1] (0.00ns)   --->   "%br_ln21 = br void %arrayidx11.i.exit" [../src/dense.cpp:21->../src/eight.cpp:55]   --->   Operation 35 'br' 'br_ln21' <Predicate = (i == 8)> <Delay = 0.00>
ST_2 : Operation 36 [1/1] (0.00ns)   --->   "%store_ln17 = store i8 %local_bias_10, i8 %local_bias_7" [../src/dense.cpp:17->../src/eight.cpp:55]   --->   Operation 36 'store' 'store_ln17' <Predicate = (i == 7)> <Delay = 0.00>
ST_2 : Operation 37 [1/1] (0.00ns)   --->   "%br_ln21 = br void %arrayidx11.i.exit" [../src/dense.cpp:21->../src/eight.cpp:55]   --->   Operation 37 'br' 'br_ln21' <Predicate = (i == 7)> <Delay = 0.00>
ST_2 : Operation 38 [1/1] (0.00ns)   --->   "%store_ln17 = store i8 %local_bias_10, i8 %local_bias_6" [../src/dense.cpp:17->../src/eight.cpp:55]   --->   Operation 38 'store' 'store_ln17' <Predicate = (i == 6)> <Delay = 0.00>
ST_2 : Operation 39 [1/1] (0.00ns)   --->   "%br_ln21 = br void %arrayidx11.i.exit" [../src/dense.cpp:21->../src/eight.cpp:55]   --->   Operation 39 'br' 'br_ln21' <Predicate = (i == 6)> <Delay = 0.00>
ST_2 : Operation 40 [1/1] (0.00ns)   --->   "%store_ln17 = store i8 %local_bias_10, i8 %local_bias_5" [../src/dense.cpp:17->../src/eight.cpp:55]   --->   Operation 40 'store' 'store_ln17' <Predicate = (i == 5)> <Delay = 0.00>
ST_2 : Operation 41 [1/1] (0.00ns)   --->   "%br_ln21 = br void %arrayidx11.i.exit" [../src/dense.cpp:21->../src/eight.cpp:55]   --->   Operation 41 'br' 'br_ln21' <Predicate = (i == 5)> <Delay = 0.00>
ST_2 : Operation 42 [1/1] (0.00ns)   --->   "%store_ln17 = store i8 %local_bias_10, i8 %local_bias_4" [../src/dense.cpp:17->../src/eight.cpp:55]   --->   Operation 42 'store' 'store_ln17' <Predicate = (i == 4)> <Delay = 0.00>
ST_2 : Operation 43 [1/1] (0.00ns)   --->   "%br_ln21 = br void %arrayidx11.i.exit" [../src/dense.cpp:21->../src/eight.cpp:55]   --->   Operation 43 'br' 'br_ln21' <Predicate = (i == 4)> <Delay = 0.00>
ST_2 : Operation 44 [1/1] (0.00ns)   --->   "%store_ln17 = store i8 %local_bias_10, i8 %local_bias_3" [../src/dense.cpp:17->../src/eight.cpp:55]   --->   Operation 44 'store' 'store_ln17' <Predicate = (i == 3)> <Delay = 0.00>
ST_2 : Operation 45 [1/1] (0.00ns)   --->   "%br_ln21 = br void %arrayidx11.i.exit" [../src/dense.cpp:21->../src/eight.cpp:55]   --->   Operation 45 'br' 'br_ln21' <Predicate = (i == 3)> <Delay = 0.00>
ST_2 : Operation 46 [1/1] (0.00ns)   --->   "%store_ln17 = store i8 %local_bias_10, i8 %local_bias_2" [../src/dense.cpp:17->../src/eight.cpp:55]   --->   Operation 46 'store' 'store_ln17' <Predicate = (i == 2)> <Delay = 0.00>
ST_2 : Operation 47 [1/1] (0.00ns)   --->   "%br_ln21 = br void %arrayidx11.i.exit" [../src/dense.cpp:21->../src/eight.cpp:55]   --->   Operation 47 'br' 'br_ln21' <Predicate = (i == 2)> <Delay = 0.00>
ST_2 : Operation 48 [1/1] (0.00ns)   --->   "%store_ln17 = store i8 %local_bias_10, i8 %local_bias_1" [../src/dense.cpp:17->../src/eight.cpp:55]   --->   Operation 48 'store' 'store_ln17' <Predicate = (i == 1)> <Delay = 0.00>
ST_2 : Operation 49 [1/1] (0.00ns)   --->   "%br_ln21 = br void %arrayidx11.i.exit" [../src/dense.cpp:21->../src/eight.cpp:55]   --->   Operation 49 'br' 'br_ln21' <Predicate = (i == 1)> <Delay = 0.00>
ST_2 : Operation 50 [1/1] (0.00ns)   --->   "%store_ln17 = store i8 %local_bias_10, i8 %local_bias" [../src/dense.cpp:17->../src/eight.cpp:55]   --->   Operation 50 'store' 'store_ln17' <Predicate = (i == 0)> <Delay = 0.00>
ST_2 : Operation 51 [1/1] (0.00ns)   --->   "%br_ln21 = br void %arrayidx11.i.exit" [../src/dense.cpp:21->../src/eight.cpp:55]   --->   Operation 51 'br' 'br_ln21' <Predicate = (i == 0)> <Delay = 0.00>
ST_2 : Operation 52 [1/1] (0.00ns)   --->   "%store_ln17 = store i8 %local_bias_10, i8 %local_bias_9" [../src/dense.cpp:17->../src/eight.cpp:55]   --->   Operation 52 'store' 'store_ln17' <Predicate = (i != 0 & i != 1 & i != 2 & i != 3 & i != 4 & i != 5 & i != 6 & i != 7 & i != 8)> <Delay = 0.00>
ST_2 : Operation 53 [1/1] (0.00ns)   --->   "%br_ln21 = br void %arrayidx11.i.exit" [../src/dense.cpp:21->../src/eight.cpp:55]   --->   Operation 53 'br' 'br_ln21' <Predicate = (i != 0 & i != 1 & i != 2 & i != 3 & i != 4 & i != 5 & i != 6 & i != 7 & i != 8)> <Delay = 0.00>


============================================================
+ Verbose Summary: Timing violations
============================================================
Target clock period: 10.000ns, clock uncertainty: 1.250ns.

 <State 1>: 4.911ns
The critical path consists of the following:
	'store' operation ('store_ln19', ../src/dense.cpp:19->../src/eight.cpp:55) of constant 0 4 bit on local variable 'i', ../src/dense.cpp:19->../src/eight.cpp:55 [27]  (1.588 ns)
	'load' operation 4 bit ('i', ../src/dense.cpp:19->../src/eight.cpp:55) on local variable 'i', ../src/dense.cpp:19->../src/eight.cpp:55 [30]  (0.000 ns)
	'icmp' operation 1 bit ('icmp_ln19', ../src/dense.cpp:19->../src/eight.cpp:55) [32]  (1.735 ns)
	'store' operation ('store_ln19', ../src/dense.cpp:19->../src/eight.cpp:55) of variable 'add_ln19', ../src/dense.cpp:19->../src/eight.cpp:55 4 bit on local variable 'i', ../src/dense.cpp:19->../src/eight.cpp:55 [73]  (1.588 ns)

 <State 2>: 8.750ns
The critical path consists of the following:
	bus read operation ('local_bias', ../src/dense.cpp:21->../src/eight.cpp:55) on port 'gmem1' (../src/dense.cpp:21->../src/eight.cpp:55) [40]  (8.750 ns)
	'store' operation ('store_ln17', ../src/dense.cpp:17->../src/eight.cpp:55) of variable 'local_bias', ../src/dense.cpp:21->../src/eight.cpp:55 8 bit on local variable 'local_bias', ../src/dense.cpp:17->../src/eight.cpp:55 [55]  (0.000 ns)


============================================================
+ Verbose Summary: Binding
============================================================
N/A
* FSMD analyzer results:
  - Output states:
 - Input state : 
  - Chain level:
	State 1
	State 2


============================================================
+ Verbose Summary: Datapath Resource usage 
============================================================
N/A
