

================================================================
== Vitis HLS Report for 'top_Pipeline_DENSE_OUTER_DENSE_INNER'
================================================================
* Date:           Sun Mar 15 23:46:46 2026

* Version:        2025.2 (Build 6295257 on Nov 14 2025)
* Project:        top
* Solution:       hls (Vivado IP Flow Target)
* Product family: zynq
* Target device:  xc7z020-clg484-1


================================================================
== Performance Estimates
================================================================
+ Timing: 
    * Summary: 
    +--------+----------+----------+------------+
    |  Clock |  Target  | Estimated| Uncertainty|
    +--------+----------+----------+------------+
    |ap_clk  |  10.00 ns|  8.750 ns|     1.25 ns|
    +--------+----------+----------+------------+

+ Latency: 
    * Summary: 
    +---------+---------+-----------+-----------+-----+-----+-------------------+
    |  Latency (cycles) |   Latency (absolute)  |  Interval |      Pipeline     |
    |   min   |   max   |    min    |    max    | min | max |        Type       |
    +---------+---------+-----------+-----------+-----+-----+-------------------+
    |     7847|     7847|  78.470 us|  78.470 us|    0|    0|  loop pipeline stp|
    +---------+---------+-----------+-----------+-----+-----+-------------------+

    + Detail: 
        * Instance: 
        N/A

        * Loop: 
        +---------------------------+---------+---------+----------+-----------+-----------+------+----------+
        |                           |  Latency (cycles) | Iteration|  Initiation Interval  | Trip |          |
        |         Loop Name         |   min   |   max   |  Latency |  achieved |   target  | Count| Pipelined|
        +---------------------------+---------+---------+----------+-----------+-----------+------+----------+
        |- DENSE_OUTER_DENSE_INNER  |     7845|     7845|         7|          1|          1|  7840|       yes|
        +---------------------------+---------+---------+----------+-----------+-----------+------+----------+

============================================================
+ Verbose Summary: Synthesis Manager
============================================================
InlineROM: 1
ExposeGlobal: 0
============================================================
+ Verbose Summary: CDFG Model
============================================================
IsTopModel: 0
ResetActiveHigh: 1
IsCombinational: 0
IsDatapathOnly: 0
HasWiredReturn: 1
HasMFsm: 2
HasVarLatency: 1
IsPipeline: 0
IsRtlPipelined: 0
IsInstanceOverlapped: 0
IsDontTouch: 0
HasImplIP: 0
IsGatedGlobalClock: 0

+ Individual pipeline summary: 
  * Pipeline-0: initiation interval (II) = 1, depth = 7


============================================================
+ Verbose Summary: Schedule
============================================================
* Number of FSM states : 7
* Pipeline : 1
  Pipeline-0 : II = 1, D = 7, States = { 1 2 3 4 5 6 7 }
* Dataflow Pipeline: 0

* FSM state transitions: 
1 --> 2 
2 --> 3 
3 --> 4 
4 --> 5 
5 --> 6 
6 --> 7 
7 --> 

* FSM state operations: 

State 1 <SV = 0> <Delay = 5.93>
ST_1 : Operation 10 [1/1] (0.00ns)   --->   "%indvar_flatten3 = alloca i32 1"   --->   Operation 10 'alloca' 'indvar_flatten3' <Predicate = true> <Delay = 0.00>
ST_1 : Operation 11 [1/1] (0.00ns)   --->   "%c = alloca i32 1" [../src/dense.cpp:13->../src/eight.cpp:29]   --->   Operation 11 'alloca' 'c' <Predicate = true> <Delay = 0.00>
ST_1 : Operation 12 [1/1] (0.00ns)   --->   "%i = alloca i32 1" [../src/dense.cpp:18->../src/eight.cpp:29]   --->   Operation 12 'alloca' 'i' <Predicate = true> <Delay = 0.00>
ST_1 : Operation 13 [1/1] (0.00ns)   --->   "%add_ln138 = alloca i32 1"   --->   Operation 13 'alloca' 'add_ln138' <Predicate = true> <Delay = 0.00>
ST_1 : Operation 14 [1/1] (0.00ns)   --->   "%sum_1 = alloca i32 1" [../src/dense.cpp:14->../src/eight.cpp:29]   --->   Operation 14 'alloca' 'sum_1' <Predicate = true> <Delay = 0.00>
ST_1 : Operation 15 [1/1] (0.00ns)   --->   "%specinterface_ln0 = specinterface void @_ssdm_op_SpecInterface, i8 %gmem0, void @empty_21, i32 0, i32 0, void @empty_22, i32 0, i32 848, void @empty_14, void @empty, void @empty_22, i32 16, i32 16, i32 16, i32 16, void @empty_22, void @empty_22, i32 4294967295, i32 0, i32 0, i32 1"   --->   Operation 15 'specinterface' 'specinterface_ln0' <Predicate = true> <Delay = 0.00>
ST_1 : Operation 16 [1/1] (0.00ns)   --->   "%outputDense_read = read i64 @_ssdm_op_Read.ap_auto.i64, i64 %outputDense"   --->   Operation 16 'read' 'outputDense_read' <Predicate = true> <Delay = 0.00>
ST_1 : Operation 17 [1/1] (1.58ns)   --->   "%store_ln0 = store i4 1, i4 %add_ln138"   --->   Operation 17 'store' 'store_ln0' <Predicate = true> <Delay = 1.58>
ST_1 : Operation 18 [1/1] (1.58ns)   --->   "%store_ln18 = store i10 0, i10 %i" [../src/dense.cpp:18->../src/eight.cpp:29]   --->   Operation 18 'store' 'store_ln18' <Predicate = true> <Delay = 1.58>
ST_1 : Operation 19 [1/1] (1.58ns)   --->   "%store_ln13 = store i4 0, i4 %c" [../src/dense.cpp:13->../src/eight.cpp:29]   --->   Operation 19 'store' 'store_ln13' <Predicate = true> <Delay = 1.58>
ST_1 : Operation 20 [1/1] (1.58ns)   --->   "%store_ln0 = store i13 0, i13 %indvar_flatten3"   --->   Operation 20 'store' 'store_ln0' <Predicate = true> <Delay = 1.58>
ST_1 : Operation 21 [1/1] (1.58ns)   --->   "%br_ln0 = br void %for.inc12.i"   --->   Operation 21 'br' 'br_ln0' <Predicate = true> <Delay = 1.58>
ST_1 : Operation 22 [1/1] (0.00ns)   --->   "%icmp_ln187 = phi i1 0, void %newFuncRoot, i1 %icmp_ln18, void %new.latch.for.body4.i.split" [../src/dense.cpp:18->../src/eight.cpp:29]   --->   Operation 22 'phi' 'icmp_ln187' <Predicate = true> <Delay = 0.00>
ST_1 : Operation 23 [1/1] (0.00ns)   --->   "%indvar_flatten3_load = load i13 %indvar_flatten3" [../src/dense.cpp:13->../src/eight.cpp:29]   --->   Operation 23 'load' 'indvar_flatten3_load' <Predicate = true> <Delay = 0.00>
ST_1 : Operation 24 [1/1] (0.00ns)   --->   "%c_2 = load i4 %c" [../src/dense.cpp:13->../src/eight.cpp:29]   --->   Operation 24 'load' 'c_2' <Predicate = true> <Delay = 0.00>
ST_1 : Operation 25 [1/1] (0.00ns)   --->   "%i_1 = load i10 %i" [../src/dense.cpp:13->../src/eight.cpp:29]   --->   Operation 25 'load' 'i_1' <Predicate = true> <Delay = 0.00>
ST_1 : Operation 26 [1/1] (0.00ns)   --->   "%add_ln138_load = load i4 %add_ln138" [../src/dense.cpp:13->../src/eight.cpp:29]   --->   Operation 26 'load' 'add_ln138_load' <Predicate = true> <Delay = 0.00>
ST_1 : Operation 27 [1/1] (0.68ns)   --->   "%select_ln13 = select i1 %icmp_ln187, i10 0, i10 %i_1" [../src/dense.cpp:13->../src/eight.cpp:29]   --->   Operation 27 'select' 'select_ln13' <Predicate = true> <Delay = 0.68> <CoreInst = "Sel">   --->   Core 73 'Sel' <Latency = 0> <II = 1> <Delay = 0.68> <FuncUnit> <Opcode : 'select'> <InPorts = 3> <OutPorts = 1>
ST_1 : Operation 28 [1/1] (1.02ns)   --->   "%c_3 = select i1 %icmp_ln187, i4 %add_ln138_load, i4 %c_2" [../src/dense.cpp:13->../src/eight.cpp:29]   --->   Operation 28 'select' 'c_3' <Predicate = true> <Delay = 1.02> <CoreInst = "Sel">   --->   Core 73 'Sel' <Latency = 0> <II = 1> <Delay = 1.02> <FuncUnit> <Opcode : 'select'> <InPorts = 3> <OutPorts = 1>
ST_1 : Operation 29 [1/1] (1.73ns)   --->   "%first_iter_0 = icmp_eq  i10 %select_ln13, i10 0" [../src/dense.cpp:13->../src/eight.cpp:29]   --->   Operation 29 'icmp' 'first_iter_0' <Predicate = true> <Delay = 1.73> <CoreInst = "Cmp">   --->   Core 9 'Cmp' <Latency = 0> <II = 1> <Delay = 1.73> <FuncUnit> <Opcode : 'seteq' 'setne' 'setle' 'setge' 'setlt' 'setgt'> <InPorts = 2> <OutPorts = 1>
ST_1 : Operation 30 [1/1] (2.54ns)   --->   "%sum = sparsemux i2 @_ssdm_op_SparseMux.ap_auto.10i2.i2.i4, i4 0, i2 1, i4 1, i2 0, i4 2, i2 1, i4 3, i2 3, i4 4, i2 3, i4 5, i2 1, i4 6, i2 0, i4 7, i2 0, i4 8, i2 0, i4 9, i2 0, i2 0, i4 %c_3" [../src/dense.cpp:14->../src/eight.cpp:29]   --->   Operation 30 'sparsemux' 'sum' <Predicate = true> <Delay = 2.54> <CoreInst = "BinarySparseMux_DontCare">   --->   Core 137 'BinarySparseMux_DontCare' <Latency = 0> <II = 1> <Delay = 2.54> <FuncUnit> <Opcode : 'sparsemux'> <InPorts = 2> <OutPorts = 1>
ST_1 : Operation 31 [1/1] (1.67ns)   --->   "%add_ln13_1 = add i13 %indvar_flatten3_load, i13 1" [../src/dense.cpp:13->../src/eight.cpp:29]   --->   Operation 31 'add' 'add_ln13_1' <Predicate = true> <Delay = 1.67> <CoreInst = "Adder">   --->   Core 1 'Adder' <Latency = 0> <II = 1> <Delay = 1.67> <FuncUnit> <Opcode : 'add' 'sub'> <InPorts = 2> <OutPorts = 1>
ST_1 : Operation 32 [1/1] (1.58ns)   --->   "%br_ln18 = br i1 %first_iter_0, void %fpga_resource_hint.for.body4.i.1, void %for.first.iter.for.body4.i" [../src/dense.cpp:18->../src/eight.cpp:29]   --->   Operation 32 'br' 'br_ln18' <Predicate = true> <Delay = 1.58>
ST_1 : Operation 33 [1/1] (0.00ns)   --->   "%zext_ln18 = zext i4 %c_3" [../src/dense.cpp:18->../src/eight.cpp:29]   --->   Operation 33 'zext' 'zext_ln18' <Predicate = true> <Delay = 0.00>
ST_1 : Operation 34 [3/3] (1.05ns) (grouped into DSP with root node add_ln21)   --->   "%mul_ln18 = mul i13 %zext_ln18, i13 784" [../src/dense.cpp:18->../src/eight.cpp:29]   --->   Operation 34 'mul' 'mul_ln18' <Predicate = true> <Delay = 1.05> <CoreInst = "DSP48">   --->   Core 116 'DSP48' <Latency = 3> <II = 1> <Delay = 2.15> <IPBlock> <Opcode : 'add' 'sub' 'mul' 'select'> <InPorts = 0> <OutPorts = 1> <Sync> <CReg>
ST_1 : Operation 35 [1/1] (1.73ns)   --->   "%i_3 = add i10 %select_ln13, i10 1" [../src/dense.cpp:18->../src/eight.cpp:29]   --->   Operation 35 'add' 'i_3' <Predicate = true> <Delay = 1.73> <CoreInst = "Adder">   --->   Core 1 'Adder' <Latency = 0> <II = 1> <Delay = 1.73> <FuncUnit> <Opcode : 'add' 'sub'> <InPorts = 2> <OutPorts = 1>
ST_1 : Operation 36 [1/1] (1.73ns)   --->   "%icmp_ln18 = icmp_eq  i10 %i_3, i10 784" [../src/dense.cpp:18->../src/eight.cpp:29]   --->   Operation 36 'icmp' 'icmp_ln18' <Predicate = true> <Delay = 1.73> <CoreInst = "Cmp">   --->   Core 9 'Cmp' <Latency = 0> <II = 1> <Delay = 1.73> <FuncUnit> <Opcode : 'seteq' 'setne' 'setle' 'setge' 'setlt' 'setgt'> <InPorts = 2> <OutPorts = 1>
ST_1 : Operation 37 [1/1] (0.00ns)   --->   "%br_ln18 = br i1 %icmp_ln18, void %new.latch.for.body4.i.split, void %last.iter.for.body4.i.split" [../src/dense.cpp:18->../src/eight.cpp:29]   --->   Operation 37 'br' 'br_ln18' <Predicate = true> <Delay = 0.00>
ST_1 : Operation 38 [1/1] (1.73ns)   --->   "%add_ln13 = add i4 %c_3, i4 1" [../src/dense.cpp:13->../src/eight.cpp:29]   --->   Operation 38 'add' 'add_ln13' <Predicate = true> <Delay = 1.73> <CoreInst = "Adder">   --->   Core 1 'Adder' <Latency = 0> <II = 1> <Delay = 1.73> <FuncUnit> <Opcode : 'add' 'sub'> <InPorts = 2> <OutPorts = 1>
ST_1 : Operation 39 [1/1] (1.67ns)   --->   "%icmp_ln13 = icmp_eq  i13 %indvar_flatten3_load, i13 7839" [../src/dense.cpp:13->../src/eight.cpp:29]   --->   Operation 39 'icmp' 'icmp_ln13' <Predicate = true> <Delay = 1.67> <CoreInst = "Cmp">   --->   Core 9 'Cmp' <Latency = 0> <II = 1> <Delay = 1.67> <FuncUnit> <Opcode : 'seteq' 'setne' 'setle' 'setge' 'setlt' 'setgt'> <InPorts = 2> <OutPorts = 1>
ST_1 : Operation 40 [1/1] (1.58ns)   --->   "%store_ln13 = store i4 %add_ln13, i4 %add_ln138" [../src/dense.cpp:13->../src/eight.cpp:29]   --->   Operation 40 'store' 'store_ln13' <Predicate = true> <Delay = 1.58>
ST_1 : Operation 41 [1/1] (1.58ns)   --->   "%store_ln18 = store i10 %i_3, i10 %i" [../src/dense.cpp:18->../src/eight.cpp:29]   --->   Operation 41 'store' 'store_ln18' <Predicate = true> <Delay = 1.58>
ST_1 : Operation 42 [1/1] (1.58ns)   --->   "%store_ln13 = store i4 %c_3, i4 %c" [../src/dense.cpp:13->../src/eight.cpp:29]   --->   Operation 42 'store' 'store_ln13' <Predicate = true> <Delay = 1.58>
ST_1 : Operation 43 [1/1] (1.58ns)   --->   "%store_ln13 = store i13 %add_ln13_1, i13 %indvar_flatten3" [../src/dense.cpp:13->../src/eight.cpp:29]   --->   Operation 43 'store' 'store_ln13' <Predicate = true> <Delay = 1.58>
ST_1 : Operation 44 [1/1] (0.00ns)   --->   "%br_ln13 = br i1 %icmp_ln13, void %for.inc12.i, void %_Z5denseP8ap_fixedILi8ELi5EL9ap_q_mode5EL9ap_o_mode3ELi0EES3_.exit.exitStub" [../src/dense.cpp:13->../src/eight.cpp:29]   --->   Operation 44 'br' 'br_ln13' <Predicate = true> <Delay = 0.00>

State 2 <SV = 1> <Delay = 1.05>
ST_2 : Operation 45 [2/3] (1.05ns) (grouped into DSP with root node add_ln21)   --->   "%mul_ln18 = mul i13 %zext_ln18, i13 784" [../src/dense.cpp:18->../src/eight.cpp:29]   --->   Operation 45 'mul' 'mul_ln18' <Predicate = true> <Delay = 1.05> <CoreInst = "DSP48">   --->   Core 116 'DSP48' <Latency = 3> <II = 1> <Delay = 2.15> <IPBlock> <Opcode : 'add' 'sub' 'mul' 'select'> <InPorts = 0> <OutPorts = 1> <Sync> <CReg>

State 3 <SV = 2> <Delay = 2.10>
ST_3 : Operation 46 [1/3] (0.00ns) (grouped into DSP with root node add_ln21)   --->   "%mul_ln18 = mul i13 %zext_ln18, i13 784" [../src/dense.cpp:18->../src/eight.cpp:29]   --->   Operation 46 'mul' 'mul_ln18' <Predicate = true> <Delay = 0.00> <CoreInst = "DSP48">   --->   Core 116 'DSP48' <Latency = 3> <II = 1> <Delay = 2.15> <IPBlock> <Opcode : 'add' 'sub' 'mul' 'select'> <InPorts = 0> <OutPorts = 1> <Sync> <CReg>
ST_3 : Operation 47 [1/1] (0.00ns)   --->   "%zext_ln18_1 = zext i10 %select_ln13" [../src/dense.cpp:18->../src/eight.cpp:29]   --->   Operation 47 'zext' 'zext_ln18_1' <Predicate = true> <Delay = 0.00>
ST_3 : Operation 48 [2/2] (2.10ns) (root node of the DSP)   --->   "%add_ln21 = add i13 %zext_ln18_1, i13 %mul_ln18" [../src/dense.cpp:21->../src/eight.cpp:29]   --->   Operation 48 'add' 'add_ln21' <Predicate = true> <Delay = 2.10> <CoreInst = "DSP48">   --->   Core 116 'DSP48' <Latency = 3> <II = 1> <Delay = 2.15> <IPBlock> <Opcode : 'add' 'sub' 'mul' 'select'> <InPorts = 0> <OutPorts = 1> <Sync> <CReg>

State 4 <SV = 3> <Delay = 5.35>
ST_4 : Operation 49 [1/1] (0.00ns)   --->   "%trunc_ln18 = trunc i10 %select_ln13" [../src/dense.cpp:18->../src/eight.cpp:29]   --->   Operation 49 'trunc' 'trunc_ln18' <Predicate = true> <Delay = 0.00>
ST_4 : Operation 50 [1/1] (0.00ns)   --->   "%lshr_ln = partselect i7 @_ssdm_op_PartSelect.i7.i10.i32.i32, i10 %select_ln13, i32 3, i32 9" [../src/dense.cpp:14->../src/eight.cpp:29]   --->   Operation 50 'partselect' 'lshr_ln' <Predicate = true> <Delay = 0.00>
ST_4 : Operation 51 [1/1] (0.00ns)   --->   "%zext_ln14 = zext i7 %lshr_ln" [../src/dense.cpp:14->../src/eight.cpp:29]   --->   Operation 51 'zext' 'zext_ln14' <Predicate = true> <Delay = 0.00>
ST_4 : Operation 52 [1/2] (2.10ns) (root node of the DSP)   --->   "%add_ln21 = add i13 %zext_ln18_1, i13 %mul_ln18" [../src/dense.cpp:21->../src/eight.cpp:29]   --->   Operation 52 'add' 'add_ln21' <Predicate = true> <Delay = 2.10> <CoreInst = "DSP48">   --->   Core 116 'DSP48' <Latency = 3> <II = 1> <Delay = 2.15> <IPBlock> <Opcode : 'add' 'sub' 'mul' 'select'> <InPorts = 0> <OutPorts = 1> <Sync> <CReg>
ST_4 : Operation 53 [1/1] (0.00ns)   --->   "%zext_ln24 = zext i13 %add_ln21" [../src/dense.cpp:24->../src/eight.cpp:29]   --->   Operation 53 'zext' 'zext_ln24' <Predicate = true> <Delay = 0.00>
ST_4 : Operation 54 [1/1] (0.00ns)   --->   "%fc1_weight_addr = getelementptr i4 %fc1_weight, i64 0, i64 %zext_ln24" [../src/dense.cpp:24->../src/eight.cpp:29]   --->   Operation 54 'getelementptr' 'fc1_weight_addr' <Predicate = true> <Delay = 0.00>
ST_4 : Operation 55 [2/2] (3.25ns)   --->   "%w_val = load i13 %fc1_weight_addr" [../src/dense.cpp:24->../src/eight.cpp:29]   --->   Operation 55 'load' 'w_val' <Predicate = true> <Delay = 3.25> <CoreInst = "ROM">   --->   Core 94 'ROM' <Latency = 1> <II = 1> <Delay = 3.25> <Storage> <Opcode : 'load'> <Ports = 0> <Width = 4> <Depth = 7840> <ROM>
ST_4 : Operation 56 [1/1] (0.00ns)   --->   "%outputPool2_addr = getelementptr i7 %outputPool2, i64 0, i64 %zext_ln14" [../src/dense.cpp:25->../src/eight.cpp:29]   --->   Operation 56 'getelementptr' 'outputPool2_addr' <Predicate = true> <Delay = 0.00>
ST_4 : Operation 57 [1/1] (0.00ns)   --->   "%outputPool2_1_addr = getelementptr i7 %outputPool2_1, i64 0, i64 %zext_ln14" [../src/dense.cpp:25->../src/eight.cpp:29]   --->   Operation 57 'getelementptr' 'outputPool2_1_addr' <Predicate = true> <Delay = 0.00>
ST_4 : Operation 58 [1/1] (0.00ns)   --->   "%outputPool2_2_addr = getelementptr i7 %outputPool2_2, i64 0, i64 %zext_ln14" [../src/dense.cpp:25->../src/eight.cpp:29]   --->   Operation 58 'getelementptr' 'outputPool2_2_addr' <Predicate = true> <Delay = 0.00>
ST_4 : Operation 59 [1/1] (0.00ns)   --->   "%outputPool2_3_addr = getelementptr i7 %outputPool2_3, i64 0, i64 %zext_ln14" [../src/dense.cpp:25->../src/eight.cpp:29]   --->   Operation 59 'getelementptr' 'outputPool2_3_addr' <Predicate = true> <Delay = 0.00>
ST_4 : Operation 60 [1/1] (0.00ns)   --->   "%outputPool2_4_addr = getelementptr i7 %outputPool2_4, i64 0, i64 %zext_ln14" [../src/dense.cpp:25->../src/eight.cpp:29]   --->   Operation 60 'getelementptr' 'outputPool2_4_addr' <Predicate = true> <Delay = 0.00>
ST_4 : Operation 61 [1/1] (0.00ns)   --->   "%outputPool2_5_addr = getelementptr i7 %outputPool2_5, i64 0, i64 %zext_ln14" [../src/dense.cpp:25->../src/eight.cpp:29]   --->   Operation 61 'getelementptr' 'outputPool2_5_addr' <Predicate = true> <Delay = 0.00>
ST_4 : Operation 62 [1/1] (0.00ns)   --->   "%outputPool2_6_addr = getelementptr i7 %outputPool2_6, i64 0, i64 %zext_ln14" [../src/dense.cpp:25->../src/eight.cpp:29]   --->   Operation 62 'getelementptr' 'outputPool2_6_addr' <Predicate = true> <Delay = 0.00>
ST_4 : Operation 63 [1/1] (0.00ns)   --->   "%outputPool2_7_addr = getelementptr i7 %outputPool2_7, i64 0, i64 %zext_ln14" [../src/dense.cpp:25->../src/eight.cpp:29]   --->   Operation 63 'getelementptr' 'outputPool2_7_addr' <Predicate = true> <Delay = 0.00>
ST_4 : Operation 64 [2/2] (2.32ns)   --->   "%outputPool2_load = load i7 %outputPool2_addr" [../src/dense.cpp:25->../src/eight.cpp:29]   --->   Operation 64 'load' 'outputPool2_load' <Predicate = true> <Delay = 2.32> <CoreInst = "RAM">   --->   Core 81 'RAM' <Latency = 1> <II = 1> <Delay = 2.32> <Storage> <Opcode : 'load' 'store'> <Ports = 2> <Width = 7> <Depth = 98> <RAM>
ST_4 : Operation 65 [2/2] (2.32ns)   --->   "%outputPool2_1_load = load i7 %outputPool2_1_addr" [../src/dense.cpp:25->../src/eight.cpp:29]   --->   Operation 65 'load' 'outputPool2_1_load' <Predicate = true> <Delay = 2.32> <CoreInst = "RAM">   --->   Core 81 'RAM' <Latency = 1> <II = 1> <Delay = 2.32> <Storage> <Opcode : 'load' 'store'> <Ports = 2> <Width = 7> <Depth = 98> <RAM>
ST_4 : Operation 66 [2/2] (2.32ns)   --->   "%outputPool2_2_load = load i7 %outputPool2_2_addr" [../src/dense.cpp:25->../src/eight.cpp:29]   --->   Operation 66 'load' 'outputPool2_2_load' <Predicate = true> <Delay = 2.32> <CoreInst = "RAM">   --->   Core 81 'RAM' <Latency = 1> <II = 1> <Delay = 2.32> <Storage> <Opcode : 'load' 'store'> <Ports = 2> <Width = 7> <Depth = 98> <RAM>
ST_4 : Operation 67 [2/2] (2.32ns)   --->   "%outputPool2_3_load = load i7 %outputPool2_3_addr" [../src/dense.cpp:25->../src/eight.cpp:29]   --->   Operation 67 'load' 'outputPool2_3_load' <Predicate = true> <Delay = 2.32> <CoreInst = "RAM">   --->   Core 81 'RAM' <Latency = 1> <II = 1> <Delay = 2.32> <Storage> <Opcode : 'load' 'store'> <Ports = 2> <Width = 7> <Depth = 98> <RAM>
ST_4 : Operation 68 [2/2] (2.32ns)   --->   "%outputPool2_4_load = load i7 %outputPool2_4_addr" [../src/dense.cpp:25->../src/eight.cpp:29]   --->   Operation 68 'load' 'outputPool2_4_load' <Predicate = true> <Delay = 2.32> <CoreInst = "RAM">   --->   Core 81 'RAM' <Latency = 1> <II = 1> <Delay = 2.32> <Storage> <Opcode : 'load' 'store'> <Ports = 2> <Width = 7> <Depth = 98> <RAM>
ST_4 : Operation 69 [2/2] (2.32ns)   --->   "%outputPool2_5_load = load i7 %outputPool2_5_addr" [../src/dense.cpp:25->../src/eight.cpp:29]   --->   Operation 69 'load' 'outputPool2_5_load' <Predicate = true> <Delay = 2.32> <CoreInst = "RAM">   --->   Core 81 'RAM' <Latency = 1> <II = 1> <Delay = 2.32> <Storage> <Opcode : 'load' 'store'> <Ports = 2> <Width = 7> <Depth = 98> <RAM>
ST_4 : Operation 70 [2/2] (2.32ns)   --->   "%outputPool2_6_load = load i7 %outputPool2_6_addr" [../src/dense.cpp:25->../src/eight.cpp:29]   --->   Operation 70 'load' 'outputPool2_6_load' <Predicate = true> <Delay = 2.32> <CoreInst = "RAM">   --->   Core 81 'RAM' <Latency = 1> <II = 1> <Delay = 2.32> <Storage> <Opcode : 'load' 'store'> <Ports = 2> <Width = 7> <Depth = 98> <RAM>
ST_4 : Operation 71 [2/2] (2.32ns)   --->   "%outputPool2_7_load = load i7 %outputPool2_7_addr" [../src/dense.cpp:25->../src/eight.cpp:29]   --->   Operation 71 'load' 'outputPool2_7_load' <Predicate = true> <Delay = 2.32> <CoreInst = "RAM">   --->   Core 81 'RAM' <Latency = 1> <II = 1> <Delay = 2.32> <Storage> <Opcode : 'load' 'store'> <Ports = 2> <Width = 7> <Depth = 98> <RAM>

State 5 <SV = 4> <Delay = 4.62>
ST_5 : Operation 72 [1/1] (1.58ns)   --->   "%br_ln18 = br void %fpga_resource_hint.for.body4.i.1" [../src/dense.cpp:18->../src/eight.cpp:29]   --->   Operation 72 'br' 'br_ln18' <Predicate = (first_iter_0)> <Delay = 1.58>
ST_5 : Operation 73 [1/2] ( I:3.25ns O:3.25ns )   --->   "%w_val = load i13 %fc1_weight_addr" [../src/dense.cpp:24->../src/eight.cpp:29]   --->   Operation 73 'load' 'w_val' <Predicate = true> <Delay = 3.25> <CoreInst = "ROM">   --->   Core 94 'ROM' <Latency = 1> <II = 1> <Delay = 3.25> <Storage> <Opcode : 'load'> <Ports = 0> <Width = 4> <Depth = 7840> <ROM>
ST_5 : Operation 74 [1/2] ( I:2.32ns O:2.32ns )   --->   "%outputPool2_load = load i7 %outputPool2_addr" [../src/dense.cpp:25->../src/eight.cpp:29]   --->   Operation 74 'load' 'outputPool2_load' <Predicate = true> <Delay = 2.32> <CoreInst = "RAM">   --->   Core 81 'RAM' <Latency = 1> <II = 1> <Delay = 2.32> <Storage> <Opcode : 'load' 'store'> <Ports = 2> <Width = 7> <Depth = 98> <RAM>
ST_5 : Operation 75 [1/2] ( I:2.32ns O:2.32ns )   --->   "%outputPool2_1_load = load i7 %outputPool2_1_addr" [../src/dense.cpp:25->../src/eight.cpp:29]   --->   Operation 75 'load' 'outputPool2_1_load' <Predicate = true> <Delay = 2.32> <CoreInst = "RAM">   --->   Core 81 'RAM' <Latency = 1> <II = 1> <Delay = 2.32> <Storage> <Opcode : 'load' 'store'> <Ports = 2> <Width = 7> <Depth = 98> <RAM>
ST_5 : Operation 76 [1/2] ( I:2.32ns O:2.32ns )   --->   "%outputPool2_2_load = load i7 %outputPool2_2_addr" [../src/dense.cpp:25->../src/eight.cpp:29]   --->   Operation 76 'load' 'outputPool2_2_load' <Predicate = true> <Delay = 2.32> <CoreInst = "RAM">   --->   Core 81 'RAM' <Latency = 1> <II = 1> <Delay = 2.32> <Storage> <Opcode : 'load' 'store'> <Ports = 2> <Width = 7> <Depth = 98> <RAM>
ST_5 : Operation 77 [1/2] ( I:2.32ns O:2.32ns )   --->   "%outputPool2_3_load = load i7 %outputPool2_3_addr" [../src/dense.cpp:25->../src/eight.cpp:29]   --->   Operation 77 'load' 'outputPool2_3_load' <Predicate = true> <Delay = 2.32> <CoreInst = "RAM">   --->   Core 81 'RAM' <Latency = 1> <II = 1> <Delay = 2.32> <Storage> <Opcode : 'load' 'store'> <Ports = 2> <Width = 7> <Depth = 98> <RAM>
ST_5 : Operation 78 [1/2] ( I:2.32ns O:2.32ns )   --->   "%outputPool2_4_load = load i7 %outputPool2_4_addr" [../src/dense.cpp:25->../src/eight.cpp:29]   --->   Operation 78 'load' 'outputPool2_4_load' <Predicate = true> <Delay = 2.32> <CoreInst = "RAM">   --->   Core 81 'RAM' <Latency = 1> <II = 1> <Delay = 2.32> <Storage> <Opcode : 'load' 'store'> <Ports = 2> <Width = 7> <Depth = 98> <RAM>
ST_5 : Operation 79 [1/2] ( I:2.32ns O:2.32ns )   --->   "%outputPool2_5_load = load i7 %outputPool2_5_addr" [../src/dense.cpp:25->../src/eight.cpp:29]   --->   Operation 79 'load' 'outputPool2_5_load' <Predicate = true> <Delay = 2.32> <CoreInst = "RAM">   --->   Core 81 'RAM' <Latency = 1> <II = 1> <Delay = 2.32> <Storage> <Opcode : 'load' 'store'> <Ports = 2> <Width = 7> <Depth = 98> <RAM>
ST_5 : Operation 80 [1/2] ( I:2.32ns O:2.32ns )   --->   "%outputPool2_6_load = load i7 %outputPool2_6_addr" [../src/dense.cpp:25->../src/eight.cpp:29]   --->   Operation 80 'load' 'outputPool2_6_load' <Predicate = true> <Delay = 2.32> <CoreInst = "RAM">   --->   Core 81 'RAM' <Latency = 1> <II = 1> <Delay = 2.32> <Storage> <Opcode : 'load' 'store'> <Ports = 2> <Width = 7> <Depth = 98> <RAM>
ST_5 : Operation 81 [1/2] ( I:2.32ns O:2.32ns )   --->   "%outputPool2_7_load = load i7 %outputPool2_7_addr" [../src/dense.cpp:25->../src/eight.cpp:29]   --->   Operation 81 'load' 'outputPool2_7_load' <Predicate = true> <Delay = 2.32> <CoreInst = "RAM">   --->   Core 81 'RAM' <Latency = 1> <II = 1> <Delay = 2.32> <Storage> <Opcode : 'load' 'store'> <Ports = 2> <Width = 7> <Depth = 98> <RAM>
ST_5 : Operation 82 [1/1] (2.30ns)   --->   "%tmp_cast = sparsemux i7 @_ssdm_op_SparseMux.ap_auto.8i7.i7.i3, i3 0, i7 %outputPool2_load, i3 1, i7 %outputPool2_1_load, i3 2, i7 %outputPool2_2_load, i3 3, i7 %outputPool2_3_load, i3 4, i7 %outputPool2_4_load, i3 5, i7 %outputPool2_5_load, i3 6, i7 %outputPool2_6_load, i3 7, i7 %outputPool2_7_load, i7 0, i3 %trunc_ln18" [../src/dense.cpp:25->../src/eight.cpp:29]   --->   Operation 82 'sparsemux' 'tmp_cast' <Predicate = true> <Delay = 2.30> <CoreInst = "BinarySparseMux_DontCare">   --->   Core 137 'BinarySparseMux_DontCare' <Latency = 0> <II = 1> <Delay = 2.30> <FuncUnit> <Opcode : 'sparsemux'> <InPorts = 2> <OutPorts = 1>

State 6 <SV = 5> <Delay = 7.54>
ST_6 : Operation 83 [1/1] (0.00ns)   --->   "%sum_3 = load i8 %sum_1"   --->   Operation 83 'load' 'sum_3' <Predicate = true> <Delay = 0.00>
ST_6 : Operation 84 [1/1] (0.00ns)   --->   "%specbitsmap_ln0 = specbitsmap void @_ssdm_op_SpecBitsMap, i8 %gmem0"   --->   Operation 84 'specbitsmap' 'specbitsmap_ln0' <Predicate = true> <Delay = 0.00>
ST_6 : Operation 85 [1/1] (0.00ns)   --->   "%gmem0_addr = getelementptr i8 %gmem0, i64 %outputDense_read" [../src/dense.cpp:13->../src/eight.cpp:29]   --->   Operation 85 'getelementptr' 'gmem0_addr' <Predicate = true> <Delay = 0.00>
ST_6 : Operation 86 [1/1] (0.00ns)   --->   "%specloopname_ln0 = specloopname void @_ssdm_op_SpecLoopName, void @DENSE_OUTER_DENSE_INNER_str"   --->   Operation 86 'specloopname' 'specloopname_ln0' <Predicate = true> <Delay = 0.00>
ST_6 : Operation 87 [1/1] (0.00ns)   --->   "%speclooptripcount_ln0 = speclooptripcount void @_ssdm_op_SpecLoopTripCount, i64 7840, i64 7840, i64 7840"   --->   Operation 87 'speclooptripcount' 'speclooptripcount_ln0' <Predicate = true> <Delay = 0.00>
ST_6 : Operation 88 [1/1] (0.00ns)   --->   "%sext_ln14 = sext i2 %sum" [../src/dense.cpp:14->../src/eight.cpp:29]   --->   Operation 88 'sext' 'sext_ln14' <Predicate = (first_iter_0)> <Delay = 0.00>
ST_6 : Operation 89 [1/1] (0.00ns) (grouped into LUT with out node add_ln25)   --->   "%sext_ln141 = phi i8 %sum_3, void %for.inc12.i, i8 %sext_ln14, void %for.first.iter.for.body4.i"   --->   Operation 89 'phi' 'sext_ln141' <Predicate = true> <Delay = 0.00>
ST_6 : Operation 90 [1/1] (0.00ns)   --->   "%specpipeline_ln19 = specpipeline void @_ssdm_op_SpecPipeline, i32 1, i32 0, i32 0, i32 0, i32 4294967295, void @empty_22" [../src/dense.cpp:19->../src/eight.cpp:29]   --->   Operation 90 'specpipeline' 'specpipeline_ln19' <Predicate = true> <Delay = 0.00>
ST_6 : Operation 91 [1/1] (0.00ns)   --->   "%rbegin7 = specregionbegin i32 @_ssdm_op_SpecRegionBegin, void @empty_9" [../src/dense.cpp:24->../src/eight.cpp:29]   --->   Operation 91 'specregionbegin' 'rbegin7' <Predicate = true> <Delay = 0.00>
ST_6 : Operation 92 [1/1] (0.00ns)   --->   "%zext_ln25 = zext i7 %tmp_cast" [../src/dense.cpp:25->../src/eight.cpp:29]   --->   Operation 92 'zext' 'zext_ln25' <Predicate = true> <Delay = 0.00>
ST_6 : Operation 93 [1/1] (0.00ns)   --->   "%sext_ln25 = sext i4 %w_val" [../src/dense.cpp:25->../src/eight.cpp:29]   --->   Operation 93 'sext' 'sext_ln25' <Predicate = true> <Delay = 0.00>
ST_6 : Operation 94 [1/1] (5.90ns)   --->   "%mul_ln25 = mul i11 %zext_ln25, i11 %sext_ln25" [../src/dense.cpp:25->../src/eight.cpp:29]   --->   Operation 94 'mul' 'mul_ln25' <Predicate = true> <Delay = 5.90> <CoreInst = "Mul_LUT">   --->   Core 4 'Mul_LUT' <Latency = 0> <II = 1> <Delay = 5.90> <FuncUnit> <Opcode : 'mul'> <InPorts = 2> <OutPorts = 1>
ST_6 : Operation 95 [1/1] (0.00ns)   --->   "%specfucore_ln15 = specfucore void @_ssdm_op_SpecFUCore, i11 %mul_ln25, i64 12, i64 4, i64 18446744073709551615, i1 0" [../src/dense.cpp:15->../src/eight.cpp:29]   --->   Operation 95 'specfucore' 'specfucore_ln15' <Predicate = true> <Delay = 0.00>
ST_6 : Operation 96 [1/1] (0.00ns) (grouped into LUT with out node add_ln25)   --->   "%shl_ln = bitconcatenate i11 @_ssdm_op_BitConcatenate.i11.i8.i3, i8 %sext_ln141, i3 0" [../src/dense.cpp:25->../src/eight.cpp:29]   --->   Operation 96 'bitconcatenate' 'shl_ln' <Predicate = true> <Delay = 0.00>
ST_6 : Operation 97 [1/1] (1.63ns) (out node of the LUT)   --->   "%add_ln25 = add i11 %mul_ln25, i11 %shl_ln" [../src/dense.cpp:25->../src/eight.cpp:29]   --->   Operation 97 'add' 'add_ln25' <Predicate = true> <Delay = 1.63> <CoreInst = "Adder">   --->   Core 1 'Adder' <Latency = 0> <II = 1> <Delay = 1.63> <FuncUnit> <Opcode : 'add' 'sub'> <InPorts = 2> <OutPorts = 1>
ST_6 : Operation 98 [1/1] (0.00ns)   --->   "%specfucore_ln16 = specfucore void @_ssdm_op_SpecFUCore, i11 %add_ln25, i64 8, i64 4, i64 18446744073709551615, i1 0" [../src/dense.cpp:16->../src/eight.cpp:29]   --->   Operation 98 'specfucore' 'specfucore_ln16' <Predicate = true> <Delay = 0.00>
ST_6 : Operation 99 [1/1] (0.00ns)   --->   "%sum_2 = partselect i8 @_ssdm_op_PartSelect.i8.i11.i32.i32, i11 %add_ln25, i32 3, i32 10" [../src/dense.cpp:25->../src/eight.cpp:29]   --->   Operation 99 'partselect' 'sum_2' <Predicate = true> <Delay = 0.00>
ST_6 : Operation 100 [1/1] (0.00ns)   --->   "%rend8 = specregionend i32 @_ssdm_op_SpecRegionEnd, void @empty_9, i32 %rbegin7" [../src/dense.cpp:25->../src/eight.cpp:29]   --->   Operation 100 'specregionend' 'rend8' <Predicate = true> <Delay = 0.00>
ST_6 : Operation 101 [1/1] (0.00ns)   --->   "%store_ln14 = store i8 %sum_2, i8 %sum_1" [../src/dense.cpp:14->../src/eight.cpp:29]   --->   Operation 101 'store' 'store_ln14' <Predicate = true> <Delay = 0.00>

State 7 <SV = 6> <Delay = 8.75>
ST_7 : Operation 102 [1/1] ( I:8.75ns O:8.75ns )   --->   "%write_ln27 = write void @_ssdm_op_Write.m_axi.p1i8.i8, i8 %gmem0_addr, i8 %sum_2, i1 1" [../src/dense.cpp:27->../src/eight.cpp:29]   --->   Operation 102 'write' 'write_ln27' <Predicate = (icmp_ln18)> <Delay = 8.75> <CoreInst = "m_axi">   --->   Core 111 'm_axi' <Latency = 5> <II = 1> <Delay = 1.00> <Adapter> <Opcode : 'readrequnaligned' 'writerequnaligned' 'read' 'write' 'readreq' 'writereq' 'writeresp'>
ST_7 : Operation 103 [1/1] (0.00ns)   --->   "%br_ln18 = br void %new.latch.for.body4.i.split" [../src/dense.cpp:18->../src/eight.cpp:29]   --->   Operation 103 'br' 'br_ln18' <Predicate = (icmp_ln18)> <Delay = 0.00>
ST_7 : Operation 104 [1/1] (1.58ns)   --->   "%ret_ln0 = ret"   --->   Operation 104 'ret' 'ret_ln0' <Predicate = (icmp_ln13)> <Delay = 1.58>


============================================================
+ Verbose Summary: Timing violations
============================================================
Target clock period: 10.000ns, clock uncertainty: 1.250ns.

 <State 1>: 5.935ns
The critical path consists of the following:
	'store' operation ('store_ln0') of constant 1 4 bit on local variable 'add_ln138' [19]  (1.588 ns)
	'load' operation 4 bit ('add_ln138_load', ../src/dense.cpp:13->../src/eight.cpp:29) on local variable 'add_ln138' [29]  (0.000 ns)
	'select' operation 4 bit ('c', ../src/dense.cpp:13->../src/eight.cpp:29) [36]  (1.024 ns)
	'add' operation 4 bit ('add_ln13', ../src/dense.cpp:13->../src/eight.cpp:29) [91]  (1.735 ns)
	'store' operation ('store_ln13', ../src/dense.cpp:13->../src/eight.cpp:29) of variable 'add_ln13', ../src/dense.cpp:13->../src/eight.cpp:29 4 bit on local variable 'add_ln138' [94]  (1.588 ns)

 <State 2>: 1.050ns
The critical path consists of the following:
	'mul' operation 13 bit of DSP[53] ('mul_ln18', ../src/dense.cpp:18->../src/eight.cpp:29) [47]  (1.050 ns)

 <State 3>: 2.100ns
The critical path consists of the following:
	'mul' operation 13 bit of DSP[53] ('mul_ln18', ../src/dense.cpp:18->../src/eight.cpp:29) [47]  (0.000 ns)
	'add' operation 13 bit of DSP[53] ('add_ln21', ../src/dense.cpp:21->../src/eight.cpp:29) [53]  (2.100 ns)

 <State 4>: 5.354ns
The critical path consists of the following:
	'add' operation 13 bit of DSP[53] ('add_ln21', ../src/dense.cpp:21->../src/eight.cpp:29) [53]  (2.100 ns)
	'getelementptr' operation 13 bit ('fc1_weight_addr', ../src/dense.cpp:24->../src/eight.cpp:29) [55]  (0.000 ns)
	'load' operation 4 bit ('w_val', ../src/dense.cpp:24->../src/eight.cpp:29) on array 'fc1_weight' [56]  (3.254 ns)

 <State 5>: 4.626ns
The critical path consists of the following:
	'load' operation 7 bit ('outputPool2_load', ../src/dense.cpp:25->../src/eight.cpp:29) on array 'outputPool2' [66]  (2.322 ns)
	'sparsemux' operation 7 bit ('tmp_cast', ../src/dense.cpp:25->../src/eight.cpp:29) [74]  (2.304 ns)

 <State 6>: 7.545ns
The critical path consists of the following:
	'mul' operation 11 bit ('mul_ln25', ../src/dense.cpp:25->../src/eight.cpp:29) [77]  (5.905 ns)
	'add' operation 11 bit ('add_ln25', ../src/dense.cpp:25->../src/eight.cpp:29) [80]  (1.639 ns)
	'store' operation ('store_ln14', ../src/dense.cpp:14->../src/eight.cpp:29) of variable 'sum_2', ../src/dense.cpp:25->../src/eight.cpp:29 8 bit on local variable 'sum', ../src/dense.cpp:14->../src/eight.cpp:29 [93]  (0.000 ns)

 <State 7>: 8.750ns
The critical path consists of the following:
	bus write operation ('write_ln27', ../src/dense.cpp:27->../src/eight.cpp:29) on port 'gmem0' (../src/dense.cpp:27->../src/eight.cpp:29) [88]  (8.750 ns)


============================================================
+ Verbose Summary: Binding
============================================================
N/A
* FSMD analyzer results:
  - Output states:
 - Input state : 
  - Chain level:
	State 1
	State 2
	State 3
	State 4
	State 5
	State 6
	State 7


============================================================
+ Verbose Summary: Datapath Resource usage 
============================================================
N/A
