

================================================================
== Vitis HLS Report for 'top_Pipeline_LOAD_IN'
================================================================
* Date:           Sat Mar  7 18:28:21 2026

* Version:        2025.2 (Build 6295257 on Nov 14 2025)
* Project:        top
* Solution:       hls (Vivado IP Flow Target)
* Product family: zynq
* Target device:  xc7z020-clg484-1


================================================================
== Performance Estimates
================================================================
+ Timing: 
    * Summary: 
    +--------+----------+----------+------------+
    |  Clock |  Target  | Estimated| Uncertainty|
    +--------+----------+----------+------------+
    |ap_clk  |  10.00 ns|  8.750 ns|     1.25 ns|
    +--------+----------+----------+------------+

+ Latency: 
    * Summary: 
    +---------+---------+----------+----------+-----+-----+-------------------+
    |  Latency (cycles) |  Latency (absolute) |  Interval |      Pipeline     |
    |   min   |   max   |    min   |    max   | min | max |        Type       |
    +---------+---------+----------+----------+-----+-----+-------------------+
    |      787|      787|  7.870 us|  7.870 us|    0|    0|  loop pipeline stp|
    +---------+---------+----------+----------+-----+-----+-------------------+

    + Detail: 
        * Instance: 
        N/A

        * Loop: 
        +-----------+---------+---------+----------+-----------+-----------+------+----------+
        |           |  Latency (cycles) | Iteration|  Initiation Interval  | Trip |          |
        | Loop Name |   min   |   max   |  Latency |  achieved |   target  | Count| Pipelined|
        +-----------+---------+---------+----------+-----------+-----------+------+----------+
        |- LOAD_IN  |      785|      785|         3|          1|          1|   784|       yes|
        +-----------+---------+---------+----------+-----------+-----------+------+----------+

============================================================
+ Verbose Summary: Synthesis Manager
============================================================
InlineROM: 1
ExposeGlobal: 0
============================================================
+ Verbose Summary: CDFG Model
============================================================
IsTopModel: 0
ResetActiveHigh: 1
IsCombinational: 0
IsDatapathOnly: 0
HasWiredReturn: 1
HasMFsm: 2
HasVarLatency: 1
IsPipeline: 0
IsRtlPipelined: 0
IsInstanceOverlapped: 0
IsDontTouch: 0
HasImplIP: 0
IsGatedGlobalClock: 0

+ Individual pipeline summary: 
  * Pipeline-0: initiation interval (II) = 1, depth = 3


============================================================
+ Verbose Summary: Schedule
============================================================
* Number of FSM states : 3
* Pipeline : 1
  Pipeline-0 : II = 1, D = 3, States = { 1 2 3 }
* Dataflow Pipeline: 0

* FSM state transitions: 
1 --> 2 
2 --> 3 
3 --> 

* FSM state operations: 

State 1 <SV = 0> <Delay = 4.90>
ST_1 : Operation 6 [1/1] (0.00ns)   --->   "%i = alloca i32 1" [../src/dense.cpp:11->../src/eight.cpp:55]   --->   Operation 6 'alloca' 'i' <Predicate = true> <Delay = 0.00>
ST_1 : Operation 7 [1/1] (0.00ns)   --->   "%specinterface_ln0 = specinterface void @_ssdm_op_SpecInterface, i8 %gmem0, void @empty_7, i32 0, i32 0, void @empty_8, i32 0, i32 848, void @empty_34, void @empty_20, void @empty_8, i32 16, i32 16, i32 16, i32 16, void @empty_8, void @empty_8, i32 4294967295, i32 0, i32 0, i32 1"   --->   Operation 7 'specinterface' 'specinterface_ln0' <Predicate = true> <Delay = 0.00>
ST_1 : Operation 8 [1/1] (0.00ns)   --->   "%outputPool2_read = read i64 @_ssdm_op_Read.ap_auto.i64, i64 %outputPool2"   --->   Operation 8 'read' 'outputPool2_read' <Predicate = true> <Delay = 0.00>
ST_1 : Operation 9 [1/1] (1.58ns)   --->   "%store_ln11 = store i10 0, i10 %i" [../src/dense.cpp:11->../src/eight.cpp:55]   --->   Operation 9 'store' 'store_ln11' <Predicate = true> <Delay = 1.58>
ST_1 : Operation 10 [1/1] (0.00ns)   --->   "%br_ln0 = br void %for.inc.i"   --->   Operation 10 'br' 'br_ln0' <Predicate = true> <Delay = 0.00>
ST_1 : Operation 11 [1/1] (0.00ns)   --->   "%i_1 = load i10 %i" [../src/dense.cpp:11->../src/eight.cpp:55]   --->   Operation 11 'load' 'i_1' <Predicate = true> <Delay = 0.00>
ST_1 : Operation 12 [1/1] (0.00ns)   --->   "%specbitsmap_ln0 = specbitsmap void @_ssdm_op_SpecBitsMap, i8 %gmem0"   --->   Operation 12 'specbitsmap' 'specbitsmap_ln0' <Predicate = true> <Delay = 0.00>
ST_1 : Operation 13 [1/1] (1.73ns)   --->   "%icmp_ln11 = icmp_eq  i10 %i_1, i10 784" [../src/dense.cpp:11->../src/eight.cpp:55]   --->   Operation 13 'icmp' 'icmp_ln11' <Predicate = true> <Delay = 1.73> <CoreInst = "Cmp">   --->   Core 9 'Cmp' <Latency = 0> <II = 1> <Delay = 1.73> <FuncUnit> <Opcode : 'seteq' 'setne' 'setle' 'setge' 'setlt' 'setgt'> <InPorts = 2> <OutPorts = 1>
ST_1 : Operation 14 [1/1] (1.73ns)   --->   "%add_ln11 = add i10 %i_1, i10 1" [../src/dense.cpp:11->../src/eight.cpp:55]   --->   Operation 14 'add' 'add_ln11' <Predicate = true> <Delay = 1.73> <CoreInst = "Adder">   --->   Core 1 'Adder' <Latency = 0> <II = 1> <Delay = 1.73> <FuncUnit> <Opcode : 'add' 'sub'> <InPorts = 2> <OutPorts = 1>
ST_1 : Operation 15 [1/1] (0.00ns)   --->   "%br_ln11 = br i1 %icmp_ln11, void %for.inc.i.split, void %for.end.i.exitStub" [../src/dense.cpp:11->../src/eight.cpp:55]   --->   Operation 15 'br' 'br_ln11' <Predicate = true> <Delay = 0.00>
ST_1 : Operation 16 [1/1] (0.00ns)   --->   "%gmem0_addr = getelementptr i8 %gmem0, i64 %outputPool2_read" [../src/dense.cpp:11->../src/eight.cpp:55]   --->   Operation 16 'getelementptr' 'gmem0_addr' <Predicate = (!icmp_ln11)> <Delay = 0.00>
ST_1 : Operation 17 [1/1] (0.00ns)   --->   "%trunc_ln11 = trunc i10 %i_1" [../src/dense.cpp:11->../src/eight.cpp:55]   --->   Operation 17 'trunc' 'trunc_ln11' <Predicate = (!icmp_ln11)> <Delay = 0.00>
ST_1 : Operation 18 [1/1] (0.00ns)   --->   "%lshr_ln = partselect i7 @_ssdm_op_PartSelect.i7.i10.i32.i32, i10 %i_1, i32 3, i32 9" [../src/dense.cpp:11->../src/eight.cpp:55]   --->   Operation 18 'partselect' 'lshr_ln' <Predicate = (!icmp_ln11)> <Delay = 0.00>
ST_1 : Operation 19 [1/1] (1.65ns)   --->   "%switch_ln13 = switch i3 %trunc_ln11, void %arrayidx2.i.case.7, i3 0, void %arrayidx2.i.case.0, i3 1, void %arrayidx2.i.case.1, i3 2, void %arrayidx2.i.case.2, i3 3, void %arrayidx2.i.case.3, i3 4, void %arrayidx2.i.case.4, i3 5, void %arrayidx2.i.case.5, i3 6, void %arrayidx2.i.case.6" [../src/dense.cpp:13->../src/eight.cpp:55]   --->   Operation 19 'switch' 'switch_ln13' <Predicate = (!icmp_ln11)> <Delay = 1.65>
ST_1 : Operation 20 [1/1] (1.58ns)   --->   "%store_ln11 = store i10 %add_ln11, i10 %i" [../src/dense.cpp:11->../src/eight.cpp:55]   --->   Operation 20 'store' 'store_ln11' <Predicate = (!icmp_ln11)> <Delay = 1.58>
ST_1 : Operation 21 [1/1] (0.00ns)   --->   "%br_ln11 = br void %for.inc.i" [../src/dense.cpp:11->../src/eight.cpp:55]   --->   Operation 21 'br' 'br_ln11' <Predicate = (!icmp_ln11)> <Delay = 0.00>

State 2 <SV = 1> <Delay = 8.75>
ST_2 : Operation 22 [1/1] ( I:8.75ns O:8.75ns )   --->   "%gmem0_addr_read = read i8 @_ssdm_op_Read.m_axi.i8.p1i8, i8 %gmem0_addr" [../src/dense.cpp:13->../src/eight.cpp:55]   --->   Operation 22 'read' 'gmem0_addr_read' <Predicate = true> <Delay = 8.75> <CoreInst = "m_axi">   --->   Core 111 'm_axi' <Latency = 3> <II = 1> <Delay = 1.00> <Adapter> <Opcode : 'readrequnaligned' 'writerequnaligned' 'read' 'write' 'readreq' 'writereq' 'writeresp'>
ST_2 : Operation 51 [1/1] (1.58ns)   --->   "%ret_ln0 = ret"   --->   Operation 51 'ret' 'ret_ln0' <Predicate = (icmp_ln11)> <Delay = 1.58>

State 3 <SV = 2> <Delay = 2.32>
ST_3 : Operation 23 [1/1] (0.00ns)   --->   "%specpipeline_ln12 = specpipeline void @_ssdm_op_SpecPipeline, i32 1, i32 0, i32 0, i32 0, i32 4294967295, void @empty_8" [../src/dense.cpp:12->../src/eight.cpp:55]   --->   Operation 23 'specpipeline' 'specpipeline_ln12' <Predicate = true> <Delay = 0.00>
ST_3 : Operation 24 [1/1] (0.00ns)   --->   "%speclooptripcount_ln11 = speclooptripcount void @_ssdm_op_SpecLoopTripCount, i64 784, i64 784, i64 784" [../src/dense.cpp:11->../src/eight.cpp:55]   --->   Operation 24 'speclooptripcount' 'speclooptripcount_ln11' <Predicate = true> <Delay = 0.00>
ST_3 : Operation 25 [1/1] (0.00ns)   --->   "%specloopname_ln11 = specloopname void @_ssdm_op_SpecLoopName, void @empty_16" [../src/dense.cpp:11->../src/eight.cpp:55]   --->   Operation 25 'specloopname' 'specloopname_ln11' <Predicate = true> <Delay = 0.00>
ST_3 : Operation 26 [1/1] (0.00ns)   --->   "%zext_ln11 = zext i7 %lshr_ln" [../src/dense.cpp:11->../src/eight.cpp:55]   --->   Operation 26 'zext' 'zext_ln11' <Predicate = true> <Delay = 0.00>
ST_3 : Operation 27 [1/1] (0.00ns)   --->   "%dense_ap_fixed_ap_fixed_ap_fixed_ap_fixed_8_5_5_3_0_temp_7_addr = getelementptr i8 %dense_ap_fixed_ap_fixed_ap_fixed_ap_fixed_8_5_5_3_0_temp_7, i64 0, i64 %zext_ln11" [../src/dense.cpp:13->../src/eight.cpp:55]   --->   Operation 27 'getelementptr' 'dense_ap_fixed_ap_fixed_ap_fixed_ap_fixed_8_5_5_3_0_temp_7_addr' <Predicate = true> <Delay = 0.00>
ST_3 : Operation 28 [1/1] (0.00ns)   --->   "%dense_ap_fixed_ap_fixed_ap_fixed_ap_fixed_8_5_5_3_0_temp_3_addr = getelementptr i8 %dense_ap_fixed_ap_fixed_ap_fixed_ap_fixed_8_5_5_3_0_temp_3, i64 0, i64 %zext_ln11" [../src/dense.cpp:13->../src/eight.cpp:55]   --->   Operation 28 'getelementptr' 'dense_ap_fixed_ap_fixed_ap_fixed_ap_fixed_8_5_5_3_0_temp_3_addr' <Predicate = true> <Delay = 0.00>
ST_3 : Operation 29 [1/1] (0.00ns)   --->   "%dense_ap_fixed_ap_fixed_ap_fixed_ap_fixed_8_5_5_3_0_temp_2_addr = getelementptr i8 %dense_ap_fixed_ap_fixed_ap_fixed_ap_fixed_8_5_5_3_0_temp_2, i64 0, i64 %zext_ln11" [../src/dense.cpp:13->../src/eight.cpp:55]   --->   Operation 29 'getelementptr' 'dense_ap_fixed_ap_fixed_ap_fixed_ap_fixed_8_5_5_3_0_temp_2_addr' <Predicate = true> <Delay = 0.00>
ST_3 : Operation 30 [1/1] (0.00ns)   --->   "%dense_ap_fixed_ap_fixed_ap_fixed_ap_fixed_8_5_5_3_0_temp_1_addr = getelementptr i8 %dense_ap_fixed_ap_fixed_ap_fixed_ap_fixed_8_5_5_3_0_temp_1, i64 0, i64 %zext_ln11" [../src/dense.cpp:13->../src/eight.cpp:55]   --->   Operation 30 'getelementptr' 'dense_ap_fixed_ap_fixed_ap_fixed_ap_fixed_8_5_5_3_0_temp_1_addr' <Predicate = true> <Delay = 0.00>
ST_3 : Operation 31 [1/1] (0.00ns)   --->   "%dense_ap_fixed_ap_fixed_ap_fixed_ap_fixed_8_5_5_3_0_temp_addr = getelementptr i8 %dense_ap_fixed_ap_fixed_ap_fixed_ap_fixed_8_5_5_3_0_temp, i64 0, i64 %zext_ln11" [../src/dense.cpp:13->../src/eight.cpp:55]   --->   Operation 31 'getelementptr' 'dense_ap_fixed_ap_fixed_ap_fixed_ap_fixed_8_5_5_3_0_temp_addr' <Predicate = true> <Delay = 0.00>
ST_3 : Operation 32 [1/1] (0.00ns)   --->   "%dense_ap_fixed_ap_fixed_ap_fixed_ap_fixed_8_5_5_3_0_temp_6_addr = getelementptr i8 %dense_ap_fixed_ap_fixed_ap_fixed_ap_fixed_8_5_5_3_0_temp_6, i64 0, i64 %zext_ln11" [../src/dense.cpp:13->../src/eight.cpp:55]   --->   Operation 32 'getelementptr' 'dense_ap_fixed_ap_fixed_ap_fixed_ap_fixed_8_5_5_3_0_temp_6_addr' <Predicate = true> <Delay = 0.00>
ST_3 : Operation 33 [1/1] (0.00ns)   --->   "%dense_ap_fixed_ap_fixed_ap_fixed_ap_fixed_8_5_5_3_0_temp_5_addr = getelementptr i8 %dense_ap_fixed_ap_fixed_ap_fixed_ap_fixed_8_5_5_3_0_temp_5, i64 0, i64 %zext_ln11" [../src/dense.cpp:13->../src/eight.cpp:55]   --->   Operation 33 'getelementptr' 'dense_ap_fixed_ap_fixed_ap_fixed_ap_fixed_8_5_5_3_0_temp_5_addr' <Predicate = true> <Delay = 0.00>
ST_3 : Operation 34 [1/1] (0.00ns)   --->   "%dense_ap_fixed_ap_fixed_ap_fixed_ap_fixed_8_5_5_3_0_temp_4_addr = getelementptr i8 %dense_ap_fixed_ap_fixed_ap_fixed_ap_fixed_8_5_5_3_0_temp_4, i64 0, i64 %zext_ln11" [../src/dense.cpp:13->../src/eight.cpp:55]   --->   Operation 34 'getelementptr' 'dense_ap_fixed_ap_fixed_ap_fixed_ap_fixed_8_5_5_3_0_temp_4_addr' <Predicate = true> <Delay = 0.00>
ST_3 : Operation 35 [1/1] ( I:2.32ns O:2.32ns )   --->   "%store_ln13 = store i8 %gmem0_addr_read, i7 %dense_ap_fixed_ap_fixed_ap_fixed_ap_fixed_8_5_5_3_0_temp_5_addr" [../src/dense.cpp:13->../src/eight.cpp:55]   --->   Operation 35 'store' 'store_ln13' <Predicate = (trunc_ln11 == 6)> <Delay = 2.32> <CoreInst = "RAM">   --->   Core 81 'RAM' <Latency = 1> <II = 1> <Delay = 2.32> <Storage> <Opcode : 'load' 'store'> <Ports = 2> <Width = 8> <Depth = 98> <RAM>
ST_3 : Operation 36 [1/1] (0.00ns)   --->   "%br_ln13 = br void %arrayidx2.i.exit" [../src/dense.cpp:13->../src/eight.cpp:55]   --->   Operation 36 'br' 'br_ln13' <Predicate = (trunc_ln11 == 6)> <Delay = 0.00>
ST_3 : Operation 37 [1/1] ( I:2.32ns O:2.32ns )   --->   "%store_ln13 = store i8 %gmem0_addr_read, i7 %dense_ap_fixed_ap_fixed_ap_fixed_ap_fixed_8_5_5_3_0_temp_6_addr" [../src/dense.cpp:13->../src/eight.cpp:55]   --->   Operation 37 'store' 'store_ln13' <Predicate = (trunc_ln11 == 5)> <Delay = 2.32> <CoreInst = "RAM">   --->   Core 81 'RAM' <Latency = 1> <II = 1> <Delay = 2.32> <Storage> <Opcode : 'load' 'store'> <Ports = 2> <Width = 8> <Depth = 98> <RAM>
ST_3 : Operation 38 [1/1] (0.00ns)   --->   "%br_ln13 = br void %arrayidx2.i.exit" [../src/dense.cpp:13->../src/eight.cpp:55]   --->   Operation 38 'br' 'br_ln13' <Predicate = (trunc_ln11 == 5)> <Delay = 0.00>
ST_3 : Operation 39 [1/1] ( I:2.32ns O:2.32ns )   --->   "%store_ln13 = store i8 %gmem0_addr_read, i7 %dense_ap_fixed_ap_fixed_ap_fixed_ap_fixed_8_5_5_3_0_temp_addr" [../src/dense.cpp:13->../src/eight.cpp:55]   --->   Operation 39 'store' 'store_ln13' <Predicate = (trunc_ln11 == 4)> <Delay = 2.32> <CoreInst = "RAM">   --->   Core 81 'RAM' <Latency = 1> <II = 1> <Delay = 2.32> <Storage> <Opcode : 'load' 'store'> <Ports = 2> <Width = 8> <Depth = 98> <RAM>
ST_3 : Operation 40 [1/1] (0.00ns)   --->   "%br_ln13 = br void %arrayidx2.i.exit" [../src/dense.cpp:13->../src/eight.cpp:55]   --->   Operation 40 'br' 'br_ln13' <Predicate = (trunc_ln11 == 4)> <Delay = 0.00>
ST_3 : Operation 41 [1/1] ( I:2.32ns O:2.32ns )   --->   "%store_ln13 = store i8 %gmem0_addr_read, i7 %dense_ap_fixed_ap_fixed_ap_fixed_ap_fixed_8_5_5_3_0_temp_1_addr" [../src/dense.cpp:13->../src/eight.cpp:55]   --->   Operation 41 'store' 'store_ln13' <Predicate = (trunc_ln11 == 3)> <Delay = 2.32> <CoreInst = "RAM">   --->   Core 81 'RAM' <Latency = 1> <II = 1> <Delay = 2.32> <Storage> <Opcode : 'load' 'store'> <Ports = 2> <Width = 8> <Depth = 98> <RAM>
ST_3 : Operation 42 [1/1] (0.00ns)   --->   "%br_ln13 = br void %arrayidx2.i.exit" [../src/dense.cpp:13->../src/eight.cpp:55]   --->   Operation 42 'br' 'br_ln13' <Predicate = (trunc_ln11 == 3)> <Delay = 0.00>
ST_3 : Operation 43 [1/1] ( I:2.32ns O:2.32ns )   --->   "%store_ln13 = store i8 %gmem0_addr_read, i7 %dense_ap_fixed_ap_fixed_ap_fixed_ap_fixed_8_5_5_3_0_temp_2_addr" [../src/dense.cpp:13->../src/eight.cpp:55]   --->   Operation 43 'store' 'store_ln13' <Predicate = (trunc_ln11 == 2)> <Delay = 2.32> <CoreInst = "RAM">   --->   Core 81 'RAM' <Latency = 1> <II = 1> <Delay = 2.32> <Storage> <Opcode : 'load' 'store'> <Ports = 2> <Width = 8> <Depth = 98> <RAM>
ST_3 : Operation 44 [1/1] (0.00ns)   --->   "%br_ln13 = br void %arrayidx2.i.exit" [../src/dense.cpp:13->../src/eight.cpp:55]   --->   Operation 44 'br' 'br_ln13' <Predicate = (trunc_ln11 == 2)> <Delay = 0.00>
ST_3 : Operation 45 [1/1] ( I:2.32ns O:2.32ns )   --->   "%store_ln13 = store i8 %gmem0_addr_read, i7 %dense_ap_fixed_ap_fixed_ap_fixed_ap_fixed_8_5_5_3_0_temp_3_addr" [../src/dense.cpp:13->../src/eight.cpp:55]   --->   Operation 45 'store' 'store_ln13' <Predicate = (trunc_ln11 == 1)> <Delay = 2.32> <CoreInst = "RAM">   --->   Core 81 'RAM' <Latency = 1> <II = 1> <Delay = 2.32> <Storage> <Opcode : 'load' 'store'> <Ports = 2> <Width = 8> <Depth = 98> <RAM>
ST_3 : Operation 46 [1/1] (0.00ns)   --->   "%br_ln13 = br void %arrayidx2.i.exit" [../src/dense.cpp:13->../src/eight.cpp:55]   --->   Operation 46 'br' 'br_ln13' <Predicate = (trunc_ln11 == 1)> <Delay = 0.00>
ST_3 : Operation 47 [1/1] ( I:2.32ns O:2.32ns )   --->   "%store_ln13 = store i8 %gmem0_addr_read, i7 %dense_ap_fixed_ap_fixed_ap_fixed_ap_fixed_8_5_5_3_0_temp_7_addr" [../src/dense.cpp:13->../src/eight.cpp:55]   --->   Operation 47 'store' 'store_ln13' <Predicate = (trunc_ln11 == 0)> <Delay = 2.32> <CoreInst = "RAM">   --->   Core 81 'RAM' <Latency = 1> <II = 1> <Delay = 2.32> <Storage> <Opcode : 'load' 'store'> <Ports = 2> <Width = 8> <Depth = 98> <RAM>
ST_3 : Operation 48 [1/1] (0.00ns)   --->   "%br_ln13 = br void %arrayidx2.i.exit" [../src/dense.cpp:13->../src/eight.cpp:55]   --->   Operation 48 'br' 'br_ln13' <Predicate = (trunc_ln11 == 0)> <Delay = 0.00>
ST_3 : Operation 49 [1/1] ( I:2.32ns O:2.32ns )   --->   "%store_ln13 = store i8 %gmem0_addr_read, i7 %dense_ap_fixed_ap_fixed_ap_fixed_ap_fixed_8_5_5_3_0_temp_4_addr" [../src/dense.cpp:13->../src/eight.cpp:55]   --->   Operation 49 'store' 'store_ln13' <Predicate = (trunc_ln11 == 7)> <Delay = 2.32> <CoreInst = "RAM">   --->   Core 81 'RAM' <Latency = 1> <II = 1> <Delay = 2.32> <Storage> <Opcode : 'load' 'store'> <Ports = 2> <Width = 8> <Depth = 98> <RAM>
ST_3 : Operation 50 [1/1] (0.00ns)   --->   "%br_ln13 = br void %arrayidx2.i.exit" [../src/dense.cpp:13->../src/eight.cpp:55]   --->   Operation 50 'br' 'br_ln13' <Predicate = (trunc_ln11 == 7)> <Delay = 0.00>


============================================================
+ Verbose Summary: Binding
============================================================
STG Binding: 
---------------- STG Properties BEGIN ----------------
- Is combinational: 0
- Is one-state seq: 0
- Is datapath-only: 0
- Is pipelined: 0
- Is top level: 0
Port [ Return ] is wired: 1; IO mode=ap_ctrl_hs:ce=0
Port [ gmem0]:  wired=1; compound=1; hidden=0; nouse=0; global=0; static=0; extern=0; dir=0; type=4; pingpong=0; private_global=0; IO mode=m_axi:ce=0
Port [ outputPool2]:  wired=1; compound=0; hidden=0; nouse=0; global=0; static=0; extern=0; dir=0; type=0; pingpong=0; private_global=0; IO mode=ap_none:ce=0
Port [ dense_ap_fixed_ap_fixed_ap_fixed_ap_fixed_8_5_5_3_0_temp_7]:  wired=1; compound=1; hidden=0; nouse=0; global=1; static=1; extern=0; dir=1; type=1; pingpong=0; private_global=0; MemPort=[03]; IO mode=ap_memory:ce=0
Port [ dense_ap_fixed_ap_fixed_ap_fixed_ap_fixed_8_5_5_3_0_temp_3]:  wired=1; compound=1; hidden=0; nouse=0; global=1; static=1; extern=0; dir=1; type=1; pingpong=0; private_global=0; MemPort=[03]; IO mode=ap_memory:ce=0
Port [ dense_ap_fixed_ap_fixed_ap_fixed_ap_fixed_8_5_5_3_0_temp_2]:  wired=1; compound=1; hidden=0; nouse=0; global=1; static=1; extern=0; dir=1; type=1; pingpong=0; private_global=0; MemPort=[03]; IO mode=ap_memory:ce=0
Port [ dense_ap_fixed_ap_fixed_ap_fixed_ap_fixed_8_5_5_3_0_temp_1]:  wired=1; compound=1; hidden=0; nouse=0; global=1; static=1; extern=0; dir=1; type=1; pingpong=0; private_global=0; MemPort=[03]; IO mode=ap_memory:ce=0
Port [ dense_ap_fixed_ap_fixed_ap_fixed_ap_fixed_8_5_5_3_0_temp]:  wired=1; compound=1; hidden=0; nouse=0; global=1; static=1; extern=0; dir=1; type=1; pingpong=0; private_global=0; MemPort=[03]; IO mode=ap_memory:ce=0
Port [ dense_ap_fixed_ap_fixed_ap_fixed_ap_fixed_8_5_5_3_0_temp_6]:  wired=1; compound=1; hidden=0; nouse=0; global=1; static=1; extern=0; dir=1; type=1; pingpong=0; private_global=0; MemPort=[03]; IO mode=ap_memory:ce=0
Port [ dense_ap_fixed_ap_fixed_ap_fixed_ap_fixed_8_5_5_3_0_temp_5]:  wired=1; compound=1; hidden=0; nouse=0; global=1; static=1; extern=0; dir=1; type=1; pingpong=0; private_global=0; MemPort=[03]; IO mode=ap_memory:ce=0
Port [ dense_ap_fixed_ap_fixed_ap_fixed_ap_fixed_8_5_5_3_0_temp_4]:  wired=1; compound=1; hidden=0; nouse=0; global=1; static=1; extern=0; dir=1; type=1; pingpong=0; private_global=0; MemPort=[03]; IO mode=ap_memory:ce=0
---------------- STG Properties END ------------------

---------------- Datapath Model BEGIN ----------------

<LifeTime>
<method=bitvector/>
i                                                               (alloca           ) [ 0100]
specinterface_ln0                                               (specinterface    ) [ 0000]
outputPool2_read                                                (read             ) [ 0000]
store_ln11                                                      (store            ) [ 0000]
br_ln0                                                          (br               ) [ 0000]
i_1                                                             (load             ) [ 0000]
specbitsmap_ln0                                                 (specbitsmap      ) [ 0000]
icmp_ln11                                                       (icmp             ) [ 0110]
add_ln11                                                        (add              ) [ 0000]
br_ln11                                                         (br               ) [ 0000]
gmem0_addr                                                      (getelementptr    ) [ 0110]
trunc_ln11                                                      (trunc            ) [ 0111]
lshr_ln                                                         (partselect       ) [ 0111]
switch_ln13                                                     (switch           ) [ 0000]
store_ln11                                                      (store            ) [ 0000]
br_ln11                                                         (br               ) [ 0000]
gmem0_addr_read                                                 (read             ) [ 0101]
specpipeline_ln12                                               (specpipeline     ) [ 0000]
speclooptripcount_ln11                                          (speclooptripcount) [ 0000]
specloopname_ln11                                               (specloopname     ) [ 0000]
zext_ln11                                                       (zext             ) [ 0000]
dense_ap_fixed_ap_fixed_ap_fixed_ap_fixed_8_5_5_3_0_temp_7_addr (getelementptr    ) [ 0000]
dense_ap_fixed_ap_fixed_ap_fixed_ap_fixed_8_5_5_3_0_temp_3_addr (getelementptr    ) [ 0000]
dense_ap_fixed_ap_fixed_ap_fixed_ap_fixed_8_5_5_3_0_temp_2_addr (getelementptr    ) [ 0000]
dense_ap_fixed_ap_fixed_ap_fixed_ap_fixed_8_5_5_3_0_temp_1_addr (getelementptr    ) [ 0000]
dense_ap_fixed_ap_fixed_ap_fixed_ap_fixed_8_5_5_3_0_temp_addr   (getelementptr    ) [ 0000]
dense_ap_fixed_ap_fixed_ap_fixed_ap_fixed_8_5_5_3_0_temp_6_addr (getelementptr    ) [ 0000]
dense_ap_fixed_ap_fixed_ap_fixed_ap_fixed_8_5_5_3_0_temp_5_addr (getelementptr    ) [ 0000]
dense_ap_fixed_ap_fixed_ap_fixed_ap_fixed_8_5_5_3_0_temp_4_addr (getelementptr    ) [ 0000]
store_ln13                                                      (store            ) [ 0000]
br_ln13                                                         (br               ) [ 0000]
store_ln13                                                      (store            ) [ 0000]
br_ln13                                                         (br               ) [ 0000]
store_ln13                                                      (store            ) [ 0000]
br_ln13                                                         (br               ) [ 0000]
store_ln13                                                      (store            ) [ 0000]
br_ln13                                                         (br               ) [ 0000]
store_ln13                                                      (store            ) [ 0000]
br_ln13                                                         (br               ) [ 0000]
store_ln13                                                      (store            ) [ 0000]
br_ln13                                                         (br               ) [ 0000]
store_ln13                                                      (store            ) [ 0000]
br_ln13                                                         (br               ) [ 0000]
store_ln13                                                      (store            ) [ 0000]
br_ln13                                                         (br               ) [ 0000]
ret_ln0                                                         (ret              ) [ 0000]
</LifeTime>

<model>

<comp_list>
<comp id="0" class="1000" name="gmem0">
<pin_list>
<pin id="1" dir="1" index="0" bw="1" slack="0"/>
</pin_list>
<bind>
<StgValue><ssdm name="gmem0"/><MemPortTyVec>0 </MemPortTyVec>
</StgValue>
</bind>
</comp>

<comp id="2" class="1000" name="outputPool2">
<pin_list>
<pin id="3" dir="1" index="0" bw="1" slack="0"/>
</pin_list>
<bind>
<StgValue><ssdm name="outputPool2"/></StgValue>
</bind>
</comp>

<comp id="4" class="1000" name="dense_ap_fixed_ap_fixed_ap_fixed_ap_fixed_8_5_5_3_0_temp_7">
<pin_list>
<pin id="5" dir="1" index="0" bw="1" slack="0"/>
</pin_list>
<bind>
<StgValue><ssdm name="dense_ap_fixed_ap_fixed_ap_fixed_ap_fixed_8_5_5_3_0_temp_7"/><MemPortTyVec>0 3 </MemPortTyVec>
</StgValue>
</bind>
</comp>

<comp id="6" class="1000" name="dense_ap_fixed_ap_fixed_ap_fixed_ap_fixed_8_5_5_3_0_temp_3">
<pin_list>
<pin id="7" dir="1" index="0" bw="1" slack="0"/>
</pin_list>
<bind>
<StgValue><ssdm name="dense_ap_fixed_ap_fixed_ap_fixed_ap_fixed_8_5_5_3_0_temp_3"/><MemPortTyVec>0 3 </MemPortTyVec>
</StgValue>
</bind>
</comp>

<comp id="8" class="1000" name="dense_ap_fixed_ap_fixed_ap_fixed_ap_fixed_8_5_5_3_0_temp_2">
<pin_list>
<pin id="9" dir="1" index="0" bw="1" slack="0"/>
</pin_list>
<bind>
<StgValue><ssdm name="dense_ap_fixed_ap_fixed_ap_fixed_ap_fixed_8_5_5_3_0_temp_2"/><MemPortTyVec>0 3 </MemPortTyVec>
</StgValue>
</bind>
</comp>

<comp id="10" class="1000" name="dense_ap_fixed_ap_fixed_ap_fixed_ap_fixed_8_5_5_3_0_temp_1">
<pin_list>
<pin id="11" dir="1" index="0" bw="1" slack="0"/>
</pin_list>
<bind>
<StgValue><ssdm name="dense_ap_fixed_ap_fixed_ap_fixed_ap_fixed_8_5_5_3_0_temp_1"/><MemPortTyVec>0 3 </MemPortTyVec>
</StgValue>
</bind>
</comp>

<comp id="12" class="1000" name="dense_ap_fixed_ap_fixed_ap_fixed_ap_fixed_8_5_5_3_0_temp">
<pin_list>
<pin id="13" dir="1" index="0" bw="1" slack="0"/>
</pin_list>
<bind>
<StgValue><ssdm name="dense_ap_fixed_ap_fixed_ap_fixed_ap_fixed_8_5_5_3_0_temp"/><MemPortTyVec>0 3 </MemPortTyVec>
</StgValue>
</bind>
</comp>

<comp id="14" class="1000" name="dense_ap_fixed_ap_fixed_ap_fixed_ap_fixed_8_5_5_3_0_temp_6">
<pin_list>
<pin id="15" dir="1" index="0" bw="1" slack="0"/>
</pin_list>
<bind>
<StgValue><ssdm name="dense_ap_fixed_ap_fixed_ap_fixed_ap_fixed_8_5_5_3_0_temp_6"/><MemPortTyVec>0 3 </MemPortTyVec>
</StgValue>
</bind>
</comp>

<comp id="16" class="1000" name="dense_ap_fixed_ap_fixed_ap_fixed_ap_fixed_8_5_5_3_0_temp_5">
<pin_list>
<pin id="17" dir="1" index="0" bw="1" slack="0"/>
</pin_list>
<bind>
<StgValue><ssdm name="dense_ap_fixed_ap_fixed_ap_fixed_ap_fixed_8_5_5_3_0_temp_5"/><MemPortTyVec>0 3 </MemPortTyVec>
</StgValue>
</bind>
</comp>

<comp id="18" class="1000" name="dense_ap_fixed_ap_fixed_ap_fixed_ap_fixed_8_5_5_3_0_temp_4">
<pin_list>
<pin id="19" dir="1" index="0" bw="1" slack="0"/>
</pin_list>
<bind>
<StgValue><ssdm name="dense_ap_fixed_ap_fixed_ap_fixed_ap_fixed_8_5_5_3_0_temp_4"/><MemPortTyVec>0 3 </MemPortTyVec>
</StgValue>
</bind>
</comp>

<comp id="20" class="1001" name="const_20">
<pin_list>
<pin id="21" dir="1" index="0" bw="1" slack="0"/>
</pin_list>
<bind>
<StgValue><ssdm name=""/></StgValue>
</bind>
</comp>

<comp id="22" class="1001" name="const_22">
<pin_list>
<pin id="23" dir="1" index="0" bw="1" slack="2147483647"/>
</pin_list>
<bind>
<StgValue><ssdm name="_ssdm_op_SpecInterface"/></StgValue>
</bind>
</comp>

<comp id="24" class="1001" name="const_24">
<pin_list>
<pin id="25" dir="1" index="0" bw="1" slack="2147483647"/>
</pin_list>
<bind>
<StgValue><ssdm name="empty_7"/></StgValue>
</bind>
</comp>

<comp id="26" class="1001" name="const_26">
<pin_list>
<pin id="27" dir="1" index="0" bw="1" slack="2147483647"/>
</pin_list>
<bind>
<StgValue><ssdm name=""/></StgValue>
</bind>
</comp>

<comp id="28" class="1001" name="const_28">
<pin_list>
<pin id="29" dir="1" index="0" bw="1" slack="2147483647"/>
</pin_list>
<bind>
<StgValue><ssdm name="empty_8"/></StgValue>
</bind>
</comp>

<comp id="30" class="1001" name="const_30">
<pin_list>
<pin id="31" dir="1" index="0" bw="1" slack="2147483647"/>
</pin_list>
<bind>
<StgValue><ssdm name=""/></StgValue>
</bind>
</comp>

<comp id="32" class="1001" name="const_32">
<pin_list>
<pin id="33" dir="1" index="0" bw="1" slack="2147483647"/>
</pin_list>
<bind>
<StgValue><ssdm name="empty_34"/></StgValue>
</bind>
</comp>

<comp id="34" class="1001" name="const_34">
<pin_list>
<pin id="35" dir="1" index="0" bw="1" slack="2147483647"/>
</pin_list>
<bind>
<StgValue><ssdm name="empty_20"/></StgValue>
</bind>
</comp>

<comp id="36" class="1001" name="const_36">
<pin_list>
<pin id="37" dir="1" index="0" bw="1" slack="2147483647"/>
</pin_list>
<bind>
<StgValue><ssdm name=""/></StgValue>
</bind>
</comp>

<comp id="38" class="1001" name="const_38">
<pin_list>
<pin id="39" dir="1" index="0" bw="1" slack="2147483647"/>
</pin_list>
<bind>
<StgValue><ssdm name=""/></StgValue>
</bind>
</comp>

<comp id="40" class="1001" name="const_40">
<pin_list>
<pin id="41" dir="1" index="0" bw="1" slack="0"/>
</pin_list>
<bind>
<StgValue><ssdm name="_ssdm_op_Read.ap_auto.i64"/></StgValue>
</bind>
</comp>

<comp id="42" class="1001" name="const_42">
<pin_list>
<pin id="43" dir="1" index="0" bw="1" slack="0"/>
</pin_list>
<bind>
<StgValue><ssdm name=""/></StgValue>
</bind>
</comp>

<comp id="44" class="1001" name="const_44">
<pin_list>
<pin id="45" dir="1" index="0" bw="1" slack="2147483647"/>
</pin_list>
<bind>
<StgValue><ssdm name="_ssdm_op_SpecBitsMap"/></StgValue>
</bind>
</comp>

<comp id="46" class="1001" name="const_46">
<pin_list>
<pin id="47" dir="1" index="0" bw="1" slack="0"/>
</pin_list>
<bind>
<StgValue><ssdm name=""/></StgValue>
</bind>
</comp>

<comp id="48" class="1001" name="const_48">
<pin_list>
<pin id="49" dir="1" index="0" bw="1" slack="0"/>
</pin_list>
<bind>
<StgValue><ssdm name=""/></StgValue>
</bind>
</comp>

<comp id="50" class="1001" name="const_50">
<pin_list>
<pin id="51" dir="1" index="0" bw="1" slack="0"/>
</pin_list>
<bind>
<StgValue><ssdm name="_ssdm_op_PartSelect.i7.i10.i32.i32"/></StgValue>
</bind>
</comp>

<comp id="52" class="1001" name="const_52">
<pin_list>
<pin id="53" dir="1" index="0" bw="1" slack="0"/>
</pin_list>
<bind>
<StgValue><ssdm name=""/></StgValue>
</bind>
</comp>

<comp id="54" class="1001" name="const_54">
<pin_list>
<pin id="55" dir="1" index="0" bw="1" slack="0"/>
</pin_list>
<bind>
<StgValue><ssdm name=""/></StgValue>
</bind>
</comp>

<comp id="56" class="1001" name="const_56">
<pin_list>
<pin id="57" dir="1" index="0" bw="1" slack="0"/>
</pin_list>
<bind>
<StgValue><ssdm name=""/></StgValue>
</bind>
</comp>

<comp id="58" class="1001" name="const_58">
<pin_list>
<pin id="59" dir="1" index="0" bw="1" slack="0"/>
</pin_list>
<bind>
<StgValue><ssdm name=""/></StgValue>
</bind>
</comp>

<comp id="60" class="1001" name="const_60">
<pin_list>
<pin id="61" dir="1" index="0" bw="1" slack="0"/>
</pin_list>
<bind>
<StgValue><ssdm name=""/></StgValue>
</bind>
</comp>

<comp id="62" class="1001" name="const_62">
<pin_list>
<pin id="63" dir="1" index="0" bw="1" slack="0"/>
</pin_list>
<bind>
<StgValue><ssdm name=""/></StgValue>
</bind>
</comp>

<comp id="64" class="1001" name="const_64">
<pin_list>
<pin id="65" dir="1" index="0" bw="1" slack="0"/>
</pin_list>
<bind>
<StgValue><ssdm name=""/></StgValue>
</bind>
</comp>

<comp id="66" class="1001" name="const_66">
<pin_list>
<pin id="67" dir="1" index="0" bw="1" slack="0"/>
</pin_list>
<bind>
<StgValue><ssdm name=""/></StgValue>
</bind>
</comp>

<comp id="68" class="1001" name="const_68">
<pin_list>
<pin id="69" dir="1" index="0" bw="1" slack="0"/>
</pin_list>
<bind>
<StgValue><ssdm name=""/></StgValue>
</bind>
</comp>

<comp id="70" class="1001" name="const_70">
<pin_list>
<pin id="71" dir="1" index="0" bw="1" slack="0"/>
</pin_list>
<bind>
<StgValue><ssdm name="_ssdm_op_Read.m_axi.i8.p1i8"/></StgValue>
</bind>
</comp>

<comp id="72" class="1001" name="const_72">
<pin_list>
<pin id="73" dir="1" index="0" bw="1" slack="2147483647"/>
</pin_list>
<bind>
<StgValue><ssdm name="_ssdm_op_SpecPipeline"/></StgValue>
</bind>
</comp>

<comp id="74" class="1001" name="const_74">
<pin_list>
<pin id="75" dir="1" index="0" bw="1" slack="2147483647"/>
</pin_list>
<bind>
<StgValue><ssdm name="_ssdm_op_SpecLoopTripCount"/></StgValue>
</bind>
</comp>

<comp id="76" class="1001" name="const_76">
<pin_list>
<pin id="77" dir="1" index="0" bw="1" slack="2147483647"/>
</pin_list>
<bind>
<StgValue><ssdm name=""/></StgValue>
</bind>
</comp>

<comp id="78" class="1001" name="const_78">
<pin_list>
<pin id="79" dir="1" index="0" bw="1" slack="2147483647"/>
</pin_list>
<bind>
<StgValue><ssdm name="_ssdm_op_SpecLoopName"/></StgValue>
</bind>
</comp>

<comp id="80" class="1001" name="const_80">
<pin_list>
<pin id="81" dir="1" index="0" bw="1" slack="2147483647"/>
</pin_list>
<bind>
<StgValue><ssdm name="empty_16"/></StgValue>
</bind>
</comp>

<comp id="82" class="1001" name="const_82">
<pin_list>
<pin id="83" dir="1" index="0" bw="1" slack="0"/>
</pin_list>
<bind>
<StgValue><ssdm name=""/></StgValue>
</bind>
</comp>

<comp id="84" class="1004" name="i_fu_84">
<pin_list>
<pin id="85" dir="0" index="0" bw="1" slack="0"/>
<pin id="86" dir="1" index="1" bw="10" slack="0"/>
</pin_list>
<bind>
<opcode="alloca(26) " fcode="alloca"/>
<opset="i/1 "/>
</bind>
</comp>

<comp id="88" class="1004" name="outputPool2_read_read_fu_88">
<pin_list>
<pin id="89" dir="0" index="0" bw="64" slack="0"/>
<pin id="90" dir="0" index="1" bw="64" slack="0"/>
<pin id="91" dir="1" index="2" bw="64" slack="0"/>
</pin_list>
<bind>
<opcode="read(1150) " fcode="read"/>
<opset="outputPool2_read/1 "/>
</bind>
</comp>

<comp id="94" class="1004" name="dense_ap_fixed_ap_fixed_ap_fixed_ap_fixed_8_5_5_3_0_temp_7_addr_gep_fu_94">
<pin_list>
<pin id="95" dir="0" index="0" bw="8" slack="0"/>
<pin id="96" dir="0" index="1" bw="1" slack="0"/>
<pin id="97" dir="0" index="2" bw="7" slack="0"/>
<pin id="98" dir="1" index="3" bw="7" slack="0"/>
</pin_list>
<bind>
<opcode="getelementptr(29) " fcode="getelementptr"/>
<opset="dense_ap_fixed_ap_fixed_ap_fixed_ap_fixed_8_5_5_3_0_temp_7_addr/3 "/>
</bind>
</comp>

<comp id="101" class="1004" name="dense_ap_fixed_ap_fixed_ap_fixed_ap_fixed_8_5_5_3_0_temp_3_addr_gep_fu_101">
<pin_list>
<pin id="102" dir="0" index="0" bw="8" slack="0"/>
<pin id="103" dir="0" index="1" bw="1" slack="0"/>
<pin id="104" dir="0" index="2" bw="7" slack="0"/>
<pin id="105" dir="1" index="3" bw="7" slack="0"/>
</pin_list>
<bind>
<opcode="getelementptr(29) " fcode="getelementptr"/>
<opset="dense_ap_fixed_ap_fixed_ap_fixed_ap_fixed_8_5_5_3_0_temp_3_addr/3 "/>
</bind>
</comp>

<comp id="108" class="1004" name="dense_ap_fixed_ap_fixed_ap_fixed_ap_fixed_8_5_5_3_0_temp_2_addr_gep_fu_108">
<pin_list>
<pin id="109" dir="0" index="0" bw="8" slack="0"/>
<pin id="110" dir="0" index="1" bw="1" slack="0"/>
<pin id="111" dir="0" index="2" bw="7" slack="0"/>
<pin id="112" dir="1" index="3" bw="7" slack="0"/>
</pin_list>
<bind>
<opcode="getelementptr(29) " fcode="getelementptr"/>
<opset="dense_ap_fixed_ap_fixed_ap_fixed_ap_fixed_8_5_5_3_0_temp_2_addr/3 "/>
</bind>
</comp>

<comp id="115" class="1004" name="dense_ap_fixed_ap_fixed_ap_fixed_ap_fixed_8_5_5_3_0_temp_1_addr_gep_fu_115">
<pin_list>
<pin id="116" dir="0" index="0" bw="8" slack="0"/>
<pin id="117" dir="0" index="1" bw="1" slack="0"/>
<pin id="118" dir="0" index="2" bw="7" slack="0"/>
<pin id="119" dir="1" index="3" bw="7" slack="0"/>
</pin_list>
<bind>
<opcode="getelementptr(29) " fcode="getelementptr"/>
<opset="dense_ap_fixed_ap_fixed_ap_fixed_ap_fixed_8_5_5_3_0_temp_1_addr/3 "/>
</bind>
</comp>

<comp id="122" class="1004" name="dense_ap_fixed_ap_fixed_ap_fixed_ap_fixed_8_5_5_3_0_temp_addr_gep_fu_122">
<pin_list>
<pin id="123" dir="0" index="0" bw="8" slack="0"/>
<pin id="124" dir="0" index="1" bw="1" slack="0"/>
<pin id="125" dir="0" index="2" bw="7" slack="0"/>
<pin id="126" dir="1" index="3" bw="7" slack="0"/>
</pin_list>
<bind>
<opcode="getelementptr(29) " fcode="getelementptr"/>
<opset="dense_ap_fixed_ap_fixed_ap_fixed_ap_fixed_8_5_5_3_0_temp_addr/3 "/>
</bind>
</comp>

<comp id="129" class="1004" name="dense_ap_fixed_ap_fixed_ap_fixed_ap_fixed_8_5_5_3_0_temp_6_addr_gep_fu_129">
<pin_list>
<pin id="130" dir="0" index="0" bw="8" slack="0"/>
<pin id="131" dir="0" index="1" bw="1" slack="0"/>
<pin id="132" dir="0" index="2" bw="7" slack="0"/>
<pin id="133" dir="1" index="3" bw="7" slack="0"/>
</pin_list>
<bind>
<opcode="getelementptr(29) " fcode="getelementptr"/>
<opset="dense_ap_fixed_ap_fixed_ap_fixed_ap_fixed_8_5_5_3_0_temp_6_addr/3 "/>
</bind>
</comp>

<comp id="136" class="1004" name="dense_ap_fixed_ap_fixed_ap_fixed_ap_fixed_8_5_5_3_0_temp_5_addr_gep_fu_136">
<pin_list>
<pin id="137" dir="0" index="0" bw="8" slack="0"/>
<pin id="138" dir="0" index="1" bw="1" slack="0"/>
<pin id="139" dir="0" index="2" bw="7" slack="0"/>
<pin id="140" dir="1" index="3" bw="7" slack="0"/>
</pin_list>
<bind>
<opcode="getelementptr(29) " fcode="getelementptr"/>
<opset="dense_ap_fixed_ap_fixed_ap_fixed_ap_fixed_8_5_5_3_0_temp_5_addr/3 "/>
</bind>
</comp>

<comp id="143" class="1004" name="dense_ap_fixed_ap_fixed_ap_fixed_ap_fixed_8_5_5_3_0_temp_4_addr_gep_fu_143">
<pin_list>
<pin id="144" dir="0" index="0" bw="8" slack="0"/>
<pin id="145" dir="0" index="1" bw="1" slack="0"/>
<pin id="146" dir="0" index="2" bw="7" slack="0"/>
<pin id="147" dir="1" index="3" bw="7" slack="0"/>
</pin_list>
<bind>
<opcode="getelementptr(29) " fcode="getelementptr"/>
<opset="dense_ap_fixed_ap_fixed_ap_fixed_ap_fixed_8_5_5_3_0_temp_4_addr/3 "/>
</bind>
</comp>

<comp id="150" class="1004" name="store_ln13_access_fu_150">
<pin_list>
<pin id="151" dir="0" index="0" bw="7" slack="0"/>
<pin id="152" dir="0" index="1" bw="8" slack="1"/>
<pin id="153" dir="0" index="2" bw="0" slack="2147483647"/>
<pin id="154" dir="1" index="3" bw="8" slack="2147483647"/>
</pin_list>
<bind>
<opcode="store(28) " fcode="store"/>
<opset="store_ln13/3 "/>
</bind>
</comp>

<comp id="156" class="1004" name="store_ln13_access_fu_156">
<pin_list>
<pin id="157" dir="0" index="0" bw="7" slack="0"/>
<pin id="158" dir="0" index="1" bw="8" slack="1"/>
<pin id="159" dir="0" index="2" bw="0" slack="2147483647"/>
<pin id="160" dir="1" index="3" bw="8" slack="2147483647"/>
</pin_list>
<bind>
<opcode="store(28) " fcode="store"/>
<opset="store_ln13/3 "/>
</bind>
</comp>

<comp id="162" class="1004" name="store_ln13_access_fu_162">
<pin_list>
<pin id="163" dir="0" index="0" bw="7" slack="0"/>
<pin id="164" dir="0" index="1" bw="8" slack="1"/>
<pin id="165" dir="0" index="2" bw="0" slack="2147483647"/>
<pin id="166" dir="1" index="3" bw="8" slack="2147483647"/>
</pin_list>
<bind>
<opcode="store(28) " fcode="store"/>
<opset="store_ln13/3 "/>
</bind>
</comp>

<comp id="168" class="1004" name="store_ln13_access_fu_168">
<pin_list>
<pin id="169" dir="0" index="0" bw="7" slack="0"/>
<pin id="170" dir="0" index="1" bw="8" slack="1"/>
<pin id="171" dir="0" index="2" bw="0" slack="2147483647"/>
<pin id="172" dir="1" index="3" bw="8" slack="2147483647"/>
</pin_list>
<bind>
<opcode="store(28) " fcode="store"/>
<opset="store_ln13/3 "/>
</bind>
</comp>

<comp id="174" class="1004" name="store_ln13_access_fu_174">
<pin_list>
<pin id="175" dir="0" index="0" bw="7" slack="0"/>
<pin id="176" dir="0" index="1" bw="8" slack="1"/>
<pin id="177" dir="0" index="2" bw="0" slack="2147483647"/>
<pin id="178" dir="1" index="3" bw="8" slack="2147483647"/>
</pin_list>
<bind>
<opcode="store(28) " fcode="store"/>
<opset="store_ln13/3 "/>
</bind>
</comp>

<comp id="180" class="1004" name="store_ln13_access_fu_180">
<pin_list>
<pin id="181" dir="0" index="0" bw="7" slack="0"/>
<pin id="182" dir="0" index="1" bw="8" slack="1"/>
<pin id="183" dir="0" index="2" bw="0" slack="2147483647"/>
<pin id="184" dir="1" index="3" bw="8" slack="2147483647"/>
</pin_list>
<bind>
<opcode="store(28) " fcode="store"/>
<opset="store_ln13/3 "/>
</bind>
</comp>

<comp id="186" class="1004" name="store_ln13_access_fu_186">
<pin_list>
<pin id="187" dir="0" index="0" bw="7" slack="0"/>
<pin id="188" dir="0" index="1" bw="8" slack="1"/>
<pin id="189" dir="0" index="2" bw="0" slack="2147483647"/>
<pin id="190" dir="1" index="3" bw="8" slack="2147483647"/>
</pin_list>
<bind>
<opcode="store(28) " fcode="store"/>
<opset="store_ln13/3 "/>
</bind>
</comp>

<comp id="192" class="1004" name="store_ln13_access_fu_192">
<pin_list>
<pin id="193" dir="0" index="0" bw="7" slack="0"/>
<pin id="194" dir="0" index="1" bw="8" slack="1"/>
<pin id="195" dir="0" index="2" bw="0" slack="2147483647"/>
<pin id="196" dir="1" index="3" bw="8" slack="2147483647"/>
</pin_list>
<bind>
<opcode="store(28) " fcode="store"/>
<opset="store_ln13/3 "/>
</bind>
</comp>

<comp id="198" class="1004" name="gmem0_addr_read_read_fu_198">
<pin_list>
<pin id="199" dir="0" index="0" bw="8" slack="0"/>
<pin id="200" dir="0" index="1" bw="8" slack="1"/>
<pin id="201" dir="1" index="2" bw="8" slack="1"/>
</pin_list>
<bind>
<opcode="read(1150) " fcode="read"/>
<opset="gmem0_addr_read/2 "/>
</bind>
</comp>

<comp id="203" class="1004" name="store_ln11_store_fu_203">
<pin_list>
<pin id="204" dir="0" index="0" bw="1" slack="0"/>
<pin id="205" dir="0" index="1" bw="10" slack="0"/>
<pin id="206" dir="1" index="2" bw="0" slack="2147483647"/>
</pin_list>
<bind>
<opcode="store(28) " fcode="store"/>
<opset="store_ln11/1 "/>
</bind>
</comp>

<comp id="208" class="1004" name="i_1_load_fu_208">
<pin_list>
<pin id="209" dir="0" index="0" bw="10" slack="0"/>
<pin id="210" dir="1" index="1" bw="10" slack="0"/>
</pin_list>
<bind>
<opcode="load(27) " fcode="load"/>
<opset="i_1/1 "/>
</bind>
</comp>

<comp id="211" class="1004" name="icmp_ln11_fu_211">
<pin_list>
<pin id="212" dir="0" index="0" bw="10" slack="0"/>
<pin id="213" dir="0" index="1" bw="9" slack="0"/>
<pin id="214" dir="1" index="2" bw="1" slack="1"/>
</pin_list>
<bind>
<opcode="icmp(45) " fcode="icmp"/>
<opset="icmp_ln11/1 "/>
</bind>
</comp>

<comp id="217" class="1004" name="add_ln11_fu_217">
<pin_list>
<pin id="218" dir="0" index="0" bw="10" slack="0"/>
<pin id="219" dir="0" index="1" bw="1" slack="0"/>
<pin id="220" dir="1" index="2" bw="10" slack="0"/>
</pin_list>
<bind>
<opcode="add(8) " fcode="add"/>
<opset="add_ln11/1 "/>
</bind>
</comp>

<comp id="223" class="1004" name="gmem0_addr_fu_223">
<pin_list>
<pin id="224" dir="0" index="0" bw="8" slack="0"/>
<pin id="225" dir="0" index="1" bw="64" slack="0"/>
<pin id="226" dir="1" index="2" bw="8" slack="1"/>
</pin_list>
<bind>
<opcode="getelementptr(29) " fcode="getelementptr"/>
<opset="gmem0_addr/1 "/>
</bind>
</comp>

<comp id="229" class="1004" name="trunc_ln11_fu_229">
<pin_list>
<pin id="230" dir="0" index="0" bw="10" slack="0"/>
<pin id="231" dir="1" index="1" bw="3" slack="0"/>
</pin_list>
<bind>
<opcode="trunc(33) " fcode="trunc"/>
<opset="trunc_ln11/1 "/>
</bind>
</comp>

<comp id="233" class="1004" name="lshr_ln_fu_233">
<pin_list>
<pin id="234" dir="0" index="0" bw="7" slack="0"/>
<pin id="235" dir="0" index="1" bw="10" slack="0"/>
<pin id="236" dir="0" index="2" bw="3" slack="0"/>
<pin id="237" dir="0" index="3" bw="5" slack="0"/>
<pin id="238" dir="1" index="4" bw="7" slack="2"/>
</pin_list>
<bind>
<opcode="partselect(1002) " fcode="partselect"/>
<opset="lshr_ln/1 "/>
</bind>
</comp>

<comp id="243" class="1004" name="switch_ln13_fu_243">
<pin_list>
<pin id="244" dir="0" index="0" bw="3" slack="0"/>
<pin id="245" dir="0" index="1" bw="1" slack="0"/>
<pin id="246" dir="0" index="2" bw="1" slack="0"/>
<pin id="247" dir="0" index="3" bw="3" slack="0"/>
<pin id="248" dir="0" index="4" bw="3" slack="0"/>
<pin id="249" dir="0" index="5" bw="3" slack="0"/>
<pin id="250" dir="0" index="6" bw="3" slack="0"/>
<pin id="251" dir="0" index="7" bw="2" slack="0"/>
<pin id="252" dir="1" index="8" bw="0" slack="2147483647"/>
</pin_list>
<bind>
<opcode="switch(3) " fcode="switch"/>
<opset="switch_ln13/1 "/>
</bind>
</comp>

<comp id="261" class="1004" name="store_ln11_store_fu_261">
<pin_list>
<pin id="262" dir="0" index="0" bw="10" slack="0"/>
<pin id="263" dir="0" index="1" bw="10" slack="0"/>
<pin id="264" dir="1" index="2" bw="0" slack="2147483647"/>
</pin_list>
<bind>
<opcode="store(28) " fcode="store"/>
<opset="store_ln11/1 "/>
</bind>
</comp>

<comp id="266" class="1004" name="zext_ln11_fu_266">
<pin_list>
<pin id="267" dir="0" index="0" bw="7" slack="2"/>
<pin id="268" dir="1" index="1" bw="64" slack="0"/>
</pin_list>
<bind>
<opcode="zext(34) " fcode="zext"/>
<opset="zext_ln11/3 "/>
</bind>
</comp>

<comp id="277" class="1005" name="i_reg_277">
<pin_list>
<pin id="278" dir="0" index="0" bw="10" slack="0"/>
<pin id="279" dir="1" index="1" bw="10" slack="0"/>
</pin_list>
<bind>
<opset="i "/>
</bind>
</comp>

<comp id="284" class="1005" name="icmp_ln11_reg_284">
<pin_list>
<pin id="285" dir="0" index="0" bw="1" slack="1"/>
<pin id="286" dir="1" index="1" bw="1" slack="2147483647"/>
</pin_list>
<bind>
<opset="icmp_ln11 "/>
</bind>
</comp>

<comp id="288" class="1005" name="gmem0_addr_reg_288">
<pin_list>
<pin id="289" dir="0" index="0" bw="8" slack="1"/>
<pin id="290" dir="1" index="1" bw="8" slack="1"/>
</pin_list>
<bind>
<opset="gmem0_addr "/>
</bind>
</comp>

<comp id="293" class="1005" name="trunc_ln11_reg_293">
<pin_list>
<pin id="294" dir="0" index="0" bw="3" slack="2"/>
<pin id="295" dir="1" index="1" bw="3" slack="2147483647"/>
</pin_list>
<bind>
<opset="trunc_ln11 "/>
</bind>
</comp>

<comp id="297" class="1005" name="lshr_ln_reg_297">
<pin_list>
<pin id="298" dir="0" index="0" bw="7" slack="2"/>
<pin id="299" dir="1" index="1" bw="7" slack="2"/>
</pin_list>
<bind>
<opset="lshr_ln "/>
</bind>
</comp>

<comp id="302" class="1005" name="gmem0_addr_read_reg_302">
<pin_list>
<pin id="303" dir="0" index="0" bw="8" slack="1"/>
<pin id="304" dir="1" index="1" bw="8" slack="1"/>
</pin_list>
<bind>
<opset="gmem0_addr_read "/>
</bind>
</comp>

</comp_list>

<net_list>
<net id="87"><net_src comp="20" pin="0"/><net_sink comp="84" pin=0"/></net>

<net id="92"><net_src comp="40" pin="0"/><net_sink comp="88" pin=0"/></net>

<net id="93"><net_src comp="2" pin="0"/><net_sink comp="88" pin=1"/></net>

<net id="99"><net_src comp="4" pin="0"/><net_sink comp="94" pin=0"/></net>

<net id="100"><net_src comp="82" pin="0"/><net_sink comp="94" pin=1"/></net>

<net id="106"><net_src comp="6" pin="0"/><net_sink comp="101" pin=0"/></net>

<net id="107"><net_src comp="82" pin="0"/><net_sink comp="101" pin=1"/></net>

<net id="113"><net_src comp="8" pin="0"/><net_sink comp="108" pin=0"/></net>

<net id="114"><net_src comp="82" pin="0"/><net_sink comp="108" pin=1"/></net>

<net id="120"><net_src comp="10" pin="0"/><net_sink comp="115" pin=0"/></net>

<net id="121"><net_src comp="82" pin="0"/><net_sink comp="115" pin=1"/></net>

<net id="127"><net_src comp="12" pin="0"/><net_sink comp="122" pin=0"/></net>

<net id="128"><net_src comp="82" pin="0"/><net_sink comp="122" pin=1"/></net>

<net id="134"><net_src comp="14" pin="0"/><net_sink comp="129" pin=0"/></net>

<net id="135"><net_src comp="82" pin="0"/><net_sink comp="129" pin=1"/></net>

<net id="141"><net_src comp="16" pin="0"/><net_sink comp="136" pin=0"/></net>

<net id="142"><net_src comp="82" pin="0"/><net_sink comp="136" pin=1"/></net>

<net id="148"><net_src comp="18" pin="0"/><net_sink comp="143" pin=0"/></net>

<net id="149"><net_src comp="82" pin="0"/><net_sink comp="143" pin=1"/></net>

<net id="155"><net_src comp="136" pin="3"/><net_sink comp="150" pin=0"/></net>

<net id="161"><net_src comp="129" pin="3"/><net_sink comp="156" pin=0"/></net>

<net id="167"><net_src comp="122" pin="3"/><net_sink comp="162" pin=0"/></net>

<net id="173"><net_src comp="115" pin="3"/><net_sink comp="168" pin=0"/></net>

<net id="179"><net_src comp="108" pin="3"/><net_sink comp="174" pin=0"/></net>

<net id="185"><net_src comp="101" pin="3"/><net_sink comp="180" pin=0"/></net>

<net id="191"><net_src comp="94" pin="3"/><net_sink comp="186" pin=0"/></net>

<net id="197"><net_src comp="143" pin="3"/><net_sink comp="192" pin=0"/></net>

<net id="202"><net_src comp="70" pin="0"/><net_sink comp="198" pin=0"/></net>

<net id="207"><net_src comp="42" pin="0"/><net_sink comp="203" pin=0"/></net>

<net id="215"><net_src comp="208" pin="1"/><net_sink comp="211" pin=0"/></net>

<net id="216"><net_src comp="46" pin="0"/><net_sink comp="211" pin=1"/></net>

<net id="221"><net_src comp="208" pin="1"/><net_sink comp="217" pin=0"/></net>

<net id="222"><net_src comp="48" pin="0"/><net_sink comp="217" pin=1"/></net>

<net id="227"><net_src comp="0" pin="0"/><net_sink comp="223" pin=0"/></net>

<net id="228"><net_src comp="88" pin="2"/><net_sink comp="223" pin=1"/></net>

<net id="232"><net_src comp="208" pin="1"/><net_sink comp="229" pin=0"/></net>

<net id="239"><net_src comp="50" pin="0"/><net_sink comp="233" pin=0"/></net>

<net id="240"><net_src comp="208" pin="1"/><net_sink comp="233" pin=1"/></net>

<net id="241"><net_src comp="52" pin="0"/><net_sink comp="233" pin=2"/></net>

<net id="242"><net_src comp="54" pin="0"/><net_sink comp="233" pin=3"/></net>

<net id="253"><net_src comp="229" pin="1"/><net_sink comp="243" pin=0"/></net>

<net id="254"><net_src comp="56" pin="0"/><net_sink comp="243" pin=1"/></net>

<net id="255"><net_src comp="58" pin="0"/><net_sink comp="243" pin=2"/></net>

<net id="256"><net_src comp="60" pin="0"/><net_sink comp="243" pin=3"/></net>

<net id="257"><net_src comp="62" pin="0"/><net_sink comp="243" pin=4"/></net>

<net id="258"><net_src comp="64" pin="0"/><net_sink comp="243" pin=5"/></net>

<net id="259"><net_src comp="66" pin="0"/><net_sink comp="243" pin=6"/></net>

<net id="260"><net_src comp="68" pin="0"/><net_sink comp="243" pin=7"/></net>

<net id="265"><net_src comp="217" pin="2"/><net_sink comp="261" pin=0"/></net>

<net id="269"><net_src comp="266" pin="1"/><net_sink comp="94" pin=2"/></net>

<net id="270"><net_src comp="266" pin="1"/><net_sink comp="101" pin=2"/></net>

<net id="271"><net_src comp="266" pin="1"/><net_sink comp="108" pin=2"/></net>

<net id="272"><net_src comp="266" pin="1"/><net_sink comp="115" pin=2"/></net>

<net id="273"><net_src comp="266" pin="1"/><net_sink comp="122" pin=2"/></net>

<net id="274"><net_src comp="266" pin="1"/><net_sink comp="129" pin=2"/></net>

<net id="275"><net_src comp="266" pin="1"/><net_sink comp="136" pin=2"/></net>

<net id="276"><net_src comp="266" pin="1"/><net_sink comp="143" pin=2"/></net>

<net id="280"><net_src comp="84" pin="1"/><net_sink comp="277" pin=0"/></net>

<net id="281"><net_src comp="277" pin="1"/><net_sink comp="203" pin=1"/></net>

<net id="282"><net_src comp="277" pin="1"/><net_sink comp="208" pin=0"/></net>

<net id="283"><net_src comp="277" pin="1"/><net_sink comp="261" pin=1"/></net>

<net id="287"><net_src comp="211" pin="2"/><net_sink comp="284" pin=0"/></net>

<net id="291"><net_src comp="223" pin="2"/><net_sink comp="288" pin=0"/></net>

<net id="292"><net_src comp="288" pin="1"/><net_sink comp="198" pin=1"/></net>

<net id="296"><net_src comp="229" pin="1"/><net_sink comp="293" pin=0"/></net>

<net id="300"><net_src comp="233" pin="4"/><net_sink comp="297" pin=0"/></net>

<net id="301"><net_src comp="297" pin="1"/><net_sink comp="266" pin=0"/></net>

<net id="305"><net_src comp="198" pin="2"/><net_sink comp="302" pin=0"/></net>

<net id="306"><net_src comp="302" pin="1"/><net_sink comp="150" pin=1"/></net>

<net id="307"><net_src comp="302" pin="1"/><net_sink comp="156" pin=1"/></net>

<net id="308"><net_src comp="302" pin="1"/><net_sink comp="162" pin=1"/></net>

<net id="309"><net_src comp="302" pin="1"/><net_sink comp="168" pin=1"/></net>

<net id="310"><net_src comp="302" pin="1"/><net_sink comp="174" pin=1"/></net>

<net id="311"><net_src comp="302" pin="1"/><net_sink comp="180" pin=1"/></net>

<net id="312"><net_src comp="302" pin="1"/><net_sink comp="186" pin=1"/></net>

<net id="313"><net_src comp="302" pin="1"/><net_sink comp="192" pin=1"/></net>

</net_list>

</model> 
---------------- Datapath Model END ------------------

* FSMD analyzer results:
  - Output states:
	Port: dense_ap_fixed_ap_fixed_ap_fixed_ap_fixed_8_5_5_3_0_temp_7 | {3 }
	Port: dense_ap_fixed_ap_fixed_ap_fixed_ap_fixed_8_5_5_3_0_temp_3 | {3 }
	Port: dense_ap_fixed_ap_fixed_ap_fixed_ap_fixed_8_5_5_3_0_temp_2 | {3 }
	Port: dense_ap_fixed_ap_fixed_ap_fixed_ap_fixed_8_5_5_3_0_temp_1 | {3 }
	Port: dense_ap_fixed_ap_fixed_ap_fixed_ap_fixed_8_5_5_3_0_temp | {3 }
	Port: dense_ap_fixed_ap_fixed_ap_fixed_ap_fixed_8_5_5_3_0_temp_6 | {3 }
	Port: dense_ap_fixed_ap_fixed_ap_fixed_ap_fixed_8_5_5_3_0_temp_5 | {3 }
	Port: dense_ap_fixed_ap_fixed_ap_fixed_ap_fixed_8_5_5_3_0_temp_4 | {3 }
 - Input state : 
	Port: top_Pipeline_LOAD_IN : gmem0 | {2 }
	Port: top_Pipeline_LOAD_IN : outputPool2 | {1 }
  - Chain level:
	State 1
		store_ln11 : 1
		i_1 : 1
		icmp_ln11 : 2
		add_ln11 : 2
		br_ln11 : 3
		trunc_ln11 : 2
		lshr_ln : 2
		switch_ln13 : 3
		store_ln11 : 3
	State 2
	State 3
		dense_ap_fixed_ap_fixed_ap_fixed_ap_fixed_8_5_5_3_0_temp_7_addr : 1
		dense_ap_fixed_ap_fixed_ap_fixed_ap_fixed_8_5_5_3_0_temp_3_addr : 1
		dense_ap_fixed_ap_fixed_ap_fixed_ap_fixed_8_5_5_3_0_temp_2_addr : 1
		dense_ap_fixed_ap_fixed_ap_fixed_ap_fixed_8_5_5_3_0_temp_1_addr : 1
		dense_ap_fixed_ap_fixed_ap_fixed_ap_fixed_8_5_5_3_0_temp_addr : 1
		dense_ap_fixed_ap_fixed_ap_fixed_ap_fixed_8_5_5_3_0_temp_6_addr : 1
		dense_ap_fixed_ap_fixed_ap_fixed_ap_fixed_8_5_5_3_0_temp_5_addr : 1
		dense_ap_fixed_ap_fixed_ap_fixed_ap_fixed_8_5_5_3_0_temp_4_addr : 1
		store_ln13 : 2
		store_ln13 : 2
		store_ln13 : 2
		store_ln13 : 2
		store_ln13 : 2
		store_ln13 : 2
		store_ln13 : 2
		store_ln13 : 2


============================================================
+ Verbose Summary: Datapath Resource usage 
============================================================

* Functional unit list:
|----------|-----------------------------|---------|---------|
| Operation|       Functional Unit       |    FF   |   LUT   |
|----------|-----------------------------|---------|---------|
|   icmp   |       icmp_ln11_fu_211      |    0    |    13   |
|----------|-----------------------------|---------|---------|
|    add   |       add_ln11_fu_217       |    0    |    13   |
|----------|-----------------------------|---------|---------|
|   read   | outputPool2_read_read_fu_88 |    0    |    0    |
|          | gmem0_addr_read_read_fu_198 |    0    |    0    |
|----------|-----------------------------|---------|---------|
|   trunc  |      trunc_ln11_fu_229      |    0    |    0    |
|----------|-----------------------------|---------|---------|
|partselect|        lshr_ln_fu_233       |    0    |    0    |
|----------|-----------------------------|---------|---------|
|  switch  |      switch_ln13_fu_243     |    0    |    0    |
|----------|-----------------------------|---------|---------|
|   zext   |       zext_ln11_fu_266      |    0    |    0    |
|----------|-----------------------------|---------|---------|
|   Total  |                             |    0    |    26   |
|----------|-----------------------------|---------|---------|

Memories:
N/A

* Register list:
+-----------------------+--------+
|                       |   FF   |
+-----------------------+--------+
|gmem0_addr_read_reg_302|    8   |
|   gmem0_addr_reg_288  |    8   |
|       i_reg_277       |   10   |
|   icmp_ln11_reg_284   |    1   |
|    lshr_ln_reg_297    |    7   |
|   trunc_ln11_reg_293  |    3   |
+-----------------------+--------+
|         Total         |   37   |
+-----------------------+--------+

* Multiplexer (MUX) list: 
|--------|------|------|------|--------|
|  Comp  |  Pin | Size |  BW  | S x BW |
|--------|------|------|------|--------|
|  Total |      |      |      |    0   |
|--------|------|------|------|--------|



* Summary:
+-----------+--------+--------+
|           |   FF   |   LUT  |
+-----------+--------+--------+
|  Function |    0   |   26   |
|   Memory  |    -   |    -   |
|Multiplexer|    -   |    -   |
|  Register |   37   |    -   |
+-----------+--------+--------+
|   Total   |   37   |   26   |
+-----------+--------+--------+
