# 
# Steps log generated by v++
# This log file contains a collection of steps that describe the kernel compilation flow
# Note: Some steps are tagged as internal, these steps are for debugging purposes and 
#       are not expected to be able to run independently.
# 

# The following environment variables are set when running vitis-run
Environment variables :
------------------------------------------
SHELL=/bin/bash
SESSION_MANAGER=local/universal-constructor:@/tmp/.ICE-unix/26439,unix/universal-constructor:/tmp/.ICE-unix/26439
QT_ACCESSIBILITY=1
XDG_CONFIG_DIRS=/etc/xdg/xdg-ubuntu:/etc/xdg
XDG_MENU_PREFIX=gnome-
RDI_APPROOT=/home/abdullah/Xilinx/2025.2/Vitis
RDI_JAVA_PLATFORM=
TK_LIBRARY=/home/abdullah/Xilinx/2025.2/Vitis/tps/tk/tk8.5
LANGUAGE=en_US:en
FREETYPE_PROPERTIES=truetype:interpreter-version=35
XIL_SUPPRESS_OVERRIDE_WARNINGS=1
RDI_BINROOT=/home/abdullah/Xilinx/2025.2/Vitis/bin
XILINX_VIVADO=/home/abdullah/Xilinx/2025.2/Vivado
JAVA_HOME=/home/abdullah/Xilinx/2025.2/Vitis/tps/lnx64/jre21.0.5_11/
GNOME_SHELL_SESSION_MODE=ubuntu
SSH_AUTH_SOCK=/run/user/1000/keyring/ssh
RDI_INSTALLVERSION=2025.2
RDI_OPT_EXT=.o
RDI_INSTALLVER=Vitis
RDI_INSTALLROOT=/home/abdullah/Xilinx
THEIA_DEFAULT_PLUGINS=local-dir:/home/abdullah/Xilinx/2025.2/Vitis/ide/electron-app/lnx64/resources/app/plugins
MEMORY_PRESSURE_WRITE=c29tZSAyMDAwMDAgMjAwMDAwMAA=
RDI_PATCHROOT=
XMODIFIERS=@im=ibus
DESKTOP_SESSION=ubuntu
GTK_MODULES=gail:atk-bridge
XIL_NO_OVERRIDE=0
RDI_LIBDIR=/home/abdullah/Xilinx/2025.2/Vitis/lib/lnx64.o/Ubuntu/24:/home/abdullah/Xilinx/2025.2/Vitis/lib/lnx64.o/Ubuntu:/home/abdullah/Xilinx/2025.2/Vitis/lib/lnx64.o
PWD=/home/abdullah/Desktop/CNN-on-FPGA/hls_component
LOGNAME=abdullah
XDG_SESSION_DESKTOP=ubuntu
THEIA_ELECTRON_VERSION=30.1.2
XDG_SESSION_TYPE=wayland
_RDI_DONT_SET_XILINX_AS_PATH=True
SYSTEMD_EXEC_PID=26479
VALIDATE_ARGS=False
XAUTHORITY=/run/user/1000/.mutter-Xwaylandauth.S69GL3
RDI_PREPEND_PATH=/home/abdullah/Xilinx/2025.2/Vitis/bin
XILINX_DSP=
GJS_DEBUG_TOPICS=JS ERROR;JS LOG
THEIA_PLUGINS=local-dir:/home/abdullah/.theia/plugins
HOME=/home/abdullah
USERNAME=abdullah
IM_CONFIG_PHASE=1
SYNTH_COMMON=/home/abdullah/Xilinx/2025.2/Vitis/scripts/rt/data
LANG=en_US.UTF-8
XDG_CURRENT_DESKTOP=Unity
MEMORY_PRESSURE_WATCH=/sys/fs/cgroup/user.slice/user-1000.slice/user@1000.service/session.slice/org.gnome.Shell@wayland.service/memory.pressure
WAYLAND_DISPLAY=wayland-0
XILINX_HLS=/home/abdullah/Xilinx/2025.2/Vitis
RDI_BUILD=yes
RDI_PROG=/home/abdullah/Xilinx/2025.2/Vitis/bin/unwrapped/lnx64.o/vitis-run
INVOCATION_ID=c8f0072354a048e7818e2e840f3cdc58
MANAGERPID=26209
RDI_SESSION_INFO=/home/abdullah:universal-constructor_1772889788_115769
VITIS_EMBEDDED_INSTALL=true
CHROME_DESKTOP=Vitis Unified IDE.desktop
RT_TCL_PATH=/home/abdullah/Xilinx/2025.2/Vitis/scripts/rt/base_tcl/tcl
XILINX_VITIS_GDB=/home/abdullah/Xilinx/2025.2/Vitis/lnx64/tools/gdb/gdb-15.2
GJS_DEBUG_OUTPUT=stderr
XILINX_SDK=/home/abdullah/Xilinx/2025.2/Vitis
GNOME_SETUP_DISPLAY=:1
RDI_SHARED_DATA=
VSCODE_API_VERSION=1.99.3
XDG_SESSION_CLASS=user
PYTHONPATH=/home/abdullah/Xilinx/2025.2/Vitis/cli/:/home/abdullah/Xilinx/2025.2/Vitis/cli/python-packages/site-packages:/home/abdullah/Xilinx/2025.2/Vitis/cli/proto:/home/abdullah/Xilinx/2025.2/Vitis/tps/lnx64/python-3.13.0/lib/python3.13/lib-dynload/:/home/abdullah/Xilinx/2025.2/Vitis/tps/lnx64/python-3.13.0/lib/python3.13/:/home/abdullah/Xilinx/2025.2/Vitis/scripts/python_pkg:/home/abdullah/Xilinx/2025.2/Vitis/cli/:/home/abdullah/Xilinx/2025.2/Vitis/cli/python-packages/site-packages:/home/abdullah/Xilinx/2025.2/Vitis/cli/python-packages/lnx64:/home/abdullah/Xilinx/2025.2/Vitis/cli/proto:/home/abdullah/Xilinx/2025.2/Vivado/tps/lnx64/python-3.13.0/lib/python3.13/lib-dynload/:/home/abdullah/Xilinx/2025.2/Vivado/tps/lnx64/python-3.13.0/lib/python3.13
PYTHONHOME=/home/abdullah/Xilinx/2025.2/Vitis/tps/lnx64/python-3.13.0/
VITIS_HLS_INSTALL=true
USER=abdullah
LIBRARY_PATH=/usr/lib/x86_64-linux-gnu:/usr/lib/x86_64-linux-gnu
XILINX_PLANAHEAD=/home/abdullah/Xilinx/2025.2/Vitis
PATCH_INFO=
RDI_BASEROOT=/home/abdullah/Xilinx/2025.2
LOPPER_DTC_FLAGS=-b 0 -@
CLUTTER_DISABLE_MIPMAPPED_TEXT=1
RDI_TPS_ROOT=/home/abdullah/Xilinx/2025.2/Vivado/tps/lnx64
RDI_JAVA_VERSION=11.0.16_1
IDE_SKIP_SERVER_LICENSE=1
RDI_DATADIR=:/home/abdullah/Xilinx/2025.2/data
THEIA_ELECTRON_TOKEN={"value":"76644676-ff0d-47df-bfe4-2b4246815d4e"}
DISPLAY=:0
SHLVL=3
GSM_SKIP_SSH_AGENT_WORKAROUND=true
RDI_USE_JDK11=1
QT_IM_MODULE=ibus
STM32CubeMX_PATH=/home/abdullah/STM32CubeMXexport
XIL_CHECK_TCL_DEBUG=False
SYSTEMPLATFORM=Ubuntu
LD_LIBRARY_PATH=/home/abdullah/Xilinx/2025.2/Vitis/tps/lnx64/java-cef-95.0.4638.69/bin/lib/linux64:/home/abdullah/Xilinx/2025.2/Vitis/tps/lnx64/javafx-sdk-11.0.2/lib:/home/abdullah/Xilinx/2025.2/Vitis/lib/lnx64.o/Ubuntu/24:/home/abdullah/Xilinx/2025.2/Vitis/lib/lnx64.o/Ubuntu:/home/abdullah/Xilinx/2025.2/Vitis/lib/lnx64.o:/home/abdullah/Xilinx/2025.2/Vitis/tps/lnx64/jre11.0.16_1/lib/:/home/abdullah/Xilinx/2025.2/Vitis/tps/lnx64/jre11.0.16_1/lib//server:/home/abdullah/Xilinx/2025.2/Vitis/lib/lnx64.o/Ubuntu/24:/home/abdullah/Xilinx/2025.2/Vitis/lib/lnx64.o/Ubuntu:/home/abdullah/Xilinx/2025.2/Vitis/lib/lnx64.o:/home/abdullah/Xilinx/2025.2/Vitis/tps/lnx64/cmake-3.24.2/libs/Ubuntu/24:/home/abdullah/Xilinx/2025.2/Vitis/tps/lnx64/cmake-3.24.2/libs/Ubuntu:/home/abdullah/Xilinx/2025.2/Vitis/tps/lnx64/cmake-3.24.2/libs:/home/abdullah/Xilinx/2025.2/Vitis/lib/lnx64.o/Ubuntu/24:/home/abdullah/Xilinx/2025.2/Vitis/lib/lnx64.o/Ubuntu:/home/abdullah/Xilinx/2025.2/Vitis/lib/lnx64.o:/home/abdullah/Xilinx/2025.2/Vitis/tps/lnx64/python-3.13.0/lib:/home/abdullah/Xilinx/2025.2/Vivado/tps/lnx64/cmake-3.24.2/libs/Ubuntu/24:/home/abdullah/Xilinx/2025.2/Vivado/tps/lnx64/cmake-3.24.2/libs/Ubuntu:/home/abdullah/Xilinx/2025.2/Vivado/tps/lnx64/cmake-3.24.2/libs:/home/abdullah/Xilinx/2025.2/Vitis/lib/lnx64.o:/home/abdullah/Xilinx/2025.2/Vitis/lib/lnx64.o/Ubuntu/24:/home/abdullah/Xilinx/2025.2/Vitis/lib/lnx64.o/Ubuntu:/home/abdullah/Xilinx/2025.2/Vitis/lib/lnx64.o:/home/abdullah/Xilinx/2025.2/Vivado/tps/lnx64/python-3.13.0/lib
HDIPRELDPATH=/home/abdullah/Xilinx/2025.2/Vitis/lib/lnx64.o/Ubuntu/24:/home/abdullah/Xilinx/2025.2/Vitis/lib/lnx64.o/Ubuntu:/home/abdullah/Xilinx/2025.2/Vitis/lib/lnx64.o:/home/abdullah/Xilinx/2025.2/Vitis/tps/lnx64/cmake-3.24.2/libs/Ubuntu/24:/home/abdullah/Xilinx/2025.2/Vitis/tps/lnx64/cmake-3.24.2/libs/Ubuntu:/home/abdullah/Xilinx/2025.2/Vitis/tps/lnx64/cmake-3.24.2/libs:/home/abdullah/Xilinx/2025.2/Vitis/lib/lnx64.o/Ubuntu/24:/home/abdullah/Xilinx/2025.2/Vitis/lib/lnx64.o/Ubuntu:/home/abdullah/Xilinx/2025.2/Vitis/lib/lnx64.o:/home/abdullah/Xilinx/2025.2/Vitis/tps/lnx64/python-3.13.0/lib:/home/abdullah/Xilinx/2025.2/Vivado/tps/lnx64/cmake-3.24.2/libs/Ubuntu/24:/home/abdullah/Xilinx/2025.2/Vivado/tps/lnx64/cmake-3.24.2/libs/Ubuntu:/home/abdullah/Xilinx/2025.2/Vivado/tps/lnx64/cmake-3.24.2/libs:/home/abdullah/Xilinx/2025.2/Vitis/lib/lnx64.o:/home/abdullah/Xilinx/2025.2/Vitis/lib/lnx64.o/Ubuntu/24:/home/abdullah/Xilinx/2025.2/Vitis/lib/lnx64.o/Ubuntu:/home/abdullah/Xilinx/2025.2/Vitis/lib/lnx64.o:/home/abdullah/Xilinx/2025.2/Vivado/tps/lnx64/python-3.13.0/lib
XDG_RUNTIME_DIR=/run/user/1000
TCMALLOC_LARGE_ALLOC_REPORT_THRESHOLD=4294967296
DEBUGINFOD_URLS=https://debuginfod.ubuntu.com 
TCL_LIBRARY=/home/abdullah/Xilinx/2025.2/Vitis/tps/tcl/tcl8.6
LC_ALL=en_US.UTF-8
JOURNAL_STREAM=9:105925
XILINX_VITIS_GIT=/home/abdullah/Xilinx/2025.2/Vivado/tps/lnx64/git-2.50.0/bin
XDG_DATA_DIRS=/usr/share/ubuntu:/usr/share/gnome:/usr/local/share/:/usr/share/:/var/lib/snapd/desktop
PATH=/home/abdullah/Xilinx/2025.2/Vivado/tps/lnx64/binutils-2.26/bin:/home/abdullah/Xilinx/2025.2/Vitis/bin/../gnu/aarch64/lin/aarch64-linux/bin:/home/abdullah/Xilinx/2025.2/Vitis/bin/../gnu/ppc64le/4.9.3/lnx64/bin:/home/abdullah/Xilinx/2025.2/Vitis/bin/../gnu/aarch32/lin/gcc-arm-linux-gnueabi/bin:/home/abdullah/Xilinx/2025.2/Vivado/tps/lnx64/gcc-8.3.0/bin:/home/abdullah/Xilinx/2025.2/Vivado/gnu/microblaze/lin/bin:/home/abdullah/Xilinx/2025.2/Vitis/bin:/home/abdullah/Xilinx/2025.2/Vitis/tps/lnx64/jre11.0.16_1/bin:/home/abdullah/Xilinx/2025.2/Vitis/gnu/microblaze/lin/bin:/home/abdullah/Xilinx/2025.2/Vitis/gnu/arm/lin/bin:/home/abdullah/Xilinx/2025.2/Vitis/gnu/microblaze/linux_toolchain/nt64_be/bin:/home/abdullah/Xilinx/2025.2/Vitis/gnu/microblaze/linux_toolchain/nt64_le/bin:/home/abdullah/Xilinx/2025.2/Vitis/gnu/aarch32/lin/gcc-arm-linux-gnueabi/bin:/home/abdullah/Xilinx/2025.2/Vitis/gnu/aarch32/lin/gcc-arm-none-eabi/bin:/home/abdullah/Xilinx/2025.2/Vitis/gnu/aarch64/lin/aarch64-linux/bin:/home/abdullah/Xilinx/2025.2/Vitis/gnu/aarch64/lin/aarch64-none/bin:/home/abdullah/Xilinx/2025.2/Vitis/gnu/armr5/lin/gcc-arm-none-eabi/bin:/home/abdullah/Xilinx/2025.2/Vitis/tps/lnx64/cmake-3.24.2/bin:/home/abdullah/Xilinx/2025.2/Vitis/lnx64/tools/clang/bin:/home/abdullah/Xilinx/2025.2/Vitis/tps/lnx64/python-3.13.0//bin:/home/abdullah/Xilinx/2025.2/Vitis/tps/lnx64/jre21.0.5_11//bin:/bin:/home/abdullah/Xilinx/2025.2/Vivado/bin:/home/abdullah/.npm-global/bin:/home/abdullah/.opam/5.2.0+ox/bin:/home/abdullah/.nvm/versions/node/v22.20.0/bin:/home/abdullah/Xilinx/2025.2/Vivado/tps/lnx64/git-2.50.0/bin:/home/abdullah/Xilinx/2025.2/Vitis/lnx64/tools/vcxx/libexec:/home/abdullah/Xilinx/2025.2/Vivado/tps/lnx64/cmake-3.24.2/bin:/home/abdullah/Xilinx/2025.2/Vivado/tps/lnx64/jre21.0.5_11/bin:/home/abdullah/Xilinx/2025.2/Vivado/tps/lnx64/python-3.13.0/bin:/home/abdullah/Xilinx/2025.2/Vitis/gnu/riscv/lin/bin:/home/abdullah/Xilinx/2025.2/Vitis/gnu/riscv/linux_toolchain/lin32/bin:/home/abdullah/Xilinx/2025.2/Vitis/gnu/riscv/linux_toolchain/lin64/bin:/home/abdullah/.juliaup/bin:/home/abdullah/.cargo/bin:/home/abdullah/.atuin/bin:/usr/local/sbin:/usr/local/bin:/usr/sbin:/usr/bin:/sbin:/usr/games:/usr/local/games:/snap/bin:/home/abdullah/Downloads/gcc-linaro-7.5.0-2019.12-x86_64_arm-linux-gnueabihf/bin
RT_LIBPATH=/home/abdullah/Xilinx/2025.2/Vitis/scripts/rt/data
GDMSESSION=ubuntu
ORIGINAL_XDG_CURRENT_DESKTOP=ubuntu:GNOME
HDI_APPROOT=/home/abdullah/Xilinx/2025.2/Vitis
DBUS_SESSION_BUS_ADDRESS=unix:path=/run/user/1000/bus
RDI_PLATFORM=lnx64
THEIA_APP_PROJECT_PATH=/home/abdullah/Xilinx/2025.2/Vitis/ide/electron-app/lnx64/resources/app
MYVIVADO=
BUILDINFO=SW Build 6295257 on 2025-11-13-01:29:14
ISL_IOSTREAMS_RSA=/home/abdullah/Xilinx/2025.2/Vitis/tps/isl
GIO_LAUNCHED_DESKTOP_FILE_PID=115769
GIO_LAUNCHED_DESKTOP_FILE=/home/abdullah/.local/share/applications/Vitis 2025.2_1766841618653.desktop
LC_NUMERIC=C
XILINX_VITIS=/home/abdullah/Xilinx/2025.2/Vitis
OLDPWD=/home/abdullah/Xilinx/2025.2/Vitis/bin
XILINX_VCXX=/home/abdullah/Xilinx/2025.2/Vitis/lnx64/tools/vcxx
_=/home/abdullah/Xilinx/2025.2/Vitis/bin/unwrapped/lnx64.o/vitis-run
XILINX_CD_CONNECT_ID=41037
XILINX_CD_SESSION=891a85d5-2af7-4c31-bd88-faf7acc23ca3


VITIS-RUN command line:
------------------------------------------
/home/abdullah/Xilinx/2025.2/Vitis/bin/unwrapped/lnx64.o/vitis-run --mode hls --csim --config /home/abdullah/Desktop/CNN-on-FPGA/hls_component/hls_config.cfg --work_dir top 

FINAL PROGRAM OPTIONS
--config /home/abdullah/Desktop/CNN-on-FPGA/hls_component/hls_config.cfg
--csim
--hls.clock 100MHz
--hls.clock_uncertainty 12.5%
--hls.flow_target vivado
--hls.package.output.format ip_catalog
--hls.package.output.syn false
--hls.syn.file ../src/dense.h
--hls.syn.file ../src/conv.h
--hls.syn.file ../src/pool.h
--hls.syn.file ../src/labels.h
--hls.syn.file ../src/mnist_dataset.h
--hls.syn.file ../src/fc1_weight.h
--hls.syn.file ../src/fc1_bias.h
--hls.syn.file ../src/conv2_weight.h
--hls.syn.file ../src/conv2_bias.h
--hls.syn.file ../src/conv1_weight.h
--hls.syn.file ../src/conv1_bias.h
--hls.syn.file ../src/conv.cpp
--hls.syn.file ../src/dense.cpp
--hls.syn.file ../src/eight.cpp
--hls.syn.file ../src/pool.cpp
--hls.syn.top top
--hls.tb.file ../src/testbench.cpp
--mode hls
--part xc7z020clg484-1
--work_dir top

PARSED COMMAND LINE OPTIONS
--mode hls 
--csim 
--config /home/abdullah/Desktop/CNN-on-FPGA/hls_component/hls_config.cfg 
--work_dir top 

PARSED CONFIG FILE (1) OPTIONS
file: /home/abdullah/Desktop/CNN-on-FPGA/hls_component/hls_config.cfg
part xc7z020clg484-1 
hls.flow_target vivado 
hls.package.output.format ip_catalog 
hls.package.output.syn false 
hls.syn.top top 
hls.syn.file ../src/dense.h 
hls.syn.file ../src/conv.h 
hls.syn.file ../src/pool.h 
hls.syn.file ../src/labels.h 
hls.syn.file ../src/mnist_dataset.h 
hls.syn.file ../src/fc1_weight.h 
hls.syn.file ../src/fc1_bias.h 
hls.syn.file ../src/conv2_weight.h 
hls.syn.file ../src/conv2_bias.h 
hls.syn.file ../src/conv1_weight.h 
hls.syn.file ../src/conv1_bias.h 
hls.syn.file ../src/conv.cpp 
hls.syn.file ../src/dense.cpp 
hls.syn.file ../src/eight.cpp 
hls.syn.file ../src/pool.cpp 
hls.tb.file ../src/testbench.cpp 
hls.clock 100MHz 
hls.clock_uncertainty 12.5% 


==========================================
new:  steps log generated by v++ for new launch 
timestamp: 07 Mar 2026 18:27:23

------------------------------------------
V++ command line :
------------------------------------------
/home/abdullah/Xilinx/2025.2/Vitis/bin/unwrapped/lnx64.o/v++ -c --mode hls --config /home/abdullah/Desktop/CNN-on-FPGA/hls_component/hls_config.cfg --work_dir top 
  Options from -O    : 
  Options from *.ini : 
  Options from Hw Platform : 

==========================================
new:  steps log generated by v++ for new launch 
timestamp: 07 Mar 2026 18:27:50

------------------------------------------
VITIS-RUN command line :
------------------------------------------
/home/abdullah/Xilinx/2025.2/Vitis/bin/unwrapped/lnx64.o/vitis-run --mode hls --cosim --config /home/abdullah/Desktop/CNN-on-FPGA/hls_component/hls_config.cfg --work_dir top 
  Options from -O    : 
  Options from *.ini : 
  Options from Hw Platform : 

==========================================
new:  steps log generated by v++ for new launch 
timestamp: 07 Mar 2026 18:28:42

------------------------------------------
VITIS-RUN command line :
------------------------------------------
/home/abdullah/Xilinx/2025.2/Vitis/bin/unwrapped/lnx64.o/vitis-run --mode hls --package --config /home/abdullah/Desktop/CNN-on-FPGA/hls_component/hls_config.cfg --work_dir top 
  Options from -O    : 
  Options from *.ini : 
  Options from Hw Platform : 

==========================================
new:  steps log generated by v++ for new launch 
timestamp: 07 Mar 2026 19:15:49

------------------------------------------
VITIS-RUN command line :
------------------------------------------
/home/abdullah/Xilinx/2025.2/Vitis/bin/unwrapped/lnx64.o/vitis-run --mode hls --impl --config /home/abdullah/Desktop/CNN-on-FPGA/hls_component/hls_config.cfg --work_dir top 
  Options from -O    : 
  Options from *.ini : 
  Options from Hw Platform : 

==========================================
new:  steps log generated by v++ for new launch 
timestamp: 07 Mar 2026 19:16:31
