Sat Mar  7 18:27:21 2026: Running xcd server. This server was built by gradle.
Sat Mar  7 18:27:21 2026: Server was asked to start on port: '41037'
Sat Mar  7 18:27:21 2026: Server is using token UUID: 'c151f636-ebe3-4095-95d4-8f08c0407d7f'
Sat Mar  7 18:27:21 2026: SESSION_MGR: creating session with session uuid: '6d04a3e9-ade5-4ab9-8d63-1f78fcd2ec76' and name 'default'
Sat Mar  7 18:27:21 2026: Attempting to start server on port '41037'
Sat Mar  7 18:27:21 2026: XCD main fifo: created main fifo '/tmp/xcdmainc151f636-ebe3-4095-95d4-8f08c0407d7f', fd read = 13
Sat Mar  7 18:27:21 2026: Running Dispatch Server
Sat Mar  7 18:27:21 2026: Version 2.2.0
Sat Mar  7 18:27:23 2026: Dispatch Server: Accepted socket connection from client
Sat Mar  7 18:27:23 2026: Starting Socket connection
Sat Mar  7 18:27:23 2026: EXCHANGE_TOKEN received, server token: c151f636-ebe3-4095-95d4-8f08c0407d7f, passed token: c151f636-ebe3-4095-95d4-8f08c0407d7f
Sat Mar  7 18:27:23 2026: DISPATCH_HANDLER: Adding handler from function makeHandler in library libxv_system_diagram
Sat Mar  7 18:27:23 2026: SESSION_MGR: creating session with session uuid: '891a85d5-2af7-4c31-bd88-faf7acc23ca3' and name 'vitis-run_compile_top'
Sat Mar  7 18:27:23 2026: KERNEL_SVC: creating session with uuid: '891a85d5-2af7-4c31-bd88-faf7acc23ca3' and name 'vitis-run_compile_top'
Sat Mar  7 18:27:23 2026: GUIDANCE_SMGR: creating guidance session with uuid: '891a85d5-2af7-4c31-bd88-faf7acc23ca3' and name 'vitis-run_compile_top'
Sat Mar  7 18:27:23 2026: SYSTEM_DIAGRAM: creating session with uuid: '891a85d5-2af7-4c31-bd88-faf7acc23ca3' and name 'vitis-run_compile_top'
Sat Mar  7 18:27:24 2026: Dispatch Server: Accepted socket connection from client
Sat Mar  7 18:27:24 2026: Starting Socket connection
Sat Mar  7 18:27:35 2026: SESSION_MGR: closing session for UUID '891a85d5-2af7-4c31-bd88-faf7acc23ca3' with name 'vitis-run_compile_top'
Sat Mar  7 18:27:35 2026: KERNEL_SVC: closing session for UUID '891a85d5-2af7-4c31-bd88-faf7acc23ca3' with name 'vitis-run_compile_top'
Sat Mar  7 18:27:35 2026: GUIDANCE_SMGR: closing session for UUID '891a85d5-2af7-4c31-bd88-faf7acc23ca3' with name 'vitis-run_compile_top'
Sat Mar  7 18:27:35 2026: SYSTEM_DIAGRAM: closing session for UUID '891a85d5-2af7-4c31-bd88-faf7acc23ca3' with name 'vitis-run_compile_top'
Sat Mar  7 18:27:35 2026: STOP_SERVER received, server token: c151f636-ebe3-4095-95d4-8f08c0407d7f, passed token: c151f636-ebe3-4095-95d4-8f08c0407d7f
Sat Mar  7 18:27:35 2026: Socket received request to stop server.
Sat Mar  7 18:27:35 2026: Dispatch Server: do_await_stop
Sat Mar  7 18:27:35 2026: Dispatch Server: stopping mainFifo_
Sat Mar  7 18:27:35 2026: XCD main fifo: Stopping
Sat Mar  7 18:27:35 2026: XCD main fifo: do_read error code: Operation canceled
Sat Mar  7 18:27:35 2026: XCD main fifo: bytes_transferred: 0
Sat Mar  7 18:27:35 2026: SERVER: destructor for server bound to port 41037
Sat Mar  7 18:27:35 2026: XCD main fifo: Good unlink of /tmp/xcdmainc151f636-ebe3-4095-95d4-8f08c0407d7f
Sat Mar  7 18:27:35 2026: Server exiting with status 0.
Sat Mar  7 18:27:35 2026: Closing log file.
Sat Mar  7 18:27:49 2026: Running xcd server. This server was built by gradle.
Sat Mar  7 18:27:49 2026: Server was asked to start on port: '33089'
Sat Mar  7 18:27:49 2026: Server is using token UUID: '15e570e0-6c42-4ff6-b4c5-0f7e5cab4c28'
Sat Mar  7 18:27:49 2026: SESSION_MGR: creating session with session uuid: '6d04a3e9-ade5-4ab9-8d63-1f78fcd2ec76' and name 'default'
Sat Mar  7 18:27:49 2026: Attempting to start server on port '33089'
Sat Mar  7 18:27:49 2026: XCD main fifo: created main fifo '/tmp/xcdmain15e570e0-6c42-4ff6-b4c5-0f7e5cab4c28', fd read = 13
Sat Mar  7 18:27:49 2026: Running Dispatch Server
Sat Mar  7 18:27:49 2026: Version 2.2.0
Sat Mar  7 18:27:50 2026: Dispatch Server: Accepted socket connection from client
Sat Mar  7 18:27:50 2026: Starting Socket connection
Sat Mar  7 18:27:50 2026: EXCHANGE_TOKEN received, server token: 15e570e0-6c42-4ff6-b4c5-0f7e5cab4c28, passed token: 15e570e0-6c42-4ff6-b4c5-0f7e5cab4c28
Sat Mar  7 18:27:50 2026: DISPATCH_HANDLER: Adding handler from function makeHandler in library libxv_system_diagram
Sat Mar  7 18:27:50 2026: SESSION_MGR: creating session with session uuid: '8195c84b-fff3-4842-be44-4859f2382906' and name 'v++_compile_top'
Sat Mar  7 18:27:50 2026: KERNEL_SVC: creating session with uuid: '8195c84b-fff3-4842-be44-4859f2382906' and name 'v++_compile_top'
Sat Mar  7 18:27:50 2026: GUIDANCE_SMGR: creating guidance session with uuid: '8195c84b-fff3-4842-be44-4859f2382906' and name 'v++_compile_top'
Sat Mar  7 18:27:50 2026: SYSTEM_DIAGRAM: creating session with uuid: '8195c84b-fff3-4842-be44-4859f2382906' and name 'v++_compile_top'
Sat Mar  7 18:27:52 2026: Dispatch Server: Accepted socket connection from client
Sat Mar  7 18:27:52 2026: Starting Socket connection
Sat Mar  7 18:28:24 2026: SESSION_MGR: closing session for UUID '8195c84b-fff3-4842-be44-4859f2382906' with name 'v++_compile_top'
Sat Mar  7 18:28:24 2026: KERNEL_SVC: closing session for UUID '8195c84b-fff3-4842-be44-4859f2382906' with name 'v++_compile_top'
Sat Mar  7 18:28:24 2026: GUIDANCE_SMGR: closing session for UUID '8195c84b-fff3-4842-be44-4859f2382906' with name 'v++_compile_top'
Sat Mar  7 18:28:24 2026: SYSTEM_DIAGRAM: closing session for UUID '8195c84b-fff3-4842-be44-4859f2382906' with name 'v++_compile_top'
Sat Mar  7 18:28:24 2026: STOP_SERVER received, server token: 15e570e0-6c42-4ff6-b4c5-0f7e5cab4c28, passed token: 15e570e0-6c42-4ff6-b4c5-0f7e5cab4c28
Sat Mar  7 18:28:24 2026: Socket received request to stop server.
Sat Mar  7 18:28:24 2026: Dispatch Server: do_await_stop
Sat Mar  7 18:28:24 2026: Dispatch Server: stopping mainFifo_
Sat Mar  7 18:28:24 2026: XCD main fifo: Stopping
Sat Mar  7 18:28:24 2026: XCD main fifo: do_read error code: Operation canceled
Sat Mar  7 18:28:24 2026: XCD main fifo: bytes_transferred: 0
Sat Mar  7 18:28:24 2026: SERVER: destructor for server bound to port 33089
Sat Mar  7 18:28:24 2026: XCD main fifo: Good unlink of /tmp/xcdmain15e570e0-6c42-4ff6-b4c5-0f7e5cab4c28
Sat Mar  7 18:28:24 2026: Server exiting with status 0.
Sat Mar  7 18:28:24 2026: Closing log file.
Sat Mar  7 18:28:40 2026: Running xcd server. This server was built by gradle.
Sat Mar  7 18:28:40 2026: Server was asked to start on port: '33881'
Sat Mar  7 18:28:40 2026: Server is using token UUID: 'c2d3661c-ae9d-4cac-bc21-029dffdd2077'
Sat Mar  7 18:28:40 2026: SESSION_MGR: creating session with session uuid: '6d04a3e9-ade5-4ab9-8d63-1f78fcd2ec76' and name 'default'
Sat Mar  7 18:28:40 2026: Attempting to start server on port '33881'
Sat Mar  7 18:28:40 2026: XCD main fifo: created main fifo '/tmp/xcdmainc2d3661c-ae9d-4cac-bc21-029dffdd2077', fd read = 13
Sat Mar  7 18:28:40 2026: Running Dispatch Server
Sat Mar  7 18:28:40 2026: Version 2.2.0
Sat Mar  7 18:28:42 2026: Dispatch Server: Accepted socket connection from client
Sat Mar  7 18:28:42 2026: Starting Socket connection
Sat Mar  7 18:28:42 2026: EXCHANGE_TOKEN received, server token: c2d3661c-ae9d-4cac-bc21-029dffdd2077, passed token: c2d3661c-ae9d-4cac-bc21-029dffdd2077
Sat Mar  7 18:28:42 2026: DISPATCH_HANDLER: Adding handler from function makeHandler in library libxv_system_diagram
Sat Mar  7 18:28:42 2026: SESSION_MGR: creating session with session uuid: '64616c9b-ec8a-497f-b635-7088c9d16f68' and name 'vitis-run_compile_top'
Sat Mar  7 18:28:42 2026: KERNEL_SVC: creating session with uuid: '64616c9b-ec8a-497f-b635-7088c9d16f68' and name 'vitis-run_compile_top'
Sat Mar  7 18:28:42 2026: GUIDANCE_SMGR: creating guidance session with uuid: '64616c9b-ec8a-497f-b635-7088c9d16f68' and name 'vitis-run_compile_top'
Sat Mar  7 18:28:42 2026: SYSTEM_DIAGRAM: creating session with uuid: '64616c9b-ec8a-497f-b635-7088c9d16f68' and name 'vitis-run_compile_top'
Sat Mar  7 18:28:44 2026: Dispatch Server: Accepted socket connection from client
Sat Mar  7 18:28:44 2026: Starting Socket connection
Sat Mar  7 18:34:42 2026: SESSION_MGR: closing session for UUID '64616c9b-ec8a-497f-b635-7088c9d16f68' with name 'vitis-run_compile_top'
Sat Mar  7 18:34:42 2026: KERNEL_SVC: closing session for UUID '64616c9b-ec8a-497f-b635-7088c9d16f68' with name 'vitis-run_compile_top'
Sat Mar  7 18:34:42 2026: GUIDANCE_SMGR: closing session for UUID '64616c9b-ec8a-497f-b635-7088c9d16f68' with name 'vitis-run_compile_top'
Sat Mar  7 18:34:42 2026: SYSTEM_DIAGRAM: closing session for UUID '64616c9b-ec8a-497f-b635-7088c9d16f68' with name 'vitis-run_compile_top'
Sat Mar  7 18:34:42 2026: STOP_SERVER received, server token: c2d3661c-ae9d-4cac-bc21-029dffdd2077, passed token: c2d3661c-ae9d-4cac-bc21-029dffdd2077
Sat Mar  7 18:34:42 2026: Socket received request to stop server.
Sat Mar  7 18:34:42 2026: Dispatch Server: do_await_stop
Sat Mar  7 18:34:42 2026: Dispatch Server: stopping mainFifo_
Sat Mar  7 18:34:42 2026: XCD main fifo: Stopping
Sat Mar  7 18:34:42 2026: XCD main fifo: do_read error code: Operation canceled
Sat Mar  7 18:34:42 2026: XCD main fifo: bytes_transferred: 0
Sat Mar  7 18:34:42 2026: SERVER: destructor for server bound to port 33881
Sat Mar  7 18:34:42 2026: XCD main fifo: Good unlink of /tmp/xcdmainc2d3661c-ae9d-4cac-bc21-029dffdd2077
Sat Mar  7 18:34:42 2026: Server exiting with status 0.
Sat Mar  7 18:34:42 2026: Closing log file.
Sat Mar  7 19:15:47 2026: Running xcd server. This server was built by gradle.
Sat Mar  7 19:15:47 2026: Server was asked to start on port: '42085'
Sat Mar  7 19:15:47 2026: Server is using token UUID: 'e2d5d3ce-cc5b-428e-8d44-7b0458fb435f'
Sat Mar  7 19:15:47 2026: SESSION_MGR: creating session with session uuid: '6d04a3e9-ade5-4ab9-8d63-1f78fcd2ec76' and name 'default'
Sat Mar  7 19:15:47 2026: Attempting to start server on port '42085'
Sat Mar  7 19:15:47 2026: XCD main fifo: created main fifo '/tmp/xcdmaine2d5d3ce-cc5b-428e-8d44-7b0458fb435f', fd read = 13
Sat Mar  7 19:15:47 2026: Running Dispatch Server
Sat Mar  7 19:15:47 2026: Version 2.2.0
Sat Mar  7 19:15:49 2026: Dispatch Server: Accepted socket connection from client
Sat Mar  7 19:15:49 2026: Starting Socket connection
Sat Mar  7 19:15:49 2026: EXCHANGE_TOKEN received, server token: e2d5d3ce-cc5b-428e-8d44-7b0458fb435f, passed token: e2d5d3ce-cc5b-428e-8d44-7b0458fb435f
Sat Mar  7 19:15:49 2026: DISPATCH_HANDLER: Adding handler from function makeHandler in library libxv_system_diagram
Sat Mar  7 19:15:49 2026: SESSION_MGR: creating session with session uuid: '9cd73745-797b-4437-9953-a2cdb1fc07c7' and name 'vitis-run_compile_top'
Sat Mar  7 19:15:49 2026: KERNEL_SVC: creating session with uuid: '9cd73745-797b-4437-9953-a2cdb1fc07c7' and name 'vitis-run_compile_top'
Sat Mar  7 19:15:49 2026: GUIDANCE_SMGR: creating guidance session with uuid: '9cd73745-797b-4437-9953-a2cdb1fc07c7' and name 'vitis-run_compile_top'
Sat Mar  7 19:15:49 2026: SYSTEM_DIAGRAM: creating session with uuid: '9cd73745-797b-4437-9953-a2cdb1fc07c7' and name 'vitis-run_compile_top'
Sat Mar  7 19:15:51 2026: Dispatch Server: Accepted socket connection from client
Sat Mar  7 19:15:51 2026: Starting Socket connection
Sat Mar  7 19:15:56 2026: SESSION_MGR: closing session for UUID '9cd73745-797b-4437-9953-a2cdb1fc07c7' with name 'vitis-run_compile_top'
Sat Mar  7 19:15:56 2026: KERNEL_SVC: closing session for UUID '9cd73745-797b-4437-9953-a2cdb1fc07c7' with name 'vitis-run_compile_top'
Sat Mar  7 19:15:56 2026: GUIDANCE_SMGR: closing session for UUID '9cd73745-797b-4437-9953-a2cdb1fc07c7' with name 'vitis-run_compile_top'
Sat Mar  7 19:15:56 2026: SYSTEM_DIAGRAM: closing session for UUID '9cd73745-797b-4437-9953-a2cdb1fc07c7' with name 'vitis-run_compile_top'
Sat Mar  7 19:15:56 2026: STOP_SERVER received, server token: e2d5d3ce-cc5b-428e-8d44-7b0458fb435f, passed token: e2d5d3ce-cc5b-428e-8d44-7b0458fb435f
Sat Mar  7 19:15:56 2026: Socket received request to stop server.
Sat Mar  7 19:15:56 2026: Dispatch Server: do_await_stop
Sat Mar  7 19:15:56 2026: Dispatch Server: stopping mainFifo_
Sat Mar  7 19:15:56 2026: XCD main fifo: Stopping
Sat Mar  7 19:15:56 2026: XCD main fifo: do_read error code: Operation canceled
Sat Mar  7 19:15:56 2026: XCD main fifo: bytes_transferred: 0
Sat Mar  7 19:15:56 2026: SERVER: destructor for server bound to port 42085
Sat Mar  7 19:15:56 2026: XCD main fifo: Good unlink of /tmp/xcdmaine2d5d3ce-cc5b-428e-8d44-7b0458fb435f
Sat Mar  7 19:15:56 2026: Server exiting with status 0.
Sat Mar  7 19:15:56 2026: Closing log file.
Sat Mar  7 19:16:29 2026: Running xcd server. This server was built by gradle.
Sat Mar  7 19:16:29 2026: Server was asked to start on port: '44315'
Sat Mar  7 19:16:29 2026: Server is using token UUID: 'a1fa59ec-2ba9-4294-9ec4-638d08d875ad'
Sat Mar  7 19:16:29 2026: SESSION_MGR: creating session with session uuid: '6d04a3e9-ade5-4ab9-8d63-1f78fcd2ec76' and name 'default'
Sat Mar  7 19:16:29 2026: Attempting to start server on port '44315'
Sat Mar  7 19:16:29 2026: XCD main fifo: created main fifo '/tmp/xcdmaina1fa59ec-2ba9-4294-9ec4-638d08d875ad', fd read = 13
Sat Mar  7 19:16:29 2026: Running Dispatch Server
Sat Mar  7 19:16:29 2026: Version 2.2.0
Sat Mar  7 19:16:31 2026: Dispatch Server: Accepted socket connection from client
Sat Mar  7 19:16:31 2026: Starting Socket connection
Sat Mar  7 19:16:31 2026: EXCHANGE_TOKEN received, server token: a1fa59ec-2ba9-4294-9ec4-638d08d875ad, passed token: a1fa59ec-2ba9-4294-9ec4-638d08d875ad
Sat Mar  7 19:16:31 2026: DISPATCH_HANDLER: Adding handler from function makeHandler in library libxv_system_diagram
Sat Mar  7 19:16:31 2026: SESSION_MGR: creating session with session uuid: '4c06d5bb-dd22-40d7-85a1-e98a203a3cdd' and name 'vitis-run_compile_top'
Sat Mar  7 19:16:31 2026: KERNEL_SVC: creating session with uuid: '4c06d5bb-dd22-40d7-85a1-e98a203a3cdd' and name 'vitis-run_compile_top'
Sat Mar  7 19:16:31 2026: GUIDANCE_SMGR: creating guidance session with uuid: '4c06d5bb-dd22-40d7-85a1-e98a203a3cdd' and name 'vitis-run_compile_top'
Sat Mar  7 19:16:31 2026: SYSTEM_DIAGRAM: creating session with uuid: '4c06d5bb-dd22-40d7-85a1-e98a203a3cdd' and name 'vitis-run_compile_top'
Sat Mar  7 19:16:33 2026: Dispatch Server: Accepted socket connection from client
Sat Mar  7 19:16:33 2026: Starting Socket connection
Sat Mar  7 19:16:48 2026: Dispatch Server: Accepted socket connection from client
Sat Mar  7 19:16:48 2026: Starting Socket connection
Sat Mar  7 19:17:57 2026: Dispatch Server: Accepted socket connection from client
Sat Mar  7 19:17:57 2026: Starting Socket connection
Sat Mar  7 19:18:37 2026: Dispatch Server: Accepted socket connection from client
Sat Mar  7 19:18:37 2026: Starting Socket connection
Sat Mar  7 19:19:50 2026: SESSION_MGR: closing session for UUID '4c06d5bb-dd22-40d7-85a1-e98a203a3cdd' with name 'vitis-run_compile_top'
Sat Mar  7 19:19:50 2026: KERNEL_SVC: closing session for UUID '4c06d5bb-dd22-40d7-85a1-e98a203a3cdd' with name 'vitis-run_compile_top'
Sat Mar  7 19:19:50 2026: GUIDANCE_SMGR: closing session for UUID '4c06d5bb-dd22-40d7-85a1-e98a203a3cdd' with name 'vitis-run_compile_top'
Sat Mar  7 19:19:50 2026: SYSTEM_DIAGRAM: closing session for UUID '4c06d5bb-dd22-40d7-85a1-e98a203a3cdd' with name 'vitis-run_compile_top'
Sat Mar  7 19:19:50 2026: STOP_SERVER received, server token: a1fa59ec-2ba9-4294-9ec4-638d08d875ad, passed token: a1fa59ec-2ba9-4294-9ec4-638d08d875ad
Sat Mar  7 19:19:50 2026: Socket received request to stop server.
Sat Mar  7 19:19:50 2026: Dispatch Server: do_await_stop
Sat Mar  7 19:19:50 2026: Dispatch Server: stopping mainFifo_
Sat Mar  7 19:19:50 2026: XCD main fifo: Stopping
Sat Mar  7 19:19:50 2026: XCD main fifo: do_read error code: Operation canceled
Sat Mar  7 19:19:50 2026: XCD main fifo: bytes_transferred: 0
Sat Mar  7 19:19:50 2026: SERVER: destructor for server bound to port 44315
Sat Mar  7 19:19:50 2026: XCD main fifo: Good unlink of /tmp/xcdmaina1fa59ec-2ba9-4294-9ec4-638d08d875ad
Sat Mar  7 19:19:50 2026: Server exiting with status 0.
Sat Mar  7 19:19:50 2026: Closing log file.
