

================================================================
== Vitis HLS Report for 'conv2_Pipeline_LOAD_B'
================================================================
* Date:           Sat Mar  7 18:28:22 2026

* Version:        2025.2 (Build 6295257 on Nov 14 2025)
* Project:        top
* Solution:       hls (Vivado IP Flow Target)
* Product family: zynq
* Target device:  xc7z020-clg484-1


================================================================
== Performance Estimates
================================================================
+ Timing: 
    * Summary: 
    +--------+----------+----------+------------+
    |  Clock |  Target  | Estimated| Uncertainty|
    +--------+----------+----------+------------+
    |ap_clk  |  10.00 ns|  8.750 ns|     1.25 ns|
    +--------+----------+----------+------------+

+ Latency: 
    * Summary: 
    +---------+---------+----------+----------+-----+-----+-------------------+
    |  Latency (cycles) |  Latency (absolute) |  Interval |      Pipeline     |
    |   min   |   max   |    min   |    max   | min | max |        Type       |
    +---------+---------+----------+----------+-----+-----+-------------------+
    |       18|       18|  0.180 us|  0.180 us|    0|    0|  loop pipeline stp|
    +---------+---------+----------+----------+-----+-----+-------------------+

    + Detail: 
        * Instance: 
        N/A

        * Loop: 
        +----------+---------+---------+----------+-----------+-----------+------+----------+
        |          |  Latency (cycles) | Iteration|  Initiation Interval  | Trip |          |
        | Loop Name|   min   |   max   |  Latency |  achieved |   target  | Count| Pipelined|
        +----------+---------+---------+----------+-----------+-----------+------+----------+
        |- LOAD_B  |       16|       16|         2|          1|          1|    16|       yes|
        +----------+---------+---------+----------+-----------+-----------+------+----------+



================================================================
== Utilization Estimates
================================================================
* Summary: 
+-----------------+---------+-----+--------+-------+-----+
|       Name      | BRAM_18K| DSP |   FF   |  LUT  | URAM|
+-----------------+---------+-----+--------+-------+-----+
|DSP              |        -|    -|       -|      -|    -|
|Expression       |        -|    -|       0|     31|    -|
|FIFO             |        -|    -|       -|      -|    -|
|Instance         |        -|    -|       -|      -|    -|
|Memory           |        -|    -|       -|      -|    -|
|Multiplexer      |        -|    -|       0|     45|    -|
|Register         |        -|    -|      12|      -|    -|
+-----------------+---------+-----+--------+-------+-----+
|Total            |        0|    0|      12|     76|    0|
+-----------------+---------+-----+--------+-------+-----+
|Available        |      280|  220|  106400|  53200|    0|
+-----------------+---------+-----+--------+-------+-----+
|Utilization (%)  |        0|    0|      ~0|     ~0|    0|
+-----------------+---------+-----+--------+-------+-----+

+ Detail: 
    * Instance: 
    N/A

    * DSP: 
    N/A

    * Memory: 
    N/A

    * FIFO: 
    N/A

    * Expression: 
    +---------------------------+----------+----+---+----+------------+------------+
    |       Variable Name       | Operation| DSP| FF| LUT| Bitwidth P0| Bitwidth P1|
    +---------------------------+----------+----+---+----+------------+------------+
    |add_ln74_fu_141_p2         |         +|   0|  0|  13|           5|           1|
    |ap_block_pp0_stage0_11001  |       and|   0|  0|   2|           1|           1|
    |icmp_ln74_fu_135_p2        |      icmp|   0|  0|  14|           5|           6|
    |ap_enable_pp0              |       xor|   0|  0|   2|           1|           2|
    +---------------------------+----------+----+---+----+------------+------------+
    |Total                      |          |   0|  0|  31|          12|          10|
    +---------------------------+----------+----+---+----+------------+------------+

    * Multiplexer: 
    +-------------------------+----+-----------+-----+-----------+
    |           Name          | LUT| Input Size| Bits| Total Bits|
    +-------------------------+----+-----------+-----+-----------+
    |ap_done_int              |   9|          2|    1|          2|
    |ap_enable_reg_pp0_iter1  |   9|          2|    1|          2|
    |ap_sig_allocacmp_i       |   9|          2|    5|         10|
    |gmem1_blk_n_R            |   9|          2|    1|          2|
    |i_3_fu_112               |   9|          2|    5|         10|
    +-------------------------+----+-----------+-----+-----------+
    |Total                    |  45|         10|   13|         26|
    +-------------------------+----+-----------+-----+-----------+

    * Register: 
    +-------------------------+---+----+-----+-----------+
    |           Name          | FF| LUT| Bits| Const Bits|
    +-------------------------+---+----+-----+-----------+
    |ap_CS_fsm                |  1|   0|    1|          0|
    |ap_done_reg              |  1|   0|    1|          0|
    |ap_enable_reg_pp0_iter1  |  1|   0|    1|          0|
    |i_3_fu_112               |  5|   0|    5|          0|
    |trunc_ln74_reg_307       |  4|   0|    4|          0|
    +-------------------------+---+----+-----+-----------+
    |Total                    | 12|   0|   12|          0|
    +-------------------------+---+----+-----+-----------+



================================================================
== Interface
================================================================
* Summary: 
+-----------------------------------------------------------------------------------------------------------------------------------------------------------------------------------------+-----+-----+------------+----------------------------------------------------------------------------------------------------------------------------------------------------------------------------------+--------------+
|                                                                                        RTL Ports                                                                                        | Dir | Bits|  Protocol  |                                                                                   Source Object                                                                                  |    C Type    |
+-----------------------------------------------------------------------------------------------------------------------------------------------------------------------------------------+-----+-----+------------+----------------------------------------------------------------------------------------------------------------------------------------------------------------------------------+--------------+
|ap_clk                                                                                                                                                                                   |   in|    1|  ap_ctrl_hs|                                                                                                                                                             conv2_Pipeline_LOAD_B|  return value|
|ap_rst                                                                                                                                                                                   |   in|    1|  ap_ctrl_hs|                                                                                                                                                             conv2_Pipeline_LOAD_B|  return value|
|ap_start                                                                                                                                                                                 |   in|    1|  ap_ctrl_hs|                                                                                                                                                             conv2_Pipeline_LOAD_B|  return value|
|ap_done                                                                                                                                                                                  |  out|    1|  ap_ctrl_hs|                                                                                                                                                             conv2_Pipeline_LOAD_B|  return value|
|ap_idle                                                                                                                                                                                  |  out|    1|  ap_ctrl_hs|                                                                                                                                                             conv2_Pipeline_LOAD_B|  return value|
|ap_ready                                                                                                                                                                                 |  out|    1|  ap_ctrl_hs|                                                                                                                                                             conv2_Pipeline_LOAD_B|  return value|
|m_axi_gmem1_0_AWVALID                                                                                                                                                                    |  out|    1|       m_axi|                                                                                                                                                                             gmem1|       pointer|
|m_axi_gmem1_0_AWREADY                                                                                                                                                                    |   in|    1|       m_axi|                                                                                                                                                                             gmem1|       pointer|
|m_axi_gmem1_0_AWADDR                                                                                                                                                                     |  out|   64|       m_axi|                                                                                                                                                                             gmem1|       pointer|
|m_axi_gmem1_0_AWID                                                                                                                                                                       |  out|    1|       m_axi|                                                                                                                                                                             gmem1|       pointer|
|m_axi_gmem1_0_AWLEN                                                                                                                                                                      |  out|   32|       m_axi|                                                                                                                                                                             gmem1|       pointer|
|m_axi_gmem1_0_AWSIZE                                                                                                                                                                     |  out|    3|       m_axi|                                                                                                                                                                             gmem1|       pointer|
|m_axi_gmem1_0_AWBURST                                                                                                                                                                    |  out|    2|       m_axi|                                                                                                                                                                             gmem1|       pointer|
|m_axi_gmem1_0_AWLOCK                                                                                                                                                                     |  out|    2|       m_axi|                                                                                                                                                                             gmem1|       pointer|
|m_axi_gmem1_0_AWCACHE                                                                                                                                                                    |  out|    4|       m_axi|                                                                                                                                                                             gmem1|       pointer|
|m_axi_gmem1_0_AWPROT                                                                                                                                                                     |  out|    3|       m_axi|                                                                                                                                                                             gmem1|       pointer|
|m_axi_gmem1_0_AWQOS                                                                                                                                                                      |  out|    4|       m_axi|                                                                                                                                                                             gmem1|       pointer|
|m_axi_gmem1_0_AWREGION                                                                                                                                                                   |  out|    4|       m_axi|                                                                                                                                                                             gmem1|       pointer|
|m_axi_gmem1_0_AWUSER                                                                                                                                                                     |  out|    1|       m_axi|                                                                                                                                                                             gmem1|       pointer|
|m_axi_gmem1_0_WVALID                                                                                                                                                                     |  out|    1|       m_axi|                                                                                                                                                                             gmem1|       pointer|
|m_axi_gmem1_0_WREADY                                                                                                                                                                     |   in|    1|       m_axi|                                                                                                                                                                             gmem1|       pointer|
|m_axi_gmem1_0_WDATA                                                                                                                                                                      |  out|    8|       m_axi|                                                                                                                                                                             gmem1|       pointer|
|m_axi_gmem1_0_WSTRB                                                                                                                                                                      |  out|    1|       m_axi|                                                                                                                                                                             gmem1|       pointer|
|m_axi_gmem1_0_WLAST                                                                                                                                                                      |  out|    1|       m_axi|                                                                                                                                                                             gmem1|       pointer|
|m_axi_gmem1_0_WID                                                                                                                                                                        |  out|    1|       m_axi|                                                                                                                                                                             gmem1|       pointer|
|m_axi_gmem1_0_WUSER                                                                                                                                                                      |  out|    1|       m_axi|                                                                                                                                                                             gmem1|       pointer|
|m_axi_gmem1_0_ARVALID                                                                                                                                                                    |  out|    1|       m_axi|                                                                                                                                                                             gmem1|       pointer|
|m_axi_gmem1_0_ARREADY                                                                                                                                                                    |   in|    1|       m_axi|                                                                                                                                                                             gmem1|       pointer|
|m_axi_gmem1_0_ARADDR                                                                                                                                                                     |  out|   64|       m_axi|                                                                                                                                                                             gmem1|       pointer|
|m_axi_gmem1_0_ARID                                                                                                                                                                       |  out|    1|       m_axi|                                                                                                                                                                             gmem1|       pointer|
|m_axi_gmem1_0_ARLEN                                                                                                                                                                      |  out|   32|       m_axi|                                                                                                                                                                             gmem1|       pointer|
|m_axi_gmem1_0_ARSIZE                                                                                                                                                                     |  out|    3|       m_axi|                                                                                                                                                                             gmem1|       pointer|
|m_axi_gmem1_0_ARBURST                                                                                                                                                                    |  out|    2|       m_axi|                                                                                                                                                                             gmem1|       pointer|
|m_axi_gmem1_0_ARLOCK                                                                                                                                                                     |  out|    2|       m_axi|                                                                                                                                                                             gmem1|       pointer|
|m_axi_gmem1_0_ARCACHE                                                                                                                                                                    |  out|    4|       m_axi|                                                                                                                                                                             gmem1|       pointer|
|m_axi_gmem1_0_ARPROT                                                                                                                                                                     |  out|    3|       m_axi|                                                                                                                                                                             gmem1|       pointer|
|m_axi_gmem1_0_ARQOS                                                                                                                                                                      |  out|    4|       m_axi|                                                                                                                                                                             gmem1|       pointer|
|m_axi_gmem1_0_ARREGION                                                                                                                                                                   |  out|    4|       m_axi|                                                                                                                                                                             gmem1|       pointer|
|m_axi_gmem1_0_ARUSER                                                                                                                                                                     |  out|    1|       m_axi|                                                                                                                                                                             gmem1|       pointer|
|m_axi_gmem1_0_RVALID                                                                                                                                                                     |   in|    1|       m_axi|                                                                                                                                                                             gmem1|       pointer|
|m_axi_gmem1_0_RREADY                                                                                                                                                                     |  out|    1|       m_axi|                                                                                                                                                                             gmem1|       pointer|
|m_axi_gmem1_0_RDATA                                                                                                                                                                      |   in|    8|       m_axi|                                                                                                                                                                             gmem1|       pointer|
|m_axi_gmem1_0_RLAST                                                                                                                                                                      |   in|    1|       m_axi|                                                                                                                                                                             gmem1|       pointer|
|m_axi_gmem1_0_RID                                                                                                                                                                        |   in|    1|       m_axi|                                                                                                                                                                             gmem1|       pointer|
|m_axi_gmem1_0_RFIFONUM                                                                                                                                                                   |   in|   11|       m_axi|                                                                                                                                                                             gmem1|       pointer|
|m_axi_gmem1_0_RUSER                                                                                                                                                                      |   in|    1|       m_axi|                                                                                                                                                                             gmem1|       pointer|
|m_axi_gmem1_0_RRESP                                                                                                                                                                      |   in|    2|       m_axi|                                                                                                                                                                             gmem1|       pointer|
|m_axi_gmem1_0_BVALID                                                                                                                                                                     |   in|    1|       m_axi|                                                                                                                                                                             gmem1|       pointer|
|m_axi_gmem1_0_BREADY                                                                                                                                                                     |  out|    1|       m_axi|                                                                                                                                                                             gmem1|       pointer|
|m_axi_gmem1_0_BRESP                                                                                                                                                                      |   in|    2|       m_axi|                                                                                                                                                                             gmem1|       pointer|
|m_axi_gmem1_0_BID                                                                                                                                                                        |   in|    1|       m_axi|                                                                                                                                                                             gmem1|       pointer|
|m_axi_gmem1_0_BUSER                                                                                                                                                                      |   in|    1|       m_axi|                                                                                                                                                                             gmem1|       pointer|
|bias                                                                                                                                                                                     |   in|   64|     ap_none|                                                                                                                                                                              bias|        scalar|
|conv2_ap_fixed_ap_fixed_ap_fixed_ap_fixed_8_5_5_3_0_local_bias_9                                                                                                                         |  out|    8|      ap_vld|                                                                                                                  conv2_ap_fixed_ap_fixed_ap_fixed_ap_fixed_8_5_5_3_0_local_bias_9|       pointer|
|conv2_ap_fixed_ap_fixed_ap_fixed_ap_fixed_8_5_5_3_0_local_bias_9_ap_vld                                                                                                                  |  out|    1|      ap_vld|                                                                                                                  conv2_ap_fixed_ap_fixed_ap_fixed_ap_fixed_8_5_5_3_0_local_bias_9|       pointer|
|conv2_ap_fixed_ap_fixed_ap_fixed_ap_fixed_8_5_5_3_0_local_bias_8                                                                                                                         |  out|    8|      ap_vld|                                                                                                                  conv2_ap_fixed_ap_fixed_ap_fixed_ap_fixed_8_5_5_3_0_local_bias_8|       pointer|
|conv2_ap_fixed_ap_fixed_ap_fixed_ap_fixed_8_5_5_3_0_local_bias_8_ap_vld                                                                                                                  |  out|    1|      ap_vld|                                                                                                                  conv2_ap_fixed_ap_fixed_ap_fixed_ap_fixed_8_5_5_3_0_local_bias_8|       pointer|
|conv2_ap_fixed_ap_fixed_ap_fixed_ap_fixed_8_5_5_3_0_local_bias_7                                                                                                                         |  out|    8|      ap_vld|                                                                                                                  conv2_ap_fixed_ap_fixed_ap_fixed_ap_fixed_8_5_5_3_0_local_bias_7|       pointer|
|conv2_ap_fixed_ap_fixed_ap_fixed_ap_fixed_8_5_5_3_0_local_bias_7_ap_vld                                                                                                                  |  out|    1|      ap_vld|                                                                                                                  conv2_ap_fixed_ap_fixed_ap_fixed_ap_fixed_8_5_5_3_0_local_bias_7|       pointer|
|conv2_ap_fixed_ap_fixed_ap_fixed_ap_fixed_8_5_5_3_0_local_bias_6                                                                                                                         |  out|    8|      ap_vld|                                                                                                                  conv2_ap_fixed_ap_fixed_ap_fixed_ap_fixed_8_5_5_3_0_local_bias_6|       pointer|
|conv2_ap_fixed_ap_fixed_ap_fixed_ap_fixed_8_5_5_3_0_local_bias_6_ap_vld                                                                                                                  |  out|    1|      ap_vld|                                                                                                                  conv2_ap_fixed_ap_fixed_ap_fixed_ap_fixed_8_5_5_3_0_local_bias_6|       pointer|
|conv2_ap_fixed_ap_fixed_ap_fixed_ap_fixed_8_5_5_3_0_local_bias_5                                                                                                                         |  out|    8|      ap_vld|                                                                                                                  conv2_ap_fixed_ap_fixed_ap_fixed_ap_fixed_8_5_5_3_0_local_bias_5|       pointer|
|conv2_ap_fixed_ap_fixed_ap_fixed_ap_fixed_8_5_5_3_0_local_bias_5_ap_vld                                                                                                                  |  out|    1|      ap_vld|                                                                                                                  conv2_ap_fixed_ap_fixed_ap_fixed_ap_fixed_8_5_5_3_0_local_bias_5|       pointer|
|conv2_ap_fixed_ap_fixed_ap_fixed_ap_fixed_8_5_5_3_0_local_bias_4                                                                                                                         |  out|    8|      ap_vld|                                                                                                                  conv2_ap_fixed_ap_fixed_ap_fixed_ap_fixed_8_5_5_3_0_local_bias_4|       pointer|
|conv2_ap_fixed_ap_fixed_ap_fixed_ap_fixed_8_5_5_3_0_local_bias_4_ap_vld                                                                                                                  |  out|    1|      ap_vld|                                                                                                                  conv2_ap_fixed_ap_fixed_ap_fixed_ap_fixed_8_5_5_3_0_local_bias_4|       pointer|
|conv2_ap_fixed_ap_fixed_ap_fixed_ap_fixed_8_5_5_3_0_local_bias_3                                                                                                                         |  out|    8|      ap_vld|                                                                                                                  conv2_ap_fixed_ap_fixed_ap_fixed_ap_fixed_8_5_5_3_0_local_bias_3|       pointer|
|conv2_ap_fixed_ap_fixed_ap_fixed_ap_fixed_8_5_5_3_0_local_bias_3_ap_vld                                                                                                                  |  out|    1|      ap_vld|                                                                                                                  conv2_ap_fixed_ap_fixed_ap_fixed_ap_fixed_8_5_5_3_0_local_bias_3|       pointer|
|conv2_ap_fixed_ap_fixed_ap_fixed_ap_fixed_8_5_5_3_0_local_bias_2                                                                                                                         |  out|    8|      ap_vld|                                                                                                                  conv2_ap_fixed_ap_fixed_ap_fixed_ap_fixed_8_5_5_3_0_local_bias_2|       pointer|
|conv2_ap_fixed_ap_fixed_ap_fixed_ap_fixed_8_5_5_3_0_local_bias_2_ap_vld                                                                                                                  |  out|    1|      ap_vld|                                                                                                                  conv2_ap_fixed_ap_fixed_ap_fixed_ap_fixed_8_5_5_3_0_local_bias_2|       pointer|
|conv2_ap_fixed_ap_fixed_ap_fixed_ap_fixed_8_5_5_3_0_local_bias_1                                                                                                                         |  out|    8|      ap_vld|                                                                                                                  conv2_ap_fixed_ap_fixed_ap_fixed_ap_fixed_8_5_5_3_0_local_bias_1|       pointer|
|conv2_ap_fixed_ap_fixed_ap_fixed_ap_fixed_8_5_5_3_0_local_bias_1_ap_vld                                                                                                                  |  out|    1|      ap_vld|                                                                                                                  conv2_ap_fixed_ap_fixed_ap_fixed_ap_fixed_8_5_5_3_0_local_bias_1|       pointer|
|conv2_ap_fixed_ap_fixed_ap_fixed_ap_fixed_8_5_5_3_0_local_bias                                                                                                                           |  out|    8|      ap_vld|                                                                                                                    conv2_ap_fixed_ap_fixed_ap_fixed_ap_fixed_8_5_5_3_0_local_bias|       pointer|
|conv2_ap_fixed_ap_fixed_ap_fixed_ap_fixed_8_5_5_3_0_local_bias_ap_vld                                                                                                                    |  out|    1|      ap_vld|                                                                                                                    conv2_ap_fixed_ap_fixed_ap_fixed_ap_fixed_8_5_5_3_0_local_bias|       pointer|
|conv2_mulap_fixed_8_5_ap_q_mode_5_ap_o_mode_3_0_ap_fixed_8_5_ap_q_mode_5_ap_o_mode_3_0_ap_fixed_8_5_ap_q_mode_5_ap_o_mode_3_0_ap_fixed_8_5_ap_q_mode_5_ap_o_mode_3_0_local_bia           |  out|    8|      ap_vld|    conv2_mulap_fixed_8_5_ap_q_mode_5_ap_o_mode_3_0_ap_fixed_8_5_ap_q_mode_5_ap_o_mode_3_0_ap_fixed_8_5_ap_q_mode_5_ap_o_mode_3_0_ap_fixed_8_5_ap_q_mode_5_ap_o_mode_3_0_local_bia|       pointer|
|conv2_mulap_fixed_8_5_ap_q_mode_5_ap_o_mode_3_0_ap_fixed_8_5_ap_q_mode_5_ap_o_mode_3_0_ap_fixed_8_5_ap_q_mode_5_ap_o_mode_3_0_ap_fixed_8_5_ap_q_mode_5_ap_o_mode_3_0_local_bia_ap_vld    |  out|    1|      ap_vld|    conv2_mulap_fixed_8_5_ap_q_mode_5_ap_o_mode_3_0_ap_fixed_8_5_ap_q_mode_5_ap_o_mode_3_0_ap_fixed_8_5_ap_q_mode_5_ap_o_mode_3_0_ap_fixed_8_5_ap_q_mode_5_ap_o_mode_3_0_local_bia|       pointer|
|conv2_mulap_fixed_8_5_ap_q_mode_5_ap_o_mode_3_0_ap_fixed_8_5_ap_q_mode_5_ap_o_mode_3_0_ap_fixed_8_5_ap_q_mode_5_ap_o_mode_3_0_ap_fixed_8_5_ap_q_mode_5_ap_o_mode_3_0_local_bia_0         |  out|    8|      ap_vld|  conv2_mulap_fixed_8_5_ap_q_mode_5_ap_o_mode_3_0_ap_fixed_8_5_ap_q_mode_5_ap_o_mode_3_0_ap_fixed_8_5_ap_q_mode_5_ap_o_mode_3_0_ap_fixed_8_5_ap_q_mode_5_ap_o_mode_3_0_local_bia_0|       pointer|
|conv2_mulap_fixed_8_5_ap_q_mode_5_ap_o_mode_3_0_ap_fixed_8_5_ap_q_mode_5_ap_o_mode_3_0_ap_fixed_8_5_ap_q_mode_5_ap_o_mode_3_0_ap_fixed_8_5_ap_q_mode_5_ap_o_mode_3_0_local_bia_0_ap_vld  |  out|    1|      ap_vld|  conv2_mulap_fixed_8_5_ap_q_mode_5_ap_o_mode_3_0_ap_fixed_8_5_ap_q_mode_5_ap_o_mode_3_0_ap_fixed_8_5_ap_q_mode_5_ap_o_mode_3_0_ap_fixed_8_5_ap_q_mode_5_ap_o_mode_3_0_local_bia_0|       pointer|
|conv2_mulap_fixed_8_5_ap_q_mode_5_ap_o_mode_3_0_ap_fixed_8_5_ap_q_mode_5_ap_o_mode_3_0_ap_fixed_8_5_ap_q_mode_5_ap_o_mode_3_0_ap_fixed_8_5_ap_q_mode_5_ap_o_mode_3_0_local_bia_1         |  out|    8|      ap_vld|  conv2_mulap_fixed_8_5_ap_q_mode_5_ap_o_mode_3_0_ap_fixed_8_5_ap_q_mode_5_ap_o_mode_3_0_ap_fixed_8_5_ap_q_mode_5_ap_o_mode_3_0_ap_fixed_8_5_ap_q_mode_5_ap_o_mode_3_0_local_bia_1|       pointer|
|conv2_mulap_fixed_8_5_ap_q_mode_5_ap_o_mode_3_0_ap_fixed_8_5_ap_q_mode_5_ap_o_mode_3_0_ap_fixed_8_5_ap_q_mode_5_ap_o_mode_3_0_ap_fixed_8_5_ap_q_mode_5_ap_o_mode_3_0_local_bia_1_ap_vld  |  out|    1|      ap_vld|  conv2_mulap_fixed_8_5_ap_q_mode_5_ap_o_mode_3_0_ap_fixed_8_5_ap_q_mode_5_ap_o_mode_3_0_ap_fixed_8_5_ap_q_mode_5_ap_o_mode_3_0_ap_fixed_8_5_ap_q_mode_5_ap_o_mode_3_0_local_bia_1|       pointer|
|conv2_mulap_fixed_8_5_ap_q_mode_5_ap_o_mode_3_0_ap_fixed_8_5_ap_q_mode_5_ap_o_mode_3_0_ap_fixed_8_5_ap_q_mode_5_ap_o_mode_3_0_ap_fixed_8_5_ap_q_mode_5_ap_o_mode_3_0_local_bia_2         |  out|    8|      ap_vld|  conv2_mulap_fixed_8_5_ap_q_mode_5_ap_o_mode_3_0_ap_fixed_8_5_ap_q_mode_5_ap_o_mode_3_0_ap_fixed_8_5_ap_q_mode_5_ap_o_mode_3_0_ap_fixed_8_5_ap_q_mode_5_ap_o_mode_3_0_local_bia_2|       pointer|
|conv2_mulap_fixed_8_5_ap_q_mode_5_ap_o_mode_3_0_ap_fixed_8_5_ap_q_mode_5_ap_o_mode_3_0_ap_fixed_8_5_ap_q_mode_5_ap_o_mode_3_0_ap_fixed_8_5_ap_q_mode_5_ap_o_mode_3_0_local_bia_2_ap_vld  |  out|    1|      ap_vld|  conv2_mulap_fixed_8_5_ap_q_mode_5_ap_o_mode_3_0_ap_fixed_8_5_ap_q_mode_5_ap_o_mode_3_0_ap_fixed_8_5_ap_q_mode_5_ap_o_mode_3_0_ap_fixed_8_5_ap_q_mode_5_ap_o_mode_3_0_local_bia_2|       pointer|
|conv2_mulap_fixed_8_5_ap_q_mode_5_ap_o_mode_3_0_ap_fixed_8_5_ap_q_mode_5_ap_o_mode_3_0_ap_fixed_8_5_ap_q_mode_5_ap_o_mode_3_0_ap_fixed_8_5_ap_q_mode_5_ap_o_mode_3_0_local_bia_3         |  out|    8|      ap_vld|  conv2_mulap_fixed_8_5_ap_q_mode_5_ap_o_mode_3_0_ap_fixed_8_5_ap_q_mode_5_ap_o_mode_3_0_ap_fixed_8_5_ap_q_mode_5_ap_o_mode_3_0_ap_fixed_8_5_ap_q_mode_5_ap_o_mode_3_0_local_bia_3|       pointer|
|conv2_mulap_fixed_8_5_ap_q_mode_5_ap_o_mode_3_0_ap_fixed_8_5_ap_q_mode_5_ap_o_mode_3_0_ap_fixed_8_5_ap_q_mode_5_ap_o_mode_3_0_ap_fixed_8_5_ap_q_mode_5_ap_o_mode_3_0_local_bia_3_ap_vld  |  out|    1|      ap_vld|  conv2_mulap_fixed_8_5_ap_q_mode_5_ap_o_mode_3_0_ap_fixed_8_5_ap_q_mode_5_ap_o_mode_3_0_ap_fixed_8_5_ap_q_mode_5_ap_o_mode_3_0_ap_fixed_8_5_ap_q_mode_5_ap_o_mode_3_0_local_bia_3|       pointer|
|p_ZZ5conv2P8ap_fixedILi8ELi5EL9ap_q_mode5EL9ap_o_mode3ELi0EES3_S3_S3_E10local_bia                                                                                                        |  out|    8|      ap_vld|                                                                                                 p_ZZ5conv2P8ap_fixedILi8ELi5EL9ap_q_mode5EL9ap_o_mode3ELi0EES3_S3_S3_E10local_bia|       pointer|
|p_ZZ5conv2P8ap_fixedILi8ELi5EL9ap_q_mode5EL9ap_o_mode3ELi0EES3_S3_S3_E10local_bia_ap_vld                                                                                                 |  out|    1|      ap_vld|                                                                                                 p_ZZ5conv2P8ap_fixedILi8ELi5EL9ap_q_mode5EL9ap_o_mode3ELi0EES3_S3_S3_E10local_bia|       pointer|
+-----------------------------------------------------------------------------------------------------------------------------------------------------------------------------------------+-----+-----+------------+----------------------------------------------------------------------------------------------------------------------------------------------------------------------------------+--------------+

