

================================================================
== Vitis HLS Report for 'conv1_Pipeline_CO_1_H_1_W_1'
================================================================
* Date:           Sat Mar  7 18:28:21 2026

* Version:        2025.2 (Build 6295257 on Nov 14 2025)
* Project:        top
* Solution:       hls (Vivado IP Flow Target)
* Product family: zynq
* Target device:  xc7z020-clg484-1


================================================================
== Performance Estimates
================================================================
+ Timing: 
    * Summary: 
    +--------+----------+----------+------------+
    |  Clock |  Target  | Estimated| Uncertainty|
    +--------+----------+----------+------------+
    |ap_clk  |  10.00 ns|  8.750 ns|     1.25 ns|
    +--------+----------+----------+------------+

+ Latency: 
    * Summary: 
    +---------+---------+-----------+-----------+-----+-----+-------------------+
    |  Latency (cycles) |   Latency (absolute)  |  Interval |      Pipeline     |
    |   min   |   max   |    min    |    max    | min | max |        Type       |
    +---------+---------+-----------+-----------+-----+-----+-------------------+
    |     6288|     6288|  62.880 us|  62.880 us|    0|    0|  loop pipeline stp|
    +---------+---------+-----------+-----------+-----+-----+-------------------+

    + Detail: 
        * Instance: 
        N/A

        * Loop: 
        +----------------+---------+---------+----------+-----------+-----------+------+----------+
        |                |  Latency (cycles) | Iteration|  Initiation Interval  | Trip |          |
        |    Loop Name   |   min   |   max   |  Latency |  achieved |   target  | Count| Pipelined|
        +----------------+---------+---------+----------+-----------+-----------+------+----------+
        |- CO_1_H_1_W_1  |     6286|     6286|        16|          1|          1|  6272|       yes|
        +----------------+---------+---------+----------+-----------+-----------+------+----------+



================================================================
== Utilization Estimates
================================================================
* Summary: 
+-----------------+---------+-----+--------+-------+-----+
|       Name      | BRAM_18K| DSP |   FF   |  LUT  | URAM|
+-----------------+---------+-----+--------+-------+-----+
|DSP              |        -|    9|       -|      -|    -|
|Expression       |        -|    -|       0|    531|    -|
|FIFO             |        -|    -|       -|      -|    -|
|Instance         |        -|    -|       0|   1005|    -|
|Memory           |        -|    -|       -|      -|    -|
|Multiplexer      |        -|    -|       0|    938|    -|
|Register         |        -|    -|    1033|    384|    -|
+-----------------+---------+-----+--------+-------+-----+
|Total            |        0|    9|    1033|   2858|    0|
+-----------------+---------+-----+--------+-------+-----+
|Available        |      280|  220|  106400|  53200|    0|
+-----------------+---------+-----+--------+-------+-----+
|Utilization (%)  |        0|    4|      ~0|      5|    0|
+-----------------+---------+-----+--------+-------+-----+

+ Detail: 
    * Instance: 
    +---------------------------+----------------------+---------+----+---+----+-----+
    |          Instance         |        Module        | BRAM_18K| DSP| FF| LUT| URAM|
    +---------------------------+----------------------+---------+----+---+----+-----+
    |sparsemux_17_3_8_1_1_U104  |sparsemux_17_3_8_1_1  |        0|   0|  0|  42|    0|
    |sparsemux_17_3_8_1_1_U113  |sparsemux_17_3_8_1_1  |        0|   0|  0|  42|    0|
    |sparsemux_17_3_8_1_1_U114  |sparsemux_17_3_8_1_1  |        0|   0|  0|  42|    0|
    |sparsemux_17_3_8_1_1_U115  |sparsemux_17_3_8_1_1  |        0|   0|  0|  42|    0|
    |sparsemux_17_3_8_1_1_U116  |sparsemux_17_3_8_1_1  |        0|   0|  0|  42|    0|
    |sparsemux_17_3_8_1_1_U117  |sparsemux_17_3_8_1_1  |        0|   0|  0|  42|    0|
    |sparsemux_17_3_8_1_1_U118  |sparsemux_17_3_8_1_1  |        0|   0|  0|  42|    0|
    |sparsemux_17_3_8_1_1_U119  |sparsemux_17_3_8_1_1  |        0|   0|  0|  42|    0|
    |sparsemux_17_3_8_1_1_U120  |sparsemux_17_3_8_1_1  |        0|   0|  0|  42|    0|
    |sparsemux_17_3_8_1_1_U121  |sparsemux_17_3_8_1_1  |        0|   0|  0|  42|    0|
    |sparsemux_33_4_8_1_1_U103  |sparsemux_33_4_8_1_1  |        0|   0|  0|  65|    0|
    |sparsemux_33_4_8_1_1_U105  |sparsemux_33_4_8_1_1  |        0|   0|  0|  65|    0|
    |sparsemux_33_4_8_1_1_U106  |sparsemux_33_4_8_1_1  |        0|   0|  0|  65|    0|
    |sparsemux_33_4_8_1_1_U107  |sparsemux_33_4_8_1_1  |        0|   0|  0|  65|    0|
    |sparsemux_33_4_8_1_1_U108  |sparsemux_33_4_8_1_1  |        0|   0|  0|  65|    0|
    |sparsemux_33_4_8_1_1_U109  |sparsemux_33_4_8_1_1  |        0|   0|  0|  65|    0|
    |sparsemux_33_4_8_1_1_U110  |sparsemux_33_4_8_1_1  |        0|   0|  0|  65|    0|
    |sparsemux_33_4_8_1_1_U111  |sparsemux_33_4_8_1_1  |        0|   0|  0|  65|    0|
    |sparsemux_33_4_8_1_1_U112  |sparsemux_33_4_8_1_1  |        0|   0|  0|  65|    0|
    +---------------------------+----------------------+---------+----+---+----+-----+
    |Total                      |                      |        0|   0|  0|1005|    0|
    +---------------------------+----------------------+---------+----+---+----+-----+

    * DSP: 
    +----------------------------------+-----------------------------+--------------+
    |             Instance             |            Module           |  Expression  |
    +----------------------------------+-----------------------------+--------------+
    |mac_muladd_8s_8s_11s_11_4_1_U122  |mac_muladd_8s_8s_11s_11_4_1  |  i0 + i1 * i2|
    |mac_muladd_8s_8s_11s_11_4_1_U123  |mac_muladd_8s_8s_11s_11_4_1  |  i0 + i1 * i2|
    |mac_muladd_8s_8s_11s_11_4_1_U124  |mac_muladd_8s_8s_11s_11_4_1  |  i0 + i1 * i2|
    |mac_muladd_8s_8s_11s_11_4_1_U125  |mac_muladd_8s_8s_11s_11_4_1  |  i0 + i1 * i2|
    |mac_muladd_8s_8s_11s_11_4_1_U126  |mac_muladd_8s_8s_11s_11_4_1  |  i0 + i1 * i2|
    |mac_muladd_8s_8s_11s_11_4_1_U127  |mac_muladd_8s_8s_11s_11_4_1  |  i0 + i1 * i2|
    |mac_muladd_8s_8s_11s_11_4_1_U128  |mac_muladd_8s_8s_11s_11_4_1  |  i0 + i1 * i2|
    |mac_muladd_8s_8s_11s_11_4_1_U129  |mac_muladd_8s_8s_11s_11_4_1  |  i0 + i1 * i2|
    |mac_muladd_8s_8s_11s_11_4_1_U130  |mac_muladd_8s_8s_11s_11_4_1  |  i0 + i1 * i2|
    +----------------------------------+-----------------------------+--------------+

    * Memory: 
    N/A

    * FIFO: 
    N/A

    * Expression: 
    +---------------------------+----------+----+---+----+------------+------------+
    |       Variable Name       | Operation| DSP| FF| LUT| Bitwidth P0| Bitwidth P1|
    +---------------------------+----------+----+---+----+------------+------------+
    |add_ln36_1_fu_2725_p2      |         +|   0|  0|  13|           4|           1|
    |add_ln36_fu_2134_p2        |         +|   0|  0|  14|          13|           1|
    |add_ln37_fu_2149_p2        |         +|   0|  0|  13|          10|           1|
    |add_ln44_1_fu_2216_p2      |         +|   0|  0|  13|           5|           1|
    |add_ln44_2_fu_2235_p2      |         +|   0|  0|  13|           5|           2|
    |add_ln44_fu_2186_p2        |         +|   0|  0|  13|           5|           1|
    |add_ln45_1_fu_2353_p2      |         +|   0|  0|  13|           5|           1|
    |add_ln45_fu_2331_p2        |         +|   0|  0|  14|           6|           2|
    |add_ln47_fu_2305_p2        |         +|   0|  0|  14|           6|           2|
    |add_ln48_10_fu_2650_p2     |         +|   0|  0|  13|          10|          10|
    |add_ln48_11_fu_2686_p2     |         +|   0|  0|  13|          10|          10|
    |add_ln48_1_fu_2380_p2      |         +|   0|  0|  13|          10|           5|
    |add_ln48_2_fu_2343_p2      |         +|   0|  0|   9|           9|           9|
    |add_ln48_3_fu_2394_p2      |         +|   0|  0|  13|          10|          10|
    |add_ln48_4_fu_2430_p2      |         +|   0|  0|  13|          10|          10|
    |add_ln48_5_fu_2469_p2      |         +|   0|  0|  13|          10|          10|
    |add_ln48_6_fu_2505_p2      |         +|   0|  0|  13|          10|          10|
    |add_ln48_7_fu_2543_p2      |         +|   0|  0|  13|          10|          10|
    |add_ln48_8_fu_2579_p2      |         +|   0|  0|  13|          10|          10|
    |add_ln48_9_fu_2614_p2      |         +|   0|  0|  13|          10|          10|
    |add_ln48_fu_2375_p2        |         +|   0|  0|  13|          10|           6|
    |sub_ln55_1_fu_2295_p2      |         -|   0|  0|   9|           9|           9|
    |sub_ln55_fu_2277_p2        |         -|   0|  0|  13|          10|          10|
    |and_ln36_fu_2210_p2        |       and|   0|  0|   2|           1|           1|
    |and_ln47_1_fu_3668_p2      |       and|   0|  0|   2|           1|           1|
    |and_ln47_2_fu_3911_p2      |       and|   0|  0|   2|           1|           1|
    |and_ln47_3_fu_3962_p2      |       and|   0|  0|   2|           1|           1|
    |and_ln47_fu_3541_p2        |       and|   0|  0|   2|           1|           1|
    |ap_block_pp0_stage0_11001  |       and|   0|  0|   2|           1|           1|
    |icmp_ln36_fu_2128_p2       |      icmp|   0|  0|  14|          13|          12|
    |icmp_ln37_fu_2143_p2       |      icmp|   0|  0|  13|          10|           9|
    |icmp_ln38_fu_2204_p2       |      icmp|   0|  0|  13|           5|           4|
    |icmp_ln47_1_fu_2317_p2     |      icmp|   0|  0|  13|           5|           4|
    |icmp_ln47_2_fu_2337_p2     |      icmp|   0|  0|  14|           6|           5|
    |icmp_ln47_3_fu_2359_p2     |      icmp|   0|  0|  13|           5|           4|
    |icmp_ln47_fu_2311_p2       |      icmp|   0|  0|  14|           6|           5|
    |icmp_ln55_fu_3986_p2       |      icmp|   0|  0|  15|           8|           1|
    |empty_fu_2222_p2           |        or|   0|  0|   2|           1|           1|
    |add_ln44_mid2_fu_2241_p3   |    select|   0|  0|   5|           1|           5|
    |empty_145_fu_3554_p3       |    select|   0|  0|   8|           1|           8|
    |empty_146_fu_3743_p3       |    select|   0|  0|   8|           1|           8|
    |empty_147_fu_3924_p3       |    select|   0|  0|   8|           1|           8|
    |select_ln36_1_fu_2192_p3   |    select|   0|  0|   5|           1|           1|
    |select_ln36_2_fu_2731_p3   |    select|   0|  0|   4|           1|           4|
    |select_ln36_fu_2179_p3     |    select|   0|  0|   5|           1|           1|
    |select_ln37_1_fu_2155_p3   |    select|   0|  0|  10|           1|           1|
    |select_ln37_fu_2249_p3     |    select|   0|  0|   5|           1|           5|
    |select_ln55_fu_3992_p3     |    select|   0|  0|   7|           1|           7|
    |sum_11_fu_3948_p3          |    select|   0|  0|   8|           1|           8|
    |sum_13_fu_3975_p3          |    select|   0|  0|   8|           1|           8|
    |sum_4_fu_3651_p3           |    select|   0|  0|   8|           1|           8|
    |sum_6_fu_3681_p3           |    select|   0|  0|   8|           1|           8|
    |sum_9_fu_3859_p3           |    select|   0|  0|   8|           1|           8|
    |w_mid2_fu_2227_p3          |    select|   0|  0|   5|           1|           1|
    |ap_enable_pp0              |       xor|   0|  0|   2|           1|           2|
    |xor_ln36_fu_2199_p2        |       xor|   0|  0|   2|           1|           2|
    +---------------------------+----------+----+---+----+------------+------------+
    |Total                      |          |   0|  0| 531|         280|         285|
    +---------------------------+----------+----+---+----+------------+------------+

    * Multiplexer: 
    +----------------------------------------+----+-----------+-----+-----------+
    |                  Name                  | LUT| Input Size| Bits| Total Bits|
    +----------------------------------------+----+-----------+-----+-----------+
    |ap_done_int                             |   9|          2|    1|          2|
    |ap_enable_reg_pp0_iter1                 |   9|          2|    1|          2|
    |ap_sig_allocacmp_indvar_flatten14_load  |   9|          2|   13|         26|
    |ap_sig_allocacmp_indvar_flatten_load    |   9|          2|   10|         20|
    |co_fu_366                               |   9|          2|    4|          8|
    |gmem0_blk_n_W                           |   9|          2|    1|          2|
    |h_fu_358                                |   9|          2|    5|         10|
    |indvar_flatten14_fu_370                 |   9|          2|   13|         26|
    |indvar_flatten_fu_362                   |   9|          2|   10|         20|
    |inw_fu_354                              |   9|          2|    5|         10|
    |temp_10_address0_local                  |  53|         10|    6|         60|
    |temp_11_address0_local                  |  53|         10|    6|         60|
    |temp_12_address0_local                  |  53|         10|    6|         60|
    |temp_13_address0_local                  |  53|         10|    6|         60|
    |temp_14_address0_local                  |  53|         10|    6|         60|
    |temp_15_address0_local                  |  53|         10|    6|         60|
    |temp_1_address0_local                   |  53|         10|    6|         60|
    |temp_2_address0_local                   |  53|         10|    6|         60|
    |temp_3_address0_local                   |  53|         10|    6|         60|
    |temp_4_address0_local                   |  53|         10|    6|         60|
    |temp_5_address0_local                   |  53|         10|    6|         60|
    |temp_6_address0_local                   |  53|         10|    6|         60|
    |temp_7_address0_local                   |  53|         10|    6|         60|
    |temp_8_address0_local                   |  53|         10|    6|         60|
    |temp_9_address0_local                   |  53|         10|    6|         60|
    |temp_address0_local                     |  53|         10|    6|         60|
    +----------------------------------------+----+-----------+-----+-----------+
    |Total                                   | 938|        180|  159|       1086|
    +----------------------------------------+----+-----------+-----+-----------+

    * Register: 
    +-----------------------------------+----+----+-----+-----------+
    |                Name               | FF | LUT| Bits| Const Bits|
    +-----------------------------------+----+----+-----+-----------+
    |add_ln45_1_reg_4606                |   5|   0|    5|          0|
    |add_ln45_reg_4576                  |   6|   0|    6|          0|
    |add_ln48_2_reg_4588                |   9|   0|    9|          0|
    |ap_CS_fsm                          |   1|   0|    1|          0|
    |ap_done_reg                        |   1|   0|    1|          0|
    |ap_enable_reg_pp0_iter1            |   1|   0|    1|          0|
    |ap_enable_reg_pp0_iter10           |   1|   0|    1|          0|
    |ap_enable_reg_pp0_iter11           |   1|   0|    1|          0|
    |ap_enable_reg_pp0_iter12           |   1|   0|    1|          0|
    |ap_enable_reg_pp0_iter13           |   1|   0|    1|          0|
    |ap_enable_reg_pp0_iter14           |   1|   0|    1|          0|
    |ap_enable_reg_pp0_iter15           |   1|   0|    1|          0|
    |ap_enable_reg_pp0_iter2            |   1|   0|    1|          0|
    |ap_enable_reg_pp0_iter3            |   1|   0|    1|          0|
    |ap_enable_reg_pp0_iter4            |   1|   0|    1|          0|
    |ap_enable_reg_pp0_iter5            |   1|   0|    1|          0|
    |ap_enable_reg_pp0_iter6            |   1|   0|    1|          0|
    |ap_enable_reg_pp0_iter7            |   1|   0|    1|          0|
    |ap_enable_reg_pp0_iter8            |   1|   0|    1|          0|
    |ap_enable_reg_pp0_iter9            |   1|   0|    1|          0|
    |ap_loop_exit_ready_pp0_iter10_reg  |   1|   0|    1|          0|
    |ap_loop_exit_ready_pp0_iter11_reg  |   1|   0|    1|          0|
    |ap_loop_exit_ready_pp0_iter12_reg  |   1|   0|    1|          0|
    |ap_loop_exit_ready_pp0_iter13_reg  |   1|   0|    1|          0|
    |ap_loop_exit_ready_pp0_iter14_reg  |   1|   0|    1|          0|
    |ap_loop_exit_ready_pp0_iter1_reg   |   1|   0|    1|          0|
    |ap_loop_exit_ready_pp0_iter2_reg   |   1|   0|    1|          0|
    |ap_loop_exit_ready_pp0_iter3_reg   |   1|   0|    1|          0|
    |ap_loop_exit_ready_pp0_iter4_reg   |   1|   0|    1|          0|
    |ap_loop_exit_ready_pp0_iter5_reg   |   1|   0|    1|          0|
    |ap_loop_exit_ready_pp0_iter6_reg   |   1|   0|    1|          0|
    |ap_loop_exit_ready_pp0_iter7_reg   |   1|   0|    1|          0|
    |ap_loop_exit_ready_pp0_iter8_reg   |   1|   0|    1|          0|
    |ap_loop_exit_ready_pp0_iter9_reg   |   1|   0|    1|          0|
    |co_fu_366                          |   4|   0|    4|          0|
    |h_fu_358                           |   5|   0|    5|          0|
    |icmp_ln37_reg_4535                 |   1|   0|    1|          0|
    |icmp_ln47_1_reg_4569               |   1|   0|    1|          0|
    |icmp_ln47_2_reg_4581               |   1|   0|    1|          0|
    |icmp_ln47_3_reg_4611               |   1|   0|    1|          0|
    |icmp_ln47_reg_4562                 |   1|   0|    1|          0|
    |indvar_flatten14_fu_370            |  13|   0|   13|          0|
    |indvar_flatten_fu_362              |  10|   0|   10|          0|
    |inw_fu_354                         |   5|   0|    5|          0|
    |p_shl_reg_4557                     |   5|   0|    9|          4|
    |select_ln55_reg_5558               |   7|   0|    7|          0|
    |sub_ln55_reg_4549                  |   8|   0|   10|          2|
    |sum_11_reg_5548                    |   8|   0|    8|          0|
    |sum_4_reg_5452                     |   8|   0|    8|          0|
    |sum_6_reg_5467                     |   8|   0|    8|          0|
    |sum_7_reg_5502                     |   8|   0|    8|          0|
    |sum_9_reg_5522                     |   8|   0|    8|          0|
    |sum_9_reg_5522_pp0_iter12_reg      |   8|   0|    8|          0|
    |sum_reg_5411                       |   8|   0|    8|          0|
    |sum_reg_5411_pp0_iter6_reg         |   8|   0|    8|          0|
    |tmp_17_reg_5361                    |   8|   0|    8|          0|
    |tmp_19_reg_5366                    |   8|   0|    8|          0|
    |tmp_19_reg_5366_pp0_iter4_reg      |   8|   0|    8|          0|
    |tmp_21_reg_5371                    |   8|   0|    8|          0|
    |tmp_23_reg_5376                    |   8|   0|    8|          0|
    |tmp_24_reg_5381                    |   8|   0|    8|          0|
    |tmp_26_reg_5386                    |   8|   0|    8|          0|
    |tmp_28_reg_5391                    |   8|   0|    8|          0|
    |tmp_30_reg_5396                    |   8|   0|    8|          0|
    |trunc_ln36_reg_5338                |   3|   0|    3|          0|
    |trunc_ln51_reg_4593                |   4|   0|    4|          0|
    |trunc_ln51_reg_4593_pp0_iter2_reg  |   4|   0|    4|          0|
    |w_mid2_reg_4544                    |   5|   0|    5|          0|
    |icmp_ln37_reg_4535                 |  64|  32|    1|          0|
    |icmp_ln47_1_reg_4569               |  64|  32|    1|          0|
    |icmp_ln47_2_reg_4581               |  64|  32|    1|          0|
    |icmp_ln47_3_reg_4611               |  64|  32|    1|          0|
    |icmp_ln47_reg_4562                 |  64|  32|    1|          0|
    |tmp_21_reg_5371                    |  64|  32|    8|          0|
    |tmp_23_reg_5376                    |  64|  32|    8|          0|
    |tmp_24_reg_5381                    |  64|  32|    8|          0|
    |tmp_26_reg_5386                    |  64|  32|    8|          0|
    |tmp_28_reg_5391                    |  64|  32|    8|          0|
    |tmp_30_reg_5396                    |  64|  32|    8|          0|
    |trunc_ln36_reg_5338                |  64|  32|    3|          0|
    +-----------------------------------+----+----+-----+-----------+
    |Total                              |1033| 384|  327|          6|
    +-----------------------------------+----+----+-----+-----------+



================================================================
== Interface
================================================================
* Summary: 
+-----------------------------------------------------------------------------------------------------------------------------------------------------------------------------------+-----+-----+------------+-----------------------------------------------------------------------------------------------------------------------------------------------------------------------------------+--------------+
|                                                                                     RTL Ports                                                                                     | Dir | Bits|  Protocol  |                                                                                   Source Object                                                                                   |    C Type    |
+-----------------------------------------------------------------------------------------------------------------------------------------------------------------------------------+-----+-----+------------+-----------------------------------------------------------------------------------------------------------------------------------------------------------------------------------+--------------+
|ap_clk                                                                                                                                                                             |   in|    1|  ap_ctrl_hs|                                                                                                                                                        conv1_Pipeline_CO_1_H_1_W_1|  return value|
|ap_rst                                                                                                                                                                             |   in|    1|  ap_ctrl_hs|                                                                                                                                                        conv1_Pipeline_CO_1_H_1_W_1|  return value|
|ap_start                                                                                                                                                                           |   in|    1|  ap_ctrl_hs|                                                                                                                                                        conv1_Pipeline_CO_1_H_1_W_1|  return value|
|ap_done                                                                                                                                                                            |  out|    1|  ap_ctrl_hs|                                                                                                                                                        conv1_Pipeline_CO_1_H_1_W_1|  return value|
|ap_idle                                                                                                                                                                            |  out|    1|  ap_ctrl_hs|                                                                                                                                                        conv1_Pipeline_CO_1_H_1_W_1|  return value|
|ap_ready                                                                                                                                                                           |  out|    1|  ap_ctrl_hs|                                                                                                                                                        conv1_Pipeline_CO_1_H_1_W_1|  return value|
|m_axi_gmem0_0_AWVALID                                                                                                                                                              |  out|    1|       m_axi|                                                                                                                                                                              gmem0|       pointer|
|m_axi_gmem0_0_AWREADY                                                                                                                                                              |   in|    1|       m_axi|                                                                                                                                                                              gmem0|       pointer|
|m_axi_gmem0_0_AWADDR                                                                                                                                                               |  out|   64|       m_axi|                                                                                                                                                                              gmem0|       pointer|
|m_axi_gmem0_0_AWID                                                                                                                                                                 |  out|    1|       m_axi|                                                                                                                                                                              gmem0|       pointer|
|m_axi_gmem0_0_AWLEN                                                                                                                                                                |  out|   32|       m_axi|                                                                                                                                                                              gmem0|       pointer|
|m_axi_gmem0_0_AWSIZE                                                                                                                                                               |  out|    3|       m_axi|                                                                                                                                                                              gmem0|       pointer|
|m_axi_gmem0_0_AWBURST                                                                                                                                                              |  out|    2|       m_axi|                                                                                                                                                                              gmem0|       pointer|
|m_axi_gmem0_0_AWLOCK                                                                                                                                                               |  out|    2|       m_axi|                                                                                                                                                                              gmem0|       pointer|
|m_axi_gmem0_0_AWCACHE                                                                                                                                                              |  out|    4|       m_axi|                                                                                                                                                                              gmem0|       pointer|
|m_axi_gmem0_0_AWPROT                                                                                                                                                               |  out|    3|       m_axi|                                                                                                                                                                              gmem0|       pointer|
|m_axi_gmem0_0_AWQOS                                                                                                                                                                |  out|    4|       m_axi|                                                                                                                                                                              gmem0|       pointer|
|m_axi_gmem0_0_AWREGION                                                                                                                                                             |  out|    4|       m_axi|                                                                                                                                                                              gmem0|       pointer|
|m_axi_gmem0_0_AWUSER                                                                                                                                                               |  out|    1|       m_axi|                                                                                                                                                                              gmem0|       pointer|
|m_axi_gmem0_0_WVALID                                                                                                                                                               |  out|    1|       m_axi|                                                                                                                                                                              gmem0|       pointer|
|m_axi_gmem0_0_WREADY                                                                                                                                                               |   in|    1|       m_axi|                                                                                                                                                                              gmem0|       pointer|
|m_axi_gmem0_0_WDATA                                                                                                                                                                |  out|    8|       m_axi|                                                                                                                                                                              gmem0|       pointer|
|m_axi_gmem0_0_WSTRB                                                                                                                                                                |  out|    1|       m_axi|                                                                                                                                                                              gmem0|       pointer|
|m_axi_gmem0_0_WLAST                                                                                                                                                                |  out|    1|       m_axi|                                                                                                                                                                              gmem0|       pointer|
|m_axi_gmem0_0_WID                                                                                                                                                                  |  out|    1|       m_axi|                                                                                                                                                                              gmem0|       pointer|
|m_axi_gmem0_0_WUSER                                                                                                                                                                |  out|    1|       m_axi|                                                                                                                                                                              gmem0|       pointer|
|m_axi_gmem0_0_ARVALID                                                                                                                                                              |  out|    1|       m_axi|                                                                                                                                                                              gmem0|       pointer|
|m_axi_gmem0_0_ARREADY                                                                                                                                                              |   in|    1|       m_axi|                                                                                                                                                                              gmem0|       pointer|
|m_axi_gmem0_0_ARADDR                                                                                                                                                               |  out|   64|       m_axi|                                                                                                                                                                              gmem0|       pointer|
|m_axi_gmem0_0_ARID                                                                                                                                                                 |  out|    1|       m_axi|                                                                                                                                                                              gmem0|       pointer|
|m_axi_gmem0_0_ARLEN                                                                                                                                                                |  out|   32|       m_axi|                                                                                                                                                                              gmem0|       pointer|
|m_axi_gmem0_0_ARSIZE                                                                                                                                                               |  out|    3|       m_axi|                                                                                                                                                                              gmem0|       pointer|
|m_axi_gmem0_0_ARBURST                                                                                                                                                              |  out|    2|       m_axi|                                                                                                                                                                              gmem0|       pointer|
|m_axi_gmem0_0_ARLOCK                                                                                                                                                               |  out|    2|       m_axi|                                                                                                                                                                              gmem0|       pointer|
|m_axi_gmem0_0_ARCACHE                                                                                                                                                              |  out|    4|       m_axi|                                                                                                                                                                              gmem0|       pointer|
|m_axi_gmem0_0_ARPROT                                                                                                                                                               |  out|    3|       m_axi|                                                                                                                                                                              gmem0|       pointer|
|m_axi_gmem0_0_ARQOS                                                                                                                                                                |  out|    4|       m_axi|                                                                                                                                                                              gmem0|       pointer|
|m_axi_gmem0_0_ARREGION                                                                                                                                                             |  out|    4|       m_axi|                                                                                                                                                                              gmem0|       pointer|
|m_axi_gmem0_0_ARUSER                                                                                                                                                               |  out|    1|       m_axi|                                                                                                                                                                              gmem0|       pointer|
|m_axi_gmem0_0_RVALID                                                                                                                                                               |   in|    1|       m_axi|                                                                                                                                                                              gmem0|       pointer|
|m_axi_gmem0_0_RREADY                                                                                                                                                               |  out|    1|       m_axi|                                                                                                                                                                              gmem0|       pointer|
|m_axi_gmem0_0_RDATA                                                                                                                                                                |   in|    8|       m_axi|                                                                                                                                                                              gmem0|       pointer|
|m_axi_gmem0_0_RLAST                                                                                                                                                                |   in|    1|       m_axi|                                                                                                                                                                              gmem0|       pointer|
|m_axi_gmem0_0_RID                                                                                                                                                                  |   in|    1|       m_axi|                                                                                                                                                                              gmem0|       pointer|
|m_axi_gmem0_0_RFIFONUM                                                                                                                                                             |   in|   11|       m_axi|                                                                                                                                                                              gmem0|       pointer|
|m_axi_gmem0_0_RUSER                                                                                                                                                                |   in|    1|       m_axi|                                                                                                                                                                              gmem0|       pointer|
|m_axi_gmem0_0_RRESP                                                                                                                                                                |   in|    2|       m_axi|                                                                                                                                                                              gmem0|       pointer|
|m_axi_gmem0_0_BVALID                                                                                                                                                               |   in|    1|       m_axi|                                                                                                                                                                              gmem0|       pointer|
|m_axi_gmem0_0_BREADY                                                                                                                                                               |  out|    1|       m_axi|                                                                                                                                                                              gmem0|       pointer|
|m_axi_gmem0_0_BRESP                                                                                                                                                                |   in|    2|       m_axi|                                                                                                                                                                              gmem0|       pointer|
|m_axi_gmem0_0_BID                                                                                                                                                                  |   in|    1|       m_axi|                                                                                                                                                                              gmem0|       pointer|
|m_axi_gmem0_0_BUSER                                                                                                                                                                |   in|    1|       m_axi|                                                                                                                                                                              gmem0|       pointer|
|outputConv                                                                                                                                                                         |   in|   64|     ap_none|                                                                                                                                                                         outputConv|        scalar|
|conv1_ap_fixed_ap_fixed_ap_fixed_ap_fixed_8_5_5_3_0_local_bias_7_load                                                                                                              |   in|    8|     ap_none|                                                                                                              conv1_ap_fixed_ap_fixed_ap_fixed_ap_fixed_8_5_5_3_0_local_bias_7_load|        scalar|
|conv1_ap_fixed_ap_fixed_ap_fixed_ap_fixed_8_5_5_3_0_local_bias_6_load                                                                                                              |   in|    8|     ap_none|                                                                                                              conv1_ap_fixed_ap_fixed_ap_fixed_ap_fixed_8_5_5_3_0_local_bias_6_load|        scalar|
|conv1_ap_fixed_ap_fixed_ap_fixed_ap_fixed_8_5_5_3_0_local_bias_5_load                                                                                                              |   in|    8|     ap_none|                                                                                                              conv1_ap_fixed_ap_fixed_ap_fixed_ap_fixed_8_5_5_3_0_local_bias_5_load|        scalar|
|conv1_ap_fixed_ap_fixed_ap_fixed_ap_fixed_8_5_5_3_0_local_bias_4_load                                                                                                              |   in|    8|     ap_none|                                                                                                              conv1_ap_fixed_ap_fixed_ap_fixed_ap_fixed_8_5_5_3_0_local_bias_4_load|        scalar|
|conv1_ap_fixed_ap_fixed_ap_fixed_ap_fixed_8_5_5_3_0_local_bias_3_load                                                                                                              |   in|    8|     ap_none|                                                                                                              conv1_ap_fixed_ap_fixed_ap_fixed_ap_fixed_8_5_5_3_0_local_bias_3_load|        scalar|
|conv1_ap_fixed_ap_fixed_ap_fixed_ap_fixed_8_5_5_3_0_local_bias_2_load                                                                                                              |   in|    8|     ap_none|                                                                                                              conv1_ap_fixed_ap_fixed_ap_fixed_ap_fixed_8_5_5_3_0_local_bias_2_load|        scalar|
|conv1_ap_fixed_ap_fixed_ap_fixed_ap_fixed_8_5_5_3_0_local_bias_1_load                                                                                                              |   in|    8|     ap_none|                                                                                                              conv1_ap_fixed_ap_fixed_ap_fixed_ap_fixed_8_5_5_3_0_local_bias_1_load|        scalar|
|conv1_ap_fixed_ap_fixed_ap_fixed_ap_fixed_8_5_5_3_0_local_bias_load                                                                                                                |   in|    8|     ap_none|                                                                                                                conv1_ap_fixed_ap_fixed_ap_fixed_ap_fixed_8_5_5_3_0_local_bias_load|        scalar|
|conv1_ap_fixed_ap_fixed_ap_fixed_ap_fixed_8_5_5_3_0_local_weight_5_load                                                                                                            |   in|    8|     ap_none|                                                                                                            conv1_ap_fixed_ap_fixed_ap_fixed_ap_fixed_8_5_5_3_0_local_weight_5_load|        scalar|
|conv1_ap_fixed_8_5_ap_q_mode_5_ap_o_mode_3_0_ap_fixed_8_5_ap_q_mode_5_ap_o_mode_3_0_ap_fixed_8_5_ap_q_mode_5_ap_o_mode_3_0_ap_fixed_8_5_ap_q_mode_5_ap_o_mode_3_0_local_wei_62     |   in|    8|     ap_none|     conv1_ap_fixed_8_5_ap_q_mode_5_ap_o_mode_3_0_ap_fixed_8_5_ap_q_mode_5_ap_o_mode_3_0_ap_fixed_8_5_ap_q_mode_5_ap_o_mode_3_0_ap_fixed_8_5_ap_q_mode_5_ap_o_mode_3_0_local_wei_62|        scalar|
|conv1_ap_fixed_8_5_ap_q_mode_5_ap_o_mode_3_0_ap_fixed_8_5_ap_q_mode_5_ap_o_mode_3_0_ap_fixed_8_5_ap_q_mode_5_ap_o_mode_3_0_ap_fixed_8_5_ap_q_mode_5_ap_o_mode_3_0_local_wei_63     |   in|    8|     ap_none|     conv1_ap_fixed_8_5_ap_q_mode_5_ap_o_mode_3_0_ap_fixed_8_5_ap_q_mode_5_ap_o_mode_3_0_ap_fixed_8_5_ap_q_mode_5_ap_o_mode_3_0_ap_fixed_8_5_ap_q_mode_5_ap_o_mode_3_0_local_wei_63|        scalar|
|conv1_ap_fixed_8_5_ap_q_mode_5_ap_o_mode_3_0_ap_fixed_8_5_ap_q_mode_5_ap_o_mode_3_0_ap_fixed_8_5_ap_q_mode_5_ap_o_mode_3_0_ap_fixed_8_5_ap_q_mode_5_ap_o_mode_3_0_local_wei_64     |   in|    8|     ap_none|     conv1_ap_fixed_8_5_ap_q_mode_5_ap_o_mode_3_0_ap_fixed_8_5_ap_q_mode_5_ap_o_mode_3_0_ap_fixed_8_5_ap_q_mode_5_ap_o_mode_3_0_ap_fixed_8_5_ap_q_mode_5_ap_o_mode_3_0_local_wei_64|        scalar|
|conv1_ap_fixed_8_5_ap_q_mode_5_ap_o_mode_3_0_ap_fixed_8_5_ap_q_mode_5_ap_o_mode_3_0_ap_fixed_8_5_ap_q_mode_5_ap_o_mode_3_0_ap_fixed_8_5_ap_q_mode_5_ap_o_mode_3_0_local_wei_65     |   in|    8|     ap_none|     conv1_ap_fixed_8_5_ap_q_mode_5_ap_o_mode_3_0_ap_fixed_8_5_ap_q_mode_5_ap_o_mode_3_0_ap_fixed_8_5_ap_q_mode_5_ap_o_mode_3_0_ap_fixed_8_5_ap_q_mode_5_ap_o_mode_3_0_local_wei_65|        scalar|
|conv1_ap_fixed_8_5_ap_q_mode_5_ap_o_mode_3_0_ap_fixed_8_5_ap_q_mode_5_ap_o_mode_3_0_ap_fixed_8_5_ap_q_mode_5_ap_o_mode_3_0_ap_fixed_8_5_ap_q_mode_5_ap_o_mode_3_0_local_wei_66     |   in|    8|     ap_none|     conv1_ap_fixed_8_5_ap_q_mode_5_ap_o_mode_3_0_ap_fixed_8_5_ap_q_mode_5_ap_o_mode_3_0_ap_fixed_8_5_ap_q_mode_5_ap_o_mode_3_0_ap_fixed_8_5_ap_q_mode_5_ap_o_mode_3_0_local_wei_66|        scalar|
|conv1_ap_fixed_8_5_ap_q_mode_5_ap_o_mode_3_0_ap_fixed_8_5_ap_q_mode_5_ap_o_mode_3_0_ap_fixed_8_5_ap_q_mode_5_ap_o_mode_3_0_ap_fixed_8_5_ap_q_mode_5_ap_o_mode_3_0_local_wei_67     |   in|    8|     ap_none|     conv1_ap_fixed_8_5_ap_q_mode_5_ap_o_mode_3_0_ap_fixed_8_5_ap_q_mode_5_ap_o_mode_3_0_ap_fixed_8_5_ap_q_mode_5_ap_o_mode_3_0_ap_fixed_8_5_ap_q_mode_5_ap_o_mode_3_0_local_wei_67|        scalar|
|conv1_ap_fixed_8_5_ap_q_mode_5_ap_o_mode_3_0_ap_fixed_8_5_ap_q_mode_5_ap_o_mode_3_0_ap_fixed_8_5_ap_q_mode_5_ap_o_mode_3_0_ap_fixed_8_5_ap_q_mode_5_ap_o_mode_3_0_local_wei_68     |   in|    8|     ap_none|     conv1_ap_fixed_8_5_ap_q_mode_5_ap_o_mode_3_0_ap_fixed_8_5_ap_q_mode_5_ap_o_mode_3_0_ap_fixed_8_5_ap_q_mode_5_ap_o_mode_3_0_ap_fixed_8_5_ap_q_mode_5_ap_o_mode_3_0_local_wei_68|        scalar|
|temp_address0                                                                                                                                                                      |  out|    6|   ap_memory|                                                                                                                                                                               temp|         array|
|temp_ce0                                                                                                                                                                           |  out|    1|   ap_memory|                                                                                                                                                                               temp|         array|
|temp_q0                                                                                                                                                                            |   in|    8|   ap_memory|                                                                                                                                                                               temp|         array|
|temp_1_address0                                                                                                                                                                    |  out|    6|   ap_memory|                                                                                                                                                                             temp_1|         array|
|temp_1_ce0                                                                                                                                                                         |  out|    1|   ap_memory|                                                                                                                                                                             temp_1|         array|
|temp_1_q0                                                                                                                                                                          |   in|    8|   ap_memory|                                                                                                                                                                             temp_1|         array|
|temp_2_address0                                                                                                                                                                    |  out|    6|   ap_memory|                                                                                                                                                                             temp_2|         array|
|temp_2_ce0                                                                                                                                                                         |  out|    1|   ap_memory|                                                                                                                                                                             temp_2|         array|
|temp_2_q0                                                                                                                                                                          |   in|    8|   ap_memory|                                                                                                                                                                             temp_2|         array|
|temp_3_address0                                                                                                                                                                    |  out|    6|   ap_memory|                                                                                                                                                                             temp_3|         array|
|temp_3_ce0                                                                                                                                                                         |  out|    1|   ap_memory|                                                                                                                                                                             temp_3|         array|
|temp_3_q0                                                                                                                                                                          |   in|    8|   ap_memory|                                                                                                                                                                             temp_3|         array|
|temp_4_address0                                                                                                                                                                    |  out|    6|   ap_memory|                                                                                                                                                                             temp_4|         array|
|temp_4_ce0                                                                                                                                                                         |  out|    1|   ap_memory|                                                                                                                                                                             temp_4|         array|
|temp_4_q0                                                                                                                                                                          |   in|    8|   ap_memory|                                                                                                                                                                             temp_4|         array|
|temp_5_address0                                                                                                                                                                    |  out|    6|   ap_memory|                                                                                                                                                                             temp_5|         array|
|temp_5_ce0                                                                                                                                                                         |  out|    1|   ap_memory|                                                                                                                                                                             temp_5|         array|
|temp_5_q0                                                                                                                                                                          |   in|    8|   ap_memory|                                                                                                                                                                             temp_5|         array|
|temp_6_address0                                                                                                                                                                    |  out|    6|   ap_memory|                                                                                                                                                                             temp_6|         array|
|temp_6_ce0                                                                                                                                                                         |  out|    1|   ap_memory|                                                                                                                                                                             temp_6|         array|
|temp_6_q0                                                                                                                                                                          |   in|    8|   ap_memory|                                                                                                                                                                             temp_6|         array|
|temp_7_address0                                                                                                                                                                    |  out|    6|   ap_memory|                                                                                                                                                                             temp_7|         array|
|temp_7_ce0                                                                                                                                                                         |  out|    1|   ap_memory|                                                                                                                                                                             temp_7|         array|
|temp_7_q0                                                                                                                                                                          |   in|    8|   ap_memory|                                                                                                                                                                             temp_7|         array|
|temp_8_address0                                                                                                                                                                    |  out|    6|   ap_memory|                                                                                                                                                                             temp_8|         array|
|temp_8_ce0                                                                                                                                                                         |  out|    1|   ap_memory|                                                                                                                                                                             temp_8|         array|
|temp_8_q0                                                                                                                                                                          |   in|    8|   ap_memory|                                                                                                                                                                             temp_8|         array|
|temp_9_address0                                                                                                                                                                    |  out|    6|   ap_memory|                                                                                                                                                                             temp_9|         array|
|temp_9_ce0                                                                                                                                                                         |  out|    1|   ap_memory|                                                                                                                                                                             temp_9|         array|
|temp_9_q0                                                                                                                                                                          |   in|    8|   ap_memory|                                                                                                                                                                             temp_9|         array|
|temp_10_address0                                                                                                                                                                   |  out|    6|   ap_memory|                                                                                                                                                                            temp_10|         array|
|temp_10_ce0                                                                                                                                                                        |  out|    1|   ap_memory|                                                                                                                                                                            temp_10|         array|
|temp_10_q0                                                                                                                                                                         |   in|    8|   ap_memory|                                                                                                                                                                            temp_10|         array|
|temp_11_address0                                                                                                                                                                   |  out|    6|   ap_memory|                                                                                                                                                                            temp_11|         array|
|temp_11_ce0                                                                                                                                                                        |  out|    1|   ap_memory|                                                                                                                                                                            temp_11|         array|
|temp_11_q0                                                                                                                                                                         |   in|    8|   ap_memory|                                                                                                                                                                            temp_11|         array|
|temp_12_address0                                                                                                                                                                   |  out|    6|   ap_memory|                                                                                                                                                                            temp_12|         array|
|temp_12_ce0                                                                                                                                                                        |  out|    1|   ap_memory|                                                                                                                                                                            temp_12|         array|
|temp_12_q0                                                                                                                                                                         |   in|    8|   ap_memory|                                                                                                                                                                            temp_12|         array|
|temp_13_address0                                                                                                                                                                   |  out|    6|   ap_memory|                                                                                                                                                                            temp_13|         array|
|temp_13_ce0                                                                                                                                                                        |  out|    1|   ap_memory|                                                                                                                                                                            temp_13|         array|
|temp_13_q0                                                                                                                                                                         |   in|    8|   ap_memory|                                                                                                                                                                            temp_13|         array|
|temp_14_address0                                                                                                                                                                   |  out|    6|   ap_memory|                                                                                                                                                                            temp_14|         array|
|temp_14_ce0                                                                                                                                                                        |  out|    1|   ap_memory|                                                                                                                                                                            temp_14|         array|
|temp_14_q0                                                                                                                                                                         |   in|    8|   ap_memory|                                                                                                                                                                            temp_14|         array|
|temp_15_address0                                                                                                                                                                   |  out|    6|   ap_memory|                                                                                                                                                                            temp_15|         array|
|temp_15_ce0                                                                                                                                                                        |  out|    1|   ap_memory|                                                                                                                                                                            temp_15|         array|
|temp_15_q0                                                                                                                                                                         |   in|    8|   ap_memory|                                                                                                                                                                            temp_15|         array|
|conv1_ap_fixed_ap_fixed_ap_fixed_ap_fixed_8_5_5_3_0_local_weight_9_load                                                                                                            |   in|    8|     ap_none|                                                                                                            conv1_ap_fixed_ap_fixed_ap_fixed_ap_fixed_8_5_5_3_0_local_weight_9_load|        scalar|
|conv1_ap_fixed_ap_fixed_ap_fixed_ap_fixed_8_5_5_3_0_local_weight_load                                                                                                              |   in|    8|     ap_none|                                                                                                              conv1_ap_fixed_ap_fixed_ap_fixed_ap_fixed_8_5_5_3_0_local_weight_load|        scalar|
|conv1_ap_fixed_8_5_ap_q_mode_5_ap_o_mode_3_0_ap_fixed_8_5_ap_q_mode_5_ap_o_mode_3_0_ap_fixed_8_5_ap_q_mode_5_ap_o_mode_3_0_ap_fixed_8_5_ap_q_mode_5_ap_o_mode_3_0_local_wei_69     |   in|    8|     ap_none|     conv1_ap_fixed_8_5_ap_q_mode_5_ap_o_mode_3_0_ap_fixed_8_5_ap_q_mode_5_ap_o_mode_3_0_ap_fixed_8_5_ap_q_mode_5_ap_o_mode_3_0_ap_fixed_8_5_ap_q_mode_5_ap_o_mode_3_0_local_wei_69|        scalar|
|conv1_ap_fixed_8_5_ap_q_mode_5_ap_o_mode_3_0_ap_fixed_8_5_ap_q_mode_5_ap_o_mode_3_0_ap_fixed_8_5_ap_q_mode_5_ap_o_mode_3_0_ap_fixed_8_5_ap_q_mode_5_ap_o_mode_3_0_local_wei_70     |   in|    8|     ap_none|     conv1_ap_fixed_8_5_ap_q_mode_5_ap_o_mode_3_0_ap_fixed_8_5_ap_q_mode_5_ap_o_mode_3_0_ap_fixed_8_5_ap_q_mode_5_ap_o_mode_3_0_ap_fixed_8_5_ap_q_mode_5_ap_o_mode_3_0_local_wei_70|        scalar|
|conv1_ap_fixed_8_5_ap_q_mode_5_ap_o_mode_3_0_ap_fixed_8_5_ap_q_mode_5_ap_o_mode_3_0_ap_fixed_8_5_ap_q_mode_5_ap_o_mode_3_0_ap_fixed_8_5_ap_q_mode_5_ap_o_mode_3_0_local_wei_71     |   in|    8|     ap_none|     conv1_ap_fixed_8_5_ap_q_mode_5_ap_o_mode_3_0_ap_fixed_8_5_ap_q_mode_5_ap_o_mode_3_0_ap_fixed_8_5_ap_q_mode_5_ap_o_mode_3_0_ap_fixed_8_5_ap_q_mode_5_ap_o_mode_3_0_local_wei_71|        scalar|
|conv1_ap_fixed_8_5_ap_q_mode_5_ap_o_mode_3_0_ap_fixed_8_5_ap_q_mode_5_ap_o_mode_3_0_ap_fixed_8_5_ap_q_mode_5_ap_o_mode_3_0_ap_fixed_8_5_ap_q_mode_5_ap_o_mode_3_0_local_wei_72     |   in|    8|     ap_none|     conv1_ap_fixed_8_5_ap_q_mode_5_ap_o_mode_3_0_ap_fixed_8_5_ap_q_mode_5_ap_o_mode_3_0_ap_fixed_8_5_ap_q_mode_5_ap_o_mode_3_0_ap_fixed_8_5_ap_q_mode_5_ap_o_mode_3_0_local_wei_72|        scalar|
|conv1_ap_fixed_8_5_ap_q_mode_5_ap_o_mode_3_0_ap_fixed_8_5_ap_q_mode_5_ap_o_mode_3_0_ap_fixed_8_5_ap_q_mode_5_ap_o_mode_3_0_ap_fixed_8_5_ap_q_mode_5_ap_o_mode_3_0_local_wei_73     |   in|    8|     ap_none|     conv1_ap_fixed_8_5_ap_q_mode_5_ap_o_mode_3_0_ap_fixed_8_5_ap_q_mode_5_ap_o_mode_3_0_ap_fixed_8_5_ap_q_mode_5_ap_o_mode_3_0_ap_fixed_8_5_ap_q_mode_5_ap_o_mode_3_0_local_wei_73|        scalar|
|conv1_ap_fixed_8_5_ap_q_mode_5_ap_o_mode_3_0_ap_fixed_8_5_ap_q_mode_5_ap_o_mode_3_0_ap_fixed_8_5_ap_q_mode_5_ap_o_mode_3_0_ap_fixed_8_5_ap_q_mode_5_ap_o_mode_3_0_local_wei_74     |   in|    8|     ap_none|     conv1_ap_fixed_8_5_ap_q_mode_5_ap_o_mode_3_0_ap_fixed_8_5_ap_q_mode_5_ap_o_mode_3_0_ap_fixed_8_5_ap_q_mode_5_ap_o_mode_3_0_ap_fixed_8_5_ap_q_mode_5_ap_o_mode_3_0_local_wei_74|        scalar|
|conv1_ap_fixed_ap_fixed_ap_fixed_ap_fixed_8_5_5_3_0_local_weight_8_load                                                                                                            |   in|    8|     ap_none|                                                                                                            conv1_ap_fixed_ap_fixed_ap_fixed_ap_fixed_8_5_5_3_0_local_weight_8_load|        scalar|
|conv1_ap_fixed_8_5_ap_q_mode_5_ap_o_mode_3_0_ap_fixed_8_5_ap_q_mode_5_ap_o_mode_3_0_ap_fixed_8_5_ap_q_mode_5_ap_o_mode_3_0_ap_fixed_8_5_ap_q_mode_5_ap_o_mode_3_0_local_wei_75     |   in|    8|     ap_none|     conv1_ap_fixed_8_5_ap_q_mode_5_ap_o_mode_3_0_ap_fixed_8_5_ap_q_mode_5_ap_o_mode_3_0_ap_fixed_8_5_ap_q_mode_5_ap_o_mode_3_0_ap_fixed_8_5_ap_q_mode_5_ap_o_mode_3_0_local_wei_75|        scalar|
|conv1_ap_fixed_8_5_ap_q_mode_5_ap_o_mode_3_0_ap_fixed_8_5_ap_q_mode_5_ap_o_mode_3_0_ap_fixed_8_5_ap_q_mode_5_ap_o_mode_3_0_ap_fixed_8_5_ap_q_mode_5_ap_o_mode_3_0_local_wei_76     |   in|    8|     ap_none|     conv1_ap_fixed_8_5_ap_q_mode_5_ap_o_mode_3_0_ap_fixed_8_5_ap_q_mode_5_ap_o_mode_3_0_ap_fixed_8_5_ap_q_mode_5_ap_o_mode_3_0_ap_fixed_8_5_ap_q_mode_5_ap_o_mode_3_0_local_wei_76|        scalar|
|conv1_ap_fixed_8_5_ap_q_mode_5_ap_o_mode_3_0_ap_fixed_8_5_ap_q_mode_5_ap_o_mode_3_0_ap_fixed_8_5_ap_q_mode_5_ap_o_mode_3_0_ap_fixed_8_5_ap_q_mode_5_ap_o_mode_3_0_local_wei_77     |   in|    8|     ap_none|     conv1_ap_fixed_8_5_ap_q_mode_5_ap_o_mode_3_0_ap_fixed_8_5_ap_q_mode_5_ap_o_mode_3_0_ap_fixed_8_5_ap_q_mode_5_ap_o_mode_3_0_ap_fixed_8_5_ap_q_mode_5_ap_o_mode_3_0_local_wei_77|        scalar|
|conv1_ap_fixed_8_5_ap_q_mode_5_ap_o_mode_3_0_ap_fixed_8_5_ap_q_mode_5_ap_o_mode_3_0_ap_fixed_8_5_ap_q_mode_5_ap_o_mode_3_0_ap_fixed_8_5_ap_q_mode_5_ap_o_mode_3_0_local_wei_78     |   in|    8|     ap_none|     conv1_ap_fixed_8_5_ap_q_mode_5_ap_o_mode_3_0_ap_fixed_8_5_ap_q_mode_5_ap_o_mode_3_0_ap_fixed_8_5_ap_q_mode_5_ap_o_mode_3_0_ap_fixed_8_5_ap_q_mode_5_ap_o_mode_3_0_local_wei_78|        scalar|
|conv1_ap_fixed_8_5_ap_q_mode_5_ap_o_mode_3_0_ap_fixed_8_5_ap_q_mode_5_ap_o_mode_3_0_ap_fixed_8_5_ap_q_mode_5_ap_o_mode_3_0_ap_fixed_8_5_ap_q_mode_5_ap_o_mode_3_0_local_wei_79     |   in|    8|     ap_none|     conv1_ap_fixed_8_5_ap_q_mode_5_ap_o_mode_3_0_ap_fixed_8_5_ap_q_mode_5_ap_o_mode_3_0_ap_fixed_8_5_ap_q_mode_5_ap_o_mode_3_0_ap_fixed_8_5_ap_q_mode_5_ap_o_mode_3_0_local_wei_79|        scalar|
|conv1_ap_fixed_8_5_ap_q_mode_5_ap_o_mode_3_0_ap_fixed_8_5_ap_q_mode_5_ap_o_mode_3_0_ap_fixed_8_5_ap_q_mode_5_ap_o_mode_3_0_ap_fixed_8_5_ap_q_mode_5_ap_o_mode_3_0_local_wei_80     |   in|    8|     ap_none|     conv1_ap_fixed_8_5_ap_q_mode_5_ap_o_mode_3_0_ap_fixed_8_5_ap_q_mode_5_ap_o_mode_3_0_ap_fixed_8_5_ap_q_mode_5_ap_o_mode_3_0_ap_fixed_8_5_ap_q_mode_5_ap_o_mode_3_0_local_wei_80|        scalar|
|conv1_ap_fixed_8_5_ap_q_mode_5_ap_o_mode_3_0_ap_fixed_8_5_ap_q_mode_5_ap_o_mode_3_0_ap_fixed_8_5_ap_q_mode_5_ap_o_mode_3_0_ap_fixed_8_5_ap_q_mode_5_ap_o_mode_3_0_local_wei_81     |   in|    8|     ap_none|     conv1_ap_fixed_8_5_ap_q_mode_5_ap_o_mode_3_0_ap_fixed_8_5_ap_q_mode_5_ap_o_mode_3_0_ap_fixed_8_5_ap_q_mode_5_ap_o_mode_3_0_ap_fixed_8_5_ap_q_mode_5_ap_o_mode_3_0_local_wei_81|        scalar|
|conv1_ap_fixed_ap_fixed_ap_fixed_ap_fixed_8_5_5_3_0_local_weight_7_load                                                                                                            |   in|    8|     ap_none|                                                                                                            conv1_ap_fixed_ap_fixed_ap_fixed_ap_fixed_8_5_5_3_0_local_weight_7_load|        scalar|
|conv1_ap_fixed_8_5_ap_q_mode_5_ap_o_mode_3_0_ap_fixed_8_5_ap_q_mode_5_ap_o_mode_3_0_ap_fixed_8_5_ap_q_mode_5_ap_o_mode_3_0_ap_fixed_8_5_ap_q_mode_5_ap_o_mode_3_0_local_wei_82     |   in|    8|     ap_none|     conv1_ap_fixed_8_5_ap_q_mode_5_ap_o_mode_3_0_ap_fixed_8_5_ap_q_mode_5_ap_o_mode_3_0_ap_fixed_8_5_ap_q_mode_5_ap_o_mode_3_0_ap_fixed_8_5_ap_q_mode_5_ap_o_mode_3_0_local_wei_82|        scalar|
|conv1_ap_fixed_8_5_ap_q_mode_5_ap_o_mode_3_0_ap_fixed_8_5_ap_q_mode_5_ap_o_mode_3_0_ap_fixed_8_5_ap_q_mode_5_ap_o_mode_3_0_ap_fixed_8_5_ap_q_mode_5_ap_o_mode_3_0_local_wei_83     |   in|    8|     ap_none|     conv1_ap_fixed_8_5_ap_q_mode_5_ap_o_mode_3_0_ap_fixed_8_5_ap_q_mode_5_ap_o_mode_3_0_ap_fixed_8_5_ap_q_mode_5_ap_o_mode_3_0_ap_fixed_8_5_ap_q_mode_5_ap_o_mode_3_0_local_wei_83|        scalar|
|conv1_ap_fixed_8_5_ap_q_mode_5_ap_o_mode_3_0_ap_fixed_8_5_ap_q_mode_5_ap_o_mode_3_0_ap_fixed_8_5_ap_q_mode_5_ap_o_mode_3_0_ap_fixed_8_5_ap_q_mode_5_ap_o_mode_3_0_local_wei_84     |   in|    8|     ap_none|     conv1_ap_fixed_8_5_ap_q_mode_5_ap_o_mode_3_0_ap_fixed_8_5_ap_q_mode_5_ap_o_mode_3_0_ap_fixed_8_5_ap_q_mode_5_ap_o_mode_3_0_ap_fixed_8_5_ap_q_mode_5_ap_o_mode_3_0_local_wei_84|        scalar|
|conv1_ap_fixed_8_5_ap_q_mode_5_ap_o_mode_3_0_ap_fixed_8_5_ap_q_mode_5_ap_o_mode_3_0_ap_fixed_8_5_ap_q_mode_5_ap_o_mode_3_0_ap_fixed_8_5_ap_q_mode_5_ap_o_mode_3_0_local_wei_85     |   in|    8|     ap_none|     conv1_ap_fixed_8_5_ap_q_mode_5_ap_o_mode_3_0_ap_fixed_8_5_ap_q_mode_5_ap_o_mode_3_0_ap_fixed_8_5_ap_q_mode_5_ap_o_mode_3_0_ap_fixed_8_5_ap_q_mode_5_ap_o_mode_3_0_local_wei_85|        scalar|
|conv1_ap_fixed_8_5_ap_q_mode_5_ap_o_mode_3_0_ap_fixed_8_5_ap_q_mode_5_ap_o_mode_3_0_ap_fixed_8_5_ap_q_mode_5_ap_o_mode_3_0_ap_fixed_8_5_ap_q_mode_5_ap_o_mode_3_0_local_wei_86     |   in|    8|     ap_none|     conv1_ap_fixed_8_5_ap_q_mode_5_ap_o_mode_3_0_ap_fixed_8_5_ap_q_mode_5_ap_o_mode_3_0_ap_fixed_8_5_ap_q_mode_5_ap_o_mode_3_0_ap_fixed_8_5_ap_q_mode_5_ap_o_mode_3_0_local_wei_86|        scalar|
|conv1_ap_fixed_8_5_ap_q_mode_5_ap_o_mode_3_0_ap_fixed_8_5_ap_q_mode_5_ap_o_mode_3_0_ap_fixed_8_5_ap_q_mode_5_ap_o_mode_3_0_ap_fixed_8_5_ap_q_mode_5_ap_o_mode_3_0_local_wei_87     |   in|    8|     ap_none|     conv1_ap_fixed_8_5_ap_q_mode_5_ap_o_mode_3_0_ap_fixed_8_5_ap_q_mode_5_ap_o_mode_3_0_ap_fixed_8_5_ap_q_mode_5_ap_o_mode_3_0_ap_fixed_8_5_ap_q_mode_5_ap_o_mode_3_0_local_wei_87|        scalar|
|conv1_ap_fixed_8_5_ap_q_mode_5_ap_o_mode_3_0_ap_fixed_8_5_ap_q_mode_5_ap_o_mode_3_0_ap_fixed_8_5_ap_q_mode_5_ap_o_mode_3_0_ap_fixed_8_5_ap_q_mode_5_ap_o_mode_3_0_local_wei_88     |   in|    8|     ap_none|     conv1_ap_fixed_8_5_ap_q_mode_5_ap_o_mode_3_0_ap_fixed_8_5_ap_q_mode_5_ap_o_mode_3_0_ap_fixed_8_5_ap_q_mode_5_ap_o_mode_3_0_ap_fixed_8_5_ap_q_mode_5_ap_o_mode_3_0_local_wei_88|        scalar|
|conv1_ap_fixed_ap_fixed_ap_fixed_ap_fixed_8_5_5_3_0_local_weight_6_load                                                                                                            |   in|    8|     ap_none|                                                                                                            conv1_ap_fixed_ap_fixed_ap_fixed_ap_fixed_8_5_5_3_0_local_weight_6_load|        scalar|
|conv1_ap_fixed_8_5_ap_q_mode_5_ap_o_mode_3_0_ap_fixed_8_5_ap_q_mode_5_ap_o_mode_3_0_ap_fixed_8_5_ap_q_mode_5_ap_o_mode_3_0_ap_fixed_8_5_ap_q_mode_5_ap_o_mode_3_0_local_wei_89     |   in|    8|     ap_none|     conv1_ap_fixed_8_5_ap_q_mode_5_ap_o_mode_3_0_ap_fixed_8_5_ap_q_mode_5_ap_o_mode_3_0_ap_fixed_8_5_ap_q_mode_5_ap_o_mode_3_0_ap_fixed_8_5_ap_q_mode_5_ap_o_mode_3_0_local_wei_89|        scalar|
|conv1_ap_fixed_8_5_ap_q_mode_5_ap_o_mode_3_0_ap_fixed_8_5_ap_q_mode_5_ap_o_mode_3_0_ap_fixed_8_5_ap_q_mode_5_ap_o_mode_3_0_ap_fixed_8_5_ap_q_mode_5_ap_o_mode_3_0_local_wei_90     |   in|    8|     ap_none|     conv1_ap_fixed_8_5_ap_q_mode_5_ap_o_mode_3_0_ap_fixed_8_5_ap_q_mode_5_ap_o_mode_3_0_ap_fixed_8_5_ap_q_mode_5_ap_o_mode_3_0_ap_fixed_8_5_ap_q_mode_5_ap_o_mode_3_0_local_wei_90|        scalar|
|conv1_ap_fixed_8_5_ap_q_mode_5_ap_o_mode_3_0_ap_fixed_8_5_ap_q_mode_5_ap_o_mode_3_0_ap_fixed_8_5_ap_q_mode_5_ap_o_mode_3_0_ap_fixed_8_5_ap_q_mode_5_ap_o_mode_3_0_local_wei_91     |   in|    8|     ap_none|     conv1_ap_fixed_8_5_ap_q_mode_5_ap_o_mode_3_0_ap_fixed_8_5_ap_q_mode_5_ap_o_mode_3_0_ap_fixed_8_5_ap_q_mode_5_ap_o_mode_3_0_ap_fixed_8_5_ap_q_mode_5_ap_o_mode_3_0_local_wei_91|        scalar|
|conv1_ap_fixed_8_5_ap_q_mode_5_ap_o_mode_3_0_ap_fixed_8_5_ap_q_mode_5_ap_o_mode_3_0_ap_fixed_8_5_ap_q_mode_5_ap_o_mode_3_0_ap_fixed_8_5_ap_q_mode_5_ap_o_mode_3_0_local_wei_92     |   in|    8|     ap_none|     conv1_ap_fixed_8_5_ap_q_mode_5_ap_o_mode_3_0_ap_fixed_8_5_ap_q_mode_5_ap_o_mode_3_0_ap_fixed_8_5_ap_q_mode_5_ap_o_mode_3_0_ap_fixed_8_5_ap_q_mode_5_ap_o_mode_3_0_local_wei_92|        scalar|
|conv1_ap_fixed_8_5_ap_q_mode_5_ap_o_mode_3_0_ap_fixed_8_5_ap_q_mode_5_ap_o_mode_3_0_ap_fixed_8_5_ap_q_mode_5_ap_o_mode_3_0_ap_fixed_8_5_ap_q_mode_5_ap_o_mode_3_0_local_wei_93     |   in|    8|     ap_none|     conv1_ap_fixed_8_5_ap_q_mode_5_ap_o_mode_3_0_ap_fixed_8_5_ap_q_mode_5_ap_o_mode_3_0_ap_fixed_8_5_ap_q_mode_5_ap_o_mode_3_0_ap_fixed_8_5_ap_q_mode_5_ap_o_mode_3_0_local_wei_93|        scalar|
|conv1_ap_fixed_8_5_ap_q_mode_5_ap_o_mode_3_0_ap_fixed_8_5_ap_q_mode_5_ap_o_mode_3_0_ap_fixed_8_5_ap_q_mode_5_ap_o_mode_3_0_ap_fixed_8_5_ap_q_mode_5_ap_o_mode_3_0_local_wei_94     |   in|    8|     ap_none|     conv1_ap_fixed_8_5_ap_q_mode_5_ap_o_mode_3_0_ap_fixed_8_5_ap_q_mode_5_ap_o_mode_3_0_ap_fixed_8_5_ap_q_mode_5_ap_o_mode_3_0_ap_fixed_8_5_ap_q_mode_5_ap_o_mode_3_0_local_wei_94|        scalar|
|conv1_ap_fixed_8_5_ap_q_mode_5_ap_o_mode_3_0_ap_fixed_8_5_ap_q_mode_5_ap_o_mode_3_0_ap_fixed_8_5_ap_q_mode_5_ap_o_mode_3_0_ap_fixed_8_5_ap_q_mode_5_ap_o_mode_3_0_local_wei_95     |   in|    8|     ap_none|     conv1_ap_fixed_8_5_ap_q_mode_5_ap_o_mode_3_0_ap_fixed_8_5_ap_q_mode_5_ap_o_mode_3_0_ap_fixed_8_5_ap_q_mode_5_ap_o_mode_3_0_ap_fixed_8_5_ap_q_mode_5_ap_o_mode_3_0_local_wei_95|        scalar|
|conv1_ap_fixed_ap_fixed_ap_fixed_ap_fixed_8_5_5_3_0_local_weight_4_load                                                                                                            |   in|    8|     ap_none|                                                                                                            conv1_ap_fixed_ap_fixed_ap_fixed_ap_fixed_8_5_5_3_0_local_weight_4_load|        scalar|
|conv1_ap_fixed_8_5_ap_q_mode_5_ap_o_mode_3_0_ap_fixed_8_5_ap_q_mode_5_ap_o_mode_3_0_ap_fixed_8_5_ap_q_mode_5_ap_o_mode_3_0_ap_fixed_8_5_ap_q_mode_5_ap_o_mode_3_0_local_wei_96     |   in|    8|     ap_none|     conv1_ap_fixed_8_5_ap_q_mode_5_ap_o_mode_3_0_ap_fixed_8_5_ap_q_mode_5_ap_o_mode_3_0_ap_fixed_8_5_ap_q_mode_5_ap_o_mode_3_0_ap_fixed_8_5_ap_q_mode_5_ap_o_mode_3_0_local_wei_96|        scalar|
|conv1_ap_fixed_8_5_ap_q_mode_5_ap_o_mode_3_0_ap_fixed_8_5_ap_q_mode_5_ap_o_mode_3_0_ap_fixed_8_5_ap_q_mode_5_ap_o_mode_3_0_ap_fixed_8_5_ap_q_mode_5_ap_o_mode_3_0_local_wei_97     |   in|    8|     ap_none|     conv1_ap_fixed_8_5_ap_q_mode_5_ap_o_mode_3_0_ap_fixed_8_5_ap_q_mode_5_ap_o_mode_3_0_ap_fixed_8_5_ap_q_mode_5_ap_o_mode_3_0_ap_fixed_8_5_ap_q_mode_5_ap_o_mode_3_0_local_wei_97|        scalar|
|conv1_ap_fixed_8_5_ap_q_mode_5_ap_o_mode_3_0_ap_fixed_8_5_ap_q_mode_5_ap_o_mode_3_0_ap_fixed_8_5_ap_q_mode_5_ap_o_mode_3_0_ap_fixed_8_5_ap_q_mode_5_ap_o_mode_3_0_local_wei_98     |   in|    8|     ap_none|     conv1_ap_fixed_8_5_ap_q_mode_5_ap_o_mode_3_0_ap_fixed_8_5_ap_q_mode_5_ap_o_mode_3_0_ap_fixed_8_5_ap_q_mode_5_ap_o_mode_3_0_ap_fixed_8_5_ap_q_mode_5_ap_o_mode_3_0_local_wei_98|        scalar|
|conv1_ap_fixed_8_5_ap_q_mode_5_ap_o_mode_3_0_ap_fixed_8_5_ap_q_mode_5_ap_o_mode_3_0_ap_fixed_8_5_ap_q_mode_5_ap_o_mode_3_0_ap_fixed_8_5_ap_q_mode_5_ap_o_mode_3_0_local_wei_99     |   in|    8|     ap_none|     conv1_ap_fixed_8_5_ap_q_mode_5_ap_o_mode_3_0_ap_fixed_8_5_ap_q_mode_5_ap_o_mode_3_0_ap_fixed_8_5_ap_q_mode_5_ap_o_mode_3_0_ap_fixed_8_5_ap_q_mode_5_ap_o_mode_3_0_local_wei_99|        scalar|
|conv1_ap_fixed_8_5_ap_q_mode_5_ap_o_mode_3_0_ap_fixed_8_5_ap_q_mode_5_ap_o_mode_3_0_ap_fixed_8_5_ap_q_mode_5_ap_o_mode_3_0_ap_fixed_8_5_ap_q_mode_5_ap_o_mode_3_0_local_wei_10_51  |   in|    8|     ap_none|  conv1_ap_fixed_8_5_ap_q_mode_5_ap_o_mode_3_0_ap_fixed_8_5_ap_q_mode_5_ap_o_mode_3_0_ap_fixed_8_5_ap_q_mode_5_ap_o_mode_3_0_ap_fixed_8_5_ap_q_mode_5_ap_o_mode_3_0_local_wei_10_51|        scalar|
|conv1_ap_fixed_8_5_ap_q_mode_5_ap_o_mode_3_0_ap_fixed_8_5_ap_q_mode_5_ap_o_mode_3_0_ap_fixed_8_5_ap_q_mode_5_ap_o_mode_3_0_ap_fixed_8_5_ap_q_mode_5_ap_o_mode_3_0_local_wei_10_52  |   in|    8|     ap_none|  conv1_ap_fixed_8_5_ap_q_mode_5_ap_o_mode_3_0_ap_fixed_8_5_ap_q_mode_5_ap_o_mode_3_0_ap_fixed_8_5_ap_q_mode_5_ap_o_mode_3_0_ap_fixed_8_5_ap_q_mode_5_ap_o_mode_3_0_local_wei_10_52|        scalar|
|conv1_ap_fixed_8_5_ap_q_mode_5_ap_o_mode_3_0_ap_fixed_8_5_ap_q_mode_5_ap_o_mode_3_0_ap_fixed_8_5_ap_q_mode_5_ap_o_mode_3_0_ap_fixed_8_5_ap_q_mode_5_ap_o_mode_3_0_local_wei_10_53  |   in|    8|     ap_none|  conv1_ap_fixed_8_5_ap_q_mode_5_ap_o_mode_3_0_ap_fixed_8_5_ap_q_mode_5_ap_o_mode_3_0_ap_fixed_8_5_ap_q_mode_5_ap_o_mode_3_0_ap_fixed_8_5_ap_q_mode_5_ap_o_mode_3_0_local_wei_10_53|        scalar|
|conv1_ap_fixed_ap_fixed_ap_fixed_ap_fixed_8_5_5_3_0_local_weight_3_load                                                                                                            |   in|    8|     ap_none|                                                                                                            conv1_ap_fixed_ap_fixed_ap_fixed_ap_fixed_8_5_5_3_0_local_weight_3_load|        scalar|
|conv1_ap_fixed_8_5_ap_q_mode_5_ap_o_mode_3_0_ap_fixed_8_5_ap_q_mode_5_ap_o_mode_3_0_ap_fixed_8_5_ap_q_mode_5_ap_o_mode_3_0_ap_fixed_8_5_ap_q_mode_5_ap_o_mode_3_0_local_wei_10_54  |   in|    8|     ap_none|  conv1_ap_fixed_8_5_ap_q_mode_5_ap_o_mode_3_0_ap_fixed_8_5_ap_q_mode_5_ap_o_mode_3_0_ap_fixed_8_5_ap_q_mode_5_ap_o_mode_3_0_ap_fixed_8_5_ap_q_mode_5_ap_o_mode_3_0_local_wei_10_54|        scalar|
|conv1_ap_fixed_8_5_ap_q_mode_5_ap_o_mode_3_0_ap_fixed_8_5_ap_q_mode_5_ap_o_mode_3_0_ap_fixed_8_5_ap_q_mode_5_ap_o_mode_3_0_ap_fixed_8_5_ap_q_mode_5_ap_o_mode_3_0_local_wei_10_55  |   in|    8|     ap_none|  conv1_ap_fixed_8_5_ap_q_mode_5_ap_o_mode_3_0_ap_fixed_8_5_ap_q_mode_5_ap_o_mode_3_0_ap_fixed_8_5_ap_q_mode_5_ap_o_mode_3_0_ap_fixed_8_5_ap_q_mode_5_ap_o_mode_3_0_local_wei_10_55|        scalar|
|conv1_ap_fixed_8_5_ap_q_mode_5_ap_o_mode_3_0_ap_fixed_8_5_ap_q_mode_5_ap_o_mode_3_0_ap_fixed_8_5_ap_q_mode_5_ap_o_mode_3_0_ap_fixed_8_5_ap_q_mode_5_ap_o_mode_3_0_local_wei_10_56  |   in|    8|     ap_none|  conv1_ap_fixed_8_5_ap_q_mode_5_ap_o_mode_3_0_ap_fixed_8_5_ap_q_mode_5_ap_o_mode_3_0_ap_fixed_8_5_ap_q_mode_5_ap_o_mode_3_0_ap_fixed_8_5_ap_q_mode_5_ap_o_mode_3_0_local_wei_10_56|        scalar|
|conv1_ap_fixed_8_5_ap_q_mode_5_ap_o_mode_3_0_ap_fixed_8_5_ap_q_mode_5_ap_o_mode_3_0_ap_fixed_8_5_ap_q_mode_5_ap_o_mode_3_0_ap_fixed_8_5_ap_q_mode_5_ap_o_mode_3_0_local_wei_10_57  |   in|    8|     ap_none|  conv1_ap_fixed_8_5_ap_q_mode_5_ap_o_mode_3_0_ap_fixed_8_5_ap_q_mode_5_ap_o_mode_3_0_ap_fixed_8_5_ap_q_mode_5_ap_o_mode_3_0_ap_fixed_8_5_ap_q_mode_5_ap_o_mode_3_0_local_wei_10_57|        scalar|
|conv1_ap_fixed_8_5_ap_q_mode_5_ap_o_mode_3_0_ap_fixed_8_5_ap_q_mode_5_ap_o_mode_3_0_ap_fixed_8_5_ap_q_mode_5_ap_o_mode_3_0_ap_fixed_8_5_ap_q_mode_5_ap_o_mode_3_0_local_wei_10_58  |   in|    8|     ap_none|  conv1_ap_fixed_8_5_ap_q_mode_5_ap_o_mode_3_0_ap_fixed_8_5_ap_q_mode_5_ap_o_mode_3_0_ap_fixed_8_5_ap_q_mode_5_ap_o_mode_3_0_ap_fixed_8_5_ap_q_mode_5_ap_o_mode_3_0_local_wei_10_58|        scalar|
|conv1_ap_fixed_8_5_ap_q_mode_5_ap_o_mode_3_0_ap_fixed_8_5_ap_q_mode_5_ap_o_mode_3_0_ap_fixed_8_5_ap_q_mode_5_ap_o_mode_3_0_ap_fixed_8_5_ap_q_mode_5_ap_o_mode_3_0_local_wei_10_59  |   in|    8|     ap_none|  conv1_ap_fixed_8_5_ap_q_mode_5_ap_o_mode_3_0_ap_fixed_8_5_ap_q_mode_5_ap_o_mode_3_0_ap_fixed_8_5_ap_q_mode_5_ap_o_mode_3_0_ap_fixed_8_5_ap_q_mode_5_ap_o_mode_3_0_local_wei_10_59|        scalar|
|conv1_ap_fixed_8_5_ap_q_mode_5_ap_o_mode_3_0_ap_fixed_8_5_ap_q_mode_5_ap_o_mode_3_0_ap_fixed_8_5_ap_q_mode_5_ap_o_mode_3_0_ap_fixed_8_5_ap_q_mode_5_ap_o_mode_3_0_local_wei_10     |   in|    8|     ap_none|     conv1_ap_fixed_8_5_ap_q_mode_5_ap_o_mode_3_0_ap_fixed_8_5_ap_q_mode_5_ap_o_mode_3_0_ap_fixed_8_5_ap_q_mode_5_ap_o_mode_3_0_ap_fixed_8_5_ap_q_mode_5_ap_o_mode_3_0_local_wei_10|        scalar|
|conv1_ap_fixed_ap_fixed_ap_fixed_ap_fixed_8_5_5_3_0_local_weight_2_load                                                                                                            |   in|    8|     ap_none|                                                                                                            conv1_ap_fixed_ap_fixed_ap_fixed_ap_fixed_8_5_5_3_0_local_weight_2_load|        scalar|
|conv1_ap_fixed_8_5_ap_q_mode_5_ap_o_mode_3_0_ap_fixed_8_5_ap_q_mode_5_ap_o_mode_3_0_ap_fixed_8_5_ap_q_mode_5_ap_o_mode_3_0_ap_fixed_8_5_ap_q_mode_5_ap_o_mode_3_0_local_wei_11_60  |   in|    8|     ap_none|  conv1_ap_fixed_8_5_ap_q_mode_5_ap_o_mode_3_0_ap_fixed_8_5_ap_q_mode_5_ap_o_mode_3_0_ap_fixed_8_5_ap_q_mode_5_ap_o_mode_3_0_ap_fixed_8_5_ap_q_mode_5_ap_o_mode_3_0_local_wei_11_60|        scalar|
|conv1_ap_fixed_8_5_ap_q_mode_5_ap_o_mode_3_0_ap_fixed_8_5_ap_q_mode_5_ap_o_mode_3_0_ap_fixed_8_5_ap_q_mode_5_ap_o_mode_3_0_ap_fixed_8_5_ap_q_mode_5_ap_o_mode_3_0_local_wei_11_61  |   in|    8|     ap_none|  conv1_ap_fixed_8_5_ap_q_mode_5_ap_o_mode_3_0_ap_fixed_8_5_ap_q_mode_5_ap_o_mode_3_0_ap_fixed_8_5_ap_q_mode_5_ap_o_mode_3_0_ap_fixed_8_5_ap_q_mode_5_ap_o_mode_3_0_local_wei_11_61|        scalar|
|conv1_ap_fixed_8_5_ap_q_mode_5_ap_o_mode_3_0_ap_fixed_8_5_ap_q_mode_5_ap_o_mode_3_0_ap_fixed_8_5_ap_q_mode_5_ap_o_mode_3_0_ap_fixed_8_5_ap_q_mode_5_ap_o_mode_3_0_local_wei_11_62  |   in|    8|     ap_none|  conv1_ap_fixed_8_5_ap_q_mode_5_ap_o_mode_3_0_ap_fixed_8_5_ap_q_mode_5_ap_o_mode_3_0_ap_fixed_8_5_ap_q_mode_5_ap_o_mode_3_0_ap_fixed_8_5_ap_q_mode_5_ap_o_mode_3_0_local_wei_11_62|        scalar|
|conv1_ap_fixed_8_5_ap_q_mode_5_ap_o_mode_3_0_ap_fixed_8_5_ap_q_mode_5_ap_o_mode_3_0_ap_fixed_8_5_ap_q_mode_5_ap_o_mode_3_0_ap_fixed_8_5_ap_q_mode_5_ap_o_mode_3_0_local_wei_11_63  |   in|    8|     ap_none|  conv1_ap_fixed_8_5_ap_q_mode_5_ap_o_mode_3_0_ap_fixed_8_5_ap_q_mode_5_ap_o_mode_3_0_ap_fixed_8_5_ap_q_mode_5_ap_o_mode_3_0_ap_fixed_8_5_ap_q_mode_5_ap_o_mode_3_0_local_wei_11_63|        scalar|
|conv1_ap_fixed_8_5_ap_q_mode_5_ap_o_mode_3_0_ap_fixed_8_5_ap_q_mode_5_ap_o_mode_3_0_ap_fixed_8_5_ap_q_mode_5_ap_o_mode_3_0_ap_fixed_8_5_ap_q_mode_5_ap_o_mode_3_0_local_wei_11_64  |   in|    8|     ap_none|  conv1_ap_fixed_8_5_ap_q_mode_5_ap_o_mode_3_0_ap_fixed_8_5_ap_q_mode_5_ap_o_mode_3_0_ap_fixed_8_5_ap_q_mode_5_ap_o_mode_3_0_ap_fixed_8_5_ap_q_mode_5_ap_o_mode_3_0_local_wei_11_64|        scalar|
|conv1_ap_fixed_8_5_ap_q_mode_5_ap_o_mode_3_0_ap_fixed_8_5_ap_q_mode_5_ap_o_mode_3_0_ap_fixed_8_5_ap_q_mode_5_ap_o_mode_3_0_ap_fixed_8_5_ap_q_mode_5_ap_o_mode_3_0_local_wei_11_65  |   in|    8|     ap_none|  conv1_ap_fixed_8_5_ap_q_mode_5_ap_o_mode_3_0_ap_fixed_8_5_ap_q_mode_5_ap_o_mode_3_0_ap_fixed_8_5_ap_q_mode_5_ap_o_mode_3_0_ap_fixed_8_5_ap_q_mode_5_ap_o_mode_3_0_local_wei_11_65|        scalar|
|conv1_ap_fixed_8_5_ap_q_mode_5_ap_o_mode_3_0_ap_fixed_8_5_ap_q_mode_5_ap_o_mode_3_0_ap_fixed_8_5_ap_q_mode_5_ap_o_mode_3_0_ap_fixed_8_5_ap_q_mode_5_ap_o_mode_3_0_local_wei_11_66  |   in|    8|     ap_none|  conv1_ap_fixed_8_5_ap_q_mode_5_ap_o_mode_3_0_ap_fixed_8_5_ap_q_mode_5_ap_o_mode_3_0_ap_fixed_8_5_ap_q_mode_5_ap_o_mode_3_0_ap_fixed_8_5_ap_q_mode_5_ap_o_mode_3_0_local_wei_11_66|        scalar|
|conv1_ap_fixed_ap_fixed_ap_fixed_ap_fixed_8_5_5_3_0_local_weight_1_load                                                                                                            |   in|    8|     ap_none|                                                                                                            conv1_ap_fixed_ap_fixed_ap_fixed_ap_fixed_8_5_5_3_0_local_weight_1_load|        scalar|
|conv1_ap_fixed_8_5_ap_q_mode_5_ap_o_mode_3_0_ap_fixed_8_5_ap_q_mode_5_ap_o_mode_3_0_ap_fixed_8_5_ap_q_mode_5_ap_o_mode_3_0_ap_fixed_8_5_ap_q_mode_5_ap_o_mode_3_0_local_wei_11_67  |   in|    8|     ap_none|  conv1_ap_fixed_8_5_ap_q_mode_5_ap_o_mode_3_0_ap_fixed_8_5_ap_q_mode_5_ap_o_mode_3_0_ap_fixed_8_5_ap_q_mode_5_ap_o_mode_3_0_ap_fixed_8_5_ap_q_mode_5_ap_o_mode_3_0_local_wei_11_67|        scalar|
|conv1_ap_fixed_8_5_ap_q_mode_5_ap_o_mode_3_0_ap_fixed_8_5_ap_q_mode_5_ap_o_mode_3_0_ap_fixed_8_5_ap_q_mode_5_ap_o_mode_3_0_ap_fixed_8_5_ap_q_mode_5_ap_o_mode_3_0_local_wei_11_68  |   in|    8|     ap_none|  conv1_ap_fixed_8_5_ap_q_mode_5_ap_o_mode_3_0_ap_fixed_8_5_ap_q_mode_5_ap_o_mode_3_0_ap_fixed_8_5_ap_q_mode_5_ap_o_mode_3_0_ap_fixed_8_5_ap_q_mode_5_ap_o_mode_3_0_local_wei_11_68|        scalar|
|conv1_ap_fixed_8_5_ap_q_mode_5_ap_o_mode_3_0_ap_fixed_8_5_ap_q_mode_5_ap_o_mode_3_0_ap_fixed_8_5_ap_q_mode_5_ap_o_mode_3_0_ap_fixed_8_5_ap_q_mode_5_ap_o_mode_3_0_local_wei_11     |   in|    8|     ap_none|     conv1_ap_fixed_8_5_ap_q_mode_5_ap_o_mode_3_0_ap_fixed_8_5_ap_q_mode_5_ap_o_mode_3_0_ap_fixed_8_5_ap_q_mode_5_ap_o_mode_3_0_ap_fixed_8_5_ap_q_mode_5_ap_o_mode_3_0_local_wei_11|        scalar|
|conv1_ap_fixed_8_5_ap_q_mode_5_ap_o_mode_3_0_ap_fixed_8_5_ap_q_mode_5_ap_o_mode_3_0_ap_fixed_8_5_ap_q_mode_5_ap_o_mode_3_0_ap_fixed_8_5_ap_q_mode_5_ap_o_mode_3_0_local_wei_12_69  |   in|    8|     ap_none|  conv1_ap_fixed_8_5_ap_q_mode_5_ap_o_mode_3_0_ap_fixed_8_5_ap_q_mode_5_ap_o_mode_3_0_ap_fixed_8_5_ap_q_mode_5_ap_o_mode_3_0_ap_fixed_8_5_ap_q_mode_5_ap_o_mode_3_0_local_wei_12_69|        scalar|
|conv1_ap_fixed_8_5_ap_q_mode_5_ap_o_mode_3_0_ap_fixed_8_5_ap_q_mode_5_ap_o_mode_3_0_ap_fixed_8_5_ap_q_mode_5_ap_o_mode_3_0_ap_fixed_8_5_ap_q_mode_5_ap_o_mode_3_0_local_wei_12_70  |   in|    8|     ap_none|  conv1_ap_fixed_8_5_ap_q_mode_5_ap_o_mode_3_0_ap_fixed_8_5_ap_q_mode_5_ap_o_mode_3_0_ap_fixed_8_5_ap_q_mode_5_ap_o_mode_3_0_ap_fixed_8_5_ap_q_mode_5_ap_o_mode_3_0_local_wei_12_70|        scalar|
|conv1_ap_fixed_8_5_ap_q_mode_5_ap_o_mode_3_0_ap_fixed_8_5_ap_q_mode_5_ap_o_mode_3_0_ap_fixed_8_5_ap_q_mode_5_ap_o_mode_3_0_ap_fixed_8_5_ap_q_mode_5_ap_o_mode_3_0_local_wei_12_71  |   in|    8|     ap_none|  conv1_ap_fixed_8_5_ap_q_mode_5_ap_o_mode_3_0_ap_fixed_8_5_ap_q_mode_5_ap_o_mode_3_0_ap_fixed_8_5_ap_q_mode_5_ap_o_mode_3_0_ap_fixed_8_5_ap_q_mode_5_ap_o_mode_3_0_local_wei_12_71|        scalar|
|conv1_ap_fixed_8_5_ap_q_mode_5_ap_o_mode_3_0_ap_fixed_8_5_ap_q_mode_5_ap_o_mode_3_0_ap_fixed_8_5_ap_q_mode_5_ap_o_mode_3_0_ap_fixed_8_5_ap_q_mode_5_ap_o_mode_3_0_local_wei_12     |   in|    8|     ap_none|     conv1_ap_fixed_8_5_ap_q_mode_5_ap_o_mode_3_0_ap_fixed_8_5_ap_q_mode_5_ap_o_mode_3_0_ap_fixed_8_5_ap_q_mode_5_ap_o_mode_3_0_ap_fixed_8_5_ap_q_mode_5_ap_o_mode_3_0_local_wei_12|        scalar|
+-----------------------------------------------------------------------------------------------------------------------------------------------------------------------------------+-----+-----+------------+-----------------------------------------------------------------------------------------------------------------------------------------------------------------------------------+--------------+

