

================================================================
== Vitis HLS Report for 'conv1'
================================================================
* Date:           Sat Mar  7 18:28:21 2026

* Version:        2025.2 (Build 6295257 on Nov 14 2025)
* Project:        top
* Solution:       hls (Vivado IP Flow Target)
* Product family: zynq
* Target device:  xc7z020-clg484-1


================================================================
== Performance Estimates
================================================================
+ Timing: 
    * Summary: 
    +--------+----------+----------+------------+
    |  Clock |  Target  | Estimated| Uncertainty|
    +--------+----------+----------+------------+
    |ap_clk  |  10.00 ns|  8.750 ns|     1.25 ns|
    +--------+----------+----------+------------+

+ Latency: 
    * Summary: 
    +---------+---------+-----------+-----------+------+------+---------+
    |  Latency (cycles) |   Latency (absolute)  |   Interval  | Pipeline|
    |   min   |   max   |    min    |    max    |  min |  max |   Type  |
    +---------+---------+-----------+-----------+------+------+---------+
    |     7196|     7196|  71.960 us|  71.960 us|  7196|  7196|       no|
    +---------+---------+-----------+-----------+------+------+---------+

    + Detail: 
        * Instance: 
        +----------------------------------------+-----------------------------+---------+---------+-----------+-----------+-----+-----+-------------------+
        |                                        |                             |  Latency (cycles) |   Latency (absolute)  |  Interval |      Pipeline     |
        |                Instance                |            Module           |   min   |   max   |    min    |    max    | min | max |        Type       |
        +----------------------------------------+-----------------------------+---------+---------+-----------+-----------+-----+-----+-------------------+
        |grp_conv1_Pipeline_LOAD_W_fu_353        |conv1_Pipeline_LOAD_W        |       74|       74|   0.740 us|   0.740 us|    0|    0|  loop pipeline stp|
        |grp_conv1_Pipeline_LOAD_B_fu_504        |conv1_Pipeline_LOAD_B        |       10|       10|   0.100 us|   0.100 us|    0|    0|  loop pipeline stp|
        |grp_conv1_Pipeline_LOAD_1_fu_527        |conv1_Pipeline_LOAD_1        |      787|      787|   7.870 us|   7.870 us|    0|    0|  loop pipeline stp|
        |grp_conv1_Pipeline_CO_1_H_1_W_1_fu_550  |conv1_Pipeline_CO_1_H_1_W_1  |     6288|     6288|  62.880 us|  62.880 us|    0|    0|  loop pipeline stp|
        +----------------------------------------+-----------------------------+---------+---------+-----------+-----------+-----+-----+-------------------+

        * Loop: 
        N/A



================================================================
== Utilization Estimates
================================================================
* Summary: 
+-----------------+---------+-----+--------+-------+-----+
|       Name      | BRAM_18K| DSP |   FF   |  LUT  | URAM|
+-----------------+---------+-----+--------+-------+-----+
|DSP              |        -|    -|       -|      -|    -|
|Expression       |        -|    -|       -|      -|    -|
|FIFO             |        -|    -|       -|      -|    -|
|Instance         |        -|    9|    1104|   3085|    -|
|Memory           |       16|    -|       0|      0|    -|
|Multiplexer      |        -|    -|       0|   1128|    -|
|Register         |        -|    -|     682|      -|    -|
+-----------------+---------+-----+--------+-------+-----+
|Total            |       16|    9|    1786|   4213|    0|
+-----------------+---------+-----+--------+-------+-----+
|Available        |      280|  220|  106400|  53200|    0|
+-----------------+---------+-----+--------+-------+-----+
|Utilization (%)  |        5|    4|       1|      7|    0|
+-----------------+---------+-----+--------+-------+-----+

+ Detail: 
    * Instance: 
    +----------------------------------------+-----------------------------+---------+----+------+------+-----+
    |                Instance                |            Module           | BRAM_18K| DSP|  FF  |  LUT | URAM|
    +----------------------------------------+-----------------------------+---------+----+------+------+-----+
    |grp_conv1_Pipeline_CO_1_H_1_W_1_fu_550  |conv1_Pipeline_CO_1_H_1_W_1  |        0|   9|  1033|  2858|    0|
    |grp_conv1_Pipeline_LOAD_1_fu_527        |conv1_Pipeline_LOAD_1        |        0|   0|    44|    75|    0|
    |grp_conv1_Pipeline_LOAD_B_fu_504        |conv1_Pipeline_LOAD_B        |        0|   0|    10|    75|    0|
    |grp_conv1_Pipeline_LOAD_W_fu_353        |conv1_Pipeline_LOAD_W        |        0|   0|    17|    77|    0|
    +----------------------------------------+-----------------------------+---------+----+------+------+-----+
    |Total                                   |                             |        0|   9|  1104|  3085|    0|
    +----------------------------------------+-----------------------------+---------+----+------+------+-----+

    * DSP: 
    N/A

    * Memory: 
    +-----------+-----------------------------+---------+---+----+-----+------+-----+------+-------------+
    |   Memory  |            Module           | BRAM_18K| FF| LUT| URAM| Words| Bits| Banks| W*Bits*Banks|
    +-----------+-----------------------------+---------+---+----+-----+------+-----+------+-------------+
    |temp_U     |conv1_temp_RAM_2P_BRAM_1R1W  |        1|  0|   0|    0|    49|    8|     1|          392|
    |temp_1_U   |conv1_temp_RAM_2P_BRAM_1R1W  |        1|  0|   0|    0|    49|    8|     1|          392|
    |temp_2_U   |conv1_temp_RAM_2P_BRAM_1R1W  |        1|  0|   0|    0|    49|    8|     1|          392|
    |temp_3_U   |conv1_temp_RAM_2P_BRAM_1R1W  |        1|  0|   0|    0|    49|    8|     1|          392|
    |temp_4_U   |conv1_temp_RAM_2P_BRAM_1R1W  |        1|  0|   0|    0|    49|    8|     1|          392|
    |temp_5_U   |conv1_temp_RAM_2P_BRAM_1R1W  |        1|  0|   0|    0|    49|    8|     1|          392|
    |temp_6_U   |conv1_temp_RAM_2P_BRAM_1R1W  |        1|  0|   0|    0|    49|    8|     1|          392|
    |temp_7_U   |conv1_temp_RAM_2P_BRAM_1R1W  |        1|  0|   0|    0|    49|    8|     1|          392|
    |temp_8_U   |conv1_temp_RAM_2P_BRAM_1R1W  |        1|  0|   0|    0|    49|    8|     1|          392|
    |temp_9_U   |conv1_temp_RAM_2P_BRAM_1R1W  |        1|  0|   0|    0|    49|    8|     1|          392|
    |temp_10_U  |conv1_temp_RAM_2P_BRAM_1R1W  |        1|  0|   0|    0|    49|    8|     1|          392|
    |temp_11_U  |conv1_temp_RAM_2P_BRAM_1R1W  |        1|  0|   0|    0|    49|    8|     1|          392|
    |temp_12_U  |conv1_temp_RAM_2P_BRAM_1R1W  |        1|  0|   0|    0|    49|    8|     1|          392|
    |temp_13_U  |conv1_temp_RAM_2P_BRAM_1R1W  |        1|  0|   0|    0|    49|    8|     1|          392|
    |temp_14_U  |conv1_temp_RAM_2P_BRAM_1R1W  |        1|  0|   0|    0|    49|    8|     1|          392|
    |temp_15_U  |conv1_temp_RAM_2P_BRAM_1R1W  |        1|  0|   0|    0|    49|    8|     1|          392|
    +-----------+-----------------------------+---------+---+----+-----+------+-----+------+-------------+
    |Total      |                             |       16|  0|   0|    0|   784|  128|    16|         6272|
    +-----------+-----------------------------+---------+---+----+-----+------+-----+------+-------------+

    * FIFO: 
    N/A

    * Expression: 
    N/A

    * Multiplexer: 
    +------------------------+-----+-----------+-----+-----------+
    |          Name          | LUT | Input Size| Bits| Total Bits|
    +------------------------+-----+-----------+-----+-----------+
    |ap_NS_fsm               |  172|         39|    1|         39|
    |gmem0_blk_n_AR          |    9|          2|    1|          2|
    |gmem0_blk_n_AW          |    9|          2|    1|          2|
    |gmem0_blk_n_B           |    9|          2|    1|          2|
    |gmem1_blk_n_AR          |    9|          2|    1|          2|
    |m_axi_gmem0_0_ARADDR    |   14|          3|   64|        192|
    |m_axi_gmem0_0_ARBURST   |    9|          2|    2|          4|
    |m_axi_gmem0_0_ARCACHE   |    9|          2|    4|          8|
    |m_axi_gmem0_0_ARID      |    9|          2|    1|          2|
    |m_axi_gmem0_0_ARLEN     |   14|          3|   32|         96|
    |m_axi_gmem0_0_ARLOCK    |    9|          2|    2|          4|
    |m_axi_gmem0_0_ARPROT    |    9|          2|    3|          6|
    |m_axi_gmem0_0_ARQOS     |    9|          2|    4|          8|
    |m_axi_gmem0_0_ARREGION  |    9|          2|    4|          8|
    |m_axi_gmem0_0_ARSIZE    |    9|          2|    3|          6|
    |m_axi_gmem0_0_ARUSER    |    9|          2|    1|          2|
    |m_axi_gmem0_0_ARVALID   |   14|          3|    1|          3|
    |m_axi_gmem0_0_AWADDR    |   14|          3|   64|        192|
    |m_axi_gmem0_0_AWBURST   |    9|          2|    2|          4|
    |m_axi_gmem0_0_AWCACHE   |    9|          2|    4|          8|
    |m_axi_gmem0_0_AWID      |    9|          2|    1|          2|
    |m_axi_gmem0_0_AWLEN     |   14|          3|   32|         96|
    |m_axi_gmem0_0_AWLOCK    |    9|          2|    2|          4|
    |m_axi_gmem0_0_AWPROT    |    9|          2|    3|          6|
    |m_axi_gmem0_0_AWQOS     |    9|          2|    4|          8|
    |m_axi_gmem0_0_AWREGION  |    9|          2|    4|          8|
    |m_axi_gmem0_0_AWSIZE    |    9|          2|    3|          6|
    |m_axi_gmem0_0_AWUSER    |    9|          2|    1|          2|
    |m_axi_gmem0_0_AWVALID   |   14|          3|    1|          3|
    |m_axi_gmem0_0_BREADY    |   14|          3|    1|          3|
    |m_axi_gmem0_0_RREADY    |    9|          2|    1|          2|
    |m_axi_gmem0_0_WVALID    |    9|          2|    1|          2|
    |m_axi_gmem1_0_ARADDR    |   25|          5|   64|        320|
    |m_axi_gmem1_0_ARBURST   |   14|          3|    2|          6|
    |m_axi_gmem1_0_ARCACHE   |   14|          3|    4|         12|
    |m_axi_gmem1_0_ARID      |   14|          3|    1|          3|
    |m_axi_gmem1_0_ARLEN     |   25|          5|   32|        160|
    |m_axi_gmem1_0_ARLOCK    |   14|          3|    2|          6|
    |m_axi_gmem1_0_ARPROT    |   14|          3|    3|          9|
    |m_axi_gmem1_0_ARQOS     |   14|          3|    4|         12|
    |m_axi_gmem1_0_ARREGION  |   14|          3|    4|         12|
    |m_axi_gmem1_0_ARSIZE    |   14|          3|    3|          9|
    |m_axi_gmem1_0_ARUSER    |   14|          3|    1|          3|
    |m_axi_gmem1_0_ARVALID   |   20|          4|    1|          4|
    |m_axi_gmem1_0_RREADY    |   14|          3|    1|          3|
    |temp_10_ce0             |    9|          2|    1|          2|
    |temp_10_ce1             |    9|          2|    1|          2|
    |temp_10_we1             |    9|          2|    1|          2|
    |temp_11_ce0             |    9|          2|    1|          2|
    |temp_11_ce1             |    9|          2|    1|          2|
    |temp_11_we1             |    9|          2|    1|          2|
    |temp_12_ce0             |    9|          2|    1|          2|
    |temp_12_ce1             |    9|          2|    1|          2|
    |temp_12_we1             |    9|          2|    1|          2|
    |temp_13_ce0             |    9|          2|    1|          2|
    |temp_13_ce1             |    9|          2|    1|          2|
    |temp_13_we1             |    9|          2|    1|          2|
    |temp_14_ce0             |    9|          2|    1|          2|
    |temp_14_ce1             |    9|          2|    1|          2|
    |temp_14_we1             |    9|          2|    1|          2|
    |temp_15_ce0             |    9|          2|    1|          2|
    |temp_15_ce1             |    9|          2|    1|          2|
    |temp_15_we1             |    9|          2|    1|          2|
    |temp_1_ce0              |    9|          2|    1|          2|
    |temp_1_ce1              |    9|          2|    1|          2|
    |temp_1_we1              |    9|          2|    1|          2|
    |temp_2_ce0              |    9|          2|    1|          2|
    |temp_2_ce1              |    9|          2|    1|          2|
    |temp_2_we1              |    9|          2|    1|          2|
    |temp_3_ce0              |    9|          2|    1|          2|
    |temp_3_ce1              |    9|          2|    1|          2|
    |temp_3_we1              |    9|          2|    1|          2|
    |temp_4_ce0              |    9|          2|    1|          2|
    |temp_4_ce1              |    9|          2|    1|          2|
    |temp_4_we1              |    9|          2|    1|          2|
    |temp_5_ce0              |    9|          2|    1|          2|
    |temp_5_ce1              |    9|          2|    1|          2|
    |temp_5_we1              |    9|          2|    1|          2|
    |temp_6_ce0              |    9|          2|    1|          2|
    |temp_6_ce1              |    9|          2|    1|          2|
    |temp_6_we1              |    9|          2|    1|          2|
    |temp_7_ce0              |    9|          2|    1|          2|
    |temp_7_ce1              |    9|          2|    1|          2|
    |temp_7_we1              |    9|          2|    1|          2|
    |temp_8_ce0              |    9|          2|    1|          2|
    |temp_8_ce1              |    9|          2|    1|          2|
    |temp_8_we1              |    9|          2|    1|          2|
    |temp_9_ce0              |    9|          2|    1|          2|
    |temp_9_ce1              |    9|          2|    1|          2|
    |temp_9_we1              |    9|          2|    1|          2|
    |temp_ce0                |    9|          2|    1|          2|
    |temp_ce1                |    9|          2|    1|          2|
    |temp_we1                |    9|          2|    1|          2|
    +------------------------+-----+-----------+-----+-----------+
    |Total                   | 1128|        248|  420|       1387|
    +------------------------+-----+-----------+-----+-----------+

    * Register: 
    +--------------------------------------------------------------------------------------------------------------------------------------------------------------------------------+----+----+-----+-----------+
    |                                                                                      Name                                                                                      | FF | LUT| Bits| Const Bits|
    +--------------------------------------------------------------------------------------------------------------------------------------------------------------------------------+----+----+-----+-----------+
    |ap_CS_fsm                                                                                                                                                                       |  38|   0|   38|          0|
    |conv1_ap_fixed_8_5_ap_q_mode_5_ap_o_mode_3_0_ap_fixed_8_5_ap_q_mode_5_ap_o_mode_3_0_ap_fixed_8_5_ap_q_mode_5_ap_o_mode_3_0_ap_fixed_8_5_ap_q_mode_5_ap_o_mode_3_0_local_wei_10  |   8|   0|    8|          0|
    |conv1_ap_fixed_8_5_ap_q_mode_5_ap_o_mode_3_0_ap_fixed_8_5_ap_q_mode_5_ap_o_mode_3_0_ap_fixed_8_5_ap_q_mode_5_ap_o_mode_3_0_ap_fixed_8_5_ap_q_mode_5_ap_o_mode_3_0_local_wei_11  |   8|   0|    8|          0|
    |conv1_ap_fixed_8_5_ap_q_mode_5_ap_o_mode_3_0_ap_fixed_8_5_ap_q_mode_5_ap_o_mode_3_0_ap_fixed_8_5_ap_q_mode_5_ap_o_mode_3_0_ap_fixed_8_5_ap_q_mode_5_ap_o_mode_3_0_local_wei_12  |   8|   0|    8|          0|
    |conv1_ap_fixed_8_5_ap_q_mode_5_ap_o_mode_3_0_ap_fixed_8_5_ap_q_mode_5_ap_o_mode_3_0_ap_fixed_8_5_ap_q_mode_5_ap_o_mode_3_0_ap_fixed_8_5_ap_q_mode_5_ap_o_mode_3_0_local_wei_13  |   8|   0|    8|          0|
    |conv1_ap_fixed_8_5_ap_q_mode_5_ap_o_mode_3_0_ap_fixed_8_5_ap_q_mode_5_ap_o_mode_3_0_ap_fixed_8_5_ap_q_mode_5_ap_o_mode_3_0_ap_fixed_8_5_ap_q_mode_5_ap_o_mode_3_0_local_wei_14  |   8|   0|    8|          0|
    |conv1_ap_fixed_8_5_ap_q_mode_5_ap_o_mode_3_0_ap_fixed_8_5_ap_q_mode_5_ap_o_mode_3_0_ap_fixed_8_5_ap_q_mode_5_ap_o_mode_3_0_ap_fixed_8_5_ap_q_mode_5_ap_o_mode_3_0_local_wei_15  |   8|   0|    8|          0|
    |conv1_ap_fixed_8_5_ap_q_mode_5_ap_o_mode_3_0_ap_fixed_8_5_ap_q_mode_5_ap_o_mode_3_0_ap_fixed_8_5_ap_q_mode_5_ap_o_mode_3_0_ap_fixed_8_5_ap_q_mode_5_ap_o_mode_3_0_local_wei_16  |   8|   0|    8|          0|
    |conv1_ap_fixed_8_5_ap_q_mode_5_ap_o_mode_3_0_ap_fixed_8_5_ap_q_mode_5_ap_o_mode_3_0_ap_fixed_8_5_ap_q_mode_5_ap_o_mode_3_0_ap_fixed_8_5_ap_q_mode_5_ap_o_mode_3_0_local_wei_17  |   8|   0|    8|          0|
    |conv1_ap_fixed_8_5_ap_q_mode_5_ap_o_mode_3_0_ap_fixed_8_5_ap_q_mode_5_ap_o_mode_3_0_ap_fixed_8_5_ap_q_mode_5_ap_o_mode_3_0_ap_fixed_8_5_ap_q_mode_5_ap_o_mode_3_0_local_wei_18  |   8|   0|    8|          0|
    |conv1_ap_fixed_8_5_ap_q_mode_5_ap_o_mode_3_0_ap_fixed_8_5_ap_q_mode_5_ap_o_mode_3_0_ap_fixed_8_5_ap_q_mode_5_ap_o_mode_3_0_ap_fixed_8_5_ap_q_mode_5_ap_o_mode_3_0_local_wei_19  |   8|   0|    8|          0|
    |conv1_ap_fixed_8_5_ap_q_mode_5_ap_o_mode_3_0_ap_fixed_8_5_ap_q_mode_5_ap_o_mode_3_0_ap_fixed_8_5_ap_q_mode_5_ap_o_mode_3_0_ap_fixed_8_5_ap_q_mode_5_ap_o_mode_3_0_local_wei_20  |   8|   0|    8|          0|
    |conv1_ap_fixed_8_5_ap_q_mode_5_ap_o_mode_3_0_ap_fixed_8_5_ap_q_mode_5_ap_o_mode_3_0_ap_fixed_8_5_ap_q_mode_5_ap_o_mode_3_0_ap_fixed_8_5_ap_q_mode_5_ap_o_mode_3_0_local_wei_21  |   8|   0|    8|          0|
    |conv1_ap_fixed_8_5_ap_q_mode_5_ap_o_mode_3_0_ap_fixed_8_5_ap_q_mode_5_ap_o_mode_3_0_ap_fixed_8_5_ap_q_mode_5_ap_o_mode_3_0_ap_fixed_8_5_ap_q_mode_5_ap_o_mode_3_0_local_wei_22  |   8|   0|    8|          0|
    |conv1_ap_fixed_8_5_ap_q_mode_5_ap_o_mode_3_0_ap_fixed_8_5_ap_q_mode_5_ap_o_mode_3_0_ap_fixed_8_5_ap_q_mode_5_ap_o_mode_3_0_ap_fixed_8_5_ap_q_mode_5_ap_o_mode_3_0_local_wei_23  |   8|   0|    8|          0|
    |conv1_ap_fixed_8_5_ap_q_mode_5_ap_o_mode_3_0_ap_fixed_8_5_ap_q_mode_5_ap_o_mode_3_0_ap_fixed_8_5_ap_q_mode_5_ap_o_mode_3_0_ap_fixed_8_5_ap_q_mode_5_ap_o_mode_3_0_local_wei_24  |   8|   0|    8|          0|
    |conv1_ap_fixed_8_5_ap_q_mode_5_ap_o_mode_3_0_ap_fixed_8_5_ap_q_mode_5_ap_o_mode_3_0_ap_fixed_8_5_ap_q_mode_5_ap_o_mode_3_0_ap_fixed_8_5_ap_q_mode_5_ap_o_mode_3_0_local_wei_25  |   8|   0|    8|          0|
    |conv1_ap_fixed_8_5_ap_q_mode_5_ap_o_mode_3_0_ap_fixed_8_5_ap_q_mode_5_ap_o_mode_3_0_ap_fixed_8_5_ap_q_mode_5_ap_o_mode_3_0_ap_fixed_8_5_ap_q_mode_5_ap_o_mode_3_0_local_wei_26  |   8|   0|    8|          0|
    |conv1_ap_fixed_8_5_ap_q_mode_5_ap_o_mode_3_0_ap_fixed_8_5_ap_q_mode_5_ap_o_mode_3_0_ap_fixed_8_5_ap_q_mode_5_ap_o_mode_3_0_ap_fixed_8_5_ap_q_mode_5_ap_o_mode_3_0_local_wei_27  |   8|   0|    8|          0|
    |conv1_ap_fixed_8_5_ap_q_mode_5_ap_o_mode_3_0_ap_fixed_8_5_ap_q_mode_5_ap_o_mode_3_0_ap_fixed_8_5_ap_q_mode_5_ap_o_mode_3_0_ap_fixed_8_5_ap_q_mode_5_ap_o_mode_3_0_local_wei_28  |   8|   0|    8|          0|
    |conv1_ap_fixed_8_5_ap_q_mode_5_ap_o_mode_3_0_ap_fixed_8_5_ap_q_mode_5_ap_o_mode_3_0_ap_fixed_8_5_ap_q_mode_5_ap_o_mode_3_0_ap_fixed_8_5_ap_q_mode_5_ap_o_mode_3_0_local_wei_29  |   8|   0|    8|          0|
    |conv1_ap_fixed_8_5_ap_q_mode_5_ap_o_mode_3_0_ap_fixed_8_5_ap_q_mode_5_ap_o_mode_3_0_ap_fixed_8_5_ap_q_mode_5_ap_o_mode_3_0_ap_fixed_8_5_ap_q_mode_5_ap_o_mode_3_0_local_wei_30  |   8|   0|    8|          0|
    |conv1_ap_fixed_8_5_ap_q_mode_5_ap_o_mode_3_0_ap_fixed_8_5_ap_q_mode_5_ap_o_mode_3_0_ap_fixed_8_5_ap_q_mode_5_ap_o_mode_3_0_ap_fixed_8_5_ap_q_mode_5_ap_o_mode_3_0_local_wei_31  |   8|   0|    8|          0|
    |conv1_ap_fixed_8_5_ap_q_mode_5_ap_o_mode_3_0_ap_fixed_8_5_ap_q_mode_5_ap_o_mode_3_0_ap_fixed_8_5_ap_q_mode_5_ap_o_mode_3_0_ap_fixed_8_5_ap_q_mode_5_ap_o_mode_3_0_local_wei_32  |   8|   0|    8|          0|
    |conv1_ap_fixed_8_5_ap_q_mode_5_ap_o_mode_3_0_ap_fixed_8_5_ap_q_mode_5_ap_o_mode_3_0_ap_fixed_8_5_ap_q_mode_5_ap_o_mode_3_0_ap_fixed_8_5_ap_q_mode_5_ap_o_mode_3_0_local_wei_33  |   8|   0|    8|          0|
    |conv1_ap_fixed_8_5_ap_q_mode_5_ap_o_mode_3_0_ap_fixed_8_5_ap_q_mode_5_ap_o_mode_3_0_ap_fixed_8_5_ap_q_mode_5_ap_o_mode_3_0_ap_fixed_8_5_ap_q_mode_5_ap_o_mode_3_0_local_wei_34  |   8|   0|    8|          0|
    |conv1_ap_fixed_8_5_ap_q_mode_5_ap_o_mode_3_0_ap_fixed_8_5_ap_q_mode_5_ap_o_mode_3_0_ap_fixed_8_5_ap_q_mode_5_ap_o_mode_3_0_ap_fixed_8_5_ap_q_mode_5_ap_o_mode_3_0_local_wei_35  |   8|   0|    8|          0|
    |conv1_ap_fixed_8_5_ap_q_mode_5_ap_o_mode_3_0_ap_fixed_8_5_ap_q_mode_5_ap_o_mode_3_0_ap_fixed_8_5_ap_q_mode_5_ap_o_mode_3_0_ap_fixed_8_5_ap_q_mode_5_ap_o_mode_3_0_local_wei_36  |   8|   0|    8|          0|
    |conv1_ap_fixed_8_5_ap_q_mode_5_ap_o_mode_3_0_ap_fixed_8_5_ap_q_mode_5_ap_o_mode_3_0_ap_fixed_8_5_ap_q_mode_5_ap_o_mode_3_0_ap_fixed_8_5_ap_q_mode_5_ap_o_mode_3_0_local_wei_37  |   8|   0|    8|          0|
    |conv1_ap_fixed_8_5_ap_q_mode_5_ap_o_mode_3_0_ap_fixed_8_5_ap_q_mode_5_ap_o_mode_3_0_ap_fixed_8_5_ap_q_mode_5_ap_o_mode_3_0_ap_fixed_8_5_ap_q_mode_5_ap_o_mode_3_0_local_wei_38  |   8|   0|    8|          0|
    |conv1_ap_fixed_8_5_ap_q_mode_5_ap_o_mode_3_0_ap_fixed_8_5_ap_q_mode_5_ap_o_mode_3_0_ap_fixed_8_5_ap_q_mode_5_ap_o_mode_3_0_ap_fixed_8_5_ap_q_mode_5_ap_o_mode_3_0_local_wei_39  |   8|   0|    8|          0|
    |conv1_ap_fixed_8_5_ap_q_mode_5_ap_o_mode_3_0_ap_fixed_8_5_ap_q_mode_5_ap_o_mode_3_0_ap_fixed_8_5_ap_q_mode_5_ap_o_mode_3_0_ap_fixed_8_5_ap_q_mode_5_ap_o_mode_3_0_local_wei_40  |   8|   0|    8|          0|
    |conv1_ap_fixed_8_5_ap_q_mode_5_ap_o_mode_3_0_ap_fixed_8_5_ap_q_mode_5_ap_o_mode_3_0_ap_fixed_8_5_ap_q_mode_5_ap_o_mode_3_0_ap_fixed_8_5_ap_q_mode_5_ap_o_mode_3_0_local_wei_41  |   8|   0|    8|          0|
    |conv1_ap_fixed_8_5_ap_q_mode_5_ap_o_mode_3_0_ap_fixed_8_5_ap_q_mode_5_ap_o_mode_3_0_ap_fixed_8_5_ap_q_mode_5_ap_o_mode_3_0_ap_fixed_8_5_ap_q_mode_5_ap_o_mode_3_0_local_wei_42  |   8|   0|    8|          0|
    |conv1_ap_fixed_8_5_ap_q_mode_5_ap_o_mode_3_0_ap_fixed_8_5_ap_q_mode_5_ap_o_mode_3_0_ap_fixed_8_5_ap_q_mode_5_ap_o_mode_3_0_ap_fixed_8_5_ap_q_mode_5_ap_o_mode_3_0_local_wei_43  |   8|   0|    8|          0|
    |conv1_ap_fixed_8_5_ap_q_mode_5_ap_o_mode_3_0_ap_fixed_8_5_ap_q_mode_5_ap_o_mode_3_0_ap_fixed_8_5_ap_q_mode_5_ap_o_mode_3_0_ap_fixed_8_5_ap_q_mode_5_ap_o_mode_3_0_local_wei_44  |   8|   0|    8|          0|
    |conv1_ap_fixed_8_5_ap_q_mode_5_ap_o_mode_3_0_ap_fixed_8_5_ap_q_mode_5_ap_o_mode_3_0_ap_fixed_8_5_ap_q_mode_5_ap_o_mode_3_0_ap_fixed_8_5_ap_q_mode_5_ap_o_mode_3_0_local_wei_45  |   8|   0|    8|          0|
    |conv1_ap_fixed_8_5_ap_q_mode_5_ap_o_mode_3_0_ap_fixed_8_5_ap_q_mode_5_ap_o_mode_3_0_ap_fixed_8_5_ap_q_mode_5_ap_o_mode_3_0_ap_fixed_8_5_ap_q_mode_5_ap_o_mode_3_0_local_wei_46  |   8|   0|    8|          0|
    |conv1_ap_fixed_8_5_ap_q_mode_5_ap_o_mode_3_0_ap_fixed_8_5_ap_q_mode_5_ap_o_mode_3_0_ap_fixed_8_5_ap_q_mode_5_ap_o_mode_3_0_ap_fixed_8_5_ap_q_mode_5_ap_o_mode_3_0_local_wei_47  |   8|   0|    8|          0|
    |conv1_ap_fixed_8_5_ap_q_mode_5_ap_o_mode_3_0_ap_fixed_8_5_ap_q_mode_5_ap_o_mode_3_0_ap_fixed_8_5_ap_q_mode_5_ap_o_mode_3_0_ap_fixed_8_5_ap_q_mode_5_ap_o_mode_3_0_local_wei_48  |   8|   0|    8|          0|
    |conv1_ap_fixed_8_5_ap_q_mode_5_ap_o_mode_3_0_ap_fixed_8_5_ap_q_mode_5_ap_o_mode_3_0_ap_fixed_8_5_ap_q_mode_5_ap_o_mode_3_0_ap_fixed_8_5_ap_q_mode_5_ap_o_mode_3_0_local_wei_49  |   8|   0|    8|          0|
    |conv1_ap_fixed_8_5_ap_q_mode_5_ap_o_mode_3_0_ap_fixed_8_5_ap_q_mode_5_ap_o_mode_3_0_ap_fixed_8_5_ap_q_mode_5_ap_o_mode_3_0_ap_fixed_8_5_ap_q_mode_5_ap_o_mode_3_0_local_wei_50  |   8|   0|    8|          0|
    |conv1_ap_fixed_8_5_ap_q_mode_5_ap_o_mode_3_0_ap_fixed_8_5_ap_q_mode_5_ap_o_mode_3_0_ap_fixed_8_5_ap_q_mode_5_ap_o_mode_3_0_ap_fixed_8_5_ap_q_mode_5_ap_o_mode_3_0_local_wei_51  |   8|   0|    8|          0|
    |conv1_ap_fixed_8_5_ap_q_mode_5_ap_o_mode_3_0_ap_fixed_8_5_ap_q_mode_5_ap_o_mode_3_0_ap_fixed_8_5_ap_q_mode_5_ap_o_mode_3_0_ap_fixed_8_5_ap_q_mode_5_ap_o_mode_3_0_local_wei_52  |   8|   0|    8|          0|
    |conv1_ap_fixed_8_5_ap_q_mode_5_ap_o_mode_3_0_ap_fixed_8_5_ap_q_mode_5_ap_o_mode_3_0_ap_fixed_8_5_ap_q_mode_5_ap_o_mode_3_0_ap_fixed_8_5_ap_q_mode_5_ap_o_mode_3_0_local_wei_53  |   8|   0|    8|          0|
    |conv1_ap_fixed_8_5_ap_q_mode_5_ap_o_mode_3_0_ap_fixed_8_5_ap_q_mode_5_ap_o_mode_3_0_ap_fixed_8_5_ap_q_mode_5_ap_o_mode_3_0_ap_fixed_8_5_ap_q_mode_5_ap_o_mode_3_0_local_wei_54  |   8|   0|    8|          0|
    |conv1_ap_fixed_8_5_ap_q_mode_5_ap_o_mode_3_0_ap_fixed_8_5_ap_q_mode_5_ap_o_mode_3_0_ap_fixed_8_5_ap_q_mode_5_ap_o_mode_3_0_ap_fixed_8_5_ap_q_mode_5_ap_o_mode_3_0_local_wei_55  |   8|   0|    8|          0|
    |conv1_ap_fixed_8_5_ap_q_mode_5_ap_o_mode_3_0_ap_fixed_8_5_ap_q_mode_5_ap_o_mode_3_0_ap_fixed_8_5_ap_q_mode_5_ap_o_mode_3_0_ap_fixed_8_5_ap_q_mode_5_ap_o_mode_3_0_local_wei_56  |   8|   0|    8|          0|
    |conv1_ap_fixed_8_5_ap_q_mode_5_ap_o_mode_3_0_ap_fixed_8_5_ap_q_mode_5_ap_o_mode_3_0_ap_fixed_8_5_ap_q_mode_5_ap_o_mode_3_0_ap_fixed_8_5_ap_q_mode_5_ap_o_mode_3_0_local_wei_57  |   8|   0|    8|          0|
    |conv1_ap_fixed_8_5_ap_q_mode_5_ap_o_mode_3_0_ap_fixed_8_5_ap_q_mode_5_ap_o_mode_3_0_ap_fixed_8_5_ap_q_mode_5_ap_o_mode_3_0_ap_fixed_8_5_ap_q_mode_5_ap_o_mode_3_0_local_wei_58  |   8|   0|    8|          0|
    |conv1_ap_fixed_8_5_ap_q_mode_5_ap_o_mode_3_0_ap_fixed_8_5_ap_q_mode_5_ap_o_mode_3_0_ap_fixed_8_5_ap_q_mode_5_ap_o_mode_3_0_ap_fixed_8_5_ap_q_mode_5_ap_o_mode_3_0_local_wei_59  |   8|   0|    8|          0|
    |conv1_ap_fixed_8_5_ap_q_mode_5_ap_o_mode_3_0_ap_fixed_8_5_ap_q_mode_5_ap_o_mode_3_0_ap_fixed_8_5_ap_q_mode_5_ap_o_mode_3_0_ap_fixed_8_5_ap_q_mode_5_ap_o_mode_3_0_local_wei_60  |   8|   0|    8|          0|
    |conv1_ap_fixed_8_5_ap_q_mode_5_ap_o_mode_3_0_ap_fixed_8_5_ap_q_mode_5_ap_o_mode_3_0_ap_fixed_8_5_ap_q_mode_5_ap_o_mode_3_0_ap_fixed_8_5_ap_q_mode_5_ap_o_mode_3_0_local_wei_61  |   8|   0|    8|          0|
    |conv1_ap_fixed_ap_fixed_ap_fixed_ap_fixed_8_5_5_3_0_local_bias                                                                                                                  |   8|   0|    8|          0|
    |conv1_ap_fixed_ap_fixed_ap_fixed_ap_fixed_8_5_5_3_0_local_bias_1                                                                                                                |   8|   0|    8|          0|
    |conv1_ap_fixed_ap_fixed_ap_fixed_ap_fixed_8_5_5_3_0_local_bias_2                                                                                                                |   8|   0|    8|          0|
    |conv1_ap_fixed_ap_fixed_ap_fixed_ap_fixed_8_5_5_3_0_local_bias_3                                                                                                                |   8|   0|    8|          0|
    |conv1_ap_fixed_ap_fixed_ap_fixed_ap_fixed_8_5_5_3_0_local_bias_4                                                                                                                |   8|   0|    8|          0|
    |conv1_ap_fixed_ap_fixed_ap_fixed_ap_fixed_8_5_5_3_0_local_bias_5                                                                                                                |   8|   0|    8|          0|
    |conv1_ap_fixed_ap_fixed_ap_fixed_ap_fixed_8_5_5_3_0_local_bias_6                                                                                                                |   8|   0|    8|          0|
    |conv1_ap_fixed_ap_fixed_ap_fixed_ap_fixed_8_5_5_3_0_local_bias_7                                                                                                                |   8|   0|    8|          0|
    |conv1_ap_fixed_ap_fixed_ap_fixed_ap_fixed_8_5_5_3_0_local_weight                                                                                                                |   8|   0|    8|          0|
    |conv1_ap_fixed_ap_fixed_ap_fixed_ap_fixed_8_5_5_3_0_local_weight_1                                                                                                              |   8|   0|    8|          0|
    |conv1_ap_fixed_ap_fixed_ap_fixed_ap_fixed_8_5_5_3_0_local_weight_2                                                                                                              |   8|   0|    8|          0|
    |conv1_ap_fixed_ap_fixed_ap_fixed_ap_fixed_8_5_5_3_0_local_weight_3                                                                                                              |   8|   0|    8|          0|
    |conv1_ap_fixed_ap_fixed_ap_fixed_ap_fixed_8_5_5_3_0_local_weight_4                                                                                                              |   8|   0|    8|          0|
    |conv1_ap_fixed_ap_fixed_ap_fixed_ap_fixed_8_5_5_3_0_local_weight_5                                                                                                              |   8|   0|    8|          0|
    |conv1_ap_fixed_ap_fixed_ap_fixed_ap_fixed_8_5_5_3_0_local_weight_6                                                                                                              |   8|   0|    8|          0|
    |conv1_ap_fixed_ap_fixed_ap_fixed_ap_fixed_8_5_5_3_0_local_weight_7                                                                                                              |   8|   0|    8|          0|
    |conv1_ap_fixed_ap_fixed_ap_fixed_ap_fixed_8_5_5_3_0_local_weight_8                                                                                                              |   8|   0|    8|          0|
    |conv1_ap_fixed_ap_fixed_ap_fixed_ap_fixed_8_5_5_3_0_local_weight_9                                                                                                              |   8|   0|    8|          0|
    |grp_conv1_Pipeline_CO_1_H_1_W_1_fu_550_ap_start_reg                                                                                                                             |   1|   0|    1|          0|
    |grp_conv1_Pipeline_LOAD_1_fu_527_ap_start_reg                                                                                                                                   |   1|   0|    1|          0|
    |grp_conv1_Pipeline_LOAD_B_fu_504_ap_start_reg                                                                                                                                   |   1|   0|    1|          0|
    |grp_conv1_Pipeline_LOAD_W_fu_353_ap_start_reg                                                                                                                                   |   1|   0|    1|          0|
    |p_ZZ5conv1P8ap_fixedILi8ELi5EL9ap_q_mode5EL9ap_o_mode3ELi0EES3_S3_S3_E12local_wei                                                                                               |   8|   0|    8|          0|
    |p_ZZ5conv1P8ap_fixedILi8ELi5EL9ap_q_mode5EL9ap_o_mode3ELi0EES3_S3_S3_E12local_wei_1                                                                                             |   8|   0|    8|          0|
    |p_ZZ5conv1P8ap_fixedILi8ELi5EL9ap_q_mode5EL9ap_o_mode3ELi0EES3_S3_S3_E12local_wei_2                                                                                             |   8|   0|    8|          0|
    |p_ZZ5conv1P8ap_fixedILi8ELi5EL9ap_q_mode5EL9ap_o_mode3ELi0EES3_S3_S3_E12local_wei_3                                                                                             |   8|   0|    8|          0|
    |p_ZZ5conv1P8ap_fixedILi8ELi5EL9ap_q_mode5EL9ap_o_mode3ELi0EES3_S3_S3_E12local_wei_4                                                                                             |   8|   0|    8|          0|
    |p_ZZ5conv1P8ap_fixedILi8ELi5EL9ap_q_mode5EL9ap_o_mode3ELi0EES3_S3_S3_E12local_wei_5                                                                                             |   8|   0|    8|          0|
    |p_ZZ5conv1P8ap_fixedILi8ELi5EL9ap_q_mode5EL9ap_o_mode3ELi0EES3_S3_S3_E12local_wei_6                                                                                             |   8|   0|    8|          0|
    |p_ZZ5conv1P8ap_fixedILi8ELi5EL9ap_q_mode5EL9ap_o_mode3ELi0EES3_S3_S3_E12local_wei_7                                                                                             |   8|   0|    8|          0|
    |p_ZZ5conv1P8ap_fixedILi8ELi5EL9ap_q_mode5EL9ap_o_mode3ELi0EES3_S3_S3_E12local_wei_8                                                                                             |   8|   0|    8|          0|
    |p_ZZ5conv1P8ap_fixedILi8ELi5EL9ap_q_mode5EL9ap_o_mode3ELi0EES3_S3_S3_E12local_wei_9                                                                                             |   8|   0|    8|          0|
    +--------------------------------------------------------------------------------------------------------------------------------------------------------------------------------+----+----+-----+-----------+
    |Total                                                                                                                                                                           | 682|   0|  682|          0|
    +--------------------------------------------------------------------------------------------------------------------------------------------------------------------------------+----+----+-----+-----------+



================================================================
== Interface
================================================================
* Summary: 
+------------------------+-----+-----+------------+--------------+--------------+
|        RTL Ports       | Dir | Bits|  Protocol  | Source Object|    C Type    |
+------------------------+-----+-----+------------+--------------+--------------+
|ap_clk                  |   in|    1|  ap_ctrl_hs|         conv1|  return value|
|ap_rst                  |   in|    1|  ap_ctrl_hs|         conv1|  return value|
|ap_start                |   in|    1|  ap_ctrl_hs|         conv1|  return value|
|ap_done                 |  out|    1|  ap_ctrl_hs|         conv1|  return value|
|ap_idle                 |  out|    1|  ap_ctrl_hs|         conv1|  return value|
|ap_ready                |  out|    1|  ap_ctrl_hs|         conv1|  return value|
|m_axi_gmem0_0_AWVALID   |  out|    1|       m_axi|         gmem0|       pointer|
|m_axi_gmem0_0_AWREADY   |   in|    1|       m_axi|         gmem0|       pointer|
|m_axi_gmem0_0_AWADDR    |  out|   64|       m_axi|         gmem0|       pointer|
|m_axi_gmem0_0_AWID      |  out|    1|       m_axi|         gmem0|       pointer|
|m_axi_gmem0_0_AWLEN     |  out|   32|       m_axi|         gmem0|       pointer|
|m_axi_gmem0_0_AWSIZE    |  out|    3|       m_axi|         gmem0|       pointer|
|m_axi_gmem0_0_AWBURST   |  out|    2|       m_axi|         gmem0|       pointer|
|m_axi_gmem0_0_AWLOCK    |  out|    2|       m_axi|         gmem0|       pointer|
|m_axi_gmem0_0_AWCACHE   |  out|    4|       m_axi|         gmem0|       pointer|
|m_axi_gmem0_0_AWPROT    |  out|    3|       m_axi|         gmem0|       pointer|
|m_axi_gmem0_0_AWQOS     |  out|    4|       m_axi|         gmem0|       pointer|
|m_axi_gmem0_0_AWREGION  |  out|    4|       m_axi|         gmem0|       pointer|
|m_axi_gmem0_0_AWUSER    |  out|    1|       m_axi|         gmem0|       pointer|
|m_axi_gmem0_0_WVALID    |  out|    1|       m_axi|         gmem0|       pointer|
|m_axi_gmem0_0_WREADY    |   in|    1|       m_axi|         gmem0|       pointer|
|m_axi_gmem0_0_WDATA     |  out|    8|       m_axi|         gmem0|       pointer|
|m_axi_gmem0_0_WSTRB     |  out|    1|       m_axi|         gmem0|       pointer|
|m_axi_gmem0_0_WLAST     |  out|    1|       m_axi|         gmem0|       pointer|
|m_axi_gmem0_0_WID       |  out|    1|       m_axi|         gmem0|       pointer|
|m_axi_gmem0_0_WUSER     |  out|    1|       m_axi|         gmem0|       pointer|
|m_axi_gmem0_0_ARVALID   |  out|    1|       m_axi|         gmem0|       pointer|
|m_axi_gmem0_0_ARREADY   |   in|    1|       m_axi|         gmem0|       pointer|
|m_axi_gmem0_0_ARADDR    |  out|   64|       m_axi|         gmem0|       pointer|
|m_axi_gmem0_0_ARID      |  out|    1|       m_axi|         gmem0|       pointer|
|m_axi_gmem0_0_ARLEN     |  out|   32|       m_axi|         gmem0|       pointer|
|m_axi_gmem0_0_ARSIZE    |  out|    3|       m_axi|         gmem0|       pointer|
|m_axi_gmem0_0_ARBURST   |  out|    2|       m_axi|         gmem0|       pointer|
|m_axi_gmem0_0_ARLOCK    |  out|    2|       m_axi|         gmem0|       pointer|
|m_axi_gmem0_0_ARCACHE   |  out|    4|       m_axi|         gmem0|       pointer|
|m_axi_gmem0_0_ARPROT    |  out|    3|       m_axi|         gmem0|       pointer|
|m_axi_gmem0_0_ARQOS     |  out|    4|       m_axi|         gmem0|       pointer|
|m_axi_gmem0_0_ARREGION  |  out|    4|       m_axi|         gmem0|       pointer|
|m_axi_gmem0_0_ARUSER    |  out|    1|       m_axi|         gmem0|       pointer|
|m_axi_gmem0_0_RVALID    |   in|    1|       m_axi|         gmem0|       pointer|
|m_axi_gmem0_0_RREADY    |  out|    1|       m_axi|         gmem0|       pointer|
|m_axi_gmem0_0_RDATA     |   in|    8|       m_axi|         gmem0|       pointer|
|m_axi_gmem0_0_RLAST     |   in|    1|       m_axi|         gmem0|       pointer|
|m_axi_gmem0_0_RID       |   in|    1|       m_axi|         gmem0|       pointer|
|m_axi_gmem0_0_RFIFONUM  |   in|   11|       m_axi|         gmem0|       pointer|
|m_axi_gmem0_0_RUSER     |   in|    1|       m_axi|         gmem0|       pointer|
|m_axi_gmem0_0_RRESP     |   in|    2|       m_axi|         gmem0|       pointer|
|m_axi_gmem0_0_BVALID    |   in|    1|       m_axi|         gmem0|       pointer|
|m_axi_gmem0_0_BREADY    |  out|    1|       m_axi|         gmem0|       pointer|
|m_axi_gmem0_0_BRESP     |   in|    2|       m_axi|         gmem0|       pointer|
|m_axi_gmem0_0_BID       |   in|    1|       m_axi|         gmem0|       pointer|
|m_axi_gmem0_0_BUSER     |   in|    1|       m_axi|         gmem0|       pointer|
|input_r                 |   in|   64|     ap_none|       input_r|        scalar|
|outputConv              |   in|   64|     ap_none|    outputConv|        scalar|
|m_axi_gmem1_0_AWVALID   |  out|    1|       m_axi|         gmem1|       pointer|
|m_axi_gmem1_0_AWREADY   |   in|    1|       m_axi|         gmem1|       pointer|
|m_axi_gmem1_0_AWADDR    |  out|   64|       m_axi|         gmem1|       pointer|
|m_axi_gmem1_0_AWID      |  out|    1|       m_axi|         gmem1|       pointer|
|m_axi_gmem1_0_AWLEN     |  out|   32|       m_axi|         gmem1|       pointer|
|m_axi_gmem1_0_AWSIZE    |  out|    3|       m_axi|         gmem1|       pointer|
|m_axi_gmem1_0_AWBURST   |  out|    2|       m_axi|         gmem1|       pointer|
|m_axi_gmem1_0_AWLOCK    |  out|    2|       m_axi|         gmem1|       pointer|
|m_axi_gmem1_0_AWCACHE   |  out|    4|       m_axi|         gmem1|       pointer|
|m_axi_gmem1_0_AWPROT    |  out|    3|       m_axi|         gmem1|       pointer|
|m_axi_gmem1_0_AWQOS     |  out|    4|       m_axi|         gmem1|       pointer|
|m_axi_gmem1_0_AWREGION  |  out|    4|       m_axi|         gmem1|       pointer|
|m_axi_gmem1_0_AWUSER    |  out|    1|       m_axi|         gmem1|       pointer|
|m_axi_gmem1_0_WVALID    |  out|    1|       m_axi|         gmem1|       pointer|
|m_axi_gmem1_0_WREADY    |   in|    1|       m_axi|         gmem1|       pointer|
|m_axi_gmem1_0_WDATA     |  out|    8|       m_axi|         gmem1|       pointer|
|m_axi_gmem1_0_WSTRB     |  out|    1|       m_axi|         gmem1|       pointer|
|m_axi_gmem1_0_WLAST     |  out|    1|       m_axi|         gmem1|       pointer|
|m_axi_gmem1_0_WID       |  out|    1|       m_axi|         gmem1|       pointer|
|m_axi_gmem1_0_WUSER     |  out|    1|       m_axi|         gmem1|       pointer|
|m_axi_gmem1_0_ARVALID   |  out|    1|       m_axi|         gmem1|       pointer|
|m_axi_gmem1_0_ARREADY   |   in|    1|       m_axi|         gmem1|       pointer|
|m_axi_gmem1_0_ARADDR    |  out|   64|       m_axi|         gmem1|       pointer|
|m_axi_gmem1_0_ARID      |  out|    1|       m_axi|         gmem1|       pointer|
|m_axi_gmem1_0_ARLEN     |  out|   32|       m_axi|         gmem1|       pointer|
|m_axi_gmem1_0_ARSIZE    |  out|    3|       m_axi|         gmem1|       pointer|
|m_axi_gmem1_0_ARBURST   |  out|    2|       m_axi|         gmem1|       pointer|
|m_axi_gmem1_0_ARLOCK    |  out|    2|       m_axi|         gmem1|       pointer|
|m_axi_gmem1_0_ARCACHE   |  out|    4|       m_axi|         gmem1|       pointer|
|m_axi_gmem1_0_ARPROT    |  out|    3|       m_axi|         gmem1|       pointer|
|m_axi_gmem1_0_ARQOS     |  out|    4|       m_axi|         gmem1|       pointer|
|m_axi_gmem1_0_ARREGION  |  out|    4|       m_axi|         gmem1|       pointer|
|m_axi_gmem1_0_ARUSER    |  out|    1|       m_axi|         gmem1|       pointer|
|m_axi_gmem1_0_RVALID    |   in|    1|       m_axi|         gmem1|       pointer|
|m_axi_gmem1_0_RREADY    |  out|    1|       m_axi|         gmem1|       pointer|
|m_axi_gmem1_0_RDATA     |   in|    8|       m_axi|         gmem1|       pointer|
|m_axi_gmem1_0_RLAST     |   in|    1|       m_axi|         gmem1|       pointer|
|m_axi_gmem1_0_RID       |   in|    1|       m_axi|         gmem1|       pointer|
|m_axi_gmem1_0_RFIFONUM  |   in|   11|       m_axi|         gmem1|       pointer|
|m_axi_gmem1_0_RUSER     |   in|    1|       m_axi|         gmem1|       pointer|
|m_axi_gmem1_0_RRESP     |   in|    2|       m_axi|         gmem1|       pointer|
|m_axi_gmem1_0_BVALID    |   in|    1|       m_axi|         gmem1|       pointer|
|m_axi_gmem1_0_BREADY    |  out|    1|       m_axi|         gmem1|       pointer|
|m_axi_gmem1_0_BRESP     |   in|    2|       m_axi|         gmem1|       pointer|
|m_axi_gmem1_0_BID       |   in|    1|       m_axi|         gmem1|       pointer|
|m_axi_gmem1_0_BUSER     |   in|    1|       m_axi|         gmem1|       pointer|
|weight                  |   in|   64|     ap_none|        weight|        scalar|
|bias                    |   in|   64|     ap_none|          bias|        scalar|
+------------------------+-----+-----+------------+--------------+--------------+

