

================================================================
== Vitis HLS Report for 'conv2_Pipeline_CI_2'
================================================================
* Date:           Sat Mar  7 18:28:22 2026

* Version:        2025.2 (Build 6295257 on Nov 14 2025)
* Project:        top
* Solution:       hls (Vivado IP Flow Target)
* Product family: zynq
* Target device:  xc7z020-clg484-1


================================================================
== Performance Estimates
================================================================
+ Timing: 
    * Summary: 
    +--------+----------+----------+------------+
    |  Clock |  Target  | Estimated| Uncertainty|
    +--------+----------+----------+------------+
    |ap_clk  |  10.00 ns|  8.650 ns|     1.25 ns|
    +--------+----------+----------+------------+

+ Latency: 
    * Summary: 
    +---------+---------+----------+----------+-----+-----+-------------------+
    |  Latency (cycles) |  Latency (absolute) |  Interval |      Pipeline     |
    |   min   |   max   |    min   |    max   | min | max |        Type       |
    +---------+---------+----------+----------+-----+-----+-------------------+
    |       29|       29|  0.290 us|  0.290 us|    0|    0|  loop pipeline stp|
    +---------+---------+----------+----------+-----+-----+-------------------+

    + Detail: 
        * Instance: 
        N/A

        * Loop: 
        +----------+---------+---------+----------+-----------+-----------+------+----------+
        |          |  Latency (cycles) | Iteration|  Initiation Interval  | Trip |          |
        | Loop Name|   min   |   max   |  Latency |  achieved |   target  | Count| Pipelined|
        +----------+---------+---------+----------+-----------+-----------+------+----------+
        |- CI_2    |       27|       27|        21|          1|          1|     8|       yes|
        +----------+---------+---------+----------+-----------+-----------+------+----------+



================================================================
== Utilization Estimates
================================================================
* Summary: 
+-----------------+---------+-----+--------+-------+-----+
|       Name      | BRAM_18K| DSP |   FF   |  LUT  | URAM|
+-----------------+---------+-----+--------+-------+-----+
|DSP              |        -|    9|       -|      -|    -|
|Expression       |        -|    -|       0|    759|    -|
|FIFO             |        -|    -|       -|      -|    -|
|Instance         |        -|    -|       0|    714|    -|
|Memory           |        -|    -|       -|      -|    -|
|Multiplexer      |        -|    -|       0|   1237|    -|
|Register         |        -|    -|    1265|    512|    -|
+-----------------+---------+-----+--------+-------+-----+
|Total            |        0|    9|    1265|   3222|    0|
+-----------------+---------+-----+--------+-------+-----+
|Available        |      280|  220|  106400|  53200|    0|
+-----------------+---------+-----+--------+-------+-----+
|Utilization (%)  |        0|    4|       1|      6|    0|
+-----------------+---------+-----+--------+-------+-----+

+ Detail: 
    * Instance: 
    +-----------------------------+------------------------+---------+----+---+----+-----+
    |           Instance          |         Module         | BRAM_18K| DSP| FF| LUT| URAM|
    +-----------------------------+------------------------+---------+----+---+----+-----+
    |sparsemux_17_3_8_1_1_U329    |sparsemux_17_3_8_1_1    |        0|   0|  0|  42|    0|
    |sparsemux_17_3_8_1_1_U334    |sparsemux_17_3_8_1_1    |        0|   0|  0|  42|    0|
    |sparsemux_17_3_8_1_1_U335    |sparsemux_17_3_8_1_1    |        0|   0|  0|  42|    0|
    |sparsemux_17_3_8_1_1_U336    |sparsemux_17_3_8_1_1    |        0|   0|  0|  42|    0|
    |sparsemux_17_3_8_1_1_U337    |sparsemux_17_3_8_1_1    |        0|   0|  0|  42|    0|
    |sparsemux_17_3_8_1_1_U338    |sparsemux_17_3_8_1_1    |        0|   0|  0|  42|    0|
    |sparsemux_17_3_8_1_1_U339    |sparsemux_17_3_8_1_1    |        0|   0|  0|  42|    0|
    |sparsemux_17_3_8_1_1_U340    |sparsemux_17_3_8_1_1    |        0|   0|  0|  42|    0|
    |sparsemux_17_3_8_1_1_U341    |sparsemux_17_3_8_1_1    |        0|   0|  0|  42|    0|
    |sparsemux_17_3_8_1_1_x_U325  |sparsemux_17_3_8_1_1_x  |        0|   0|  0|  42|    0|
    |sparsemux_17_3_8_1_1_x_U326  |sparsemux_17_3_8_1_1_x  |        0|   0|  0|  42|    0|
    |sparsemux_17_3_8_1_1_x_U327  |sparsemux_17_3_8_1_1_x  |        0|   0|  0|  42|    0|
    |sparsemux_17_3_8_1_1_x_U328  |sparsemux_17_3_8_1_1_x  |        0|   0|  0|  42|    0|
    |sparsemux_17_3_8_1_1_x_U330  |sparsemux_17_3_8_1_1_x  |        0|   0|  0|  42|    0|
    |sparsemux_17_3_8_1_1_x_U331  |sparsemux_17_3_8_1_1_x  |        0|   0|  0|  42|    0|
    |sparsemux_17_3_8_1_1_x_U332  |sparsemux_17_3_8_1_1_x  |        0|   0|  0|  42|    0|
    |sparsemux_17_3_8_1_1_x_U333  |sparsemux_17_3_8_1_1_x  |        0|   0|  0|  42|    0|
    +-----------------------------+------------------------+---------+----+---+----+-----+
    |Total                        |                        |        0|   0|  0| 714|    0|
    +-----------------------------+------------------------+---------+----+---+----+-----+

    * DSP: 
    +----------------------------------+-----------------------------+--------------+
    |             Instance             |            Module           |  Expression  |
    +----------------------------------+-----------------------------+--------------+
    |mac_muladd_8s_8s_11s_16_4_1_U342  |mac_muladd_8s_8s_11s_16_4_1  |  i0 + i1 * i2|
    |mac_muladd_8s_8s_11s_16_4_1_U343  |mac_muladd_8s_8s_11s_16_4_1  |  i0 + i1 * i2|
    |mac_muladd_8s_8s_11s_16_4_1_U344  |mac_muladd_8s_8s_11s_16_4_1  |  i0 + i1 * i2|
    |mac_muladd_8s_8s_11s_16_4_1_U345  |mac_muladd_8s_8s_11s_16_4_1  |  i0 + i1 * i2|
    |mac_muladd_8s_8s_11s_16_4_1_U346  |mac_muladd_8s_8s_11s_16_4_1  |  i0 + i1 * i2|
    |mac_muladd_8s_8s_11s_16_4_1_U347  |mac_muladd_8s_8s_11s_16_4_1  |  i0 + i1 * i2|
    |mac_muladd_8s_8s_11s_16_4_1_U348  |mac_muladd_8s_8s_11s_16_4_1  |  i0 + i1 * i2|
    |mac_muladd_8s_8s_11s_16_4_1_U349  |mac_muladd_8s_8s_11s_16_4_1  |  i0 + i1 * i2|
    |mac_muladd_8s_8s_11s_16_4_1_U350  |mac_muladd_8s_8s_11s_16_4_1  |  i0 + i1 * i2|
    +----------------------------------+-----------------------------+--------------+

    * Memory: 
    N/A

    * FIFO: 
    N/A

    * Expression: 
    +-------------------------+----------+----+---+----+------------+------------+
    |      Variable Name      | Operation| DSP| FF| LUT| Bitwidth P0| Bitwidth P1|
    +-------------------------+----------+----+---+----+------------+------------+
    |add_ln103_fu_1100_p2     |         +|   0|  0|  13|           4|           1|
    |add_ln111_10_fu_1340_p2  |         +|   0|  0|  12|          11|          11|
    |add_ln111_11_fu_1367_p2  |         +|   0|  0|  11|          11|           4|
    |add_ln111_12_fu_1373_p2  |         +|   0|  0|  11|          11|          11|
    |add_ln111_13_fu_1378_p2  |         +|   0|  0|  12|          11|          11|
    |add_ln111_14_fu_1405_p2  |         +|   0|  0|  12|          11|          11|
    |add_ln111_15_fu_1432_p2  |         +|   0|  0|  12|          11|          11|
    |add_ln111_1_fu_1195_p2   |         +|   0|  0|  11|          11|          11|
    |add_ln111_2_fu_1145_p2   |         +|   0|  0|   4|           3|           3|
    |add_ln111_3_fu_1151_p2   |         +|   0|  0|   4|           3|           3|
    |add_ln111_4_fu_1200_p2   |         +|   0|  0|  12|          11|          11|
    |add_ln111_5_fu_1227_p2   |         +|   0|  0|  12|          11|          11|
    |add_ln111_6_fu_1254_p2   |         +|   0|  0|  12|          11|          11|
    |add_ln111_7_fu_1281_p2   |         +|   0|  0|  12|          11|          11|
    |add_ln111_8_fu_1286_p2   |         +|   0|  0|  12|          11|          11|
    |add_ln111_9_fu_1313_p2   |         +|   0|  0|  12|          11|          11|
    |add_ln111_fu_1189_p2     |         +|   0|  0|  11|          11|           5|
    |add_ln114_10_fu_1183_p2  |         +|   0|  0|  12|          11|           8|
    |add_ln114_fu_1114_p2     |         +|   0|  0|  14|           7|           7|
    |ap_condition_3265        |       and|   0|  0|   2|           1|           1|
    |ap_condition_3266        |       and|   0|  0|   2|           1|           1|
    |ap_condition_3273        |       and|   0|  0|   2|           1|           1|
    |ap_condition_3277        |       and|   0|  0|   2|           1|           1|
    |ap_condition_3282        |       and|   0|  0|   2|           1|           1|
    |ap_condition_3286        |       and|   0|  0|   2|           1|           1|
    |ap_condition_3291        |       and|   0|  0|   2|           1|           1|
    |ap_condition_3295        |       and|   0|  0|   2|           1|           1|
    |ap_condition_3299        |       and|   0|  0|   2|           1|           1|
    |ap_condition_3305        |       and|   0|  0|   2|           1|           1|
    |ap_condition_3309        |       and|   0|  0|   2|           1|           1|
    |ap_condition_3314        |       and|   0|  0|   2|           1|           1|
    |ap_condition_3318        |       and|   0|  0|   2|           1|           1|
    |ap_condition_3323        |       and|   0|  0|   2|           1|           1|
    |ap_condition_3327        |       and|   0|  0|   2|           1|           1|
    |ap_condition_3330        |       and|   0|  0|   2|           1|           1|
    |ap_condition_3333        |       and|   0|  0|   2|           1|           1|
    |ap_condition_3336        |       and|   0|  0|   2|           1|           1|
    |ap_condition_3337        |       and|   0|  0|   2|           1|           1|
    |ap_condition_3343        |       and|   0|  0|   2|           1|           1|
    |ap_condition_3347        |       and|   0|  0|   2|           1|           1|
    |ap_condition_3350        |       and|   0|  0|   2|           1|           1|
    |ap_condition_3353        |       and|   0|  0|   2|           1|           1|
    |ap_condition_3357        |       and|   0|  0|   2|           1|           1|
    |ap_condition_3361        |       and|   0|  0|   2|           1|           1|
    |ap_condition_3364        |       and|   0|  0|   2|           1|           1|
    |ap_condition_3369        |       and|   0|  0|   2|           1|           1|
    |ap_condition_3373        |       and|   0|  0|   2|           1|           1|
    |ap_condition_3376        |       and|   0|  0|   2|           1|           1|
    |ap_condition_3379        |       and|   0|  0|   2|           1|           1|
    |ap_condition_3384        |       and|   0|  0|   2|           1|           1|
    |ap_condition_3388        |       and|   0|  0|   2|           1|           1|
    |ap_condition_3391        |       and|   0|  0|   2|           1|           1|
    |ap_condition_3394        |       and|   0|  0|   2|           1|           1|
    |ap_condition_3397        |       and|   0|  0|   2|           1|           1|
    |ap_condition_3398        |       and|   0|  0|   2|           1|           1|
    |ap_condition_3404        |       and|   0|  0|   2|           1|           1|
    |ap_condition_3408        |       and|   0|  0|   2|           1|           1|
    |ap_condition_3411        |       and|   0|  0|   2|           1|           1|
    |ap_condition_3414        |       and|   0|  0|   2|           1|           1|
    |ap_condition_3418        |       and|   0|  0|   2|           1|           1|
    |ap_condition_3422        |       and|   0|  0|   2|           1|           1|
    |ap_condition_3425        |       and|   0|  0|   2|           1|           1|
    |ap_condition_3430        |       and|   0|  0|   2|           1|           1|
    |ap_condition_3434        |       and|   0|  0|   2|           1|           1|
    |ap_condition_3437        |       and|   0|  0|   2|           1|           1|
    |ap_condition_3440        |       and|   0|  0|   2|           1|           1|
    |ap_condition_3445        |       and|   0|  0|   2|           1|           1|
    |ap_condition_3449        |       and|   0|  0|   2|           1|           1|
    |ap_condition_3452        |       and|   0|  0|   2|           1|           1|
    |ap_condition_3455        |       and|   0|  0|   2|           1|           1|
    |ap_condition_3458        |       and|   0|  0|   2|           1|           1|
    |ap_condition_3459        |       and|   0|  0|   2|           1|           1|
    |ap_condition_3465        |       and|   0|  0|   2|           1|           1|
    |ap_condition_3469        |       and|   0|  0|   2|           1|           1|
    |ap_condition_3472        |       and|   0|  0|   2|           1|           1|
    |ap_condition_3475        |       and|   0|  0|   2|           1|           1|
    |ap_condition_3479        |       and|   0|  0|   2|           1|           1|
    |ap_condition_3483        |       and|   0|  0|   2|           1|           1|
    |ap_condition_3486        |       and|   0|  0|   2|           1|           1|
    |ap_condition_3491        |       and|   0|  0|   2|           1|           1|
    |ap_condition_3495        |       and|   0|  0|   2|           1|           1|
    |ap_condition_3498        |       and|   0|  0|   2|           1|           1|
    |ap_condition_3501        |       and|   0|  0|   2|           1|           1|
    |ap_condition_3506        |       and|   0|  0|   2|           1|           1|
    |ap_condition_3510        |       and|   0|  0|   2|           1|           1|
    |ap_condition_3513        |       and|   0|  0|   2|           1|           1|
    |ap_condition_3516        |       and|   0|  0|   2|           1|           1|
    |ap_condition_3519        |       and|   0|  0|   2|           1|           1|
    |ap_condition_3520        |       and|   0|  0|   2|           1|           1|
    |ap_condition_3526        |       and|   0|  0|   2|           1|           1|
    |ap_condition_3530        |       and|   0|  0|   2|           1|           1|
    |ap_condition_3533        |       and|   0|  0|   2|           1|           1|
    |ap_condition_3536        |       and|   0|  0|   2|           1|           1|
    |ap_condition_3540        |       and|   0|  0|   2|           1|           1|
    |ap_condition_3544        |       and|   0|  0|   2|           1|           1|
    |ap_condition_3547        |       and|   0|  0|   2|           1|           1|
    |ap_condition_3552        |       and|   0|  0|   2|           1|           1|
    |ap_condition_3556        |       and|   0|  0|   2|           1|           1|
    |ap_condition_3559        |       and|   0|  0|   2|           1|           1|
    |ap_condition_3562        |       and|   0|  0|   2|           1|           1|
    |ap_condition_3567        |       and|   0|  0|   2|           1|           1|
    |ap_condition_3571        |       and|   0|  0|   2|           1|           1|
    |ap_condition_3574        |       and|   0|  0|   2|           1|           1|
    |ap_condition_3577        |       and|   0|  0|   2|           1|           1|
    |ap_condition_3580        |       and|   0|  0|   2|           1|           1|
    |ap_condition_3581        |       and|   0|  0|   2|           1|           1|
    |ap_condition_3587        |       and|   0|  0|   2|           1|           1|
    |ap_condition_3591        |       and|   0|  0|   2|           1|           1|
    |ap_condition_3594        |       and|   0|  0|   2|           1|           1|
    |ap_condition_3597        |       and|   0|  0|   2|           1|           1|
    |ap_condition_3601        |       and|   0|  0|   2|           1|           1|
    |ap_condition_3605        |       and|   0|  0|   2|           1|           1|
    |ap_condition_3608        |       and|   0|  0|   2|           1|           1|
    |ap_condition_3613        |       and|   0|  0|   2|           1|           1|
    |ap_condition_3617        |       and|   0|  0|   2|           1|           1|
    |ap_condition_3620        |       and|   0|  0|   2|           1|           1|
    |ap_condition_3623        |       and|   0|  0|   2|           1|           1|
    |ap_condition_3628        |       and|   0|  0|   2|           1|           1|
    |ap_condition_3632        |       and|   0|  0|   2|           1|           1|
    |ap_condition_3635        |       and|   0|  0|   2|           1|           1|
    |ap_condition_3638        |       and|   0|  0|   2|           1|           1|
    |ap_condition_3641        |       and|   0|  0|   2|           1|           1|
    |ap_condition_3642        |       and|   0|  0|   2|           1|           1|
    |ap_condition_3648        |       and|   0|  0|   2|           1|           1|
    |ap_condition_3652        |       and|   0|  0|   2|           1|           1|
    |ap_condition_3655        |       and|   0|  0|   2|           1|           1|
    |ap_condition_3658        |       and|   0|  0|   2|           1|           1|
    |ap_condition_3662        |       and|   0|  0|   2|           1|           1|
    |ap_condition_3666        |       and|   0|  0|   2|           1|           1|
    |ap_condition_3669        |       and|   0|  0|   2|           1|           1|
    |ap_condition_3674        |       and|   0|  0|   2|           1|           1|
    |ap_condition_3678        |       and|   0|  0|   2|           1|           1|
    |ap_condition_3681        |       and|   0|  0|   2|           1|           1|
    |ap_condition_3684        |       and|   0|  0|   2|           1|           1|
    |ap_condition_3689        |       and|   0|  0|   2|           1|           1|
    |ap_condition_3693        |       and|   0|  0|   2|           1|           1|
    |ap_condition_3696        |       and|   0|  0|   2|           1|           1|
    |ap_condition_3699        |       and|   0|  0|   2|           1|           1|
    |ap_condition_3702        |       and|   0|  0|   2|           1|           1|
    |ap_condition_3703        |       and|   0|  0|   2|           1|           1|
    |ap_condition_3709        |       and|   0|  0|   2|           1|           1|
    |ap_condition_3713        |       and|   0|  0|   2|           1|           1|
    |ap_condition_3716        |       and|   0|  0|   2|           1|           1|
    |ap_condition_3719        |       and|   0|  0|   2|           1|           1|
    |ap_condition_3723        |       and|   0|  0|   2|           1|           1|
    |ap_condition_3727        |       and|   0|  0|   2|           1|           1|
    |ap_condition_3730        |       and|   0|  0|   2|           1|           1|
    |ap_condition_3735        |       and|   0|  0|   2|           1|           1|
    |ap_condition_3739        |       and|   0|  0|   2|           1|           1|
    |ap_condition_3742        |       and|   0|  0|   2|           1|           1|
    |ap_condition_3745        |       and|   0|  0|   2|           1|           1|
    |ap_condition_3750        |       and|   0|  0|   2|           1|           1|
    |ap_condition_3754        |       and|   0|  0|   2|           1|           1|
    |ap_condition_3757        |       and|   0|  0|   2|           1|           1|
    |ap_condition_3760        |       and|   0|  0|   2|           1|           1|
    |ap_condition_3764        |       and|   0|  0|   2|           1|           1|
    |icmp_ln103_fu_1094_p2    |      icmp|   0|  0|  13|           4|           5|
    |icmp_ln110_1_fu_1063_p2  |      icmp|   0|  0|  13|           5|           4|
    |icmp_ln110_2_fu_1069_p2  |      icmp|   0|  0|  13|           4|           3|
    |icmp_ln110_3_fu_1075_p2  |      icmp|   0|  0|  13|           4|           3|
    |icmp_ln110_fu_1057_p2    |      icmp|   0|  0|  13|           5|           4|
    |icmp_ln114_2_fu_2144_p2  |      icmp|   0|  0|  23|          16|           1|
    |icmp_ln114_3_fu_2377_p2  |      icmp|   0|  0|  23|          16|           1|
    |icmp_ln114_4_fu_2610_p2  |      icmp|   0|  0|  23|          16|           1|
    |icmp_ln114_5_fu_2843_p2  |      icmp|   0|  0|  23|          16|           1|
    |icmp_ln114_6_fu_2988_p2  |      icmp|   0|  0|  23|          16|           1|
    |icmp_ln114_7_fu_3221_p2  |      icmp|   0|  0|  23|          16|           1|
    |icmp_ln114_8_fu_3454_p2  |      icmp|   0|  0|  23|          16|           1|
    |icmp_ln114_9_fu_3698_p2  |      icmp|   0|  0|  23|          16|           1|
    |icmp_ln114_fu_1911_p2    |      icmp|   0|  0|  23|          16|           1|
    |ap_enable_pp0            |       xor|   0|  0|   2|           1|           2|
    +-------------------------+----------+----+---+----+------------+------------+
    |Total                    |          |   0|  0| 759|         486|         330|
    +-------------------------+----------+----+---+----+------------+------------+

    * Multiplexer: 
    +----------------------------------------------------------------------+----+-----------+-----+-----------+
    |                                 Name                                 | LUT| Input Size| Bits| Total Bits|
    +----------------------------------------------------------------------+----+-----------+-----+-----------+
    |ap_done_int                                                           |   9|          2|    1|          2|
    |ap_enable_reg_pp0_iter2                                               |   9|          2|    1|          2|
    |ap_sig_allocacmp_ci_1                                                 |   9|          2|    4|          8|
    |ci_fu_182                                                             |   9|          2|    4|          8|
    |conv2_ap_fixed_ap_fixed_ap_fixed_ap_fixed_8_5_5_3_0_partial_sums_1_o  |  93|         19|    8|        152|
    |conv2_ap_fixed_ap_fixed_ap_fixed_ap_fixed_8_5_5_3_0_partial_sums_2_o  |  93|         19|    8|        152|
    |conv2_ap_fixed_ap_fixed_ap_fixed_ap_fixed_8_5_5_3_0_partial_sums_3_o  |  93|         19|    8|        152|
    |conv2_ap_fixed_ap_fixed_ap_fixed_ap_fixed_8_5_5_3_0_partial_sums_4_o  |  93|         19|    8|        152|
    |conv2_ap_fixed_ap_fixed_ap_fixed_ap_fixed_8_5_5_3_0_partial_sums_5_o  |  93|         19|    8|        152|
    |conv2_ap_fixed_ap_fixed_ap_fixed_ap_fixed_8_5_5_3_0_partial_sums_6_o  |  93|         19|    8|        152|
    |conv2_ap_fixed_ap_fixed_ap_fixed_ap_fixed_8_5_5_3_0_partial_sums_7_o  |  93|         19|    8|        152|
    |conv2_ap_fixed_ap_fixed_ap_fixed_ap_fixed_8_5_5_3_0_partial_sums_o    |  93|         19|    8|        152|
    |phi_mul597_fu_178                                                     |   9|          2|   11|         22|
    |temp_1_address0_local                                                 |  42|          8|    8|         64|
    |temp_1_address1_local                                                 |  14|          3|    8|         24|
    |temp_2_address0_local                                                 |  42|          8|    8|         64|
    |temp_2_address1_local                                                 |  14|          3|    8|         24|
    |temp_3_address0_local                                                 |  42|          8|    8|         64|
    |temp_3_address1_local                                                 |  14|          3|    8|         24|
    |temp_4_address0_local                                                 |  42|          8|    8|         64|
    |temp_4_address1_local                                                 |  14|          3|    8|         24|
    |temp_5_address0_local                                                 |  42|          8|    8|         64|
    |temp_5_address1_local                                                 |  14|          3|    8|         24|
    |temp_6_address0_local                                                 |  42|          8|    8|         64|
    |temp_6_address1_local                                                 |  14|          3|    8|         24|
    |temp_7_address0_local                                                 |  42|          8|    8|         64|
    |temp_7_address1_local                                                 |  14|          3|    8|         24|
    |temp_address0_local                                                   |  42|          8|    8|         64|
    |temp_address1_local                                                   |  14|          3|    8|         24|
    +----------------------------------------------------------------------+----+-----------+-----+-----------+
    |Total                                                                 |1237|        250|  213|       1962|
    +----------------------------------------------------------------------+----+-----------+-----+-----------+

    * Register: 
    +----------------------------------------------------------------------------------+----+----+-----+-----------+
    |                                       Name                                       | FF | LUT| Bits| Const Bits|
    +----------------------------------------------------------------------------------+----+----+-----+-----------+
    |add_ln111_3_reg_4022                                                              |   3|   0|    3|          0|
    |add_ln111_3_reg_4022_pp0_iter1_reg                                                |   3|   0|    3|          0|
    |ap_CS_fsm                                                                         |   1|   0|    1|          0|
    |ap_done_reg                                                                       |   1|   0|    1|          0|
    |ap_enable_reg_pp0_iter1                                                           |   1|   0|    1|          0|
    |ap_enable_reg_pp0_iter10                                                          |   1|   0|    1|          0|
    |ap_enable_reg_pp0_iter11                                                          |   1|   0|    1|          0|
    |ap_enable_reg_pp0_iter12                                                          |   1|   0|    1|          0|
    |ap_enable_reg_pp0_iter13                                                          |   1|   0|    1|          0|
    |ap_enable_reg_pp0_iter14                                                          |   1|   0|    1|          0|
    |ap_enable_reg_pp0_iter15                                                          |   1|   0|    1|          0|
    |ap_enable_reg_pp0_iter16                                                          |   1|   0|    1|          0|
    |ap_enable_reg_pp0_iter17                                                          |   1|   0|    1|          0|
    |ap_enable_reg_pp0_iter18                                                          |   1|   0|    1|          0|
    |ap_enable_reg_pp0_iter19                                                          |   1|   0|    1|          0|
    |ap_enable_reg_pp0_iter2                                                           |   1|   0|    1|          0|
    |ap_enable_reg_pp0_iter20                                                          |   1|   0|    1|          0|
    |ap_enable_reg_pp0_iter3                                                           |   1|   0|    1|          0|
    |ap_enable_reg_pp0_iter4                                                           |   1|   0|    1|          0|
    |ap_enable_reg_pp0_iter5                                                           |   1|   0|    1|          0|
    |ap_enable_reg_pp0_iter6                                                           |   1|   0|    1|          0|
    |ap_enable_reg_pp0_iter7                                                           |   1|   0|    1|          0|
    |ap_enable_reg_pp0_iter8                                                           |   1|   0|    1|          0|
    |ap_enable_reg_pp0_iter9                                                           |   1|   0|    1|          0|
    |ap_loop_exit_ready_pp0_iter10_reg                                                 |   1|   0|    1|          0|
    |ap_loop_exit_ready_pp0_iter11_reg                                                 |   1|   0|    1|          0|
    |ap_loop_exit_ready_pp0_iter12_reg                                                 |   1|   0|    1|          0|
    |ap_loop_exit_ready_pp0_iter13_reg                                                 |   1|   0|    1|          0|
    |ap_loop_exit_ready_pp0_iter14_reg                                                 |   1|   0|    1|          0|
    |ap_loop_exit_ready_pp0_iter15_reg                                                 |   1|   0|    1|          0|
    |ap_loop_exit_ready_pp0_iter16_reg                                                 |   1|   0|    1|          0|
    |ap_loop_exit_ready_pp0_iter17_reg                                                 |   1|   0|    1|          0|
    |ap_loop_exit_ready_pp0_iter18_reg                                                 |   1|   0|    1|          0|
    |ap_loop_exit_ready_pp0_iter19_reg                                                 |   1|   0|    1|          0|
    |ap_loop_exit_ready_pp0_iter1_reg                                                  |   1|   0|    1|          0|
    |ap_loop_exit_ready_pp0_iter2_reg                                                  |   1|   0|    1|          0|
    |ap_loop_exit_ready_pp0_iter3_reg                                                  |   1|   0|    1|          0|
    |ap_loop_exit_ready_pp0_iter4_reg                                                  |   1|   0|    1|          0|
    |ap_loop_exit_ready_pp0_iter5_reg                                                  |   1|   0|    1|          0|
    |ap_loop_exit_ready_pp0_iter6_reg                                                  |   1|   0|    1|          0|
    |ap_loop_exit_ready_pp0_iter7_reg                                                  |   1|   0|    1|          0|
    |ap_loop_exit_ready_pp0_iter8_reg                                                  |   1|   0|    1|          0|
    |ap_loop_exit_ready_pp0_iter9_reg                                                  |   1|   0|    1|          0|
    |ci_fu_182                                                                         |   4|   0|    4|          0|
    |conv2_ap_fixed_ap_fixed_ap_fixed_ap_fixed_8_5_5_3_0_local_weight_1_load_reg_4435  |   8|   0|    8|          0|
    |conv2_ap_fixed_ap_fixed_ap_fixed_ap_fixed_8_5_5_3_0_local_weight_2_load_reg_4390  |   8|   0|    8|          0|
    |conv2_ap_fixed_ap_fixed_ap_fixed_ap_fixed_8_5_5_3_0_local_weight_3_load_reg_4345  |   8|   0|    8|          0|
    |conv2_ap_fixed_ap_fixed_ap_fixed_ap_fixed_8_5_5_3_0_local_weight_4_load_reg_4300  |   8|   0|    8|          0|
    |conv2_ap_fixed_ap_fixed_ap_fixed_ap_fixed_8_5_5_3_0_local_weight_5_load_reg_4255  |   8|   0|    8|          0|
    |conv2_ap_fixed_ap_fixed_ap_fixed_ap_fixed_8_5_5_3_0_local_weight_6_load_reg_4210  |   8|   0|    8|          0|
    |conv2_ap_fixed_ap_fixed_ap_fixed_ap_fixed_8_5_5_3_0_local_weight_7_load_reg_4165  |   8|   0|    8|          0|
    |conv2_ap_fixed_ap_fixed_ap_fixed_ap_fixed_8_5_5_3_0_local_weight_8_load_reg_4120  |   8|   0|    8|          0|
    |conv2_ap_fixed_ap_fixed_ap_fixed_ap_fixed_8_5_5_3_0_local_weight_load_reg_4480    |   8|   0|    8|          0|
    |icmp_ln103_reg_3989                                                               |   1|   0|    1|          0|
    |icmp_ln110_1_reg_3977                                                             |   1|   0|    1|          0|
    |icmp_ln110_2_reg_3981                                                             |   1|   0|    1|          0|
    |icmp_ln110_3_reg_3985                                                             |   1|   0|    1|          0|
    |icmp_ln110_reg_3973                                                               |   1|   0|    1|          0|
    |phi_mul597_fu_178                                                                 |  11|   0|   11|          0|
    |sext_ln110_cast_reg_3966                                                          |  11|   0|   11|          0|
    |tmp_10_reg_4520                                                                   |   8|   0|    8|          0|
    |tmp_12_reg_4525                                                                   |   8|   0|    8|          0|
    |tmp_14_reg_4530                                                                   |   8|   0|    8|          0|
    |tmp_2_reg_4495                                                                    |   8|   0|    8|          0|
    |tmp_2_reg_4495_pp0_iter3_reg                                                      |   8|   0|    8|          0|
    |tmp_4_reg_4500                                                                    |   8|   0|    8|          0|
    |tmp_6_reg_4505                                                                    |   8|   0|    8|          0|
    |tmp_8_reg_4510                                                                    |   8|   0|    8|          0|
    |tmp_s_reg_4515                                                                    |   8|   0|    8|          0|
    |trunc_ln103_reg_3993                                                              |   3|   0|    3|          0|
    |zext_ln110_1_cast_reg_3945                                                        |   4|   0|   11|          7|
    |zext_ln127_cast_reg_3959                                                          |   8|   0|   11|          3|
    |zext_ln95_cast_reg_3952                                                           |   4|   0|   11|          7|
    |conv2_ap_fixed_ap_fixed_ap_fixed_ap_fixed_8_5_5_3_0_local_weight_1_load_reg_4435  |  64|  32|    8|          0|
    |conv2_ap_fixed_ap_fixed_ap_fixed_ap_fixed_8_5_5_3_0_local_weight_2_load_reg_4390  |  64|  32|    8|          0|
    |conv2_ap_fixed_ap_fixed_ap_fixed_ap_fixed_8_5_5_3_0_local_weight_3_load_reg_4345  |  64|  32|    8|          0|
    |conv2_ap_fixed_ap_fixed_ap_fixed_ap_fixed_8_5_5_3_0_local_weight_4_load_reg_4300  |  64|  32|    8|          0|
    |conv2_ap_fixed_ap_fixed_ap_fixed_ap_fixed_8_5_5_3_0_local_weight_5_load_reg_4255  |  64|  32|    8|          0|
    |conv2_ap_fixed_ap_fixed_ap_fixed_ap_fixed_8_5_5_3_0_local_weight_6_load_reg_4210  |  64|  32|    8|          0|
    |conv2_ap_fixed_ap_fixed_ap_fixed_ap_fixed_8_5_5_3_0_local_weight_7_load_reg_4165  |  64|  32|    8|          0|
    |conv2_ap_fixed_ap_fixed_ap_fixed_ap_fixed_8_5_5_3_0_local_weight_load_reg_4480    |  64|  32|    8|          0|
    |tmp_10_reg_4520                                                                   |  64|  32|    8|          0|
    |tmp_12_reg_4525                                                                   |  64|  32|    8|          0|
    |tmp_14_reg_4530                                                                   |  64|  32|    8|          0|
    |tmp_4_reg_4500                                                                    |  64|  32|    8|          0|
    |tmp_6_reg_4505                                                                    |  64|  32|    8|          0|
    |tmp_8_reg_4510                                                                    |  64|  32|    8|          0|
    |tmp_s_reg_4515                                                                    |  64|  32|    8|          0|
    |trunc_ln103_reg_3993                                                              |  64|  32|    3|          0|
    +----------------------------------------------------------------------------------+----+----+-----+-----------+
    |Total                                                                             |1265| 512|  381|         17|
    +----------------------------------------------------------------------------------+----+----+-----+-----------+



================================================================
== Interface
================================================================
* Summary: 
+-----------------------------------------------------------------------------+-----+-----+------------+--------------------------------------------------------------------+--------------+
|                                  RTL Ports                                  | Dir | Bits|  Protocol  |                            Source Object                           |    C Type    |
+-----------------------------------------------------------------------------+-----+-----+------------+--------------------------------------------------------------------+--------------+
|ap_clk                                                                       |   in|    1|  ap_ctrl_hs|                                                 conv2_Pipeline_CI_2|  return value|
|ap_rst                                                                       |   in|    1|  ap_ctrl_hs|                                                 conv2_Pipeline_CI_2|  return value|
|ap_start                                                                     |   in|    1|  ap_ctrl_hs|                                                 conv2_Pipeline_CI_2|  return value|
|ap_done                                                                      |  out|    1|  ap_ctrl_hs|                                                 conv2_Pipeline_CI_2|  return value|
|ap_idle                                                                      |  out|    1|  ap_ctrl_hs|                                                 conv2_Pipeline_CI_2|  return value|
|ap_ready                                                                     |  out|    1|  ap_ctrl_hs|                                                 conv2_Pipeline_CI_2|  return value|
|add_ln110                                                                    |   in|    5|     ap_none|                                                           add_ln110|        scalar|
|add_ln108                                                                    |   in|    5|     ap_none|                                                           add_ln108|        scalar|
|add_ln108_1                                                                  |   in|    4|     ap_none|                                                         add_ln108_1|        scalar|
|add_ln107                                                                    |   in|    4|     ap_none|                                                           add_ln107|        scalar|
|and_ln110_3                                                                  |   in|    1|     ap_none|                                                         and_ln110_3|        scalar|
|sext_ln110                                                                   |   in|    5|     ap_none|                                                          sext_ln110|        scalar|
|temp_address0                                                                |  out|    8|   ap_memory|                                                                temp|         array|
|temp_ce0                                                                     |  out|    1|   ap_memory|                                                                temp|         array|
|temp_q0                                                                      |   in|    8|   ap_memory|                                                                temp|         array|
|temp_address1                                                                |  out|    8|   ap_memory|                                                                temp|         array|
|temp_ce1                                                                     |  out|    1|   ap_memory|                                                                temp|         array|
|temp_q1                                                                      |   in|    8|   ap_memory|                                                                temp|         array|
|temp_1_address0                                                              |  out|    8|   ap_memory|                                                              temp_1|         array|
|temp_1_ce0                                                                   |  out|    1|   ap_memory|                                                              temp_1|         array|
|temp_1_q0                                                                    |   in|    8|   ap_memory|                                                              temp_1|         array|
|temp_1_address1                                                              |  out|    8|   ap_memory|                                                              temp_1|         array|
|temp_1_ce1                                                                   |  out|    1|   ap_memory|                                                              temp_1|         array|
|temp_1_q1                                                                    |   in|    8|   ap_memory|                                                              temp_1|         array|
|temp_2_address0                                                              |  out|    8|   ap_memory|                                                              temp_2|         array|
|temp_2_ce0                                                                   |  out|    1|   ap_memory|                                                              temp_2|         array|
|temp_2_q0                                                                    |   in|    8|   ap_memory|                                                              temp_2|         array|
|temp_2_address1                                                              |  out|    8|   ap_memory|                                                              temp_2|         array|
|temp_2_ce1                                                                   |  out|    1|   ap_memory|                                                              temp_2|         array|
|temp_2_q1                                                                    |   in|    8|   ap_memory|                                                              temp_2|         array|
|temp_3_address0                                                              |  out|    8|   ap_memory|                                                              temp_3|         array|
|temp_3_ce0                                                                   |  out|    1|   ap_memory|                                                              temp_3|         array|
|temp_3_q0                                                                    |   in|    8|   ap_memory|                                                              temp_3|         array|
|temp_3_address1                                                              |  out|    8|   ap_memory|                                                              temp_3|         array|
|temp_3_ce1                                                                   |  out|    1|   ap_memory|                                                              temp_3|         array|
|temp_3_q1                                                                    |   in|    8|   ap_memory|                                                              temp_3|         array|
|temp_4_address0                                                              |  out|    8|   ap_memory|                                                              temp_4|         array|
|temp_4_ce0                                                                   |  out|    1|   ap_memory|                                                              temp_4|         array|
|temp_4_q0                                                                    |   in|    8|   ap_memory|                                                              temp_4|         array|
|temp_4_address1                                                              |  out|    8|   ap_memory|                                                              temp_4|         array|
|temp_4_ce1                                                                   |  out|    1|   ap_memory|                                                              temp_4|         array|
|temp_4_q1                                                                    |   in|    8|   ap_memory|                                                              temp_4|         array|
|temp_5_address0                                                              |  out|    8|   ap_memory|                                                              temp_5|         array|
|temp_5_ce0                                                                   |  out|    1|   ap_memory|                                                              temp_5|         array|
|temp_5_q0                                                                    |   in|    8|   ap_memory|                                                              temp_5|         array|
|temp_5_address1                                                              |  out|    8|   ap_memory|                                                              temp_5|         array|
|temp_5_ce1                                                                   |  out|    1|   ap_memory|                                                              temp_5|         array|
|temp_5_q1                                                                    |   in|    8|   ap_memory|                                                              temp_5|         array|
|temp_6_address0                                                              |  out|    8|   ap_memory|                                                              temp_6|         array|
|temp_6_ce0                                                                   |  out|    1|   ap_memory|                                                              temp_6|         array|
|temp_6_q0                                                                    |   in|    8|   ap_memory|                                                              temp_6|         array|
|temp_6_address1                                                              |  out|    8|   ap_memory|                                                              temp_6|         array|
|temp_6_ce1                                                                   |  out|    1|   ap_memory|                                                              temp_6|         array|
|temp_6_q1                                                                    |   in|    8|   ap_memory|                                                              temp_6|         array|
|temp_7_address0                                                              |  out|    8|   ap_memory|                                                              temp_7|         array|
|temp_7_ce0                                                                   |  out|    1|   ap_memory|                                                              temp_7|         array|
|temp_7_q0                                                                    |   in|    8|   ap_memory|                                                              temp_7|         array|
|temp_7_address1                                                              |  out|    8|   ap_memory|                                                              temp_7|         array|
|temp_7_ce1                                                                   |  out|    1|   ap_memory|                                                              temp_7|         array|
|temp_7_q1                                                                    |   in|    8|   ap_memory|                                                              temp_7|         array|
|zext_ln127                                                                   |   in|    8|     ap_none|                                                          zext_ln127|        scalar|
|and_ln110_2                                                                  |   in|    1|     ap_none|                                                         and_ln110_2|        scalar|
|zext_ln95                                                                    |   in|    4|     ap_none|                                                           zext_ln95|        scalar|
|and_ln110_1                                                                  |   in|    1|     ap_none|                                                         and_ln110_1|        scalar|
|shl_ln                                                                       |   in|    7|     ap_none|                                                              shl_ln|        scalar|
|mul_ln107                                                                    |   in|    3|     ap_none|                                                           mul_ln107|        scalar|
|empty                                                                        |   in|    3|     ap_none|                                                               empty|        scalar|
|and_ln110                                                                    |   in|    1|     ap_none|                                                           and_ln110|        scalar|
|zext_ln110_1                                                                 |   in|    4|     ap_none|                                                        zext_ln110_1|        scalar|
|conv2_ap_fixed_ap_fixed_ap_fixed_ap_fixed_8_5_5_3_0_partial_sums_7_i         |   in|    8|     ap_ovld|  conv2_ap_fixed_ap_fixed_ap_fixed_ap_fixed_8_5_5_3_0_partial_sums_7|       pointer|
|conv2_ap_fixed_ap_fixed_ap_fixed_ap_fixed_8_5_5_3_0_partial_sums_7_o         |  out|    8|     ap_ovld|  conv2_ap_fixed_ap_fixed_ap_fixed_ap_fixed_8_5_5_3_0_partial_sums_7|       pointer|
|conv2_ap_fixed_ap_fixed_ap_fixed_ap_fixed_8_5_5_3_0_partial_sums_7_o_ap_vld  |  out|    1|     ap_ovld|  conv2_ap_fixed_ap_fixed_ap_fixed_ap_fixed_8_5_5_3_0_partial_sums_7|       pointer|
|conv2_ap_fixed_ap_fixed_ap_fixed_ap_fixed_8_5_5_3_0_local_weight_2_address0  |  out|    7|   ap_memory|  conv2_ap_fixed_ap_fixed_ap_fixed_ap_fixed_8_5_5_3_0_local_weight_2|         array|
|conv2_ap_fixed_ap_fixed_ap_fixed_ap_fixed_8_5_5_3_0_local_weight_2_ce0       |  out|    1|   ap_memory|  conv2_ap_fixed_ap_fixed_ap_fixed_ap_fixed_8_5_5_3_0_local_weight_2|         array|
|conv2_ap_fixed_ap_fixed_ap_fixed_ap_fixed_8_5_5_3_0_local_weight_2_q0        |   in|    8|   ap_memory|  conv2_ap_fixed_ap_fixed_ap_fixed_ap_fixed_8_5_5_3_0_local_weight_2|         array|
|conv2_ap_fixed_ap_fixed_ap_fixed_ap_fixed_8_5_5_3_0_partial_sums_6_i         |   in|    8|     ap_ovld|  conv2_ap_fixed_ap_fixed_ap_fixed_ap_fixed_8_5_5_3_0_partial_sums_6|       pointer|
|conv2_ap_fixed_ap_fixed_ap_fixed_ap_fixed_8_5_5_3_0_partial_sums_6_o         |  out|    8|     ap_ovld|  conv2_ap_fixed_ap_fixed_ap_fixed_ap_fixed_8_5_5_3_0_partial_sums_6|       pointer|
|conv2_ap_fixed_ap_fixed_ap_fixed_ap_fixed_8_5_5_3_0_partial_sums_6_o_ap_vld  |  out|    1|     ap_ovld|  conv2_ap_fixed_ap_fixed_ap_fixed_ap_fixed_8_5_5_3_0_partial_sums_6|       pointer|
|conv2_ap_fixed_ap_fixed_ap_fixed_ap_fixed_8_5_5_3_0_partial_sums_5_i         |   in|    8|     ap_ovld|  conv2_ap_fixed_ap_fixed_ap_fixed_ap_fixed_8_5_5_3_0_partial_sums_5|       pointer|
|conv2_ap_fixed_ap_fixed_ap_fixed_ap_fixed_8_5_5_3_0_partial_sums_5_o         |  out|    8|     ap_ovld|  conv2_ap_fixed_ap_fixed_ap_fixed_ap_fixed_8_5_5_3_0_partial_sums_5|       pointer|
|conv2_ap_fixed_ap_fixed_ap_fixed_ap_fixed_8_5_5_3_0_partial_sums_5_o_ap_vld  |  out|    1|     ap_ovld|  conv2_ap_fixed_ap_fixed_ap_fixed_ap_fixed_8_5_5_3_0_partial_sums_5|       pointer|
|conv2_ap_fixed_ap_fixed_ap_fixed_ap_fixed_8_5_5_3_0_partial_sums_4_i         |   in|    8|     ap_ovld|  conv2_ap_fixed_ap_fixed_ap_fixed_ap_fixed_8_5_5_3_0_partial_sums_4|       pointer|
|conv2_ap_fixed_ap_fixed_ap_fixed_ap_fixed_8_5_5_3_0_partial_sums_4_o         |  out|    8|     ap_ovld|  conv2_ap_fixed_ap_fixed_ap_fixed_ap_fixed_8_5_5_3_0_partial_sums_4|       pointer|
|conv2_ap_fixed_ap_fixed_ap_fixed_ap_fixed_8_5_5_3_0_partial_sums_4_o_ap_vld  |  out|    1|     ap_ovld|  conv2_ap_fixed_ap_fixed_ap_fixed_ap_fixed_8_5_5_3_0_partial_sums_4|       pointer|
|conv2_ap_fixed_ap_fixed_ap_fixed_ap_fixed_8_5_5_3_0_partial_sums_3_i         |   in|    8|     ap_ovld|  conv2_ap_fixed_ap_fixed_ap_fixed_ap_fixed_8_5_5_3_0_partial_sums_3|       pointer|
|conv2_ap_fixed_ap_fixed_ap_fixed_ap_fixed_8_5_5_3_0_partial_sums_3_o         |  out|    8|     ap_ovld|  conv2_ap_fixed_ap_fixed_ap_fixed_ap_fixed_8_5_5_3_0_partial_sums_3|       pointer|
|conv2_ap_fixed_ap_fixed_ap_fixed_ap_fixed_8_5_5_3_0_partial_sums_3_o_ap_vld  |  out|    1|     ap_ovld|  conv2_ap_fixed_ap_fixed_ap_fixed_ap_fixed_8_5_5_3_0_partial_sums_3|       pointer|
|conv2_ap_fixed_ap_fixed_ap_fixed_ap_fixed_8_5_5_3_0_partial_sums_2_i         |   in|    8|     ap_ovld|  conv2_ap_fixed_ap_fixed_ap_fixed_ap_fixed_8_5_5_3_0_partial_sums_2|       pointer|
|conv2_ap_fixed_ap_fixed_ap_fixed_ap_fixed_8_5_5_3_0_partial_sums_2_o         |  out|    8|     ap_ovld|  conv2_ap_fixed_ap_fixed_ap_fixed_ap_fixed_8_5_5_3_0_partial_sums_2|       pointer|
|conv2_ap_fixed_ap_fixed_ap_fixed_ap_fixed_8_5_5_3_0_partial_sums_2_o_ap_vld  |  out|    1|     ap_ovld|  conv2_ap_fixed_ap_fixed_ap_fixed_ap_fixed_8_5_5_3_0_partial_sums_2|       pointer|
|conv2_ap_fixed_ap_fixed_ap_fixed_ap_fixed_8_5_5_3_0_partial_sums_1_i         |   in|    8|     ap_ovld|  conv2_ap_fixed_ap_fixed_ap_fixed_ap_fixed_8_5_5_3_0_partial_sums_1|       pointer|
|conv2_ap_fixed_ap_fixed_ap_fixed_ap_fixed_8_5_5_3_0_partial_sums_1_o         |  out|    8|     ap_ovld|  conv2_ap_fixed_ap_fixed_ap_fixed_ap_fixed_8_5_5_3_0_partial_sums_1|       pointer|
|conv2_ap_fixed_ap_fixed_ap_fixed_ap_fixed_8_5_5_3_0_partial_sums_1_o_ap_vld  |  out|    1|     ap_ovld|  conv2_ap_fixed_ap_fixed_ap_fixed_ap_fixed_8_5_5_3_0_partial_sums_1|       pointer|
|conv2_ap_fixed_ap_fixed_ap_fixed_ap_fixed_8_5_5_3_0_partial_sums_i           |   in|    8|     ap_ovld|    conv2_ap_fixed_ap_fixed_ap_fixed_ap_fixed_8_5_5_3_0_partial_sums|       pointer|
|conv2_ap_fixed_ap_fixed_ap_fixed_ap_fixed_8_5_5_3_0_partial_sums_o           |  out|    8|     ap_ovld|    conv2_ap_fixed_ap_fixed_ap_fixed_ap_fixed_8_5_5_3_0_partial_sums|       pointer|
|conv2_ap_fixed_ap_fixed_ap_fixed_ap_fixed_8_5_5_3_0_partial_sums_o_ap_vld    |  out|    1|     ap_ovld|    conv2_ap_fixed_ap_fixed_ap_fixed_ap_fixed_8_5_5_3_0_partial_sums|       pointer|
|conv2_ap_fixed_ap_fixed_ap_fixed_ap_fixed_8_5_5_3_0_local_weight_4_address0  |  out|    7|   ap_memory|  conv2_ap_fixed_ap_fixed_ap_fixed_ap_fixed_8_5_5_3_0_local_weight_4|         array|
|conv2_ap_fixed_ap_fixed_ap_fixed_ap_fixed_8_5_5_3_0_local_weight_4_ce0       |  out|    1|   ap_memory|  conv2_ap_fixed_ap_fixed_ap_fixed_ap_fixed_8_5_5_3_0_local_weight_4|         array|
|conv2_ap_fixed_ap_fixed_ap_fixed_ap_fixed_8_5_5_3_0_local_weight_4_q0        |   in|    8|   ap_memory|  conv2_ap_fixed_ap_fixed_ap_fixed_ap_fixed_8_5_5_3_0_local_weight_4|         array|
|conv2_ap_fixed_ap_fixed_ap_fixed_ap_fixed_8_5_5_3_0_local_weight_5_address0  |  out|    7|   ap_memory|  conv2_ap_fixed_ap_fixed_ap_fixed_ap_fixed_8_5_5_3_0_local_weight_5|         array|
|conv2_ap_fixed_ap_fixed_ap_fixed_ap_fixed_8_5_5_3_0_local_weight_5_ce0       |  out|    1|   ap_memory|  conv2_ap_fixed_ap_fixed_ap_fixed_ap_fixed_8_5_5_3_0_local_weight_5|         array|
|conv2_ap_fixed_ap_fixed_ap_fixed_ap_fixed_8_5_5_3_0_local_weight_5_q0        |   in|    8|   ap_memory|  conv2_ap_fixed_ap_fixed_ap_fixed_ap_fixed_8_5_5_3_0_local_weight_5|         array|
|conv2_ap_fixed_ap_fixed_ap_fixed_ap_fixed_8_5_5_3_0_local_weight_8_address0  |  out|    7|   ap_memory|  conv2_ap_fixed_ap_fixed_ap_fixed_ap_fixed_8_5_5_3_0_local_weight_8|         array|
|conv2_ap_fixed_ap_fixed_ap_fixed_ap_fixed_8_5_5_3_0_local_weight_8_ce0       |  out|    1|   ap_memory|  conv2_ap_fixed_ap_fixed_ap_fixed_ap_fixed_8_5_5_3_0_local_weight_8|         array|
|conv2_ap_fixed_ap_fixed_ap_fixed_ap_fixed_8_5_5_3_0_local_weight_8_q0        |   in|    8|   ap_memory|  conv2_ap_fixed_ap_fixed_ap_fixed_ap_fixed_8_5_5_3_0_local_weight_8|         array|
|conv2_ap_fixed_ap_fixed_ap_fixed_ap_fixed_8_5_5_3_0_local_weight_7_address0  |  out|    7|   ap_memory|  conv2_ap_fixed_ap_fixed_ap_fixed_ap_fixed_8_5_5_3_0_local_weight_7|         array|
|conv2_ap_fixed_ap_fixed_ap_fixed_ap_fixed_8_5_5_3_0_local_weight_7_ce0       |  out|    1|   ap_memory|  conv2_ap_fixed_ap_fixed_ap_fixed_ap_fixed_8_5_5_3_0_local_weight_7|         array|
|conv2_ap_fixed_ap_fixed_ap_fixed_ap_fixed_8_5_5_3_0_local_weight_7_q0        |   in|    8|   ap_memory|  conv2_ap_fixed_ap_fixed_ap_fixed_ap_fixed_8_5_5_3_0_local_weight_7|         array|
|conv2_ap_fixed_ap_fixed_ap_fixed_ap_fixed_8_5_5_3_0_local_weight_6_address0  |  out|    7|   ap_memory|  conv2_ap_fixed_ap_fixed_ap_fixed_ap_fixed_8_5_5_3_0_local_weight_6|         array|
|conv2_ap_fixed_ap_fixed_ap_fixed_ap_fixed_8_5_5_3_0_local_weight_6_ce0       |  out|    1|   ap_memory|  conv2_ap_fixed_ap_fixed_ap_fixed_ap_fixed_8_5_5_3_0_local_weight_6|         array|
|conv2_ap_fixed_ap_fixed_ap_fixed_ap_fixed_8_5_5_3_0_local_weight_6_q0        |   in|    8|   ap_memory|  conv2_ap_fixed_ap_fixed_ap_fixed_ap_fixed_8_5_5_3_0_local_weight_6|         array|
|conv2_ap_fixed_ap_fixed_ap_fixed_ap_fixed_8_5_5_3_0_local_weight_3_address0  |  out|    7|   ap_memory|  conv2_ap_fixed_ap_fixed_ap_fixed_ap_fixed_8_5_5_3_0_local_weight_3|         array|
|conv2_ap_fixed_ap_fixed_ap_fixed_ap_fixed_8_5_5_3_0_local_weight_3_ce0       |  out|    1|   ap_memory|  conv2_ap_fixed_ap_fixed_ap_fixed_ap_fixed_8_5_5_3_0_local_weight_3|         array|
|conv2_ap_fixed_ap_fixed_ap_fixed_ap_fixed_8_5_5_3_0_local_weight_3_q0        |   in|    8|   ap_memory|  conv2_ap_fixed_ap_fixed_ap_fixed_ap_fixed_8_5_5_3_0_local_weight_3|         array|
|conv2_ap_fixed_ap_fixed_ap_fixed_ap_fixed_8_5_5_3_0_local_weight_1_address0  |  out|    7|   ap_memory|  conv2_ap_fixed_ap_fixed_ap_fixed_ap_fixed_8_5_5_3_0_local_weight_1|         array|
|conv2_ap_fixed_ap_fixed_ap_fixed_ap_fixed_8_5_5_3_0_local_weight_1_ce0       |  out|    1|   ap_memory|  conv2_ap_fixed_ap_fixed_ap_fixed_ap_fixed_8_5_5_3_0_local_weight_1|         array|
|conv2_ap_fixed_ap_fixed_ap_fixed_ap_fixed_8_5_5_3_0_local_weight_1_q0        |   in|    8|   ap_memory|  conv2_ap_fixed_ap_fixed_ap_fixed_ap_fixed_8_5_5_3_0_local_weight_1|         array|
|conv2_ap_fixed_ap_fixed_ap_fixed_ap_fixed_8_5_5_3_0_local_weight_address0    |  out|    7|   ap_memory|    conv2_ap_fixed_ap_fixed_ap_fixed_ap_fixed_8_5_5_3_0_local_weight|         array|
|conv2_ap_fixed_ap_fixed_ap_fixed_ap_fixed_8_5_5_3_0_local_weight_ce0         |  out|    1|   ap_memory|    conv2_ap_fixed_ap_fixed_ap_fixed_ap_fixed_8_5_5_3_0_local_weight|         array|
|conv2_ap_fixed_ap_fixed_ap_fixed_ap_fixed_8_5_5_3_0_local_weight_q0          |   in|    8|   ap_memory|    conv2_ap_fixed_ap_fixed_ap_fixed_ap_fixed_8_5_5_3_0_local_weight|         array|
+-----------------------------------------------------------------------------+-----+-----+------------+--------------------------------------------------------------------+--------------+

