

================================================================
== Vitis HLS Report for 'conv2'
================================================================
* Date:           Sat Mar  7 18:28:22 2026

* Version:        2025.2 (Build 6295257 on Nov 14 2025)
* Project:        top
* Solution:       hls (Vivado IP Flow Target)
* Product family: zynq
* Target device:  xc7z020-clg484-1


================================================================
== Performance Estimates
================================================================
+ Timing: 
    * Summary: 
    +--------+----------+----------+------------+
    |  Clock |  Target  | Estimated| Uncertainty|
    +--------+----------+----------+------------+
    |ap_clk  |  10.00 ns|  8.750 ns|     1.25 ns|
    +--------+----------+----------+------------+

+ Latency: 
    * Summary: 
    +---------+---------+----------+----------+--------+--------+---------+
    |  Latency (cycles) |  Latency (absolute) |     Interval    | Pipeline|
    |   min   |   max   |    min   |    max   |   min  |   max  |   Type  |
    +---------+---------+----------+----------+--------+--------+---------+
    |   113020|   113020|  1.130 ms|  1.130 ms|  113020|  113020|       no|
    +---------+---------+----------+----------+--------+--------+---------+

    + Detail: 
        * Instance: 
        +----------------------------------+-----------------------+---------+---------+-----------+-----------+-----+-----+-------------------+
        |                                  |                       |  Latency (cycles) |   Latency (absolute)  |  Interval |      Pipeline     |
        |             Instance             |         Module        |   min   |   max   |    min    |    max    | min | max |        Type       |
        +----------------------------------+-----------------------+---------+---------+-----------+-----------+-----+-----+-------------------+
        |grp_conv2_Pipeline_LOAD_W_fu_336  |conv2_Pipeline_LOAD_W  |     1155|     1155|  11.550 us|  11.550 us|    0|    0|  loop pipeline stp|
        |grp_conv2_Pipeline_LOAD_B_fu_361  |conv2_Pipeline_LOAD_B  |       18|       18|   0.180 us|   0.180 us|    0|    0|  loop pipeline stp|
        |grp_conv2_Pipeline_LOAD_2_fu_400  |conv2_Pipeline_LOAD_2  |     1571|     1571|  15.710 us|  15.710 us|    0|    0|  loop pipeline stp|
        |grp_conv2_Pipeline_CI_2_fu_415    |conv2_Pipeline_CI_2    |       29|       29|   0.290 us|   0.290 us|    0|    0|  loop pipeline stp|
        +----------------------------------+-----------------------+---------+---------+-----------+-----------+-----+-----+-------------------+

        * Loop: 
        +----------------------+---------+---------+----------+-----------+-----------+------+----------+
        |                      |  Latency (cycles) | Iteration|  Initiation Interval  | Trip |          |
        |       Loop Name      |   min   |   max   |  Latency |  achieved |   target  | Count| Pipelined|
        +----------------------+---------+---------+----------+-----------+-----------+------+----------+
        |- CO_2                |   110240|   110240|      6890|          -|          -|    16|        no|
        | + VITIS_LOOP_94_1    |     6888|     6888|       492|          -|          -|    14|        no|
        |  ++ VITIS_LOOP_95_2  |      490|      490|        35|          -|          -|    14|        no|
        +----------------------+---------+---------+----------+-----------+-----------+------+----------+



================================================================
== Utilization Estimates
================================================================
* Summary: 
+-----------------+---------+-----+--------+-------+-----+
|       Name      | BRAM_18K| DSP |   FF   |  LUT  | URAM|
+-----------------+---------+-----+--------+-------+-----+
|DSP              |        -|    -|       -|      -|    -|
|Expression       |        -|    -|       0|    291|    -|
|FIFO             |        -|    -|       -|      -|    -|
|Instance         |        -|    9|    1391|   3601|    -|
|Memory           |       17|    -|       0|      0|    0|
|Multiplexer      |        -|    -|       0|   1384|    -|
|Register         |        -|    -|     321|      -|    -|
+-----------------+---------+-----+--------+-------+-----+
|Total            |       17|    9|    1712|   5276|    0|
+-----------------+---------+-----+--------+-------+-----+
|Available        |      280|  220|  106400|  53200|    0|
+-----------------+---------+-----+--------+-------+-----+
|Utilization (%)  |        6|    4|       1|      9|    0|
+-----------------+---------+-----+--------+-------+-----+

+ Detail: 
    * Instance: 
    +----------------------------------+-----------------------+---------+----+------+------+-----+
    |             Instance             |         Module        | BRAM_18K| DSP|  FF  |  LUT | URAM|
    +----------------------------------+-----------------------+---------+----+------+------+-----+
    |grp_conv2_Pipeline_CI_2_fu_415    |conv2_Pipeline_CI_2    |        0|   9|  1265|  3222|    0|
    |grp_conv2_Pipeline_LOAD_2_fu_400  |conv2_Pipeline_LOAD_2  |        0|   0|    47|    73|    0|
    |grp_conv2_Pipeline_LOAD_B_fu_361  |conv2_Pipeline_LOAD_B  |        0|   0|    12|    76|    0|
    |grp_conv2_Pipeline_LOAD_W_fu_336  |conv2_Pipeline_LOAD_W  |        0|   0|    67|   165|    0|
    |sparsemux_33_4_8_1_1_U398         |sparsemux_33_4_8_1_1   |        0|   0|     0|    65|    0|
    +----------------------------------+-----------------------+---------+----+------+------+-----+
    |Total                             |                       |        0|   9|  1391|  3601|    0|
    +----------------------------------+-----------------------+---------+----+------+------+-----+

    * DSP: 
    N/A

    * Memory: 
    +----------------------------------------------------------------------+----------------------------------------------------------------------------------+---------+---+----+-----+------+-----+------+-------------+
    |                                Memory                                |                                      Module                                      | BRAM_18K| FF| LUT| URAM| Words| Bits| Banks| W*Bits*Banks|
    +----------------------------------------------------------------------+----------------------------------------------------------------------------------+---------+---+----+-----+------+-----+------+-------------+
    |conv2_ap_fixed_ap_fixed_ap_fixed_ap_fixed_8_5_5_3_0_local_weight_8_U  |conv2_conv2_ap_fixed_ap_fixed_ap_fixed_ap_fixed_8_5_5_3_0_local_weight_8_RAM_bkb  |        1|  0|   0|    0|   128|    8|     1|         1024|
    |conv2_ap_fixed_ap_fixed_ap_fixed_ap_fixed_8_5_5_3_0_local_weight_7_U  |conv2_conv2_ap_fixed_ap_fixed_ap_fixed_ap_fixed_8_5_5_3_0_local_weight_8_RAM_bkb  |        1|  0|   0|    0|   128|    8|     1|         1024|
    |conv2_ap_fixed_ap_fixed_ap_fixed_ap_fixed_8_5_5_3_0_local_weight_6_U  |conv2_conv2_ap_fixed_ap_fixed_ap_fixed_ap_fixed_8_5_5_3_0_local_weight_8_RAM_bkb  |        1|  0|   0|    0|   128|    8|     1|         1024|
    |conv2_ap_fixed_ap_fixed_ap_fixed_ap_fixed_8_5_5_3_0_local_weight_5_U  |conv2_conv2_ap_fixed_ap_fixed_ap_fixed_ap_fixed_8_5_5_3_0_local_weight_8_RAM_bkb  |        1|  0|   0|    0|   128|    8|     1|         1024|
    |conv2_ap_fixed_ap_fixed_ap_fixed_ap_fixed_8_5_5_3_0_local_weight_4_U  |conv2_conv2_ap_fixed_ap_fixed_ap_fixed_ap_fixed_8_5_5_3_0_local_weight_8_RAM_bkb  |        1|  0|   0|    0|   128|    8|     1|         1024|
    |conv2_ap_fixed_ap_fixed_ap_fixed_ap_fixed_8_5_5_3_0_local_weight_3_U  |conv2_conv2_ap_fixed_ap_fixed_ap_fixed_ap_fixed_8_5_5_3_0_local_weight_8_RAM_bkb  |        1|  0|   0|    0|   128|    8|     1|         1024|
    |conv2_ap_fixed_ap_fixed_ap_fixed_ap_fixed_8_5_5_3_0_local_weight_2_U  |conv2_conv2_ap_fixed_ap_fixed_ap_fixed_ap_fixed_8_5_5_3_0_local_weight_8_RAM_bkb  |        1|  0|   0|    0|   128|    8|     1|         1024|
    |conv2_ap_fixed_ap_fixed_ap_fixed_ap_fixed_8_5_5_3_0_local_weight_1_U  |conv2_conv2_ap_fixed_ap_fixed_ap_fixed_ap_fixed_8_5_5_3_0_local_weight_8_RAM_bkb  |        1|  0|   0|    0|   128|    8|     1|         1024|
    |conv2_ap_fixed_ap_fixed_ap_fixed_ap_fixed_8_5_5_3_0_local_weight_U    |conv2_conv2_ap_fixed_ap_fixed_ap_fixed_ap_fixed_8_5_5_3_0_local_weight_8_RAM_bkb  |        1|  0|   0|    0|   128|    8|     1|         1024|
    |temp_U                                                                |conv2_temp_RAM_2P_BRAM_1R1W                                                       |        1|  0|   0|    0|   196|    8|     1|         1568|
    |temp_1_U                                                              |conv2_temp_RAM_2P_BRAM_1R1W                                                       |        1|  0|   0|    0|   196|    8|     1|         1568|
    |temp_2_U                                                              |conv2_temp_RAM_2P_BRAM_1R1W                                                       |        1|  0|   0|    0|   196|    8|     1|         1568|
    |temp_3_U                                                              |conv2_temp_RAM_2P_BRAM_1R1W                                                       |        1|  0|   0|    0|   196|    8|     1|         1568|
    |temp_4_U                                                              |conv2_temp_RAM_2P_BRAM_1R1W                                                       |        1|  0|   0|    0|   196|    8|     1|         1568|
    |temp_5_U                                                              |conv2_temp_RAM_2P_BRAM_1R1W                                                       |        1|  0|   0|    0|   196|    8|     1|         1568|
    |temp_6_U                                                              |conv2_temp_RAM_2P_BRAM_1R1W                                                       |        1|  0|   0|    0|   196|    8|     1|         1568|
    |temp_7_U                                                              |conv2_temp_RAM_2P_BRAM_1R1W                                                       |        1|  0|   0|    0|   196|    8|     1|         1568|
    +----------------------------------------------------------------------+----------------------------------------------------------------------------------+---------+---+----+-----+------+-----+------+-------------+
    |Total                                                                 |                                                                                  |       17|  0|   0|    0|  2720|  136|    17|        21760|
    +----------------------------------------------------------------------+----------------------------------------------------------------------------------+---------+---+----+-----+------+-----+------+-------------+

    * FIFO: 
    N/A

    * Expression: 
    +------------------------+----------+----+---+----+------------+------------+
    |      Variable Name     | Operation| DSP| FF| LUT| Bitwidth P0| Bitwidth P1|
    +------------------------+----------+----+---+----+------------+------------+
    |add_ln107_fu_663_p2     |         +|   0|  0|  13|           4|           1|
    |add_ln108_1_fu_745_p2   |         +|   0|  0|  13|           4|           1|
    |add_ln108_fu_803_p2     |         +|   0|  0|  13|           5|           2|
    |add_ln110_fu_717_p2     |         +|   0|  0|  13|           5|           2|
    |add_ln124_1_fu_909_p2   |         +|   0|  0|  15|           8|           8|
    |add_ln124_2_fu_915_p2   |         +|   0|  0|   8|           8|           8|
    |add_ln124_3_fu_864_p2   |         +|   0|  0|   8|           8|           8|
    |add_ln124_4_fu_870_p2   |         +|   0|  0|   8|           8|           8|
    |add_ln124_5_fu_875_p2   |         +|   0|  0|   8|           8|           8|
    |add_ln124_6_fu_881_p2   |         +|   0|  0|   8|           8|           8|
    |add_ln124_7_fu_921_p2   |         +|   0|  0|   8|           8|           8|
    |add_ln124_fu_903_p2     |         +|   0|  0|  15|           8|           8|
    |add_ln93_fu_583_p2      |         +|   0|  0|  13|           5|           1|
    |sub_ln107_fu_707_p2     |         -|   0|  0|  11|           1|           3|
    |sub_ln127_fu_689_p2     |         -|   0|  0|  15|           8|           8|
    |and_ln110_1_fu_830_p2   |       and|   0|  0|   2|           1|           1|
    |and_ln110_2_fu_836_p2   |       and|   0|  0|   2|           1|           1|
    |and_ln110_3_fu_842_p2   |       and|   0|  0|   2|           1|           1|
    |and_ln110_fu_819_p2     |       and|   0|  0|   2|           1|           1|
    |icmp_ln110_1_fu_729_p2  |      icmp|   0|  0|  13|           4|           3|
    |icmp_ln110_2_fu_814_p2  |      icmp|   0|  0|  13|           5|           4|
    |icmp_ln110_3_fu_825_p2  |      icmp|   0|  0|  13|           4|           3|
    |icmp_ln110_fu_723_p2    |      icmp|   0|  0|  13|           5|           4|
    |icmp_ln128_fu_930_p2    |      icmp|   0|  0|  15|           8|           1|
    |icmp_ln93_fu_577_p2     |      icmp|   0|  0|  14|           5|           6|
    |icmp_ln94_fu_657_p2     |      icmp|   0|  0|  13|           4|           3|
    |icmp_ln95_fu_739_p2     |      icmp|   0|  0|  13|           4|           3|
    |select_ln128_fu_936_p3  |    select|   0|  0|   7|           1|           7|
    +------------------------+----------+----+---+----+------------+------------+
    |Total                   |          |   0|  0| 291|         140|         120|
    +------------------------+----------+----+---+----+------------+------------+

    * Multiplexer: 
    +-----------------------------------------------------------------------------+-----+-----------+-----+-----------+
    |                                     Name                                    | LUT | Input Size| Bits| Total Bits|
    +-----------------------------------------------------------------------------+-----+-----------+-----+-----------+
    |ap_NS_fsm                                                                    |  197|         45|    1|         45|
    |co_fu_218                                                                    |    9|          2|    5|         10|
    |conv2_ap_fixed_ap_fixed_ap_fixed_ap_fixed_8_5_5_3_0_local_weight_1_address0  |   14|          3|    7|         21|
    |conv2_ap_fixed_ap_fixed_ap_fixed_ap_fixed_8_5_5_3_0_local_weight_1_ce0       |   14|          3|    1|          3|
    |conv2_ap_fixed_ap_fixed_ap_fixed_ap_fixed_8_5_5_3_0_local_weight_1_we0       |    9|          2|    1|          2|
    |conv2_ap_fixed_ap_fixed_ap_fixed_ap_fixed_8_5_5_3_0_local_weight_2_address0  |   14|          3|    7|         21|
    |conv2_ap_fixed_ap_fixed_ap_fixed_ap_fixed_8_5_5_3_0_local_weight_2_ce0       |   14|          3|    1|          3|
    |conv2_ap_fixed_ap_fixed_ap_fixed_ap_fixed_8_5_5_3_0_local_weight_2_we0       |    9|          2|    1|          2|
    |conv2_ap_fixed_ap_fixed_ap_fixed_ap_fixed_8_5_5_3_0_local_weight_3_address0  |   14|          3|    7|         21|
    |conv2_ap_fixed_ap_fixed_ap_fixed_ap_fixed_8_5_5_3_0_local_weight_3_ce0       |   14|          3|    1|          3|
    |conv2_ap_fixed_ap_fixed_ap_fixed_ap_fixed_8_5_5_3_0_local_weight_3_we0       |    9|          2|    1|          2|
    |conv2_ap_fixed_ap_fixed_ap_fixed_ap_fixed_8_5_5_3_0_local_weight_4_address0  |   14|          3|    7|         21|
    |conv2_ap_fixed_ap_fixed_ap_fixed_ap_fixed_8_5_5_3_0_local_weight_4_ce0       |   14|          3|    1|          3|
    |conv2_ap_fixed_ap_fixed_ap_fixed_ap_fixed_8_5_5_3_0_local_weight_4_we0       |    9|          2|    1|          2|
    |conv2_ap_fixed_ap_fixed_ap_fixed_ap_fixed_8_5_5_3_0_local_weight_5_address0  |   14|          3|    7|         21|
    |conv2_ap_fixed_ap_fixed_ap_fixed_ap_fixed_8_5_5_3_0_local_weight_5_ce0       |   14|          3|    1|          3|
    |conv2_ap_fixed_ap_fixed_ap_fixed_ap_fixed_8_5_5_3_0_local_weight_5_we0       |    9|          2|    1|          2|
    |conv2_ap_fixed_ap_fixed_ap_fixed_ap_fixed_8_5_5_3_0_local_weight_6_address0  |   14|          3|    7|         21|
    |conv2_ap_fixed_ap_fixed_ap_fixed_ap_fixed_8_5_5_3_0_local_weight_6_ce0       |   14|          3|    1|          3|
    |conv2_ap_fixed_ap_fixed_ap_fixed_ap_fixed_8_5_5_3_0_local_weight_6_we0       |    9|          2|    1|          2|
    |conv2_ap_fixed_ap_fixed_ap_fixed_ap_fixed_8_5_5_3_0_local_weight_7_address0  |   14|          3|    7|         21|
    |conv2_ap_fixed_ap_fixed_ap_fixed_ap_fixed_8_5_5_3_0_local_weight_7_ce0       |   14|          3|    1|          3|
    |conv2_ap_fixed_ap_fixed_ap_fixed_ap_fixed_8_5_5_3_0_local_weight_7_we0       |    9|          2|    1|          2|
    |conv2_ap_fixed_ap_fixed_ap_fixed_ap_fixed_8_5_5_3_0_local_weight_8_address0  |   14|          3|    7|         21|
    |conv2_ap_fixed_ap_fixed_ap_fixed_ap_fixed_8_5_5_3_0_local_weight_8_ce0       |   14|          3|    1|          3|
    |conv2_ap_fixed_ap_fixed_ap_fixed_ap_fixed_8_5_5_3_0_local_weight_8_we0       |    9|          2|    1|          2|
    |conv2_ap_fixed_ap_fixed_ap_fixed_ap_fixed_8_5_5_3_0_local_weight_address0    |   14|          3|    7|         21|
    |conv2_ap_fixed_ap_fixed_ap_fixed_ap_fixed_8_5_5_3_0_local_weight_ce0         |   14|          3|    1|          3|
    |conv2_ap_fixed_ap_fixed_ap_fixed_ap_fixed_8_5_5_3_0_local_weight_we0         |    9|          2|    1|          2|
    |conv2_ap_fixed_ap_fixed_ap_fixed_ap_fixed_8_5_5_3_0_partial_sums             |    9|          2|    8|         16|
    |conv2_ap_fixed_ap_fixed_ap_fixed_ap_fixed_8_5_5_3_0_partial_sums_1           |    9|          2|    8|         16|
    |conv2_ap_fixed_ap_fixed_ap_fixed_ap_fixed_8_5_5_3_0_partial_sums_2           |    9|          2|    8|         16|
    |conv2_ap_fixed_ap_fixed_ap_fixed_ap_fixed_8_5_5_3_0_partial_sums_3           |    9|          2|    8|         16|
    |conv2_ap_fixed_ap_fixed_ap_fixed_ap_fixed_8_5_5_3_0_partial_sums_4           |    9|          2|    8|         16|
    |conv2_ap_fixed_ap_fixed_ap_fixed_ap_fixed_8_5_5_3_0_partial_sums_5           |    9|          2|    8|         16|
    |conv2_ap_fixed_ap_fixed_ap_fixed_ap_fixed_8_5_5_3_0_partial_sums_6           |    9|          2|    8|         16|
    |conv2_ap_fixed_ap_fixed_ap_fixed_ap_fixed_8_5_5_3_0_partial_sums_7           |    9|          2|    8|         16|
    |gmem0_blk_n_AR                                                               |    9|          2|    1|          2|
    |gmem0_blk_n_AW                                                               |    9|          2|    1|          2|
    |gmem0_blk_n_B                                                                |    9|          2|    1|          2|
    |gmem0_blk_n_W                                                                |    9|          2|    1|          2|
    |gmem1_blk_n_AR                                                               |    9|          2|    1|          2|
    |h_reg_313                                                                    |    9|          2|    4|          8|
    |m_axi_gmem0_0_ARADDR                                                         |   14|          3|   64|        192|
    |m_axi_gmem0_0_ARBURST                                                        |    9|          2|    2|          4|
    |m_axi_gmem0_0_ARCACHE                                                        |    9|          2|    4|          8|
    |m_axi_gmem0_0_ARID                                                           |    9|          2|    1|          2|
    |m_axi_gmem0_0_ARLEN                                                          |   14|          3|   32|         96|
    |m_axi_gmem0_0_ARLOCK                                                         |    9|          2|    2|          4|
    |m_axi_gmem0_0_ARPROT                                                         |    9|          2|    3|          6|
    |m_axi_gmem0_0_ARQOS                                                          |    9|          2|    4|          8|
    |m_axi_gmem0_0_ARREGION                                                       |    9|          2|    4|          8|
    |m_axi_gmem0_0_ARSIZE                                                         |    9|          2|    3|          6|
    |m_axi_gmem0_0_ARUSER                                                         |    9|          2|    1|          2|
    |m_axi_gmem0_0_ARVALID                                                        |   14|          3|    1|          3|
    |m_axi_gmem0_0_RREADY                                                         |    9|          2|    1|          2|
    |m_axi_gmem1_0_ARADDR                                                         |   25|          5|   64|        320|
    |m_axi_gmem1_0_ARBURST                                                        |   14|          3|    2|          6|
    |m_axi_gmem1_0_ARCACHE                                                        |   14|          3|    4|         12|
    |m_axi_gmem1_0_ARID                                                           |   14|          3|    1|          3|
    |m_axi_gmem1_0_ARLEN                                                          |   25|          5|   32|        160|
    |m_axi_gmem1_0_ARLOCK                                                         |   14|          3|    2|          6|
    |m_axi_gmem1_0_ARPROT                                                         |   14|          3|    3|          9|
    |m_axi_gmem1_0_ARQOS                                                          |   14|          3|    4|         12|
    |m_axi_gmem1_0_ARREGION                                                       |   14|          3|    4|         12|
    |m_axi_gmem1_0_ARSIZE                                                         |   14|          3|    3|          9|
    |m_axi_gmem1_0_ARUSER                                                         |   14|          3|    1|          3|
    |m_axi_gmem1_0_ARVALID                                                        |   20|          4|    1|          4|
    |m_axi_gmem1_0_RREADY                                                         |   14|          3|    1|          3|
    |temp_1_address1                                                              |   14|          3|    8|         24|
    |temp_1_ce0                                                                   |    9|          2|    1|          2|
    |temp_1_ce1                                                                   |   14|          3|    1|          3|
    |temp_1_we1                                                                   |    9|          2|    1|          2|
    |temp_2_address1                                                              |   14|          3|    8|         24|
    |temp_2_ce0                                                                   |    9|          2|    1|          2|
    |temp_2_ce1                                                                   |   14|          3|    1|          3|
    |temp_2_we1                                                                   |    9|          2|    1|          2|
    |temp_3_address1                                                              |   14|          3|    8|         24|
    |temp_3_ce0                                                                   |    9|          2|    1|          2|
    |temp_3_ce1                                                                   |   14|          3|    1|          3|
    |temp_3_we1                                                                   |    9|          2|    1|          2|
    |temp_4_address1                                                              |   14|          3|    8|         24|
    |temp_4_ce0                                                                   |    9|          2|    1|          2|
    |temp_4_ce1                                                                   |   14|          3|    1|          3|
    |temp_4_we1                                                                   |    9|          2|    1|          2|
    |temp_5_address1                                                              |   14|          3|    8|         24|
    |temp_5_ce0                                                                   |    9|          2|    1|          2|
    |temp_5_ce1                                                                   |   14|          3|    1|          3|
    |temp_5_we1                                                                   |    9|          2|    1|          2|
    |temp_6_address1                                                              |   14|          3|    8|         24|
    |temp_6_ce0                                                                   |    9|          2|    1|          2|
    |temp_6_ce1                                                                   |   14|          3|    1|          3|
    |temp_6_we1                                                                   |    9|          2|    1|          2|
    |temp_7_address1                                                              |   14|          3|    8|         24|
    |temp_7_ce0                                                                   |    9|          2|    1|          2|
    |temp_7_ce1                                                                   |   14|          3|    1|          3|
    |temp_7_we1                                                                   |    9|          2|    1|          2|
    |temp_address1                                                                |   14|          3|    8|         24|
    |temp_ce0                                                                     |    9|          2|    1|          2|
    |temp_ce1                                                                     |   14|          3|    1|          3|
    |temp_we1                                                                     |    9|          2|    1|          2|
    |w_reg_324                                                                    |    9|          2|    4|          8|
    +-----------------------------------------------------------------------------+-----+-----------+-----+-----------+
    |Total                                                                        | 1384|        302|  496|       1591|
    +-----------------------------------------------------------------------------+-----+-----------+-----+-----------+

    * Register: 
    +----------------------------------------------------------------------------------------------------------------------------------------------------------------------------------+----+----+-----+-----------+
    |                                                                                       Name                                                                                       | FF | LUT| Bits| Const Bits|
    +----------------------------------------------------------------------------------------------------------------------------------------------------------------------------------+----+----+-----+-----------+
    |add_ln107_reg_1060                                                                                                                                                                |   4|   0|    4|          0|
    |add_ln108_1_reg_1096                                                                                                                                                              |   4|   0|    4|          0|
    |add_ln108_reg_1104                                                                                                                                                                |   5|   0|    5|          0|
    |add_ln110_reg_1076                                                                                                                                                                |   5|   0|    5|          0|
    |add_ln124_6_reg_1136                                                                                                                                                              |   8|   0|    8|          0|
    |add_ln93_reg_1042                                                                                                                                                                 |   5|   0|    5|          0|
    |and_ln110_1_reg_1121                                                                                                                                                              |   1|   0|    1|          0|
    |and_ln110_2_reg_1126                                                                                                                                                              |   1|   0|    1|          0|
    |and_ln110_3_reg_1131                                                                                                                                                              |   1|   0|    1|          0|
    |and_ln110_reg_1116                                                                                                                                                                |   1|   0|    1|          0|
    |ap_CS_fsm                                                                                                                                                                         |  44|   0|   44|          0|
    |co_fu_218                                                                                                                                                                         |   5|   0|    5|          0|
    |conv2_ap_fixed_ap_fixed_ap_fixed_ap_fixed_8_5_5_3_0_local_bias                                                                                                                    |   8|   0|    8|          0|
    |conv2_ap_fixed_ap_fixed_ap_fixed_ap_fixed_8_5_5_3_0_local_bias_1                                                                                                                  |   8|   0|    8|          0|
    |conv2_ap_fixed_ap_fixed_ap_fixed_ap_fixed_8_5_5_3_0_local_bias_2                                                                                                                  |   8|   0|    8|          0|
    |conv2_ap_fixed_ap_fixed_ap_fixed_ap_fixed_8_5_5_3_0_local_bias_3                                                                                                                  |   8|   0|    8|          0|
    |conv2_ap_fixed_ap_fixed_ap_fixed_ap_fixed_8_5_5_3_0_local_bias_4                                                                                                                  |   8|   0|    8|          0|
    |conv2_ap_fixed_ap_fixed_ap_fixed_ap_fixed_8_5_5_3_0_local_bias_5                                                                                                                  |   8|   0|    8|          0|
    |conv2_ap_fixed_ap_fixed_ap_fixed_ap_fixed_8_5_5_3_0_local_bias_6                                                                                                                  |   8|   0|    8|          0|
    |conv2_ap_fixed_ap_fixed_ap_fixed_ap_fixed_8_5_5_3_0_local_bias_7                                                                                                                  |   8|   0|    8|          0|
    |conv2_ap_fixed_ap_fixed_ap_fixed_ap_fixed_8_5_5_3_0_local_bias_8                                                                                                                  |   8|   0|    8|          0|
    |conv2_ap_fixed_ap_fixed_ap_fixed_ap_fixed_8_5_5_3_0_local_bias_9                                                                                                                  |   8|   0|    8|          0|
    |conv2_ap_fixed_ap_fixed_ap_fixed_ap_fixed_8_5_5_3_0_partial_sums                                                                                                                  |   8|   0|    8|          0|
    |conv2_ap_fixed_ap_fixed_ap_fixed_ap_fixed_8_5_5_3_0_partial_sums_1                                                                                                                |   8|   0|    8|          0|
    |conv2_ap_fixed_ap_fixed_ap_fixed_ap_fixed_8_5_5_3_0_partial_sums_2                                                                                                                |   8|   0|    8|          0|
    |conv2_ap_fixed_ap_fixed_ap_fixed_ap_fixed_8_5_5_3_0_partial_sums_3                                                                                                                |   8|   0|    8|          0|
    |conv2_ap_fixed_ap_fixed_ap_fixed_ap_fixed_8_5_5_3_0_partial_sums_4                                                                                                                |   8|   0|    8|          0|
    |conv2_ap_fixed_ap_fixed_ap_fixed_ap_fixed_8_5_5_3_0_partial_sums_5                                                                                                                |   8|   0|    8|          0|
    |conv2_ap_fixed_ap_fixed_ap_fixed_ap_fixed_8_5_5_3_0_partial_sums_6                                                                                                                |   8|   0|    8|          0|
    |conv2_ap_fixed_ap_fixed_ap_fixed_ap_fixed_8_5_5_3_0_partial_sums_7                                                                                                                |   8|   0|    8|          0|
    |conv2_mulap_fixed_8_5_ap_q_mode_5_ap_o_mode_3_0_ap_fixed_8_5_ap_q_mode_5_ap_o_mode_3_0_ap_fixed_8_5_ap_q_mode_5_ap_o_mode_3_0_ap_fixed_8_5_ap_q_mode_5_ap_o_mode_3_0_local_bia    |   8|   0|    8|          0|
    |conv2_mulap_fixed_8_5_ap_q_mode_5_ap_o_mode_3_0_ap_fixed_8_5_ap_q_mode_5_ap_o_mode_3_0_ap_fixed_8_5_ap_q_mode_5_ap_o_mode_3_0_ap_fixed_8_5_ap_q_mode_5_ap_o_mode_3_0_local_bia_0  |   8|   0|    8|          0|
    |conv2_mulap_fixed_8_5_ap_q_mode_5_ap_o_mode_3_0_ap_fixed_8_5_ap_q_mode_5_ap_o_mode_3_0_ap_fixed_8_5_ap_q_mode_5_ap_o_mode_3_0_ap_fixed_8_5_ap_q_mode_5_ap_o_mode_3_0_local_bia_1  |   8|   0|    8|          0|
    |conv2_mulap_fixed_8_5_ap_q_mode_5_ap_o_mode_3_0_ap_fixed_8_5_ap_q_mode_5_ap_o_mode_3_0_ap_fixed_8_5_ap_q_mode_5_ap_o_mode_3_0_ap_fixed_8_5_ap_q_mode_5_ap_o_mode_3_0_local_bia_2  |   8|   0|    8|          0|
    |conv2_mulap_fixed_8_5_ap_q_mode_5_ap_o_mode_3_0_ap_fixed_8_5_ap_q_mode_5_ap_o_mode_3_0_ap_fixed_8_5_ap_q_mode_5_ap_o_mode_3_0_ap_fixed_8_5_ap_q_mode_5_ap_o_mode_3_0_local_bia_3  |   8|   0|    8|          0|
    |grp_conv2_Pipeline_CI_2_fu_415_ap_start_reg                                                                                                                                       |   1|   0|    1|          0|
    |grp_conv2_Pipeline_LOAD_2_fu_400_ap_start_reg                                                                                                                                     |   1|   0|    1|          0|
    |grp_conv2_Pipeline_LOAD_B_fu_361_ap_start_reg                                                                                                                                     |   1|   0|    1|          0|
    |grp_conv2_Pipeline_LOAD_W_fu_336_ap_start_reg                                                                                                                                     |   1|   0|    1|          0|
    |h_reg_313                                                                                                                                                                         |   4|   0|    4|          0|
    |icmp_ln110_1_reg_1087                                                                                                                                                             |   1|   0|    1|          0|
    |icmp_ln110_reg_1081                                                                                                                                                               |   1|   0|    1|          0|
    |p_ZZ5conv2P8ap_fixedILi8ELi5EL9ap_q_mode5EL9ap_o_mode3ELi0EES3_S3_S3_E10local_bia                                                                                                 |   8|   0|    8|          0|
    |select_ln128_reg_1141                                                                                                                                                             |   7|   0|    7|          0|
    |shl_ln_reg_1047                                                                                                                                                                   |   4|   0|    7|          3|
    |sub_ln107_reg_1071                                                                                                                                                                |   2|   0|    3|          1|
    |sub_ln127_reg_1066                                                                                                                                                                |   7|   0|    8|          1|
    |sum_reg_1052                                                                                                                                                                      |   8|   0|    8|          0|
    |trunc_ln95_reg_1111                                                                                                                                                               |   3|   0|    3|          0|
    |w_reg_324                                                                                                                                                                         |   4|   0|    4|          0|
    +----------------------------------------------------------------------------------------------------------------------------------------------------------------------------------+----+----+-----+-----------+
    |Total                                                                                                                                                                             | 321|   0|  326|          5|
    +----------------------------------------------------------------------------------------------------------------------------------------------------------------------------------+----+----+-----+-----------+



================================================================
== Interface
================================================================
* Summary: 
+------------------------+-----+-----+------------+--------------+--------------+
|        RTL Ports       | Dir | Bits|  Protocol  | Source Object|    C Type    |
+------------------------+-----+-----+------------+--------------+--------------+
|ap_clk                  |   in|    1|  ap_ctrl_hs|         conv2|  return value|
|ap_rst                  |   in|    1|  ap_ctrl_hs|         conv2|  return value|
|ap_start                |   in|    1|  ap_ctrl_hs|         conv2|  return value|
|ap_done                 |  out|    1|  ap_ctrl_hs|         conv2|  return value|
|ap_idle                 |  out|    1|  ap_ctrl_hs|         conv2|  return value|
|ap_ready                |  out|    1|  ap_ctrl_hs|         conv2|  return value|
|m_axi_gmem0_0_AWVALID   |  out|    1|       m_axi|         gmem0|       pointer|
|m_axi_gmem0_0_AWREADY   |   in|    1|       m_axi|         gmem0|       pointer|
|m_axi_gmem0_0_AWADDR    |  out|   64|       m_axi|         gmem0|       pointer|
|m_axi_gmem0_0_AWID      |  out|    1|       m_axi|         gmem0|       pointer|
|m_axi_gmem0_0_AWLEN     |  out|   32|       m_axi|         gmem0|       pointer|
|m_axi_gmem0_0_AWSIZE    |  out|    3|       m_axi|         gmem0|       pointer|
|m_axi_gmem0_0_AWBURST   |  out|    2|       m_axi|         gmem0|       pointer|
|m_axi_gmem0_0_AWLOCK    |  out|    2|       m_axi|         gmem0|       pointer|
|m_axi_gmem0_0_AWCACHE   |  out|    4|       m_axi|         gmem0|       pointer|
|m_axi_gmem0_0_AWPROT    |  out|    3|       m_axi|         gmem0|       pointer|
|m_axi_gmem0_0_AWQOS     |  out|    4|       m_axi|         gmem0|       pointer|
|m_axi_gmem0_0_AWREGION  |  out|    4|       m_axi|         gmem0|       pointer|
|m_axi_gmem0_0_AWUSER    |  out|    1|       m_axi|         gmem0|       pointer|
|m_axi_gmem0_0_WVALID    |  out|    1|       m_axi|         gmem0|       pointer|
|m_axi_gmem0_0_WREADY    |   in|    1|       m_axi|         gmem0|       pointer|
|m_axi_gmem0_0_WDATA     |  out|    8|       m_axi|         gmem0|       pointer|
|m_axi_gmem0_0_WSTRB     |  out|    1|       m_axi|         gmem0|       pointer|
|m_axi_gmem0_0_WLAST     |  out|    1|       m_axi|         gmem0|       pointer|
|m_axi_gmem0_0_WID       |  out|    1|       m_axi|         gmem0|       pointer|
|m_axi_gmem0_0_WUSER     |  out|    1|       m_axi|         gmem0|       pointer|
|m_axi_gmem0_0_ARVALID   |  out|    1|       m_axi|         gmem0|       pointer|
|m_axi_gmem0_0_ARREADY   |   in|    1|       m_axi|         gmem0|       pointer|
|m_axi_gmem0_0_ARADDR    |  out|   64|       m_axi|         gmem0|       pointer|
|m_axi_gmem0_0_ARID      |  out|    1|       m_axi|         gmem0|       pointer|
|m_axi_gmem0_0_ARLEN     |  out|   32|       m_axi|         gmem0|       pointer|
|m_axi_gmem0_0_ARSIZE    |  out|    3|       m_axi|         gmem0|       pointer|
|m_axi_gmem0_0_ARBURST   |  out|    2|       m_axi|         gmem0|       pointer|
|m_axi_gmem0_0_ARLOCK    |  out|    2|       m_axi|         gmem0|       pointer|
|m_axi_gmem0_0_ARCACHE   |  out|    4|       m_axi|         gmem0|       pointer|
|m_axi_gmem0_0_ARPROT    |  out|    3|       m_axi|         gmem0|       pointer|
|m_axi_gmem0_0_ARQOS     |  out|    4|       m_axi|         gmem0|       pointer|
|m_axi_gmem0_0_ARREGION  |  out|    4|       m_axi|         gmem0|       pointer|
|m_axi_gmem0_0_ARUSER    |  out|    1|       m_axi|         gmem0|       pointer|
|m_axi_gmem0_0_RVALID    |   in|    1|       m_axi|         gmem0|       pointer|
|m_axi_gmem0_0_RREADY    |  out|    1|       m_axi|         gmem0|       pointer|
|m_axi_gmem0_0_RDATA     |   in|    8|       m_axi|         gmem0|       pointer|
|m_axi_gmem0_0_RLAST     |   in|    1|       m_axi|         gmem0|       pointer|
|m_axi_gmem0_0_RID       |   in|    1|       m_axi|         gmem0|       pointer|
|m_axi_gmem0_0_RFIFONUM  |   in|   11|       m_axi|         gmem0|       pointer|
|m_axi_gmem0_0_RUSER     |   in|    1|       m_axi|         gmem0|       pointer|
|m_axi_gmem0_0_RRESP     |   in|    2|       m_axi|         gmem0|       pointer|
|m_axi_gmem0_0_BVALID    |   in|    1|       m_axi|         gmem0|       pointer|
|m_axi_gmem0_0_BREADY    |  out|    1|       m_axi|         gmem0|       pointer|
|m_axi_gmem0_0_BRESP     |   in|    2|       m_axi|         gmem0|       pointer|
|m_axi_gmem0_0_BID       |   in|    1|       m_axi|         gmem0|       pointer|
|m_axi_gmem0_0_BUSER     |   in|    1|       m_axi|         gmem0|       pointer|
|input_r                 |   in|   64|     ap_none|       input_r|        scalar|
|outputConv              |   in|   64|     ap_none|    outputConv|        scalar|
|m_axi_gmem1_0_AWVALID   |  out|    1|       m_axi|         gmem1|       pointer|
|m_axi_gmem1_0_AWREADY   |   in|    1|       m_axi|         gmem1|       pointer|
|m_axi_gmem1_0_AWADDR    |  out|   64|       m_axi|         gmem1|       pointer|
|m_axi_gmem1_0_AWID      |  out|    1|       m_axi|         gmem1|       pointer|
|m_axi_gmem1_0_AWLEN     |  out|   32|       m_axi|         gmem1|       pointer|
|m_axi_gmem1_0_AWSIZE    |  out|    3|       m_axi|         gmem1|       pointer|
|m_axi_gmem1_0_AWBURST   |  out|    2|       m_axi|         gmem1|       pointer|
|m_axi_gmem1_0_AWLOCK    |  out|    2|       m_axi|         gmem1|       pointer|
|m_axi_gmem1_0_AWCACHE   |  out|    4|       m_axi|         gmem1|       pointer|
|m_axi_gmem1_0_AWPROT    |  out|    3|       m_axi|         gmem1|       pointer|
|m_axi_gmem1_0_AWQOS     |  out|    4|       m_axi|         gmem1|       pointer|
|m_axi_gmem1_0_AWREGION  |  out|    4|       m_axi|         gmem1|       pointer|
|m_axi_gmem1_0_AWUSER    |  out|    1|       m_axi|         gmem1|       pointer|
|m_axi_gmem1_0_WVALID    |  out|    1|       m_axi|         gmem1|       pointer|
|m_axi_gmem1_0_WREADY    |   in|    1|       m_axi|         gmem1|       pointer|
|m_axi_gmem1_0_WDATA     |  out|    8|       m_axi|         gmem1|       pointer|
|m_axi_gmem1_0_WSTRB     |  out|    1|       m_axi|         gmem1|       pointer|
|m_axi_gmem1_0_WLAST     |  out|    1|       m_axi|         gmem1|       pointer|
|m_axi_gmem1_0_WID       |  out|    1|       m_axi|         gmem1|       pointer|
|m_axi_gmem1_0_WUSER     |  out|    1|       m_axi|         gmem1|       pointer|
|m_axi_gmem1_0_ARVALID   |  out|    1|       m_axi|         gmem1|       pointer|
|m_axi_gmem1_0_ARREADY   |   in|    1|       m_axi|         gmem1|       pointer|
|m_axi_gmem1_0_ARADDR    |  out|   64|       m_axi|         gmem1|       pointer|
|m_axi_gmem1_0_ARID      |  out|    1|       m_axi|         gmem1|       pointer|
|m_axi_gmem1_0_ARLEN     |  out|   32|       m_axi|         gmem1|       pointer|
|m_axi_gmem1_0_ARSIZE    |  out|    3|       m_axi|         gmem1|       pointer|
|m_axi_gmem1_0_ARBURST   |  out|    2|       m_axi|         gmem1|       pointer|
|m_axi_gmem1_0_ARLOCK    |  out|    2|       m_axi|         gmem1|       pointer|
|m_axi_gmem1_0_ARCACHE   |  out|    4|       m_axi|         gmem1|       pointer|
|m_axi_gmem1_0_ARPROT    |  out|    3|       m_axi|         gmem1|       pointer|
|m_axi_gmem1_0_ARQOS     |  out|    4|       m_axi|         gmem1|       pointer|
|m_axi_gmem1_0_ARREGION  |  out|    4|       m_axi|         gmem1|       pointer|
|m_axi_gmem1_0_ARUSER    |  out|    1|       m_axi|         gmem1|       pointer|
|m_axi_gmem1_0_RVALID    |   in|    1|       m_axi|         gmem1|       pointer|
|m_axi_gmem1_0_RREADY    |  out|    1|       m_axi|         gmem1|       pointer|
|m_axi_gmem1_0_RDATA     |   in|    8|       m_axi|         gmem1|       pointer|
|m_axi_gmem1_0_RLAST     |   in|    1|       m_axi|         gmem1|       pointer|
|m_axi_gmem1_0_RID       |   in|    1|       m_axi|         gmem1|       pointer|
|m_axi_gmem1_0_RFIFONUM  |   in|   11|       m_axi|         gmem1|       pointer|
|m_axi_gmem1_0_RUSER     |   in|    1|       m_axi|         gmem1|       pointer|
|m_axi_gmem1_0_RRESP     |   in|    2|       m_axi|         gmem1|       pointer|
|m_axi_gmem1_0_BVALID    |   in|    1|       m_axi|         gmem1|       pointer|
|m_axi_gmem1_0_BREADY    |  out|    1|       m_axi|         gmem1|       pointer|
|m_axi_gmem1_0_BRESP     |   in|    2|       m_axi|         gmem1|       pointer|
|m_axi_gmem1_0_BID       |   in|    1|       m_axi|         gmem1|       pointer|
|m_axi_gmem1_0_BUSER     |   in|    1|       m_axi|         gmem1|       pointer|
|weight                  |   in|   64|     ap_none|        weight|        scalar|
|bias                    |   in|   64|     ap_none|          bias|        scalar|
+------------------------+-----+-----+------------+--------------+--------------+

