

================================================================
== Synthesis Summary Report of 'top'
================================================================
+ General Information: 
    * Date:           Sat Mar  7 18:28:23 2026
    * Version:        2025.2 (Build 6295257 on Nov 14 2025)
    * Project:        top
    * Solution:       hls (Vivado IP Flow Target)
    * Product family: zynq
    * Target device:  xc7z020-clg484-1
    

* Performance & Resource Estimates: 
+-------------------------------------------+------+---------------+----------+---------+------+----------+---------+-----------+------+----------+----------+------------+-------------+-----+
|                  Modules                  | Issue|               | Iteration|         | Trip |          |       Latency       |      |          |          |            |             |     |
|                  & Loops                  | Type | Violation Type|  Latency | Interval| Count| Pipelined| (cycles)|    (ns)   | Slack|   BRAM   |    DSP   |     FF     |     LUT     | URAM|
+-------------------------------------------+------+---------------+----------+---------+------+----------+---------+-----------+------+----------+----------+------------+-------------+-----+
|+ top                                      |     -|              -|         -|   140720|     -|        no|   140719|  1.407e+06|  0.00|  42 (15%)|  27 (12%)|   8798 (8%)|  18374 (34%)|    -|
| + conv1                                   |     -|              -|         -|     7196|     -|        no|     7196|  7.196e+04|  0.00|   16 (5%)|    9 (4%)|   1786 (1%)|    4213 (7%)|    -|
|  + conv1_Pipeline_LOAD_W                  |     -|              -|         -|        -|     -|       yes|       74|    740.000|  0.00|         -|         -|    17 (~0%)|     77 (~0%)|    -|
|   o LOAD_W                                |     -|              -|         2|        1|    72|       yes|       72|    720.000|  8.75|         -|         -|           -|            -|    -|
|  + conv1_Pipeline_LOAD_B                  |     -|              -|         -|        -|     -|       yes|       10|    100.000|  0.00|         -|         -|    10 (~0%)|     75 (~0%)|    -|
|   o LOAD_B                                |     -|              -|         2|        1|     8|       yes|        8|     80.000|  8.75|         -|         -|           -|            -|    -|
|  + conv1_Pipeline_LOAD_1                  |     -|              -|         -|        -|     -|       yes|      787|  7.870e+03|  0.00|         -|         -|    44 (~0%)|     75 (~0%)|    -|
|   o LOAD_1                                |     -|              -|         3|        1|   784|       yes|      785|  7.850e+03|  8.75|         -|         -|           -|            -|    -|
|  + conv1_Pipeline_CO_1_H_1_W_1            |     -|              -|         -|        -|     -|       yes|     6288|  6.288e+04|  0.00|         -|    9 (4%)|  1033 (~0%)|    2858 (5%)|    -|
|   o CO_1_H_1_W_1                          |     -|              -|        16|        1|  6272|       yes|     6286|  6.286e+04|  8.75|         -|         -|           -|            -|    -|
| + pool                                    |     -|              -|         -|     7878|     -|        no|     7878|  7.878e+04|  0.00|         -|    4 (1%)|   831 (~0%)|    1799 (3%)|    -|
|  + pool_Pipeline_LOAD_POOL                |     -|              -|         -|        -|     -|       yes|     6275|  6.275e+04|  0.00|         -|         -|    73 (~0%)|    179 (~0%)|    -|
|   o LOAD_POOL                             |     -|              -|         3|        1|  6272|       yes|     6273|  6.273e+04|  8.75|         -|         -|           -|            -|    -|
|  + pool_Pipeline_CO_LOOP_H_LOOP_W_LOOP    |     -|              -|         -|        -|     -|       yes|     1586|  1.586e+04|  0.00|         -|    4 (1%)|   738 (~0%)|     992 (1%)|    -|
|   o CO_LOOP_H_LOOP_W_LOOP                 |     -|              -|        18|        1|  1568|       yes|     1584|  1.584e+04|  8.75|         -|         -|           -|            -|    -|
| + conv2                                   |     -|              -|         -|   113020|     -|        no|   113020|  1.130e+06|  0.00|   17 (6%)|    9 (4%)|   1712 (1%)|    5276 (9%)|    -|
|  + conv2_Pipeline_LOAD_W                  |     -|              -|         -|        -|     -|       yes|     1155|  1.155e+04|  0.00|         -|         -|    67 (~0%)|    165 (~0%)|    -|
|   o LOAD_W                                |     -|              -|         3|        1|  1152|       yes|     1153|  1.153e+04|  8.75|         -|         -|           -|            -|    -|
|  + conv2_Pipeline_LOAD_B                  |     -|              -|         -|        -|     -|       yes|       18|    180.000|  0.00|         -|         -|    12 (~0%)|     76 (~0%)|    -|
|   o LOAD_B                                |     -|              -|         2|        1|    16|       yes|       16|    160.000|  8.75|         -|         -|           -|            -|    -|
|  + conv2_Pipeline_LOAD_2                  |     -|              -|         -|        -|     -|       yes|     1571|  1.571e+04|  0.00|         -|         -|    47 (~0%)|     73 (~0%)|    -|
|   o LOAD_2                                |     -|              -|         3|        1|  1568|       yes|     1569|  1.569e+04|  8.75|         -|         -|           -|            -|    -|
|  o CO_2                                   |     -|              -|      6890|        -|    16|        no|   110240|  1.102e+06|  8.75|         -|         -|           -|            -|    -|
|   o VITIS_LOOP_94_1                       |     -|              -|       492|        -|    14|        no|     6888|  6.888e+04|  8.75|         -|         -|           -|            -|    -|
|    o VITIS_LOOP_95_2                      |     -|              -|        35|        -|    14|        no|      490|  4.900e+03|  8.75|         -|         -|           -|            -|    -|
|     + conv2_Pipeline_CI_2                 |     -|              -|         -|        -|     -|       yes|       29|    290.000|  0.10|         -|    9 (4%)|   1265 (1%)|    3222 (6%)|    -|
|      o CI_2                               |     -|              -|        21|        1|     8|       yes|       27|    270.000|  8.75|         -|         -|           -|            -|    -|
| + pool_1                                  |     -|              -|         -|     3958|     -|        no|     3958|  3.958e+04|  0.00|         -|    4 (1%)|   778 (~0%)|    1801 (3%)|    -|
|  + pool_1_Pipeline_LOAD_POOL              |     -|              -|         -|        -|     -|       yes|     3139|  3.139e+04|  0.00|         -|         -|    69 (~0%)|    168 (~0%)|    -|
|   o LOAD_POOL                             |     -|              -|         3|        1|  3136|       yes|     3137|  3.137e+04|  8.75|         -|         -|           -|            -|    -|
|  + pool_1_Pipeline_CO_LOOP_H_LOOP_W_LOOP  |     -|              -|         -|        -|     -|       yes|      802|  8.020e+03|  0.00|         -|    4 (1%)|   689 (~0%)|    1005 (1%)|    -|
|   o CO_LOOP_H_LOOP_W_LOOP                 |     -|              -|        18|        1|   784|       yes|      800|  8.000e+03|  8.75|         -|         -|           -|            -|    -|
| + top_Pipeline_LOAD_IN                    |     -|              -|         -|        -|     -|       yes|      787|  7.870e+03|  0.00|         -|         -|    44 (~0%)|     75 (~0%)|    -|
|  o LOAD_IN                                |     -|              -|         3|        1|   784|       yes|      785|  7.850e+03|  8.75|         -|         -|           -|            -|    -|
| + top_Pipeline_LOAD_BIAS                  |     -|              -|         -|        -|     -|       yes|       12|    120.000|  0.00|         -|         -|    91 (~0%)|     75 (~0%)|    -|
|  o LOAD_BIAS                              |     -|              -|         2|        1|    10|       yes|       10|    100.000|  8.75|         -|         -|           -|            -|    -|
| + top_Pipeline_DENSE_OUTER_DENSE_INNER    |     -|              -|         -|        -|     -|       yes|     7847|  7.847e+04|  0.00|         -|   1 (~0%)|   294 (~0%)|    409 (~0%)|    -|
|  o DENSE_OUTER_DENSE_INNER                |     -|              -|         7|        1|  7840|       yes|     7845|  7.845e+04|  8.75|         -|         -|           -|            -|    -|
+-------------------------------------------+------+---------------+----------+---------+------+----------+---------+-----------+------+----------+----------+------------+-------------+-----+
    Name Prefix: '+' for module, 'o' for loop, '*' for dataflow


================================================================
== HW Interfaces
================================================================
* M_AXI
+-------------+------------+------------+---------------+---------+--------+----------+-----------+--------------+--------------+-------------+-------------+-------------------+
| Interface   | Read/Write | Data Width | Address Width | Latency | Offset | Register | Max Widen | Max Read     | Max Write    | Num Read    | Num Write   | Resource Estimate |
|             |            | (SW->HW)   |               |         |        |          | Bitwidth  | Burst Length | Burst Length | Outstanding | Outstanding |                   |
+-------------+------------+------------+---------------+---------+--------+----------+-----------+--------------+--------------+-------------+-------------+-------------------+
| m_axi_gmem0 | READ_WRITE | 8 -> 8     | 64            | 0       | slave  | 0        | 0         | 16           | 16           | 16          | 16          | BRAM=2            |
| m_axi_gmem1 | READ_ONLY  | 8 -> 8     | 64            | 0       | slave  | 0        | 0         | 16           | 16           | 16          | 16          | BRAM=2            |
+-------------+------------+------------+---------------+---------+--------+----------+-----------+--------------+--------------+-------------+-------------+-------------------+

* S_AXILITE Interfaces
+---------------+------------+---------------+--------+----------+
| Interface     | Data Width | Address Width | Offset | Register |
+---------------+------------+---------------+--------+----------+
| s_axi_control | 32         | 8             | 16     | 0        |
+---------------+------------+---------------+--------+----------+

* S_AXILITE Registers
+---------------+---------------+--------+-------+--------+----------------------------------+----------------------------------------------------------------------+
| Interface     | Register      | Offset | Width | Access | Description                      | Bit Fields                                                           |
+---------------+---------------+--------+-------+--------+----------------------------------+----------------------------------------------------------------------+
| s_axi_control | CTRL          | 0x00   | 32    | RW     | Control signals                  | 0=AP_START 1=AP_DONE 2=AP_IDLE 3=AP_READY 7=AUTO_RESTART 9=INTERRUPT |
| s_axi_control | GIER          | 0x04   | 32    | RW     | Global Interrupt Enable Register | 0=Enable                                                             |
| s_axi_control | IP_IER        | 0x08   | 32    | RW     | IP Interrupt Enable Register     | 0=CHAN0_INT_EN 1=CHAN1_INT_EN                                        |
| s_axi_control | IP_ISR        | 0x0c   | 32    | RW     | IP Interrupt Status Register     | 0=CHAN0_INT_ST 1=CHAN1_INT_ST                                        |
| s_axi_control | input_r_1     | 0x10   | 32    | W      | Data signal of input_r           |                                                                      |
| s_axi_control | input_r_2     | 0x14   | 32    | W      | Data signal of input_r           |                                                                      |
| s_axi_control | outputConv_1  | 0x1c   | 32    | W      | Data signal of outputConv        |                                                                      |
| s_axi_control | outputConv_2  | 0x20   | 32    | W      | Data signal of outputConv        |                                                                      |
| s_axi_control | weight_1      | 0x28   | 32    | W      | Data signal of weight            |                                                                      |
| s_axi_control | weight_2      | 0x2c   | 32    | W      | Data signal of weight            |                                                                      |
| s_axi_control | bias_1        | 0x34   | 32    | W      | Data signal of bias              |                                                                      |
| s_axi_control | bias_2        | 0x38   | 32    | W      | Data signal of bias              |                                                                      |
| s_axi_control | outputPool_1  | 0x40   | 32    | W      | Data signal of outputPool        |                                                                      |
| s_axi_control | outputPool_2  | 0x44   | 32    | W      | Data signal of outputPool        |                                                                      |
| s_axi_control | weight2_1     | 0x4c   | 32    | W      | Data signal of weight2           |                                                                      |
| s_axi_control | weight2_2     | 0x50   | 32    | W      | Data signal of weight2           |                                                                      |
| s_axi_control | bias2_1       | 0x58   | 32    | W      | Data signal of bias2             |                                                                      |
| s_axi_control | bias2_2       | 0x5c   | 32    | W      | Data signal of bias2             |                                                                      |
| s_axi_control | outputConv2_1 | 0x64   | 32    | W      | Data signal of outputConv2       |                                                                      |
| s_axi_control | outputConv2_2 | 0x68   | 32    | W      | Data signal of outputConv2       |                                                                      |
| s_axi_control | outputPool2_1 | 0x70   | 32    | W      | Data signal of outputPool2       |                                                                      |
| s_axi_control | outputPool2_2 | 0x74   | 32    | W      | Data signal of outputPool2       |                                                                      |
| s_axi_control | outputDense_1 | 0x7c   | 32    | W      | Data signal of outputDense       |                                                                      |
| s_axi_control | outputDense_2 | 0x80   | 32    | W      | Data signal of outputDense       |                                                                      |
| s_axi_control | fcWeight_1    | 0x88   | 32    | W      | Data signal of fcWeight          |                                                                      |
| s_axi_control | fcWeight_2    | 0x8c   | 32    | W      | Data signal of fcWeight          |                                                                      |
| s_axi_control | fcBias_1      | 0x94   | 32    | W      | Data signal of fcBias            |                                                                      |
| s_axi_control | fcBias_2      | 0x98   | 32    | W      | Data signal of fcBias            |                                                                      |
+---------------+---------------+--------+-------+--------+----------------------------------+----------------------------------------------------------------------+

* TOP LEVEL CONTROL
+-----------+------------+-----------+
| Interface | Type       | Ports     |
+-----------+------------+-----------+
| ap_clk    | clock      | ap_clk    |
| ap_rst_n  | reset      | ap_rst_n  |
| interrupt | interrupt  | interrupt |
| ap_ctrl   | ap_ctrl_hs |           |
+-----------+------------+-----------+


================================================================
== SW I/O Information
================================================================
* Top Function Arguments
+-------------+-----------+------------------------------------------------+
| Argument    | Direction | Datatype                                       |
+-------------+-----------+------------------------------------------------+
| input       | inout     | ap_fixed<8, 5, (ap_q_mode)5, (ap_o_mode)3, 0>* |
| outputConv  | inout     | ap_fixed<8, 5, (ap_q_mode)5, (ap_o_mode)3, 0>* |
| weight      | in        | ap_fixed<8, 5, (ap_q_mode)5, (ap_o_mode)3, 0>* |
| bias        | in        | ap_fixed<8, 5, (ap_q_mode)5, (ap_o_mode)3, 0>* |
| outputPool  | inout     | ap_fixed<8, 5, (ap_q_mode)5, (ap_o_mode)3, 0>* |
| weight2     | in        | ap_fixed<8, 5, (ap_q_mode)5, (ap_o_mode)3, 0>* |
| bias2       | in        | ap_fixed<8, 5, (ap_q_mode)5, (ap_o_mode)3, 0>* |
| outputConv2 | inout     | ap_fixed<8, 5, (ap_q_mode)5, (ap_o_mode)3, 0>* |
| outputPool2 | inout     | ap_fixed<8, 5, (ap_q_mode)5, (ap_o_mode)3, 0>* |
| outputDense | inout     | ap_fixed<8, 5, (ap_q_mode)5, (ap_o_mode)3, 0>* |
| fcWeight    | in        | ap_fixed<8, 5, (ap_q_mode)5, (ap_o_mode)3, 0>* |
| fcBias      | in        | ap_fixed<8, 5, (ap_q_mode)5, (ap_o_mode)3, 0>* |
+-------------+-----------+------------------------------------------------+

* SW-to-HW Mapping
+-------------+---------------+-----------+----------+-----------------------------------------+
| Argument    | HW Interface  | HW Type   | HW Usage | HW Info                                 |
+-------------+---------------+-----------+----------+-----------------------------------------+
| input       | m_axi_gmem0   | interface |          | channel=0                               |
| input       | s_axi_control | register  | offset   | name=input_r_1 offset=0x10 range=32     |
| input       | s_axi_control | register  | offset   | name=input_r_2 offset=0x14 range=32     |
| outputConv  | m_axi_gmem0   | interface |          | channel=0                               |
| outputConv  | s_axi_control | register  | offset   | name=outputConv_1 offset=0x1c range=32  |
| outputConv  | s_axi_control | register  | offset   | name=outputConv_2 offset=0x20 range=32  |
| weight      | m_axi_gmem1   | interface |          | channel=0                               |
| weight      | s_axi_control | register  | offset   | name=weight_1 offset=0x28 range=32      |
| weight      | s_axi_control | register  | offset   | name=weight_2 offset=0x2c range=32      |
| bias        | m_axi_gmem1   | interface |          | channel=0                               |
| bias        | s_axi_control | register  | offset   | name=bias_1 offset=0x34 range=32        |
| bias        | s_axi_control | register  | offset   | name=bias_2 offset=0x38 range=32        |
| outputPool  | m_axi_gmem0   | interface |          | channel=0                               |
| outputPool  | s_axi_control | register  | offset   | name=outputPool_1 offset=0x40 range=32  |
| outputPool  | s_axi_control | register  | offset   | name=outputPool_2 offset=0x44 range=32  |
| weight2     | m_axi_gmem1   | interface |          | channel=0                               |
| weight2     | s_axi_control | register  | offset   | name=weight2_1 offset=0x4c range=32     |
| weight2     | s_axi_control | register  | offset   | name=weight2_2 offset=0x50 range=32     |
| bias2       | m_axi_gmem1   | interface |          | channel=0                               |
| bias2       | s_axi_control | register  | offset   | name=bias2_1 offset=0x58 range=32       |
| bias2       | s_axi_control | register  | offset   | name=bias2_2 offset=0x5c range=32       |
| outputConv2 | m_axi_gmem0   | interface |          | channel=0                               |
| outputConv2 | s_axi_control | register  | offset   | name=outputConv2_1 offset=0x64 range=32 |
| outputConv2 | s_axi_control | register  | offset   | name=outputConv2_2 offset=0x68 range=32 |
| outputPool2 | m_axi_gmem0   | interface |          | channel=0                               |
| outputPool2 | s_axi_control | register  | offset   | name=outputPool2_1 offset=0x70 range=32 |
| outputPool2 | s_axi_control | register  | offset   | name=outputPool2_2 offset=0x74 range=32 |
| outputDense | m_axi_gmem0   | interface |          | channel=0                               |
| outputDense | s_axi_control | register  | offset   | name=outputDense_1 offset=0x7c range=32 |
| outputDense | s_axi_control | register  | offset   | name=outputDense_2 offset=0x80 range=32 |
| fcWeight    | m_axi_gmem1   | interface |          | channel=0                               |
| fcWeight    | s_axi_control | register  | offset   | name=fcWeight_1 offset=0x88 range=32    |
| fcWeight    | s_axi_control | register  | offset   | name=fcWeight_2 offset=0x8c range=32    |
| fcBias      | m_axi_gmem1   | interface |          | channel=0                               |
| fcBias      | s_axi_control | register  | offset   | name=fcBias_1 offset=0x94 range=32      |
| fcBias      | s_axi_control | register  | offset   | name=fcBias_2 offset=0x98 range=32      |
+-------------+---------------+-----------+----------+-----------------------------------------+


================================================================
== M_AXI Burst Information
================================================================
 Note: All burst requests might be further partitioned into multiple requests during RTL generation based on max_read_burst_length or max_write_burst_length settings.

* Inferred Burst Summary
+--------------+-----------+--------+-------+-------------+------------------------+
| HW Interface | Direction | Length | Width | Loop        | Loop Location          |
+--------------+-----------+--------+-------+-------------+------------------------+
| m_axi_gmem0  | read      | 784    | 8     | LOAD_1      | ../src/conv.cpp:31:13  |
| m_axi_gmem0  | write     | 6272   | 8     | CO_1        | ../src/conv.cpp:36:11  |
| m_axi_gmem0  | read      | 1568   | 8     | LOAD_2      | ../src/conv.cpp:85:13  |
| m_axi_gmem0  | write     | 3136   | 8     | CO_2        | ../src/conv.cpp:93:11  |
| m_axi_gmem0  | read      | 784    | 8     | LOAD_IN     | ../src/dense.cpp:11:14 |
| m_axi_gmem0  | write     | 10     | 8     | DENSE_OUTER | ../src/dense.cpp:25:18 |
| m_axi_gmem0  | read      | 3136   | 8     | LOAD_POOL   | ../src/pool.cpp:17:16  |
| m_axi_gmem0  | read      | 6272   | 8     | LOAD_POOL   | ../src/pool.cpp:17:16  |
| m_axi_gmem0  | write     | 784    | 8     | CO_LOOP     | ../src/pool.cpp:23:14  |
| m_axi_gmem0  | write     | 1568   | 8     | CO_LOOP     | ../src/pool.cpp:23:14  |
| m_axi_gmem1  | read      | 72     | 8     | LOAD_W      | ../src/conv.cpp:21:13  |
| m_axi_gmem1  | read      | 8      | 8     | LOAD_B      | ../src/conv.cpp:25:13  |
| m_axi_gmem1  | read      | 1152   | 8     | LOAD_W      | ../src/conv.cpp:70:13  |
| m_axi_gmem1  | read      | 16     | 8     | LOAD_B      | ../src/conv.cpp:74:13  |
| m_axi_gmem1  | read      | 10     | 8     | LOAD_BIAS   | ../src/dense.cpp:19:16 |
| m_axi_gmem1  | read      | 7840   | 8     | DENSE_OUTER | ../src/dense.cpp:25:18 |
+--------------+-----------+--------+-------+-------------+------------------------+

* All M_AXI Variable Accesses
+--------------+-------------+------------------------+-----------+--------------+--------+-----------------+------------------------+------------+------------------------------------------------------------------------------------------------------+
| HW Interface | Variable    | Access Location        | Direction | Burst Status | Length | Loop            | Loop Location          | Resolution | Problem                                                                                              |
+--------------+-------------+------------------------+-----------+--------------+--------+-----------------+------------------------+------------+------------------------------------------------------------------------------------------------------+
| m_axi_gmem0  | input       | ../src/conv.cpp:33:17  | read      | Widen Fail   |        | LOAD_1          | ../src/conv.cpp:31:13  | 214-353    | Could not widen since type i8 size is greater than or equal to the max_widen_bitwidth threshold of 0 |
| m_axi_gmem0  | input       | ../src/conv.cpp:33:17  | read      | Inferred     | 784    | LOAD_1          | ../src/conv.cpp:31:13  |            |                                                                                                      |
| m_axi_gmem0  | outputConv  | ../src/conv.cpp:55:51  | write     | Widen Fail   |        | W_1             | ../src/conv.cpp:38:18  | 214-353    | Could not widen since type i8 size is greater than or equal to the max_widen_bitwidth threshold of 0 |
| m_axi_gmem0  | outputConv  | ../src/conv.cpp:55:51  | write     | Inferred     | 6272   | CO_1            | ../src/conv.cpp:36:11  |            |                                                                                                      |
| m_axi_gmem0  | input       | ../src/conv.cpp:87:17  | read      | Widen Fail   |        | LOAD_2          | ../src/conv.cpp:85:13  | 214-353    | Could not widen since type i8 size is greater than or equal to the max_widen_bitwidth threshold of 0 |
| m_axi_gmem0  | input       | ../src/conv.cpp:87:17  | read      | Inferred     | 1568   | LOAD_2          | ../src/conv.cpp:85:13  |            |                                                                                                      |
| m_axi_gmem0  | outputConv  | ../src/conv.cpp:128:36 | write     | Widen Fail   |        | VITIS_LOOP_95_2 | ../src/conv.cpp:95:30  | 214-353    | Could not widen since type i8 size is greater than or equal to the max_widen_bitwidth threshold of 0 |
| m_axi_gmem0  | outputConv  | ../src/conv.cpp:128:36 | write     | Inferred     | 3136   | CO_2            | ../src/conv.cpp:93:11  |            |                                                                                                      |
| m_axi_gmem0  | outputPool2 | ../src/dense.cpp:13:17 | read      | Widen Fail   |        | LOAD_IN         | ../src/dense.cpp:11:14 | 214-353    | Could not widen since type i8 size is greater than or equal to the max_widen_bitwidth threshold of 0 |
| m_axi_gmem0  | outputPool2 | ../src/dense.cpp:13:17 | read      | Inferred     | 784    | LOAD_IN         | ../src/dense.cpp:11:14 |            |                                                                                                      |
| m_axi_gmem0  | outputDense | ../src/dense.cpp:37:24 | write     | Widen Fail   |        | DENSE_OUTER     | ../src/dense.cpp:25:18 | 214-353    | Could not widen since type i8 size is greater than or equal to the max_widen_bitwidth threshold of 0 |
| m_axi_gmem0  | outputDense | ../src/dense.cpp:37:24 | write     | Inferred     | 10     | DENSE_OUTER     | ../src/dense.cpp:25:18 |            |                                                                                                      |
| m_axi_gmem0  | input       | ../src/pool.cpp:19:24  | read      | Widen Fail   |        | LOAD_POOL       | ../src/pool.cpp:17:16  | 214-353    | Could not widen since type i8 size is greater than or equal to the max_widen_bitwidth threshold of 0 |
| m_axi_gmem0  | input       | ../src/pool.cpp:19:24  | read      | Inferred     | 3136   | LOAD_POOL       | ../src/pool.cpp:17:16  |            |                                                                                                      |
| m_axi_gmem0  | input       | ../src/pool.cpp:19:24  | read      | Inferred     | 6272   | LOAD_POOL       | ../src/pool.cpp:17:16  |            |                                                                                                      |
| m_axi_gmem0  | outputPool  | ../src/pool.cpp:40:61  | write     | Widen Fail   |        | W_LOOP          | ../src/pool.cpp:25:21  | 214-353    | Could not widen since type i8 size is greater than or equal to the max_widen_bitwidth threshold of 0 |
| m_axi_gmem0  | outputPool  | ../src/pool.cpp:40:61  | write     | Inferred     | 784    | CO_LOOP         | ../src/pool.cpp:23:14  |            |                                                                                                      |
| m_axi_gmem0  | outputPool  | ../src/pool.cpp:40:61  | write     | Inferred     | 1568   | CO_LOOP         | ../src/pool.cpp:23:14  |            |                                                                                                      |
| m_axi_gmem1  | weight      | ../src/conv.cpp:23:25  | read      | Widen Fail   |        | LOAD_W          | ../src/conv.cpp:21:13  | 214-353    | Could not widen since type i8 size is greater than or equal to the max_widen_bitwidth threshold of 0 |
| m_axi_gmem1  | weight      | ../src/conv.cpp:23:25  | read      | Inferred     | 72     | LOAD_W          | ../src/conv.cpp:21:13  |            |                                                                                                      |
| m_axi_gmem1  | bias        | ../src/conv.cpp:27:23  | read      | Widen Fail   |        | LOAD_B          | ../src/conv.cpp:25:13  | 214-353    | Could not widen since type i8 size is greater than or equal to the max_widen_bitwidth threshold of 0 |
| m_axi_gmem1  | bias        | ../src/conv.cpp:27:23  | read      | Inferred     | 16     | LOAD_B          | ../src/conv.cpp:74:13  |            |                                                                                                      |
| m_axi_gmem1  | bias        | ../src/conv.cpp:27:23  | read      | Inferred     | 8      | LOAD_B          | ../src/conv.cpp:25:13  |            |                                                                                                      |
| m_axi_gmem1  | weight      | ../src/conv.cpp:72:25  | read      | Widen Fail   |        | LOAD_W          | ../src/conv.cpp:70:13  | 214-353    | Could not widen since type i8 size is greater than or equal to the max_widen_bitwidth threshold of 0 |
| m_axi_gmem1  | weight      | ../src/conv.cpp:72:25  | read      | Inferred     | 1152   | LOAD_W          | ../src/conv.cpp:70:13  |            |                                                                                                      |
| m_axi_gmem1  | bias        | ../src/conv.cpp:76:23  | read      | Widen Fail   |        | LOAD_B          | ../src/conv.cpp:74:13  | 214-353    | Could not widen since type i8 size is greater than or equal to the max_widen_bitwidth threshold of 0 |
| m_axi_gmem1  | fcBias      | ../src/dense.cpp:21:23 | read      | Widen Fail   |        | LOAD_BIAS       | ../src/dense.cpp:19:16 | 214-353    | Could not widen since type i8 size is greater than or equal to the max_widen_bitwidth threshold of 0 |
| m_axi_gmem1  | fcBias      | ../src/dense.cpp:21:23 | read      | Inferred     | 10     | LOAD_BIAS       | ../src/dense.cpp:19:16 |            |                                                                                                      |
| m_axi_gmem1  | fcWeight    | ../src/dense.cpp:34:45 | read      | Widen Fail   |        | DENSE_INNER     | ../src/dense.cpp:28:22 | 214-353    | Could not widen since type i8 size is greater than or equal to the max_widen_bitwidth threshold of 0 |
| m_axi_gmem1  | fcWeight    | ../src/dense.cpp:34:45 | read      | Inferred     | 7840   | DENSE_OUTER     | ../src/dense.cpp:25:18 |            |                                                                                                      |
+--------------+-------------+------------------------+-----------+--------------+--------+-----------------+------------------------+------------+------------------------------------------------------------------------------------------------------+

    * Resolution URL: docs.amd.com/access/sources/dita/topic?Doc_Version=2025.2%20English&url=ug1448-hls-guidance&resourceid=XXX-YYY.html (replace XXX-YYY with column value)

================================================================
== Bind Op Report
================================================================
+-------------------------------------------+-----+--------+---------------+-----------+--------------------------+---------+
| Name                                      | DSP | Pragma | Variable      | Op        | Impl                     | Latency |
+-------------------------------------------+-----+--------+---------------+-----------+--------------------------+---------+
| + top                                     | 27  |        |               |           |                          |         |
|  + conv1                                  | 9   |        |               |           |                          |         |
|   + conv1_Pipeline_LOAD_W                 | 0   |        |               |           |                          |         |
|     icmp_ln21_fu_355_p2                   |     |        | icmp_ln21     | seteq     | auto                     | 0       |
|     add_ln21_fu_361_p2                    |     |        | add_ln21      | add       | fabric                   | 0       |
|   + conv1_Pipeline_LOAD_B                 | 0   |        |               |           |                          |         |
|     icmp_ln25_fu_103_p2                   |     |        | icmp_ln25     | seteq     | auto                     | 0       |
|     add_ln25_fu_109_p2                    |     |        | add_ln25      | add       | fabric                   | 0       |
|   + conv1_Pipeline_LOAD_1                 | 0   |        |               |           |                          |         |
|     icmp_ln31_fu_419_p2                   |     |        | icmp_ln31     | seteq     | auto                     | 0       |
|     add_ln31_fu_425_p2                    |     |        | add_ln31      | add       | fabric                   | 0       |
|   + conv1_Pipeline_CO_1_H_1_W_1           | 9   |        |               |           |                          |         |
|     icmp_ln36_fu_2128_p2                  |     |        | icmp_ln36     | seteq     | auto                     | 0       |
|     add_ln36_fu_2134_p2                   |     |        | add_ln36      | add       | fabric                   | 0       |
|     icmp_ln37_fu_2143_p2                  |     |        | icmp_ln37     | seteq     | auto                     | 0       |
|     select_ln36_fu_2179_p3                |     |        | select_ln36   | select    | auto_sel                 | 0       |
|     add_ln44_fu_2186_p2                   |     |        | add_ln44      | add       | fabric                   | 0       |
|     select_ln36_1_fu_2192_p3              |     |        | select_ln36_1 | select    | auto_sel                 | 0       |
|     xor_ln36_fu_2199_p2                   |     |        | xor_ln36      | xor       | auto                     | 0       |
|     icmp_ln38_fu_2204_p2                  |     |        | icmp_ln38     | seteq     | auto                     | 0       |
|     and_ln36_fu_2210_p2                   |     |        | and_ln36      | and       | auto                     | 0       |
|     add_ln36_1_fu_2725_p2                 |     |        | add_ln36_1    | add       | fabric                   | 0       |
|     select_ln36_2_fu_2731_p3              |     |        | select_ln36_2 | select    | auto_sel                 | 0       |
|     add_ln44_1_fu_2216_p2                 |     |        | add_ln44_1    | add       | fabric                   | 0       |
|     empty_fu_2222_p2                      |     |        | empty         | or        | auto                     | 0       |
|     w_mid2_fu_2227_p3                     |     |        | w_mid2        | select    | auto_sel                 | 0       |
|     add_ln44_2_fu_2235_p2                 |     |        | add_ln44_2    | add       | fabric                   | 0       |
|     add_ln44_mid2_fu_2241_p3              |     |        | add_ln44_mid2 | select    | auto_sel                 | 0       |
|     select_ln37_fu_2249_p3                |     |        | select_ln37   | select    | auto_sel                 | 0       |
|     sparsemux_17_3_8_1_1_U114             |     |        | sum           | sparsemux | compactencoding_dontcare | 0       |
|     sparsemux_17_3_8_1_1_U117             |     |        | tmp_s         | sparsemux | compactencoding_dontcare | 0       |
|     sub_ln55_fu_2277_p2                   |     |        | sub_ln55      | sub       | fabric                   | 0       |
|     add_ln48_fu_2375_p2                   |     |        | add_ln48      | add       | fabric                   | 0       |
|     add_ln47_fu_2305_p2                   |     |        | add_ln47      | add       | fabric                   | 0       |
|     icmp_ln47_fu_2311_p2                  |     |        | icmp_ln47     | setlt     | auto                     | 0       |
|     add_ln48_1_fu_2380_p2                 |     |        | add_ln48_1    | add       | fabric                   | 0       |
|     icmp_ln47_1_fu_2317_p2                |     |        | icmp_ln47_1   | setlt     | auto                     | 0       |
|     add_ln45_fu_2331_p2                   |     |        | add_ln45      | add       | fabric                   | 0       |
|     icmp_ln47_2_fu_2337_p2                |     |        | icmp_ln47_2   | setlt     | auto                     | 0       |
|     and_ln47_fu_3541_p2                   |     |        | and_ln47      | and       | auto                     | 0       |
|     add_ln48_3_fu_2394_p2                 |     |        | add_ln48_3    | add       | fabric                   | 0       |
|     sparsemux_33_4_8_1_1_U103             |     |        | tmp           | sparsemux | compactencoding_dontcare | 0       |
|     sparsemux_17_3_8_1_1_U104             |     |        | tmp_16        | sparsemux | compactencoding_dontcare | 0       |
|     mac_muladd_8s_8s_11s_11_4_1_U122      | 1   |        | mul_ln51      | mul       | dsp_slice                | 3       |
|     mac_muladd_8s_8s_11s_11_4_1_U122      | 1   |        | add_ln51      | add       | dsp_slice                | 3       |
|     add_ln48_4_fu_2430_p2                 |     |        | add_ln48_4    | add       | fabric                   | 0       |
|     sparsemux_33_4_8_1_1_U105             |     |        | tmp_17        | sparsemux | compactencoding_dontcare | 0       |
|     sparsemux_17_3_8_1_1_U113             |     |        | tmp_18        | sparsemux | compactencoding_dontcare | 0       |
|     mac_muladd_8s_8s_11s_11_4_1_U123      | 1   |        | mul_ln51_1    | mul       | dsp_slice                | 3       |
|     empty_145_fu_3554_p3                  |     |        | empty_145     | select    | auto_sel                 | 0       |
|     mac_muladd_8s_8s_11s_11_4_1_U123      | 1   |        | add_ln51_1    | add       | dsp_slice                | 3       |
|     sum_4_fu_3651_p3                      |     |        | sum_4         | select    | auto_sel                 | 0       |
|     add_ln45_1_fu_2353_p2                 |     |        | add_ln45_1    | add       | fabric                   | 0       |
|     icmp_ln47_3_fu_2359_p2                |     |        | icmp_ln47_3   | setlt     | auto                     | 0       |
|     and_ln47_1_fu_3668_p2                 |     |        | and_ln47_1    | and       | auto                     | 0       |
|     add_ln48_5_fu_2469_p2                 |     |        | add_ln48_5    | add       | fabric                   | 0       |
|     sparsemux_33_4_8_1_1_U106             |     |        | tmp_19        | sparsemux | compactencoding_dontcare | 0       |
|     sparsemux_17_3_8_1_1_U115             |     |        | tmp_20        | sparsemux | compactencoding_dontcare | 0       |
|     mac_muladd_8s_8s_11s_11_4_1_U124      | 1   |        | mul_ln51_2    | mul       | dsp_slice                | 3       |
|     mac_muladd_8s_8s_11s_11_4_1_U124      | 1   |        | add_ln51_2    | add       | dsp_slice                | 3       |
|     sum_6_fu_3681_p3                      |     |        | sum_6         | select    | auto_sel                 | 0       |
|     add_ln48_6_fu_2505_p2                 |     |        | add_ln48_6    | add       | fabric                   | 0       |
|     sparsemux_33_4_8_1_1_U107             |     |        | tmp_21        | sparsemux | compactencoding_dontcare | 0       |
|     sparsemux_17_3_8_1_1_U116             |     |        | tmp_22        | sparsemux | compactencoding_dontcare | 0       |
|     mac_muladd_8s_8s_11s_11_4_1_U125      | 1   |        | mul_ln51_3    | mul       | dsp_slice                | 3       |
|     mac_muladd_8s_8s_11s_11_4_1_U125      | 1   |        | add_ln51_3    | add       | dsp_slice                | 3       |
|     add_ln48_7_fu_2543_p2                 |     |        | add_ln48_7    | add       | fabric                   | 0       |
|     sparsemux_33_4_8_1_1_U108             |     |        | tmp_23        | sparsemux | compactencoding_dontcare | 0       |
|     mac_muladd_8s_8s_11s_11_4_1_U126      | 1   |        | mul_ln51_4    | mul       | dsp_slice                | 3       |
|     empty_146_fu_3743_p3                  |     |        | empty_146     | select    | auto_sel                 | 0       |
|     mac_muladd_8s_8s_11s_11_4_1_U126      | 1   |        | add_ln51_4    | add       | dsp_slice                | 3       |
|     add_ln48_8_fu_2579_p2                 |     |        | add_ln48_8    | add       | fabric                   | 0       |
|     sparsemux_33_4_8_1_1_U109             |     |        | tmp_24        | sparsemux | compactencoding_dontcare | 0       |
|     sparsemux_17_3_8_1_1_U118             |     |        | tmp_25        | sparsemux | compactencoding_dontcare | 0       |
|     mac_muladd_8s_8s_11s_11_4_1_U127      | 1   |        | mul_ln51_5    | mul       | dsp_slice                | 3       |
|     mac_muladd_8s_8s_11s_11_4_1_U127      | 1   |        | add_ln51_5    | add       | dsp_slice                | 3       |
|     sum_9_fu_3859_p3                      |     |        | sum_9         | select    | auto_sel                 | 0       |
|     and_ln47_2_fu_3911_p2                 |     |        | and_ln47_2    | and       | auto                     | 0       |
|     add_ln48_9_fu_2614_p2                 |     |        | add_ln48_9    | add       | fabric                   | 0       |
|     sparsemux_33_4_8_1_1_U110             |     |        | tmp_26        | sparsemux | compactencoding_dontcare | 0       |
|     sparsemux_17_3_8_1_1_U119             |     |        | tmp_27        | sparsemux | compactencoding_dontcare | 0       |
|     mac_muladd_8s_8s_11s_11_4_1_U128      | 1   |        | mul_ln51_6    | mul       | dsp_slice                | 3       |
|     mac_muladd_8s_8s_11s_11_4_1_U128      | 1   |        | add_ln51_6    | add       | dsp_slice                | 3       |
|     add_ln48_10_fu_2650_p2                |     |        | add_ln48_10   | add       | fabric                   | 0       |
|     sparsemux_33_4_8_1_1_U111             |     |        | tmp_28        | sparsemux | compactencoding_dontcare | 0       |
|     sparsemux_17_3_8_1_1_U120             |     |        | tmp_29        | sparsemux | compactencoding_dontcare | 0       |
|     mac_muladd_8s_8s_11s_11_4_1_U129      | 1   |        | mul_ln51_7    | mul       | dsp_slice                | 3       |
|     empty_147_fu_3924_p3                  |     |        | empty_147     | select    | auto_sel                 | 0       |
|     mac_muladd_8s_8s_11s_11_4_1_U129      | 1   |        | add_ln51_7    | add       | dsp_slice                | 3       |
|     sum_11_fu_3948_p3                     |     |        | sum_11        | select    | auto_sel                 | 0       |
|     and_ln47_3_fu_3962_p2                 |     |        | and_ln47_3    | and       | auto                     | 0       |
|     add_ln48_11_fu_2686_p2                |     |        | add_ln48_11   | add       | fabric                   | 0       |
|     sparsemux_33_4_8_1_1_U112             |     |        | tmp_30        | sparsemux | compactencoding_dontcare | 0       |
|     sparsemux_17_3_8_1_1_U121             |     |        | tmp_31        | sparsemux | compactencoding_dontcare | 0       |
|     mac_muladd_8s_8s_11s_11_4_1_U130      | 1   |        | mul_ln51_8    | mul       | dsp_slice                | 3       |
|     mac_muladd_8s_8s_11s_11_4_1_U130      | 1   |        | add_ln51_8    | add       | dsp_slice                | 3       |
|     sum_13_fu_3975_p3                     |     |        | sum_13        | select    | auto_sel                 | 0       |
|     icmp_ln55_fu_3986_p2                  |     |        | icmp_ln55     | setgt     | auto                     | 0       |
|     select_ln55_fu_3992_p3                |     |        | select_ln55   | select    | auto_sel                 | 0       |
|     add_ln37_fu_2149_p2                   |     |        | add_ln37      | add       | fabric                   | 0       |
|     select_ln37_1_fu_2155_p3              |     |        | select_ln37_1 | select    | auto_sel                 | 0       |
|  + pool                                   | 4   |        |               |           |                          |         |
|   + pool_Pipeline_LOAD_POOL               | 0   |        |               |           |                          |         |
|     icmp_ln17_fu_213_p2                   |     |        | icmp_ln17     | seteq     | auto                     | 0       |
|     add_ln17_fu_219_p2                    |     |        | add_ln17      | add       | fabric                   | 0       |
|     add_ln17_1_fu_280_p2                  |     |        | add_ln17_1    | add       | fabric                   | 0       |
|     add_ln17_2_fu_247_p2                  |     |        | add_ln17_2    | add       | fabric                   | 0       |
|     icmp_ln17_1_fu_253_p2                 |     |        | icmp_ln17_1   | seteq     | auto                     | 0       |
|     select_ln17_fu_259_p3                 |     |        | select_ln17   | select    | auto_sel                 | 0       |
|   + pool_Pipeline_CO_LOOP_H_LOOP_W_LOOP   | 4   |        |               |           |                          |         |
|     icmp_ln23_fu_385_p2                   |     |        | icmp_ln23     | seteq     | auto                     | 0       |
|     add_ln23_fu_391_p2                    |     |        | add_ln23      | add       | fabric                   | 0       |
|     icmp_ln24_fu_414_p2                   |     |        | icmp_ln24     | seteq     | auto                     | 0       |
|     select_ln23_fu_420_p3                 |     |        | select_ln23   | select    | auto_sel                 | 0       |
|     xor_ln23_fu_428_p2                    |     |        | xor_ln23      | xor       | auto                     | 0       |
|     icmp_ln25_fu_434_p2                   |     |        | icmp_ln25     | seteq     | auto                     | 0       |
|     and_ln23_fu_440_p2                    |     |        | and_ln23      | and       | auto                     | 0       |
|     add_ln23_1_fu_446_p2                  |     |        | add_ln23_1    | add       | fabric                   | 0       |
|     select_ln23_1_fu_452_p3               |     |        | select_ln23_1 | select    | auto_sel                 | 0       |
|     add_ln24_fu_460_p2                    |     |        | add_ln24      | add       | fabric                   | 0       |
|     empty_fu_466_p2                       |     |        | empty         | or        | auto                     | 0       |
|     w_mid2_fu_472_p3                      |     |        | w_mid2        | select    | auto_sel                 | 0       |
|     select_ln24_fu_480_p3                 |     |        | select_ln24   | select    | auto_sel                 | 0       |
|     add_ln34_1_fu_504_p2                  |     |        | add_ln34_1    | add       | fabric                   | 0       |
|     mul_4ns_11ns_13_1_1_U255              |     |        | mul_ln24      | mul       | auto                     | 0       |
|     sub_ln34_fu_571_p2                    |     |        | sub_ln34      | sub       | fabric                   | 0       |
|     sub_ln34_1_fu_592_p2                  |     |        | sub_ln34_1    | sub       | fabric                   | 0       |
|     add_ln34_fu_643_p2                    |     |        | add_ln34      | add       | fabric                   | 0       |
|     add_ln34_2_fu_649_p2                  |     |        | add_ln34_2    | add       | fabric                   | 0       |
|     add_ln34_3_fu_658_p2                  |     |        | add_ln34_3    | add       | fabric                   | 0       |
|     add_ln34_4_fu_609_p2                  |     |        | add_ln34_4    | add       | fabric                   | 0       |
|     grp_fu_625_p0                         |     |        | add_ln34_5    | add       | fabric                   | 0       |
|     add_ln34_6_fu_667_p2                  |     |        | add_ln34_6    | add       | fabric                   | 0       |
|     mul_13ns_15ns_27_1_1_U256             | 1   |        | mul_ln36      | mul       | auto                     | 0       |
|     urem_8ns_4ns_3_12_1_U254              |     |        | urem_ln36     | urem      | auto                     | 11      |
|     sparsemux_11_3_8_1_1_U260             |     |        | val_4         | sparsemux | compactencoding_dontcare | 0       |
|     icmp_ln37_fu_837_p2                   |     |        | icmp_ln37     | setgt     | auto                     | 0       |
|     max_val_1_fu_843_p3                   |     |        | max_val_1     | select    | auto_sel                 | 0       |
|     add_ln34_7_fu_707_p2                  |     |        | add_ln34_7    | add       | fabric                   | 0       |
|     mul_13ns_15ns_27_1_1_U257             | 1   |        | mul_ln36_1    | mul       | auto                     | 0       |
|     sparsemux_11_3_8_1_1_U261             |     |        | val           | sparsemux | compactencoding_dontcare | 0       |
|     icmp_ln37_1_fu_924_p2                 |     |        | icmp_ln37_1   | setgt     | auto                     | 0       |
|     max_val_2_fu_929_p3                   |     |        | max_val_2     | select    | auto_sel                 | 0       |
|     add_ln34_8_fu_732_p2                  |     |        | add_ln34_8    | add       | fabric                   | 0       |
|     mul_13ns_15ns_27_1_1_U258             | 1   |        | mul_ln36_2    | mul       | auto                     | 0       |
|     sparsemux_11_3_8_1_1_U262             |     |        | val_5         | sparsemux | compactencoding_dontcare | 0       |
|     icmp_ln37_2_fu_939_p2                 |     |        | icmp_ln37_2   | setgt     | auto                     | 0       |
|     max_val_4_fu_944_p3                   |     |        | max_val_4     | select    | auto_sel                 | 0       |
|     add_ln34_9_fu_757_p2                  |     |        | add_ln34_9    | add       | fabric                   | 0       |
|     mul_13ns_15ns_27_1_1_U259             | 1   |        | mul_ln36_3    | mul       | auto                     | 0       |
|     sparsemux_11_3_8_1_1_U263             |     |        | val_3         | sparsemux | compactencoding_dontcare | 0       |
|     icmp_ln37_3_fu_986_p2                 |     |        | icmp_ln37_3   | setgt     | auto                     | 0       |
|     max_val_5_fu_992_p3                   |     |        | max_val_5     | select    | auto_sel                 | 0       |
|     add_ln25_fu_510_p2                    |     |        | add_ln25      | add       | fabric                   | 0       |
|     add_ln24_1_fu_516_p2                  |     |        | add_ln24_1    | add       | fabric                   | 0       |
|     select_ln24_1_fu_522_p3               |     |        | select_ln24_1 | select    | auto_sel                 | 0       |
|  + conv2                                  | 9   |        |               |           |                          |         |
|    icmp_ln93_fu_577_p2                    |     |        | icmp_ln93     | seteq     | auto                     | 0       |
|    add_ln93_fu_583_p2                     |     |        | add_ln93      | add       | fabric                   | 0       |
|    sparsemux_33_4_8_1_1_U398              |     |        | sum           | sparsemux | compactencoding_dontcare | 0       |
|    icmp_ln94_fu_657_p2                    |     |        | icmp_ln94     | seteq     | auto                     | 0       |
|    add_ln107_fu_663_p2                    |     |        | add_ln107     | add       | fabric                   | 0       |
|    sub_ln127_fu_689_p2                    |     |        | sub_ln127     | sub       | fabric                   | 0       |
|    sub_ln107_fu_707_p2                    |     |        | sub_ln107     | sub       | fabric                   | 0       |
|    add_ln110_fu_717_p2                    |     |        | add_ln110     | add       | fabric                   | 0       |
|    icmp_ln110_fu_723_p2                   |     |        | icmp_ln110    | setlt     | auto                     | 0       |
|    icmp_ln110_1_fu_729_p2                 |     |        | icmp_ln110_1  | setlt     | auto                     | 0       |
|    icmp_ln95_fu_739_p2                    |     |        | icmp_ln95     | seteq     | auto                     | 0       |
|    add_ln108_1_fu_745_p2                  |     |        | add_ln108_1   | add       | fabric                   | 0       |
|    add_ln108_fu_803_p2                    |     |        | add_ln108     | add       | fabric                   | 0       |
|    icmp_ln110_2_fu_814_p2                 |     |        | icmp_ln110_2  | setlt     | auto                     | 0       |
|    and_ln110_fu_819_p2                    |     |        | and_ln110     | and       | auto                     | 0       |
|    icmp_ln110_3_fu_825_p2                 |     |        | icmp_ln110_3  | setlt     | auto                     | 0       |
|    and_ln110_1_fu_830_p2                  |     |        | and_ln110_1   | and       | auto                     | 0       |
|    and_ln110_2_fu_836_p2                  |     |        | and_ln110_2   | and       | auto                     | 0       |
|    and_ln110_3_fu_842_p2                  |     |        | and_ln110_3   | and       | auto                     | 0       |
|    add_ln124_fu_903_p2                    |     |        | add_ln124     | add       | fabric                   | 0       |
|    add_ln124_1_fu_909_p2                  |     |        | add_ln124_1   | add       | fabric                   | 0       |
|    icmp_ln128_fu_930_p2                   |     |        | icmp_ln128    | setgt     | auto                     | 0       |
|    select_ln128_fu_936_p3                 |     |        | select_ln128  | select    | auto_sel                 | 0       |
|   + conv2_Pipeline_LOAD_W                 | 0   |        |               |           |                          |         |
|     icmp_ln70_fu_259_p2                   |     |        | icmp_ln70     | seteq     | auto                     | 0       |
|     add_ln70_fu_265_p2                    |     |        | add_ln70      | add       | fabric                   | 0       |
|     add_ln70_1_fu_334_p2                  |     |        | add_ln70_1    | add       | fabric                   | 0       |
|     add_ln70_2_fu_301_p2                  |     |        | add_ln70_2    | add       | fabric                   | 0       |
|     icmp_ln70_1_fu_307_p2                 |     |        | icmp_ln70_1   | seteq     | auto                     | 0       |
|     select_ln70_fu_313_p3                 |     |        | select_ln70   | select    | auto_sel                 | 0       |
|   + conv2_Pipeline_LOAD_B                 | 0   |        |               |           |                          |         |
|     icmp_ln74_fu_135_p2                   |     |        | icmp_ln74     | seteq     | auto                     | 0       |
|     add_ln74_fu_141_p2                    |     |        | add_ln74      | add       | fabric                   | 0       |
|   + conv2_Pipeline_LOAD_2                 | 0   |        |               |           |                          |         |
|     icmp_ln85_fu_251_p2                   |     |        | icmp_ln85     | seteq     | auto                     | 0       |
|     add_ln85_fu_257_p2                    |     |        | add_ln85      | add       | fabric                   | 0       |
|   + conv2_Pipeline_CI_2                   | 9   |        |               |           |                          |         |
|     icmp_ln110_fu_1057_p2                 |     |        | icmp_ln110    | setlt     | auto                     | 0       |
|     icmp_ln110_1_fu_1063_p2               |     |        | icmp_ln110_1  | setlt     | auto                     | 0       |
|     icmp_ln110_2_fu_1069_p2               |     |        | icmp_ln110_2  | setlt     | auto                     | 0       |
|     icmp_ln110_3_fu_1075_p2               |     |        | icmp_ln110_3  | setlt     | auto                     | 0       |
|     icmp_ln103_fu_1094_p2                 |     |        | icmp_ln103    | seteq     | auto                     | 0       |
|     add_ln103_fu_1100_p2                  |     |        | add_ln103     | add       | fabric                   | 0       |
|     add_ln114_10_fu_1183_p2               |     |        | add_ln114_10  | add       | fabric                   | 0       |
|     add_ln114_fu_1114_p2                  |     |        | add_ln114     | add       | fabric                   | 0       |
|     add_ln111_4_fu_1200_p2                |     |        | add_ln111_4   | add       | fabric                   | 0       |
|     sparsemux_17_3_8_1_1_x_U325           |     |        | tmp           | sparsemux | compactencoding_dontcare | 0       |
|     mac_muladd_8s_8s_11s_16_4_1_U342      | 1   |        | mul_ln114     | mul       | dsp_slice                | 3       |
|     sparsemux_17_3_8_1_1_U334             |     |        | tmp_1         | sparsemux | compactencoding_dontcare | 0       |
|     mac_muladd_8s_8s_11s_16_4_1_U342      | 1   |        | add_ln114_1   | add       | dsp_slice                | 3       |
|     icmp_ln114_fu_1911_p2                 |     |        | icmp_ln114    | seteq     | auto                     | 0       |
|     add_ln111_5_fu_1227_p2                |     |        | add_ln111_5   | add       | fabric                   | 0       |
|     sparsemux_17_3_8_1_1_x_U326           |     |        | tmp_2         | sparsemux | compactencoding_dontcare | 0       |
|     mac_muladd_8s_8s_11s_16_4_1_U343      | 1   |        | mul_ln114_1   | mul       | dsp_slice                | 3       |
|     sparsemux_17_3_8_1_1_U335             |     |        | tmp_3         | sparsemux | compactencoding_dontcare | 0       |
|     mac_muladd_8s_8s_11s_16_4_1_U343      | 1   |        | add_ln114_2   | add       | dsp_slice                | 3       |
|     icmp_ln114_2_fu_2144_p2               |     |        | icmp_ln114_2  | seteq     | auto                     | 0       |
|     add_ln111_6_fu_1254_p2                |     |        | add_ln111_6   | add       | fabric                   | 0       |
|     sparsemux_17_3_8_1_1_x_U327           |     |        | tmp_4         | sparsemux | compactencoding_dontcare | 0       |
|     mac_muladd_8s_8s_11s_16_4_1_U344      | 1   |        | mul_ln114_2   | mul       | dsp_slice                | 3       |
|     sparsemux_17_3_8_1_1_U336             |     |        | tmp_5         | sparsemux | compactencoding_dontcare | 0       |
|     mac_muladd_8s_8s_11s_16_4_1_U344      | 1   |        | add_ln114_3   | add       | dsp_slice                | 3       |
|     icmp_ln114_3_fu_2377_p2               |     |        | icmp_ln114_3  | seteq     | auto                     | 0       |
|     add_ln111_7_fu_1281_p2                |     |        | add_ln111_7   | add       | fabric                   | 0       |
|     add_ln111_8_fu_1286_p2                |     |        | add_ln111_8   | add       | fabric                   | 0       |
|     sparsemux_17_3_8_1_1_x_U328           |     |        | tmp_6         | sparsemux | compactencoding_dontcare | 0       |
|     mac_muladd_8s_8s_11s_16_4_1_U345      | 1   |        | mul_ln114_3   | mul       | dsp_slice                | 3       |
|     sparsemux_17_3_8_1_1_U337             |     |        | tmp_7         | sparsemux | compactencoding_dontcare | 0       |
|     mac_muladd_8s_8s_11s_16_4_1_U345      | 1   |        | add_ln114_4   | add       | dsp_slice                | 3       |
|     icmp_ln114_4_fu_2610_p2               |     |        | icmp_ln114_4  | seteq     | auto                     | 0       |
|     add_ln111_9_fu_1313_p2                |     |        | add_ln111_9   | add       | fabric                   | 0       |
|     sparsemux_17_3_8_1_1_U329             |     |        | tmp_8         | sparsemux | compactencoding_dontcare | 0       |
|     mac_muladd_8s_8s_11s_16_4_1_U346      | 1   |        | mul_ln114_4   | mul       | dsp_slice                | 3       |
|     sparsemux_17_3_8_1_1_U338             |     |        | tmp_9         | sparsemux | compactencoding_dontcare | 0       |
|     mac_muladd_8s_8s_11s_16_4_1_U346      | 1   |        | add_ln114_5   | add       | dsp_slice                | 3       |
|     icmp_ln114_5_fu_2843_p2               |     |        | icmp_ln114_5  | seteq     | auto                     | 0       |
|     add_ln111_10_fu_1340_p2               |     |        | add_ln111_10  | add       | fabric                   | 0       |
|     sparsemux_17_3_8_1_1_x_U330           |     |        | tmp_s         | sparsemux | compactencoding_dontcare | 0       |
|     mac_muladd_8s_8s_11s_16_4_1_U347      | 1   |        | mul_ln114_5   | mul       | dsp_slice                | 3       |
|     mac_muladd_8s_8s_11s_16_4_1_U347      | 1   |        | add_ln114_6   | add       | dsp_slice                | 3       |
|     icmp_ln114_6_fu_2988_p2               |     |        | icmp_ln114_6  | seteq     | auto                     | 0       |
|     add_ln111_13_fu_1378_p2               |     |        | add_ln111_13  | add       | fabric                   | 0       |
|     sparsemux_17_3_8_1_1_x_U331           |     |        | tmp_10        | sparsemux | compactencoding_dontcare | 0       |
|     mac_muladd_8s_8s_11s_16_4_1_U348      | 1   |        | mul_ln114_6   | mul       | dsp_slice                | 3       |
|     sparsemux_17_3_8_1_1_U339             |     |        | tmp_11        | sparsemux | compactencoding_dontcare | 0       |
|     mac_muladd_8s_8s_11s_16_4_1_U348      | 1   |        | add_ln114_7   | add       | dsp_slice                | 3       |
|     icmp_ln114_7_fu_3221_p2               |     |        | icmp_ln114_7  | seteq     | auto                     | 0       |
|     add_ln111_14_fu_1405_p2               |     |        | add_ln111_14  | add       | fabric                   | 0       |
|     sparsemux_17_3_8_1_1_x_U332           |     |        | tmp_12        | sparsemux | compactencoding_dontcare | 0       |
|     mac_muladd_8s_8s_11s_16_4_1_U349      | 1   |        | mul_ln114_7   | mul       | dsp_slice                | 3       |
|     sparsemux_17_3_8_1_1_U340             |     |        | tmp_13        | sparsemux | compactencoding_dontcare | 0       |
|     mac_muladd_8s_8s_11s_16_4_1_U349      | 1   |        | add_ln114_8   | add       | dsp_slice                | 3       |
|     icmp_ln114_8_fu_3454_p2               |     |        | icmp_ln114_8  | seteq     | auto                     | 0       |
|     add_ln111_15_fu_1432_p2               |     |        | add_ln111_15  | add       | fabric                   | 0       |
|     sparsemux_17_3_8_1_1_x_U333           |     |        | tmp_14        | sparsemux | compactencoding_dontcare | 0       |
|     mac_muladd_8s_8s_11s_16_4_1_U350      | 1   |        | mul_ln114_8   | mul       | dsp_slice                | 3       |
|     sparsemux_17_3_8_1_1_U341             |     |        | tmp_15        | sparsemux | compactencoding_dontcare | 0       |
|     mac_muladd_8s_8s_11s_16_4_1_U350      | 1   |        | add_ln114_9   | add       | dsp_slice                | 3       |
|     icmp_ln114_9_fu_3698_p2               |     |        | icmp_ln114_9  | seteq     | auto                     | 0       |
|  + pool_1                                 | 4   |        |               |           |                          |         |
|   + pool_1_Pipeline_LOAD_POOL             | 0   |        |               |           |                          |         |
|     icmp_ln17_fu_215_p2                   |     |        | icmp_ln17     | seteq     | auto                     | 0       |
|     add_ln17_fu_221_p2                    |     |        | add_ln17      | add       | fabric                   | 0       |
|     add_ln17_3_fu_282_p2                  |     |        | add_ln17_3    | add       | fabric                   | 0       |
|     add_ln17_4_fu_249_p2                  |     |        | add_ln17_4    | add       | fabric                   | 0       |
|     icmp_ln17_2_fu_255_p2                 |     |        | icmp_ln17_2   | seteq     | auto                     | 0       |
|     select_ln17_fu_261_p3                 |     |        | select_ln17   | select    | auto_sel                 | 0       |
|   + pool_1_Pipeline_CO_LOOP_H_LOOP_W_LOOP | 4   |        |               |           |                          |         |
|     icmp_ln23_fu_391_p2                   |     |        | icmp_ln23     | seteq     | auto                     | 0       |
|     add_ln23_1_fu_397_p2                  |     |        | add_ln23_1    | add       | fabric                   | 0       |
|     icmp_ln24_fu_412_p2                   |     |        | icmp_ln24     | seteq     | auto                     | 0       |
|     select_ln23_fu_418_p3                 |     |        | select_ln23   | select    | auto_sel                 | 0       |
|     xor_ln23_fu_426_p2                    |     |        | xor_ln23      | xor       | auto                     | 0       |
|     icmp_ln25_fu_432_p2                   |     |        | icmp_ln25     | seteq     | auto                     | 0       |
|     and_ln23_fu_438_p2                    |     |        | and_ln23      | and       | auto                     | 0       |
|     add_ln23_fu_515_p2                    |     |        | add_ln23      | add       | fabric                   | 0       |
|     select_ln23_1_fu_521_p3               |     |        | select_ln23_1 | select    | auto_sel                 | 0       |
|     add_ln24_fu_444_p2                    |     |        | add_ln24      | add       | fabric                   | 0       |
|     empty_fu_450_p2                       |     |        | empty         | or        | auto                     | 0       |
|     w_mid2_fu_456_p3                      |     |        | w_mid2        | select    | auto_sel                 | 0       |
|     select_ln24_fu_464_p3                 |     |        | select_ln24   | select    | auto_sel                 | 0       |
|     mul_5ns_9ns_12_1_1_U415               |     |        | mul_ln24      | mul       | auto                     | 0       |
|     sub_ln34_fu_600_p2                    |     |        | sub_ln34      | sub       | fabric                   | 0       |
|     add_ln34_fu_610_p2                    |     |        | add_ln34      | add       | fabric                   | 0       |
|     add_ln34_1_fu_616_p2                  |     |        | add_ln34_1    | add       | fabric                   | 0       |
|     add_ln34_2_fu_626_p2                  |     |        | add_ln34_2    | add       | fabric                   | 0       |
|     grp_fu_562_p0                         |     |        | add_ln34_3    | add       | fabric                   | 0       |
|     add_ln34_4_fu_643_p2                  |     |        | add_ln34_4    | add       | fabric                   | 0       |
|     mul_12ns_14ns_25_1_1_U416             | 1   |        | mul_ln36      | mul       | auto                     | 0       |
|     urem_9ns_4ns_3_13_1_U414              |     |        | urem_ln36     | urem      | auto                     | 12      |
|     sparsemux_11_3_8_1_1_U420             |     |        | val_6         | sparsemux | compactencoding_dontcare | 0       |
|     icmp_ln37_fu_813_p2                   |     |        | icmp_ln37     | setgt     | auto                     | 0       |
|     max_val_6_fu_819_p3                   |     |        | max_val_6     | select    | auto_sel                 | 0       |
|     add_ln34_5_fu_683_p2                  |     |        | add_ln34_5    | add       | fabric                   | 0       |
|     mul_12ns_14ns_25_1_1_U417             | 1   |        | mul_ln36_1    | mul       | auto                     | 0       |
|     sparsemux_11_3_8_1_1_U421             |     |        | val           | sparsemux | compactencoding_dontcare | 0       |
|     icmp_ln37_1_fu_900_p2                 |     |        | icmp_ln37_1   | setgt     | auto                     | 0       |
|     max_val_7_fu_905_p3                   |     |        | max_val_7     | select    | auto_sel                 | 0       |
|     add_ln34_6_fu_708_p2                  |     |        | add_ln34_6    | add       | fabric                   | 0       |
|     mul_12ns_14ns_25_1_1_U418             | 1   |        | mul_ln36_2    | mul       | auto                     | 0       |
|     sparsemux_11_3_8_1_1_U422             |     |        | val_7         | sparsemux | compactencoding_dontcare | 0       |
|     icmp_ln37_2_fu_915_p2                 |     |        | icmp_ln37_2   | setgt     | auto                     | 0       |
|     max_val_9_fu_920_p3                   |     |        | max_val_9     | select    | auto_sel                 | 0       |
|     add_ln34_7_fu_733_p2                  |     |        | add_ln34_7    | add       | fabric                   | 0       |
|     mul_12ns_14ns_25_1_1_U419             | 1   |        | mul_ln36_3    | mul       | auto                     | 0       |
|     sparsemux_11_3_8_1_1_U423             |     |        | val_2         | sparsemux | compactencoding_dontcare | 0       |
|     icmp_ln37_3_fu_962_p2                 |     |        | icmp_ln37_3   | setgt     | auto                     | 0       |
|     max_val_10_fu_968_p3                  |     |        | max_val_10    | select    | auto_sel                 | 0       |
|     add_ln25_fu_472_p2                    |     |        | add_ln25      | add       | fabric                   | 0       |
|     add_ln24_1_fu_478_p2                  |     |        | add_ln24_1    | add       | fabric                   | 0       |
|     select_ln24_1_fu_484_p3               |     |        | select_ln24_1 | select    | auto_sel                 | 0       |
|  + top_Pipeline_LOAD_IN                   | 0   |        |               |           |                          |         |
|    icmp_ln11_fu_211_p2                    |     |        | icmp_ln11     | seteq     | auto                     | 0       |
|    add_ln11_fu_217_p2                     |     |        | add_ln11      | add       | fabric                   | 0       |
|  + top_Pipeline_LOAD_BIAS                 | 0   |        |               |           |                          |         |
|    icmp_ln19_fu_221_p2                    |     |        | icmp_ln19     | seteq     | auto                     | 0       |
|    add_ln19_fu_227_p2                     |     |        | add_ln19      | add       | fabric                   | 0       |
|  + top_Pipeline_DENSE_OUTER_DENSE_INNER   | 1   |        |               |           |                          |         |
|    icmp_ln25_fu_394_p2                    |     |        | icmp_ln25     | seteq     | auto                     | 0       |
|    add_ln25_fu_400_p2                     |     |        | add_ln25      | add       | fabric                   | 0       |
|    icmp_ln28_fu_428_p2                    |     |        | icmp_ln28     | seteq     | auto                     | 0       |
|    select_ln25_fu_434_p3                  |     |        | select_ln25   | select    | auto_sel                 | 0       |
|    add_ln25_1_fu_442_p2                   |     |        | add_ln25_1    | add       | fabric                   | 0       |
|    sum_fu_462_p22                         |     |        | select_ln25_1 | select    | auto_sel                 | 0       |
|    first_iter_0_fu_456_p2                 |     |        | first_iter_0  | seteq     | auto                     | 0       |
|    sparsemux_21_4_8_1_1_U464              |     |        | sum           | sparsemux | compactencoding_dontcare | 0       |
|    sparsemux_17_3_8_1_1_U465              |     |        | tmp           | sparsemux | compactencoding_dontcare | 0       |
|    mac_muladd_8s_8s_11s_11_4_1_U466       | 1   |        | mul_ln35      | mul       | dsp_slice                | 3       |
|    mac_muladd_8s_8s_11s_11_4_1_U466       | 1   |        | add_ln35      | add       | dsp_slice                | 3       |
|    add_ln28_fu_526_p2                     |     |        | add_ln28      | add       | fabric                   | 0       |
|    icmp_ln28_1_fu_532_p2                  |     |        | icmp_ln28_1   | seteq     | auto                     | 0       |
+-------------------------------------------+-----+--------+---------------+-----------+--------------------------+---------+


================================================================
== Storage Report
================================================================
+-------------------------------------------------------------------------+--------------+-----------+------+------+--------+--------------------------------------------------------------------+------+---------+------------------+
| Name                                                                    | Usage        | Type      | BRAM | URAM | Pragma | Variable                                                           | Impl | Latency | Bitwidth, Depth, |
|                                                                         |              |           |      |      |        |                                                                    |      |         | Banks            |
+-------------------------------------------------------------------------+--------------+-----------+------+------+--------+--------------------------------------------------------------------+------+---------+------------------+
| + top                                                                   |              |           | 42   | 0    |        |                                                                    |      |         |                  |
|   control_s_axi_U                                                       | interface    | s_axilite |      |      |        |                                                                    |      |         |                  |
|   gmem0_m_axi_U                                                         | interface    | m_axi     | 2    |      |        |                                                                    |      |         |                  |
|   gmem1_m_axi_U                                                         | interface    | m_axi     | 2    |      |        |                                                                    |      |         |                  |
|   pool_ap_fixed_ap_fixed_8_5_5_3_0_int_int_int_int_int_local_input_4_U  | ram_2p       |           | 1    |      | pragma | pool_ap_fixed_ap_fixed_8_5_5_3_0_int_int_int_int_int_local_input_4 | bram | 1       | 8, 1255, 1       |
|   pool_ap_fixed_ap_fixed_8_5_5_3_0_int_int_int_int_int_local_input_3_U  | ram_2p       |           | 1    |      | pragma | pool_ap_fixed_ap_fixed_8_5_5_3_0_int_int_int_int_int_local_input_3 | bram | 1       | 8, 1255, 1       |
|   pool_ap_fixed_ap_fixed_8_5_5_3_0_int_int_int_int_int_local_input_2_U  | ram_2p       |           | 1    |      | pragma | pool_ap_fixed_ap_fixed_8_5_5_3_0_int_int_int_int_int_local_input_2 | bram | 1       | 8, 1255, 1       |
|   pool_ap_fixed_ap_fixed_8_5_5_3_0_int_int_int_int_int_local_input_1_U  | ram_2p       |           | 1    |      | pragma | pool_ap_fixed_ap_fixed_8_5_5_3_0_int_int_int_int_int_local_input_1 | bram | 1       | 8, 1255, 1       |
|   pool_ap_fixed_ap_fixed_8_5_5_3_0_int_int_int_int_int_local_input_U    | ram_2p       |           | 1    |      | pragma | pool_ap_fixed_ap_fixed_8_5_5_3_0_int_int_int_int_int_local_input   | bram | 1       | 8, 1255, 1       |
|   dense_ap_fixed_ap_fixed_ap_fixed_ap_fixed_8_5_5_3_0_temp_7_U          | ram_1p       |           |      |      |        | dense_ap_fixed_ap_fixed_ap_fixed_ap_fixed_8_5_5_3_0_temp_7         | auto | 1       | 8, 98, 1         |
|   dense_ap_fixed_ap_fixed_ap_fixed_ap_fixed_8_5_5_3_0_temp_3_U          | ram_1p       |           |      |      |        | dense_ap_fixed_ap_fixed_ap_fixed_ap_fixed_8_5_5_3_0_temp_3         | auto | 1       | 8, 98, 1         |
|   dense_ap_fixed_ap_fixed_ap_fixed_ap_fixed_8_5_5_3_0_temp_2_U          | ram_1p       |           |      |      |        | dense_ap_fixed_ap_fixed_ap_fixed_ap_fixed_8_5_5_3_0_temp_2         | auto | 1       | 8, 98, 1         |
|   dense_ap_fixed_ap_fixed_ap_fixed_ap_fixed_8_5_5_3_0_temp_1_U          | ram_1p       |           |      |      |        | dense_ap_fixed_ap_fixed_ap_fixed_ap_fixed_8_5_5_3_0_temp_1         | auto | 1       | 8, 98, 1         |
|   dense_ap_fixed_ap_fixed_ap_fixed_ap_fixed_8_5_5_3_0_temp_U            | ram_1p       |           |      |      |        | dense_ap_fixed_ap_fixed_ap_fixed_ap_fixed_8_5_5_3_0_temp           | auto | 1       | 8, 98, 1         |
|   dense_ap_fixed_ap_fixed_ap_fixed_ap_fixed_8_5_5_3_0_temp_6_U          | ram_1p       |           |      |      |        | dense_ap_fixed_ap_fixed_ap_fixed_ap_fixed_8_5_5_3_0_temp_6         | auto | 1       | 8, 98, 1         |
|   dense_ap_fixed_ap_fixed_ap_fixed_ap_fixed_8_5_5_3_0_temp_5_U          | ram_1p       |           |      |      |        | dense_ap_fixed_ap_fixed_ap_fixed_ap_fixed_8_5_5_3_0_temp_5         | auto | 1       | 8, 98, 1         |
|   dense_ap_fixed_ap_fixed_ap_fixed_ap_fixed_8_5_5_3_0_temp_4_U          | ram_1p       |           |      |      |        | dense_ap_fixed_ap_fixed_ap_fixed_ap_fixed_8_5_5_3_0_temp_4         | auto | 1       | 8, 98, 1         |
|  + conv1                                                                |              |           | 16   | 0    |        |                                                                    |      |         |                  |
|    temp_U                                                               | ram_2p array |           | 1    |      | yes    | temp                                                               | bram | 1       | 8, 49, 1         |
|    temp_1_U                                                             | ram_2p array |           | 1    |      | yes    | temp_1                                                             | bram | 1       | 8, 49, 1         |
|    temp_2_U                                                             | ram_2p array |           | 1    |      | yes    | temp_2                                                             | bram | 1       | 8, 49, 1         |
|    temp_3_U                                                             | ram_2p array |           | 1    |      | yes    | temp_3                                                             | bram | 1       | 8, 49, 1         |
|    temp_4_U                                                             | ram_2p array |           | 1    |      | yes    | temp_4                                                             | bram | 1       | 8, 49, 1         |
|    temp_5_U                                                             | ram_2p array |           | 1    |      | yes    | temp_5                                                             | bram | 1       | 8, 49, 1         |
|    temp_6_U                                                             | ram_2p array |           | 1    |      | yes    | temp_6                                                             | bram | 1       | 8, 49, 1         |
|    temp_7_U                                                             | ram_2p array |           | 1    |      | yes    | temp_7                                                             | bram | 1       | 8, 49, 1         |
|    temp_8_U                                                             | ram_2p array |           | 1    |      | yes    | temp_8                                                             | bram | 1       | 8, 49, 1         |
|    temp_9_U                                                             | ram_2p array |           | 1    |      | yes    | temp_9                                                             | bram | 1       | 8, 49, 1         |
|    temp_10_U                                                            | ram_2p array |           | 1    |      | yes    | temp_10                                                            | bram | 1       | 8, 49, 1         |
|    temp_11_U                                                            | ram_2p array |           | 1    |      | yes    | temp_11                                                            | bram | 1       | 8, 49, 1         |
|    temp_12_U                                                            | ram_2p array |           | 1    |      | yes    | temp_12                                                            | bram | 1       | 8, 49, 1         |
|    temp_13_U                                                            | ram_2p array |           | 1    |      | yes    | temp_13                                                            | bram | 1       | 8, 49, 1         |
|    temp_14_U                                                            | ram_2p array |           | 1    |      | yes    | temp_14                                                            | bram | 1       | 8, 49, 1         |
|    temp_15_U                                                            | ram_2p array |           | 1    |      | yes    | temp_15                                                            | bram | 1       | 8, 49, 1         |
|  + conv2                                                                |              |           | 17   | 0    |        |                                                                    |      |         |                  |
|    temp_U                                                               | ram_2p array |           | 1    |      | yes    | temp                                                               | bram | 1       | 8, 196, 1        |
|    temp_1_U                                                             | ram_2p array |           | 1    |      | yes    | temp_1                                                             | bram | 1       | 8, 196, 1        |
|    temp_2_U                                                             | ram_2p array |           | 1    |      | yes    | temp_2                                                             | bram | 1       | 8, 196, 1        |
|    temp_3_U                                                             | ram_2p array |           | 1    |      | yes    | temp_3                                                             | bram | 1       | 8, 196, 1        |
|    temp_4_U                                                             | ram_2p array |           | 1    |      | yes    | temp_4                                                             | bram | 1       | 8, 196, 1        |
|    temp_5_U                                                             | ram_2p array |           | 1    |      | yes    | temp_5                                                             | bram | 1       | 8, 196, 1        |
|    temp_6_U                                                             | ram_2p array |           | 1    |      | yes    | temp_6                                                             | bram | 1       | 8, 196, 1        |
|    temp_7_U                                                             | ram_2p array |           | 1    |      | yes    | temp_7                                                             | bram | 1       | 8, 196, 1        |
|    conv2_ap_fixed_ap_fixed_ap_fixed_ap_fixed_8_5_5_3_0_local_weight_8_U | ram_1p       |           | 1    |      |        | conv2_ap_fixed_ap_fixed_ap_fixed_ap_fixed_8_5_5_3_0_local_weight_8 | auto | 1       | 8, 128, 1        |
|    conv2_ap_fixed_ap_fixed_ap_fixed_ap_fixed_8_5_5_3_0_local_weight_7_U | ram_1p       |           | 1    |      |        | conv2_ap_fixed_ap_fixed_ap_fixed_ap_fixed_8_5_5_3_0_local_weight_7 | auto | 1       | 8, 128, 1        |
|    conv2_ap_fixed_ap_fixed_ap_fixed_ap_fixed_8_5_5_3_0_local_weight_6_U | ram_1p       |           | 1    |      |        | conv2_ap_fixed_ap_fixed_ap_fixed_ap_fixed_8_5_5_3_0_local_weight_6 | auto | 1       | 8, 128, 1        |
|    conv2_ap_fixed_ap_fixed_ap_fixed_ap_fixed_8_5_5_3_0_local_weight_5_U | ram_1p       |           | 1    |      |        | conv2_ap_fixed_ap_fixed_ap_fixed_ap_fixed_8_5_5_3_0_local_weight_5 | auto | 1       | 8, 128, 1        |
|    conv2_ap_fixed_ap_fixed_ap_fixed_ap_fixed_8_5_5_3_0_local_weight_4_U | ram_1p       |           | 1    |      |        | conv2_ap_fixed_ap_fixed_ap_fixed_ap_fixed_8_5_5_3_0_local_weight_4 | auto | 1       | 8, 128, 1        |
|    conv2_ap_fixed_ap_fixed_ap_fixed_ap_fixed_8_5_5_3_0_local_weight_3_U | ram_1p       |           | 1    |      |        | conv2_ap_fixed_ap_fixed_ap_fixed_ap_fixed_8_5_5_3_0_local_weight_3 | auto | 1       | 8, 128, 1        |
|    conv2_ap_fixed_ap_fixed_ap_fixed_ap_fixed_8_5_5_3_0_local_weight_2_U | ram_1p       |           | 1    |      |        | conv2_ap_fixed_ap_fixed_ap_fixed_ap_fixed_8_5_5_3_0_local_weight_2 | auto | 1       | 8, 128, 1        |
|    conv2_ap_fixed_ap_fixed_ap_fixed_ap_fixed_8_5_5_3_0_local_weight_1_U | ram_1p       |           | 1    |      |        | conv2_ap_fixed_ap_fixed_ap_fixed_ap_fixed_8_5_5_3_0_local_weight_1 | auto | 1       | 8, 128, 1        |
|    conv2_ap_fixed_ap_fixed_ap_fixed_ap_fixed_8_5_5_3_0_local_weight_U   | ram_1p       |           | 1    |      |        | conv2_ap_fixed_ap_fixed_ap_fixed_ap_fixed_8_5_5_3_0_local_weight   | auto | 1       | 8, 128, 1        |
+-------------------------------------------------------------------------+--------------+-----------+------+------+--------+--------------------------------------------------------------------+------+---------+------------------+


================================================================
== Pragma Report
================================================================
* Inferred Pragmas
+-----------------+--------------------------------------------------------------------------------------------------------------------------------------------------------------------------------+---------------------------------------------------------------------------------------------------------------------------------------------------------------------------------+------------------------------+
| Type            | Options                                                                                                                                                                        | Location                                                                                                                                                                        | Inferred From                |
+-----------------+--------------------------------------------------------------------------------------------------------------------------------------------------------------------------------+---------------------------------------------------------------------------------------------------------------------------------------------------------------------------------+------------------------------+
| LOOP_FLATTEN    |                                                                                                                                                                                | loop H_1 (../src/conv.cpp:37:14) in conv1 (../src/conv.cpp:37)                                                                                                                  | pipeline ../src/conv.cpp:39  |
| LOOP_FLATTEN    |                                                                                                                                                                                | loop CO_1 (../src/conv.cpp:36:11) in conv1 (../src/conv.cpp:36)                                                                                                                 | pipeline ../src/conv.cpp:39  |
| LOOP_FLATTEN    | off                                                                                                                                                                            | loop VITIS_LOOP_95_2 (../src/conv.cpp:95:30) in conv2 (../src/conv.cpp:95)                                                                                                      | pipeline ../src/conv.cpp:104 |
| LOOP_FLATTEN    |                                                                                                                                                                                | loop DENSE_OUTER (../src/dense.cpp:25:18) in top (../src/dense.cpp:25)                                                                                                          | pipeline ../src/dense.cpp:29 |
| ARRAY_PARTITION | dim=1 type=cyclic factor=5 variable=pool(ap_fixed<8, 5, (ap_q_mode)5, (ap_o_mode)3, 0>*, ap_fixed<8, 5, (ap_q_mode)5, (ap_o_mode)3, 0>*, int, int, int, int, int)::local_input | variable pool(ap_fixed<8, 5, (ap_q_mode)5, (ap_o_mode)3, 0>*, ap_fixed<8, 5, (ap_q_mode)5, (ap_o_mode)3, 0>*, int, int, int, int, int)::local_input in top (../src/pool.cpp:13) | pipeline ../src/pool.cpp:26  |
| LOOP_FLATTEN    |                                                                                                                                                                                | loop H_LOOP (../src/pool.cpp:24:17) in pool.1 (../src/pool.cpp:24)                                                                                                              | pipeline ../src/pool.cpp:26  |
| LOOP_FLATTEN    |                                                                                                                                                                                | loop CO_LOOP (../src/pool.cpp:23:14) in pool.1 (../src/pool.cpp:23)                                                                                                             | pipeline ../src/pool.cpp:26  |
+-----------------+--------------------------------------------------------------------------------------------------------------------------------------------------------------------------------+---------------------------------------------------------------------------------------------------------------------------------------------------------------------------------+------------------------------+

* Valid Pragma Syntax
+-----------------+------------------------------------------------+--------------------------------+
| Type            | Options                                        | Location                       |
+-----------------+------------------------------------------------+--------------------------------+
| ARRAY_PARTITION | variable=temp cyclic factor=16 dim=1           | in conv1 (../src/conv.cpp:9)   |
| BIND_STORAGE    | variable=temp type=RAM_2P impl=BRAM            | in conv1 (../src/conv.cpp:10)  |
| ARRAY_PARTITION | variable=local_weight complete                 | in conv1 (../src/conv.cpp:17)  |
| ARRAY_PARTITION | variable=local_bias complete                   | in conv1 (../src/conv.cpp:18)  |
| PIPELINE        | ii=1                                           | in conv1 (../src/conv.cpp:22)  |
| PIPELINE        | ii=1                                           | in conv1 (../src/conv.cpp:26)  |
| PIPELINE        | ii=1                                           | in conv1 (../src/conv.cpp:32)  |
| PIPELINE        | ii=1                                           | in conv1 (../src/conv.cpp:39)  |
| ARRAY_PARTITION | variable=local_weight cyclic factor=9 dim=1    | in conv2 (../src/conv.cpp:67)  |
| ARRAY_PARTITION | variable=local_bias complete                   | in conv2 (../src/conv.cpp:68)  |
| PIPELINE        | ii=1                                           | in conv2 (../src/conv.cpp:71)  |
| PIPELINE        | ii=1                                           | in conv2 (../src/conv.cpp:75)  |
| ARRAY_PARTITION | variable=temp cyclic factor=8 dim=1            | in conv2 (../src/conv.cpp:82)  |
| BIND_STORAGE    | variable=temp type=RAM_2P impl=BRAM            | in conv2 (../src/conv.cpp:83)  |
| PIPELINE        | ii=1                                           | in conv2 (../src/conv.cpp:86)  |
| ARRAY_PARTITION | variable=partial_sums complete                 | in conv2 (../src/conv.cpp:91)  |
| UNROLL          |                                                | in conv2 (../src/conv.cpp:99)  |
| PIPELINE        | ii=1                                           | in conv2 (../src/conv.cpp:104) |
| UNROLL          |                                                | in conv2 (../src/conv.cpp:123) |
| ARRAY_PARTITION | variable=temp cyclic factor=8                  | in dense (../src/dense.cpp:8)  |
| PIPELINE        | ii=1                                           | in dense (../src/dense.cpp:12) |
| ARRAY_PARTITION | variable=local_bias complete                   | in dense (../src/dense.cpp:18) |
| PIPELINE        | ii=1                                           | in dense (../src/dense.cpp:20) |
| PIPELINE        | ii=1                                           | in dense (../src/dense.cpp:29) |
| INTERFACE       | m_axi port=input depth=848 bundle=gmem0        | in top (../src/eight.cpp:21)   |
| INTERFACE       | m_axi port=outputConv depth=6336 bundle=gmem0  | in top (../src/eight.cpp:22)   |
| INTERFACE       | m_axi port=outputPool depth=1632 bundle=gmem0  | in top (../src/eight.cpp:23)   |
| INTERFACE       | m_axi port=outputConv2 depth=3200 bundle=gmem0 | in top (../src/eight.cpp:24)   |
| INTERFACE       | m_axi port=outputPool2 depth=848 bundle=gmem0  | in top (../src/eight.cpp:25)   |
| INTERFACE       | m_axi port=outputDense depth=64 bundle=gmem0   | in top (../src/eight.cpp:26)   |
| INTERFACE       | m_axi port=weight depth=136 bundle=gmem1       | in top (../src/eight.cpp:29)   |
| INTERFACE       | m_axi port=bias depth=64 bundle=gmem1          | in top (../src/eight.cpp:30)   |
| INTERFACE       | m_axi port=weight2 depth=1216 bundle=gmem1     | in top (../src/eight.cpp:31)   |
| INTERFACE       | m_axi port=bias2 depth=64 bundle=gmem1         | in top (../src/eight.cpp:32)   |
| INTERFACE       | m_axi port=fcWeight depth=7904 bundle=gmem1    | in top (../src/eight.cpp:33)   |
| INTERFACE       | m_axi port=fcBias depth=64 bundle=gmem1        | in top (../src/eight.cpp:34)   |
| STABLE          | variable=weight                                | in top (../src/eight.cpp:36)   |
| STABLE          | variable=bias                                  | in top (../src/eight.cpp:37)   |
| STABLE          | variable=weight2                               | in top (../src/eight.cpp:38)   |
| STABLE          | variable=bias2                                 | in top (../src/eight.cpp:39)   |
| STABLE          | variable=fcWeight                              | in top (../src/eight.cpp:40)   |
| STABLE          | variable=fcBias                                | in top (../src/eight.cpp:41)   |
| INTERFACE       | s_axilite port=return bundle=control           | in top (../src/eight.cpp:43)   |
| BIND_STORAGE    | variable=local_input type=RAM_2P impl=BRAM     | in pool (../src/pool.cpp:14)   |
| PIPELINE        | ii=1                                           | in pool (../src/pool.cpp:18)   |
| PIPELINE        | ii=1                                           | in pool (../src/pool.cpp:26)   |
+-----------------+------------------------------------------------+--------------------------------+


