================================================================
== Design Size Report
================================================================

* Total Instructions per Compilation Phase
+---------------+----------------------------+--------------+----------------------------------------------------------------------------------------+
| Phase         | Step                       | Instructions | Description                                                                            |
+---------------+----------------------------+--------------+----------------------------------------------------------------------------------------+
| Compile/Link  |                            | 2,520        | After all functions are compiled and linked into a single design                       |
|               |                            |              |                                                                                        |
| Unroll/Inline |                            |              | After user unroll and inline pragmas are applied                                       |
|               | (1) unroll                 | 1,874        | user unroll pragmas are applied                                                        |
|               | (2) simplification         | 1,048        | simplification of applied user unroll pragmas                                          |
|               | (3) inline                 |   915        | user inline pragmas are applied                                                        |
|               | (4) simplification         |   915        | simplification of applied user inline pragmas                                          |
|               |                            |              |                                                                                        |
| Array/Struct  |                            |              | After user array partition and struct aggregate/disaggregate pragmas are applied       |
|               | (1) array partition        | 2,670        | user array partition pragmas are applied                                               |
|               | (2) simplification         | 2,315        | simplification of applied user array partition & struct aggregate/disaggregate pragmas |
|               | (3) aggregate/disaggregate | 2,315        | user struct aggregate/disaggregate pragmas are applied                                 |
|               | (4) array reshape          | 2,307        | apply array reshape pragmas                                                            |
|               | (5) access patterns        | 2,351        | array access pattern optmizations                                                      |
|               |                            |              |                                                                                        |
| Performance   |                            |              | After transformations are applied to meet performance pragma targets                   |
|               | (1) loop simplification    | 2,347        | loop and instruction simplification                                                    |
|               | (2) parallelization        | 2,333        | loops are unrolled or pipelined to meet performance targets                            |
|               | (3) array partition        | 2,548        | arrays are partitioned to meet performance targets                                     |
|               | (4) simplification         | 2,489        | simplification of design after performance transformations                             |
|               |                            |              |                                                                                        |
| HW Transforms |                            |              | After hardware transfomations                                                          |
|               | (1) lowering               | 2,481        | initial conversion to HW specific instructions                                         |
|               | (2) optimizations          | 2,516        | high level synthesis optimizations                                                     |
+---------------+----------------------------+--------------+----------------------------------------------------------------------------------------+

* Instructions per Function for each Compilation Phase
+----------+-------------+----------------+---------------+----------------+----------------+----------------+
| Function | Location    | Compile/Link   | Unroll/Inline | Array/Struct   | Performance    | HW Transforms  |
+----------+-------------+----------------+---------------+----------------+----------------+----------------+
| + top    | eight.cpp:5 | 2,520          | 915           | 2,351          | 2,489          | 2,516          |
|    conv1 | conv.cpp:3  |  669           | 276           |  924           |  924           |  941           |
|    pool  | pool.cpp:3  |  340 (2 calls) | 182 (2 calls) |  132 (2 calls) |  278 (2 calls) |  286 (2 calls) |
|    conv2 | conv.cpp:61 |  972           | 362           | 1,075          | 1,075          | 1,071          |
|    dense | dense.cpp:3 |  514           |               |                |                |                |
+----------+-------------+----------------+---------------+----------------+----------------+----------------+

* Design Size Message Settings
+---------------------------------------------+--------+------------------------------------------------------------------+
| Message Setting                             | Value  | Description                                                      |
+---------------------------------------------+--------+------------------------------------------------------------------+
| config_compile -design_size_maximum_warning | 100000 | Show a warning when total design instructions exceeds this value |
+---------------------------------------------+--------+------------------------------------------------------------------+


