

================================================================
== Vitis HLS Report for 'pool_1_Pipeline_CO_LOOP_H_LOOP_W_LOOP'
================================================================
* Date:           Sat Mar  7 18:28:22 2026

* Version:        2025.2 (Build 6295257 on Nov 14 2025)
* Project:        top
* Solution:       hls (Vivado IP Flow Target)
* Product family: zynq
* Target device:  xc7z020-clg484-1


================================================================
== Performance Estimates
================================================================
+ Timing: 
    * Summary: 
    +--------+----------+----------+------------+
    |  Clock |  Target  | Estimated| Uncertainty|
    +--------+----------+----------+------------+
    |ap_clk  |  10.00 ns|  8.750 ns|     1.25 ns|
    +--------+----------+----------+------------+

+ Latency: 
    * Summary: 
    +---------+---------+----------+----------+-----+-----+-------------------+
    |  Latency (cycles) |  Latency (absolute) |  Interval |      Pipeline     |
    |   min   |   max   |    min   |    max   | min | max |        Type       |
    +---------+---------+----------+----------+-----+-----+-------------------+
    |      802|      802|  8.020 us|  8.020 us|    0|    0|  loop pipeline stp|
    +---------+---------+----------+----------+-----+-----+-------------------+

    + Detail: 
        * Instance: 
        N/A

        * Loop: 
        +-------------------------+---------+---------+----------+-----------+-----------+------+----------+
        |                         |  Latency (cycles) | Iteration|  Initiation Interval  | Trip |          |
        |        Loop Name        |   min   |   max   |  Latency |  achieved |   target  | Count| Pipelined|
        +-------------------------+---------+---------+----------+-----------+-----------+------+----------+
        |- CO_LOOP_H_LOOP_W_LOOP  |      800|      800|        18|          1|          1|   784|       yes|
        +-------------------------+---------+---------+----------+-----------+-----------+------+----------+



================================================================
== Utilization Estimates
================================================================
* Summary: 
+-----------------+---------+-----+--------+-------+-----+
|       Name      | BRAM_18K| DSP |   FF   |  LUT  | URAM|
+-----------------+---------+-----+--------+-------+-----+
|DSP              |        -|    -|       -|      -|    -|
|Expression       |        -|    -|       0|    334|    -|
|FIFO             |        -|    -|       -|      -|    -|
|Instance         |        -|    4|     238|    335|    -|
|Memory           |        -|    -|       -|      -|    -|
|Multiplexer      |        -|    -|       0|    208|    -|
|Register         |        -|    -|     451|    128|    -|
+-----------------+---------+-----+--------+-------+-----+
|Total            |        0|    4|     689|   1005|    0|
+-----------------+---------+-----+--------+-------+-----+
|Available        |      280|  220|  106400|  53200|    0|
+-----------------+---------+-----+--------+-------+-----+
|Utilization (%)  |        0|    1|      ~0|      1|    0|
+-----------------+---------+-----+--------+-------+-----+

+ Detail: 
    * Instance: 
    +---------------------------+----------------------+---------+----+-----+-----+-----+
    |          Instance         |        Module        | BRAM_18K| DSP|  FF | LUT | URAM|
    +---------------------------+----------------------+---------+----+-----+-----+-----+
    |mul_12ns_14ns_25_1_1_U416  |mul_12ns_14ns_25_1_1  |        0|   1|    0|    6|    0|
    |mul_12ns_14ns_25_1_1_U417  |mul_12ns_14ns_25_1_1  |        0|   1|    0|    6|    0|
    |mul_12ns_14ns_25_1_1_U418  |mul_12ns_14ns_25_1_1  |        0|   1|    0|    6|    0|
    |mul_12ns_14ns_25_1_1_U419  |mul_12ns_14ns_25_1_1  |        0|   1|    0|    6|    0|
    |mul_5ns_9ns_12_1_1_U415    |mul_5ns_9ns_12_1_1    |        0|   0|    0|   51|    0|
    |sparsemux_11_3_8_1_1_U420  |sparsemux_11_3_8_1_1  |        0|   0|    0|   25|    0|
    |sparsemux_11_3_8_1_1_U421  |sparsemux_11_3_8_1_1  |        0|   0|    0|   25|    0|
    |sparsemux_11_3_8_1_1_U422  |sparsemux_11_3_8_1_1  |        0|   0|    0|   25|    0|
    |sparsemux_11_3_8_1_1_U423  |sparsemux_11_3_8_1_1  |        0|   0|    0|   25|    0|
    |urem_9ns_4ns_3_13_1_U414   |urem_9ns_4ns_3_13_1   |        0|   0|  238|  160|    0|
    +---------------------------+----------------------+---------+----+-----+-----+-----+
    |Total                      |                      |        0|   4|  238|  335|    0|
    +---------------------------+----------------------+---------+----+-----+-----+-----+

    * DSP: 
    N/A

    * Memory: 
    N/A

    * FIFO: 
    N/A

    * Expression: 
    +---------------------------+----------+----+---+----+------------+------------+
    |       Variable Name       | Operation| DSP| FF| LUT| Bitwidth P0| Bitwidth P1|
    +---------------------------+----------+----+---+----+------------+------------+
    |add_ln23_1_fu_397_p2       |         +|   0|  0|  13|          10|           1|
    |add_ln23_fu_515_p2         |         +|   0|  0|  13|           5|           1|
    |add_ln24_1_fu_478_p2       |         +|   0|  0|  14|           6|           1|
    |add_ln24_fu_444_p2         |         +|   0|  0|  11|           3|           1|
    |add_ln25_fu_472_p2         |         +|   0|  0|  11|           3|           1|
    |add_ln34_1_fu_616_p2       |         +|   0|  0|  15|           8|           4|
    |add_ln34_2_fu_626_p2       |         +|   0|  0|  12|          12|          12|
    |add_ln34_4_fu_643_p2       |         +|   0|  0|  12|          12|          12|
    |add_ln34_5_fu_683_p2       |         +|   0|  0|  12|          12|          12|
    |add_ln34_6_fu_708_p2       |         +|   0|  0|  12|          12|          12|
    |add_ln34_7_fu_733_p2       |         +|   0|  0|  12|          12|          12|
    |add_ln34_fu_610_p2         |         +|   0|  0|  12|          12|          12|
    |grp_fu_562_p0              |         +|   0|  0|  14|           9|           9|
    |sub_ln34_fu_600_p2         |         -|   0|  0|  15|           8|           8|
    |and_ln23_fu_438_p2         |       and|   0|  0|   2|           1|           1|
    |ap_block_pp0_stage0_11001  |       and|   0|  0|   2|           1|           1|
    |icmp_ln23_fu_391_p2        |      icmp|   0|  0|  13|          10|           9|
    |icmp_ln24_fu_412_p2        |      icmp|   0|  0|  14|           6|           5|
    |icmp_ln25_fu_432_p2        |      icmp|   0|  0|  11|           3|           2|
    |icmp_ln37_1_fu_900_p2      |      icmp|   0|  0|  15|           8|           8|
    |icmp_ln37_2_fu_915_p2      |      icmp|   0|  0|  15|           8|           8|
    |icmp_ln37_3_fu_962_p2      |      icmp|   0|  0|  15|           8|           8|
    |icmp_ln37_fu_813_p2        |      icmp|   0|  0|  15|           8|           1|
    |empty_fu_450_p2            |        or|   0|  0|   2|           1|           1|
    |max_val_10_fu_968_p3       |    select|   0|  0|   7|           1|           7|
    |max_val_6_fu_819_p3        |    select|   0|  0|   7|           1|           7|
    |max_val_7_fu_905_p3        |    select|   0|  0|   7|           1|           7|
    |max_val_9_fu_920_p3        |    select|   0|  0|   7|           1|           7|
    |select_ln23_1_fu_521_p3    |    select|   0|  0|   5|           1|           5|
    |select_ln23_fu_418_p3      |    select|   0|  0|   3|           1|           1|
    |select_ln24_1_fu_484_p3    |    select|   0|  0|   6|           1|           1|
    |select_ln24_fu_464_p3      |    select|   0|  0|   3|           1|           3|
    |w_mid2_fu_456_p3           |    select|   0|  0|   3|           1|           1|
    |ap_enable_pp0              |       xor|   0|  0|   2|           1|           2|
    |xor_ln23_fu_426_p2         |       xor|   0|  0|   2|           1|           2|
    +---------------------------+----------+----+---+----+------------+------------+
    |Total                      |          |   0|  0| 334|         189|         185|
    +---------------------------+----------+----+---+----+------------+------------+

    * Multiplexer: 
    +-----------------------------------------------------------------------------------+----+-----------+-----+-----------+
    |                                        Name                                       | LUT| Input Size| Bits| Total Bits|
    +-----------------------------------------------------------------------------------+----+-----------+-----+-----------+
    |ap_done_int                                                                        |   9|          2|    1|          2|
    |ap_enable_reg_pp0_iter1                                                            |   9|          2|    1|          2|
    |ap_sig_allocacmp_h_load                                                            |   9|          2|    3|          6|
    |ap_sig_allocacmp_indvar_flatten12_load                                             |   9|          2|   10|         20|
    |ap_sig_allocacmp_indvar_flatten_load                                               |   9|          2|    6|         12|
    |ap_sig_allocacmp_w_load                                                            |   9|          2|    3|          6|
    |co_fu_136                                                                          |   9|          2|    5|         10|
    |gmem0_blk_n_W                                                                      |   9|          2|    1|          2|
    |h_fu_128                                                                           |   9|          2|    3|          6|
    |indvar_flatten12_fu_140                                                            |   9|          2|   10|         20|
    |indvar_flatten_fu_132                                                              |   9|          2|    6|         12|
    |pool_ap_fixed_ap_fixed_8_5_5_3_0_int_int_int_int_int_local_input_1_address1_local  |  20|          4|   11|         44|
    |pool_ap_fixed_ap_fixed_8_5_5_3_0_int_int_int_int_int_local_input_2_address1_local  |  20|          4|   11|         44|
    |pool_ap_fixed_ap_fixed_8_5_5_3_0_int_int_int_int_int_local_input_3_address1_local  |  20|          4|   11|         44|
    |pool_ap_fixed_ap_fixed_8_5_5_3_0_int_int_int_int_int_local_input_4_address1_local  |  20|          4|   11|         44|
    |pool_ap_fixed_ap_fixed_8_5_5_3_0_int_int_int_int_int_local_input_address1_local    |  20|          4|   11|         44|
    |w_fu_124                                                                           |   9|          2|    3|          6|
    +-----------------------------------------------------------------------------------+----+-----------+-----+-----------+
    |Total                                                                              | 208|         44|  107|        324|
    +-----------------------------------------------------------------------------------+----+-----------+-----+-----------+

    * Register: 
    +-----------------------------------+----+----+-----+-----------+
    |                Name               | FF | LUT| Bits| Const Bits|
    +-----------------------------------+----+----+-----+-----------+
    |add_ln34_2_reg_1065                |  12|   0|   12|          0|
    |add_ln34_reg_1059                  |  12|   0|   12|          0|
    |ap_CS_fsm                          |   1|   0|    1|          0|
    |ap_done_reg                        |   1|   0|    1|          0|
    |ap_enable_reg_pp0_iter1            |   1|   0|    1|          0|
    |ap_enable_reg_pp0_iter10           |   1|   0|    1|          0|
    |ap_enable_reg_pp0_iter11           |   1|   0|    1|          0|
    |ap_enable_reg_pp0_iter12           |   1|   0|    1|          0|
    |ap_enable_reg_pp0_iter13           |   1|   0|    1|          0|
    |ap_enable_reg_pp0_iter14           |   1|   0|    1|          0|
    |ap_enable_reg_pp0_iter15           |   1|   0|    1|          0|
    |ap_enable_reg_pp0_iter16           |   1|   0|    1|          0|
    |ap_enable_reg_pp0_iter17           |   1|   0|    1|          0|
    |ap_enable_reg_pp0_iter2            |   1|   0|    1|          0|
    |ap_enable_reg_pp0_iter3            |   1|   0|    1|          0|
    |ap_enable_reg_pp0_iter4            |   1|   0|    1|          0|
    |ap_enable_reg_pp0_iter5            |   1|   0|    1|          0|
    |ap_enable_reg_pp0_iter6            |   1|   0|    1|          0|
    |ap_enable_reg_pp0_iter7            |   1|   0|    1|          0|
    |ap_enable_reg_pp0_iter8            |   1|   0|    1|          0|
    |ap_enable_reg_pp0_iter9            |   1|   0|    1|          0|
    |ap_loop_exit_ready_pp0_iter10_reg  |   1|   0|    1|          0|
    |ap_loop_exit_ready_pp0_iter11_reg  |   1|   0|    1|          0|
    |ap_loop_exit_ready_pp0_iter12_reg  |   1|   0|    1|          0|
    |ap_loop_exit_ready_pp0_iter13_reg  |   1|   0|    1|          0|
    |ap_loop_exit_ready_pp0_iter14_reg  |   1|   0|    1|          0|
    |ap_loop_exit_ready_pp0_iter15_reg  |   1|   0|    1|          0|
    |ap_loop_exit_ready_pp0_iter16_reg  |   1|   0|    1|          0|
    |ap_loop_exit_ready_pp0_iter1_reg   |   1|   0|    1|          0|
    |ap_loop_exit_ready_pp0_iter2_reg   |   1|   0|    1|          0|
    |ap_loop_exit_ready_pp0_iter3_reg   |   1|   0|    1|          0|
    |ap_loop_exit_ready_pp0_iter4_reg   |   1|   0|    1|          0|
    |ap_loop_exit_ready_pp0_iter5_reg   |   1|   0|    1|          0|
    |ap_loop_exit_ready_pp0_iter6_reg   |   1|   0|    1|          0|
    |ap_loop_exit_ready_pp0_iter7_reg   |   1|   0|    1|          0|
    |ap_loop_exit_ready_pp0_iter8_reg   |   1|   0|    1|          0|
    |ap_loop_exit_ready_pp0_iter9_reg   |   1|   0|    1|          0|
    |co_fu_136                          |   5|   0|    5|          0|
    |h_fu_128                           |   3|   0|    3|          0|
    |icmp_ln24_reg_1030                 |   1|   0|    1|          0|
    |indvar_flatten12_fu_140            |  10|   0|   10|          0|
    |indvar_flatten_fu_132              |   6|   0|    6|          0|
    |max_val_10_reg_1225                |   7|   0|    7|          0|
    |max_val_6_reg_1174                 |   7|   0|    7|          0|
    |select_ln23_1_reg_1049             |   5|   0|    5|          0|
    |select_ln24_reg_1042               |   3|   0|    3|          0|
    |tmp_5_reg_1071                     |  10|   0|   10|          0|
    |tmp_6_reg_1084                     |  10|   0|   10|          0|
    |tmp_7_reg_1089                     |  10|   0|   10|          0|
    |tmp_8_reg_1094                     |  10|   0|   10|          0|
    |tmp_8_reg_1094_pp0_iter14_reg      |  10|   0|   10|          0|
    |trunc_ln36_6_reg_1185              |   7|   0|    7|          0|
    |trunc_ln36_7_reg_1195              |   7|   0|    7|          0|
    |trunc_ln36_reg_1076                |   3|   0|    3|          0|
    |val_7_reg_1190                     |   8|   0|    8|          0|
    |val_reg_1180                       |   8|   0|    8|          0|
    |w_fu_124                           |   3|   0|    3|          0|
    |w_mid2_reg_1035                    |   3|   0|    3|          0|
    |select_ln23_1_reg_1049             |  64|  32|    5|          0|
    |select_ln24_reg_1042               |  64|  32|    3|          0|
    |trunc_ln36_reg_1076                |  64|  32|    3|          0|
    |w_mid2_reg_1035                    |  64|  32|    3|          0|
    +-----------------------------------+----+----+-----+-----------+
    |Total                              | 451| 128|  209|          0|
    +-----------------------------------+----+----+-----+-----------+



================================================================
== Interface
================================================================
* Summary: 
+-----------------------------------------------------------------------------+-----+-----+------------+--------------------------------------------------------------------+--------------+
|                                  RTL Ports                                  | Dir | Bits|  Protocol  |                            Source Object                           |    C Type    |
+-----------------------------------------------------------------------------+-----+-----+------------+--------------------------------------------------------------------+--------------+
|ap_clk                                                                       |   in|    1|  ap_ctrl_hs|                               pool.1_Pipeline_CO_LOOP_H_LOOP_W_LOOP|  return value|
|ap_rst                                                                       |   in|    1|  ap_ctrl_hs|                               pool.1_Pipeline_CO_LOOP_H_LOOP_W_LOOP|  return value|
|ap_start                                                                     |   in|    1|  ap_ctrl_hs|                               pool.1_Pipeline_CO_LOOP_H_LOOP_W_LOOP|  return value|
|ap_done                                                                      |  out|    1|  ap_ctrl_hs|                               pool.1_Pipeline_CO_LOOP_H_LOOP_W_LOOP|  return value|
|ap_idle                                                                      |  out|    1|  ap_ctrl_hs|                               pool.1_Pipeline_CO_LOOP_H_LOOP_W_LOOP|  return value|
|ap_ready                                                                     |  out|    1|  ap_ctrl_hs|                               pool.1_Pipeline_CO_LOOP_H_LOOP_W_LOOP|  return value|
|m_axi_gmem0_0_AWVALID                                                        |  out|    1|       m_axi|                                                               gmem0|       pointer|
|m_axi_gmem0_0_AWREADY                                                        |   in|    1|       m_axi|                                                               gmem0|       pointer|
|m_axi_gmem0_0_AWADDR                                                         |  out|   64|       m_axi|                                                               gmem0|       pointer|
|m_axi_gmem0_0_AWID                                                           |  out|    1|       m_axi|                                                               gmem0|       pointer|
|m_axi_gmem0_0_AWLEN                                                          |  out|   32|       m_axi|                                                               gmem0|       pointer|
|m_axi_gmem0_0_AWSIZE                                                         |  out|    3|       m_axi|                                                               gmem0|       pointer|
|m_axi_gmem0_0_AWBURST                                                        |  out|    2|       m_axi|                                                               gmem0|       pointer|
|m_axi_gmem0_0_AWLOCK                                                         |  out|    2|       m_axi|                                                               gmem0|       pointer|
|m_axi_gmem0_0_AWCACHE                                                        |  out|    4|       m_axi|                                                               gmem0|       pointer|
|m_axi_gmem0_0_AWPROT                                                         |  out|    3|       m_axi|                                                               gmem0|       pointer|
|m_axi_gmem0_0_AWQOS                                                          |  out|    4|       m_axi|                                                               gmem0|       pointer|
|m_axi_gmem0_0_AWREGION                                                       |  out|    4|       m_axi|                                                               gmem0|       pointer|
|m_axi_gmem0_0_AWUSER                                                         |  out|    1|       m_axi|                                                               gmem0|       pointer|
|m_axi_gmem0_0_WVALID                                                         |  out|    1|       m_axi|                                                               gmem0|       pointer|
|m_axi_gmem0_0_WREADY                                                         |   in|    1|       m_axi|                                                               gmem0|       pointer|
|m_axi_gmem0_0_WDATA                                                          |  out|    8|       m_axi|                                                               gmem0|       pointer|
|m_axi_gmem0_0_WSTRB                                                          |  out|    1|       m_axi|                                                               gmem0|       pointer|
|m_axi_gmem0_0_WLAST                                                          |  out|    1|       m_axi|                                                               gmem0|       pointer|
|m_axi_gmem0_0_WID                                                            |  out|    1|       m_axi|                                                               gmem0|       pointer|
|m_axi_gmem0_0_WUSER                                                          |  out|    1|       m_axi|                                                               gmem0|       pointer|
|m_axi_gmem0_0_ARVALID                                                        |  out|    1|       m_axi|                                                               gmem0|       pointer|
|m_axi_gmem0_0_ARREADY                                                        |   in|    1|       m_axi|                                                               gmem0|       pointer|
|m_axi_gmem0_0_ARADDR                                                         |  out|   64|       m_axi|                                                               gmem0|       pointer|
|m_axi_gmem0_0_ARID                                                           |  out|    1|       m_axi|                                                               gmem0|       pointer|
|m_axi_gmem0_0_ARLEN                                                          |  out|   32|       m_axi|                                                               gmem0|       pointer|
|m_axi_gmem0_0_ARSIZE                                                         |  out|    3|       m_axi|                                                               gmem0|       pointer|
|m_axi_gmem0_0_ARBURST                                                        |  out|    2|       m_axi|                                                               gmem0|       pointer|
|m_axi_gmem0_0_ARLOCK                                                         |  out|    2|       m_axi|                                                               gmem0|       pointer|
|m_axi_gmem0_0_ARCACHE                                                        |  out|    4|       m_axi|                                                               gmem0|       pointer|
|m_axi_gmem0_0_ARPROT                                                         |  out|    3|       m_axi|                                                               gmem0|       pointer|
|m_axi_gmem0_0_ARQOS                                                          |  out|    4|       m_axi|                                                               gmem0|       pointer|
|m_axi_gmem0_0_ARREGION                                                       |  out|    4|       m_axi|                                                               gmem0|       pointer|
|m_axi_gmem0_0_ARUSER                                                         |  out|    1|       m_axi|                                                               gmem0|       pointer|
|m_axi_gmem0_0_RVALID                                                         |   in|    1|       m_axi|                                                               gmem0|       pointer|
|m_axi_gmem0_0_RREADY                                                         |  out|    1|       m_axi|                                                               gmem0|       pointer|
|m_axi_gmem0_0_RDATA                                                          |   in|    8|       m_axi|                                                               gmem0|       pointer|
|m_axi_gmem0_0_RLAST                                                          |   in|    1|       m_axi|                                                               gmem0|       pointer|
|m_axi_gmem0_0_RID                                                            |   in|    1|       m_axi|                                                               gmem0|       pointer|
|m_axi_gmem0_0_RFIFONUM                                                       |   in|   11|       m_axi|                                                               gmem0|       pointer|
|m_axi_gmem0_0_RUSER                                                          |   in|    1|       m_axi|                                                               gmem0|       pointer|
|m_axi_gmem0_0_RRESP                                                          |   in|    2|       m_axi|                                                               gmem0|       pointer|
|m_axi_gmem0_0_BVALID                                                         |   in|    1|       m_axi|                                                               gmem0|       pointer|
|m_axi_gmem0_0_BREADY                                                         |  out|    1|       m_axi|                                                               gmem0|       pointer|
|m_axi_gmem0_0_BRESP                                                          |   in|    2|       m_axi|                                                               gmem0|       pointer|
|m_axi_gmem0_0_BID                                                            |   in|    1|       m_axi|                                                               gmem0|       pointer|
|m_axi_gmem0_0_BUSER                                                          |   in|    1|       m_axi|                                                               gmem0|       pointer|
|outputPool                                                                   |   in|   64|     ap_none|                                                          outputPool|        scalar|
|pool_ap_fixed_ap_fixed_8_5_5_3_0_int_int_int_int_int_local_input_4_address0  |  out|   11|   ap_memory|  pool_ap_fixed_ap_fixed_8_5_5_3_0_int_int_int_int_int_local_input_4|         array|
|pool_ap_fixed_ap_fixed_8_5_5_3_0_int_int_int_int_int_local_input_4_ce0       |  out|    1|   ap_memory|  pool_ap_fixed_ap_fixed_8_5_5_3_0_int_int_int_int_int_local_input_4|         array|
|pool_ap_fixed_ap_fixed_8_5_5_3_0_int_int_int_int_int_local_input_4_q0        |   in|    8|   ap_memory|  pool_ap_fixed_ap_fixed_8_5_5_3_0_int_int_int_int_int_local_input_4|         array|
|pool_ap_fixed_ap_fixed_8_5_5_3_0_int_int_int_int_int_local_input_4_address1  |  out|   11|   ap_memory|  pool_ap_fixed_ap_fixed_8_5_5_3_0_int_int_int_int_int_local_input_4|         array|
|pool_ap_fixed_ap_fixed_8_5_5_3_0_int_int_int_int_int_local_input_4_ce1       |  out|    1|   ap_memory|  pool_ap_fixed_ap_fixed_8_5_5_3_0_int_int_int_int_int_local_input_4|         array|
|pool_ap_fixed_ap_fixed_8_5_5_3_0_int_int_int_int_int_local_input_4_q1        |   in|    8|   ap_memory|  pool_ap_fixed_ap_fixed_8_5_5_3_0_int_int_int_int_int_local_input_4|         array|
|pool_ap_fixed_ap_fixed_8_5_5_3_0_int_int_int_int_int_local_input_3_address0  |  out|   11|   ap_memory|  pool_ap_fixed_ap_fixed_8_5_5_3_0_int_int_int_int_int_local_input_3|         array|
|pool_ap_fixed_ap_fixed_8_5_5_3_0_int_int_int_int_int_local_input_3_ce0       |  out|    1|   ap_memory|  pool_ap_fixed_ap_fixed_8_5_5_3_0_int_int_int_int_int_local_input_3|         array|
|pool_ap_fixed_ap_fixed_8_5_5_3_0_int_int_int_int_int_local_input_3_q0        |   in|    8|   ap_memory|  pool_ap_fixed_ap_fixed_8_5_5_3_0_int_int_int_int_int_local_input_3|         array|
|pool_ap_fixed_ap_fixed_8_5_5_3_0_int_int_int_int_int_local_input_3_address1  |  out|   11|   ap_memory|  pool_ap_fixed_ap_fixed_8_5_5_3_0_int_int_int_int_int_local_input_3|         array|
|pool_ap_fixed_ap_fixed_8_5_5_3_0_int_int_int_int_int_local_input_3_ce1       |  out|    1|   ap_memory|  pool_ap_fixed_ap_fixed_8_5_5_3_0_int_int_int_int_int_local_input_3|         array|
|pool_ap_fixed_ap_fixed_8_5_5_3_0_int_int_int_int_int_local_input_3_q1        |   in|    8|   ap_memory|  pool_ap_fixed_ap_fixed_8_5_5_3_0_int_int_int_int_int_local_input_3|         array|
|pool_ap_fixed_ap_fixed_8_5_5_3_0_int_int_int_int_int_local_input_2_address0  |  out|   11|   ap_memory|  pool_ap_fixed_ap_fixed_8_5_5_3_0_int_int_int_int_int_local_input_2|         array|
|pool_ap_fixed_ap_fixed_8_5_5_3_0_int_int_int_int_int_local_input_2_ce0       |  out|    1|   ap_memory|  pool_ap_fixed_ap_fixed_8_5_5_3_0_int_int_int_int_int_local_input_2|         array|
|pool_ap_fixed_ap_fixed_8_5_5_3_0_int_int_int_int_int_local_input_2_q0        |   in|    8|   ap_memory|  pool_ap_fixed_ap_fixed_8_5_5_3_0_int_int_int_int_int_local_input_2|         array|
|pool_ap_fixed_ap_fixed_8_5_5_3_0_int_int_int_int_int_local_input_2_address1  |  out|   11|   ap_memory|  pool_ap_fixed_ap_fixed_8_5_5_3_0_int_int_int_int_int_local_input_2|         array|
|pool_ap_fixed_ap_fixed_8_5_5_3_0_int_int_int_int_int_local_input_2_ce1       |  out|    1|   ap_memory|  pool_ap_fixed_ap_fixed_8_5_5_3_0_int_int_int_int_int_local_input_2|         array|
|pool_ap_fixed_ap_fixed_8_5_5_3_0_int_int_int_int_int_local_input_2_q1        |   in|    8|   ap_memory|  pool_ap_fixed_ap_fixed_8_5_5_3_0_int_int_int_int_int_local_input_2|         array|
|pool_ap_fixed_ap_fixed_8_5_5_3_0_int_int_int_int_int_local_input_1_address0  |  out|   11|   ap_memory|  pool_ap_fixed_ap_fixed_8_5_5_3_0_int_int_int_int_int_local_input_1|         array|
|pool_ap_fixed_ap_fixed_8_5_5_3_0_int_int_int_int_int_local_input_1_ce0       |  out|    1|   ap_memory|  pool_ap_fixed_ap_fixed_8_5_5_3_0_int_int_int_int_int_local_input_1|         array|
|pool_ap_fixed_ap_fixed_8_5_5_3_0_int_int_int_int_int_local_input_1_q0        |   in|    8|   ap_memory|  pool_ap_fixed_ap_fixed_8_5_5_3_0_int_int_int_int_int_local_input_1|         array|
|pool_ap_fixed_ap_fixed_8_5_5_3_0_int_int_int_int_int_local_input_1_address1  |  out|   11|   ap_memory|  pool_ap_fixed_ap_fixed_8_5_5_3_0_int_int_int_int_int_local_input_1|         array|
|pool_ap_fixed_ap_fixed_8_5_5_3_0_int_int_int_int_int_local_input_1_ce1       |  out|    1|   ap_memory|  pool_ap_fixed_ap_fixed_8_5_5_3_0_int_int_int_int_int_local_input_1|         array|
|pool_ap_fixed_ap_fixed_8_5_5_3_0_int_int_int_int_int_local_input_1_q1        |   in|    8|   ap_memory|  pool_ap_fixed_ap_fixed_8_5_5_3_0_int_int_int_int_int_local_input_1|         array|
|pool_ap_fixed_ap_fixed_8_5_5_3_0_int_int_int_int_int_local_input_address0    |  out|   11|   ap_memory|    pool_ap_fixed_ap_fixed_8_5_5_3_0_int_int_int_int_int_local_input|         array|
|pool_ap_fixed_ap_fixed_8_5_5_3_0_int_int_int_int_int_local_input_ce0         |  out|    1|   ap_memory|    pool_ap_fixed_ap_fixed_8_5_5_3_0_int_int_int_int_int_local_input|         array|
|pool_ap_fixed_ap_fixed_8_5_5_3_0_int_int_int_int_int_local_input_q0          |   in|    8|   ap_memory|    pool_ap_fixed_ap_fixed_8_5_5_3_0_int_int_int_int_int_local_input|         array|
|pool_ap_fixed_ap_fixed_8_5_5_3_0_int_int_int_int_int_local_input_address1    |  out|   11|   ap_memory|    pool_ap_fixed_ap_fixed_8_5_5_3_0_int_int_int_int_int_local_input|         array|
|pool_ap_fixed_ap_fixed_8_5_5_3_0_int_int_int_int_int_local_input_ce1         |  out|    1|   ap_memory|    pool_ap_fixed_ap_fixed_8_5_5_3_0_int_int_int_int_int_local_input|         array|
|pool_ap_fixed_ap_fixed_8_5_5_3_0_int_int_int_int_int_local_input_q1          |   in|    8|   ap_memory|    pool_ap_fixed_ap_fixed_8_5_5_3_0_int_int_int_int_int_local_input|         array|
+-----------------------------------------------------------------------------+-----+-----+------------+--------------------------------------------------------------------+--------------+

