

================================================================
== Vitis HLS Report for 'pool_Pipeline_CO_LOOP_H_LOOP_W_LOOP'
================================================================
* Date:           Sat Mar  7 18:28:22 2026

* Version:        2025.2 (Build 6295257 on Nov 14 2025)
* Project:        top
* Solution:       hls (Vivado IP Flow Target)
* Product family: zynq
* Target device:  xc7z020-clg484-1


================================================================
== Performance Estimates
================================================================
+ Timing: 
    * Summary: 
    +--------+----------+----------+------------+
    |  Clock |  Target  | Estimated| Uncertainty|
    +--------+----------+----------+------------+
    |ap_clk  |  10.00 ns|  8.750 ns|     1.25 ns|
    +--------+----------+----------+------------+

+ Latency: 
    * Summary: 
    +---------+---------+-----------+-----------+-----+-----+-------------------+
    |  Latency (cycles) |   Latency (absolute)  |  Interval |      Pipeline     |
    |   min   |   max   |    min    |    max    | min | max |        Type       |
    +---------+---------+-----------+-----------+-----+-----+-------------------+
    |     1586|     1586|  15.860 us|  15.860 us|    0|    0|  loop pipeline stp|
    +---------+---------+-----------+-----------+-----+-----+-------------------+

    + Detail: 
        * Instance: 
        N/A

        * Loop: 
        +-------------------------+---------+---------+----------+-----------+-----------+------+----------+
        |                         |  Latency (cycles) | Iteration|  Initiation Interval  | Trip |          |
        |        Loop Name        |   min   |   max   |  Latency |  achieved |   target  | Count| Pipelined|
        +-------------------------+---------+---------+----------+-----------+-----------+------+----------+
        |- CO_LOOP_H_LOOP_W_LOOP  |     1584|     1584|        18|          1|          1|  1568|       yes|
        +-------------------------+---------+---------+----------+-----------+-----------+------+----------+



================================================================
== Utilization Estimates
================================================================
* Summary: 
+-----------------+---------+-----+--------+-------+-----+
|       Name      | BRAM_18K| DSP |   FF   |  LUT  | URAM|
+-----------------+---------+-----+--------+-------+-----+
|DSP              |        -|    -|       -|      -|    -|
|Expression       |        -|    -|       0|    395|    -|
|FIFO             |        -|    -|       -|      -|    -|
|Instance         |        -|    4|     195|    256|    -|
|Memory           |        -|    -|       -|      -|    -|
|Multiplexer      |        -|    -|       0|    181|    -|
|Register         |        -|    -|     543|    160|    -|
+-----------------+---------+-----+--------+-------+-----+
|Total            |        0|    4|     738|    992|    0|
+-----------------+---------+-----+--------+-------+-----+
|Available        |      280|  220|  106400|  53200|    0|
+-----------------+---------+-----+--------+-------+-----+
|Utilization (%)  |        0|    1|      ~0|      1|    0|
+-----------------+---------+-----+--------+-------+-----+

+ Detail: 
    * Instance: 
    +---------------------------+----------------------+---------+----+-----+-----+-----+
    |          Instance         |        Module        | BRAM_18K| DSP|  FF | LUT | URAM|
    +---------------------------+----------------------+---------+----+-----+-----+-----+
    |mul_13ns_15ns_27_1_1_U256  |mul_13ns_15ns_27_1_1  |        0|   1|    0|    6|    0|
    |mul_13ns_15ns_27_1_1_U257  |mul_13ns_15ns_27_1_1  |        0|   1|    0|    6|    0|
    |mul_13ns_15ns_27_1_1_U258  |mul_13ns_15ns_27_1_1  |        0|   1|    0|    6|    0|
    |mul_13ns_15ns_27_1_1_U259  |mul_13ns_15ns_27_1_1  |        0|   1|    0|    6|    0|
    |mul_4ns_11ns_13_1_1_U255   |mul_4ns_11ns_13_1_1   |        0|   0|    0|    6|    0|
    |sparsemux_11_3_8_1_1_U260  |sparsemux_11_3_8_1_1  |        0|   0|    0|   25|    0|
    |sparsemux_11_3_8_1_1_U261  |sparsemux_11_3_8_1_1  |        0|   0|    0|   25|    0|
    |sparsemux_11_3_8_1_1_U262  |sparsemux_11_3_8_1_1  |        0|   0|    0|   25|    0|
    |sparsemux_11_3_8_1_1_U263  |sparsemux_11_3_8_1_1  |        0|   0|    0|   25|    0|
    |urem_8ns_4ns_3_12_1_U254   |urem_8ns_4ns_3_12_1   |        0|   0|  195|  126|    0|
    +---------------------------+----------------------+---------+----+-----+-----+-----+
    |Total                      |                      |        0|   4|  195|  256|    0|
    +---------------------------+----------------------+---------+----+-----+-----+-----+

    * DSP: 
    N/A

    * Memory: 
    N/A

    * FIFO: 
    N/A

    * Expression: 
    +---------------------------+----------+----+---+----+------------+------------+
    |       Variable Name       | Operation| DSP| FF| LUT| Bitwidth P0| Bitwidth P1|
    +---------------------------+----------+----+---+----+------------+------------+
    |add_ln23_1_fu_446_p2       |         +|   0|  0|  13|           4|           1|
    |add_ln23_fu_391_p2         |         +|   0|  0|  12|          11|           1|
    |add_ln24_1_fu_516_p2       |         +|   0|  0|  15|           8|           1|
    |add_ln24_fu_460_p2         |         +|   0|  0|  13|           4|           1|
    |add_ln25_fu_510_p2         |         +|   0|  0|  13|           4|           1|
    |add_ln34_1_fu_504_p2       |         +|   0|  0|  14|           6|           6|
    |add_ln34_2_fu_649_p2       |         +|   0|  0|  13|          10|           5|
    |add_ln34_3_fu_658_p2       |         +|   0|  0|  14|          13|          13|
    |add_ln34_4_fu_609_p2       |         +|   0|  0|  14|           7|           7|
    |add_ln34_6_fu_667_p2       |         +|   0|  0|  14|          13|          13|
    |add_ln34_7_fu_707_p2       |         +|   0|  0|  14|          13|          13|
    |add_ln34_8_fu_732_p2       |         +|   0|  0|  14|          13|          13|
    |add_ln34_9_fu_757_p2       |         +|   0|  0|  14|          13|          13|
    |add_ln34_fu_643_p2         |         +|   0|  0|  14|          13|          13|
    |grp_fu_625_p0              |         +|   0|  0|  15|           8|           8|
    |sub_ln34_1_fu_592_p2       |         -|   0|  0|  13|          10|          10|
    |sub_ln34_fu_571_p2         |         -|   0|  0|  14|           7|           7|
    |and_ln23_fu_440_p2         |       and|   0|  0|   2|           1|           1|
    |ap_block_pp0_stage0_11001  |       and|   0|  0|   2|           1|           1|
    |icmp_ln23_fu_385_p2        |      icmp|   0|  0|  12|          11|          10|
    |icmp_ln24_fu_414_p2        |      icmp|   0|  0|  15|           8|           7|
    |icmp_ln25_fu_434_p2        |      icmp|   0|  0|  13|           4|           3|
    |icmp_ln37_1_fu_924_p2      |      icmp|   0|  0|  15|           8|           8|
    |icmp_ln37_2_fu_939_p2      |      icmp|   0|  0|  15|           8|           8|
    |icmp_ln37_3_fu_986_p2      |      icmp|   0|  0|  15|           8|           8|
    |icmp_ln37_fu_837_p2        |      icmp|   0|  0|  15|           8|           1|
    |empty_fu_466_p2            |        or|   0|  0|   2|           1|           1|
    |max_val_1_fu_843_p3        |    select|   0|  0|   7|           1|           7|
    |max_val_2_fu_929_p3        |    select|   0|  0|   7|           1|           7|
    |max_val_4_fu_944_p3        |    select|   0|  0|   7|           1|           7|
    |max_val_5_fu_992_p3        |    select|   0|  0|   7|           1|           7|
    |select_ln23_1_fu_452_p3    |    select|   0|  0|   4|           1|           4|
    |select_ln23_fu_420_p3      |    select|   0|  0|   4|           1|           1|
    |select_ln24_1_fu_522_p3    |    select|   0|  0|   8|           1|           1|
    |select_ln24_fu_480_p3      |    select|   0|  0|   4|           1|           4|
    |w_mid2_fu_472_p3           |    select|   0|  0|   4|           1|           1|
    |ap_enable_pp0              |       xor|   0|  0|   2|           1|           2|
    |xor_ln23_fu_428_p2         |       xor|   0|  0|   2|           1|           2|
    +---------------------------+----------+----+---+----+------------+------------+
    |Total                      |          |   0|  0| 395|         226|         217|
    +---------------------------+----------+----+---+----+------------+------------+

    * Multiplexer: 
    +-----------------------------------------------------------------------------------+----+-----------+-----+-----------+
    |                                        Name                                       | LUT| Input Size| Bits| Total Bits|
    +-----------------------------------------------------------------------------------+----+-----------+-----+-----------+
    |ap_done_int                                                                        |   9|          2|    1|          2|
    |ap_enable_reg_pp0_iter1                                                            |   9|          2|    1|          2|
    |ap_sig_allocacmp_indvar_flatten12_load                                             |   9|          2|   11|         22|
    |co_fu_130                                                                          |   9|          2|    4|          8|
    |gmem0_blk_n_W                                                                      |   9|          2|    1|          2|
    |h_fu_122                                                                           |   9|          2|    4|          8|
    |indvar_flatten12_fu_134                                                            |   9|          2|   11|         22|
    |indvar_flatten_fu_126                                                              |   9|          2|    8|         16|
    |pool_ap_fixed_ap_fixed_8_5_5_3_0_int_int_int_int_int_local_input_1_address1_local  |  20|          4|   11|         44|
    |pool_ap_fixed_ap_fixed_8_5_5_3_0_int_int_int_int_int_local_input_2_address1_local  |  20|          4|   11|         44|
    |pool_ap_fixed_ap_fixed_8_5_5_3_0_int_int_int_int_int_local_input_3_address1_local  |  20|          4|   11|         44|
    |pool_ap_fixed_ap_fixed_8_5_5_3_0_int_int_int_int_int_local_input_4_address1_local  |  20|          4|   11|         44|
    |pool_ap_fixed_ap_fixed_8_5_5_3_0_int_int_int_int_int_local_input_address1_local    |  20|          4|   11|         44|
    |w_fu_118                                                                           |   9|          2|    4|          8|
    +-----------------------------------------------------------------------------------+----+-----------+-----+-----------+
    |Total                                                                              | 181|         38|  100|        310|
    +-----------------------------------------------------------------------------------+----+-----------+-----+-----------+

    * Register: 
    +-----------------------------------+----+----+-----+-----------+
    |                Name               | FF | LUT| Bits| Const Bits|
    +-----------------------------------+----+----+-----+-----------+
    |add_ln34_1_reg_1072                |   6|   0|    6|          0|
    |add_ln34_3_reg_1099                |  13|   0|   13|          0|
    |add_ln34_reg_1093                  |  13|   0|   13|          0|
    |ap_CS_fsm                          |   1|   0|    1|          0|
    |ap_done_reg                        |   1|   0|    1|          0|
    |ap_enable_reg_pp0_iter1            |   1|   0|    1|          0|
    |ap_enable_reg_pp0_iter10           |   1|   0|    1|          0|
    |ap_enable_reg_pp0_iter11           |   1|   0|    1|          0|
    |ap_enable_reg_pp0_iter12           |   1|   0|    1|          0|
    |ap_enable_reg_pp0_iter13           |   1|   0|    1|          0|
    |ap_enable_reg_pp0_iter14           |   1|   0|    1|          0|
    |ap_enable_reg_pp0_iter15           |   1|   0|    1|          0|
    |ap_enable_reg_pp0_iter16           |   1|   0|    1|          0|
    |ap_enable_reg_pp0_iter17           |   1|   0|    1|          0|
    |ap_enable_reg_pp0_iter2            |   1|   0|    1|          0|
    |ap_enable_reg_pp0_iter3            |   1|   0|    1|          0|
    |ap_enable_reg_pp0_iter4            |   1|   0|    1|          0|
    |ap_enable_reg_pp0_iter5            |   1|   0|    1|          0|
    |ap_enable_reg_pp0_iter6            |   1|   0|    1|          0|
    |ap_enable_reg_pp0_iter7            |   1|   0|    1|          0|
    |ap_enable_reg_pp0_iter8            |   1|   0|    1|          0|
    |ap_enable_reg_pp0_iter9            |   1|   0|    1|          0|
    |ap_loop_exit_ready_pp0_iter10_reg  |   1|   0|    1|          0|
    |ap_loop_exit_ready_pp0_iter11_reg  |   1|   0|    1|          0|
    |ap_loop_exit_ready_pp0_iter12_reg  |   1|   0|    1|          0|
    |ap_loop_exit_ready_pp0_iter13_reg  |   1|   0|    1|          0|
    |ap_loop_exit_ready_pp0_iter14_reg  |   1|   0|    1|          0|
    |ap_loop_exit_ready_pp0_iter15_reg  |   1|   0|    1|          0|
    |ap_loop_exit_ready_pp0_iter16_reg  |   1|   0|    1|          0|
    |ap_loop_exit_ready_pp0_iter1_reg   |   1|   0|    1|          0|
    |ap_loop_exit_ready_pp0_iter2_reg   |   1|   0|    1|          0|
    |ap_loop_exit_ready_pp0_iter3_reg   |   1|   0|    1|          0|
    |ap_loop_exit_ready_pp0_iter4_reg   |   1|   0|    1|          0|
    |ap_loop_exit_ready_pp0_iter5_reg   |   1|   0|    1|          0|
    |ap_loop_exit_ready_pp0_iter6_reg   |   1|   0|    1|          0|
    |ap_loop_exit_ready_pp0_iter7_reg   |   1|   0|    1|          0|
    |ap_loop_exit_ready_pp0_iter8_reg   |   1|   0|    1|          0|
    |ap_loop_exit_ready_pp0_iter9_reg   |   1|   0|    1|          0|
    |co_fu_130                          |   4|   0|    4|          0|
    |h_fu_122                           |   4|   0|    4|          0|
    |indvar_flatten12_fu_134            |  11|   0|   11|          0|
    |indvar_flatten_fu_126              |   8|   0|    8|          0|
    |max_val_1_reg_1208                 |   7|   0|    7|          0|
    |max_val_5_reg_1259                 |   7|   0|    7|          0|
    |select_ln23_1_reg_1054             |   4|   0|    4|          0|
    |select_ln24_reg_1065               |   4|   0|    4|          0|
    |shl_ln_reg_1083                    |   4|   0|    5|          1|
    |sub_ln34_1_reg_1077                |   7|   0|   10|          3|
    |tmp_1_reg_1105                     |  11|   0|   11|          0|
    |tmp_2_reg_1118                     |  11|   0|   11|          0|
    |tmp_3_reg_1123                     |  11|   0|   11|          0|
    |tmp_4_reg_1128                     |  11|   0|   11|          0|
    |tmp_4_reg_1128_pp0_iter14_reg      |  11|   0|   11|          0|
    |trunc_ln36_2_reg_1219              |   7|   0|    7|          0|
    |trunc_ln36_3_reg_1229              |   7|   0|    7|          0|
    |trunc_ln36_reg_1110                |   3|   0|    3|          0|
    |val_5_reg_1224                     |   8|   0|    8|          0|
    |val_reg_1214                       |   8|   0|    8|          0|
    |w_fu_118                           |   4|   0|    4|          0|
    |w_mid2_reg_1059                    |   4|   0|    4|          0|
    |select_ln23_1_reg_1054             |  64|  32|    4|          0|
    |shl_ln_reg_1083                    |  64|  32|    5|          1|
    |sub_ln34_1_reg_1077                |  64|  32|   10|          3|
    |trunc_ln36_reg_1110                |  64|  32|    3|          0|
    |w_mid2_reg_1059                    |  64|  32|    4|          0|
    +-----------------------------------+----+----+-----+-----------+
    |Total                              | 543| 160|  253|          8|
    +-----------------------------------+----+----+-----+-----------+



================================================================
== Interface
================================================================
* Summary: 
+-----------------------------------------------------------------------------+-----+-----+------------+--------------------------------------------------------------------+--------------+
|                                  RTL Ports                                  | Dir | Bits|  Protocol  |                            Source Object                           |    C Type    |
+-----------------------------------------------------------------------------+-----+-----+------------+--------------------------------------------------------------------+--------------+
|ap_clk                                                                       |   in|    1|  ap_ctrl_hs|                                 pool_Pipeline_CO_LOOP_H_LOOP_W_LOOP|  return value|
|ap_rst                                                                       |   in|    1|  ap_ctrl_hs|                                 pool_Pipeline_CO_LOOP_H_LOOP_W_LOOP|  return value|
|ap_start                                                                     |   in|    1|  ap_ctrl_hs|                                 pool_Pipeline_CO_LOOP_H_LOOP_W_LOOP|  return value|
|ap_done                                                                      |  out|    1|  ap_ctrl_hs|                                 pool_Pipeline_CO_LOOP_H_LOOP_W_LOOP|  return value|
|ap_idle                                                                      |  out|    1|  ap_ctrl_hs|                                 pool_Pipeline_CO_LOOP_H_LOOP_W_LOOP|  return value|
|ap_ready                                                                     |  out|    1|  ap_ctrl_hs|                                 pool_Pipeline_CO_LOOP_H_LOOP_W_LOOP|  return value|
|m_axi_gmem0_0_AWVALID                                                        |  out|    1|       m_axi|                                                               gmem0|       pointer|
|m_axi_gmem0_0_AWREADY                                                        |   in|    1|       m_axi|                                                               gmem0|       pointer|
|m_axi_gmem0_0_AWADDR                                                         |  out|   64|       m_axi|                                                               gmem0|       pointer|
|m_axi_gmem0_0_AWID                                                           |  out|    1|       m_axi|                                                               gmem0|       pointer|
|m_axi_gmem0_0_AWLEN                                                          |  out|   32|       m_axi|                                                               gmem0|       pointer|
|m_axi_gmem0_0_AWSIZE                                                         |  out|    3|       m_axi|                                                               gmem0|       pointer|
|m_axi_gmem0_0_AWBURST                                                        |  out|    2|       m_axi|                                                               gmem0|       pointer|
|m_axi_gmem0_0_AWLOCK                                                         |  out|    2|       m_axi|                                                               gmem0|       pointer|
|m_axi_gmem0_0_AWCACHE                                                        |  out|    4|       m_axi|                                                               gmem0|       pointer|
|m_axi_gmem0_0_AWPROT                                                         |  out|    3|       m_axi|                                                               gmem0|       pointer|
|m_axi_gmem0_0_AWQOS                                                          |  out|    4|       m_axi|                                                               gmem0|       pointer|
|m_axi_gmem0_0_AWREGION                                                       |  out|    4|       m_axi|                                                               gmem0|       pointer|
|m_axi_gmem0_0_AWUSER                                                         |  out|    1|       m_axi|                                                               gmem0|       pointer|
|m_axi_gmem0_0_WVALID                                                         |  out|    1|       m_axi|                                                               gmem0|       pointer|
|m_axi_gmem0_0_WREADY                                                         |   in|    1|       m_axi|                                                               gmem0|       pointer|
|m_axi_gmem0_0_WDATA                                                          |  out|    8|       m_axi|                                                               gmem0|       pointer|
|m_axi_gmem0_0_WSTRB                                                          |  out|    1|       m_axi|                                                               gmem0|       pointer|
|m_axi_gmem0_0_WLAST                                                          |  out|    1|       m_axi|                                                               gmem0|       pointer|
|m_axi_gmem0_0_WID                                                            |  out|    1|       m_axi|                                                               gmem0|       pointer|
|m_axi_gmem0_0_WUSER                                                          |  out|    1|       m_axi|                                                               gmem0|       pointer|
|m_axi_gmem0_0_ARVALID                                                        |  out|    1|       m_axi|                                                               gmem0|       pointer|
|m_axi_gmem0_0_ARREADY                                                        |   in|    1|       m_axi|                                                               gmem0|       pointer|
|m_axi_gmem0_0_ARADDR                                                         |  out|   64|       m_axi|                                                               gmem0|       pointer|
|m_axi_gmem0_0_ARID                                                           |  out|    1|       m_axi|                                                               gmem0|       pointer|
|m_axi_gmem0_0_ARLEN                                                          |  out|   32|       m_axi|                                                               gmem0|       pointer|
|m_axi_gmem0_0_ARSIZE                                                         |  out|    3|       m_axi|                                                               gmem0|       pointer|
|m_axi_gmem0_0_ARBURST                                                        |  out|    2|       m_axi|                                                               gmem0|       pointer|
|m_axi_gmem0_0_ARLOCK                                                         |  out|    2|       m_axi|                                                               gmem0|       pointer|
|m_axi_gmem0_0_ARCACHE                                                        |  out|    4|       m_axi|                                                               gmem0|       pointer|
|m_axi_gmem0_0_ARPROT                                                         |  out|    3|       m_axi|                                                               gmem0|       pointer|
|m_axi_gmem0_0_ARQOS                                                          |  out|    4|       m_axi|                                                               gmem0|       pointer|
|m_axi_gmem0_0_ARREGION                                                       |  out|    4|       m_axi|                                                               gmem0|       pointer|
|m_axi_gmem0_0_ARUSER                                                         |  out|    1|       m_axi|                                                               gmem0|       pointer|
|m_axi_gmem0_0_RVALID                                                         |   in|    1|       m_axi|                                                               gmem0|       pointer|
|m_axi_gmem0_0_RREADY                                                         |  out|    1|       m_axi|                                                               gmem0|       pointer|
|m_axi_gmem0_0_RDATA                                                          |   in|    8|       m_axi|                                                               gmem0|       pointer|
|m_axi_gmem0_0_RLAST                                                          |   in|    1|       m_axi|                                                               gmem0|       pointer|
|m_axi_gmem0_0_RID                                                            |   in|    1|       m_axi|                                                               gmem0|       pointer|
|m_axi_gmem0_0_RFIFONUM                                                       |   in|   11|       m_axi|                                                               gmem0|       pointer|
|m_axi_gmem0_0_RUSER                                                          |   in|    1|       m_axi|                                                               gmem0|       pointer|
|m_axi_gmem0_0_RRESP                                                          |   in|    2|       m_axi|                                                               gmem0|       pointer|
|m_axi_gmem0_0_BVALID                                                         |   in|    1|       m_axi|                                                               gmem0|       pointer|
|m_axi_gmem0_0_BREADY                                                         |  out|    1|       m_axi|                                                               gmem0|       pointer|
|m_axi_gmem0_0_BRESP                                                          |   in|    2|       m_axi|                                                               gmem0|       pointer|
|m_axi_gmem0_0_BID                                                            |   in|    1|       m_axi|                                                               gmem0|       pointer|
|m_axi_gmem0_0_BUSER                                                          |   in|    1|       m_axi|                                                               gmem0|       pointer|
|outputPool                                                                   |   in|   64|     ap_none|                                                          outputPool|        scalar|
|pool_ap_fixed_ap_fixed_8_5_5_3_0_int_int_int_int_int_local_input_4_address0  |  out|   11|   ap_memory|  pool_ap_fixed_ap_fixed_8_5_5_3_0_int_int_int_int_int_local_input_4|         array|
|pool_ap_fixed_ap_fixed_8_5_5_3_0_int_int_int_int_int_local_input_4_ce0       |  out|    1|   ap_memory|  pool_ap_fixed_ap_fixed_8_5_5_3_0_int_int_int_int_int_local_input_4|         array|
|pool_ap_fixed_ap_fixed_8_5_5_3_0_int_int_int_int_int_local_input_4_q0        |   in|    8|   ap_memory|  pool_ap_fixed_ap_fixed_8_5_5_3_0_int_int_int_int_int_local_input_4|         array|
|pool_ap_fixed_ap_fixed_8_5_5_3_0_int_int_int_int_int_local_input_4_address1  |  out|   11|   ap_memory|  pool_ap_fixed_ap_fixed_8_5_5_3_0_int_int_int_int_int_local_input_4|         array|
|pool_ap_fixed_ap_fixed_8_5_5_3_0_int_int_int_int_int_local_input_4_ce1       |  out|    1|   ap_memory|  pool_ap_fixed_ap_fixed_8_5_5_3_0_int_int_int_int_int_local_input_4|         array|
|pool_ap_fixed_ap_fixed_8_5_5_3_0_int_int_int_int_int_local_input_4_q1        |   in|    8|   ap_memory|  pool_ap_fixed_ap_fixed_8_5_5_3_0_int_int_int_int_int_local_input_4|         array|
|pool_ap_fixed_ap_fixed_8_5_5_3_0_int_int_int_int_int_local_input_3_address0  |  out|   11|   ap_memory|  pool_ap_fixed_ap_fixed_8_5_5_3_0_int_int_int_int_int_local_input_3|         array|
|pool_ap_fixed_ap_fixed_8_5_5_3_0_int_int_int_int_int_local_input_3_ce0       |  out|    1|   ap_memory|  pool_ap_fixed_ap_fixed_8_5_5_3_0_int_int_int_int_int_local_input_3|         array|
|pool_ap_fixed_ap_fixed_8_5_5_3_0_int_int_int_int_int_local_input_3_q0        |   in|    8|   ap_memory|  pool_ap_fixed_ap_fixed_8_5_5_3_0_int_int_int_int_int_local_input_3|         array|
|pool_ap_fixed_ap_fixed_8_5_5_3_0_int_int_int_int_int_local_input_3_address1  |  out|   11|   ap_memory|  pool_ap_fixed_ap_fixed_8_5_5_3_0_int_int_int_int_int_local_input_3|         array|
|pool_ap_fixed_ap_fixed_8_5_5_3_0_int_int_int_int_int_local_input_3_ce1       |  out|    1|   ap_memory|  pool_ap_fixed_ap_fixed_8_5_5_3_0_int_int_int_int_int_local_input_3|         array|
|pool_ap_fixed_ap_fixed_8_5_5_3_0_int_int_int_int_int_local_input_3_q1        |   in|    8|   ap_memory|  pool_ap_fixed_ap_fixed_8_5_5_3_0_int_int_int_int_int_local_input_3|         array|
|pool_ap_fixed_ap_fixed_8_5_5_3_0_int_int_int_int_int_local_input_2_address0  |  out|   11|   ap_memory|  pool_ap_fixed_ap_fixed_8_5_5_3_0_int_int_int_int_int_local_input_2|         array|
|pool_ap_fixed_ap_fixed_8_5_5_3_0_int_int_int_int_int_local_input_2_ce0       |  out|    1|   ap_memory|  pool_ap_fixed_ap_fixed_8_5_5_3_0_int_int_int_int_int_local_input_2|         array|
|pool_ap_fixed_ap_fixed_8_5_5_3_0_int_int_int_int_int_local_input_2_q0        |   in|    8|   ap_memory|  pool_ap_fixed_ap_fixed_8_5_5_3_0_int_int_int_int_int_local_input_2|         array|
|pool_ap_fixed_ap_fixed_8_5_5_3_0_int_int_int_int_int_local_input_2_address1  |  out|   11|   ap_memory|  pool_ap_fixed_ap_fixed_8_5_5_3_0_int_int_int_int_int_local_input_2|         array|
|pool_ap_fixed_ap_fixed_8_5_5_3_0_int_int_int_int_int_local_input_2_ce1       |  out|    1|   ap_memory|  pool_ap_fixed_ap_fixed_8_5_5_3_0_int_int_int_int_int_local_input_2|         array|
|pool_ap_fixed_ap_fixed_8_5_5_3_0_int_int_int_int_int_local_input_2_q1        |   in|    8|   ap_memory|  pool_ap_fixed_ap_fixed_8_5_5_3_0_int_int_int_int_int_local_input_2|         array|
|pool_ap_fixed_ap_fixed_8_5_5_3_0_int_int_int_int_int_local_input_1_address0  |  out|   11|   ap_memory|  pool_ap_fixed_ap_fixed_8_5_5_3_0_int_int_int_int_int_local_input_1|         array|
|pool_ap_fixed_ap_fixed_8_5_5_3_0_int_int_int_int_int_local_input_1_ce0       |  out|    1|   ap_memory|  pool_ap_fixed_ap_fixed_8_5_5_3_0_int_int_int_int_int_local_input_1|         array|
|pool_ap_fixed_ap_fixed_8_5_5_3_0_int_int_int_int_int_local_input_1_q0        |   in|    8|   ap_memory|  pool_ap_fixed_ap_fixed_8_5_5_3_0_int_int_int_int_int_local_input_1|         array|
|pool_ap_fixed_ap_fixed_8_5_5_3_0_int_int_int_int_int_local_input_1_address1  |  out|   11|   ap_memory|  pool_ap_fixed_ap_fixed_8_5_5_3_0_int_int_int_int_int_local_input_1|         array|
|pool_ap_fixed_ap_fixed_8_5_5_3_0_int_int_int_int_int_local_input_1_ce1       |  out|    1|   ap_memory|  pool_ap_fixed_ap_fixed_8_5_5_3_0_int_int_int_int_int_local_input_1|         array|
|pool_ap_fixed_ap_fixed_8_5_5_3_0_int_int_int_int_int_local_input_1_q1        |   in|    8|   ap_memory|  pool_ap_fixed_ap_fixed_8_5_5_3_0_int_int_int_int_int_local_input_1|         array|
|pool_ap_fixed_ap_fixed_8_5_5_3_0_int_int_int_int_int_local_input_address0    |  out|   11|   ap_memory|    pool_ap_fixed_ap_fixed_8_5_5_3_0_int_int_int_int_int_local_input|         array|
|pool_ap_fixed_ap_fixed_8_5_5_3_0_int_int_int_int_int_local_input_ce0         |  out|    1|   ap_memory|    pool_ap_fixed_ap_fixed_8_5_5_3_0_int_int_int_int_int_local_input|         array|
|pool_ap_fixed_ap_fixed_8_5_5_3_0_int_int_int_int_int_local_input_q0          |   in|    8|   ap_memory|    pool_ap_fixed_ap_fixed_8_5_5_3_0_int_int_int_int_int_local_input|         array|
|pool_ap_fixed_ap_fixed_8_5_5_3_0_int_int_int_int_int_local_input_address1    |  out|   11|   ap_memory|    pool_ap_fixed_ap_fixed_8_5_5_3_0_int_int_int_int_int_local_input|         array|
|pool_ap_fixed_ap_fixed_8_5_5_3_0_int_int_int_int_int_local_input_ce1         |  out|    1|   ap_memory|    pool_ap_fixed_ap_fixed_8_5_5_3_0_int_int_int_int_int_local_input|         array|
|pool_ap_fixed_ap_fixed_8_5_5_3_0_int_int_int_int_int_local_input_q1          |   in|    8|   ap_memory|    pool_ap_fixed_ap_fixed_8_5_5_3_0_int_int_int_int_int_local_input|         array|
+-----------------------------------------------------------------------------+-----+-----+------------+--------------------------------------------------------------------+--------------+

