

================================================================
== Vitis HLS Report for 'pool_Pipeline_LOAD_POOL'
================================================================
* Date:           Sat Mar  7 18:28:21 2026

* Version:        2025.2 (Build 6295257 on Nov 14 2025)
* Project:        top
* Solution:       hls (Vivado IP Flow Target)
* Product family: zynq
* Target device:  xc7z020-clg484-1


================================================================
== Performance Estimates
================================================================
+ Timing: 
    * Summary: 
    +--------+----------+----------+------------+
    |  Clock |  Target  | Estimated| Uncertainty|
    +--------+----------+----------+------------+
    |ap_clk  |  10.00 ns|  8.750 ns|     1.25 ns|
    +--------+----------+----------+------------+

+ Latency: 
    * Summary: 
    +---------+---------+-----------+-----------+-----+-----+-------------------+
    |  Latency (cycles) |   Latency (absolute)  |  Interval |      Pipeline     |
    |   min   |   max   |    min    |    max    | min | max |        Type       |
    +---------+---------+-----------+-----------+-----+-----+-------------------+
    |     6275|     6275|  62.750 us|  62.750 us|    0|    0|  loop pipeline stp|
    +---------+---------+-----------+-----------+-----+-----+-------------------+

    + Detail: 
        * Instance: 
        N/A

        * Loop: 
        +-------------+---------+---------+----------+-----------+-----------+------+----------+
        |             |  Latency (cycles) | Iteration|  Initiation Interval  | Trip |          |
        |  Loop Name  |   min   |   max   |  Latency |  achieved |   target  | Count| Pipelined|
        +-------------+---------+---------+----------+-----------+-----------+------+----------+
        |- LOAD_POOL  |     6273|     6273|         3|          1|          1|  6272|       yes|
        +-------------+---------+---------+----------+-----------+-----------+------+----------+



================================================================
== Utilization Estimates
================================================================
* Summary: 
+-----------------+---------+-----+--------+-------+-----+
|       Name      | BRAM_18K| DSP |   FF   |  LUT  | URAM|
+-----------------+---------+-----+--------+-------+-----+
|DSP              |        -|    -|       -|      -|    -|
|Expression       |        -|    -|       0|    107|    -|
|FIFO             |        -|    -|       -|      -|    -|
|Instance         |        -|    -|       -|      -|    -|
|Memory           |        -|    -|       -|      -|    -|
|Multiplexer      |        -|    -|       0|     72|    -|
|Register         |        -|    -|      73|      -|    -|
+-----------------+---------+-----+--------+-------+-----+
|Total            |        0|    0|      73|    179|    0|
+-----------------+---------+-----+--------+-------+-----+
|Available        |      280|  220|  106400|  53200|    0|
+-----------------+---------+-----+--------+-------+-----+
|Utilization (%)  |        0|    0|      ~0|     ~0|    0|
+-----------------+---------+-----+--------+-------+-----+

+ Detail: 
    * Instance: 
    N/A

    * DSP: 
    N/A

    * Memory: 
    N/A

    * FIFO: 
    N/A

    * Expression: 
    +---------------------------+----------+----+---+----+------------+------------+
    |       Variable Name       | Operation| DSP| FF| LUT| Bitwidth P0| Bitwidth P1|
    +---------------------------+----------+----+---+----+------------+------------+
    |add_ln17_1_fu_280_p2       |         +|   0|  0|  34|          27|          14|
    |add_ln17_2_fu_247_p2       |         +|   0|  0|  14|          13|           1|
    |add_ln17_fu_219_p2         |         +|   0|  0|  14|          13|           1|
    |ap_block_pp0_stage0_11001  |       and|   0|  0|   2|           1|           1|
    |icmp_ln17_1_fu_253_p2      |      icmp|   0|  0|  14|          13|           3|
    |icmp_ln17_fu_213_p2        |      icmp|   0|  0|  14|          13|          12|
    |select_ln17_fu_259_p3      |    select|   0|  0|  13|           1|           1|
    |ap_enable_pp0              |       xor|   0|  0|   2|           1|           2|
    +---------------------------+----------+----+---+----+------------+------------+
    |Total                      |          |   0|  0| 107|          82|          35|
    +---------------------------+----------+----+---+----+------------+------------+

    * Multiplexer: 
    +--------------------------------+----+-----------+-----+-----------+
    |              Name              | LUT| Input Size| Bits| Total Bits|
    +--------------------------------+----+-----------+-----+-----------+
    |ap_done_int                     |   9|          2|    1|          2|
    |ap_enable_reg_pp0_iter1         |   9|          2|    1|          2|
    |ap_sig_allocacmp_i_2            |   9|          2|   13|         26|
    |ap_sig_allocacmp_phi_urem_load  |   9|          2|   13|         26|
    |gmem0_blk_n_R                   |   9|          2|    1|          2|
    |i_fu_92                         |   9|          2|   13|         26|
    |phi_mul_fu_88                   |   9|          2|   27|         54|
    |phi_urem_fu_84                  |   9|          2|   13|         26|
    +--------------------------------+----+-----------+-----+-----------+
    |Total                           |  72|         16|   82|        164|
    +--------------------------------+----+-----------+-----+-----------+

    * Register: 
    +-------------------------------------------+----+----+-----+-----------+
    |                    Name                   | FF | LUT| Bits| Const Bits|
    +-------------------------------------------+----+----+-----+-----------+
    |ap_CS_fsm                                  |   1|   0|    1|          0|
    |ap_block_pp0_stage0_subdone_grp0_done_reg  |   1|   0|    1|          0|
    |ap_done_reg                                |   1|   0|    1|          0|
    |ap_enable_reg_pp0_iter1                    |   1|   0|    1|          0|
    |ap_enable_reg_pp0_iter2                    |   1|   0|    1|          0|
    |ap_loop_exit_ready_pp0_iter1_reg           |   1|   0|    1|          0|
    |gmem0_addr_read_reg_344                    |   8|   0|    8|          0|
    |i_fu_92                                    |  13|   0|   13|          0|
    |phi_mul_fu_88                              |  27|   0|   27|          0|
    |phi_urem_fu_84                             |  13|   0|   13|          0|
    |trunc_ln17_reg_340                         |   3|   0|    3|          0|
    |trunc_ln17_reg_340_pp0_iter1_reg           |   3|   0|    3|          0|
    +-------------------------------------------+----+----+-----+-----------+
    |Total                                      |  73|   0|   73|          0|
    +-------------------------------------------+----+----+-----+-----------+



================================================================
== Interface
================================================================
* Summary: 
+-----------------------------------------------------------------------------+-----+-----+------------+--------------------------------------------------------------------+--------------+
|                                  RTL Ports                                  | Dir | Bits|  Protocol  |                            Source Object                           |    C Type    |
+-----------------------------------------------------------------------------+-----+-----+------------+--------------------------------------------------------------------+--------------+
|ap_clk                                                                       |   in|    1|  ap_ctrl_hs|                                             pool_Pipeline_LOAD_POOL|  return value|
|ap_rst                                                                       |   in|    1|  ap_ctrl_hs|                                             pool_Pipeline_LOAD_POOL|  return value|
|ap_start                                                                     |   in|    1|  ap_ctrl_hs|                                             pool_Pipeline_LOAD_POOL|  return value|
|ap_done                                                                      |  out|    1|  ap_ctrl_hs|                                             pool_Pipeline_LOAD_POOL|  return value|
|ap_idle                                                                      |  out|    1|  ap_ctrl_hs|                                             pool_Pipeline_LOAD_POOL|  return value|
|ap_ready                                                                     |  out|    1|  ap_ctrl_hs|                                             pool_Pipeline_LOAD_POOL|  return value|
|m_axi_gmem0_0_AWVALID                                                        |  out|    1|       m_axi|                                                               gmem0|       pointer|
|m_axi_gmem0_0_AWREADY                                                        |   in|    1|       m_axi|                                                               gmem0|       pointer|
|m_axi_gmem0_0_AWADDR                                                         |  out|   64|       m_axi|                                                               gmem0|       pointer|
|m_axi_gmem0_0_AWID                                                           |  out|    1|       m_axi|                                                               gmem0|       pointer|
|m_axi_gmem0_0_AWLEN                                                          |  out|   32|       m_axi|                                                               gmem0|       pointer|
|m_axi_gmem0_0_AWSIZE                                                         |  out|    3|       m_axi|                                                               gmem0|       pointer|
|m_axi_gmem0_0_AWBURST                                                        |  out|    2|       m_axi|                                                               gmem0|       pointer|
|m_axi_gmem0_0_AWLOCK                                                         |  out|    2|       m_axi|                                                               gmem0|       pointer|
|m_axi_gmem0_0_AWCACHE                                                        |  out|    4|       m_axi|                                                               gmem0|       pointer|
|m_axi_gmem0_0_AWPROT                                                         |  out|    3|       m_axi|                                                               gmem0|       pointer|
|m_axi_gmem0_0_AWQOS                                                          |  out|    4|       m_axi|                                                               gmem0|       pointer|
|m_axi_gmem0_0_AWREGION                                                       |  out|    4|       m_axi|                                                               gmem0|       pointer|
|m_axi_gmem0_0_AWUSER                                                         |  out|    1|       m_axi|                                                               gmem0|       pointer|
|m_axi_gmem0_0_WVALID                                                         |  out|    1|       m_axi|                                                               gmem0|       pointer|
|m_axi_gmem0_0_WREADY                                                         |   in|    1|       m_axi|                                                               gmem0|       pointer|
|m_axi_gmem0_0_WDATA                                                          |  out|    8|       m_axi|                                                               gmem0|       pointer|
|m_axi_gmem0_0_WSTRB                                                          |  out|    1|       m_axi|                                                               gmem0|       pointer|
|m_axi_gmem0_0_WLAST                                                          |  out|    1|       m_axi|                                                               gmem0|       pointer|
|m_axi_gmem0_0_WID                                                            |  out|    1|       m_axi|                                                               gmem0|       pointer|
|m_axi_gmem0_0_WUSER                                                          |  out|    1|       m_axi|                                                               gmem0|       pointer|
|m_axi_gmem0_0_ARVALID                                                        |  out|    1|       m_axi|                                                               gmem0|       pointer|
|m_axi_gmem0_0_ARREADY                                                        |   in|    1|       m_axi|                                                               gmem0|       pointer|
|m_axi_gmem0_0_ARADDR                                                         |  out|   64|       m_axi|                                                               gmem0|       pointer|
|m_axi_gmem0_0_ARID                                                           |  out|    1|       m_axi|                                                               gmem0|       pointer|
|m_axi_gmem0_0_ARLEN                                                          |  out|   32|       m_axi|                                                               gmem0|       pointer|
|m_axi_gmem0_0_ARSIZE                                                         |  out|    3|       m_axi|                                                               gmem0|       pointer|
|m_axi_gmem0_0_ARBURST                                                        |  out|    2|       m_axi|                                                               gmem0|       pointer|
|m_axi_gmem0_0_ARLOCK                                                         |  out|    2|       m_axi|                                                               gmem0|       pointer|
|m_axi_gmem0_0_ARCACHE                                                        |  out|    4|       m_axi|                                                               gmem0|       pointer|
|m_axi_gmem0_0_ARPROT                                                         |  out|    3|       m_axi|                                                               gmem0|       pointer|
|m_axi_gmem0_0_ARQOS                                                          |  out|    4|       m_axi|                                                               gmem0|       pointer|
|m_axi_gmem0_0_ARREGION                                                       |  out|    4|       m_axi|                                                               gmem0|       pointer|
|m_axi_gmem0_0_ARUSER                                                         |  out|    1|       m_axi|                                                               gmem0|       pointer|
|m_axi_gmem0_0_RVALID                                                         |   in|    1|       m_axi|                                                               gmem0|       pointer|
|m_axi_gmem0_0_RREADY                                                         |  out|    1|       m_axi|                                                               gmem0|       pointer|
|m_axi_gmem0_0_RDATA                                                          |   in|    8|       m_axi|                                                               gmem0|       pointer|
|m_axi_gmem0_0_RLAST                                                          |   in|    1|       m_axi|                                                               gmem0|       pointer|
|m_axi_gmem0_0_RID                                                            |   in|    1|       m_axi|                                                               gmem0|       pointer|
|m_axi_gmem0_0_RFIFONUM                                                       |   in|   11|       m_axi|                                                               gmem0|       pointer|
|m_axi_gmem0_0_RUSER                                                          |   in|    1|       m_axi|                                                               gmem0|       pointer|
|m_axi_gmem0_0_RRESP                                                          |   in|    2|       m_axi|                                                               gmem0|       pointer|
|m_axi_gmem0_0_BVALID                                                         |   in|    1|       m_axi|                                                               gmem0|       pointer|
|m_axi_gmem0_0_BREADY                                                         |  out|    1|       m_axi|                                                               gmem0|       pointer|
|m_axi_gmem0_0_BRESP                                                          |   in|    2|       m_axi|                                                               gmem0|       pointer|
|m_axi_gmem0_0_BID                                                            |   in|    1|       m_axi|                                                               gmem0|       pointer|
|m_axi_gmem0_0_BUSER                                                          |   in|    1|       m_axi|                                                               gmem0|       pointer|
|input_r                                                                      |   in|   64|     ap_none|                                                             input_r|        scalar|
|pool_ap_fixed_ap_fixed_8_5_5_3_0_int_int_int_int_int_local_input_4_address1  |  out|   11|   ap_memory|  pool_ap_fixed_ap_fixed_8_5_5_3_0_int_int_int_int_int_local_input_4|         array|
|pool_ap_fixed_ap_fixed_8_5_5_3_0_int_int_int_int_int_local_input_4_ce1       |  out|    1|   ap_memory|  pool_ap_fixed_ap_fixed_8_5_5_3_0_int_int_int_int_int_local_input_4|         array|
|pool_ap_fixed_ap_fixed_8_5_5_3_0_int_int_int_int_int_local_input_4_we1       |  out|    1|   ap_memory|  pool_ap_fixed_ap_fixed_8_5_5_3_0_int_int_int_int_int_local_input_4|         array|
|pool_ap_fixed_ap_fixed_8_5_5_3_0_int_int_int_int_int_local_input_4_d1        |  out|    8|   ap_memory|  pool_ap_fixed_ap_fixed_8_5_5_3_0_int_int_int_int_int_local_input_4|         array|
|pool_ap_fixed_ap_fixed_8_5_5_3_0_int_int_int_int_int_local_input_3_address1  |  out|   11|   ap_memory|  pool_ap_fixed_ap_fixed_8_5_5_3_0_int_int_int_int_int_local_input_3|         array|
|pool_ap_fixed_ap_fixed_8_5_5_3_0_int_int_int_int_int_local_input_3_ce1       |  out|    1|   ap_memory|  pool_ap_fixed_ap_fixed_8_5_5_3_0_int_int_int_int_int_local_input_3|         array|
|pool_ap_fixed_ap_fixed_8_5_5_3_0_int_int_int_int_int_local_input_3_we1       |  out|    1|   ap_memory|  pool_ap_fixed_ap_fixed_8_5_5_3_0_int_int_int_int_int_local_input_3|         array|
|pool_ap_fixed_ap_fixed_8_5_5_3_0_int_int_int_int_int_local_input_3_d1        |  out|    8|   ap_memory|  pool_ap_fixed_ap_fixed_8_5_5_3_0_int_int_int_int_int_local_input_3|         array|
|pool_ap_fixed_ap_fixed_8_5_5_3_0_int_int_int_int_int_local_input_2_address1  |  out|   11|   ap_memory|  pool_ap_fixed_ap_fixed_8_5_5_3_0_int_int_int_int_int_local_input_2|         array|
|pool_ap_fixed_ap_fixed_8_5_5_3_0_int_int_int_int_int_local_input_2_ce1       |  out|    1|   ap_memory|  pool_ap_fixed_ap_fixed_8_5_5_3_0_int_int_int_int_int_local_input_2|         array|
|pool_ap_fixed_ap_fixed_8_5_5_3_0_int_int_int_int_int_local_input_2_we1       |  out|    1|   ap_memory|  pool_ap_fixed_ap_fixed_8_5_5_3_0_int_int_int_int_int_local_input_2|         array|
|pool_ap_fixed_ap_fixed_8_5_5_3_0_int_int_int_int_int_local_input_2_d1        |  out|    8|   ap_memory|  pool_ap_fixed_ap_fixed_8_5_5_3_0_int_int_int_int_int_local_input_2|         array|
|pool_ap_fixed_ap_fixed_8_5_5_3_0_int_int_int_int_int_local_input_1_address1  |  out|   11|   ap_memory|  pool_ap_fixed_ap_fixed_8_5_5_3_0_int_int_int_int_int_local_input_1|         array|
|pool_ap_fixed_ap_fixed_8_5_5_3_0_int_int_int_int_int_local_input_1_ce1       |  out|    1|   ap_memory|  pool_ap_fixed_ap_fixed_8_5_5_3_0_int_int_int_int_int_local_input_1|         array|
|pool_ap_fixed_ap_fixed_8_5_5_3_0_int_int_int_int_int_local_input_1_we1       |  out|    1|   ap_memory|  pool_ap_fixed_ap_fixed_8_5_5_3_0_int_int_int_int_int_local_input_1|         array|
|pool_ap_fixed_ap_fixed_8_5_5_3_0_int_int_int_int_int_local_input_1_d1        |  out|    8|   ap_memory|  pool_ap_fixed_ap_fixed_8_5_5_3_0_int_int_int_int_int_local_input_1|         array|
|pool_ap_fixed_ap_fixed_8_5_5_3_0_int_int_int_int_int_local_input_address1    |  out|   11|   ap_memory|    pool_ap_fixed_ap_fixed_8_5_5_3_0_int_int_int_int_int_local_input|         array|
|pool_ap_fixed_ap_fixed_8_5_5_3_0_int_int_int_int_int_local_input_ce1         |  out|    1|   ap_memory|    pool_ap_fixed_ap_fixed_8_5_5_3_0_int_int_int_int_int_local_input|         array|
|pool_ap_fixed_ap_fixed_8_5_5_3_0_int_int_int_int_int_local_input_we1         |  out|    1|   ap_memory|    pool_ap_fixed_ap_fixed_8_5_5_3_0_int_int_int_int_int_local_input|         array|
|pool_ap_fixed_ap_fixed_8_5_5_3_0_int_int_int_int_int_local_input_d1          |  out|    8|   ap_memory|    pool_ap_fixed_ap_fixed_8_5_5_3_0_int_int_int_int_int_local_input|         array|
+-----------------------------------------------------------------------------+-----+-----+------------+--------------------------------------------------------------------+--------------+

