

================================================================
== Vitis HLS Report for 'top'
================================================================
* Date:           Sat Mar  7 18:28:23 2026

* Version:        2025.2 (Build 6295257 on Nov 14 2025)
* Project:        top
* Solution:       hls (Vivado IP Flow Target)
* Product family: zynq
* Target device:  xc7z020-clg484-1


================================================================
== Performance Estimates
================================================================
+ Timing: 
    * Summary: 
    +--------+----------+----------+------------+
    |  Clock |  Target  | Estimated| Uncertainty|
    +--------+----------+----------+------------+
    |ap_clk  |  10.00 ns|  8.750 ns|     1.25 ns|
    +--------+----------+----------+------------+

+ Latency: 
    * Summary: 
    +---------+---------+----------+----------+--------+--------+---------+
    |  Latency (cycles) |  Latency (absolute) |     Interval    | Pipeline|
    |   min   |   max   |    min   |    max   |   min  |   max  |   Type  |
    +---------+---------+----------+----------+--------+--------+---------+
    |   140719|   140719|  1.407 ms|  1.407 ms|  140720|  140720|       no|
    +---------+---------+----------+----------+--------+--------+---------+

    + Detail: 
        * Instance: 
        +-------------------------------------------------+--------------------------------------+---------+---------+-----------+-----------+--------+--------+-------------------+
        |                                                 |                                      |  Latency (cycles) |   Latency (absolute)  |     Interval    |      Pipeline     |
        |                     Instance                    |                Module                |   min   |   max   |    min    |    max    |   min  |   max  |        Type       |
        +-------------------------------------------------+--------------------------------------+---------+---------+-----------+-----------+--------+--------+-------------------+
        |grp_conv1_fu_527                                 |conv1                                 |     7196|     7196|  71.960 us|  71.960 us|    7196|    7196|                 no|
        |grp_pool_fu_699                                  |pool                                  |     7878|     7878|  78.780 us|  78.780 us|    7878|    7878|                 no|
        |grp_conv2_fu_717                                 |conv2                                 |   113020|   113020|   1.130 ms|   1.130 ms|  113020|  113020|                 no|
        |grp_pool_1_fu_795                                |pool_1                                |     3958|     3958|  39.580 us|  39.580 us|    3958|    3958|                 no|
        |grp_top_Pipeline_LOAD_IN_fu_813                  |top_Pipeline_LOAD_IN                  |      787|      787|   7.870 us|   7.870 us|       0|       0|  loop pipeline stp|
        |grp_top_Pipeline_LOAD_BIAS_fu_836                |top_Pipeline_LOAD_BIAS                |       12|       12|   0.120 us|   0.120 us|       0|       0|  loop pipeline stp|
        |grp_top_Pipeline_DENSE_OUTER_DENSE_INNER_fu_853  |top_Pipeline_DENSE_OUTER_DENSE_INNER  |     7847|     7847|  78.470 us|  78.470 us|       0|       0|  loop pipeline stp|
        +-------------------------------------------------+--------------------------------------+---------+---------+-----------+-----------+--------+--------+-------------------+

        * Loop: 
        N/A



================================================================
== Utilization Estimates
================================================================
* Summary: 
+-----------------+---------+-----+--------+-------+-----+
|       Name      | BRAM_18K| DSP |   FF   |  LUT  | URAM|
+-----------------+---------+-----+--------+-------+-----+
|DSP              |        -|    -|       -|      -|    -|
|Expression       |        -|    -|       0|      4|    -|
|FIFO             |        -|    -|       -|      -|    -|
|Instance         |       37|   27|    7925|  16846|    0|
|Memory           |        5|    -|      64|    104|    0|
|Multiplexer      |        -|    -|       0|   1420|    -|
|Register         |        -|    -|     809|      -|    -|
+-----------------+---------+-----+--------+-------+-----+
|Total            |       42|   27|    8798|  18374|    0|
+-----------------+---------+-----+--------+-------+-----+
|Available        |      280|  220|  106400|  53200|    0|
+-----------------+---------+-----+--------+-------+-----+
|Utilization (%)  |       15|   12|       8|     34|    0|
+-----------------+---------+-----+--------+-------+-----+

+ Detail: 
    * Instance: 
    +-------------------------------------------------+--------------------------------------+---------+----+------+------+-----+
    |                     Instance                    |                Module                | BRAM_18K| DSP|  FF  |  LUT | URAM|
    +-------------------------------------------------+--------------------------------------+---------+----+------+------+-----+
    |control_s_axi_U                                  |control_s_axi                         |        0|   0|   876|  1576|    0|
    |grp_conv1_fu_527                                 |conv1                                 |       16|   9|  1786|  4213|    0|
    |grp_conv2_fu_717                                 |conv2                                 |       17|   9|  1712|  5276|    0|
    |gmem0_m_axi_U                                    |gmem0_m_axi                           |        2|   0|   806|   845|    0|
    |gmem1_m_axi_U                                    |gmem1_m_axi                           |        2|   0|   707|   777|    0|
    |grp_pool_fu_699                                  |pool                                  |        0|   4|   831|  1799|    0|
    |grp_pool_1_fu_795                                |pool_1                                |        0|   4|   778|  1801|    0|
    |grp_top_Pipeline_DENSE_OUTER_DENSE_INNER_fu_853  |top_Pipeline_DENSE_OUTER_DENSE_INNER  |        0|   1|   294|   409|    0|
    |grp_top_Pipeline_LOAD_BIAS_fu_836                |top_Pipeline_LOAD_BIAS                |        0|   0|    91|    75|    0|
    |grp_top_Pipeline_LOAD_IN_fu_813                  |top_Pipeline_LOAD_IN                  |        0|   0|    44|    75|    0|
    +-------------------------------------------------+--------------------------------------+---------+----+------+------+-----+
    |Total                                            |                                      |       37|  27|  7925| 16846|    0|
    +-------------------------------------------------+--------------------------------------+---------+----+------+------+-----+

    * DSP: 
    N/A

    * Memory: 
    +----------------------------------------------------------------------+----------------------------------------------------------------------------------+---------+---+----+-----+------+-----+------+-------------+
    |                                Memory                                |                                      Module                                      | BRAM_18K| FF| LUT| URAM| Words| Bits| Banks| W*Bits*Banks|
    +----------------------------------------------------------------------+----------------------------------------------------------------------------------+---------+---+----+-----+------+-----+------+-------------+
    |dense_ap_fixed_ap_fixed_ap_fixed_ap_fixed_8_5_5_3_0_temp_7_U          |dense_ap_fixed_ap_fixed_ap_fixed_ap_fixed_8_5_5_3_0_temp_7_RAM_AUTO_1R1W          |        0|  8|  13|    0|    98|    8|     1|          784|
    |dense_ap_fixed_ap_fixed_ap_fixed_ap_fixed_8_5_5_3_0_temp_3_U          |dense_ap_fixed_ap_fixed_ap_fixed_ap_fixed_8_5_5_3_0_temp_7_RAM_AUTO_1R1W          |        0|  8|  13|    0|    98|    8|     1|          784|
    |dense_ap_fixed_ap_fixed_ap_fixed_ap_fixed_8_5_5_3_0_temp_2_U          |dense_ap_fixed_ap_fixed_ap_fixed_ap_fixed_8_5_5_3_0_temp_7_RAM_AUTO_1R1W          |        0|  8|  13|    0|    98|    8|     1|          784|
    |dense_ap_fixed_ap_fixed_ap_fixed_ap_fixed_8_5_5_3_0_temp_1_U          |dense_ap_fixed_ap_fixed_ap_fixed_ap_fixed_8_5_5_3_0_temp_7_RAM_AUTO_1R1W          |        0|  8|  13|    0|    98|    8|     1|          784|
    |dense_ap_fixed_ap_fixed_ap_fixed_ap_fixed_8_5_5_3_0_temp_U            |dense_ap_fixed_ap_fixed_ap_fixed_ap_fixed_8_5_5_3_0_temp_7_RAM_AUTO_1R1W          |        0|  8|  13|    0|    98|    8|     1|          784|
    |dense_ap_fixed_ap_fixed_ap_fixed_ap_fixed_8_5_5_3_0_temp_6_U          |dense_ap_fixed_ap_fixed_ap_fixed_ap_fixed_8_5_5_3_0_temp_7_RAM_AUTO_1R1W          |        0|  8|  13|    0|    98|    8|     1|          784|
    |dense_ap_fixed_ap_fixed_ap_fixed_ap_fixed_8_5_5_3_0_temp_5_U          |dense_ap_fixed_ap_fixed_ap_fixed_ap_fixed_8_5_5_3_0_temp_7_RAM_AUTO_1R1W          |        0|  8|  13|    0|    98|    8|     1|          784|
    |dense_ap_fixed_ap_fixed_ap_fixed_ap_fixed_8_5_5_3_0_temp_4_U          |dense_ap_fixed_ap_fixed_ap_fixed_ap_fixed_8_5_5_3_0_temp_7_RAM_AUTO_1R1W          |        0|  8|  13|    0|    98|    8|     1|          784|
    |pool_ap_fixed_ap_fixed_8_5_5_3_0_int_int_int_int_int_local_input_4_U  |pool_ap_fixed_ap_fixed_8_5_5_3_0_int_int_int_int_int_local_input_4_RAM_2P_BRAkbM  |        1|  0|   0|    0|  1255|    8|     1|        10040|
    |pool_ap_fixed_ap_fixed_8_5_5_3_0_int_int_int_int_int_local_input_3_U  |pool_ap_fixed_ap_fixed_8_5_5_3_0_int_int_int_int_int_local_input_4_RAM_2P_BRAkbM  |        1|  0|   0|    0|  1255|    8|     1|        10040|
    |pool_ap_fixed_ap_fixed_8_5_5_3_0_int_int_int_int_int_local_input_2_U  |pool_ap_fixed_ap_fixed_8_5_5_3_0_int_int_int_int_int_local_input_4_RAM_2P_BRAkbM  |        1|  0|   0|    0|  1255|    8|     1|        10040|
    |pool_ap_fixed_ap_fixed_8_5_5_3_0_int_int_int_int_int_local_input_1_U  |pool_ap_fixed_ap_fixed_8_5_5_3_0_int_int_int_int_int_local_input_4_RAM_2P_BRAkbM  |        1|  0|   0|    0|  1255|    8|     1|        10040|
    |pool_ap_fixed_ap_fixed_8_5_5_3_0_int_int_int_int_int_local_input_U    |pool_ap_fixed_ap_fixed_8_5_5_3_0_int_int_int_int_int_local_input_4_RAM_2P_BRAkbM  |        1|  0|   0|    0|  1255|    8|     1|        10040|
    +----------------------------------------------------------------------+----------------------------------------------------------------------------------+---------+---+----+-----+------+-----+------+-------------+
    |Total                                                                 |                                                                                  |        5| 64| 104|    0|  7059|  104|    13|        56472|
    +----------------------------------------------------------------------+----------------------------------------------------------------------------------+---------+---+----+-----+------+-----+------+-------------+

    * FIFO: 
    N/A

    * Expression: 
    +----------------------------------+----------+----+---+----+------------+------------+
    |           Variable Name          | Operation| DSP| FF| LUT| Bitwidth P0| Bitwidth P1|
    +----------------------------------+----------+----+---+----+------------+------------+
    |ap_block_state10_io               |        or|   0|  0|   2|           1|           1|
    |ap_block_state19_on_subcall_done  |        or|   0|  0|   2|           1|           1|
    +----------------------------------+----------+----+---+----+------------+------------+
    |Total                             |          |   0|  0|   4|           2|           2|
    +----------------------------------+----------+----+---+----+------------+------------+

    * Multiplexer: 
    +-----------------------------------------------------------------------------+-----+-----------+-----+-----------+
    |                                     Name                                    | LUT | Input Size| Bits| Total Bits|
    +-----------------------------------------------------------------------------+-----+-----------+-----+-----------+
    |ap_NS_fsm                                                                    |  155|         35|    1|         35|
    |dense_ap_fixed_ap_fixed_ap_fixed_ap_fixed_8_5_5_3_0_temp_1_address0          |   14|          3|    7|         21|
    |dense_ap_fixed_ap_fixed_ap_fixed_ap_fixed_8_5_5_3_0_temp_1_ce0               |   14|          3|    1|          3|
    |dense_ap_fixed_ap_fixed_ap_fixed_ap_fixed_8_5_5_3_0_temp_1_we0               |    9|          2|    1|          2|
    |dense_ap_fixed_ap_fixed_ap_fixed_ap_fixed_8_5_5_3_0_temp_2_address0          |   14|          3|    7|         21|
    |dense_ap_fixed_ap_fixed_ap_fixed_ap_fixed_8_5_5_3_0_temp_2_ce0               |   14|          3|    1|          3|
    |dense_ap_fixed_ap_fixed_ap_fixed_ap_fixed_8_5_5_3_0_temp_2_we0               |    9|          2|    1|          2|
    |dense_ap_fixed_ap_fixed_ap_fixed_ap_fixed_8_5_5_3_0_temp_3_address0          |   14|          3|    7|         21|
    |dense_ap_fixed_ap_fixed_ap_fixed_ap_fixed_8_5_5_3_0_temp_3_ce0               |   14|          3|    1|          3|
    |dense_ap_fixed_ap_fixed_ap_fixed_ap_fixed_8_5_5_3_0_temp_3_we0               |    9|          2|    1|          2|
    |dense_ap_fixed_ap_fixed_ap_fixed_ap_fixed_8_5_5_3_0_temp_4_address0          |   14|          3|    7|         21|
    |dense_ap_fixed_ap_fixed_ap_fixed_ap_fixed_8_5_5_3_0_temp_4_ce0               |   14|          3|    1|          3|
    |dense_ap_fixed_ap_fixed_ap_fixed_ap_fixed_8_5_5_3_0_temp_4_we0               |    9|          2|    1|          2|
    |dense_ap_fixed_ap_fixed_ap_fixed_ap_fixed_8_5_5_3_0_temp_5_address0          |   14|          3|    7|         21|
    |dense_ap_fixed_ap_fixed_ap_fixed_ap_fixed_8_5_5_3_0_temp_5_ce0               |   14|          3|    1|          3|
    |dense_ap_fixed_ap_fixed_ap_fixed_ap_fixed_8_5_5_3_0_temp_5_we0               |    9|          2|    1|          2|
    |dense_ap_fixed_ap_fixed_ap_fixed_ap_fixed_8_5_5_3_0_temp_6_address0          |   14|          3|    7|         21|
    |dense_ap_fixed_ap_fixed_ap_fixed_ap_fixed_8_5_5_3_0_temp_6_ce0               |   14|          3|    1|          3|
    |dense_ap_fixed_ap_fixed_ap_fixed_ap_fixed_8_5_5_3_0_temp_6_we0               |    9|          2|    1|          2|
    |dense_ap_fixed_ap_fixed_ap_fixed_ap_fixed_8_5_5_3_0_temp_7_address0          |   14|          3|    7|         21|
    |dense_ap_fixed_ap_fixed_ap_fixed_ap_fixed_8_5_5_3_0_temp_7_ce0               |   14|          3|    1|          3|
    |dense_ap_fixed_ap_fixed_ap_fixed_ap_fixed_8_5_5_3_0_temp_7_we0               |    9|          2|    1|          2|
    |dense_ap_fixed_ap_fixed_ap_fixed_ap_fixed_8_5_5_3_0_temp_address0            |   14|          3|    7|         21|
    |dense_ap_fixed_ap_fixed_ap_fixed_ap_fixed_8_5_5_3_0_temp_ce0                 |   14|          3|    1|          3|
    |dense_ap_fixed_ap_fixed_ap_fixed_ap_fixed_8_5_5_3_0_temp_we0                 |    9|          2|    1|          2|
    |gmem0_0_ARADDR                                                               |   37|          7|   64|        448|
    |gmem0_0_ARLEN                                                                |   37|          7|   32|        224|
    |gmem0_0_ARVALID                                                              |   37|          7|    1|          7|
    |gmem0_0_AWADDR                                                               |   37|          7|   64|        448|
    |gmem0_0_AWLEN                                                                |   37|          7|   32|        224|
    |gmem0_0_AWVALID                                                              |   37|          7|    1|          7|
    |gmem0_0_BREADY                                                               |   37|          7|    1|          7|
    |gmem0_0_RREADY                                                               |   31|          6|    1|          6|
    |gmem0_0_WDATA                                                                |   31|          6|    8|         48|
    |gmem0_0_WSTRB                                                                |   31|          6|    1|          6|
    |gmem0_0_WVALID                                                               |   31|          6|    1|          6|
    |gmem0_blk_n_AR                                                               |    9|          2|    1|          2|
    |gmem0_blk_n_AW                                                               |    9|          2|    1|          2|
    |gmem0_blk_n_B                                                                |    9|          2|    1|          2|
    |gmem1_0_ARADDR                                                               |   37|          7|   64|        448|
    |gmem1_0_ARLEN                                                                |   37|          7|   32|        224|
    |gmem1_0_ARVALID                                                              |   31|          6|    1|          6|
    |gmem1_0_RREADY                                                               |   25|          5|    1|          5|
    |gmem1_blk_n_AR                                                               |    9|          2|    1|          2|
    |pool_ap_fixed_ap_fixed_8_5_5_3_0_int_int_int_int_int_local_input_1_address0  |   14|          3|   11|         33|
    |pool_ap_fixed_ap_fixed_8_5_5_3_0_int_int_int_int_int_local_input_1_address1  |   14|          3|   11|         33|
    |pool_ap_fixed_ap_fixed_8_5_5_3_0_int_int_int_int_int_local_input_1_ce0       |   14|          3|    1|          3|
    |pool_ap_fixed_ap_fixed_8_5_5_3_0_int_int_int_int_int_local_input_1_ce1       |   14|          3|    1|          3|
    |pool_ap_fixed_ap_fixed_8_5_5_3_0_int_int_int_int_int_local_input_1_d1        |   14|          3|    8|         24|
    |pool_ap_fixed_ap_fixed_8_5_5_3_0_int_int_int_int_int_local_input_1_we1       |   14|          3|    1|          3|
    |pool_ap_fixed_ap_fixed_8_5_5_3_0_int_int_int_int_int_local_input_2_address0  |   14|          3|   11|         33|
    |pool_ap_fixed_ap_fixed_8_5_5_3_0_int_int_int_int_int_local_input_2_address1  |   14|          3|   11|         33|
    |pool_ap_fixed_ap_fixed_8_5_5_3_0_int_int_int_int_int_local_input_2_ce0       |   14|          3|    1|          3|
    |pool_ap_fixed_ap_fixed_8_5_5_3_0_int_int_int_int_int_local_input_2_ce1       |   14|          3|    1|          3|
    |pool_ap_fixed_ap_fixed_8_5_5_3_0_int_int_int_int_int_local_input_2_d1        |   14|          3|    8|         24|
    |pool_ap_fixed_ap_fixed_8_5_5_3_0_int_int_int_int_int_local_input_2_we1       |   14|          3|    1|          3|
    |pool_ap_fixed_ap_fixed_8_5_5_3_0_int_int_int_int_int_local_input_3_address0  |   14|          3|   11|         33|
    |pool_ap_fixed_ap_fixed_8_5_5_3_0_int_int_int_int_int_local_input_3_address1  |   14|          3|   11|         33|
    |pool_ap_fixed_ap_fixed_8_5_5_3_0_int_int_int_int_int_local_input_3_ce0       |   14|          3|    1|          3|
    |pool_ap_fixed_ap_fixed_8_5_5_3_0_int_int_int_int_int_local_input_3_ce1       |   14|          3|    1|          3|
    |pool_ap_fixed_ap_fixed_8_5_5_3_0_int_int_int_int_int_local_input_3_d1        |   14|          3|    8|         24|
    |pool_ap_fixed_ap_fixed_8_5_5_3_0_int_int_int_int_int_local_input_3_we1       |   14|          3|    1|          3|
    |pool_ap_fixed_ap_fixed_8_5_5_3_0_int_int_int_int_int_local_input_4_address0  |   14|          3|   11|         33|
    |pool_ap_fixed_ap_fixed_8_5_5_3_0_int_int_int_int_int_local_input_4_address1  |   14|          3|   11|         33|
    |pool_ap_fixed_ap_fixed_8_5_5_3_0_int_int_int_int_int_local_input_4_ce0       |   14|          3|    1|          3|
    |pool_ap_fixed_ap_fixed_8_5_5_3_0_int_int_int_int_int_local_input_4_ce1       |   14|          3|    1|          3|
    |pool_ap_fixed_ap_fixed_8_5_5_3_0_int_int_int_int_int_local_input_4_d1        |   14|          3|    8|         24|
    |pool_ap_fixed_ap_fixed_8_5_5_3_0_int_int_int_int_int_local_input_4_we1       |   14|          3|    1|          3|
    |pool_ap_fixed_ap_fixed_8_5_5_3_0_int_int_int_int_int_local_input_address0    |   14|          3|   11|         33|
    |pool_ap_fixed_ap_fixed_8_5_5_3_0_int_int_int_int_int_local_input_address1    |   14|          3|   11|         33|
    |pool_ap_fixed_ap_fixed_8_5_5_3_0_int_int_int_int_int_local_input_ce0         |   14|          3|    1|          3|
    |pool_ap_fixed_ap_fixed_8_5_5_3_0_int_int_int_int_int_local_input_ce1         |   14|          3|    1|          3|
    |pool_ap_fixed_ap_fixed_8_5_5_3_0_int_int_int_int_int_local_input_d1          |   14|          3|    8|         24|
    |pool_ap_fixed_ap_fixed_8_5_5_3_0_int_int_int_int_int_local_input_we1         |   14|          3|    1|          3|
    +-----------------------------------------------------------------------------+-----+-----------+-----+-----------+
    |Total                                                                        | 1420|        295|  546|       2860|
    +-----------------------------------------------------------------------------+-----+-----------+-----+-----------+

    * Register: 
    +--------------------------------------------------------------+----+----+-----+-----------+
    |                             Name                             | FF | LUT| Bits| Const Bits|
    +--------------------------------------------------------------+----+----+-----+-----------+
    |ap_CS_fsm                                                     |  34|   0|   34|          0|
    |bias2_read_reg_984                                            |  64|   0|   64|          0|
    |bias_read_reg_1000                                            |  64|   0|   64|          0|
    |fcBias_read_reg_953                                           |  64|   0|   64|          0|
    |fcWeight_read_reg_959                                         |  64|   0|   64|          0|
    |grp_conv1_fu_527_ap_start_reg                                 |   1|   0|    1|          0|
    |grp_conv2_fu_717_ap_start_reg                                 |   1|   0|    1|          0|
    |grp_pool_1_fu_795_ap_start_reg                                |   1|   0|    1|          0|
    |grp_pool_fu_699_ap_start_reg                                  |   1|   0|    1|          0|
    |grp_top_Pipeline_DENSE_OUTER_DENSE_INNER_fu_853_ap_start_reg  |   1|   0|    1|          0|
    |grp_top_Pipeline_LOAD_BIAS_fu_836_ap_start_reg                |   1|   0|    1|          0|
    |grp_top_Pipeline_LOAD_IN_fu_813_ap_start_reg                  |   1|   0|    1|          0|
    |input_r_read_reg_1016                                         |  64|   0|   64|          0|
    |outputConv2_read_reg_978                                      |  64|   0|   64|          0|
    |outputConv_read_reg_1010                                      |  64|   0|   64|          0|
    |outputDense_read_reg_965                                      |  64|   0|   64|          0|
    |outputPool2_read_reg_971                                      |  64|   0|   64|          0|
    |outputPool_read_reg_994                                       |  64|   0|   64|          0|
    |weight2_read_reg_989                                          |  64|   0|   64|          0|
    |weight_read_reg_1005                                          |  64|   0|   64|          0|
    +--------------------------------------------------------------+----+----+-----+-----------+
    |Total                                                         | 809|   0|  809|          0|
    +--------------------------------------------------------------+----+----+-----+-----------+



================================================================
== Interface
================================================================
* Summary: 
+-----------------------+-----+-----+------------+--------------+--------------+
|       RTL Ports       | Dir | Bits|  Protocol  | Source Object|    C Type    |
+-----------------------+-----+-----+------------+--------------+--------------+
|s_axi_control_AWVALID  |   in|    1|       s_axi|       control|        scalar|
|s_axi_control_AWREADY  |  out|    1|       s_axi|       control|        scalar|
|s_axi_control_AWADDR   |   in|    8|       s_axi|       control|        scalar|
|s_axi_control_WVALID   |   in|    1|       s_axi|       control|        scalar|
|s_axi_control_WREADY   |  out|    1|       s_axi|       control|        scalar|
|s_axi_control_WDATA    |   in|   32|       s_axi|       control|        scalar|
|s_axi_control_WSTRB    |   in|    4|       s_axi|       control|        scalar|
|s_axi_control_ARVALID  |   in|    1|       s_axi|       control|        scalar|
|s_axi_control_ARREADY  |  out|    1|       s_axi|       control|        scalar|
|s_axi_control_ARADDR   |   in|    8|       s_axi|       control|        scalar|
|s_axi_control_RVALID   |  out|    1|       s_axi|       control|        scalar|
|s_axi_control_RREADY   |   in|    1|       s_axi|       control|        scalar|
|s_axi_control_RDATA    |  out|   32|       s_axi|       control|        scalar|
|s_axi_control_RRESP    |  out|    2|       s_axi|       control|        scalar|
|s_axi_control_BVALID   |  out|    1|       s_axi|       control|        scalar|
|s_axi_control_BREADY   |   in|    1|       s_axi|       control|        scalar|
|s_axi_control_BRESP    |  out|    2|       s_axi|       control|        scalar|
|ap_clk                 |   in|    1|  ap_ctrl_hs|           top|  return value|
|ap_rst_n               |   in|    1|  ap_ctrl_hs|           top|  return value|
|interrupt              |  out|    1|  ap_ctrl_hs|           top|  return value|
|m_axi_gmem0_AWVALID    |  out|    1|       m_axi|         gmem0|       pointer|
|m_axi_gmem0_AWREADY    |   in|    1|       m_axi|         gmem0|       pointer|
|m_axi_gmem0_AWADDR     |  out|   64|       m_axi|         gmem0|       pointer|
|m_axi_gmem0_AWID       |  out|    1|       m_axi|         gmem0|       pointer|
|m_axi_gmem0_AWLEN      |  out|    8|       m_axi|         gmem0|       pointer|
|m_axi_gmem0_AWSIZE     |  out|    3|       m_axi|         gmem0|       pointer|
|m_axi_gmem0_AWBURST    |  out|    2|       m_axi|         gmem0|       pointer|
|m_axi_gmem0_AWLOCK     |  out|    2|       m_axi|         gmem0|       pointer|
|m_axi_gmem0_AWCACHE    |  out|    4|       m_axi|         gmem0|       pointer|
|m_axi_gmem0_AWPROT     |  out|    3|       m_axi|         gmem0|       pointer|
|m_axi_gmem0_AWQOS      |  out|    4|       m_axi|         gmem0|       pointer|
|m_axi_gmem0_AWREGION   |  out|    4|       m_axi|         gmem0|       pointer|
|m_axi_gmem0_AWUSER     |  out|    1|       m_axi|         gmem0|       pointer|
|m_axi_gmem0_WVALID     |  out|    1|       m_axi|         gmem0|       pointer|
|m_axi_gmem0_WREADY     |   in|    1|       m_axi|         gmem0|       pointer|
|m_axi_gmem0_WDATA      |  out|   32|       m_axi|         gmem0|       pointer|
|m_axi_gmem0_WSTRB      |  out|    4|       m_axi|         gmem0|       pointer|
|m_axi_gmem0_WLAST      |  out|    1|       m_axi|         gmem0|       pointer|
|m_axi_gmem0_WID        |  out|    1|       m_axi|         gmem0|       pointer|
|m_axi_gmem0_WUSER      |  out|    1|       m_axi|         gmem0|       pointer|
|m_axi_gmem0_ARVALID    |  out|    1|       m_axi|         gmem0|       pointer|
|m_axi_gmem0_ARREADY    |   in|    1|       m_axi|         gmem0|       pointer|
|m_axi_gmem0_ARADDR     |  out|   64|       m_axi|         gmem0|       pointer|
|m_axi_gmem0_ARID       |  out|    1|       m_axi|         gmem0|       pointer|
|m_axi_gmem0_ARLEN      |  out|    8|       m_axi|         gmem0|       pointer|
|m_axi_gmem0_ARSIZE     |  out|    3|       m_axi|         gmem0|       pointer|
|m_axi_gmem0_ARBURST    |  out|    2|       m_axi|         gmem0|       pointer|
|m_axi_gmem0_ARLOCK     |  out|    2|       m_axi|         gmem0|       pointer|
|m_axi_gmem0_ARCACHE    |  out|    4|       m_axi|         gmem0|       pointer|
|m_axi_gmem0_ARPROT     |  out|    3|       m_axi|         gmem0|       pointer|
|m_axi_gmem0_ARQOS      |  out|    4|       m_axi|         gmem0|       pointer|
|m_axi_gmem0_ARREGION   |  out|    4|       m_axi|         gmem0|       pointer|
|m_axi_gmem0_ARUSER     |  out|    1|       m_axi|         gmem0|       pointer|
|m_axi_gmem0_RVALID     |   in|    1|       m_axi|         gmem0|       pointer|
|m_axi_gmem0_RREADY     |  out|    1|       m_axi|         gmem0|       pointer|
|m_axi_gmem0_RDATA      |   in|   32|       m_axi|         gmem0|       pointer|
|m_axi_gmem0_RLAST      |   in|    1|       m_axi|         gmem0|       pointer|
|m_axi_gmem0_RID        |   in|    1|       m_axi|         gmem0|       pointer|
|m_axi_gmem0_RUSER      |   in|    1|       m_axi|         gmem0|       pointer|
|m_axi_gmem0_RRESP      |   in|    2|       m_axi|         gmem0|       pointer|
|m_axi_gmem0_BVALID     |   in|    1|       m_axi|         gmem0|       pointer|
|m_axi_gmem0_BREADY     |  out|    1|       m_axi|         gmem0|       pointer|
|m_axi_gmem0_BRESP      |   in|    2|       m_axi|         gmem0|       pointer|
|m_axi_gmem0_BID        |   in|    1|       m_axi|         gmem0|       pointer|
|m_axi_gmem0_BUSER      |   in|    1|       m_axi|         gmem0|       pointer|
|m_axi_gmem1_AWVALID    |  out|    1|       m_axi|         gmem1|       pointer|
|m_axi_gmem1_AWREADY    |   in|    1|       m_axi|         gmem1|       pointer|
|m_axi_gmem1_AWADDR     |  out|   64|       m_axi|         gmem1|       pointer|
|m_axi_gmem1_AWID       |  out|    1|       m_axi|         gmem1|       pointer|
|m_axi_gmem1_AWLEN      |  out|    8|       m_axi|         gmem1|       pointer|
|m_axi_gmem1_AWSIZE     |  out|    3|       m_axi|         gmem1|       pointer|
|m_axi_gmem1_AWBURST    |  out|    2|       m_axi|         gmem1|       pointer|
|m_axi_gmem1_AWLOCK     |  out|    2|       m_axi|         gmem1|       pointer|
|m_axi_gmem1_AWCACHE    |  out|    4|       m_axi|         gmem1|       pointer|
|m_axi_gmem1_AWPROT     |  out|    3|       m_axi|         gmem1|       pointer|
|m_axi_gmem1_AWQOS      |  out|    4|       m_axi|         gmem1|       pointer|
|m_axi_gmem1_AWREGION   |  out|    4|       m_axi|         gmem1|       pointer|
|m_axi_gmem1_AWUSER     |  out|    1|       m_axi|         gmem1|       pointer|
|m_axi_gmem1_WVALID     |  out|    1|       m_axi|         gmem1|       pointer|
|m_axi_gmem1_WREADY     |   in|    1|       m_axi|         gmem1|       pointer|
|m_axi_gmem1_WDATA      |  out|   32|       m_axi|         gmem1|       pointer|
|m_axi_gmem1_WSTRB      |  out|    4|       m_axi|         gmem1|       pointer|
|m_axi_gmem1_WLAST      |  out|    1|       m_axi|         gmem1|       pointer|
|m_axi_gmem1_WID        |  out|    1|       m_axi|         gmem1|       pointer|
|m_axi_gmem1_WUSER      |  out|    1|       m_axi|         gmem1|       pointer|
|m_axi_gmem1_ARVALID    |  out|    1|       m_axi|         gmem1|       pointer|
|m_axi_gmem1_ARREADY    |   in|    1|       m_axi|         gmem1|       pointer|
|m_axi_gmem1_ARADDR     |  out|   64|       m_axi|         gmem1|       pointer|
|m_axi_gmem1_ARID       |  out|    1|       m_axi|         gmem1|       pointer|
|m_axi_gmem1_ARLEN      |  out|    8|       m_axi|         gmem1|       pointer|
|m_axi_gmem1_ARSIZE     |  out|    3|       m_axi|         gmem1|       pointer|
|m_axi_gmem1_ARBURST    |  out|    2|       m_axi|         gmem1|       pointer|
|m_axi_gmem1_ARLOCK     |  out|    2|       m_axi|         gmem1|       pointer|
|m_axi_gmem1_ARCACHE    |  out|    4|       m_axi|         gmem1|       pointer|
|m_axi_gmem1_ARPROT     |  out|    3|       m_axi|         gmem1|       pointer|
|m_axi_gmem1_ARQOS      |  out|    4|       m_axi|         gmem1|       pointer|
|m_axi_gmem1_ARREGION   |  out|    4|       m_axi|         gmem1|       pointer|
|m_axi_gmem1_ARUSER     |  out|    1|       m_axi|         gmem1|       pointer|
|m_axi_gmem1_RVALID     |   in|    1|       m_axi|         gmem1|       pointer|
|m_axi_gmem1_RREADY     |  out|    1|       m_axi|         gmem1|       pointer|
|m_axi_gmem1_RDATA      |   in|   32|       m_axi|         gmem1|       pointer|
|m_axi_gmem1_RLAST      |   in|    1|       m_axi|         gmem1|       pointer|
|m_axi_gmem1_RID        |   in|    1|       m_axi|         gmem1|       pointer|
|m_axi_gmem1_RUSER      |   in|    1|       m_axi|         gmem1|       pointer|
|m_axi_gmem1_RRESP      |   in|    2|       m_axi|         gmem1|       pointer|
|m_axi_gmem1_BVALID     |   in|    1|       m_axi|         gmem1|       pointer|
|m_axi_gmem1_BREADY     |  out|    1|       m_axi|         gmem1|       pointer|
|m_axi_gmem1_BRESP      |   in|    2|       m_axi|         gmem1|       pointer|
|m_axi_gmem1_BID        |   in|    1|       m_axi|         gmem1|       pointer|
|m_axi_gmem1_BUSER      |   in|    1|       m_axi|         gmem1|       pointer|
+-----------------------+-----+-----+------------+--------------+--------------+

