

================================================================
== Vitis HLS Report for 'top_Pipeline_LOAD_BIAS'
================================================================
* Date:           Sat Mar  7 18:28:22 2026

* Version:        2025.2 (Build 6295257 on Nov 14 2025)
* Project:        top
* Solution:       hls (Vivado IP Flow Target)
* Product family: zynq
* Target device:  xc7z020-clg484-1


================================================================
== Performance Estimates
================================================================
+ Timing: 
    * Summary: 
    +--------+----------+----------+------------+
    |  Clock |  Target  | Estimated| Uncertainty|
    +--------+----------+----------+------------+
    |ap_clk  |  10.00 ns|  8.750 ns|     1.25 ns|
    +--------+----------+----------+------------+

+ Latency: 
    * Summary: 
    +---------+---------+----------+----------+-----+-----+-------------------+
    |  Latency (cycles) |  Latency (absolute) |  Interval |      Pipeline     |
    |   min   |   max   |    min   |    max   | min | max |        Type       |
    +---------+---------+----------+----------+-----+-----+-------------------+
    |       12|       12|  0.120 us|  0.120 us|    0|    0|  loop pipeline stp|
    +---------+---------+----------+----------+-----+-----+-------------------+

    + Detail: 
        * Instance: 
        N/A

        * Loop: 
        +-------------+---------+---------+----------+-----------+-----------+------+----------+
        |             |  Latency (cycles) | Iteration|  Initiation Interval  | Trip |          |
        |  Loop Name  |   min   |   max   |  Latency |  achieved |   target  | Count| Pipelined|
        +-------------+---------+---------+----------+-----------+-----------+------+----------+
        |- LOAD_BIAS  |       10|       10|         2|          1|          1|    10|       yes|
        +-------------+---------+---------+----------+-----------+-----------+------+----------+



================================================================
== Utilization Estimates
================================================================
* Summary: 
+-----------------+---------+-----+--------+-------+-----+
|       Name      | BRAM_18K| DSP |   FF   |  LUT  | URAM|
+-----------------+---------+-----+--------+-------+-----+
|DSP              |        -|    -|       -|      -|    -|
|Expression       |        -|    -|       0|     30|    -|
|FIFO             |        -|    -|       -|      -|    -|
|Instance         |        -|    -|       -|      -|    -|
|Memory           |        -|    -|       -|      -|    -|
|Multiplexer      |        -|    -|       0|     45|    -|
|Register         |        -|    -|      91|      -|    -|
+-----------------+---------+-----+--------+-------+-----+
|Total            |        0|    0|      91|     75|    0|
+-----------------+---------+-----+--------+-------+-----+
|Available        |      280|  220|  106400|  53200|    0|
+-----------------+---------+-----+--------+-------+-----+
|Utilization (%)  |        0|    0|      ~0|     ~0|    0|
+-----------------+---------+-----+--------+-------+-----+

+ Detail: 
    * Instance: 
    N/A

    * DSP: 
    N/A

    * Memory: 
    N/A

    * FIFO: 
    N/A

    * Expression: 
    +--------------------------------+----------+----+---+----+------------+------------+
    |          Variable Name         | Operation| DSP| FF| LUT| Bitwidth P0| Bitwidth P1|
    +--------------------------------+----------+----+---+----+------------+------------+
    |add_ln19_fu_227_p2              |         +|   0|  0|  13|           4|           1|
    |ap_block_pp0_stage0_01001_grp1  |       and|   0|  0|   2|           1|           1|
    |icmp_ln19_fu_221_p2             |      icmp|   0|  0|  13|           4|           4|
    |ap_enable_pp0                   |       xor|   0|  0|   2|           1|           2|
    +--------------------------------+----------+----+---+----+------------+------------+
    |Total                           |          |   0|  0|  30|          10|           8|
    +--------------------------------+----------+----+---+----+------------+------------+

    * Multiplexer: 
    +-------------------------+----+-----------+-----+-----------+
    |           Name          | LUT| Input Size| Bits| Total Bits|
    +-------------------------+----+-----------+-----+-----------+
    |ap_done_int              |   9|          2|    1|          2|
    |ap_enable_reg_pp0_iter1  |   9|          2|    1|          2|
    |ap_sig_allocacmp_i       |   9|          2|    4|          8|
    |gmem1_blk_n_R            |   9|          2|    1|          2|
    |i_1_fu_88                |   9|          2|    4|          8|
    +-------------------------+----+-----------+-----+-----------+
    |Total                    |  45|         10|   11|         22|
    +-------------------------+----+-----------+-----+-----------+

    * Register: 
    +-------------------------+---+----+-----+-----------+
    |           Name          | FF| LUT| Bits| Const Bits|
    +-------------------------+---+----+-----+-----------+
    |ap_CS_fsm                |  1|   0|    1|          0|
    |ap_done_reg              |  1|   0|    1|          0|
    |ap_enable_reg_pp0_iter1  |  1|   0|    1|          0|
    |i_1_fu_88                |  4|   0|    4|          0|
    |i_reg_423                |  4|   0|    4|          0|
    |local_bias_1_fu_96       |  8|   0|    8|          0|
    |local_bias_2_fu_100      |  8|   0|    8|          0|
    |local_bias_3_fu_104      |  8|   0|    8|          0|
    |local_bias_4_fu_108      |  8|   0|    8|          0|
    |local_bias_5_fu_112      |  8|   0|    8|          0|
    |local_bias_6_fu_116      |  8|   0|    8|          0|
    |local_bias_7_fu_120      |  8|   0|    8|          0|
    |local_bias_8_fu_124      |  8|   0|    8|          0|
    |local_bias_9_fu_128      |  8|   0|    8|          0|
    |local_bias_fu_92         |  8|   0|    8|          0|
    +-------------------------+---+----+-----+-----------+
    |Total                    | 91|   0|   91|          0|
    +-------------------------+---+----+-----+-----------+



================================================================
== Interface
================================================================
* Summary: 
+-------------------------+-----+-----+------------+------------------------+--------------+
|        RTL Ports        | Dir | Bits|  Protocol  |      Source Object     |    C Type    |
+-------------------------+-----+-----+------------+------------------------+--------------+
|ap_clk                   |   in|    1|  ap_ctrl_hs|  top_Pipeline_LOAD_BIAS|  return value|
|ap_rst                   |   in|    1|  ap_ctrl_hs|  top_Pipeline_LOAD_BIAS|  return value|
|ap_start                 |   in|    1|  ap_ctrl_hs|  top_Pipeline_LOAD_BIAS|  return value|
|ap_done                  |  out|    1|  ap_ctrl_hs|  top_Pipeline_LOAD_BIAS|  return value|
|ap_idle                  |  out|    1|  ap_ctrl_hs|  top_Pipeline_LOAD_BIAS|  return value|
|ap_ready                 |  out|    1|  ap_ctrl_hs|  top_Pipeline_LOAD_BIAS|  return value|
|m_axi_gmem1_0_AWVALID    |  out|    1|       m_axi|                   gmem1|       pointer|
|m_axi_gmem1_0_AWREADY    |   in|    1|       m_axi|                   gmem1|       pointer|
|m_axi_gmem1_0_AWADDR     |  out|   64|       m_axi|                   gmem1|       pointer|
|m_axi_gmem1_0_AWID       |  out|    1|       m_axi|                   gmem1|       pointer|
|m_axi_gmem1_0_AWLEN      |  out|   32|       m_axi|                   gmem1|       pointer|
|m_axi_gmem1_0_AWSIZE     |  out|    3|       m_axi|                   gmem1|       pointer|
|m_axi_gmem1_0_AWBURST    |  out|    2|       m_axi|                   gmem1|       pointer|
|m_axi_gmem1_0_AWLOCK     |  out|    2|       m_axi|                   gmem1|       pointer|
|m_axi_gmem1_0_AWCACHE    |  out|    4|       m_axi|                   gmem1|       pointer|
|m_axi_gmem1_0_AWPROT     |  out|    3|       m_axi|                   gmem1|       pointer|
|m_axi_gmem1_0_AWQOS      |  out|    4|       m_axi|                   gmem1|       pointer|
|m_axi_gmem1_0_AWREGION   |  out|    4|       m_axi|                   gmem1|       pointer|
|m_axi_gmem1_0_AWUSER     |  out|    1|       m_axi|                   gmem1|       pointer|
|m_axi_gmem1_0_WVALID     |  out|    1|       m_axi|                   gmem1|       pointer|
|m_axi_gmem1_0_WREADY     |   in|    1|       m_axi|                   gmem1|       pointer|
|m_axi_gmem1_0_WDATA      |  out|    8|       m_axi|                   gmem1|       pointer|
|m_axi_gmem1_0_WSTRB      |  out|    1|       m_axi|                   gmem1|       pointer|
|m_axi_gmem1_0_WLAST      |  out|    1|       m_axi|                   gmem1|       pointer|
|m_axi_gmem1_0_WID        |  out|    1|       m_axi|                   gmem1|       pointer|
|m_axi_gmem1_0_WUSER      |  out|    1|       m_axi|                   gmem1|       pointer|
|m_axi_gmem1_0_ARVALID    |  out|    1|       m_axi|                   gmem1|       pointer|
|m_axi_gmem1_0_ARREADY    |   in|    1|       m_axi|                   gmem1|       pointer|
|m_axi_gmem1_0_ARADDR     |  out|   64|       m_axi|                   gmem1|       pointer|
|m_axi_gmem1_0_ARID       |  out|    1|       m_axi|                   gmem1|       pointer|
|m_axi_gmem1_0_ARLEN      |  out|   32|       m_axi|                   gmem1|       pointer|
|m_axi_gmem1_0_ARSIZE     |  out|    3|       m_axi|                   gmem1|       pointer|
|m_axi_gmem1_0_ARBURST    |  out|    2|       m_axi|                   gmem1|       pointer|
|m_axi_gmem1_0_ARLOCK     |  out|    2|       m_axi|                   gmem1|       pointer|
|m_axi_gmem1_0_ARCACHE    |  out|    4|       m_axi|                   gmem1|       pointer|
|m_axi_gmem1_0_ARPROT     |  out|    3|       m_axi|                   gmem1|       pointer|
|m_axi_gmem1_0_ARQOS      |  out|    4|       m_axi|                   gmem1|       pointer|
|m_axi_gmem1_0_ARREGION   |  out|    4|       m_axi|                   gmem1|       pointer|
|m_axi_gmem1_0_ARUSER     |  out|    1|       m_axi|                   gmem1|       pointer|
|m_axi_gmem1_0_RVALID     |   in|    1|       m_axi|                   gmem1|       pointer|
|m_axi_gmem1_0_RREADY     |  out|    1|       m_axi|                   gmem1|       pointer|
|m_axi_gmem1_0_RDATA      |   in|    8|       m_axi|                   gmem1|       pointer|
|m_axi_gmem1_0_RLAST      |   in|    1|       m_axi|                   gmem1|       pointer|
|m_axi_gmem1_0_RID        |   in|    1|       m_axi|                   gmem1|       pointer|
|m_axi_gmem1_0_RFIFONUM   |   in|   11|       m_axi|                   gmem1|       pointer|
|m_axi_gmem1_0_RUSER      |   in|    1|       m_axi|                   gmem1|       pointer|
|m_axi_gmem1_0_RRESP      |   in|    2|       m_axi|                   gmem1|       pointer|
|m_axi_gmem1_0_BVALID     |   in|    1|       m_axi|                   gmem1|       pointer|
|m_axi_gmem1_0_BREADY     |  out|    1|       m_axi|                   gmem1|       pointer|
|m_axi_gmem1_0_BRESP      |   in|    2|       m_axi|                   gmem1|       pointer|
|m_axi_gmem1_0_BID        |   in|    1|       m_axi|                   gmem1|       pointer|
|m_axi_gmem1_0_BUSER      |   in|    1|       m_axi|                   gmem1|       pointer|
|fcBias                   |   in|   64|     ap_none|                  fcBias|        scalar|
|local_bias_9_out         |  out|    8|      ap_vld|        local_bias_9_out|       pointer|
|local_bias_9_out_ap_vld  |  out|    1|      ap_vld|        local_bias_9_out|       pointer|
|local_bias_8_out         |  out|    8|      ap_vld|        local_bias_8_out|       pointer|
|local_bias_8_out_ap_vld  |  out|    1|      ap_vld|        local_bias_8_out|       pointer|
|local_bias_7_out         |  out|    8|      ap_vld|        local_bias_7_out|       pointer|
|local_bias_7_out_ap_vld  |  out|    1|      ap_vld|        local_bias_7_out|       pointer|
|local_bias_6_out         |  out|    8|      ap_vld|        local_bias_6_out|       pointer|
|local_bias_6_out_ap_vld  |  out|    1|      ap_vld|        local_bias_6_out|       pointer|
|local_bias_5_out         |  out|    8|      ap_vld|        local_bias_5_out|       pointer|
|local_bias_5_out_ap_vld  |  out|    1|      ap_vld|        local_bias_5_out|       pointer|
|local_bias_4_out         |  out|    8|      ap_vld|        local_bias_4_out|       pointer|
|local_bias_4_out_ap_vld  |  out|    1|      ap_vld|        local_bias_4_out|       pointer|
|local_bias_3_out         |  out|    8|      ap_vld|        local_bias_3_out|       pointer|
|local_bias_3_out_ap_vld  |  out|    1|      ap_vld|        local_bias_3_out|       pointer|
|local_bias_2_out         |  out|    8|      ap_vld|        local_bias_2_out|       pointer|
|local_bias_2_out_ap_vld  |  out|    1|      ap_vld|        local_bias_2_out|       pointer|
|local_bias_1_out         |  out|    8|      ap_vld|        local_bias_1_out|       pointer|
|local_bias_1_out_ap_vld  |  out|    1|      ap_vld|        local_bias_1_out|       pointer|
|local_bias_out           |  out|    8|      ap_vld|          local_bias_out|       pointer|
|local_bias_out_ap_vld    |  out|    1|      ap_vld|          local_bias_out|       pointer|
+-------------------------+-----+-----+------------+------------------------+--------------+

