

================================================================
== Vitis HLS Report for 'top_Pipeline_DENSE_OUTER_DENSE_INNER'
================================================================
* Date:           Sat Mar  7 18:28:22 2026

* Version:        2025.2 (Build 6295257 on Nov 14 2025)
* Project:        top
* Solution:       hls (Vivado IP Flow Target)
* Product family: zynq
* Target device:  xc7z020-clg484-1


================================================================
== Performance Estimates
================================================================
+ Timing: 
    * Summary: 
    +--------+----------+----------+------------+
    |  Clock |  Target  | Estimated| Uncertainty|
    +--------+----------+----------+------------+
    |ap_clk  |  10.00 ns|  8.750 ns|     1.25 ns|
    +--------+----------+----------+------------+

+ Latency: 
    * Summary: 
    +---------+---------+-----------+-----------+-----+-----+-------------------+
    |  Latency (cycles) |   Latency (absolute)  |  Interval |      Pipeline     |
    |   min   |   max   |    min    |    max    | min | max |        Type       |
    +---------+---------+-----------+-----------+-----+-----+-------------------+
    |     7847|     7847|  78.470 us|  78.470 us|    0|    0|  loop pipeline stp|
    +---------+---------+-----------+-----------+-----+-----+-------------------+

    + Detail: 
        * Instance: 
        N/A

        * Loop: 
        +---------------------------+---------+---------+----------+-----------+-----------+------+----------+
        |                           |  Latency (cycles) | Iteration|  Initiation Interval  | Trip |          |
        |         Loop Name         |   min   |   max   |  Latency |  achieved |   target  | Count| Pipelined|
        +---------------------------+---------+---------+----------+-----------+-----------+------+----------+
        |- DENSE_OUTER_DENSE_INNER  |     7845|     7845|         7|          1|          1|  7840|       yes|
        +---------------------------+---------+---------+----------+-----------+-----------+------+----------+



================================================================
== Utilization Estimates
================================================================
* Summary: 
+-----------------+---------+-----+--------+-------+-----+
|       Name      | BRAM_18K| DSP |   FF   |  LUT  | URAM|
+-----------------+---------+-----+--------+-------+-----+
|DSP              |        -|    1|       -|      -|    -|
|Expression       |        -|    -|       0|    119|    -|
|FIFO             |        -|    -|       -|      -|    -|
|Instance         |        -|    -|       0|     95|    -|
|Memory           |        -|    -|       -|      -|    -|
|Multiplexer      |        -|    -|       0|     99|    -|
|Register         |        -|    -|     294|     96|    -|
+-----------------+---------+-----+--------+-------+-----+
|Total            |        0|    1|     294|    409|    0|
+-----------------+---------+-----+--------+-------+-----+
|Available        |      280|  220|  106400|  53200|    0|
+-----------------+---------+-----+--------+-------+-----+
|Utilization (%)  |        0|   ~0|      ~0|     ~0|    0|
+-----------------+---------+-----+--------+-------+-----+

+ Detail: 
    * Instance: 
    +---------------------------+----------------------+---------+----+---+----+-----+
    |          Instance         |        Module        | BRAM_18K| DSP| FF| LUT| URAM|
    +---------------------------+----------------------+---------+----+---+----+-----+
    |sparsemux_17_3_8_1_1_U465  |sparsemux_17_3_8_1_1  |        0|   0|  0|  42|    0|
    |sparsemux_21_4_8_1_1_U464  |sparsemux_21_4_8_1_1  |        0|   0|  0|  53|    0|
    +---------------------------+----------------------+---------+----+---+----+-----+
    |Total                      |                      |        0|   0|  0|  95|    0|
    +---------------------------+----------------------+---------+----+---+----+-----+

    * DSP: 
    +----------------------------------+-----------------------------+--------------+
    |             Instance             |            Module           |  Expression  |
    +----------------------------------+-----------------------------+--------------+
    |mac_muladd_8s_8s_11s_11_4_1_U466  |mac_muladd_8s_8s_11s_11_4_1  |  i0 + i1 * i2|
    +----------------------------------+-----------------------------+--------------+

    * Memory: 
    N/A

    * FIFO: 
    N/A

    * Expression: 
    +----------------------------------+----------+----+---+----+------------+------------+
    |           Variable Name          | Operation| DSP| FF| LUT| Bitwidth P0| Bitwidth P1|
    +----------------------------------+----------+----+---+----+------------+------------+
    |add_ln25_1_fu_442_p2              |         +|   0|  0|  13|           4|           1|
    |add_ln25_fu_400_p2                |         +|   0|  0|  14|          13|           1|
    |add_ln28_fu_526_p2                |         +|   0|  0|  13|          10|           1|
    |ap_block_pp0_stage0_01001         |       and|   0|  0|   2|           1|           1|
    |ap_block_state2_pp0_stage0_iter1  |       and|   0|  0|   2|           1|           1|
    |ap_block_state7_io                |       and|   0|  0|   2|           1|           1|
    |ap_condition_380                  |       and|   0|  0|   2|           1|           1|
    |first_iter_0_fu_456_p2            |      icmp|   0|  0|  13|          10|           1|
    |icmp_ln25_fu_394_p2               |      icmp|   0|  0|  14|          13|          10|
    |icmp_ln28_1_fu_532_p2             |      icmp|   0|  0|  13|          10|           9|
    |icmp_ln28_fu_428_p2               |      icmp|   0|  0|  13|          10|           9|
    |ap_block_pp0_stage0_11001         |        or|   0|  0|   2|           1|           1|
    |select_ln25_1_fu_448_p3           |    select|   0|  0|   4|           1|           4|
    |select_ln25_fu_434_p3             |    select|   0|  0|  10|           1|           1|
    |ap_enable_pp0                     |       xor|   0|  0|   2|           1|           2|
    +----------------------------------+----------+----+---+----+------------+------------+
    |Total                             |          |   0|  0| 119|          78|          44|
    +----------------------------------+----------+----+---+----+------------+------------+

    * Multiplexer: 
    +--------------------------------------+----+-----------+-----+-----------+
    |                 Name                 | LUT| Input Size| Bits| Total Bits|
    +--------------------------------------+----+-----------+-----+-----------+
    |ap_done_int                           |   9|          2|    1|          2|
    |ap_enable_reg_pp0_iter5               |   9|          2|    1|          2|
    |ap_phi_mux_sum1_phi_fu_370_p4         |   9|          2|    8|         16|
    |ap_phi_reg_pp0_iter2_sum1_reg_367     |   9|          2|    8|         16|
    |ap_sig_allocacmp_indvar_flatten_load  |   9|          2|   13|         26|
    |ap_sig_allocacmp_sum_3                |   9|          2|    8|         16|
    |c_fu_166                              |   9|          2|    4|          8|
    |gmem0_blk_n_W                         |   9|          2|    1|          2|
    |gmem1_blk_n_R                         |   9|          2|    1|          2|
    |i_fu_162                              |   9|          2|   10|         20|
    |indvar_flatten_fu_170                 |   9|          2|   13|         26|
    +--------------------------------------+----+-----------+-----+-----------+
    |Total                                 |  99|         22|   68|        136|
    +--------------------------------------+----+-----------+-----+-----------+

    * Register: 
    +-----------------------------------+----+----+-----+-----------+
    |                Name               | FF | LUT| Bits| Const Bits|
    +-----------------------------------+----+----+-----+-----------+
    |ap_CS_fsm                          |   1|   0|    1|          0|
    |ap_done_reg                        |   1|   0|    1|          0|
    |ap_enable_reg_pp0_iter1            |   1|   0|    1|          0|
    |ap_enable_reg_pp0_iter2            |   1|   0|    1|          0|
    |ap_enable_reg_pp0_iter3            |   1|   0|    1|          0|
    |ap_enable_reg_pp0_iter4            |   1|   0|    1|          0|
    |ap_enable_reg_pp0_iter5            |   1|   0|    1|          0|
    |ap_enable_reg_pp0_iter6            |   1|   0|    1|          0|
    |ap_loop_exit_ready_pp0_iter1_reg   |   1|   0|    1|          0|
    |ap_loop_exit_ready_pp0_iter2_reg   |   1|   0|    1|          0|
    |ap_loop_exit_ready_pp0_iter3_reg   |   1|   0|    1|          0|
    |ap_loop_exit_ready_pp0_iter4_reg   |   1|   0|    1|          0|
    |ap_loop_exit_ready_pp0_iter5_reg   |   1|   0|    1|          0|
    |ap_phi_reg_pp0_iter1_sum1_reg_367  |   8|   0|    8|          0|
    |ap_phi_reg_pp0_iter2_sum1_reg_367  |   8|   0|    8|          0|
    |ap_phi_reg_pp0_iter3_sum1_reg_367  |   8|   0|    8|          0|
    |ap_phi_reg_pp0_iter4_sum1_reg_367  |   8|   0|    8|          0|
    |c_fu_166                           |   4|   0|    4|          0|
    |first_iter_0_reg_725               |   1|   0|    1|          0|
    |i_fu_162                           |  10|   0|   10|          0|
    |icmp_ln25_reg_716                  |   1|   0|    1|          0|
    |icmp_ln28_1_reg_784                |   1|   0|    1|          0|
    |indvar_flatten_fu_170              |  13|   0|   13|          0|
    |sum_1_fu_174                       |   8|   0|    8|          0|
    |sum_2_reg_803                      |   8|   0|    8|          0|
    |trunc_ln28_reg_734                 |   3|   0|    3|          0|
    |w_val_reg_739                      |   8|   0|    8|          0|
    |first_iter_0_reg_725               |  64|  32|    1|          0|
    |icmp_ln25_reg_716                  |  64|  32|    1|          0|
    |icmp_ln28_1_reg_784                |  64|  32|    1|          0|
    +-----------------------------------+----+----+-----+-----------+
    |Total                              | 294|  96|  105|          0|
    +-----------------------------------+----+----+-----+-----------+



================================================================
== Interface
================================================================
* Summary: 
+---------------------------------------------------------------------+-----+-----+------------+------------------------------------------------------------+--------------+
|                              RTL Ports                              | Dir | Bits|  Protocol  |                        Source Object                       |    C Type    |
+---------------------------------------------------------------------+-----+-----+------------+------------------------------------------------------------+--------------+
|ap_clk                                                               |   in|    1|  ap_ctrl_hs|                        top_Pipeline_DENSE_OUTER_DENSE_INNER|  return value|
|ap_rst                                                               |   in|    1|  ap_ctrl_hs|                        top_Pipeline_DENSE_OUTER_DENSE_INNER|  return value|
|ap_start                                                             |   in|    1|  ap_ctrl_hs|                        top_Pipeline_DENSE_OUTER_DENSE_INNER|  return value|
|ap_done                                                              |  out|    1|  ap_ctrl_hs|                        top_Pipeline_DENSE_OUTER_DENSE_INNER|  return value|
|ap_idle                                                              |  out|    1|  ap_ctrl_hs|                        top_Pipeline_DENSE_OUTER_DENSE_INNER|  return value|
|ap_ready                                                             |  out|    1|  ap_ctrl_hs|                        top_Pipeline_DENSE_OUTER_DENSE_INNER|  return value|
|m_axi_gmem1_0_AWVALID                                                |  out|    1|       m_axi|                                                       gmem1|       pointer|
|m_axi_gmem1_0_AWREADY                                                |   in|    1|       m_axi|                                                       gmem1|       pointer|
|m_axi_gmem1_0_AWADDR                                                 |  out|   64|       m_axi|                                                       gmem1|       pointer|
|m_axi_gmem1_0_AWID                                                   |  out|    1|       m_axi|                                                       gmem1|       pointer|
|m_axi_gmem1_0_AWLEN                                                  |  out|   32|       m_axi|                                                       gmem1|       pointer|
|m_axi_gmem1_0_AWSIZE                                                 |  out|    3|       m_axi|                                                       gmem1|       pointer|
|m_axi_gmem1_0_AWBURST                                                |  out|    2|       m_axi|                                                       gmem1|       pointer|
|m_axi_gmem1_0_AWLOCK                                                 |  out|    2|       m_axi|                                                       gmem1|       pointer|
|m_axi_gmem1_0_AWCACHE                                                |  out|    4|       m_axi|                                                       gmem1|       pointer|
|m_axi_gmem1_0_AWPROT                                                 |  out|    3|       m_axi|                                                       gmem1|       pointer|
|m_axi_gmem1_0_AWQOS                                                  |  out|    4|       m_axi|                                                       gmem1|       pointer|
|m_axi_gmem1_0_AWREGION                                               |  out|    4|       m_axi|                                                       gmem1|       pointer|
|m_axi_gmem1_0_AWUSER                                                 |  out|    1|       m_axi|                                                       gmem1|       pointer|
|m_axi_gmem1_0_WVALID                                                 |  out|    1|       m_axi|                                                       gmem1|       pointer|
|m_axi_gmem1_0_WREADY                                                 |   in|    1|       m_axi|                                                       gmem1|       pointer|
|m_axi_gmem1_0_WDATA                                                  |  out|    8|       m_axi|                                                       gmem1|       pointer|
|m_axi_gmem1_0_WSTRB                                                  |  out|    1|       m_axi|                                                       gmem1|       pointer|
|m_axi_gmem1_0_WLAST                                                  |  out|    1|       m_axi|                                                       gmem1|       pointer|
|m_axi_gmem1_0_WID                                                    |  out|    1|       m_axi|                                                       gmem1|       pointer|
|m_axi_gmem1_0_WUSER                                                  |  out|    1|       m_axi|                                                       gmem1|       pointer|
|m_axi_gmem1_0_ARVALID                                                |  out|    1|       m_axi|                                                       gmem1|       pointer|
|m_axi_gmem1_0_ARREADY                                                |   in|    1|       m_axi|                                                       gmem1|       pointer|
|m_axi_gmem1_0_ARADDR                                                 |  out|   64|       m_axi|                                                       gmem1|       pointer|
|m_axi_gmem1_0_ARID                                                   |  out|    1|       m_axi|                                                       gmem1|       pointer|
|m_axi_gmem1_0_ARLEN                                                  |  out|   32|       m_axi|                                                       gmem1|       pointer|
|m_axi_gmem1_0_ARSIZE                                                 |  out|    3|       m_axi|                                                       gmem1|       pointer|
|m_axi_gmem1_0_ARBURST                                                |  out|    2|       m_axi|                                                       gmem1|       pointer|
|m_axi_gmem1_0_ARLOCK                                                 |  out|    2|       m_axi|                                                       gmem1|       pointer|
|m_axi_gmem1_0_ARCACHE                                                |  out|    4|       m_axi|                                                       gmem1|       pointer|
|m_axi_gmem1_0_ARPROT                                                 |  out|    3|       m_axi|                                                       gmem1|       pointer|
|m_axi_gmem1_0_ARQOS                                                  |  out|    4|       m_axi|                                                       gmem1|       pointer|
|m_axi_gmem1_0_ARREGION                                               |  out|    4|       m_axi|                                                       gmem1|       pointer|
|m_axi_gmem1_0_ARUSER                                                 |  out|    1|       m_axi|                                                       gmem1|       pointer|
|m_axi_gmem1_0_RVALID                                                 |   in|    1|       m_axi|                                                       gmem1|       pointer|
|m_axi_gmem1_0_RREADY                                                 |  out|    1|       m_axi|                                                       gmem1|       pointer|
|m_axi_gmem1_0_RDATA                                                  |   in|    8|       m_axi|                                                       gmem1|       pointer|
|m_axi_gmem1_0_RLAST                                                  |   in|    1|       m_axi|                                                       gmem1|       pointer|
|m_axi_gmem1_0_RID                                                    |   in|    1|       m_axi|                                                       gmem1|       pointer|
|m_axi_gmem1_0_RFIFONUM                                               |   in|   11|       m_axi|                                                       gmem1|       pointer|
|m_axi_gmem1_0_RUSER                                                  |   in|    1|       m_axi|                                                       gmem1|       pointer|
|m_axi_gmem1_0_RRESP                                                  |   in|    2|       m_axi|                                                       gmem1|       pointer|
|m_axi_gmem1_0_BVALID                                                 |   in|    1|       m_axi|                                                       gmem1|       pointer|
|m_axi_gmem1_0_BREADY                                                 |  out|    1|       m_axi|                                                       gmem1|       pointer|
|m_axi_gmem1_0_BRESP                                                  |   in|    2|       m_axi|                                                       gmem1|       pointer|
|m_axi_gmem1_0_BID                                                    |   in|    1|       m_axi|                                                       gmem1|       pointer|
|m_axi_gmem1_0_BUSER                                                  |   in|    1|       m_axi|                                                       gmem1|       pointer|
|m_axi_gmem0_0_AWVALID                                                |  out|    1|       m_axi|                                                       gmem0|       pointer|
|m_axi_gmem0_0_AWREADY                                                |   in|    1|       m_axi|                                                       gmem0|       pointer|
|m_axi_gmem0_0_AWADDR                                                 |  out|   64|       m_axi|                                                       gmem0|       pointer|
|m_axi_gmem0_0_AWID                                                   |  out|    1|       m_axi|                                                       gmem0|       pointer|
|m_axi_gmem0_0_AWLEN                                                  |  out|   32|       m_axi|                                                       gmem0|       pointer|
|m_axi_gmem0_0_AWSIZE                                                 |  out|    3|       m_axi|                                                       gmem0|       pointer|
|m_axi_gmem0_0_AWBURST                                                |  out|    2|       m_axi|                                                       gmem0|       pointer|
|m_axi_gmem0_0_AWLOCK                                                 |  out|    2|       m_axi|                                                       gmem0|       pointer|
|m_axi_gmem0_0_AWCACHE                                                |  out|    4|       m_axi|                                                       gmem0|       pointer|
|m_axi_gmem0_0_AWPROT                                                 |  out|    3|       m_axi|                                                       gmem0|       pointer|
|m_axi_gmem0_0_AWQOS                                                  |  out|    4|       m_axi|                                                       gmem0|       pointer|
|m_axi_gmem0_0_AWREGION                                               |  out|    4|       m_axi|                                                       gmem0|       pointer|
|m_axi_gmem0_0_AWUSER                                                 |  out|    1|       m_axi|                                                       gmem0|       pointer|
|m_axi_gmem0_0_WVALID                                                 |  out|    1|       m_axi|                                                       gmem0|       pointer|
|m_axi_gmem0_0_WREADY                                                 |   in|    1|       m_axi|                                                       gmem0|       pointer|
|m_axi_gmem0_0_WDATA                                                  |  out|    8|       m_axi|                                                       gmem0|       pointer|
|m_axi_gmem0_0_WSTRB                                                  |  out|    1|       m_axi|                                                       gmem0|       pointer|
|m_axi_gmem0_0_WLAST                                                  |  out|    1|       m_axi|                                                       gmem0|       pointer|
|m_axi_gmem0_0_WID                                                    |  out|    1|       m_axi|                                                       gmem0|       pointer|
|m_axi_gmem0_0_WUSER                                                  |  out|    1|       m_axi|                                                       gmem0|       pointer|
|m_axi_gmem0_0_ARVALID                                                |  out|    1|       m_axi|                                                       gmem0|       pointer|
|m_axi_gmem0_0_ARREADY                                                |   in|    1|       m_axi|                                                       gmem0|       pointer|
|m_axi_gmem0_0_ARADDR                                                 |  out|   64|       m_axi|                                                       gmem0|       pointer|
|m_axi_gmem0_0_ARID                                                   |  out|    1|       m_axi|                                                       gmem0|       pointer|
|m_axi_gmem0_0_ARLEN                                                  |  out|   32|       m_axi|                                                       gmem0|       pointer|
|m_axi_gmem0_0_ARSIZE                                                 |  out|    3|       m_axi|                                                       gmem0|       pointer|
|m_axi_gmem0_0_ARBURST                                                |  out|    2|       m_axi|                                                       gmem0|       pointer|
|m_axi_gmem0_0_ARLOCK                                                 |  out|    2|       m_axi|                                                       gmem0|       pointer|
|m_axi_gmem0_0_ARCACHE                                                |  out|    4|       m_axi|                                                       gmem0|       pointer|
|m_axi_gmem0_0_ARPROT                                                 |  out|    3|       m_axi|                                                       gmem0|       pointer|
|m_axi_gmem0_0_ARQOS                                                  |  out|    4|       m_axi|                                                       gmem0|       pointer|
|m_axi_gmem0_0_ARREGION                                               |  out|    4|       m_axi|                                                       gmem0|       pointer|
|m_axi_gmem0_0_ARUSER                                                 |  out|    1|       m_axi|                                                       gmem0|       pointer|
|m_axi_gmem0_0_RVALID                                                 |   in|    1|       m_axi|                                                       gmem0|       pointer|
|m_axi_gmem0_0_RREADY                                                 |  out|    1|       m_axi|                                                       gmem0|       pointer|
|m_axi_gmem0_0_RDATA                                                  |   in|    8|       m_axi|                                                       gmem0|       pointer|
|m_axi_gmem0_0_RLAST                                                  |   in|    1|       m_axi|                                                       gmem0|       pointer|
|m_axi_gmem0_0_RID                                                    |   in|    1|       m_axi|                                                       gmem0|       pointer|
|m_axi_gmem0_0_RFIFONUM                                               |   in|   11|       m_axi|                                                       gmem0|       pointer|
|m_axi_gmem0_0_RUSER                                                  |   in|    1|       m_axi|                                                       gmem0|       pointer|
|m_axi_gmem0_0_RRESP                                                  |   in|    2|       m_axi|                                                       gmem0|       pointer|
|m_axi_gmem0_0_BVALID                                                 |   in|    1|       m_axi|                                                       gmem0|       pointer|
|m_axi_gmem0_0_BREADY                                                 |  out|    1|       m_axi|                                                       gmem0|       pointer|
|m_axi_gmem0_0_BRESP                                                  |   in|    2|       m_axi|                                                       gmem0|       pointer|
|m_axi_gmem0_0_BID                                                    |   in|    1|       m_axi|                                                       gmem0|       pointer|
|m_axi_gmem0_0_BUSER                                                  |   in|    1|       m_axi|                                                       gmem0|       pointer|
|local_bias_reload                                                    |   in|    8|     ap_none|                                           local_bias_reload|        scalar|
|local_bias_1_reload                                                  |   in|    8|     ap_none|                                         local_bias_1_reload|        scalar|
|local_bias_2_reload                                                  |   in|    8|     ap_none|                                         local_bias_2_reload|        scalar|
|local_bias_3_reload                                                  |   in|    8|     ap_none|                                         local_bias_3_reload|        scalar|
|local_bias_4_reload                                                  |   in|    8|     ap_none|                                         local_bias_4_reload|        scalar|
|local_bias_5_reload                                                  |   in|    8|     ap_none|                                         local_bias_5_reload|        scalar|
|local_bias_6_reload                                                  |   in|    8|     ap_none|                                         local_bias_6_reload|        scalar|
|local_bias_7_reload                                                  |   in|    8|     ap_none|                                         local_bias_7_reload|        scalar|
|local_bias_8_reload                                                  |   in|    8|     ap_none|                                         local_bias_8_reload|        scalar|
|local_bias_9_reload                                                  |   in|    8|     ap_none|                                         local_bias_9_reload|        scalar|
|outputDense                                                          |   in|   64|     ap_none|                                                 outputDense|        scalar|
|fcWeight                                                             |   in|   64|     ap_none|                                                    fcWeight|        scalar|
|dense_ap_fixed_ap_fixed_ap_fixed_ap_fixed_8_5_5_3_0_temp_7_address0  |  out|    7|   ap_memory|  dense_ap_fixed_ap_fixed_ap_fixed_ap_fixed_8_5_5_3_0_temp_7|         array|
|dense_ap_fixed_ap_fixed_ap_fixed_ap_fixed_8_5_5_3_0_temp_7_ce0       |  out|    1|   ap_memory|  dense_ap_fixed_ap_fixed_ap_fixed_ap_fixed_8_5_5_3_0_temp_7|         array|
|dense_ap_fixed_ap_fixed_ap_fixed_ap_fixed_8_5_5_3_0_temp_7_q0        |   in|    8|   ap_memory|  dense_ap_fixed_ap_fixed_ap_fixed_ap_fixed_8_5_5_3_0_temp_7|         array|
|dense_ap_fixed_ap_fixed_ap_fixed_ap_fixed_8_5_5_3_0_temp_3_address0  |  out|    7|   ap_memory|  dense_ap_fixed_ap_fixed_ap_fixed_ap_fixed_8_5_5_3_0_temp_3|         array|
|dense_ap_fixed_ap_fixed_ap_fixed_ap_fixed_8_5_5_3_0_temp_3_ce0       |  out|    1|   ap_memory|  dense_ap_fixed_ap_fixed_ap_fixed_ap_fixed_8_5_5_3_0_temp_3|         array|
|dense_ap_fixed_ap_fixed_ap_fixed_ap_fixed_8_5_5_3_0_temp_3_q0        |   in|    8|   ap_memory|  dense_ap_fixed_ap_fixed_ap_fixed_ap_fixed_8_5_5_3_0_temp_3|         array|
|dense_ap_fixed_ap_fixed_ap_fixed_ap_fixed_8_5_5_3_0_temp_2_address0  |  out|    7|   ap_memory|  dense_ap_fixed_ap_fixed_ap_fixed_ap_fixed_8_5_5_3_0_temp_2|         array|
|dense_ap_fixed_ap_fixed_ap_fixed_ap_fixed_8_5_5_3_0_temp_2_ce0       |  out|    1|   ap_memory|  dense_ap_fixed_ap_fixed_ap_fixed_ap_fixed_8_5_5_3_0_temp_2|         array|
|dense_ap_fixed_ap_fixed_ap_fixed_ap_fixed_8_5_5_3_0_temp_2_q0        |   in|    8|   ap_memory|  dense_ap_fixed_ap_fixed_ap_fixed_ap_fixed_8_5_5_3_0_temp_2|         array|
|dense_ap_fixed_ap_fixed_ap_fixed_ap_fixed_8_5_5_3_0_temp_1_address0  |  out|    7|   ap_memory|  dense_ap_fixed_ap_fixed_ap_fixed_ap_fixed_8_5_5_3_0_temp_1|         array|
|dense_ap_fixed_ap_fixed_ap_fixed_ap_fixed_8_5_5_3_0_temp_1_ce0       |  out|    1|   ap_memory|  dense_ap_fixed_ap_fixed_ap_fixed_ap_fixed_8_5_5_3_0_temp_1|         array|
|dense_ap_fixed_ap_fixed_ap_fixed_ap_fixed_8_5_5_3_0_temp_1_q0        |   in|    8|   ap_memory|  dense_ap_fixed_ap_fixed_ap_fixed_ap_fixed_8_5_5_3_0_temp_1|         array|
|dense_ap_fixed_ap_fixed_ap_fixed_ap_fixed_8_5_5_3_0_temp_address0    |  out|    7|   ap_memory|    dense_ap_fixed_ap_fixed_ap_fixed_ap_fixed_8_5_5_3_0_temp|         array|
|dense_ap_fixed_ap_fixed_ap_fixed_ap_fixed_8_5_5_3_0_temp_ce0         |  out|    1|   ap_memory|    dense_ap_fixed_ap_fixed_ap_fixed_ap_fixed_8_5_5_3_0_temp|         array|
|dense_ap_fixed_ap_fixed_ap_fixed_ap_fixed_8_5_5_3_0_temp_q0          |   in|    8|   ap_memory|    dense_ap_fixed_ap_fixed_ap_fixed_ap_fixed_8_5_5_3_0_temp|         array|
|dense_ap_fixed_ap_fixed_ap_fixed_ap_fixed_8_5_5_3_0_temp_6_address0  |  out|    7|   ap_memory|  dense_ap_fixed_ap_fixed_ap_fixed_ap_fixed_8_5_5_3_0_temp_6|         array|
|dense_ap_fixed_ap_fixed_ap_fixed_ap_fixed_8_5_5_3_0_temp_6_ce0       |  out|    1|   ap_memory|  dense_ap_fixed_ap_fixed_ap_fixed_ap_fixed_8_5_5_3_0_temp_6|         array|
|dense_ap_fixed_ap_fixed_ap_fixed_ap_fixed_8_5_5_3_0_temp_6_q0        |   in|    8|   ap_memory|  dense_ap_fixed_ap_fixed_ap_fixed_ap_fixed_8_5_5_3_0_temp_6|         array|
|dense_ap_fixed_ap_fixed_ap_fixed_ap_fixed_8_5_5_3_0_temp_5_address0  |  out|    7|   ap_memory|  dense_ap_fixed_ap_fixed_ap_fixed_ap_fixed_8_5_5_3_0_temp_5|         array|
|dense_ap_fixed_ap_fixed_ap_fixed_ap_fixed_8_5_5_3_0_temp_5_ce0       |  out|    1|   ap_memory|  dense_ap_fixed_ap_fixed_ap_fixed_ap_fixed_8_5_5_3_0_temp_5|         array|
|dense_ap_fixed_ap_fixed_ap_fixed_ap_fixed_8_5_5_3_0_temp_5_q0        |   in|    8|   ap_memory|  dense_ap_fixed_ap_fixed_ap_fixed_ap_fixed_8_5_5_3_0_temp_5|         array|
|dense_ap_fixed_ap_fixed_ap_fixed_ap_fixed_8_5_5_3_0_temp_4_address0  |  out|    7|   ap_memory|  dense_ap_fixed_ap_fixed_ap_fixed_ap_fixed_8_5_5_3_0_temp_4|         array|
|dense_ap_fixed_ap_fixed_ap_fixed_ap_fixed_8_5_5_3_0_temp_4_ce0       |  out|    1|   ap_memory|  dense_ap_fixed_ap_fixed_ap_fixed_ap_fixed_8_5_5_3_0_temp_4|         array|
|dense_ap_fixed_ap_fixed_ap_fixed_ap_fixed_8_5_5_3_0_temp_4_q0        |   in|    8|   ap_memory|  dense_ap_fixed_ap_fixed_ap_fixed_ap_fixed_8_5_5_3_0_temp_4|         array|
+---------------------------------------------------------------------+-----+-----+------------+------------------------------------------------------------+--------------+

