Copyright 1986-2022 Xilinx, Inc. All Rights Reserved. Copyright 2022-2025 Advanced Micro Devices, Inc. All Rights Reserved.
---------------------------------------------------------------------------------------------------------------------------------------------
| Tool Version : Vivado v.2025.2 (lin64) Build 6299465 Fri Nov 14 12:34:56 MST 2025
| Date         : Sat Mar  7 19:18:50 2026
| Host         : universal-constructor running 64-bit Ubuntu 24.04.3 LTS
| Command      : report_drc -file bd_0_wrapper_drc_opted.rpt -pb bd_0_wrapper_drc_opted.pb -rpx bd_0_wrapper_drc_opted.rpx
| Design       : bd_0_wrapper
| Device       : xc7z020clg484-1
| Speed File   : -1
| Design State : Synthesized
---------------------------------------------------------------------------------------------------------------------------------------------

Report DRC

Table of Contents
-----------------
1. REPORT SUMMARY
2. REPORT DETAILS

1. REPORT SUMMARY
-----------------
            Netlist: netlist
          Floorplan: checkpoint_bd_0_wrapper
      Design limits: <entire design considered>
           Ruledeck: default
             Max checks: <unlimited>
             Checks found: 41
+--------+----------+------------------------+--------+
| Rule   | Severity | Description            | Checks |
+--------+----------+------------------------+--------+
| DPIP-1 | Warning  | Input pipelining       | 30     |
| DPOP-2 | Warning  | MREG Output pipelining | 10     |
| ZPS7-1 | Warning  | PS7 block required     | 1      |
+--------+----------+------------------------+--------+

2. REPORT DETAILS
-----------------
DPIP-1#1 Warning
Input pipelining  
DSP bd_0_i/hls_inst/inst/grp_conv1_fu_527/grp_conv1_Pipeline_CO_1_H_1_W_1_fu_550/mac_muladd_8s_8s_11s_11_4_1_U122/top_mac_muladd_8s_8s_11s_11_4_1_DSP48_0_U/p_reg_reg input bd_0_i/hls_inst/inst/grp_conv1_fu_527/grp_conv1_Pipeline_CO_1_H_1_W_1_fu_550/mac_muladd_8s_8s_11s_11_4_1_U122/top_mac_muladd_8s_8s_11s_11_4_1_DSP48_0_U/p_reg_reg/C[47:0] is not pipelined. Pipelining DSP48 input will improve performance.
Related violations: <none>

DPIP-1#2 Warning
Input pipelining  
DSP bd_0_i/hls_inst/inst/grp_conv1_fu_527/grp_conv1_Pipeline_CO_1_H_1_W_1_fu_550/mac_muladd_8s_8s_11s_11_4_1_U123/top_mac_muladd_8s_8s_11s_11_4_1_DSP48_0_U/p_reg_reg input bd_0_i/hls_inst/inst/grp_conv1_fu_527/grp_conv1_Pipeline_CO_1_H_1_W_1_fu_550/mac_muladd_8s_8s_11s_11_4_1_U123/top_mac_muladd_8s_8s_11s_11_4_1_DSP48_0_U/p_reg_reg/C[47:0] is not pipelined. Pipelining DSP48 input will improve performance.
Related violations: <none>

DPIP-1#3 Warning
Input pipelining  
DSP bd_0_i/hls_inst/inst/grp_conv1_fu_527/grp_conv1_Pipeline_CO_1_H_1_W_1_fu_550/mac_muladd_8s_8s_11s_11_4_1_U124/top_mac_muladd_8s_8s_11s_11_4_1_DSP48_0_U/p_reg_reg input bd_0_i/hls_inst/inst/grp_conv1_fu_527/grp_conv1_Pipeline_CO_1_H_1_W_1_fu_550/mac_muladd_8s_8s_11s_11_4_1_U124/top_mac_muladd_8s_8s_11s_11_4_1_DSP48_0_U/p_reg_reg/C[47:0] is not pipelined. Pipelining DSP48 input will improve performance.
Related violations: <none>

DPIP-1#4 Warning
Input pipelining  
DSP bd_0_i/hls_inst/inst/grp_conv1_fu_527/grp_conv1_Pipeline_CO_1_H_1_W_1_fu_550/mac_muladd_8s_8s_11s_11_4_1_U125/top_mac_muladd_8s_8s_11s_11_4_1_DSP48_0_U/p_reg_reg input bd_0_i/hls_inst/inst/grp_conv1_fu_527/grp_conv1_Pipeline_CO_1_H_1_W_1_fu_550/mac_muladd_8s_8s_11s_11_4_1_U125/top_mac_muladd_8s_8s_11s_11_4_1_DSP48_0_U/p_reg_reg/C[47:0] is not pipelined. Pipelining DSP48 input will improve performance.
Related violations: <none>

DPIP-1#5 Warning
Input pipelining  
DSP bd_0_i/hls_inst/inst/grp_conv1_fu_527/grp_conv1_Pipeline_CO_1_H_1_W_1_fu_550/mac_muladd_8s_8s_11s_11_4_1_U126/top_mac_muladd_8s_8s_11s_11_4_1_DSP48_0_U/p_reg_reg input bd_0_i/hls_inst/inst/grp_conv1_fu_527/grp_conv1_Pipeline_CO_1_H_1_W_1_fu_550/mac_muladd_8s_8s_11s_11_4_1_U126/top_mac_muladd_8s_8s_11s_11_4_1_DSP48_0_U/p_reg_reg/C[47:0] is not pipelined. Pipelining DSP48 input will improve performance.
Related violations: <none>

DPIP-1#6 Warning
Input pipelining  
DSP bd_0_i/hls_inst/inst/grp_conv1_fu_527/grp_conv1_Pipeline_CO_1_H_1_W_1_fu_550/mac_muladd_8s_8s_11s_11_4_1_U127/top_mac_muladd_8s_8s_11s_11_4_1_DSP48_0_U/p_reg_reg input bd_0_i/hls_inst/inst/grp_conv1_fu_527/grp_conv1_Pipeline_CO_1_H_1_W_1_fu_550/mac_muladd_8s_8s_11s_11_4_1_U127/top_mac_muladd_8s_8s_11s_11_4_1_DSP48_0_U/p_reg_reg/C[47:0] is not pipelined. Pipelining DSP48 input will improve performance.
Related violations: <none>

DPIP-1#7 Warning
Input pipelining  
DSP bd_0_i/hls_inst/inst/grp_conv1_fu_527/grp_conv1_Pipeline_CO_1_H_1_W_1_fu_550/mac_muladd_8s_8s_11s_11_4_1_U128/top_mac_muladd_8s_8s_11s_11_4_1_DSP48_0_U/p_reg_reg input bd_0_i/hls_inst/inst/grp_conv1_fu_527/grp_conv1_Pipeline_CO_1_H_1_W_1_fu_550/mac_muladd_8s_8s_11s_11_4_1_U128/top_mac_muladd_8s_8s_11s_11_4_1_DSP48_0_U/p_reg_reg/C[47:0] is not pipelined. Pipelining DSP48 input will improve performance.
Related violations: <none>

DPIP-1#8 Warning
Input pipelining  
DSP bd_0_i/hls_inst/inst/grp_conv1_fu_527/grp_conv1_Pipeline_CO_1_H_1_W_1_fu_550/mac_muladd_8s_8s_11s_11_4_1_U129/top_mac_muladd_8s_8s_11s_11_4_1_DSP48_0_U/p_reg_reg input bd_0_i/hls_inst/inst/grp_conv1_fu_527/grp_conv1_Pipeline_CO_1_H_1_W_1_fu_550/mac_muladd_8s_8s_11s_11_4_1_U129/top_mac_muladd_8s_8s_11s_11_4_1_DSP48_0_U/p_reg_reg/C[47:0] is not pipelined. Pipelining DSP48 input will improve performance.
Related violations: <none>

DPIP-1#9 Warning
Input pipelining  
DSP bd_0_i/hls_inst/inst/grp_conv1_fu_527/grp_conv1_Pipeline_CO_1_H_1_W_1_fu_550/mac_muladd_8s_8s_11s_11_4_1_U130/top_mac_muladd_8s_8s_11s_11_4_1_DSP48_0_U/p_reg_reg input bd_0_i/hls_inst/inst/grp_conv1_fu_527/grp_conv1_Pipeline_CO_1_H_1_W_1_fu_550/mac_muladd_8s_8s_11s_11_4_1_U130/top_mac_muladd_8s_8s_11s_11_4_1_DSP48_0_U/p_reg_reg/C[47:0] is not pipelined. Pipelining DSP48 input will improve performance.
Related violations: <none>

DPIP-1#10 Warning
Input pipelining  
DSP bd_0_i/hls_inst/inst/grp_conv2_fu_717/grp_conv2_Pipeline_CI_2_fu_415/mac_muladd_8s_8s_11s_16_4_1_U342/top_mac_muladd_8s_8s_11s_16_4_1_DSP48_0_U/p_reg_reg input bd_0_i/hls_inst/inst/grp_conv2_fu_717/grp_conv2_Pipeline_CI_2_fu_415/mac_muladd_8s_8s_11s_16_4_1_U342/top_mac_muladd_8s_8s_11s_16_4_1_DSP48_0_U/p_reg_reg/C[47:0] is not pipelined. Pipelining DSP48 input will improve performance.
Related violations: <none>

DPIP-1#11 Warning
Input pipelining  
DSP bd_0_i/hls_inst/inst/grp_conv2_fu_717/grp_conv2_Pipeline_CI_2_fu_415/mac_muladd_8s_8s_11s_16_4_1_U343/top_mac_muladd_8s_8s_11s_16_4_1_DSP48_0_U/p_reg_reg input bd_0_i/hls_inst/inst/grp_conv2_fu_717/grp_conv2_Pipeline_CI_2_fu_415/mac_muladd_8s_8s_11s_16_4_1_U343/top_mac_muladd_8s_8s_11s_16_4_1_DSP48_0_U/p_reg_reg/C[47:0] is not pipelined. Pipelining DSP48 input will improve performance.
Related violations: <none>

DPIP-1#12 Warning
Input pipelining  
DSP bd_0_i/hls_inst/inst/grp_conv2_fu_717/grp_conv2_Pipeline_CI_2_fu_415/mac_muladd_8s_8s_11s_16_4_1_U344/top_mac_muladd_8s_8s_11s_16_4_1_DSP48_0_U/p_reg_reg input bd_0_i/hls_inst/inst/grp_conv2_fu_717/grp_conv2_Pipeline_CI_2_fu_415/mac_muladd_8s_8s_11s_16_4_1_U344/top_mac_muladd_8s_8s_11s_16_4_1_DSP48_0_U/p_reg_reg/C[47:0] is not pipelined. Pipelining DSP48 input will improve performance.
Related violations: <none>

DPIP-1#13 Warning
Input pipelining  
DSP bd_0_i/hls_inst/inst/grp_conv2_fu_717/grp_conv2_Pipeline_CI_2_fu_415/mac_muladd_8s_8s_11s_16_4_1_U345/top_mac_muladd_8s_8s_11s_16_4_1_DSP48_0_U/p_reg_reg input bd_0_i/hls_inst/inst/grp_conv2_fu_717/grp_conv2_Pipeline_CI_2_fu_415/mac_muladd_8s_8s_11s_16_4_1_U345/top_mac_muladd_8s_8s_11s_16_4_1_DSP48_0_U/p_reg_reg/C[47:0] is not pipelined. Pipelining DSP48 input will improve performance.
Related violations: <none>

DPIP-1#14 Warning
Input pipelining  
DSP bd_0_i/hls_inst/inst/grp_conv2_fu_717/grp_conv2_Pipeline_CI_2_fu_415/mac_muladd_8s_8s_11s_16_4_1_U346/top_mac_muladd_8s_8s_11s_16_4_1_DSP48_0_U/p_reg_reg input bd_0_i/hls_inst/inst/grp_conv2_fu_717/grp_conv2_Pipeline_CI_2_fu_415/mac_muladd_8s_8s_11s_16_4_1_U346/top_mac_muladd_8s_8s_11s_16_4_1_DSP48_0_U/p_reg_reg/C[47:0] is not pipelined. Pipelining DSP48 input will improve performance.
Related violations: <none>

DPIP-1#15 Warning
Input pipelining  
DSP bd_0_i/hls_inst/inst/grp_conv2_fu_717/grp_conv2_Pipeline_CI_2_fu_415/mac_muladd_8s_8s_11s_16_4_1_U347/top_mac_muladd_8s_8s_11s_16_4_1_DSP48_0_U/p_reg_reg input bd_0_i/hls_inst/inst/grp_conv2_fu_717/grp_conv2_Pipeline_CI_2_fu_415/mac_muladd_8s_8s_11s_16_4_1_U347/top_mac_muladd_8s_8s_11s_16_4_1_DSP48_0_U/p_reg_reg/C[47:0] is not pipelined. Pipelining DSP48 input will improve performance.
Related violations: <none>

DPIP-1#16 Warning
Input pipelining  
DSP bd_0_i/hls_inst/inst/grp_conv2_fu_717/grp_conv2_Pipeline_CI_2_fu_415/mac_muladd_8s_8s_11s_16_4_1_U348/top_mac_muladd_8s_8s_11s_16_4_1_DSP48_0_U/p_reg_reg input bd_0_i/hls_inst/inst/grp_conv2_fu_717/grp_conv2_Pipeline_CI_2_fu_415/mac_muladd_8s_8s_11s_16_4_1_U348/top_mac_muladd_8s_8s_11s_16_4_1_DSP48_0_U/p_reg_reg/C[47:0] is not pipelined. Pipelining DSP48 input will improve performance.
Related violations: <none>

DPIP-1#17 Warning
Input pipelining  
DSP bd_0_i/hls_inst/inst/grp_conv2_fu_717/grp_conv2_Pipeline_CI_2_fu_415/mac_muladd_8s_8s_11s_16_4_1_U349/top_mac_muladd_8s_8s_11s_16_4_1_DSP48_0_U/p_reg_reg input bd_0_i/hls_inst/inst/grp_conv2_fu_717/grp_conv2_Pipeline_CI_2_fu_415/mac_muladd_8s_8s_11s_16_4_1_U349/top_mac_muladd_8s_8s_11s_16_4_1_DSP48_0_U/p_reg_reg/C[47:0] is not pipelined. Pipelining DSP48 input will improve performance.
Related violations: <none>

DPIP-1#18 Warning
Input pipelining  
DSP bd_0_i/hls_inst/inst/grp_conv2_fu_717/grp_conv2_Pipeline_CI_2_fu_415/mac_muladd_8s_8s_11s_16_4_1_U350/top_mac_muladd_8s_8s_11s_16_4_1_DSP48_0_U/p_reg_reg input bd_0_i/hls_inst/inst/grp_conv2_fu_717/grp_conv2_Pipeline_CI_2_fu_415/mac_muladd_8s_8s_11s_16_4_1_U350/top_mac_muladd_8s_8s_11s_16_4_1_DSP48_0_U/p_reg_reg/C[47:0] is not pipelined. Pipelining DSP48 input will improve performance.
Related violations: <none>

DPIP-1#19 Warning
Input pipelining  
DSP bd_0_i/hls_inst/inst/grp_pool_1_fu_795/grp_pool_1_Pipeline_CO_LOOP_H_LOOP_W_LOOP_fu_110/add_ln34_2_reg_1065_reg input bd_0_i/hls_inst/inst/grp_pool_1_fu_795/grp_pool_1_Pipeline_CO_LOOP_H_LOOP_W_LOOP_fu_110/add_ln34_2_reg_1065_reg/C[47:0] is not pipelined. Pipelining DSP48 input will improve performance.
Related violations: <none>

DPIP-1#20 Warning
Input pipelining  
DSP bd_0_i/hls_inst/inst/grp_pool_1_fu_795/grp_pool_1_Pipeline_CO_LOOP_H_LOOP_W_LOOP_fu_110/add_ln34_reg_1059_reg input bd_0_i/hls_inst/inst/grp_pool_1_fu_795/grp_pool_1_Pipeline_CO_LOOP_H_LOOP_W_LOOP_fu_110/add_ln34_reg_1059_reg/C[47:0] is not pipelined. Pipelining DSP48 input will improve performance.
Related violations: <none>

DPIP-1#21 Warning
Input pipelining  
DSP bd_0_i/hls_inst/inst/grp_pool_1_fu_795/grp_pool_1_Pipeline_CO_LOOP_H_LOOP_W_LOOP_fu_110/tmp_5_reg_1071_reg input bd_0_i/hls_inst/inst/grp_pool_1_fu_795/grp_pool_1_Pipeline_CO_LOOP_H_LOOP_W_LOOP_fu_110/tmp_5_reg_1071_reg/A[29:0] is not pipelined. Pipelining DSP48 input will improve performance.
Related violations: <none>

DPIP-1#22 Warning
Input pipelining  
DSP bd_0_i/hls_inst/inst/grp_pool_1_fu_795/grp_pool_1_Pipeline_CO_LOOP_H_LOOP_W_LOOP_fu_110/tmp_6_reg_1084_reg input bd_0_i/hls_inst/inst/grp_pool_1_fu_795/grp_pool_1_Pipeline_CO_LOOP_H_LOOP_W_LOOP_fu_110/tmp_6_reg_1084_reg/A[29:0] is not pipelined. Pipelining DSP48 input will improve performance.
Related violations: <none>

DPIP-1#23 Warning
Input pipelining  
DSP bd_0_i/hls_inst/inst/grp_pool_1_fu_795/grp_pool_1_Pipeline_CO_LOOP_H_LOOP_W_LOOP_fu_110/tmp_7_reg_1089_reg input bd_0_i/hls_inst/inst/grp_pool_1_fu_795/grp_pool_1_Pipeline_CO_LOOP_H_LOOP_W_LOOP_fu_110/tmp_7_reg_1089_reg/A[29:0] is not pipelined. Pipelining DSP48 input will improve performance.
Related violations: <none>

DPIP-1#24 Warning
Input pipelining  
DSP bd_0_i/hls_inst/inst/grp_pool_1_fu_795/grp_pool_1_Pipeline_CO_LOOP_H_LOOP_W_LOOP_fu_110/tmp_8_reg_1094_reg input bd_0_i/hls_inst/inst/grp_pool_1_fu_795/grp_pool_1_Pipeline_CO_LOOP_H_LOOP_W_LOOP_fu_110/tmp_8_reg_1094_reg/A[29:0] is not pipelined. Pipelining DSP48 input will improve performance.
Related violations: <none>

DPIP-1#25 Warning
Input pipelining  
DSP bd_0_i/hls_inst/inst/grp_pool_fu_699/grp_pool_Pipeline_CO_LOOP_H_LOOP_W_LOOP_fu_110/add_ln34_3_reg_1099_reg input bd_0_i/hls_inst/inst/grp_pool_fu_699/grp_pool_Pipeline_CO_LOOP_H_LOOP_W_LOOP_fu_110/add_ln34_3_reg_1099_reg/C[47:0] is not pipelined. Pipelining DSP48 input will improve performance.
Related violations: <none>

DPIP-1#26 Warning
Input pipelining  
DSP bd_0_i/hls_inst/inst/grp_pool_fu_699/grp_pool_Pipeline_CO_LOOP_H_LOOP_W_LOOP_fu_110/tmp_1_reg_1105_reg input bd_0_i/hls_inst/inst/grp_pool_fu_699/grp_pool_Pipeline_CO_LOOP_H_LOOP_W_LOOP_fu_110/tmp_1_reg_1105_reg/A[29:0] is not pipelined. Pipelining DSP48 input will improve performance.
Related violations: <none>

DPIP-1#27 Warning
Input pipelining  
DSP bd_0_i/hls_inst/inst/grp_pool_fu_699/grp_pool_Pipeline_CO_LOOP_H_LOOP_W_LOOP_fu_110/tmp_2_reg_1118_reg input bd_0_i/hls_inst/inst/grp_pool_fu_699/grp_pool_Pipeline_CO_LOOP_H_LOOP_W_LOOP_fu_110/tmp_2_reg_1118_reg/A[29:0] is not pipelined. Pipelining DSP48 input will improve performance.
Related violations: <none>

DPIP-1#28 Warning
Input pipelining  
DSP bd_0_i/hls_inst/inst/grp_pool_fu_699/grp_pool_Pipeline_CO_LOOP_H_LOOP_W_LOOP_fu_110/tmp_3_reg_1123_reg input bd_0_i/hls_inst/inst/grp_pool_fu_699/grp_pool_Pipeline_CO_LOOP_H_LOOP_W_LOOP_fu_110/tmp_3_reg_1123_reg/A[29:0] is not pipelined. Pipelining DSP48 input will improve performance.
Related violations: <none>

DPIP-1#29 Warning
Input pipelining  
DSP bd_0_i/hls_inst/inst/grp_pool_fu_699/grp_pool_Pipeline_CO_LOOP_H_LOOP_W_LOOP_fu_110/tmp_4_reg_1128_reg input bd_0_i/hls_inst/inst/grp_pool_fu_699/grp_pool_Pipeline_CO_LOOP_H_LOOP_W_LOOP_fu_110/tmp_4_reg_1128_reg/A[29:0] is not pipelined. Pipelining DSP48 input will improve performance.
Related violations: <none>

DPIP-1#30 Warning
Input pipelining  
DSP bd_0_i/hls_inst/inst/grp_top_Pipeline_DENSE_OUTER_DENSE_INNER_fu_853/mac_muladd_8s_8s_11s_11_4_1_U466/top_mac_muladd_8s_8s_11s_11_4_1_DSP48_0_U/p_reg_reg input bd_0_i/hls_inst/inst/grp_top_Pipeline_DENSE_OUTER_DENSE_INNER_fu_853/mac_muladd_8s_8s_11s_11_4_1_U466/top_mac_muladd_8s_8s_11s_11_4_1_DSP48_0_U/p_reg_reg/C[47:0] is not pipelined. Pipelining DSP48 input will improve performance.
Related violations: <none>

DPOP-2#1 Warning
MREG Output pipelining  
DSP bd_0_i/hls_inst/inst/grp_pool_1_fu_795/grp_pool_1_Pipeline_CO_LOOP_H_LOOP_W_LOOP_fu_110/add_ln34_2_reg_1065_reg multiplier stage bd_0_i/hls_inst/inst/grp_pool_1_fu_795/grp_pool_1_Pipeline_CO_LOOP_H_LOOP_W_LOOP_fu_110/add_ln34_2_reg_1065_reg/P[47:0] is not pipelined (MREG=0). Pipelining the multiplier function will improve performance and will save significant power so it is suggested whenever possible to fully pipeline this function.  If this multiplier was inferred, it is suggested to describe an additional register stage after this function.  If there is no registered adder/accumulator following the multiply function, two pipeline stages are suggested to allow both the MREG and PREG registers to be used.  If the DSP48 was instantiated in the design, it is suggested to set both the MREG and PREG attributes to 1 when performing multiply functions.
Related violations: <none>

DPOP-2#2 Warning
MREG Output pipelining  
DSP bd_0_i/hls_inst/inst/grp_pool_1_fu_795/grp_pool_1_Pipeline_CO_LOOP_H_LOOP_W_LOOP_fu_110/add_ln34_reg_1059_reg multiplier stage bd_0_i/hls_inst/inst/grp_pool_1_fu_795/grp_pool_1_Pipeline_CO_LOOP_H_LOOP_W_LOOP_fu_110/add_ln34_reg_1059_reg/P[47:0] is not pipelined (MREG=0). Pipelining the multiplier function will improve performance and will save significant power so it is suggested whenever possible to fully pipeline this function.  If this multiplier was inferred, it is suggested to describe an additional register stage after this function.  If there is no registered adder/accumulator following the multiply function, two pipeline stages are suggested to allow both the MREG and PREG registers to be used.  If the DSP48 was instantiated in the design, it is suggested to set both the MREG and PREG attributes to 1 when performing multiply functions.
Related violations: <none>

DPOP-2#3 Warning
MREG Output pipelining  
DSP bd_0_i/hls_inst/inst/grp_pool_1_fu_795/grp_pool_1_Pipeline_CO_LOOP_H_LOOP_W_LOOP_fu_110/tmp_5_reg_1071_reg multiplier stage bd_0_i/hls_inst/inst/grp_pool_1_fu_795/grp_pool_1_Pipeline_CO_LOOP_H_LOOP_W_LOOP_fu_110/tmp_5_reg_1071_reg/P[47:0] is not pipelined (MREG=0). Pipelining the multiplier function will improve performance and will save significant power so it is suggested whenever possible to fully pipeline this function.  If this multiplier was inferred, it is suggested to describe an additional register stage after this function.  If there is no registered adder/accumulator following the multiply function, two pipeline stages are suggested to allow both the MREG and PREG registers to be used.  If the DSP48 was instantiated in the design, it is suggested to set both the MREG and PREG attributes to 1 when performing multiply functions.
Related violations: <none>

DPOP-2#4 Warning
MREG Output pipelining  
DSP bd_0_i/hls_inst/inst/grp_pool_1_fu_795/grp_pool_1_Pipeline_CO_LOOP_H_LOOP_W_LOOP_fu_110/tmp_6_reg_1084_reg multiplier stage bd_0_i/hls_inst/inst/grp_pool_1_fu_795/grp_pool_1_Pipeline_CO_LOOP_H_LOOP_W_LOOP_fu_110/tmp_6_reg_1084_reg/P[47:0] is not pipelined (MREG=0). Pipelining the multiplier function will improve performance and will save significant power so it is suggested whenever possible to fully pipeline this function.  If this multiplier was inferred, it is suggested to describe an additional register stage after this function.  If there is no registered adder/accumulator following the multiply function, two pipeline stages are suggested to allow both the MREG and PREG registers to be used.  If the DSP48 was instantiated in the design, it is suggested to set both the MREG and PREG attributes to 1 when performing multiply functions.
Related violations: <none>

DPOP-2#5 Warning
MREG Output pipelining  
DSP bd_0_i/hls_inst/inst/grp_pool_1_fu_795/grp_pool_1_Pipeline_CO_LOOP_H_LOOP_W_LOOP_fu_110/tmp_7_reg_1089_reg multiplier stage bd_0_i/hls_inst/inst/grp_pool_1_fu_795/grp_pool_1_Pipeline_CO_LOOP_H_LOOP_W_LOOP_fu_110/tmp_7_reg_1089_reg/P[47:0] is not pipelined (MREG=0). Pipelining the multiplier function will improve performance and will save significant power so it is suggested whenever possible to fully pipeline this function.  If this multiplier was inferred, it is suggested to describe an additional register stage after this function.  If there is no registered adder/accumulator following the multiply function, two pipeline stages are suggested to allow both the MREG and PREG registers to be used.  If the DSP48 was instantiated in the design, it is suggested to set both the MREG and PREG attributes to 1 when performing multiply functions.
Related violations: <none>

DPOP-2#6 Warning
MREG Output pipelining  
DSP bd_0_i/hls_inst/inst/grp_pool_fu_699/grp_pool_Pipeline_CO_LOOP_H_LOOP_W_LOOP_fu_110/add_ln34_3_reg_1099_reg multiplier stage bd_0_i/hls_inst/inst/grp_pool_fu_699/grp_pool_Pipeline_CO_LOOP_H_LOOP_W_LOOP_fu_110/add_ln34_3_reg_1099_reg/P[47:0] is not pipelined (MREG=0). Pipelining the multiplier function will improve performance and will save significant power so it is suggested whenever possible to fully pipeline this function.  If this multiplier was inferred, it is suggested to describe an additional register stage after this function.  If there is no registered adder/accumulator following the multiply function, two pipeline stages are suggested to allow both the MREG and PREG registers to be used.  If the DSP48 was instantiated in the design, it is suggested to set both the MREG and PREG attributes to 1 when performing multiply functions.
Related violations: <none>

DPOP-2#7 Warning
MREG Output pipelining  
DSP bd_0_i/hls_inst/inst/grp_pool_fu_699/grp_pool_Pipeline_CO_LOOP_H_LOOP_W_LOOP_fu_110/add_ln34_reg_1093_reg multiplier stage bd_0_i/hls_inst/inst/grp_pool_fu_699/grp_pool_Pipeline_CO_LOOP_H_LOOP_W_LOOP_fu_110/add_ln34_reg_1093_reg/P[47:0] is not pipelined (MREG=0). Pipelining the multiplier function will improve performance and will save significant power so it is suggested whenever possible to fully pipeline this function.  If this multiplier was inferred, it is suggested to describe an additional register stage after this function.  If there is no registered adder/accumulator following the multiply function, two pipeline stages are suggested to allow both the MREG and PREG registers to be used.  If the DSP48 was instantiated in the design, it is suggested to set both the MREG and PREG attributes to 1 when performing multiply functions.
Related violations: <none>

DPOP-2#8 Warning
MREG Output pipelining  
DSP bd_0_i/hls_inst/inst/grp_pool_fu_699/grp_pool_Pipeline_CO_LOOP_H_LOOP_W_LOOP_fu_110/tmp_1_reg_1105_reg multiplier stage bd_0_i/hls_inst/inst/grp_pool_fu_699/grp_pool_Pipeline_CO_LOOP_H_LOOP_W_LOOP_fu_110/tmp_1_reg_1105_reg/P[47:0] is not pipelined (MREG=0). Pipelining the multiplier function will improve performance and will save significant power so it is suggested whenever possible to fully pipeline this function.  If this multiplier was inferred, it is suggested to describe an additional register stage after this function.  If there is no registered adder/accumulator following the multiply function, two pipeline stages are suggested to allow both the MREG and PREG registers to be used.  If the DSP48 was instantiated in the design, it is suggested to set both the MREG and PREG attributes to 1 when performing multiply functions.
Related violations: <none>

DPOP-2#9 Warning
MREG Output pipelining  
DSP bd_0_i/hls_inst/inst/grp_pool_fu_699/grp_pool_Pipeline_CO_LOOP_H_LOOP_W_LOOP_fu_110/tmp_2_reg_1118_reg multiplier stage bd_0_i/hls_inst/inst/grp_pool_fu_699/grp_pool_Pipeline_CO_LOOP_H_LOOP_W_LOOP_fu_110/tmp_2_reg_1118_reg/P[47:0] is not pipelined (MREG=0). Pipelining the multiplier function will improve performance and will save significant power so it is suggested whenever possible to fully pipeline this function.  If this multiplier was inferred, it is suggested to describe an additional register stage after this function.  If there is no registered adder/accumulator following the multiply function, two pipeline stages are suggested to allow both the MREG and PREG registers to be used.  If the DSP48 was instantiated in the design, it is suggested to set both the MREG and PREG attributes to 1 when performing multiply functions.
Related violations: <none>

DPOP-2#10 Warning
MREG Output pipelining  
DSP bd_0_i/hls_inst/inst/grp_pool_fu_699/grp_pool_Pipeline_CO_LOOP_H_LOOP_W_LOOP_fu_110/tmp_3_reg_1123_reg multiplier stage bd_0_i/hls_inst/inst/grp_pool_fu_699/grp_pool_Pipeline_CO_LOOP_H_LOOP_W_LOOP_fu_110/tmp_3_reg_1123_reg/P[47:0] is not pipelined (MREG=0). Pipelining the multiplier function will improve performance and will save significant power so it is suggested whenever possible to fully pipeline this function.  If this multiplier was inferred, it is suggested to describe an additional register stage after this function.  If there is no registered adder/accumulator following the multiply function, two pipeline stages are suggested to allow both the MREG and PREG registers to be used.  If the DSP48 was instantiated in the design, it is suggested to set both the MREG and PREG attributes to 1 when performing multiply functions.
Related violations: <none>

ZPS7-1#1 Warning
PS7 block required  
The PS7 cell must be used in this Zynq design in order to enable correct default configuration.
Related violations: <none>


