================================================================
== Vivado Place & Route Results
================================================================
+ General Information:
    * Date:            Sat Mar 07 19:19:50 PKT 2026
    * Version:         2025.2 (Build 6295257 on Nov 14 2025)
    * Project:         top
    * Solution:        hls (Vivado IP Flow Target)
    * Product family:  zynq
    * Target device:   xc7z020-clg484-1


================================================================
== Run Constraints & Options
================================================================
+ Design Constraints & Options:
    * Place & Route target clock:  10 ns
    * C-Synthesis target clock:    10 ns
    * C-Synthesis uncertainty:     12.5%

+ RTL Synthesis Options:
    * config_export -vivado_synth_strategy:     default
    * config_export -vivado_synth_design_args:  -directive sdx_optimization_effort_high

+ Place & Route Options:
    * config_export -vivado_impl_strategy:  default
    * config_export -vivado_phys_opt:       auto

+ Reporting Options:
    * config_export -vivado_report_level:      2
    * config_export -vivado_max_timing_paths:  10


================================================================
== Place & Route Resource Summary
================================================================
LUT:              6768
FF:               7171
DSP:              31
BRAM:             48
URAM:             0
SRL:              357


================================================================
== Place & Route Timing Summary
================================================================
* Timing was met
+----------------+-------------+
| Timing         | Period (ns) |
+----------------+-------------+
| Target         | 10.000      |
| Post-Synthesis | 8.946       |
| Post-Route     | 9.301       |
+----------------+-------------+


================================================================
== Place & Route Resources
================================================================
+--------------------------------------------------------------------------+-----+----+-----+------+------+-----+--------+------+---------+----------+--------+
| Name                                                                     | LUT | FF | DSP | BRAM | URAM | SRL | Pragma | Impl | Latency | Variable | Source |
+--------------------------------------------------------------------------+-----+----+-----+------+------+-----+--------+------+---------+----------+--------+
| inst                                                                     |     |    |     |      |      | 357 |        |      |         |          |        |
|   (inst)                                                                 |     |    |     |      |      | 1   |        |      |         |          |        |
|   control_s_axi_U                                                        |     |    |     |      |      |     |        |      |         |          |        |
|   dense_ap_fixed_ap_fixed_ap_fixed_ap_fixed_8_5_5_3_0_temp_1_U           |     |    |     |      |      |     |        |      |         |          |        |
|   dense_ap_fixed_ap_fixed_ap_fixed_ap_fixed_8_5_5_3_0_temp_2_U           |     |    |     |      |      |     |        |      |         |          |        |
|   dense_ap_fixed_ap_fixed_ap_fixed_ap_fixed_8_5_5_3_0_temp_3_U           |     |    |     |      |      |     |        |      |         |          |        |
|   dense_ap_fixed_ap_fixed_ap_fixed_ap_fixed_8_5_5_3_0_temp_4_U           |     |    |     |      |      |     |        |      |         |          |        |
|   dense_ap_fixed_ap_fixed_ap_fixed_ap_fixed_8_5_5_3_0_temp_5_U           |     |    |     |      |      |     |        |      |         |          |        |
|   dense_ap_fixed_ap_fixed_ap_fixed_ap_fixed_8_5_5_3_0_temp_6_U           |     |    |     |      |      |     |        |      |         |          |        |
|   dense_ap_fixed_ap_fixed_ap_fixed_ap_fixed_8_5_5_3_0_temp_7_U           |     |    |     |      |      |     |        |      |         |          |        |
|   dense_ap_fixed_ap_fixed_ap_fixed_ap_fixed_8_5_5_3_0_temp_U             |     |    |     |      |      |     |        |      |         |          |        |
|   gmem0_m_axi_U                                                          |     |    |     |      |      | 174 |        |      |         |          |        |
|   gmem1_m_axi_U                                                          |     |    |     |      |      | 45  |        |      |         |          |        |
|   grp_conv1_fu_527                                                       |     |    |     |      |      | 29  |        |      |         |          |        |
|     (grp_conv1_fu_527)                                                   |     |    |     |      |      |     |        |      |         |          |        |
|     grp_conv1_Pipeline_CO_1_H_1_W_1_fu_550                               |     |    |     |      |      | 29  |        |      |         |          |        |
|       (grp_conv1_Pipeline_CO_1_H_1_W_1_fu_550)                           |     |    |     |      |      | 29  |        |      |         |          |        |
|       flow_control_loop_pipe_sequential_init_U                           |     |    |     |      |      |     |        |      |         |          |        |
|       mac_muladd_8s_8s_11s_11_4_1_U122                                   |     |    |     |      |      |     |        |      |         |          |        |
|       mac_muladd_8s_8s_11s_11_4_1_U123                                   |     |    |     |      |      |     |        |      |         |          |        |
|       mac_muladd_8s_8s_11s_11_4_1_U124                                   |     |    |     |      |      |     |        |      |         |          |        |
|       mac_muladd_8s_8s_11s_11_4_1_U125                                   |     |    |     |      |      |     |        |      |         |          |        |
|       mac_muladd_8s_8s_11s_11_4_1_U126                                   |     |    |     |      |      |     |        |      |         |          |        |
|       mac_muladd_8s_8s_11s_11_4_1_U127                                   |     |    |     |      |      |     |        |      |         |          |        |
|       mac_muladd_8s_8s_11s_11_4_1_U128                                   |     |    |     |      |      |     |        |      |         |          |        |
|       mac_muladd_8s_8s_11s_11_4_1_U129                                   |     |    |     |      |      |     |        |      |         |          |        |
|       mac_muladd_8s_8s_11s_11_4_1_U130                                   |     |    |     |      |      |     |        |      |         |          |        |
|     grp_conv1_Pipeline_LOAD_1_fu_527                                     |     |    |     |      |      |     |        |      |         |          |        |
|       flow_control_loop_pipe_sequential_init_U                           |     |    |     |      |      |     |        |      |         |          |        |
|     grp_conv1_Pipeline_LOAD_B_fu_504                                     |     |    |     |      |      |     |        |      |         |          |        |
|       flow_control_loop_pipe_sequential_init_U                           |     |    |     |      |      |     |        |      |         |          |        |
|     grp_conv1_Pipeline_LOAD_W_fu_353                                     |     |    |     |      |      |     |        |      |         |          |        |
|       (grp_conv1_Pipeline_LOAD_W_fu_353)                                 |     |    |     |      |      |     |        |      |         |          |        |
|       flow_control_loop_pipe_sequential_init_U                           |     |    |     |      |      |     |        |      |         |          |        |
|     temp_10_U                                                            |     |    |     |      |      |     |        |      |         |          |        |
|     temp_11_U                                                            |     |    |     |      |      |     |        |      |         |          |        |
|     temp_12_U                                                            |     |    |     |      |      |     |        |      |         |          |        |
|     temp_13_U                                                            |     |    |     |      |      |     |        |      |         |          |        |
|     temp_14_U                                                            |     |    |     |      |      |     |        |      |         |          |        |
|     temp_15_U                                                            |     |    |     |      |      |     |        |      |         |          |        |
|     temp_1_U                                                             |     |    |     |      |      |     |        |      |         |          |        |
|     temp_2_U                                                             |     |    |     |      |      |     |        |      |         |          |        |
|     temp_3_U                                                             |     |    |     |      |      |     |        |      |         |          |        |
|     temp_4_U                                                             |     |    |     |      |      |     |        |      |         |          |        |
|     temp_5_U                                                             |     |    |     |      |      |     |        |      |         |          |        |
|     temp_6_U                                                             |     |    |     |      |      |     |        |      |         |          |        |
|     temp_7_U                                                             |     |    |     |      |      |     |        |      |         |          |        |
|     temp_8_U                                                             |     |    |     |      |      |     |        |      |         |          |        |
|     temp_9_U                                                             |     |    |     |      |      |     |        |      |         |          |        |
|     temp_U                                                               |     |    |     |      |      |     |        |      |         |          |        |
|   grp_conv2_fu_717                                                       |     |    |     |      |      | 60  |        |      |         |          |        |
|     (grp_conv2_fu_717)                                                   |     |    |     |      |      |     |        |      |         |          |        |
|     conv2_ap_fixed_ap_fixed_ap_fixed_ap_fixed_8_5_5_3_0_local_weight_1_U |     |    |     |      |      |     |        |      |         |          |        |
|     conv2_ap_fixed_ap_fixed_ap_fixed_ap_fixed_8_5_5_3_0_local_weight_2_U |     |    |     |      |      |     |        |      |         |          |        |
|     conv2_ap_fixed_ap_fixed_ap_fixed_ap_fixed_8_5_5_3_0_local_weight_3_U |     |    |     |      |      |     |        |      |         |          |        |
|     conv2_ap_fixed_ap_fixed_ap_fixed_ap_fixed_8_5_5_3_0_local_weight_4_U |     |    |     |      |      |     |        |      |         |          |        |
|     conv2_ap_fixed_ap_fixed_ap_fixed_ap_fixed_8_5_5_3_0_local_weight_5_U |     |    |     |      |      |     |        |      |         |          |        |
|     conv2_ap_fixed_ap_fixed_ap_fixed_ap_fixed_8_5_5_3_0_local_weight_6_U |     |    |     |      |      |     |        |      |         |          |        |
|     conv2_ap_fixed_ap_fixed_ap_fixed_ap_fixed_8_5_5_3_0_local_weight_7_U |     |    |     |      |      |     |        |      |         |          |        |
|     conv2_ap_fixed_ap_fixed_ap_fixed_ap_fixed_8_5_5_3_0_local_weight_8_U |     |    |     |      |      |     |        |      |         |          |        |
|     conv2_ap_fixed_ap_fixed_ap_fixed_ap_fixed_8_5_5_3_0_local_weight_U   |     |    |     |      |      |     |        |      |         |          |        |
|     grp_conv2_Pipeline_CI_2_fu_415                                       |     |    |     |      |      | 60  |        |      |         |          |        |
|       (grp_conv2_Pipeline_CI_2_fu_415)                                   |     |    |     |      |      | 60  |        |      |         |          |        |
|       flow_control_loop_pipe_sequential_init_U                           |     |    |     |      |      |     |        |      |         |          |        |
|       mac_muladd_8s_8s_11s_16_4_1_U342                                   |     |    |     |      |      |     |        |      |         |          |        |
|       mac_muladd_8s_8s_11s_16_4_1_U343                                   |     |    |     |      |      |     |        |      |         |          |        |
|       mac_muladd_8s_8s_11s_16_4_1_U344                                   |     |    |     |      |      |     |        |      |         |          |        |
|       mac_muladd_8s_8s_11s_16_4_1_U345                                   |     |    |     |      |      |     |        |      |         |          |        |
|       mac_muladd_8s_8s_11s_16_4_1_U346                                   |     |    |     |      |      |     |        |      |         |          |        |
|       mac_muladd_8s_8s_11s_16_4_1_U347                                   |     |    |     |      |      |     |        |      |         |          |        |
|       mac_muladd_8s_8s_11s_16_4_1_U348                                   |     |    |     |      |      |     |        |      |         |          |        |
|       mac_muladd_8s_8s_11s_16_4_1_U349                                   |     |    |     |      |      |     |        |      |         |          |        |
|       mac_muladd_8s_8s_11s_16_4_1_U350                                   |     |    |     |      |      |     |        |      |         |          |        |
|     grp_conv2_Pipeline_LOAD_2_fu_400                                     |     |    |     |      |      |     |        |      |         |          |        |
|       flow_control_loop_pipe_sequential_init_U                           |     |    |     |      |      |     |        |      |         |          |        |
|     grp_conv2_Pipeline_LOAD_B_fu_361                                     |     |    |     |      |      |     |        |      |         |          |        |
|       flow_control_loop_pipe_sequential_init_U                           |     |    |     |      |      |     |        |      |         |          |        |
|     grp_conv2_Pipeline_LOAD_W_fu_336                                     |     |    |     |      |      |     |        |      |         |          |        |
|       (grp_conv2_Pipeline_LOAD_W_fu_336)                                 |     |    |     |      |      |     |        |      |         |          |        |
|       flow_control_loop_pipe_sequential_init_U                           |     |    |     |      |      |     |        |      |         |          |        |
|     temp_1_U                                                             |     |    |     |      |      |     |        |      |         |          |        |
|     temp_2_U                                                             |     |    |     |      |      |     |        |      |         |          |        |
|     temp_3_U                                                             |     |    |     |      |      |     |        |      |         |          |        |
|     temp_4_U                                                             |     |    |     |      |      |     |        |      |         |          |        |
|     temp_5_U                                                             |     |    |     |      |      |     |        |      |         |          |        |
|     temp_6_U                                                             |     |    |     |      |      |     |        |      |         |          |        |
|     temp_7_U                                                             |     |    |     |      |      |     |        |      |         |          |        |
|     temp_U                                                               |     |    |     |      |      |     |        |      |         |          |        |
|   grp_pool_1_fu_795                                                      |     |    |     |      |      | 21  |        |      |         |          |        |
|     grp_pool_1_Pipeline_CO_LOOP_H_LOOP_W_LOOP_fu_110                     |     |    |     |      |      | 21  |        |      |         |          |        |
|       (grp_pool_1_Pipeline_CO_LOOP_H_LOOP_W_LOOP_fu_110)                 |     |    |     |      |      | 13  |        |      |         |          |        |
|       flow_control_loop_pipe_sequential_init_U                           |     |    |     |      |      |     |        |      |         |          |        |
|       urem_9ns_4ns_3_13_1_U414                                           |     |    |     |      |      | 8   |        |      |         |          |        |
|     grp_pool_1_Pipeline_LOAD_POOL_fu_93                                  |     |    |     |      |      |     |        |      |         |          |        |
|       (grp_pool_1_Pipeline_LOAD_POOL_fu_93)                              |     |    |     |      |      |     |        |      |         |          |        |
|       flow_control_loop_pipe_sequential_init_U                           |     |    |     |      |      |     |        |      |         |          |        |
|   grp_pool_fu_699                                                        |     |    |     |      |      | 23  |        |      |         |          |        |
|     (grp_pool_fu_699)                                                    |     |    |     |      |      |     |        |      |         |          |        |
|     grp_pool_Pipeline_CO_LOOP_H_LOOP_W_LOOP_fu_110                       |     |    |     |      |      | 23  |        |      |         |          |        |
|       (grp_pool_Pipeline_CO_LOOP_H_LOOP_W_LOOP_fu_110)                   |     |    |     |      |      | 13  |        |      |         |          |        |
|       flow_control_loop_pipe_sequential_init_U                           |     |    |     |      |      |     |        |      |         |          |        |
|       urem_8ns_4ns_3_12_1_U254                                           |     |    |     |      |      | 10  |        |      |         |          |        |
|     grp_pool_Pipeline_LOAD_POOL_fu_93                                    |     |    |     |      |      |     |        |      |         |          |        |
|       (grp_pool_Pipeline_LOAD_POOL_fu_93)                                |     |    |     |      |      |     |        |      |         |          |        |
|       flow_control_loop_pipe_sequential_init_U                           |     |    |     |      |      |     |        |      |         |          |        |
|   grp_top_Pipeline_DENSE_OUTER_DENSE_INNER_fu_853                        |     |    |     |      |      | 4   |        |      |         |          |        |
|     (grp_top_Pipeline_DENSE_OUTER_DENSE_INNER_fu_853)                    |     |    |     |      |      | 4   |        |      |         |          |        |
|     flow_control_loop_pipe_sequential_init_U                             |     |    |     |      |      |     |        |      |         |          |        |
|     mac_muladd_8s_8s_11s_11_4_1_U466                                     |     |    |     |      |      |     |        |      |         |          |        |
|   grp_top_Pipeline_LOAD_BIAS_fu_836                                      |     |    |     |      |      |     |        |      |         |          |        |
|     (grp_top_Pipeline_LOAD_BIAS_fu_836)                                  |     |    |     |      |      |     |        |      |         |          |        |
|     flow_control_loop_pipe_sequential_init_U                             |     |    |     |      |      |     |        |      |         |          |        |
|   grp_top_Pipeline_LOAD_IN_fu_813                                        |     |    |     |      |      |     |        |      |         |          |        |
|     flow_control_loop_pipe_sequential_init_U                             |     |    |     |      |      |     |        |      |         |          |        |
|   pool_ap_fixed_ap_fixed_8_5_5_3_0_int_int_int_int_int_local_input_1_U   |     |    |     |      |      |     |        |      |         |          |        |
|   pool_ap_fixed_ap_fixed_8_5_5_3_0_int_int_int_int_int_local_input_2_U   |     |    |     |      |      |     |        |      |         |          |        |
|   pool_ap_fixed_ap_fixed_8_5_5_3_0_int_int_int_int_int_local_input_3_U   |     |    |     |      |      |     |        |      |         |          |        |
|   pool_ap_fixed_ap_fixed_8_5_5_3_0_int_int_int_int_int_local_input_4_U   |     |    |     |      |      |     |        |      |         |          |        |
|   pool_ap_fixed_ap_fixed_8_5_5_3_0_int_int_int_int_int_local_input_U     |     |    |     |      |      |     |        |      |         |          |        |
+--------------------------------------------------------------------------+-----+----+-----+------+------+-----+--------+------+---------+----------+--------+


================================================================
== Place & Route Fail Fast
================================================================
+-----------------------------------------------------------+-----------+--------+--------+
| Criteria                                                  | Guideline | Actual | Status |
+-----------------------------------------------------------+-----------+--------+--------+
| LUT                                                       | 70%       | 12.72% | OK     |
| FD                                                        | 50%       | 6.74%  | OK     |
| LUTRAM+SRL                                                | 25%       | 2.05%  | OK     |
| MUXF7                                                     | 15%       | 0.93%  | OK     |
| DSP                                                       | 80%       | 14.09% | OK     |
| RAMB/FIFO                                                 | 80%       | 17.14% | OK     |
| DSP+RAMB+URAM (Avg)                                       | 70%       | 15.62% | OK     |
| BUFGCE* + BUFGCTRL                                        | 24        | 0      | OK     |
| DONT_TOUCH (cells/nets)                                   | 0         | 6      | REVIEW |
| MARK_DEBUG (nets)                                         | 0         | 0      | OK     |
| Control Sets                                              | 998       | 343    | OK     |
| Average Fanout for modules > 100k cells                   | 4         | 3.24   | OK     |
| Max Average Fanout for modules > 100k cells               | 4         | 0      | OK     |
| Non-FD high fanout nets > 10k loads                       | 0         | 0      | OK     |
+-----------------------------------------------------------+-----------+--------+--------+
| TIMING-6 (No common primary clock between related clocks) | 0         | 0      | OK     |
| TIMING-7 (No common node between related clocks)          | 0         | 0      | OK     |
| TIMING-8 (No common period between related clocks)        | 0         | 0      | OK     |
| TIMING-14 (LUT on the clock tree)                         | 0         | 0      | OK     |
| TIMING-35 (No common node in paths with the same clock)   | 0         | 0      | OK     |
+-----------------------------------------------------------+-----------+--------+--------+
| Number of paths above max LUT budgeting (0.575ns)         | 0         | 0      | OK     |
| Number of paths above max Net budgeting (0.403ns)         | 0         | 0      | OK     |
+-----------------------------------------------------------+-----------+--------+--------+


================================================================
== Place & Route Timing Paths
================================================================
* Timing was met
+-------+-------+------------------------------------------------------------------------------------------+----------------------------------------------------------------------------------------------------------------------------------------------------------------------------------------------------------+--------------+------------+----------------+----------------+--------------+
| Path  | SLACK | STARTPOINT PIN                                                                           | ENDPOINT PIN                                                                                                                                                                                             | LOGIC LEVELS | MAX FANOUT | DATAPATH DELAY | DATAPATH LOGIC | DATAPATH NET |
|       |       |                                                                                          |                                                                                                                                                                                                          |              |            |                |          DELAY |        DELAY |
+-------+-------+------------------------------------------------------------------------------------------+----------------------------------------------------------------------------------------------------------------------------------------------------------------------------------------------------------+--------------+------------+----------------+----------------+--------------+
| Path1 | 0.699 | gmem1_m_axi_U/load_unit_0/bus_wide_gen.data_buf_reg[4]/C                                 | grp_conv1_fu_527/conv1_ap_fixed_8_5_ap_q_mode_5_ap_o_mode_3_0_ap_fixed_8_5_ap_q_mode_5_ap_o_mode_3_0_ap_fixed_8_5_ap_q_mode_5_ap_o_mode_3_0_ap_fixed_8_5_ap_q_mode_5_ap_o_mode_3_0_local_wei_25_reg[4]/D |            0 |        108 |          9.156 |          0.456 |        8.700 |
| Path2 | 0.758 | gmem1_m_axi_U/load_unit_0/bus_wide_gen.data_buf_reg[4]/C                                 | grp_conv1_fu_527/conv1_ap_fixed_ap_fixed_ap_fixed_ap_fixed_8_5_5_3_0_local_weight_8_reg[4]/D                                                                                                             |            0 |        108 |          9.130 |          0.456 |        8.674 |
| Path3 | 0.838 | grp_pool_1_fu_795/grp_pool_1_Pipeline_CO_LOOP_H_LOOP_W_LOOP_fu_110/val_reg_1180_reg[1]/C | grp_pool_1_fu_795/grp_pool_1_Pipeline_CO_LOOP_H_LOOP_W_LOOP_fu_110/max_val_10_reg_1225_reg[5]/D                                                                                                          |            9 |         18 |          9.107 |          3.159 |        5.948 |
| Path4 | 0.851 | gmem1_m_axi_U/load_unit_0/bus_wide_gen.data_buf_reg[4]/C                                 | grp_conv1_fu_527/conv1_ap_fixed_8_5_ap_q_mode_5_ap_o_mode_3_0_ap_fixed_8_5_ap_q_mode_5_ap_o_mode_3_0_ap_fixed_8_5_ap_q_mode_5_ap_o_mode_3_0_ap_fixed_8_5_ap_q_mode_5_ap_o_mode_3_0_local_wei_52_reg[4]/D |            0 |        108 |          8.984 |          0.456 |        8.528 |
| Path5 | 0.890 | grp_pool_1_fu_795/grp_pool_1_Pipeline_CO_LOOP_H_LOOP_W_LOOP_fu_110/val_reg_1180_reg[1]/C | grp_pool_1_fu_795/grp_pool_1_Pipeline_CO_LOOP_H_LOOP_W_LOOP_fu_110/max_val_10_reg_1225_reg[6]/D                                                                                                          |            9 |         18 |          9.101 |          3.153 |        5.948 |
+-------+-------+------------------------------------------------------------------------------------------+----------------------------------------------------------------------------------------------------------------------------------------------------------------------------------------------------------+--------------+------------+----------------+----------------+--------------+

    +--------------------------------------------------------------------------------------------------------------------------------------------------------------------------------------------------------+----------------------+
    | Path1 Cells                                                                                                                                                                                            | Primitive Type       |
    +--------------------------------------------------------------------------------------------------------------------------------------------------------------------------------------------------------+----------------------+
    | gmem1_m_axi_U/load_unit_0/bus_wide_gen.data_buf_reg[4]                                                                                                                                                 | FLOP_LATCH.flop.FDRE |
    | grp_conv1_fu_527/conv1_ap_fixed_8_5_ap_q_mode_5_ap_o_mode_3_0_ap_fixed_8_5_ap_q_mode_5_ap_o_mode_3_0_ap_fixed_8_5_ap_q_mode_5_ap_o_mode_3_0_ap_fixed_8_5_ap_q_mode_5_ap_o_mode_3_0_local_wei_25_reg[4] | FLOP_LATCH.flop.FDRE |
    +--------------------------------------------------------------------------------------------------------------------------------------------------------------------------------------------------------+----------------------+

    +--------------------------------------------------------------------------------------------+----------------------+
    | Path2 Cells                                                                                | Primitive Type       |
    +--------------------------------------------------------------------------------------------+----------------------+
    | gmem1_m_axi_U/load_unit_0/bus_wide_gen.data_buf_reg[4]                                     | FLOP_LATCH.flop.FDRE |
    | grp_conv1_fu_527/conv1_ap_fixed_ap_fixed_ap_fixed_ap_fixed_8_5_5_3_0_local_weight_8_reg[4] | FLOP_LATCH.flop.FDRE |
    +--------------------------------------------------------------------------------------------+----------------------+

    +----------------------------------------------------------------------------------------------------+----------------------+
    | Path3 Cells                                                                                        | Primitive Type       |
    +----------------------------------------------------------------------------------------------------+----------------------+
    | grp_pool_1_fu_795/grp_pool_1_Pipeline_CO_LOOP_H_LOOP_W_LOOP_fu_110/val_reg_1180_reg[1]             | FLOP_LATCH.flop.FDRE |
    | grp_pool_1_fu_795/grp_pool_1_Pipeline_CO_LOOP_H_LOOP_W_LOOP_fu_110/icmp_ln37_1_fu_900_p2_carry_i_8 | LUT.others.LUT4      |
    | grp_pool_1_fu_795/grp_pool_1_Pipeline_CO_LOOP_H_LOOP_W_LOOP_fu_110/icmp_ln37_1_fu_900_p2_carry     | CARRY.others.CARRY4  |
    | grp_pool_1_fu_795/grp_pool_1_Pipeline_CO_LOOP_H_LOOP_W_LOOP_fu_110/max_val_10_reg_1225[2]_i_3      | LUT.others.LUT3      |
    | grp_pool_1_fu_795/grp_pool_1_Pipeline_CO_LOOP_H_LOOP_W_LOOP_fu_110/icmp_ln37_2_fu_915_p2_carry_i_3 | LUT.others.LUT6      |
    | grp_pool_1_fu_795/grp_pool_1_Pipeline_CO_LOOP_H_LOOP_W_LOOP_fu_110/icmp_ln37_2_fu_915_p2_carry     | CARRY.others.CARRY4  |
    | grp_pool_1_fu_795/grp_pool_1_Pipeline_CO_LOOP_H_LOOP_W_LOOP_fu_110/max_val_10_reg_1225[1]_i_3      | LUT.others.LUT5      |
    | grp_pool_1_fu_795/grp_pool_1_Pipeline_CO_LOOP_H_LOOP_W_LOOP_fu_110/icmp_ln37_3_fu_962_p2_carry_i_4 | LUT.others.LUT6      |
    | grp_pool_1_fu_795/grp_pool_1_Pipeline_CO_LOOP_H_LOOP_W_LOOP_fu_110/icmp_ln37_3_fu_962_p2_carry     | CARRY.others.CARRY4  |
    | grp_pool_1_fu_795/grp_pool_1_Pipeline_CO_LOOP_H_LOOP_W_LOOP_fu_110/max_val_10_reg_1225[5]_i_1      | LUT.others.LUT3      |
    | grp_pool_1_fu_795/grp_pool_1_Pipeline_CO_LOOP_H_LOOP_W_LOOP_fu_110/max_val_10_reg_1225_reg[5]      | FLOP_LATCH.flop.FDRE |
    +----------------------------------------------------------------------------------------------------+----------------------+

    +--------------------------------------------------------------------------------------------------------------------------------------------------------------------------------------------------------+----------------------+
    | Path4 Cells                                                                                                                                                                                            | Primitive Type       |
    +--------------------------------------------------------------------------------------------------------------------------------------------------------------------------------------------------------+----------------------+
    | gmem1_m_axi_U/load_unit_0/bus_wide_gen.data_buf_reg[4]                                                                                                                                                 | FLOP_LATCH.flop.FDRE |
    | grp_conv1_fu_527/conv1_ap_fixed_8_5_ap_q_mode_5_ap_o_mode_3_0_ap_fixed_8_5_ap_q_mode_5_ap_o_mode_3_0_ap_fixed_8_5_ap_q_mode_5_ap_o_mode_3_0_ap_fixed_8_5_ap_q_mode_5_ap_o_mode_3_0_local_wei_52_reg[4] | FLOP_LATCH.flop.FDRE |
    +--------------------------------------------------------------------------------------------------------------------------------------------------------------------------------------------------------+----------------------+

    +----------------------------------------------------------------------------------------------------+----------------------+
    | Path5 Cells                                                                                        | Primitive Type       |
    +----------------------------------------------------------------------------------------------------+----------------------+
    | grp_pool_1_fu_795/grp_pool_1_Pipeline_CO_LOOP_H_LOOP_W_LOOP_fu_110/val_reg_1180_reg[1]             | FLOP_LATCH.flop.FDRE |
    | grp_pool_1_fu_795/grp_pool_1_Pipeline_CO_LOOP_H_LOOP_W_LOOP_fu_110/icmp_ln37_1_fu_900_p2_carry_i_8 | LUT.others.LUT4      |
    | grp_pool_1_fu_795/grp_pool_1_Pipeline_CO_LOOP_H_LOOP_W_LOOP_fu_110/icmp_ln37_1_fu_900_p2_carry     | CARRY.others.CARRY4  |
    | grp_pool_1_fu_795/grp_pool_1_Pipeline_CO_LOOP_H_LOOP_W_LOOP_fu_110/max_val_10_reg_1225[2]_i_3      | LUT.others.LUT3      |
    | grp_pool_1_fu_795/grp_pool_1_Pipeline_CO_LOOP_H_LOOP_W_LOOP_fu_110/icmp_ln37_2_fu_915_p2_carry_i_3 | LUT.others.LUT6      |
    | grp_pool_1_fu_795/grp_pool_1_Pipeline_CO_LOOP_H_LOOP_W_LOOP_fu_110/icmp_ln37_2_fu_915_p2_carry     | CARRY.others.CARRY4  |
    | grp_pool_1_fu_795/grp_pool_1_Pipeline_CO_LOOP_H_LOOP_W_LOOP_fu_110/max_val_10_reg_1225[1]_i_3      | LUT.others.LUT5      |
    | grp_pool_1_fu_795/grp_pool_1_Pipeline_CO_LOOP_H_LOOP_W_LOOP_fu_110/icmp_ln37_3_fu_962_p2_carry_i_4 | LUT.others.LUT6      |
    | grp_pool_1_fu_795/grp_pool_1_Pipeline_CO_LOOP_H_LOOP_W_LOOP_fu_110/icmp_ln37_3_fu_962_p2_carry     | CARRY.others.CARRY4  |
    | grp_pool_1_fu_795/grp_pool_1_Pipeline_CO_LOOP_H_LOOP_W_LOOP_fu_110/max_val_10_reg_1225[6]_i_1      | LUT.others.LUT3      |
    | grp_pool_1_fu_795/grp_pool_1_Pipeline_CO_LOOP_H_LOOP_W_LOOP_fu_110/max_val_10_reg_1225_reg[6]      | FLOP_LATCH.flop.FDRE |
    +----------------------------------------------------------------------------------------------------+----------------------+


================================================================
== Place & Route Vivado Reports
================================================================
+--------------------------+-------------------------------------------------------------+
| Report Type              | Report Location                                             |
+--------------------------+-------------------------------------------------------------+
| design_analysis          | impl/verilog/report/top_design_analysis_routed.rpt          |
| failfast                 | impl/verilog/report/top_failfast_routed.rpt                 |
| power                    | impl/verilog/report/top_power_routed.rpt                    |
| status                   | impl/verilog/report/top_status_routed.rpt                   |
| timing                   | impl/verilog/report/top_timing_routed.rpt                   |
| timing_paths             | impl/verilog/report/top_timing_paths_routed.rpt             |
| utilization              | impl/verilog/report/top_utilization_routed.rpt              |
| utilization_hierarchical | impl/verilog/report/top_utilization_hierarchical_routed.rpt |
+--------------------------+-------------------------------------------------------------+


