

Implementation tool: Xilinx Vivado v.2025.2
Project:             top
Solution:            hls
Device target:       xc7z020-clg484-1
Report date:         Sat Mar 07 19:19:50 PKT 2026

#=== Post-Implementation Resource usage ===
SLICE:         2784
LUT:           6768
FF:            7171
DSP:             31
BRAM:            48
URAM:             0
LATCH:            0
SRL:            357
CLB:              0

#=== Final timing ===
CP required:                     10.000
CP achieved post-synthesis:      8.946
CP achieved post-implementation: 9.301
Timing met
