#-----------------------------------------------------------
# Vivado v2025.2 (64-bit)
# SW Build 6299465 on Fri Nov 14 12:34:56 MST 2025
# IP Build 6300035 on Fri Nov 14 10:48:45 MST 2025
# SharedData Build 6298862 on Thu Nov 13 04:50:51 MST 2025
# Start of session at: Sat Mar  7 19:16:35 2026
# Process ID         : 125323
# Current directory  : /home/abdullah/Desktop/CNN-on-FPGA/hls_component/top/hls/impl/ip
# Command line       : vivado -notrace -mode batch -source run_ippack.tcl
# Log file           : /home/abdullah/Desktop/CNN-on-FPGA/hls_component/top/hls/impl/ip/vivado.log
# Journal file       : /home/abdullah/Desktop/CNN-on-FPGA/hls_component/top/hls/impl/ip/vivado.jou
# Running On         : universal-constructor
# Platform           : Ubuntu
# Operating System   : Ubuntu 24.04.3 LTS
# Processor Detail   : Intel(R) Core(TM) Ultra 7 155H
# CPU Frequency      : 1990.726 MHz
# CPU Physical cores : 16
# CPU Logical cores  : 22
# Host memory        : 33047 MB
# Swap memory        : 8589 MB
# Total Virtual      : 41637 MB
# Available Virtual  : 34239 MB
#-----------------------------------------------------------
source run_ippack.tcl -notrace
INFO: calling package_hls_ip ip_types=vitis sysgen json_file=/home/abdullah/Desktop/CNN-on-FPGA/hls_component/top/hls/hls_data.json outdir=/home/abdullah/Desktop/CNN-on-FPGA/hls_component/top/hls/impl/ip srcdir=/home/abdullah/Desktop/CNN-on-FPGA/hls_component/top/hls ippack_options_dict= ippack_options_dict=
INFO: Copied 1 ipmisc file(s) to /home/abdullah/Desktop/CNN-on-FPGA/hls_component/top/hls/impl/ip/misc
INFO: Copied 45 verilog file(s) to /home/abdullah/Desktop/CNN-on-FPGA/hls_component/top/hls/impl/ip/hdl/verilog
INFO: Copied 42 vhdl file(s) to /home/abdullah/Desktop/CNN-on-FPGA/hls_component/top/hls/impl/ip/hdl/vhdl
INFO: Copied 10 swdriver file(s) to /home/abdullah/Desktop/CNN-on-FPGA/hls_component/top/hls/impl/ip/drivers
INFO: Import ports from HDL: /home/abdullah/Desktop/CNN-on-FPGA/hls_component/top/hls/impl/ip/hdl/vhdl/top.vhd (top)
INFO: Add axi4lite interface s_axi_control
INFO: Add clock interface ap_clk
INFO: Add reset interface ap_rst_n
INFO: Add interrupt interface interrupt
INFO: [IP_Flow 19-234] Refreshing IP repositories
INFO: [IP_Flow 19-1704] No user IP repositories specified
INFO: [IP_Flow 19-2313] Loaded Vivado IP repository '/home/abdullah/Xilinx/2025.2/data/ip'.
INFO: Add axi4full interface m_axi_gmem0
INFO: Add axi4full interface m_axi_gmem1
INFO: Calling post_process_vitis to specialize IP
INFO: Calling post_process_sysgen to specialize IP
Generating sysgen info xml from json file
INFO: Created IP /home/abdullah/Desktop/CNN-on-FPGA/hls_component/top/hls/impl/ip/component.xml
INFO: Created IP archive /home/abdullah/Desktop/CNN-on-FPGA/hls_component/top/hls/impl/ip/xilinx_com_hls_top_1_0.zip
INFO: [Common 17-206] Exiting Vivado at Sat Mar  7 19:16:37 2026...
