rom__111: load_kernels__GB2, 
rom__46: load_kernels__GB0, 
dsp48e1__16: top__GC0, 
logic__244: top__GC0, 
logic__178: layer2__GCB1, layer2__GCB0, 
reg__117: load_kernels__GB0, 
reg__121: load_kernels__GB0, 
rom__62: load_kernels__GB0, 
reg__21: top__GC0, 
case__112: layer2__GCB1, layer2__GCB0, 
case__96: top__GC0, 
reg__16: top__GC0, 
ram__1: top__GC0, 
layer2__GCB1: layer2__GCB1, 
datapath__47: layer2__GCB1, layer2__GCB0, 
dsp48e1__34: layer2__GCB1, layer2__GCB0, 
load_kernels__GB0: load_kernels__GB0, 
counters: top__GC0, 
logic__149: top__GC0, 
rom__83: load_kernels__GB2, 
case__15: top__GC0, 
counter__1: top__GC0, 
extram__1: top__GC0, 
rom__125: load_kernels__GB2, 
reg__28: top__GC0, layer2__GCB1, layer2__GCB0, 
reg__61: layer2__GCB1, layer2__GCB0, 
case__140: top__GC0, 
reg__167: load_kernels__GB2, 
reg__26: top__GC0, 
case__41: top__GC0, 
datapath__62: top__GC0, 
rom__98: load_kernels__GB2, 
reg__23: top__GC0, 
reg__134: load_kernels__GB0, 
logic__188: layer2__GCB1, layer2__GCB0, 
datapath__59: top__GC0, 
reg__215: top__GC0, 
reg__147: load_kernels__GB2, 
case__104: layer2__GCB1, layer2__GCB0, 
comp: top__GC0, 
logic__183: layer2__GCB1, layer2__GCB0, 
case__106: layer2__GCB1, layer2__GCB0, 
rom__44: load_kernels__GB0, 
datapath__66: top__GC0, 
datapath__24: top__GC0, 
layer_control__parameterized0: layer2__GCB1, 
rom__55: load_kernels__GB0, 
logic__247: top__GC0, 
dsp48e1__14: top__GC0, 
logic__163: layer2__GCB1, layer2__GCB0, 
rom__53: load_kernels__GB0, 
datapath__6: top__GC0, 
logic__82: top__GC0, layer2__GCB1, layer2__GCB0, 
case__87: top__GC0, 
logic__46: top__GC0, 
case__107: layer2__GCB1, layer2__GCB0, 
reg__169: load_kernels__GB2, 
logic__88: top__GC0, layer2__GCB1, layer2__GCB0, 
reg__116: load_kernels__GB0, 
datapath__67: top__GC0, 
datapath__35: top__GC0, 
reg__107: load_kernels__GB0, 
load_bias: top__GC0, 
dsp48e1__46: layer2__GCB1, layer2__GCB0, 
case__44: top__GC0, 
logic__229: layer2__GCB1, 
datapath__45: layer2__GCB1, layer2__GCB0, 
rom__131: load_kernels__GB2, 
rom__50: load_kernels__GB0, 
reg__175: load_kernels__GB2, 
rom__69: load_kernels__GB0, 
rom__77: load_kernels__GB2, 
rom__24: load_kernels__GB0, 
datapath__12: top__GC0, 
logic__184: layer2__GCB1, layer2__GCB0, 
reg__4: top__GC0, 
reg__139: load_kernels__GB2, 
case__88: top__GC0, 
reg__69: load_kernels__GB1, 
reg__53: layer2__GCB1, layer2__GCB0, 
reg__31: top__GC0, layer2__GCB1, layer2__GCB0, 
reg__7: top__GC0, 
case__32: top__GC0, layer2__GCB1, layer2__GCB0, 
logic__51: top__GC0, 
logic__74: top__GC0, 
rom__51: load_kernels__GB0, 
logic__186: layer2__GCB1, layer2__GCB0, 
patch_addr_gen__parameterized0: layer2__GCB1, layer2__GCB0, 
datapath__14: top__GC0, 
rom__146: load_kernels__GB2, 
reg__95: load_kernels__GB0, 
reg__67: layer2__GCB1, 
counter__2: layer2__GCB1, 
reg__90: load_kernels__GB0, 
dsp48e1__18: top__GC0, 
dsp48e1__32: layer2__GCB1, layer2__GCB0, 
reg__99: load_kernels__GB0, 
rom__75: load_kernels__GB0, 
rom__88: load_kernels__GB2, 
rom__48: load_kernels__GB0, 
case__149: top__GC0, 
reg__133: load_kernels__GB0, 
reg__170: load_kernels__GB2, 
rom__58: load_kernels__GB0, 
rom__13: load_kernels__GB1, 
rom__95: load_kernels__GB2, 
rom__150: load_kernels__GB2, 
reg__35: top__GC0, layer2__GCB1, layer2__GCB0, 
rom__36: load_kernels__GB0, 
counter: top__GC0, 
reg__158: load_kernels__GB2, 
rom__121: load_kernels__GB2, 
rom__99: load_kernels__GB2, 
rom__130: load_kernels__GB2, 
dsp48e1__36: layer2__GCB1, layer2__GCB0, 
datapath__19: top__GC0, layer2__GCB1, layer2__GCB0, 
rom__142: load_kernels__GB2, 
datapath__16: top__GC0, 
reg__24: top__GC0, 
rom__61: load_kernels__GB0, 
reg__110: load_kernels__GB0, 
datapath__38: top__GC0, 
case__70: top__GC0, layer2__GCB1, layer2__GCB0, 
datapath__20: top__GC0, layer2__GCB1, layer2__GCB0, 
case__144: top__GC0, 
case__138: top__GC0, 
reg__92: load_kernels__GB0, 
pla__1: layer2__GCB1, 
datapath__9: top__GC0, 
reg__87: load_kernels__GB0, 
rom__73: load_kernels__GB0, 
logic__60: top__GC0, 
logic__150: top__GC0, 
layer1: top__GC0, 
extrom: top__GC0, 
reg__152: load_kernels__GB2, 
case__37: top__GC0, 
rom__92: load_kernels__GB2, 
rom__117: load_kernels__GB2, 
counter__3: top__GC0, 
reg__210: load_kernels__GB2, 
rom__124: load_kernels__GB2, 
dsp48e1__48: load_kernels__GB2, 
rom__70: load_kernels__GB0, 
reg__62: layer2__GCB1, layer2__GCB0, 
dsp48e1__7: top__GC0, 
reg__51: layer2__GCB1, layer2__GCB0, 
reg__143: load_kernels__GB2, 
rom__116: load_kernels__GB2, 
datapath__65: top__GC0, 
reg__203: load_kernels__GB2, 
case__17: top__GC0, 
reg__122: load_kernels__GB0, 
rom__67: load_kernels__GB0, 
reg__25: top__GC0, 
datapath__21: top__GC0, layer2__GCB1, layer2__GCB0, 
logic__68: top__GC0, 
dsp48e1__31: layer2__GCB1, layer2__GCB0, 
logic__21: top__GC0, 
rom__114: load_kernels__GB2, 
reg__77: load_kernels__GB1, 
logic__18: top__GC0, 
reg__17: top__GC0, 
reg__119: load_kernels__GB0, 
dsp48e1__9: top__GC0, 
reg__30: top__GC0, layer2__GCB1, layer2__GCB0, 
logic__182: layer2__GCB1, layer2__GCB0, 
case__82: top__GC0, layer2__GCB1, layer2__GCB0, 
case__36: top__GC0, 
rom__132: load_kernels__GB2, 
reg__153: load_kernels__GB2, 
datapath__8: top__GC0, 
reg__118: load_kernels__GB0, 
dsp48e1__47: load_kernels__GB2, 
reg__68: layer2__GCB1, 
reg__64: layer2__GCB1, layer2__GCB0, 
case__38: top__GC0, 
rom__41: load_kernels__GB0, 
dsp48e1__29: layer2__GCB1, layer2__GCB0, 
rom__54: load_kernels__GB0, 
datapath__69: top__GC0, 
datapath__18: top__GC0, layer2__GCB1, layer2__GCB0, 
case__100: top__GC0, 
reg__20: top__GC0, 
reg__81: load_kernels__GB1, 
extladd: top__GC0, 
rom__101: load_kernels__GB2, 
rom__10: load_kernels__GB1, 
reg__6: top__GC0, 
rom__87: load_kernels__GB2, 
case__143: top__GC0, 
case__86: top__GC0, 
rom__26: load_kernels__GB0, 
reg__27: top__GC0, 
rom__64: load_kernels__GB0, 
rom__141: load_kernels__GB2, 
dsp48e1__19: top__GC0, 
reg__217: top__GC0, 
reg__5: top__GC0, 
dsp48e1__25: top__GC0, 
logic__27: top__GC0, 
reg__103: load_kernels__GB0, 
rom__143: load_kernels__GB2, 
reg__195: load_kernels__GB2, 
reg__115: load_kernels__GB0, 
logic__185: layer2__GCB1, layer2__GCB0, 
reg__156: load_kernels__GB2, 
reg__127: load_kernels__GB0, 
rom__35: load_kernels__GB0, 
rom__63: load_kernels__GB0, 
logic__157: layer2__GCB1, layer2__GCB0, 
layer_control: top__GC0, 
logic__156: top__GC0, 
channel_counter__parameterized0: layer2__GCB1, 
datapath__42: layer2__GCB1, layer2__GCB0, 
logic__28: top__GC0, 
rom__59: load_kernels__GB0, 
reg__201: load_kernels__GB2, 
logic__135: top__GC0, 
reg__138: load_kernels__GB2, 
logic__168: layer2__GCB1, layer2__GCB0, 
reg__188: load_kernels__GB2, 
reg__142: load_kernels__GB2, 
rom__37: load_kernels__GB0, 
reg__125: load_kernels__GB0, 
layer2__GCB0: layer2__GCB0, 
datapath__23: top__GC0, layer2__GCB1, layer2__GCB0, 
reg__214: top__GC0, 
logic__172: layer2__GCB1, layer2__GCB0, 
case__75: top__GC0, layer2__GCB1, layer2__GCB0, 
case__147: top__GC0, 
logic__72: top__GC0, 
logic__66: top__GC0, 
datapath__2: top__GC0, 
rom__21: load_kernels__GB1, 
dsp48e1__39: layer2__GCB1, layer2__GCB0, 
case__148: top__GC0, 
logic__243: top__GC0, 
reg__131: load_kernels__GB0, 
rom__102: load_kernels__GB2, 
case__113: layer2__GCB1, layer2__GCB0, 
rom__27: load_kernels__GB0, 
dsp48e1__23: top__GC0, 
case__71: top__GC0, layer2__GCB1, layer2__GCB0, 
reg__140: load_kernels__GB2, 
reg__199: load_kernels__GB2, 
case__49: top__GC0, 
reg__42: top__GC0, layer2__GCB1, layer2__GCB0, 
reg__155: load_kernels__GB2, 
dsp48e1__38: layer2__GCB1, layer2__GCB0, 
logic__171: layer2__GCB1, layer2__GCB0, 
dsp48e1__44: layer2__GCB1, layer2__GCB0, 
datapath__11: top__GC0, 
datapath__34: top__GC0, 
reg__108: load_kernels__GB0, 
case__142: top__GC0, 
reg__3: top__GC0, 
reg__8: top__GC0, 
datapath__30: top__GC0, 
reg__102: load_kernels__GB0, 
datapath__55: top__GC0, 
kernel_mem: top__GC0, 
logic__87: top__GC0, layer2__GCB1, layer2__GCB0, 
counters__parameterized0: layer2__GCB1, layer2__GCB0, 
reg__105: load_kernels__GB0, 
reg__18: top__GC0, 
case__53: top__GC0, layer2__GCB1, layer2__GCB0, 
reg__150: load_kernels__GB2, 
reg__191: load_kernels__GB2, 
rom__39: load_kernels__GB0, 
case__98: top__GC0, 
datapath__43: layer2__GCB1, layer2__GCB0, 
reg__174: load_kernels__GB2, 
load_kernel: top__GC0, 
dsp48e1__41: layer2__GCB1, layer2__GCB0, 
dsp48e1__1: top__GC0, 
rom__1: top__GC0, 
logic__245: top__GC0, 
logic__65: top__GC0, 
reg__161: load_kernels__GB2, 
mem__parameterized0: top__GC0, 
case__89: top__GC0, 
rom__139: load_kernels__GB2, 
reg__88: load_kernels__GB0, 
rom__127: load_kernels__GB2, 
rom__115: load_kernels__GB2, 
rom__149: load_kernels__GB2, 
logic__153: top__GC0, 
reg__11: top__GC0, 
reg__179: load_kernels__GB2, 
case__35: top__GC0, layer2__GCB1, layer2__GCB0, 
reg__54: layer2__GCB1, layer2__GCB0, 
reg__82: load_kernels__GB0, 
reg__216: top__GC0, 
reg__71: load_kernels__GB1, 
case__52: top__GC0, layer2__GCB1, layer2__GCB0, 
rom__68: load_kernels__GB0, 
rom__134: load_kernels__GB2, 
datapath__56: top__GC0, 
case__90: top__GC0, 
rom__82: load_kernels__GB2, 
reg__33: top__GC0, layer2__GCB1, layer2__GCB0, 
rom__107: load_kernels__GB2, 
rom__23: load_kernels__GB0, 
case__94: top__GC0, 
rom__16: load_kernels__GB1, 
rom__49: load_kernels__GB0, 
top__GC0: top__GC0, 
reg__45: top__GC0, layer2__GCB1, layer2__GCB0, 
reg__111: load_kernels__GB0, 
datapath__64: top__GC0, 
reg__197: load_kernels__GB2, 
reg__94: load_kernels__GB0, 
datapath__48: layer2__GCB1, layer2__GCB0, 
reg__83: load_kernels__GB0, 
case__83: top__GC0, layer2__GCB1, layer2__GCB0, 
rom__119: load_kernels__GB2, 
rom__136: load_kernels__GB2, 
case__105: layer2__GCB1, layer2__GCB0, 
rom__145: load_kernels__GB2, 
reg__136: load_kernels__GB1, 
case__81: top__GC0, layer2__GCB1, layer2__GCB0, 
rom__148: load_kernels__GB2, 
reg__181: load_kernels__GB2, 
load_kernels__GB1: load_kernels__GB1, 
logic__89: top__GC0, layer2__GCB1, layer2__GCB0, 
logic__234: top__GC0, 
datapath__57: top__GC0, 
rom__31: load_kernels__GB0, 
dsp48e1__28: layer2__GCB1, layer2__GCB0, 
case__43: top__GC0, 
case__135: layer2__GCB1, 
reg__177: load_kernels__GB2, 
case__102: layer2__GCB1, layer2__GCB0, 
reg__162: load_kernels__GB2, 
logic__152: top__GC0, 
logic__71: top__GC0, 
rom__110: load_kernels__GB2, 
logic__73: top__GC0, 
reg__52: layer2__GCB1, layer2__GCB0, 
reg__176: load_kernels__GB2, 
case__109: layer2__GCB1, layer2__GCB0, 
reg__184: load_kernels__GB2, 
datapath__32: top__GC0, 
reg__159: load_kernels__GB2, 
rom__34: load_kernels__GB0, 
reg__182: load_kernels__GB2, 
channel_counter: top__GC0, 
rom__129: load_kernels__GB2, 
rom__108: load_kernels__GB2, 
reg__172: load_kernels__GB2, 
case__103: layer2__GCB1, layer2__GCB0, 
reg__34: top__GC0, layer2__GCB1, layer2__GCB0, 
case__46: top__GC0, 
rom__17: load_kernels__GB1, 
load_kernels__GB2: load_kernels__GB2, 
dsp48e1__11: top__GC0, 
reg__211: load_kernels__GB1, 
case__97: top__GC0, 
case__77: top__GC0, layer2__GCB1, layer2__GCB0, 
reg__124: load_kernels__GB0, 
rom__47: load_kernels__GB0, 
rom__103: load_kernels__GB2, 
reg__19: top__GC0, 
reg__96: load_kernels__GB0, 
rom__113: load_kernels__GB2, 
datapath__33: top__GC0, 
reg__80: load_kernels__GB1, 
adder_tree: top__GC0, layer2__GCB1, layer2__GCB0, 
rom__89: load_kernels__GB2, 
datapath__36: top__GC0, 
rom__71: load_kernels__GB0, 
dsp48e1__43: layer2__GCB1, layer2__GCB0, 
datapath__17: top__GC0, 
load_bias__parameterized0: layer2__GCB1, 
reg__193: load_kernels__GB2, 
rom__151: load_kernels__GB1, 
reg__212: load_kernels__GB1, 
logic__250: top__GC0, 
reg__101: load_kernels__GB0, 
case__42: top__GC0, 
patch_addr_gen: top__GC0, 
reg__109: load_kernels__GB0, 
logic__59: top__GC0, 
datapath__68: top__GC0, 
rom__81: load_kernels__GB2, 
case__95: top__GC0, 
rom__74: load_kernels__GB0, 
datapath__13: top__GC0, 
case__85: top__GC0, layer2__GCB1, layer2__GCB0, 
reg__200: load_kernels__GB2, 
datapath__27: top__GC0, 
logic__64: top__GC0, 
reg__91: load_kernels__GB0, 
reg__75: load_kernels__GB0, 
reg__59: layer2__GCB1, layer2__GCB0, 
reg__178: load_kernels__GB2, 
datapath__1: top__GC0, 
reg__192: load_kernels__GB2, 
logic__67: top__GC0, 
reg__213: layer2__GCB1, 
rom__28: load_kernels__GB0, 
rom__30: load_kernels__GB0, 
logic__216: layer2__GCB1, 
rom__140: load_kernels__GB2, 
reg__123: load_kernels__GB0, 
case__40: top__GC0, 
dsp48e1__40: layer2__GCB1, layer2__GCB0, 
reg__86: load_kernels__GB0, 
rom__3: top__GC0, 
datapath__54: layer2__GCB1, 
logic__158: layer2__GCB1, layer2__GCB0, 
rom__57: load_kernels__GB0, 
rom__5: top__GC0, 
dsp48e1__2: top__GC0, 
rom__19: load_kernels__GB1, 
case__92: top__GC0, 
reg__14: top__GC0, 
reg__98: load_kernels__GB0, 
reg__29: top__GC0, layer2__GCB1, layer2__GCB0, 
case__150: top__GC0, 
case__110: layer2__GCB1, layer2__GCB0, 
reg__186: load_kernels__GB2, 
conv: top__GC0, 
case__16: top__GC0, 
logic__53: top__GC0, 
datapath__46: layer2__GCB1, layer2__GCB0, 
rom__65: load_kernels__GB0, 
rom__38: load_kernels__GB0, 
rom__91: load_kernels__GB2, 
reg__130: load_kernels__GB0, 
case__80: top__GC0, layer2__GCB1, layer2__GCB0, 
rom__42: load_kernels__GB0, 
reg__41: top__GC0, layer2__GCB1, layer2__GCB0, 
reg__202: load_kernels__GB2, 
rom__29: load_kernels__GB0, 
reg__141: load_kernels__GB2, 
rom__33: load_kernels__GB0, 
rom__4: top__GC0, 
case__48: top__GC0, 
mem: top__GC0, 
case__101: layer2__GCB1, layer2__GCB0, 
reg__15: top__GC0, 
rom__9: load_kernels__GB1, 
case__133: layer2__GCB1, 
reg__78: load_kernels__GB1, 
reg__84: load_kernels__GB0, 
reg__100: load_kernels__GB0, 
reg__137: load_kernels__GB2, 
conv__parameterized0: layer2__GCB1, layer2__GCB0, 
rom__106: load_kernels__GB2, 
case__146: top__GC0, 
reg__126: load_kernels__GB0, 
datapath__50: layer2__GCB1, layer2__GCB0, 
case__152: top__GC0, 
logic__230: layer2__GCB1, 
case__91: top__GC0, 
rom__18: load_kernels__GB1, 
dsp48e1__3: top__GC0, 
rom__97: load_kernels__GB2, 
reg__135: load_kernels__GB0, 
logic__220: layer2__GCB1, 
rom__14: load_kernels__GB1, 
reg__74: load_kernels__GB0, 
logic__56: top__GC0, 
datapath__63: top__GC0, 
reg__39: top__GC0, layer2__GCB1, layer2__GCB0, 
reg__55: layer2__GCB1, layer2__GCB0, 
dsp48e1__13: top__GC0, 
case__137: top__GC0, 
rom__20: load_kernels__GB1, 
dsp48e1__42: layer2__GCB1, layer2__GCB0, 
patch_data_latch: top__GC0, layer2__GCB1, layer2__GCB0, 
logic__165: layer2__GCB1, layer2__GCB0, 
rom__76: load_kernels__GB1, 
reg__157: load_kernels__GB2, 
reg__85: load_kernels__GB0, 
reg__196: load_kernels__GB2, 
rom__78: load_kernels__GB2, 
case__93: top__GC0, 
datapath__39: layer2__GCB1, layer2__GCB0, 
reg__190: load_kernels__GB2, 
logic__63: top__GC0, 
reg__76: load_kernels__GB0, 
dsp48e1__12: top__GC0, 
dsp48e1__20: top__GC0, 
rom__133: load_kernels__GB2, 
logic__217: layer2__GCB1, 
rom__112: load_kernels__GB2, 
reg__70: load_kernels__GB1, 
reg__132: load_kernels__GB0, 
reg__49: top__GC0, 
reg__73: load_kernels__GB0, 
reg__183: load_kernels__GB2, 
reg__129: load_kernels__GB0, 
image_mem: top__GC0, 
rom__104: load_kernels__GB2, 
datapath__44: layer2__GCB1, layer2__GCB0, 
logic__90: top__GC0, layer2__GCB1, layer2__GCB0, 
reg__205: load_kernels__GB2, 
rom__56: load_kernels__GB0, 
reg__120: load_kernels__GB0, 
case__39: top__GC0, 
rom__152: load_kernels__GB1, 
datapath: top__GC0, 
rom__105: load_kernels__GB2, 
rom__126: load_kernels__GB2, 
reg__149: load_kernels__GB2, 
logic__83: top__GC0, layer2__GCB1, layer2__GCB0, 
case__79: top__GC0, layer2__GCB1, layer2__GCB0, 
rom__12: load_kernels__GB1, 
logic__143: top__GC0, 
rom__2: top__GC0, 
case: top__GC0, 
logic__136: top__GC0, 
rom__84: load_kernels__GB2, 
reg__145: load_kernels__GB2, 
rom__147: load_kernels__GB2, 
reg__89: load_kernels__GB0, 
rom__22: load_kernels__GB0, 
rom__135: load_kernels__GB2, 
reg__180: load_kernels__GB2, 
case__134: layer2__GCB1, 
dsp48e1__33: layer2__GCB1, layer2__GCB0, 
logic__45: top__GC0, 
case__78: top__GC0, layer2__GCB1, layer2__GCB0, 
dsp48e1: top__GC0, 
reg__163: load_kernels__GB2, 
logic__237: top__GC0, 
rom__32: load_kernels__GB0, 
dsp48e1__21: top__GC0, 
reg__208: load_kernels__GB2, 
case__145: top__GC0, 
datapath__25: top__GC0, 
rom__72: load_kernels__GB0, 
datapath__7: top__GC0, 
case__99: top__GC0, 
rom__86: load_kernels__GB2, 
rom__8: top__GC0, 
reg__40: top__GC0, layer2__GCB1, layer2__GCB0, 
case__108: layer2__GCB1, layer2__GCB0, 
extladd__1: top__GC0, 
reg__164: load_kernels__GB2, 
rom__144: load_kernels__GB2, 
logic__228: layer2__GCB1, 
ram: top__GC0, 
reg__204: load_kernels__GB2, 
datapath__70: top__GC0, 
rom: top__GC0, 
extram: top__GC0, 
reg__189: load_kernels__GB2, 
reg__22: top__GC0, 
logic__84: top__GC0, layer2__GCB1, layer2__GCB0, 
case__84: top__GC0, layer2__GCB1, layer2__GCB0, 
logic__227: layer2__GCB1, 
dsp48e1__22: top__GC0, 
rom__45: load_kernels__GB0, 
reg__148: load_kernels__GB2, 
case__151: top__GC0, 
reg__160: load_kernels__GB2, 
reg__144: load_kernels__GB2, 
pla: top__GC0, 
dsp48e1__24: top__GC0, 
logic: top__GC0, 
reg__10: top__GC0, 
reg__146: load_kernels__GB2, 
rom__123: load_kernels__GB2, 
datapath__15: top__GC0, 
reg__185: load_kernels__GB2, 
dsp48e1__5: top__GC0, 
case__74: top__GC0, layer2__GCB1, layer2__GCB0, 
rom__118: load_kernels__GB2, 
rom__52: load_kernels__GB0, 
reg__32: top__GC0, layer2__GCB1, layer2__GCB0, 
dsp48e1__10: top__GC0, 
rom__11: load_kernels__GB1, 
reg__56: layer2__GCB1, layer2__GCB0, 
datapath__22: top__GC0, layer2__GCB1, layer2__GCB0, 
datapath__5: top__GC0, 
logic__70: top__GC0, 
dsp48e1__35: layer2__GCB1, layer2__GCB0, 
reg__57: layer2__GCB1, layer2__GCB0, 
dsp48e1__6: top__GC0, 
reg__113: load_kernels__GB0, 
rom__66: load_kernels__GB0, 
reg__168: load_kernels__GB2, 
datapath__26: top__GC0, 
case__128: layer2__GCB1, 
dsp48e1__17: top__GC0, 
case__141: top__GC0, 
rom__90: load_kernels__GB2, 
extrom__1: top__GC0, 
dsp48e1__27: top__GC0, 
datapath__28: top__GC0, 
case__136: layer2__GCB1, 
reg__166: load_kernels__GB2, 
datapath__37: top__GC0, 
reg__154: load_kernels__GB2, 
case__73: top__GC0, layer2__GCB1, layer2__GCB0, 
datapath__60: top__GC0, 
logic__52: top__GC0, 
reg__207: load_kernels__GB2, 
logic__140: top__GC0, 
datapath__31: top__GC0, 
rom__96: load_kernels__GB2, 
reg__72: load_kernels__GB0, 
rom__25: load_kernels__GB0, 
reg__36: top__GC0, layer2__GCB1, layer2__GCB0, 
datapath__40: layer2__GCB1, layer2__GCB0, 
rom__6: top__GC0, 
reg: top__GC0, 
logic__180: layer2__GCB1, layer2__GCB0, 
datapath__61: top__GC0, 
reg__104: load_kernels__GB0, 
rom__43: load_kernels__GB0, 
reg__50: top__GC0, 
logic__69: top__GC0, 
case__139: top__GC0, 
logic__223: layer2__GCB1, 
case__72: top__GC0, layer2__GCB1, layer2__GCB0, 
rom__40: load_kernels__GB0, 
logic__189: layer2__GCB1, layer2__GCB0, 
case__114: layer2__GCB1, layer2__GCB0, 
reg__114: load_kernels__GB0, 
logic__246: top__GC0, 
reg__60: layer2__GCB1, layer2__GCB0, 
datapath__4: top__GC0, 
rom__15: load_kernels__GB1, 
logic__226: layer2__GCB1, 
reg__44: top__GC0, layer2__GCB1, layer2__GCB0, 
reg__128: load_kernels__GB0, 
rom__138: load_kernels__GB2, 
logic__123: top__GC0, layer2__GCB1, layer2__GCB0, 
dsp48e1__37: layer2__GCB1, layer2__GCB0, 
logic__181: layer2__GCB1, layer2__GCB0, 
rom__7: top__GC0, 
datapath__52: layer2__GCB1, layer2__GCB0, 
reg__106: load_kernels__GB0, 
case__54: top__GC0, layer2__GCB1, layer2__GCB0, 
reg__171: load_kernels__GB2, 
rom__109: load_kernels__GB2, 
comp__parameterized0: layer2__GCB1, layer2__GCB0, 
reg__165: load_kernels__GB2, 
rom__60: load_kernels__GB0, 
reg__198: load_kernels__GB2, 
logic__24: top__GC0, 
datapath__53: layer2__GCB1, layer2__GCB0, 
reg__1: top__GC0, 
reg__48: top__GC0, 
datapath__58: top__GC0, 
logic__187: layer2__GCB1, layer2__GCB0, 
reg__47: top__GC0, 
reg__58: layer2__GCB1, layer2__GCB0, 
case__111: layer2__GCB1, layer2__GCB0, 
datapath__49: layer2__GCB1, layer2__GCB0, 
reg__187: load_kernels__GB2, 
rom__79: load_kernels__GB2, 
dsp48e1__26: top__GC0, 
datapath__41: layer2__GCB1, layer2__GCB0, 
datapath__3: top__GC0, 
rom__93: load_kernels__GB2, 
reg__9: top__GC0, 
case__45: top__GC0, 
logic__164: layer2__GCB1, layer2__GCB0, 
rom__94: load_kernels__GB2, 
rom__100: load_kernels__GB2, 
rom__137: load_kernels__GB2, 
dsp48e1__8: top__GC0, 
layer_mem__parameterized0: top__GC0, 
rom__128: load_kernels__GB2, 
rom__80: load_kernels__GB2, 
reg__112: load_kernels__GB0, 
datapath__10: top__GC0, 
reg__151: load_kernels__GB2, 
dsp48e1__45: layer2__GCB1, layer2__GCB0, 
layer_mem: top__GC0, 
reg__206: load_kernels__GB2, 
reg__194: load_kernels__GB2, 
datapath__51: layer2__GCB1, layer2__GCB0, 
reg__79: load_kernels__GB1, 
dsp48e1__4: top__GC0, 
reg__2: top__GC0, 
rom__85: load_kernels__GB2, 
reg__93: load_kernels__GB0, 
reg__46: top__GC0, layer2__GCB1, layer2__GCB0, 
case__76: top__GC0, layer2__GCB1, layer2__GCB0, 
reg__173: load_kernels__GB2, 
reg__97: load_kernels__GB0, 
dsp48e1__30: layer2__GCB1, layer2__GCB0, 
reg__209: load_kernels__GB2, 
reg__43: top__GC0, layer2__GCB1, layer2__GCB0, 
dsp48e1__15: top__GC0, 
case__47: top__GC0, 
rom__122: load_kernels__GB2, 
logic__151: top__GC0, 
logic__176: layer2__GCB1, layer2__GCB0, 
logic__17: top__GC0, 
datapath__29: top__GC0, 
rom__120: load_kernels__GB2, 
conv_control: top__GC0, layer2__GCB1, layer2__GCB0, 
reg__63: layer2__GCB1, layer2__GCB0, 
counter__4: top__GC0, 
