Vivado Simulator v2025.2
Copyright 1986-2022 Xilinx, Inc. All Rights Reserved.
Copyright 2022-2025 Advanced Micro Devices, Inc. All Rights Reserved.
Running: /home/abdullah/Xilinx/2025.2/Vivado/bin/unwrapped/lnx64.o/xelab xil_defaultlib.apatb_top_top xil_defaultlib.glbl -Oenable_linking_all_libraries -prj top.prj -L smartconnect_v1_0 -L axi_protocol_checker_v1_1_12 -L axi_protocol_checker_v1_1_13 -L axis_protocol_checker_v1_1_11 -L axis_protocol_checker_v1_1_12 -L xil_defaultlib -L unisims_ver -L xpm -L floating_point_v7_1_21 -L floating_point_v7_0_26 --lib ieee_proposed=./ieee_proposed -L uvm -relax -i ./svr -i ./svtb -i ./file_agent -i ./top_subsystem -s top 
Multi-threading is on. Using 20 slave threads.
WARNING: [XSIM 43-3431] One or more environment variables have been detected which affect the operation of the C compiler. These are typically not set in standard installations and are not tested by AMD, however they may be appropriate for your system, so the flow will attempt to continue.  If errors occur, try running xelab with the "-mt off -v 1" switches to see more information from the C compiler. The following environment variables have been detected:
INFO: [VRFC 10-2263] Analyzing SystemVerilog file "/home/abdullah/Desktop/CNN-on-FPGA/hls_component/top/hls/sim/verilog/glbl.v" into library xil_defaultlib
INFO: [VRFC 10-311] analyzing module glbl
INFO: [VRFC 10-2263] Analyzing SystemVerilog file "/home/abdullah/Desktop/CNN-on-FPGA/hls_component/top/hls/sim/verilog/top_conv1_Pipeline_LOAD_B.v" into library xil_defaultlib
INFO: [VRFC 10-311] analyzing module top_conv1_Pipeline_LOAD_B
INFO: [VRFC 10-2263] Analyzing SystemVerilog file "/home/abdullah/Desktop/CNN-on-FPGA/hls_component/top/hls/sim/verilog/top_pool_Pipeline_LOAD_POOL.v" into library xil_defaultlib
INFO: [VRFC 10-311] analyzing module top_pool_Pipeline_LOAD_POOL
INFO: [VRFC 10-2263] Analyzing SystemVerilog file "/home/abdullah/Desktop/CNN-on-FPGA/hls_component/top/hls/sim/verilog/top_sparsemux_21_4_8_1_1.v" into library xil_defaultlib
INFO: [VRFC 10-311] analyzing module top_sparsemux_21_4_8_1_1
INFO: [VRFC 10-2263] Analyzing SystemVerilog file "/home/abdullah/Desktop/CNN-on-FPGA/hls_component/top/hls/sim/verilog/top_conv2_Pipeline_LOAD_W.v" into library xil_defaultlib
INFO: [VRFC 10-311] analyzing module top_conv2_Pipeline_LOAD_W
INFO: [VRFC 10-2263] Analyzing SystemVerilog file "/home/abdullah/Desktop/CNN-on-FPGA/hls_component/top/hls/sim/verilog/top_conv2_conv2_ap_fixed_ap_fixed_ap_fixed_ap_fixed_8_5_5_3_0_local_weight_8_RAM_bkb.v" into library xil_defaultlib
INFO: [VRFC 10-311] analyzing module top_conv2_conv2_ap_fixed_ap_fixed_ap_fixed_ap_fixed_8_5_5_3_0_local_weight_8_RAM_bkb
INFO: [VRFC 10-2263] Analyzing SystemVerilog file "/home/abdullah/Desktop/CNN-on-FPGA/hls_component/top/hls/sim/verilog/top_urem_8ns_4ns_3_12_1.v" into library xil_defaultlib
INFO: [VRFC 10-311] analyzing module top_urem_8ns_4ns_3_12_1_divider
INFO: [VRFC 10-311] analyzing module top_urem_8ns_4ns_3_12_1
INFO: [VRFC 10-2263] Analyzing SystemVerilog file "/home/abdullah/Desktop/CNN-on-FPGA/hls_component/top/hls/sim/verilog/top_conv1_temp_RAM_2P_BRAM_1R1W.v" into library xil_defaultlib
INFO: [VRFC 10-311] analyzing module top_conv1_temp_RAM_2P_BRAM_1R1W
INFO: [VRFC 10-2263] Analyzing SystemVerilog file "/home/abdullah/Desktop/CNN-on-FPGA/hls_component/top/hls/sim/verilog/top_control_s_axi.v" into library xil_defaultlib
INFO: [VRFC 10-311] analyzing module top_control_s_axi
INFO: [VRFC 10-2263] Analyzing SystemVerilog file "/home/abdullah/Desktop/CNN-on-FPGA/hls_component/top/hls/sim/verilog/top_gmem1_m_axi.v" into library xil_defaultlib
INFO: [VRFC 10-311] analyzing module top_gmem1_m_axi
INFO: [VRFC 10-311] analyzing module top_gmem1_m_axi_load
INFO: [VRFC 10-311] analyzing module top_gmem1_m_axi_read
INFO: [VRFC 10-311] analyzing module top_gmem1_m_axi_burst_converter
INFO: [VRFC 10-311] analyzing module top_gmem1_m_axi_burst_interleave
INFO: [VRFC 10-311] analyzing module top_gmem1_m_axi_burst_sequential
INFO: [VRFC 10-311] analyzing module top_gmem1_m_axi_reg_slice
INFO: [VRFC 10-311] analyzing module top_gmem1_m_axi_fifo
INFO: [VRFC 10-311] analyzing module top_gmem1_m_axi_srl
INFO: [VRFC 10-311] analyzing module top_gmem1_m_axi_mem
INFO: [VRFC 10-2263] Analyzing SystemVerilog file "/home/abdullah/Desktop/CNN-on-FPGA/hls_component/top/hls/sim/verilog/top_pool.v" into library xil_defaultlib
INFO: [VRFC 10-311] analyzing module top_pool
INFO: [VRFC 10-2263] Analyzing SystemVerilog file "/home/abdullah/Desktop/CNN-on-FPGA/hls_component/top/hls/sim/verilog/top_mac_muladd_8s_8s_11s_11_4_1.v" into library xil_defaultlib
INFO: [VRFC 10-311] analyzing module top_mac_muladd_8s_8s_11s_11_4_1_DSP48_0
INFO: [VRFC 10-311] analyzing module top_mac_muladd_8s_8s_11s_11_4_1
INFO: [VRFC 10-2263] Analyzing SystemVerilog file "/home/abdullah/Desktop/CNN-on-FPGA/hls_component/top/hls/sim/verilog/top.v" into library xil_defaultlib
INFO: [VRFC 10-311] analyzing module top
INFO: [VRFC 10-2263] Analyzing SystemVerilog file "/home/abdullah/Desktop/CNN-on-FPGA/hls_component/top/hls/sim/verilog/top_pool_1_Pipeline_LOAD_POOL.v" into library xil_defaultlib
INFO: [VRFC 10-311] analyzing module top_pool_1_Pipeline_LOAD_POOL
INFO: [VRFC 10-2263] Analyzing SystemVerilog file "/home/abdullah/Desktop/CNN-on-FPGA/hls_component/top/hls/sim/verilog/top_conv2.v" into library xil_defaultlib
INFO: [VRFC 10-311] analyzing module top_conv2
INFO: [VRFC 10-2263] Analyzing SystemVerilog file "/home/abdullah/Desktop/CNN-on-FPGA/hls_component/top/hls/sim/verilog/top_pool_Pipeline_CO_LOOP_H_LOOP_W_LOOP.v" into library xil_defaultlib
INFO: [VRFC 10-311] analyzing module top_pool_Pipeline_CO_LOOP_H_LOOP_W_LOOP
INFO: [VRFC 10-2263] Analyzing SystemVerilog file "/home/abdullah/Desktop/CNN-on-FPGA/hls_component/top/hls/sim/verilog/top_pool_1.v" into library xil_defaultlib
INFO: [VRFC 10-311] analyzing module top_pool_1
INFO: [VRFC 10-2263] Analyzing SystemVerilog file "/home/abdullah/Desktop/CNN-on-FPGA/hls_component/top/hls/sim/verilog/top_sparsemux_33_4_8_1_1.v" into library xil_defaultlib
INFO: [VRFC 10-311] analyzing module top_sparsemux_33_4_8_1_1
INFO: [VRFC 10-2263] Analyzing SystemVerilog file "/home/abdullah/Desktop/CNN-on-FPGA/hls_component/top/hls/sim/verilog/top_gmem0_m_axi.v" into library xil_defaultlib
INFO: [VRFC 10-311] analyzing module top_gmem0_m_axi
INFO: [VRFC 10-311] analyzing module top_gmem0_m_axi_load
INFO: [VRFC 10-311] analyzing module top_gmem0_m_axi_store
INFO: [VRFC 10-311] analyzing module top_gmem0_m_axi_read
INFO: [VRFC 10-311] analyzing module top_gmem0_m_axi_write
INFO: [VRFC 10-311] analyzing module top_gmem0_m_axi_burst_converter
INFO: [VRFC 10-311] analyzing module top_gmem0_m_axi_burst_interleave
INFO: [VRFC 10-311] analyzing module top_gmem0_m_axi_burst_sequential
INFO: [VRFC 10-311] analyzing module top_gmem0_m_axi_throttle
INFO: [VRFC 10-311] analyzing module top_gmem0_m_axi_reg_slice
INFO: [VRFC 10-311] analyzing module top_gmem0_m_axi_fifo
INFO: [VRFC 10-311] analyzing module top_gmem0_m_axi_srl
INFO: [VRFC 10-311] analyzing module top_gmem0_m_axi_mem
INFO: [VRFC 10-2263] Analyzing SystemVerilog file "/home/abdullah/Desktop/CNN-on-FPGA/hls_component/top/hls/sim/verilog/top_urem_9ns_4ns_3_13_1.v" into library xil_defaultlib
INFO: [VRFC 10-311] analyzing module top_urem_9ns_4ns_3_13_1_divider
INFO: [VRFC 10-311] analyzing module top_urem_9ns_4ns_3_13_1
INFO: [VRFC 10-2263] Analyzing SystemVerilog file "/home/abdullah/Desktop/CNN-on-FPGA/hls_component/top/hls/sim/verilog/top_conv2_Pipeline_LOAD_B.v" into library xil_defaultlib
INFO: [VRFC 10-311] analyzing module top_conv2_Pipeline_LOAD_B
INFO: [VRFC 10-2263] Analyzing SystemVerilog file "/home/abdullah/Desktop/CNN-on-FPGA/hls_component/top/hls/sim/verilog/top_top_Pipeline_LOAD_IN.v" into library xil_defaultlib
INFO: [VRFC 10-311] analyzing module top_top_Pipeline_LOAD_IN
INFO: [VRFC 10-2263] Analyzing SystemVerilog file "/home/abdullah/Desktop/CNN-on-FPGA/hls_component/top/hls/sim/verilog/top_conv1_Pipeline_LOAD_W.v" into library xil_defaultlib
INFO: [VRFC 10-311] analyzing module top_conv1_Pipeline_LOAD_W
INFO: [VRFC 10-2263] Analyzing SystemVerilog file "/home/abdullah/Desktop/CNN-on-FPGA/hls_component/top/hls/sim/verilog/top_pool_ap_fixed_ap_fixed_8_5_5_3_0_int_int_int_int_int_local_input_4_RAM_2P_BRAkbM.v" into library xil_defaultlib
INFO: [VRFC 10-311] analyzing module top_pool_ap_fixed_ap_fixed_8_5_5_3_0_int_int_int_int_int_local_input_4_RAM_2P_BRAkbM
INFO: [VRFC 10-2263] Analyzing SystemVerilog file "/home/abdullah/Desktop/CNN-on-FPGA/hls_component/top/hls/sim/verilog/top_sparsemux_17_3_8_1_1.v" into library xil_defaultlib
INFO: [VRFC 10-311] analyzing module top_sparsemux_17_3_8_1_1
INFO: [VRFC 10-2263] Analyzing SystemVerilog file "/home/abdullah/Desktop/CNN-on-FPGA/hls_component/top/hls/sim/verilog/top_dense_ap_fixed_ap_fixed_ap_fixed_ap_fixed_8_5_5_3_0_temp_7_RAM_AUTO_1R1W.v" into library xil_defaultlib
INFO: [VRFC 10-311] analyzing module top_dense_ap_fixed_ap_fixed_ap_fixed_ap_fixed_8_5_5_3_0_temp_7_RAM_AUTO_1R1W
INFO: [VRFC 10-2263] Analyzing SystemVerilog file "/home/abdullah/Desktop/CNN-on-FPGA/hls_component/top/hls/sim/verilog/top_mac_muladd_8s_8s_11s_16_4_1.v" into library xil_defaultlib
INFO: [VRFC 10-311] analyzing module top_mac_muladd_8s_8s_11s_16_4_1_DSP48_0
INFO: [VRFC 10-311] analyzing module top_mac_muladd_8s_8s_11s_16_4_1
INFO: [VRFC 10-2263] Analyzing SystemVerilog file "/home/abdullah/Desktop/CNN-on-FPGA/hls_component/top/hls/sim/verilog/top_conv1.v" into library xil_defaultlib
INFO: [VRFC 10-311] analyzing module top_conv1
INFO: [VRFC 10-2263] Analyzing SystemVerilog file "/home/abdullah/Desktop/CNN-on-FPGA/hls_component/top/hls/sim/verilog/top_sparsemux_11_3_8_1_1.v" into library xil_defaultlib
INFO: [VRFC 10-311] analyzing module top_sparsemux_11_3_8_1_1
INFO: [VRFC 10-2263] Analyzing SystemVerilog file "/home/abdullah/Desktop/CNN-on-FPGA/hls_component/top/hls/sim/verilog/top_top_Pipeline_LOAD_BIAS.v" into library xil_defaultlib
INFO: [VRFC 10-311] analyzing module top_top_Pipeline_LOAD_BIAS
INFO: [VRFC 10-2263] Analyzing SystemVerilog file "/home/abdullah/Desktop/CNN-on-FPGA/hls_component/top/hls/sim/verilog/top_mul_12ns_14ns_25_1_1.v" into library xil_defaultlib
INFO: [VRFC 10-311] analyzing module top_mul_12ns_14ns_25_1_1
INFO: [VRFC 10-2263] Analyzing SystemVerilog file "/home/abdullah/Desktop/CNN-on-FPGA/hls_component/top/hls/sim/verilog/top_mul_5ns_9ns_12_1_1.v" into library xil_defaultlib
INFO: [VRFC 10-311] analyzing module top_mul_5ns_9ns_12_1_1
INFO: [VRFC 10-2263] Analyzing SystemVerilog file "/home/abdullah/Desktop/CNN-on-FPGA/hls_component/top/hls/sim/verilog/top_conv1_Pipeline_CO_1_H_1_W_1.v" into library xil_defaultlib
INFO: [VRFC 10-311] analyzing module top_conv1_Pipeline_CO_1_H_1_W_1
INFO: [VRFC 10-2263] Analyzing SystemVerilog file "/home/abdullah/Desktop/CNN-on-FPGA/hls_component/top/hls/sim/verilog/top_conv2_Pipeline_LOAD_2.v" into library xil_defaultlib
INFO: [VRFC 10-311] analyzing module top_conv2_Pipeline_LOAD_2
INFO: [VRFC 10-2263] Analyzing SystemVerilog file "/home/abdullah/Desktop/CNN-on-FPGA/hls_component/top/hls/sim/verilog/top.autotb.v" into library xil_defaultlib
INFO: [VRFC 10-311] analyzing module apatb_top_top
INFO: [VRFC 10-2263] Analyzing SystemVerilog file "/home/abdullah/Desktop/CNN-on-FPGA/hls_component/top/hls/sim/verilog/top_conv1_Pipeline_LOAD_1.v" into library xil_defaultlib
INFO: [VRFC 10-311] analyzing module top_conv1_Pipeline_LOAD_1
INFO: [VRFC 10-2263] Analyzing SystemVerilog file "/home/abdullah/Desktop/CNN-on-FPGA/hls_component/top/hls/sim/verilog/top_conv2_temp_RAM_2P_BRAM_1R1W.v" into library xil_defaultlib
INFO: [VRFC 10-311] analyzing module top_conv2_temp_RAM_2P_BRAM_1R1W
INFO: [VRFC 10-2263] Analyzing SystemVerilog file "/home/abdullah/Desktop/CNN-on-FPGA/hls_component/top/hls/sim/verilog/top_flow_control_loop_pipe_sequential_init.v" into library xil_defaultlib
INFO: [VRFC 10-311] analyzing module top_flow_control_loop_pipe_sequential_init
INFO: [VRFC 10-2263] Analyzing SystemVerilog file "/home/abdullah/Desktop/CNN-on-FPGA/hls_component/top/hls/sim/verilog/top_conv2_Pipeline_CI_2.v" into library xil_defaultlib
INFO: [VRFC 10-311] analyzing module top_conv2_Pipeline_CI_2
INFO: [VRFC 10-2263] Analyzing SystemVerilog file "/home/abdullah/Desktop/CNN-on-FPGA/hls_component/top/hls/sim/verilog/top_top_Pipeline_DENSE_OUTER_DENSE_INNER.v" into library xil_defaultlib
INFO: [VRFC 10-311] analyzing module top_top_Pipeline_DENSE_OUTER_DENSE_INNER
INFO: [VRFC 10-2263] Analyzing SystemVerilog file "/home/abdullah/Desktop/CNN-on-FPGA/hls_component/top/hls/sim/verilog/top_sparsemux_17_3_8_1_1_x.v" into library xil_defaultlib
INFO: [VRFC 10-311] analyzing module top_sparsemux_17_3_8_1_1_x
INFO: [VRFC 10-2263] Analyzing SystemVerilog file "/home/abdullah/Desktop/CNN-on-FPGA/hls_component/top/hls/sim/verilog/top_mul_4ns_11ns_13_1_1.v" into library xil_defaultlib
INFO: [VRFC 10-311] analyzing module top_mul_4ns_11ns_13_1_1
INFO: [VRFC 10-2263] Analyzing SystemVerilog file "/home/abdullah/Desktop/CNN-on-FPGA/hls_component/top/hls/sim/verilog/top_pool_1_Pipeline_CO_LOOP_H_LOOP_W_LOOP.v" into library xil_defaultlib
INFO: [VRFC 10-311] analyzing module top_pool_1_Pipeline_CO_LOOP_H_LOOP_W_LOOP
INFO: [VRFC 10-2263] Analyzing SystemVerilog file "/home/abdullah/Desktop/CNN-on-FPGA/hls_component/top/hls/sim/verilog/top_mul_13ns_15ns_27_1_1.v" into library xil_defaultlib
INFO: [VRFC 10-311] analyzing module top_mul_13ns_15ns_27_1_1
INFO: [VRFC 10-2263] Analyzing SystemVerilog file "/home/abdullah/Desktop/CNN-on-FPGA/hls_component/top/hls/sim/verilog/dataflow_monitor.sv" into library xil_defaultlib
INFO: [VRFC 10-311] analyzing module dataflow_monitor
INFO: [VRFC 10-2263] Analyzing SystemVerilog file "/home/abdullah/Desktop/CNN-on-FPGA/hls_component/top/hls/sim/verilog/file_agent/file_agent_pkg.sv" into library xil_defaultlib
INFO: [VRFC 10-2263] Analyzing SystemVerilog file "/home/abdullah/Desktop/CNN-on-FPGA/hls_component/top/hls/sim/verilog/axivip/axi_pkg.sv" into library xil_defaultlib
INFO: [VRFC 10-2263] Analyzing SystemVerilog file "/home/abdullah/Desktop/CNN-on-FPGA/hls_component/top/hls/sim/verilog/axivip/axi_if.sv" into library xil_defaultlib
INFO: [VRFC 10-2263] Analyzing SystemVerilog file "/home/abdullah/Desktop/CNN-on-FPGA/hls_component/top/hls/sim/verilog/top_subsystem/top_subsystem_pkg.sv" into library xil_defaultlib
INFO: [VRFC 10-2263] Analyzing SystemVerilog file "/home/abdullah/Desktop/CNN-on-FPGA/hls_component/top/hls/sim/verilog/svtb/misc_interface.sv" into library xil_defaultlib
INFO: [VRFC 10-2263] Analyzing SystemVerilog file "/home/abdullah/Desktop/CNN-on-FPGA/hls_component/top/hls/sim/verilog/svtb/sv_module_top.sv" into library xil_defaultlib
INFO: [VRFC 10-311] analyzing module sv_module_top
Starting static elaboration
Pass Through NonSizing Optimizer
Completed static elaboration
Starting simulation data flow analysis
WARNING: [XSIM 43-4099] "/proj/primebuilds/9999.0_PRIME_0428_0031/installs/data/system_verilog/uvm_1.2/xlnx_uvm_package.sv" Line 4356. Module uvm_pkg doesn't have a timescale but at least one module in design has a timescale.
Completed simulation data flow analysis
Time Resolution for simulation is 1ps
Compiling package xil_defaultlib.$unit_sv_module_top_sv
Compiling package uvm.uvm_pkg
Compiling package std.std
Compiling package xil_defaultlib.axi_pkg
Compiling package xil_defaultlib.top_subsystem_pkg
Compiling package xil_defaultlib.file_agent_pkg
Compiling package xil_defaultlib.$unit_dataflow_monitor_sv
Compiling module xil_defaultlib.top_pool_ap_fixed_ap_fixed_8_5_5...
Compiling module xil_defaultlib.top_dense_ap_fixed_ap_fixed_ap_f...
Compiling module xil_defaultlib.top_conv1_temp_RAM_2P_BRAM_1R1W
Compiling module xil_defaultlib.top_flow_control_loop_pipe_seque...
Compiling module xil_defaultlib.top_conv1_Pipeline_LOAD_W
Compiling module xil_defaultlib.top_conv1_Pipeline_LOAD_B
Compiling module xil_defaultlib.top_conv1_Pipeline_LOAD_1
Compiling module xil_defaultlib.top_sparsemux_33_4_8_1_1(din0_WI...
Compiling module xil_defaultlib.top_sparsemux_17_3_8_1_1(din0_WI...
Compiling module xil_defaultlib.top_mac_muladd_8s_8s_11s_11_4_1_...
Compiling module xil_defaultlib.top_mac_muladd_8s_8s_11s_11_4_1(...
Compiling module xil_defaultlib.top_conv1_Pipeline_CO_1_H_1_W_1
Compiling module xil_defaultlib.top_conv1
Compiling module xil_defaultlib.top_pool_Pipeline_LOAD_POOL
Compiling module xil_defaultlib.top_urem_8ns_4ns_3_12_1_divider(...
Compiling module xil_defaultlib.top_urem_8ns_4ns_3_12_1(NUM_STAG...
Compiling module xil_defaultlib.top_mul_4ns_11ns_13_1_1(NUM_STAG...
Compiling module xil_defaultlib.top_mul_13ns_15ns_27_1_1(NUM_STA...
Compiling module xil_defaultlib.top_sparsemux_11_3_8_1_1(din0_WI...
Compiling module xil_defaultlib.top_pool_Pipeline_CO_LOOP_H_LOOP...
Compiling module xil_defaultlib.top_pool
Compiling module xil_defaultlib.top_conv2_conv2_ap_fixed_ap_fixe...
Compiling module xil_defaultlib.top_conv2_temp_RAM_2P_BRAM_1R1W
Compiling module xil_defaultlib.top_conv2_Pipeline_LOAD_W
Compiling module xil_defaultlib.top_conv2_Pipeline_LOAD_B
Compiling module xil_defaultlib.top_conv2_Pipeline_LOAD_2
Compiling module xil_defaultlib.top_sparsemux_17_3_8_1_1_x(din0_...
Compiling module xil_defaultlib.top_mac_muladd_8s_8s_11s_16_4_1_...
Compiling module xil_defaultlib.top_mac_muladd_8s_8s_11s_16_4_1(...
Compiling module xil_defaultlib.top_conv2_Pipeline_CI_2
Compiling module xil_defaultlib.top_conv2
Compiling module xil_defaultlib.top_pool_1_Pipeline_LOAD_POOL
Compiling module xil_defaultlib.top_urem_9ns_4ns_3_13_1_divider(...
Compiling module xil_defaultlib.top_urem_9ns_4ns_3_13_1(NUM_STAG...
Compiling module xil_defaultlib.top_mul_5ns_9ns_12_1_1(NUM_STAGE...
Compiling module xil_defaultlib.top_mul_12ns_14ns_25_1_1(NUM_STA...
Compiling module xil_defaultlib.top_pool_1_Pipeline_CO_LOOP_H_LO...
Compiling module xil_defaultlib.top_pool_1
Compiling module xil_defaultlib.top_top_Pipeline_LOAD_IN
Compiling module xil_defaultlib.top_top_Pipeline_LOAD_BIAS
Compiling module xil_defaultlib.top_sparsemux_21_4_8_1_1(din0_WI...
Compiling module xil_defaultlib.top_top_Pipeline_DENSE_OUTER_DEN...
Compiling module xil_defaultlib.top_control_s_axi
Compiling module xil_defaultlib.top_gmem0_m_axi_srl(DATA_WIDTH=9...
Compiling module xil_defaultlib.top_gmem0_m_axi_fifo(DATA_WIDTH=...
Compiling module xil_defaultlib.top_gmem0_m_axi_srl(DATA_WIDTH=8...
Compiling module xil_defaultlib.top_gmem0_m_axi_fifo(DATA_WIDTH=...
Compiling module xil_defaultlib.top_gmem0_m_axi_srl(DATA_WIDTH=3...
Compiling module xil_defaultlib.top_gmem0_m_axi_fifo(DATA_WIDTH=...
Compiling module xil_defaultlib.top_gmem0_m_axi_srl(DATA_WIDTH=3...
Compiling module xil_defaultlib.top_gmem0_m_axi_fifo(DATA_WIDTH=...
Compiling module xil_defaultlib.top_gmem0_m_axi_srl(DATA_WIDTH=9...
Compiling module xil_defaultlib.top_gmem0_m_axi_fifo(DATA_WIDTH=...
Compiling module xil_defaultlib.top_gmem0_m_axi_srl(DATA_WIDTH=1...
Compiling module xil_defaultlib.top_gmem0_m_axi_fifo(DATA_WIDTH=...
Compiling module xil_defaultlib.top_gmem0_m_axi_srl(DATA_WIDTH=1...
Compiling module xil_defaultlib.top_gmem0_m_axi_fifo(DATA_WIDTH=...
Compiling module xil_defaultlib.top_gmem0_m_axi_store(CONSERVATI...
Compiling module xil_defaultlib.top_gmem0_m_axi_mem(MEM_STYLE="b...
Compiling module xil_defaultlib.top_gmem0_m_axi_fifo(MEM_STYLE="...
Compiling module xil_defaultlib.top_gmem0_m_axi_srl(DATA_WIDTH=4...
Compiling module xil_defaultlib.top_gmem0_m_axi_fifo(DATA_WIDTH=...
Compiling module xil_defaultlib.top_gmem0_m_axi_reg_slice(DATA_W...
Compiling module xil_defaultlib.top_gmem0_m_axi_load(NUM_READ_OU...
Compiling module xil_defaultlib.top_gmem0_m_axi_reg_slice(DATA_W...
Compiling module xil_defaultlib.top_gmem0_m_axi_burst_sequential...
Compiling module xil_defaultlib.top_gmem0_m_axi_reg_slice(DATA_W...
Compiling module xil_defaultlib.top_gmem0_m_axi_srl(DATA_WIDTH=6...
Compiling module xil_defaultlib.top_gmem0_m_axi_fifo(DATA_WIDTH=...
Compiling module xil_defaultlib.top_gmem0_m_axi_reg_slice(DATA_W...
Compiling module xil_defaultlib.top_gmem0_m_axi_throttle(CONSERV...
Compiling module xil_defaultlib.top_gmem0_m_axi_reg_slice(DATA_W...
Compiling module xil_defaultlib.top_gmem0_m_axi_write(CONSERVATI...
Compiling module xil_defaultlib.top_gmem0_m_axi_reg_slice(DATA_W...
Compiling module xil_defaultlib.top_gmem0_m_axi_read(C_USER_VALU...
Compiling module xil_defaultlib.top_gmem0_m_axi(C_M_AXI_ADDR_WID...
Compiling module xil_defaultlib.top_gmem1_m_axi_srl(DATA_WIDTH=9...
Compiling module xil_defaultlib.top_gmem1_m_axi_fifo(DATA_WIDTH=...
Compiling module xil_defaultlib.top_gmem1_m_axi_mem(MEM_STYLE="b...
Compiling module xil_defaultlib.top_gmem1_m_axi_fifo(MEM_STYLE="...
Compiling module xil_defaultlib.top_gmem1_m_axi_srl(DATA_WIDTH=4...
Compiling module xil_defaultlib.top_gmem1_m_axi_fifo(DATA_WIDTH=...
Compiling module xil_defaultlib.top_gmem1_m_axi_reg_slice(DATA_W...
Compiling module xil_defaultlib.top_gmem1_m_axi_load(NUM_READ_OU...
Compiling module xil_defaultlib.top_gmem1_m_axi_reg_slice(DATA_W...
Compiling module xil_defaultlib.top_gmem1_m_axi_burst_sequential...
Compiling module xil_defaultlib.top_gmem1_m_axi_reg_slice(DATA_W...
Compiling module xil_defaultlib.top_gmem1_m_axi_srl(DATA_WIDTH=1...
Compiling module xil_defaultlib.top_gmem1_m_axi_fifo(DATA_WIDTH=...
Compiling module xil_defaultlib.top_gmem1_m_axi_read(C_USER_VALU...
Compiling module xil_defaultlib.top_gmem1_m_axi(C_M_AXI_ADDR_WID...
Compiling module xil_defaultlib.top
Compiling module xil_defaultlib.misc_interface_default
Compiling module xil_defaultlib.axi_if(ADDR_WIDTH=64,STRB_WIDTH=...
Compiling module xil_defaultlib.axi_if(ADDR_WIDTH=8,STRB_WIDTH=4...
Compiling module xil_defaultlib.sv_module_top
Compiling module xil_defaultlib.nodf_module_intf_default
Compiling module xil_defaultlib.seq_loop_intf(FSM_WIDTH=44)
Compiling module xil_defaultlib.upc_loop_intf(FSM_WIDTH=1)
Compiling module xil_defaultlib.dataflow_monitor_1
Compiling module xil_defaultlib.apatb_top_top
Compiling module xil_defaultlib.glbl
Built simulation snapshot top
