Copyright 1986-2022 Xilinx, Inc. All Rights Reserved. Copyright 2022-2025 Advanced Micro Devices, Inc. All Rights Reserved.
---------------------------------------------------------------------------------------------------------------------------------------------
| Tool Version : Vivado v.2025.2 (lin64) Build 6299465 Fri Nov 14 12:34:56 MST 2025
| Date         : Sat Mar  7 19:18:30 2026
| Host         : universal-constructor running 64-bit Ubuntu 24.04.3 LTS
| Command      : report_timing -max_paths 10 -file ./report/top_timing_paths_synth.rpt
| Design       : bd_0_wrapper
| Device       : 7z020-clg484
| Speed File   : -1  PRODUCTION 1.12 2019-11-22
| Design State : Synthesized
---------------------------------------------------------------------------------------------------------------------------------------------

Timing Report

Slack (MET) :             1.054ns  (required time - arrival time)
  Source:                 bd_0_i/hls_inst/inst/grp_pool_1_fu_795/grp_pool_1_Pipeline_CO_LOOP_H_LOOP_W_LOOP_fu_110/max_val_6_reg_1174_reg[0]/C
                            (rising edge-triggered cell FDRE clocked by ap_clk  {rise@0.000ns fall@5.000ns period=10.000ns})
  Destination:            bd_0_i/hls_inst/inst/grp_pool_1_fu_795/grp_pool_1_Pipeline_CO_LOOP_H_LOOP_W_LOOP_fu_110/max_val_10_reg_1225_reg[0]/D
                            (rising edge-triggered cell FDRE clocked by ap_clk  {rise@0.000ns fall@5.000ns period=10.000ns})
  Path Group:             ap_clk
  Path Type:              Setup (Max at Slow Process Corner)
  Requirement:            10.000ns  (ap_clk rise@10.000ns - ap_clk rise@0.000ns)
  Data Path Delay:        8.939ns  (logic 3.065ns (34.288%)  route 5.874ns (65.712%))
  Logic Levels:           9  (CARRY4=3 LUT3=1 LUT4=1 LUT5=2 LUT6=2)
  Clock Path Skew:        -0.049ns (DCD - SCD + CPR)
    Destination Clock Delay (DCD):    0.924ns = ( 10.924 - 10.000 ) 
    Source Clock Delay      (SCD):    0.973ns
    Clock Pessimism Removal (CPR):    0.000ns
  Clock Uncertainty:      0.035ns  ((TSJ^2 + TIJ^2)^1/2 + DJ) / 2 + PE
    Total System Jitter     (TSJ):    0.071ns
    Total Input Jitter      (TIJ):    0.000ns
    Discrete Jitter          (DJ):    0.000ns
    Phase Error              (PE):    0.000ns

    Location             Delay type                Incr(ns)  Path(ns)    Netlist Resource(s)
  -------------------------------------------------------------------    -------------------
                         (clock ap_clk rise edge)     0.000     0.000 r  
                                                      0.000     0.000 r  ap_clk (IN)
                         net (fo=7885, unset)         0.973     0.973    bd_0_i/hls_inst/inst/grp_pool_1_fu_795/grp_pool_1_Pipeline_CO_LOOP_H_LOOP_W_LOOP_fu_110/ap_clk
                         FDRE                                         r  bd_0_i/hls_inst/inst/grp_pool_1_fu_795/grp_pool_1_Pipeline_CO_LOOP_H_LOOP_W_LOOP_fu_110/max_val_6_reg_1174_reg[0]/C
  -------------------------------------------------------------------    -------------------
                         FDRE (Prop_fdre_C_Q)         0.518     1.491 f  bd_0_i/hls_inst/inst/grp_pool_1_fu_795/grp_pool_1_Pipeline_CO_LOOP_H_LOOP_W_LOOP_fu_110/max_val_6_reg_1174_reg[0]/Q
                         net (fo=3, unplaced)         0.759     2.250    bd_0_i/hls_inst/inst/grp_pool_1_fu_795/grp_pool_1_Pipeline_CO_LOOP_H_LOOP_W_LOOP_fu_110/max_val_6_reg_1174[0]
                         LUT4 (Prop_lut4_I1_O)        0.319     2.569 r  bd_0_i/hls_inst/inst/grp_pool_1_fu_795/grp_pool_1_Pipeline_CO_LOOP_H_LOOP_W_LOOP_fu_110/icmp_ln37_1_fu_900_p2_carry_i_4/O
                         net (fo=1, unplaced)         0.000     2.569    bd_0_i/hls_inst/inst/grp_pool_1_fu_795/grp_pool_1_Pipeline_CO_LOOP_H_LOOP_W_LOOP_fu_110/icmp_ln37_1_fu_900_p2_carry_i_4_n_6
                         CARRY4 (Prop_carry4_DI[0]_CO[3])
                                                      0.576     3.145 r  bd_0_i/hls_inst/inst/grp_pool_1_fu_795/grp_pool_1_Pipeline_CO_LOOP_H_LOOP_W_LOOP_fu_110/icmp_ln37_1_fu_900_p2_carry/CO[3]
                         net (fo=18, unplaced)        0.975     4.120    bd_0_i/hls_inst/inst/grp_pool_1_fu_795/grp_pool_1_Pipeline_CO_LOOP_H_LOOP_W_LOOP_fu_110/icmp_ln37_1_fu_900_p2_carry_n_6
                         LUT3 (Prop_lut3_I1_O)        0.116     4.236 f  bd_0_i/hls_inst/inst/grp_pool_1_fu_795/grp_pool_1_Pipeline_CO_LOOP_H_LOOP_W_LOOP_fu_110/max_val_10_reg_1225[2]_i_3/O
                         net (fo=5, unplaced)         0.477     4.713    bd_0_i/hls_inst/inst/grp_pool_1_fu_795/grp_pool_1_Pipeline_CO_LOOP_H_LOOP_W_LOOP_fu_110/max_val_10_reg_1225[2]_i_3_n_6
                         LUT6 (Prop_lut6_I1_O)        0.124     4.837 r  bd_0_i/hls_inst/inst/grp_pool_1_fu_795/grp_pool_1_Pipeline_CO_LOOP_H_LOOP_W_LOOP_fu_110/icmp_ln37_2_fu_915_p2_carry_i_3/O
                         net (fo=1, unplaced)         0.639     5.476    bd_0_i/hls_inst/inst/grp_pool_1_fu_795/grp_pool_1_Pipeline_CO_LOOP_H_LOOP_W_LOOP_fu_110/icmp_ln37_2_fu_915_p2_carry_i_3_n_6
                         CARRY4 (Prop_carry4_DI[1]_CO[3])
                                                      0.520     5.996 r  bd_0_i/hls_inst/inst/grp_pool_1_fu_795/grp_pool_1_Pipeline_CO_LOOP_H_LOOP_W_LOOP_fu_110/icmp_ln37_2_fu_915_p2_carry/CO[3]
                         net (fo=16, unplaced)        0.972     6.968    bd_0_i/hls_inst/inst/grp_pool_1_fu_795/grp_pool_1_Pipeline_CO_LOOP_H_LOOP_W_LOOP_fu_110/icmp_ln37_2_fu_915_p2_carry_n_6
                         LUT5 (Prop_lut5_I1_O)        0.124     7.092 f  bd_0_i/hls_inst/inst/grp_pool_1_fu_795/grp_pool_1_Pipeline_CO_LOOP_H_LOOP_W_LOOP_fu_110/max_val_10_reg_1225[3]_i_3/O
                         net (fo=2, unplaced)         0.460     7.552    bd_0_i/hls_inst/inst/grp_pool_1_fu_795/grp_pool_1_Pipeline_CO_LOOP_H_LOOP_W_LOOP_fu_110/p_0_in0_in[3]
                         LUT6 (Prop_lut6_I4_O)        0.124     7.676 r  bd_0_i/hls_inst/inst/grp_pool_1_fu_795/grp_pool_1_Pipeline_CO_LOOP_H_LOOP_W_LOOP_fu_110/icmp_ln37_3_fu_962_p2_carry_i_3/O
                         net (fo=1, unplaced)         0.639     8.315    bd_0_i/hls_inst/inst/grp_pool_1_fu_795/grp_pool_1_Pipeline_CO_LOOP_H_LOOP_W_LOOP_fu_110/icmp_ln37_3_fu_962_p2_carry_i_3_n_6
                         CARRY4 (Prop_carry4_DI[1]_CO[3])
                                                      0.520     8.835 r  bd_0_i/hls_inst/inst/grp_pool_1_fu_795/grp_pool_1_Pipeline_CO_LOOP_H_LOOP_W_LOOP_fu_110/icmp_ln37_3_fu_962_p2_carry/CO[3]
                         net (fo=7, unplaced)         0.953     9.788    bd_0_i/hls_inst/inst/grp_pool_1_fu_795/grp_pool_1_Pipeline_CO_LOOP_H_LOOP_W_LOOP_fu_110/icmp_ln37_3_fu_962_p2_carry_n_6
                         LUT5 (Prop_lut5_I1_O)        0.124     9.912 r  bd_0_i/hls_inst/inst/grp_pool_1_fu_795/grp_pool_1_Pipeline_CO_LOOP_H_LOOP_W_LOOP_fu_110/max_val_10_reg_1225[0]_i_1/O
                         net (fo=1, unplaced)         0.000     9.912    bd_0_i/hls_inst/inst/grp_pool_1_fu_795/grp_pool_1_Pipeline_CO_LOOP_H_LOOP_W_LOOP_fu_110/max_val_10_fu_968_p3[0]
                         FDRE                                         r  bd_0_i/hls_inst/inst/grp_pool_1_fu_795/grp_pool_1_Pipeline_CO_LOOP_H_LOOP_W_LOOP_fu_110/max_val_10_reg_1225_reg[0]/D
  -------------------------------------------------------------------    -------------------

                         (clock ap_clk rise edge)    10.000    10.000 r  
                                                      0.000    10.000 r  ap_clk (IN)
                         net (fo=7885, unset)         0.924    10.924    bd_0_i/hls_inst/inst/grp_pool_1_fu_795/grp_pool_1_Pipeline_CO_LOOP_H_LOOP_W_LOOP_fu_110/ap_clk
                         FDRE                                         r  bd_0_i/hls_inst/inst/grp_pool_1_fu_795/grp_pool_1_Pipeline_CO_LOOP_H_LOOP_W_LOOP_fu_110/max_val_10_reg_1225_reg[0]/C
                         clock pessimism              0.000    10.924    
                         clock uncertainty           -0.035    10.889    
                         FDRE (Setup_fdre_C_D)        0.077    10.966    bd_0_i/hls_inst/inst/grp_pool_1_fu_795/grp_pool_1_Pipeline_CO_LOOP_H_LOOP_W_LOOP_fu_110/max_val_10_reg_1225_reg[0]
  -------------------------------------------------------------------
                         required time                         10.966    
                         arrival time                          -9.912    
  -------------------------------------------------------------------
                         slack                                  1.054    

Slack (MET) :             1.054ns  (required time - arrival time)
  Source:                 bd_0_i/hls_inst/inst/grp_pool_1_fu_795/grp_pool_1_Pipeline_CO_LOOP_H_LOOP_W_LOOP_fu_110/max_val_6_reg_1174_reg[0]/C
                            (rising edge-triggered cell FDRE clocked by ap_clk  {rise@0.000ns fall@5.000ns period=10.000ns})
  Destination:            bd_0_i/hls_inst/inst/grp_pool_1_fu_795/grp_pool_1_Pipeline_CO_LOOP_H_LOOP_W_LOOP_fu_110/max_val_10_reg_1225_reg[1]/D
                            (rising edge-triggered cell FDRE clocked by ap_clk  {rise@0.000ns fall@5.000ns period=10.000ns})
  Path Group:             ap_clk
  Path Type:              Setup (Max at Slow Process Corner)
  Requirement:            10.000ns  (ap_clk rise@10.000ns - ap_clk rise@0.000ns)
  Data Path Delay:        8.939ns  (logic 3.065ns (34.288%)  route 5.874ns (65.712%))
  Logic Levels:           9  (CARRY4=3 LUT3=2 LUT4=1 LUT5=1 LUT6=2)
  Clock Path Skew:        -0.049ns (DCD - SCD + CPR)
    Destination Clock Delay (DCD):    0.924ns = ( 10.924 - 10.000 ) 
    Source Clock Delay      (SCD):    0.973ns
    Clock Pessimism Removal (CPR):    0.000ns
  Clock Uncertainty:      0.035ns  ((TSJ^2 + TIJ^2)^1/2 + DJ) / 2 + PE
    Total System Jitter     (TSJ):    0.071ns
    Total Input Jitter      (TIJ):    0.000ns
    Discrete Jitter          (DJ):    0.000ns
    Phase Error              (PE):    0.000ns

    Location             Delay type                Incr(ns)  Path(ns)    Netlist Resource(s)
  -------------------------------------------------------------------    -------------------
                         (clock ap_clk rise edge)     0.000     0.000 r  
                                                      0.000     0.000 r  ap_clk (IN)
                         net (fo=7885, unset)         0.973     0.973    bd_0_i/hls_inst/inst/grp_pool_1_fu_795/grp_pool_1_Pipeline_CO_LOOP_H_LOOP_W_LOOP_fu_110/ap_clk
                         FDRE                                         r  bd_0_i/hls_inst/inst/grp_pool_1_fu_795/grp_pool_1_Pipeline_CO_LOOP_H_LOOP_W_LOOP_fu_110/max_val_6_reg_1174_reg[0]/C
  -------------------------------------------------------------------    -------------------
                         FDRE (Prop_fdre_C_Q)         0.518     1.491 f  bd_0_i/hls_inst/inst/grp_pool_1_fu_795/grp_pool_1_Pipeline_CO_LOOP_H_LOOP_W_LOOP_fu_110/max_val_6_reg_1174_reg[0]/Q
                         net (fo=3, unplaced)         0.759     2.250    bd_0_i/hls_inst/inst/grp_pool_1_fu_795/grp_pool_1_Pipeline_CO_LOOP_H_LOOP_W_LOOP_fu_110/max_val_6_reg_1174[0]
                         LUT4 (Prop_lut4_I1_O)        0.319     2.569 r  bd_0_i/hls_inst/inst/grp_pool_1_fu_795/grp_pool_1_Pipeline_CO_LOOP_H_LOOP_W_LOOP_fu_110/icmp_ln37_1_fu_900_p2_carry_i_4/O
                         net (fo=1, unplaced)         0.000     2.569    bd_0_i/hls_inst/inst/grp_pool_1_fu_795/grp_pool_1_Pipeline_CO_LOOP_H_LOOP_W_LOOP_fu_110/icmp_ln37_1_fu_900_p2_carry_i_4_n_6
                         CARRY4 (Prop_carry4_DI[0]_CO[3])
                                                      0.576     3.145 r  bd_0_i/hls_inst/inst/grp_pool_1_fu_795/grp_pool_1_Pipeline_CO_LOOP_H_LOOP_W_LOOP_fu_110/icmp_ln37_1_fu_900_p2_carry/CO[3]
                         net (fo=18, unplaced)        0.975     4.120    bd_0_i/hls_inst/inst/grp_pool_1_fu_795/grp_pool_1_Pipeline_CO_LOOP_H_LOOP_W_LOOP_fu_110/icmp_ln37_1_fu_900_p2_carry_n_6
                         LUT3 (Prop_lut3_I1_O)        0.116     4.236 f  bd_0_i/hls_inst/inst/grp_pool_1_fu_795/grp_pool_1_Pipeline_CO_LOOP_H_LOOP_W_LOOP_fu_110/max_val_10_reg_1225[2]_i_3/O
                         net (fo=5, unplaced)         0.477     4.713    bd_0_i/hls_inst/inst/grp_pool_1_fu_795/grp_pool_1_Pipeline_CO_LOOP_H_LOOP_W_LOOP_fu_110/max_val_10_reg_1225[2]_i_3_n_6
                         LUT6 (Prop_lut6_I1_O)        0.124     4.837 r  bd_0_i/hls_inst/inst/grp_pool_1_fu_795/grp_pool_1_Pipeline_CO_LOOP_H_LOOP_W_LOOP_fu_110/icmp_ln37_2_fu_915_p2_carry_i_3/O
                         net (fo=1, unplaced)         0.639     5.476    bd_0_i/hls_inst/inst/grp_pool_1_fu_795/grp_pool_1_Pipeline_CO_LOOP_H_LOOP_W_LOOP_fu_110/icmp_ln37_2_fu_915_p2_carry_i_3_n_6
                         CARRY4 (Prop_carry4_DI[1]_CO[3])
                                                      0.520     5.996 r  bd_0_i/hls_inst/inst/grp_pool_1_fu_795/grp_pool_1_Pipeline_CO_LOOP_H_LOOP_W_LOOP_fu_110/icmp_ln37_2_fu_915_p2_carry/CO[3]
                         net (fo=16, unplaced)        0.972     6.968    bd_0_i/hls_inst/inst/grp_pool_1_fu_795/grp_pool_1_Pipeline_CO_LOOP_H_LOOP_W_LOOP_fu_110/icmp_ln37_2_fu_915_p2_carry_n_6
                         LUT5 (Prop_lut5_I1_O)        0.124     7.092 f  bd_0_i/hls_inst/inst/grp_pool_1_fu_795/grp_pool_1_Pipeline_CO_LOOP_H_LOOP_W_LOOP_fu_110/max_val_10_reg_1225[3]_i_3/O
                         net (fo=2, unplaced)         0.460     7.552    bd_0_i/hls_inst/inst/grp_pool_1_fu_795/grp_pool_1_Pipeline_CO_LOOP_H_LOOP_W_LOOP_fu_110/p_0_in0_in[3]
                         LUT6 (Prop_lut6_I4_O)        0.124     7.676 r  bd_0_i/hls_inst/inst/grp_pool_1_fu_795/grp_pool_1_Pipeline_CO_LOOP_H_LOOP_W_LOOP_fu_110/icmp_ln37_3_fu_962_p2_carry_i_3/O
                         net (fo=1, unplaced)         0.639     8.315    bd_0_i/hls_inst/inst/grp_pool_1_fu_795/grp_pool_1_Pipeline_CO_LOOP_H_LOOP_W_LOOP_fu_110/icmp_ln37_3_fu_962_p2_carry_i_3_n_6
                         CARRY4 (Prop_carry4_DI[1]_CO[3])
                                                      0.520     8.835 r  bd_0_i/hls_inst/inst/grp_pool_1_fu_795/grp_pool_1_Pipeline_CO_LOOP_H_LOOP_W_LOOP_fu_110/icmp_ln37_3_fu_962_p2_carry/CO[3]
                         net (fo=7, unplaced)         0.953     9.788    bd_0_i/hls_inst/inst/grp_pool_1_fu_795/grp_pool_1_Pipeline_CO_LOOP_H_LOOP_W_LOOP_fu_110/icmp_ln37_3_fu_962_p2_carry_n_6
                         LUT3 (Prop_lut3_I1_O)        0.124     9.912 r  bd_0_i/hls_inst/inst/grp_pool_1_fu_795/grp_pool_1_Pipeline_CO_LOOP_H_LOOP_W_LOOP_fu_110/max_val_10_reg_1225[1]_i_1/O
                         net (fo=1, unplaced)         0.000     9.912    bd_0_i/hls_inst/inst/grp_pool_1_fu_795/grp_pool_1_Pipeline_CO_LOOP_H_LOOP_W_LOOP_fu_110/max_val_10_fu_968_p3[1]
                         FDRE                                         r  bd_0_i/hls_inst/inst/grp_pool_1_fu_795/grp_pool_1_Pipeline_CO_LOOP_H_LOOP_W_LOOP_fu_110/max_val_10_reg_1225_reg[1]/D
  -------------------------------------------------------------------    -------------------

                         (clock ap_clk rise edge)    10.000    10.000 r  
                                                      0.000    10.000 r  ap_clk (IN)
                         net (fo=7885, unset)         0.924    10.924    bd_0_i/hls_inst/inst/grp_pool_1_fu_795/grp_pool_1_Pipeline_CO_LOOP_H_LOOP_W_LOOP_fu_110/ap_clk
                         FDRE                                         r  bd_0_i/hls_inst/inst/grp_pool_1_fu_795/grp_pool_1_Pipeline_CO_LOOP_H_LOOP_W_LOOP_fu_110/max_val_10_reg_1225_reg[1]/C
                         clock pessimism              0.000    10.924    
                         clock uncertainty           -0.035    10.889    
                         FDRE (Setup_fdre_C_D)        0.077    10.966    bd_0_i/hls_inst/inst/grp_pool_1_fu_795/grp_pool_1_Pipeline_CO_LOOP_H_LOOP_W_LOOP_fu_110/max_val_10_reg_1225_reg[1]
  -------------------------------------------------------------------
                         required time                         10.966    
                         arrival time                          -9.912    
  -------------------------------------------------------------------
                         slack                                  1.054    

Slack (MET) :             1.054ns  (required time - arrival time)
  Source:                 bd_0_i/hls_inst/inst/grp_pool_1_fu_795/grp_pool_1_Pipeline_CO_LOOP_H_LOOP_W_LOOP_fu_110/max_val_6_reg_1174_reg[0]/C
                            (rising edge-triggered cell FDRE clocked by ap_clk  {rise@0.000ns fall@5.000ns period=10.000ns})
  Destination:            bd_0_i/hls_inst/inst/grp_pool_1_fu_795/grp_pool_1_Pipeline_CO_LOOP_H_LOOP_W_LOOP_fu_110/max_val_10_reg_1225_reg[2]/D
                            (rising edge-triggered cell FDRE clocked by ap_clk  {rise@0.000ns fall@5.000ns period=10.000ns})
  Path Group:             ap_clk
  Path Type:              Setup (Max at Slow Process Corner)
  Requirement:            10.000ns  (ap_clk rise@10.000ns - ap_clk rise@0.000ns)
  Data Path Delay:        8.939ns  (logic 3.065ns (34.288%)  route 5.874ns (65.712%))
  Logic Levels:           9  (CARRY4=3 LUT3=1 LUT4=1 LUT5=2 LUT6=2)
  Clock Path Skew:        -0.049ns (DCD - SCD + CPR)
    Destination Clock Delay (DCD):    0.924ns = ( 10.924 - 10.000 ) 
    Source Clock Delay      (SCD):    0.973ns
    Clock Pessimism Removal (CPR):    0.000ns
  Clock Uncertainty:      0.035ns  ((TSJ^2 + TIJ^2)^1/2 + DJ) / 2 + PE
    Total System Jitter     (TSJ):    0.071ns
    Total Input Jitter      (TIJ):    0.000ns
    Discrete Jitter          (DJ):    0.000ns
    Phase Error              (PE):    0.000ns

    Location             Delay type                Incr(ns)  Path(ns)    Netlist Resource(s)
  -------------------------------------------------------------------    -------------------
                         (clock ap_clk rise edge)     0.000     0.000 r  
                                                      0.000     0.000 r  ap_clk (IN)
                         net (fo=7885, unset)         0.973     0.973    bd_0_i/hls_inst/inst/grp_pool_1_fu_795/grp_pool_1_Pipeline_CO_LOOP_H_LOOP_W_LOOP_fu_110/ap_clk
                         FDRE                                         r  bd_0_i/hls_inst/inst/grp_pool_1_fu_795/grp_pool_1_Pipeline_CO_LOOP_H_LOOP_W_LOOP_fu_110/max_val_6_reg_1174_reg[0]/C
  -------------------------------------------------------------------    -------------------
                         FDRE (Prop_fdre_C_Q)         0.518     1.491 f  bd_0_i/hls_inst/inst/grp_pool_1_fu_795/grp_pool_1_Pipeline_CO_LOOP_H_LOOP_W_LOOP_fu_110/max_val_6_reg_1174_reg[0]/Q
                         net (fo=3, unplaced)         0.759     2.250    bd_0_i/hls_inst/inst/grp_pool_1_fu_795/grp_pool_1_Pipeline_CO_LOOP_H_LOOP_W_LOOP_fu_110/max_val_6_reg_1174[0]
                         LUT4 (Prop_lut4_I1_O)        0.319     2.569 r  bd_0_i/hls_inst/inst/grp_pool_1_fu_795/grp_pool_1_Pipeline_CO_LOOP_H_LOOP_W_LOOP_fu_110/icmp_ln37_1_fu_900_p2_carry_i_4/O
                         net (fo=1, unplaced)         0.000     2.569    bd_0_i/hls_inst/inst/grp_pool_1_fu_795/grp_pool_1_Pipeline_CO_LOOP_H_LOOP_W_LOOP_fu_110/icmp_ln37_1_fu_900_p2_carry_i_4_n_6
                         CARRY4 (Prop_carry4_DI[0]_CO[3])
                                                      0.576     3.145 r  bd_0_i/hls_inst/inst/grp_pool_1_fu_795/grp_pool_1_Pipeline_CO_LOOP_H_LOOP_W_LOOP_fu_110/icmp_ln37_1_fu_900_p2_carry/CO[3]
                         net (fo=18, unplaced)        0.975     4.120    bd_0_i/hls_inst/inst/grp_pool_1_fu_795/grp_pool_1_Pipeline_CO_LOOP_H_LOOP_W_LOOP_fu_110/icmp_ln37_1_fu_900_p2_carry_n_6
                         LUT3 (Prop_lut3_I1_O)        0.116     4.236 f  bd_0_i/hls_inst/inst/grp_pool_1_fu_795/grp_pool_1_Pipeline_CO_LOOP_H_LOOP_W_LOOP_fu_110/max_val_10_reg_1225[2]_i_3/O
                         net (fo=5, unplaced)         0.477     4.713    bd_0_i/hls_inst/inst/grp_pool_1_fu_795/grp_pool_1_Pipeline_CO_LOOP_H_LOOP_W_LOOP_fu_110/max_val_10_reg_1225[2]_i_3_n_6
                         LUT6 (Prop_lut6_I1_O)        0.124     4.837 r  bd_0_i/hls_inst/inst/grp_pool_1_fu_795/grp_pool_1_Pipeline_CO_LOOP_H_LOOP_W_LOOP_fu_110/icmp_ln37_2_fu_915_p2_carry_i_3/O
                         net (fo=1, unplaced)         0.639     5.476    bd_0_i/hls_inst/inst/grp_pool_1_fu_795/grp_pool_1_Pipeline_CO_LOOP_H_LOOP_W_LOOP_fu_110/icmp_ln37_2_fu_915_p2_carry_i_3_n_6
                         CARRY4 (Prop_carry4_DI[1]_CO[3])
                                                      0.520     5.996 r  bd_0_i/hls_inst/inst/grp_pool_1_fu_795/grp_pool_1_Pipeline_CO_LOOP_H_LOOP_W_LOOP_fu_110/icmp_ln37_2_fu_915_p2_carry/CO[3]
                         net (fo=16, unplaced)        0.972     6.968    bd_0_i/hls_inst/inst/grp_pool_1_fu_795/grp_pool_1_Pipeline_CO_LOOP_H_LOOP_W_LOOP_fu_110/icmp_ln37_2_fu_915_p2_carry_n_6
                         LUT5 (Prop_lut5_I1_O)        0.124     7.092 f  bd_0_i/hls_inst/inst/grp_pool_1_fu_795/grp_pool_1_Pipeline_CO_LOOP_H_LOOP_W_LOOP_fu_110/max_val_10_reg_1225[3]_i_3/O
                         net (fo=2, unplaced)         0.460     7.552    bd_0_i/hls_inst/inst/grp_pool_1_fu_795/grp_pool_1_Pipeline_CO_LOOP_H_LOOP_W_LOOP_fu_110/p_0_in0_in[3]
                         LUT6 (Prop_lut6_I4_O)        0.124     7.676 r  bd_0_i/hls_inst/inst/grp_pool_1_fu_795/grp_pool_1_Pipeline_CO_LOOP_H_LOOP_W_LOOP_fu_110/icmp_ln37_3_fu_962_p2_carry_i_3/O
                         net (fo=1, unplaced)         0.639     8.315    bd_0_i/hls_inst/inst/grp_pool_1_fu_795/grp_pool_1_Pipeline_CO_LOOP_H_LOOP_W_LOOP_fu_110/icmp_ln37_3_fu_962_p2_carry_i_3_n_6
                         CARRY4 (Prop_carry4_DI[1]_CO[3])
                                                      0.520     8.835 r  bd_0_i/hls_inst/inst/grp_pool_1_fu_795/grp_pool_1_Pipeline_CO_LOOP_H_LOOP_W_LOOP_fu_110/icmp_ln37_3_fu_962_p2_carry/CO[3]
                         net (fo=7, unplaced)         0.953     9.788    bd_0_i/hls_inst/inst/grp_pool_1_fu_795/grp_pool_1_Pipeline_CO_LOOP_H_LOOP_W_LOOP_fu_110/icmp_ln37_3_fu_962_p2_carry_n_6
                         LUT5 (Prop_lut5_I1_O)        0.124     9.912 r  bd_0_i/hls_inst/inst/grp_pool_1_fu_795/grp_pool_1_Pipeline_CO_LOOP_H_LOOP_W_LOOP_fu_110/max_val_10_reg_1225[2]_i_1/O
                         net (fo=1, unplaced)         0.000     9.912    bd_0_i/hls_inst/inst/grp_pool_1_fu_795/grp_pool_1_Pipeline_CO_LOOP_H_LOOP_W_LOOP_fu_110/max_val_10_fu_968_p3[2]
                         FDRE                                         r  bd_0_i/hls_inst/inst/grp_pool_1_fu_795/grp_pool_1_Pipeline_CO_LOOP_H_LOOP_W_LOOP_fu_110/max_val_10_reg_1225_reg[2]/D
  -------------------------------------------------------------------    -------------------

                         (clock ap_clk rise edge)    10.000    10.000 r  
                                                      0.000    10.000 r  ap_clk (IN)
                         net (fo=7885, unset)         0.924    10.924    bd_0_i/hls_inst/inst/grp_pool_1_fu_795/grp_pool_1_Pipeline_CO_LOOP_H_LOOP_W_LOOP_fu_110/ap_clk
                         FDRE                                         r  bd_0_i/hls_inst/inst/grp_pool_1_fu_795/grp_pool_1_Pipeline_CO_LOOP_H_LOOP_W_LOOP_fu_110/max_val_10_reg_1225_reg[2]/C
                         clock pessimism              0.000    10.924    
                         clock uncertainty           -0.035    10.889    
                         FDRE (Setup_fdre_C_D)        0.077    10.966    bd_0_i/hls_inst/inst/grp_pool_1_fu_795/grp_pool_1_Pipeline_CO_LOOP_H_LOOP_W_LOOP_fu_110/max_val_10_reg_1225_reg[2]
  -------------------------------------------------------------------
                         required time                         10.966    
                         arrival time                          -9.912    
  -------------------------------------------------------------------
                         slack                                  1.054    

Slack (MET) :             1.054ns  (required time - arrival time)
  Source:                 bd_0_i/hls_inst/inst/grp_pool_1_fu_795/grp_pool_1_Pipeline_CO_LOOP_H_LOOP_W_LOOP_fu_110/max_val_6_reg_1174_reg[0]/C
                            (rising edge-triggered cell FDRE clocked by ap_clk  {rise@0.000ns fall@5.000ns period=10.000ns})
  Destination:            bd_0_i/hls_inst/inst/grp_pool_1_fu_795/grp_pool_1_Pipeline_CO_LOOP_H_LOOP_W_LOOP_fu_110/max_val_10_reg_1225_reg[4]/D
                            (rising edge-triggered cell FDRE clocked by ap_clk  {rise@0.000ns fall@5.000ns period=10.000ns})
  Path Group:             ap_clk
  Path Type:              Setup (Max at Slow Process Corner)
  Requirement:            10.000ns  (ap_clk rise@10.000ns - ap_clk rise@0.000ns)
  Data Path Delay:        8.939ns  (logic 3.065ns (34.288%)  route 5.874ns (65.712%))
  Logic Levels:           9  (CARRY4=3 LUT3=1 LUT4=1 LUT5=2 LUT6=2)
  Clock Path Skew:        -0.049ns (DCD - SCD + CPR)
    Destination Clock Delay (DCD):    0.924ns = ( 10.924 - 10.000 ) 
    Source Clock Delay      (SCD):    0.973ns
    Clock Pessimism Removal (CPR):    0.000ns
  Clock Uncertainty:      0.035ns  ((TSJ^2 + TIJ^2)^1/2 + DJ) / 2 + PE
    Total System Jitter     (TSJ):    0.071ns
    Total Input Jitter      (TIJ):    0.000ns
    Discrete Jitter          (DJ):    0.000ns
    Phase Error              (PE):    0.000ns

    Location             Delay type                Incr(ns)  Path(ns)    Netlist Resource(s)
  -------------------------------------------------------------------    -------------------
                         (clock ap_clk rise edge)     0.000     0.000 r  
                                                      0.000     0.000 r  ap_clk (IN)
                         net (fo=7885, unset)         0.973     0.973    bd_0_i/hls_inst/inst/grp_pool_1_fu_795/grp_pool_1_Pipeline_CO_LOOP_H_LOOP_W_LOOP_fu_110/ap_clk
                         FDRE                                         r  bd_0_i/hls_inst/inst/grp_pool_1_fu_795/grp_pool_1_Pipeline_CO_LOOP_H_LOOP_W_LOOP_fu_110/max_val_6_reg_1174_reg[0]/C
  -------------------------------------------------------------------    -------------------
                         FDRE (Prop_fdre_C_Q)         0.518     1.491 f  bd_0_i/hls_inst/inst/grp_pool_1_fu_795/grp_pool_1_Pipeline_CO_LOOP_H_LOOP_W_LOOP_fu_110/max_val_6_reg_1174_reg[0]/Q
                         net (fo=3, unplaced)         0.759     2.250    bd_0_i/hls_inst/inst/grp_pool_1_fu_795/grp_pool_1_Pipeline_CO_LOOP_H_LOOP_W_LOOP_fu_110/max_val_6_reg_1174[0]
                         LUT4 (Prop_lut4_I1_O)        0.319     2.569 r  bd_0_i/hls_inst/inst/grp_pool_1_fu_795/grp_pool_1_Pipeline_CO_LOOP_H_LOOP_W_LOOP_fu_110/icmp_ln37_1_fu_900_p2_carry_i_4/O
                         net (fo=1, unplaced)         0.000     2.569    bd_0_i/hls_inst/inst/grp_pool_1_fu_795/grp_pool_1_Pipeline_CO_LOOP_H_LOOP_W_LOOP_fu_110/icmp_ln37_1_fu_900_p2_carry_i_4_n_6
                         CARRY4 (Prop_carry4_DI[0]_CO[3])
                                                      0.576     3.145 r  bd_0_i/hls_inst/inst/grp_pool_1_fu_795/grp_pool_1_Pipeline_CO_LOOP_H_LOOP_W_LOOP_fu_110/icmp_ln37_1_fu_900_p2_carry/CO[3]
                         net (fo=18, unplaced)        0.975     4.120    bd_0_i/hls_inst/inst/grp_pool_1_fu_795/grp_pool_1_Pipeline_CO_LOOP_H_LOOP_W_LOOP_fu_110/icmp_ln37_1_fu_900_p2_carry_n_6
                         LUT3 (Prop_lut3_I1_O)        0.116     4.236 f  bd_0_i/hls_inst/inst/grp_pool_1_fu_795/grp_pool_1_Pipeline_CO_LOOP_H_LOOP_W_LOOP_fu_110/max_val_10_reg_1225[2]_i_3/O
                         net (fo=5, unplaced)         0.477     4.713    bd_0_i/hls_inst/inst/grp_pool_1_fu_795/grp_pool_1_Pipeline_CO_LOOP_H_LOOP_W_LOOP_fu_110/max_val_10_reg_1225[2]_i_3_n_6
                         LUT6 (Prop_lut6_I1_O)        0.124     4.837 r  bd_0_i/hls_inst/inst/grp_pool_1_fu_795/grp_pool_1_Pipeline_CO_LOOP_H_LOOP_W_LOOP_fu_110/icmp_ln37_2_fu_915_p2_carry_i_3/O
                         net (fo=1, unplaced)         0.639     5.476    bd_0_i/hls_inst/inst/grp_pool_1_fu_795/grp_pool_1_Pipeline_CO_LOOP_H_LOOP_W_LOOP_fu_110/icmp_ln37_2_fu_915_p2_carry_i_3_n_6
                         CARRY4 (Prop_carry4_DI[1]_CO[3])
                                                      0.520     5.996 r  bd_0_i/hls_inst/inst/grp_pool_1_fu_795/grp_pool_1_Pipeline_CO_LOOP_H_LOOP_W_LOOP_fu_110/icmp_ln37_2_fu_915_p2_carry/CO[3]
                         net (fo=16, unplaced)        0.972     6.968    bd_0_i/hls_inst/inst/grp_pool_1_fu_795/grp_pool_1_Pipeline_CO_LOOP_H_LOOP_W_LOOP_fu_110/icmp_ln37_2_fu_915_p2_carry_n_6
                         LUT5 (Prop_lut5_I1_O)        0.124     7.092 f  bd_0_i/hls_inst/inst/grp_pool_1_fu_795/grp_pool_1_Pipeline_CO_LOOP_H_LOOP_W_LOOP_fu_110/max_val_10_reg_1225[3]_i_3/O
                         net (fo=2, unplaced)         0.460     7.552    bd_0_i/hls_inst/inst/grp_pool_1_fu_795/grp_pool_1_Pipeline_CO_LOOP_H_LOOP_W_LOOP_fu_110/p_0_in0_in[3]
                         LUT6 (Prop_lut6_I4_O)        0.124     7.676 r  bd_0_i/hls_inst/inst/grp_pool_1_fu_795/grp_pool_1_Pipeline_CO_LOOP_H_LOOP_W_LOOP_fu_110/icmp_ln37_3_fu_962_p2_carry_i_3/O
                         net (fo=1, unplaced)         0.639     8.315    bd_0_i/hls_inst/inst/grp_pool_1_fu_795/grp_pool_1_Pipeline_CO_LOOP_H_LOOP_W_LOOP_fu_110/icmp_ln37_3_fu_962_p2_carry_i_3_n_6
                         CARRY4 (Prop_carry4_DI[1]_CO[3])
                                                      0.520     8.835 r  bd_0_i/hls_inst/inst/grp_pool_1_fu_795/grp_pool_1_Pipeline_CO_LOOP_H_LOOP_W_LOOP_fu_110/icmp_ln37_3_fu_962_p2_carry/CO[3]
                         net (fo=7, unplaced)         0.953     9.788    bd_0_i/hls_inst/inst/grp_pool_1_fu_795/grp_pool_1_Pipeline_CO_LOOP_H_LOOP_W_LOOP_fu_110/icmp_ln37_3_fu_962_p2_carry_n_6
                         LUT5 (Prop_lut5_I1_O)        0.124     9.912 r  bd_0_i/hls_inst/inst/grp_pool_1_fu_795/grp_pool_1_Pipeline_CO_LOOP_H_LOOP_W_LOOP_fu_110/max_val_10_reg_1225[4]_i_1/O
                         net (fo=1, unplaced)         0.000     9.912    bd_0_i/hls_inst/inst/grp_pool_1_fu_795/grp_pool_1_Pipeline_CO_LOOP_H_LOOP_W_LOOP_fu_110/max_val_10_fu_968_p3[4]
                         FDRE                                         r  bd_0_i/hls_inst/inst/grp_pool_1_fu_795/grp_pool_1_Pipeline_CO_LOOP_H_LOOP_W_LOOP_fu_110/max_val_10_reg_1225_reg[4]/D
  -------------------------------------------------------------------    -------------------

                         (clock ap_clk rise edge)    10.000    10.000 r  
                                                      0.000    10.000 r  ap_clk (IN)
                         net (fo=7885, unset)         0.924    10.924    bd_0_i/hls_inst/inst/grp_pool_1_fu_795/grp_pool_1_Pipeline_CO_LOOP_H_LOOP_W_LOOP_fu_110/ap_clk
                         FDRE                                         r  bd_0_i/hls_inst/inst/grp_pool_1_fu_795/grp_pool_1_Pipeline_CO_LOOP_H_LOOP_W_LOOP_fu_110/max_val_10_reg_1225_reg[4]/C
                         clock pessimism              0.000    10.924    
                         clock uncertainty           -0.035    10.889    
                         FDRE (Setup_fdre_C_D)        0.077    10.966    bd_0_i/hls_inst/inst/grp_pool_1_fu_795/grp_pool_1_Pipeline_CO_LOOP_H_LOOP_W_LOOP_fu_110/max_val_10_reg_1225_reg[4]
  -------------------------------------------------------------------
                         required time                         10.966    
                         arrival time                          -9.912    
  -------------------------------------------------------------------
                         slack                                  1.054    

Slack (MET) :             1.054ns  (required time - arrival time)
  Source:                 bd_0_i/hls_inst/inst/grp_pool_1_fu_795/grp_pool_1_Pipeline_CO_LOOP_H_LOOP_W_LOOP_fu_110/max_val_6_reg_1174_reg[0]/C
                            (rising edge-triggered cell FDRE clocked by ap_clk  {rise@0.000ns fall@5.000ns period=10.000ns})
  Destination:            bd_0_i/hls_inst/inst/grp_pool_1_fu_795/grp_pool_1_Pipeline_CO_LOOP_H_LOOP_W_LOOP_fu_110/max_val_10_reg_1225_reg[5]/D
                            (rising edge-triggered cell FDRE clocked by ap_clk  {rise@0.000ns fall@5.000ns period=10.000ns})
  Path Group:             ap_clk
  Path Type:              Setup (Max at Slow Process Corner)
  Requirement:            10.000ns  (ap_clk rise@10.000ns - ap_clk rise@0.000ns)
  Data Path Delay:        8.939ns  (logic 3.065ns (34.288%)  route 5.874ns (65.712%))
  Logic Levels:           9  (CARRY4=3 LUT3=2 LUT4=1 LUT5=1 LUT6=2)
  Clock Path Skew:        -0.049ns (DCD - SCD + CPR)
    Destination Clock Delay (DCD):    0.924ns = ( 10.924 - 10.000 ) 
    Source Clock Delay      (SCD):    0.973ns
    Clock Pessimism Removal (CPR):    0.000ns
  Clock Uncertainty:      0.035ns  ((TSJ^2 + TIJ^2)^1/2 + DJ) / 2 + PE
    Total System Jitter     (TSJ):    0.071ns
    Total Input Jitter      (TIJ):    0.000ns
    Discrete Jitter          (DJ):    0.000ns
    Phase Error              (PE):    0.000ns

    Location             Delay type                Incr(ns)  Path(ns)    Netlist Resource(s)
  -------------------------------------------------------------------    -------------------
                         (clock ap_clk rise edge)     0.000     0.000 r  
                                                      0.000     0.000 r  ap_clk (IN)
                         net (fo=7885, unset)         0.973     0.973    bd_0_i/hls_inst/inst/grp_pool_1_fu_795/grp_pool_1_Pipeline_CO_LOOP_H_LOOP_W_LOOP_fu_110/ap_clk
                         FDRE                                         r  bd_0_i/hls_inst/inst/grp_pool_1_fu_795/grp_pool_1_Pipeline_CO_LOOP_H_LOOP_W_LOOP_fu_110/max_val_6_reg_1174_reg[0]/C
  -------------------------------------------------------------------    -------------------
                         FDRE (Prop_fdre_C_Q)         0.518     1.491 f  bd_0_i/hls_inst/inst/grp_pool_1_fu_795/grp_pool_1_Pipeline_CO_LOOP_H_LOOP_W_LOOP_fu_110/max_val_6_reg_1174_reg[0]/Q
                         net (fo=3, unplaced)         0.759     2.250    bd_0_i/hls_inst/inst/grp_pool_1_fu_795/grp_pool_1_Pipeline_CO_LOOP_H_LOOP_W_LOOP_fu_110/max_val_6_reg_1174[0]
                         LUT4 (Prop_lut4_I1_O)        0.319     2.569 r  bd_0_i/hls_inst/inst/grp_pool_1_fu_795/grp_pool_1_Pipeline_CO_LOOP_H_LOOP_W_LOOP_fu_110/icmp_ln37_1_fu_900_p2_carry_i_4/O
                         net (fo=1, unplaced)         0.000     2.569    bd_0_i/hls_inst/inst/grp_pool_1_fu_795/grp_pool_1_Pipeline_CO_LOOP_H_LOOP_W_LOOP_fu_110/icmp_ln37_1_fu_900_p2_carry_i_4_n_6
                         CARRY4 (Prop_carry4_DI[0]_CO[3])
                                                      0.576     3.145 r  bd_0_i/hls_inst/inst/grp_pool_1_fu_795/grp_pool_1_Pipeline_CO_LOOP_H_LOOP_W_LOOP_fu_110/icmp_ln37_1_fu_900_p2_carry/CO[3]
                         net (fo=18, unplaced)        0.975     4.120    bd_0_i/hls_inst/inst/grp_pool_1_fu_795/grp_pool_1_Pipeline_CO_LOOP_H_LOOP_W_LOOP_fu_110/icmp_ln37_1_fu_900_p2_carry_n_6
                         LUT3 (Prop_lut3_I1_O)        0.116     4.236 f  bd_0_i/hls_inst/inst/grp_pool_1_fu_795/grp_pool_1_Pipeline_CO_LOOP_H_LOOP_W_LOOP_fu_110/max_val_10_reg_1225[2]_i_3/O
                         net (fo=5, unplaced)         0.477     4.713    bd_0_i/hls_inst/inst/grp_pool_1_fu_795/grp_pool_1_Pipeline_CO_LOOP_H_LOOP_W_LOOP_fu_110/max_val_10_reg_1225[2]_i_3_n_6
                         LUT6 (Prop_lut6_I1_O)        0.124     4.837 r  bd_0_i/hls_inst/inst/grp_pool_1_fu_795/grp_pool_1_Pipeline_CO_LOOP_H_LOOP_W_LOOP_fu_110/icmp_ln37_2_fu_915_p2_carry_i_3/O
                         net (fo=1, unplaced)         0.639     5.476    bd_0_i/hls_inst/inst/grp_pool_1_fu_795/grp_pool_1_Pipeline_CO_LOOP_H_LOOP_W_LOOP_fu_110/icmp_ln37_2_fu_915_p2_carry_i_3_n_6
                         CARRY4 (Prop_carry4_DI[1]_CO[3])
                                                      0.520     5.996 r  bd_0_i/hls_inst/inst/grp_pool_1_fu_795/grp_pool_1_Pipeline_CO_LOOP_H_LOOP_W_LOOP_fu_110/icmp_ln37_2_fu_915_p2_carry/CO[3]
                         net (fo=16, unplaced)        0.972     6.968    bd_0_i/hls_inst/inst/grp_pool_1_fu_795/grp_pool_1_Pipeline_CO_LOOP_H_LOOP_W_LOOP_fu_110/icmp_ln37_2_fu_915_p2_carry_n_6
                         LUT5 (Prop_lut5_I1_O)        0.124     7.092 f  bd_0_i/hls_inst/inst/grp_pool_1_fu_795/grp_pool_1_Pipeline_CO_LOOP_H_LOOP_W_LOOP_fu_110/max_val_10_reg_1225[3]_i_3/O
                         net (fo=2, unplaced)         0.460     7.552    bd_0_i/hls_inst/inst/grp_pool_1_fu_795/grp_pool_1_Pipeline_CO_LOOP_H_LOOP_W_LOOP_fu_110/p_0_in0_in[3]
                         LUT6 (Prop_lut6_I4_O)        0.124     7.676 r  bd_0_i/hls_inst/inst/grp_pool_1_fu_795/grp_pool_1_Pipeline_CO_LOOP_H_LOOP_W_LOOP_fu_110/icmp_ln37_3_fu_962_p2_carry_i_3/O
                         net (fo=1, unplaced)         0.639     8.315    bd_0_i/hls_inst/inst/grp_pool_1_fu_795/grp_pool_1_Pipeline_CO_LOOP_H_LOOP_W_LOOP_fu_110/icmp_ln37_3_fu_962_p2_carry_i_3_n_6
                         CARRY4 (Prop_carry4_DI[1]_CO[3])
                                                      0.520     8.835 r  bd_0_i/hls_inst/inst/grp_pool_1_fu_795/grp_pool_1_Pipeline_CO_LOOP_H_LOOP_W_LOOP_fu_110/icmp_ln37_3_fu_962_p2_carry/CO[3]
                         net (fo=7, unplaced)         0.953     9.788    bd_0_i/hls_inst/inst/grp_pool_1_fu_795/grp_pool_1_Pipeline_CO_LOOP_H_LOOP_W_LOOP_fu_110/icmp_ln37_3_fu_962_p2_carry_n_6
                         LUT3 (Prop_lut3_I1_O)        0.124     9.912 r  bd_0_i/hls_inst/inst/grp_pool_1_fu_795/grp_pool_1_Pipeline_CO_LOOP_H_LOOP_W_LOOP_fu_110/max_val_10_reg_1225[5]_i_1/O
                         net (fo=1, unplaced)         0.000     9.912    bd_0_i/hls_inst/inst/grp_pool_1_fu_795/grp_pool_1_Pipeline_CO_LOOP_H_LOOP_W_LOOP_fu_110/max_val_10_fu_968_p3[5]
                         FDRE                                         r  bd_0_i/hls_inst/inst/grp_pool_1_fu_795/grp_pool_1_Pipeline_CO_LOOP_H_LOOP_W_LOOP_fu_110/max_val_10_reg_1225_reg[5]/D
  -------------------------------------------------------------------    -------------------

                         (clock ap_clk rise edge)    10.000    10.000 r  
                                                      0.000    10.000 r  ap_clk (IN)
                         net (fo=7885, unset)         0.924    10.924    bd_0_i/hls_inst/inst/grp_pool_1_fu_795/grp_pool_1_Pipeline_CO_LOOP_H_LOOP_W_LOOP_fu_110/ap_clk
                         FDRE                                         r  bd_0_i/hls_inst/inst/grp_pool_1_fu_795/grp_pool_1_Pipeline_CO_LOOP_H_LOOP_W_LOOP_fu_110/max_val_10_reg_1225_reg[5]/C
                         clock pessimism              0.000    10.924    
                         clock uncertainty           -0.035    10.889    
                         FDRE (Setup_fdre_C_D)        0.077    10.966    bd_0_i/hls_inst/inst/grp_pool_1_fu_795/grp_pool_1_Pipeline_CO_LOOP_H_LOOP_W_LOOP_fu_110/max_val_10_reg_1225_reg[5]
  -------------------------------------------------------------------
                         required time                         10.966    
                         arrival time                          -9.912    
  -------------------------------------------------------------------
                         slack                                  1.054    

Slack (MET) :             1.054ns  (required time - arrival time)
  Source:                 bd_0_i/hls_inst/inst/grp_pool_fu_699/grp_pool_Pipeline_CO_LOOP_H_LOOP_W_LOOP_fu_110/max_val_1_reg_1208_reg[0]/C
                            (rising edge-triggered cell FDRE clocked by ap_clk  {rise@0.000ns fall@5.000ns period=10.000ns})
  Destination:            bd_0_i/hls_inst/inst/grp_pool_fu_699/grp_pool_Pipeline_CO_LOOP_H_LOOP_W_LOOP_fu_110/max_val_5_reg_1259_reg[0]/D
                            (rising edge-triggered cell FDRE clocked by ap_clk  {rise@0.000ns fall@5.000ns period=10.000ns})
  Path Group:             ap_clk
  Path Type:              Setup (Max at Slow Process Corner)
  Requirement:            10.000ns  (ap_clk rise@10.000ns - ap_clk rise@0.000ns)
  Data Path Delay:        8.939ns  (logic 3.065ns (34.288%)  route 5.874ns (65.712%))
  Logic Levels:           9  (CARRY4=3 LUT3=1 LUT4=1 LUT5=2 LUT6=2)
  Clock Path Skew:        -0.049ns (DCD - SCD + CPR)
    Destination Clock Delay (DCD):    0.924ns = ( 10.924 - 10.000 ) 
    Source Clock Delay      (SCD):    0.973ns
    Clock Pessimism Removal (CPR):    0.000ns
  Clock Uncertainty:      0.035ns  ((TSJ^2 + TIJ^2)^1/2 + DJ) / 2 + PE
    Total System Jitter     (TSJ):    0.071ns
    Total Input Jitter      (TIJ):    0.000ns
    Discrete Jitter          (DJ):    0.000ns
    Phase Error              (PE):    0.000ns

    Location             Delay type                Incr(ns)  Path(ns)    Netlist Resource(s)
  -------------------------------------------------------------------    -------------------
                         (clock ap_clk rise edge)     0.000     0.000 r  
                                                      0.000     0.000 r  ap_clk (IN)
                         net (fo=7885, unset)         0.973     0.973    bd_0_i/hls_inst/inst/grp_pool_fu_699/grp_pool_Pipeline_CO_LOOP_H_LOOP_W_LOOP_fu_110/ap_clk
                         FDRE                                         r  bd_0_i/hls_inst/inst/grp_pool_fu_699/grp_pool_Pipeline_CO_LOOP_H_LOOP_W_LOOP_fu_110/max_val_1_reg_1208_reg[0]/C
  -------------------------------------------------------------------    -------------------
                         FDRE (Prop_fdre_C_Q)         0.518     1.491 f  bd_0_i/hls_inst/inst/grp_pool_fu_699/grp_pool_Pipeline_CO_LOOP_H_LOOP_W_LOOP_fu_110/max_val_1_reg_1208_reg[0]/Q
                         net (fo=3, unplaced)         0.759     2.250    bd_0_i/hls_inst/inst/grp_pool_fu_699/grp_pool_Pipeline_CO_LOOP_H_LOOP_W_LOOP_fu_110/max_val_1_reg_1208[0]
                         LUT4 (Prop_lut4_I1_O)        0.319     2.569 r  bd_0_i/hls_inst/inst/grp_pool_fu_699/grp_pool_Pipeline_CO_LOOP_H_LOOP_W_LOOP_fu_110/icmp_ln37_1_fu_924_p2_carry_i_4/O
                         net (fo=1, unplaced)         0.000     2.569    bd_0_i/hls_inst/inst/grp_pool_fu_699/grp_pool_Pipeline_CO_LOOP_H_LOOP_W_LOOP_fu_110/icmp_ln37_1_fu_924_p2_carry_i_4_n_6
                         CARRY4 (Prop_carry4_DI[0]_CO[3])
                                                      0.576     3.145 r  bd_0_i/hls_inst/inst/grp_pool_fu_699/grp_pool_Pipeline_CO_LOOP_H_LOOP_W_LOOP_fu_110/icmp_ln37_1_fu_924_p2_carry/CO[3]
                         net (fo=18, unplaced)        0.975     4.120    bd_0_i/hls_inst/inst/grp_pool_fu_699/grp_pool_Pipeline_CO_LOOP_H_LOOP_W_LOOP_fu_110/icmp_ln37_1_fu_924_p2_carry_n_6
                         LUT3 (Prop_lut3_I1_O)        0.116     4.236 f  bd_0_i/hls_inst/inst/grp_pool_fu_699/grp_pool_Pipeline_CO_LOOP_H_LOOP_W_LOOP_fu_110/max_val_5_reg_1259[2]_i_3/O
                         net (fo=5, unplaced)         0.477     4.713    bd_0_i/hls_inst/inst/grp_pool_fu_699/grp_pool_Pipeline_CO_LOOP_H_LOOP_W_LOOP_fu_110/max_val_5_reg_1259[2]_i_3_n_6
                         LUT6 (Prop_lut6_I1_O)        0.124     4.837 r  bd_0_i/hls_inst/inst/grp_pool_fu_699/grp_pool_Pipeline_CO_LOOP_H_LOOP_W_LOOP_fu_110/icmp_ln37_2_fu_939_p2_carry_i_3/O
                         net (fo=1, unplaced)         0.639     5.476    bd_0_i/hls_inst/inst/grp_pool_fu_699/grp_pool_Pipeline_CO_LOOP_H_LOOP_W_LOOP_fu_110/icmp_ln37_2_fu_939_p2_carry_i_3_n_6
                         CARRY4 (Prop_carry4_DI[1]_CO[3])
                                                      0.520     5.996 r  bd_0_i/hls_inst/inst/grp_pool_fu_699/grp_pool_Pipeline_CO_LOOP_H_LOOP_W_LOOP_fu_110/icmp_ln37_2_fu_939_p2_carry/CO[3]
                         net (fo=16, unplaced)        0.972     6.968    bd_0_i/hls_inst/inst/grp_pool_fu_699/grp_pool_Pipeline_CO_LOOP_H_LOOP_W_LOOP_fu_110/icmp_ln37_2_fu_939_p2_carry_n_6
                         LUT5 (Prop_lut5_I1_O)        0.124     7.092 f  bd_0_i/hls_inst/inst/grp_pool_fu_699/grp_pool_Pipeline_CO_LOOP_H_LOOP_W_LOOP_fu_110/max_val_5_reg_1259[3]_i_3/O
                         net (fo=2, unplaced)         0.460     7.552    bd_0_i/hls_inst/inst/grp_pool_fu_699/grp_pool_Pipeline_CO_LOOP_H_LOOP_W_LOOP_fu_110/p_0_in0_in[3]
                         LUT6 (Prop_lut6_I4_O)        0.124     7.676 r  bd_0_i/hls_inst/inst/grp_pool_fu_699/grp_pool_Pipeline_CO_LOOP_H_LOOP_W_LOOP_fu_110/icmp_ln37_3_fu_986_p2_carry_i_3/O
                         net (fo=1, unplaced)         0.639     8.315    bd_0_i/hls_inst/inst/grp_pool_fu_699/grp_pool_Pipeline_CO_LOOP_H_LOOP_W_LOOP_fu_110/icmp_ln37_3_fu_986_p2_carry_i_3_n_6
                         CARRY4 (Prop_carry4_DI[1]_CO[3])
                                                      0.520     8.835 r  bd_0_i/hls_inst/inst/grp_pool_fu_699/grp_pool_Pipeline_CO_LOOP_H_LOOP_W_LOOP_fu_110/icmp_ln37_3_fu_986_p2_carry/CO[3]
                         net (fo=7, unplaced)         0.953     9.788    bd_0_i/hls_inst/inst/grp_pool_fu_699/grp_pool_Pipeline_CO_LOOP_H_LOOP_W_LOOP_fu_110/icmp_ln37_3_fu_986_p2_carry_n_6
                         LUT5 (Prop_lut5_I1_O)        0.124     9.912 r  bd_0_i/hls_inst/inst/grp_pool_fu_699/grp_pool_Pipeline_CO_LOOP_H_LOOP_W_LOOP_fu_110/max_val_5_reg_1259[0]_i_1/O
                         net (fo=1, unplaced)         0.000     9.912    bd_0_i/hls_inst/inst/grp_pool_fu_699/grp_pool_Pipeline_CO_LOOP_H_LOOP_W_LOOP_fu_110/max_val_5_fu_992_p3[0]
                         FDRE                                         r  bd_0_i/hls_inst/inst/grp_pool_fu_699/grp_pool_Pipeline_CO_LOOP_H_LOOP_W_LOOP_fu_110/max_val_5_reg_1259_reg[0]/D
  -------------------------------------------------------------------    -------------------

                         (clock ap_clk rise edge)    10.000    10.000 r  
                                                      0.000    10.000 r  ap_clk (IN)
                         net (fo=7885, unset)         0.924    10.924    bd_0_i/hls_inst/inst/grp_pool_fu_699/grp_pool_Pipeline_CO_LOOP_H_LOOP_W_LOOP_fu_110/ap_clk
                         FDRE                                         r  bd_0_i/hls_inst/inst/grp_pool_fu_699/grp_pool_Pipeline_CO_LOOP_H_LOOP_W_LOOP_fu_110/max_val_5_reg_1259_reg[0]/C
                         clock pessimism              0.000    10.924    
                         clock uncertainty           -0.035    10.889    
                         FDRE (Setup_fdre_C_D)        0.077    10.966    bd_0_i/hls_inst/inst/grp_pool_fu_699/grp_pool_Pipeline_CO_LOOP_H_LOOP_W_LOOP_fu_110/max_val_5_reg_1259_reg[0]
  -------------------------------------------------------------------
                         required time                         10.966    
                         arrival time                          -9.912    
  -------------------------------------------------------------------
                         slack                                  1.054    

Slack (MET) :             1.054ns  (required time - arrival time)
  Source:                 bd_0_i/hls_inst/inst/grp_pool_fu_699/grp_pool_Pipeline_CO_LOOP_H_LOOP_W_LOOP_fu_110/max_val_1_reg_1208_reg[0]/C
                            (rising edge-triggered cell FDRE clocked by ap_clk  {rise@0.000ns fall@5.000ns period=10.000ns})
  Destination:            bd_0_i/hls_inst/inst/grp_pool_fu_699/grp_pool_Pipeline_CO_LOOP_H_LOOP_W_LOOP_fu_110/max_val_5_reg_1259_reg[1]/D
                            (rising edge-triggered cell FDRE clocked by ap_clk  {rise@0.000ns fall@5.000ns period=10.000ns})
  Path Group:             ap_clk
  Path Type:              Setup (Max at Slow Process Corner)
  Requirement:            10.000ns  (ap_clk rise@10.000ns - ap_clk rise@0.000ns)
  Data Path Delay:        8.939ns  (logic 3.065ns (34.288%)  route 5.874ns (65.712%))
  Logic Levels:           9  (CARRY4=3 LUT3=2 LUT4=1 LUT5=1 LUT6=2)
  Clock Path Skew:        -0.049ns (DCD - SCD + CPR)
    Destination Clock Delay (DCD):    0.924ns = ( 10.924 - 10.000 ) 
    Source Clock Delay      (SCD):    0.973ns
    Clock Pessimism Removal (CPR):    0.000ns
  Clock Uncertainty:      0.035ns  ((TSJ^2 + TIJ^2)^1/2 + DJ) / 2 + PE
    Total System Jitter     (TSJ):    0.071ns
    Total Input Jitter      (TIJ):    0.000ns
    Discrete Jitter          (DJ):    0.000ns
    Phase Error              (PE):    0.000ns

    Location             Delay type                Incr(ns)  Path(ns)    Netlist Resource(s)
  -------------------------------------------------------------------    -------------------
                         (clock ap_clk rise edge)     0.000     0.000 r  
                                                      0.000     0.000 r  ap_clk (IN)
                         net (fo=7885, unset)         0.973     0.973    bd_0_i/hls_inst/inst/grp_pool_fu_699/grp_pool_Pipeline_CO_LOOP_H_LOOP_W_LOOP_fu_110/ap_clk
                         FDRE                                         r  bd_0_i/hls_inst/inst/grp_pool_fu_699/grp_pool_Pipeline_CO_LOOP_H_LOOP_W_LOOP_fu_110/max_val_1_reg_1208_reg[0]/C
  -------------------------------------------------------------------    -------------------
                         FDRE (Prop_fdre_C_Q)         0.518     1.491 f  bd_0_i/hls_inst/inst/grp_pool_fu_699/grp_pool_Pipeline_CO_LOOP_H_LOOP_W_LOOP_fu_110/max_val_1_reg_1208_reg[0]/Q
                         net (fo=3, unplaced)         0.759     2.250    bd_0_i/hls_inst/inst/grp_pool_fu_699/grp_pool_Pipeline_CO_LOOP_H_LOOP_W_LOOP_fu_110/max_val_1_reg_1208[0]
                         LUT4 (Prop_lut4_I1_O)        0.319     2.569 r  bd_0_i/hls_inst/inst/grp_pool_fu_699/grp_pool_Pipeline_CO_LOOP_H_LOOP_W_LOOP_fu_110/icmp_ln37_1_fu_924_p2_carry_i_4/O
                         net (fo=1, unplaced)         0.000     2.569    bd_0_i/hls_inst/inst/grp_pool_fu_699/grp_pool_Pipeline_CO_LOOP_H_LOOP_W_LOOP_fu_110/icmp_ln37_1_fu_924_p2_carry_i_4_n_6
                         CARRY4 (Prop_carry4_DI[0]_CO[3])
                                                      0.576     3.145 r  bd_0_i/hls_inst/inst/grp_pool_fu_699/grp_pool_Pipeline_CO_LOOP_H_LOOP_W_LOOP_fu_110/icmp_ln37_1_fu_924_p2_carry/CO[3]
                         net (fo=18, unplaced)        0.975     4.120    bd_0_i/hls_inst/inst/grp_pool_fu_699/grp_pool_Pipeline_CO_LOOP_H_LOOP_W_LOOP_fu_110/icmp_ln37_1_fu_924_p2_carry_n_6
                         LUT3 (Prop_lut3_I1_O)        0.116     4.236 f  bd_0_i/hls_inst/inst/grp_pool_fu_699/grp_pool_Pipeline_CO_LOOP_H_LOOP_W_LOOP_fu_110/max_val_5_reg_1259[2]_i_3/O
                         net (fo=5, unplaced)         0.477     4.713    bd_0_i/hls_inst/inst/grp_pool_fu_699/grp_pool_Pipeline_CO_LOOP_H_LOOP_W_LOOP_fu_110/max_val_5_reg_1259[2]_i_3_n_6
                         LUT6 (Prop_lut6_I1_O)        0.124     4.837 r  bd_0_i/hls_inst/inst/grp_pool_fu_699/grp_pool_Pipeline_CO_LOOP_H_LOOP_W_LOOP_fu_110/icmp_ln37_2_fu_939_p2_carry_i_3/O
                         net (fo=1, unplaced)         0.639     5.476    bd_0_i/hls_inst/inst/grp_pool_fu_699/grp_pool_Pipeline_CO_LOOP_H_LOOP_W_LOOP_fu_110/icmp_ln37_2_fu_939_p2_carry_i_3_n_6
                         CARRY4 (Prop_carry4_DI[1]_CO[3])
                                                      0.520     5.996 r  bd_0_i/hls_inst/inst/grp_pool_fu_699/grp_pool_Pipeline_CO_LOOP_H_LOOP_W_LOOP_fu_110/icmp_ln37_2_fu_939_p2_carry/CO[3]
                         net (fo=16, unplaced)        0.972     6.968    bd_0_i/hls_inst/inst/grp_pool_fu_699/grp_pool_Pipeline_CO_LOOP_H_LOOP_W_LOOP_fu_110/icmp_ln37_2_fu_939_p2_carry_n_6
                         LUT5 (Prop_lut5_I1_O)        0.124     7.092 f  bd_0_i/hls_inst/inst/grp_pool_fu_699/grp_pool_Pipeline_CO_LOOP_H_LOOP_W_LOOP_fu_110/max_val_5_reg_1259[3]_i_3/O
                         net (fo=2, unplaced)         0.460     7.552    bd_0_i/hls_inst/inst/grp_pool_fu_699/grp_pool_Pipeline_CO_LOOP_H_LOOP_W_LOOP_fu_110/p_0_in0_in[3]
                         LUT6 (Prop_lut6_I4_O)        0.124     7.676 r  bd_0_i/hls_inst/inst/grp_pool_fu_699/grp_pool_Pipeline_CO_LOOP_H_LOOP_W_LOOP_fu_110/icmp_ln37_3_fu_986_p2_carry_i_3/O
                         net (fo=1, unplaced)         0.639     8.315    bd_0_i/hls_inst/inst/grp_pool_fu_699/grp_pool_Pipeline_CO_LOOP_H_LOOP_W_LOOP_fu_110/icmp_ln37_3_fu_986_p2_carry_i_3_n_6
                         CARRY4 (Prop_carry4_DI[1]_CO[3])
                                                      0.520     8.835 r  bd_0_i/hls_inst/inst/grp_pool_fu_699/grp_pool_Pipeline_CO_LOOP_H_LOOP_W_LOOP_fu_110/icmp_ln37_3_fu_986_p2_carry/CO[3]
                         net (fo=7, unplaced)         0.953     9.788    bd_0_i/hls_inst/inst/grp_pool_fu_699/grp_pool_Pipeline_CO_LOOP_H_LOOP_W_LOOP_fu_110/icmp_ln37_3_fu_986_p2_carry_n_6
                         LUT3 (Prop_lut3_I1_O)        0.124     9.912 r  bd_0_i/hls_inst/inst/grp_pool_fu_699/grp_pool_Pipeline_CO_LOOP_H_LOOP_W_LOOP_fu_110/max_val_5_reg_1259[1]_i_1/O
                         net (fo=1, unplaced)         0.000     9.912    bd_0_i/hls_inst/inst/grp_pool_fu_699/grp_pool_Pipeline_CO_LOOP_H_LOOP_W_LOOP_fu_110/max_val_5_fu_992_p3[1]
                         FDRE                                         r  bd_0_i/hls_inst/inst/grp_pool_fu_699/grp_pool_Pipeline_CO_LOOP_H_LOOP_W_LOOP_fu_110/max_val_5_reg_1259_reg[1]/D
  -------------------------------------------------------------------    -------------------

                         (clock ap_clk rise edge)    10.000    10.000 r  
                                                      0.000    10.000 r  ap_clk (IN)
                         net (fo=7885, unset)         0.924    10.924    bd_0_i/hls_inst/inst/grp_pool_fu_699/grp_pool_Pipeline_CO_LOOP_H_LOOP_W_LOOP_fu_110/ap_clk
                         FDRE                                         r  bd_0_i/hls_inst/inst/grp_pool_fu_699/grp_pool_Pipeline_CO_LOOP_H_LOOP_W_LOOP_fu_110/max_val_5_reg_1259_reg[1]/C
                         clock pessimism              0.000    10.924    
                         clock uncertainty           -0.035    10.889    
                         FDRE (Setup_fdre_C_D)        0.077    10.966    bd_0_i/hls_inst/inst/grp_pool_fu_699/grp_pool_Pipeline_CO_LOOP_H_LOOP_W_LOOP_fu_110/max_val_5_reg_1259_reg[1]
  -------------------------------------------------------------------
                         required time                         10.966    
                         arrival time                          -9.912    
  -------------------------------------------------------------------
                         slack                                  1.054    

Slack (MET) :             1.054ns  (required time - arrival time)
  Source:                 bd_0_i/hls_inst/inst/grp_pool_fu_699/grp_pool_Pipeline_CO_LOOP_H_LOOP_W_LOOP_fu_110/max_val_1_reg_1208_reg[0]/C
                            (rising edge-triggered cell FDRE clocked by ap_clk  {rise@0.000ns fall@5.000ns period=10.000ns})
  Destination:            bd_0_i/hls_inst/inst/grp_pool_fu_699/grp_pool_Pipeline_CO_LOOP_H_LOOP_W_LOOP_fu_110/max_val_5_reg_1259_reg[2]/D
                            (rising edge-triggered cell FDRE clocked by ap_clk  {rise@0.000ns fall@5.000ns period=10.000ns})
  Path Group:             ap_clk
  Path Type:              Setup (Max at Slow Process Corner)
  Requirement:            10.000ns  (ap_clk rise@10.000ns - ap_clk rise@0.000ns)
  Data Path Delay:        8.939ns  (logic 3.065ns (34.288%)  route 5.874ns (65.712%))
  Logic Levels:           9  (CARRY4=3 LUT3=1 LUT4=1 LUT5=2 LUT6=2)
  Clock Path Skew:        -0.049ns (DCD - SCD + CPR)
    Destination Clock Delay (DCD):    0.924ns = ( 10.924 - 10.000 ) 
    Source Clock Delay      (SCD):    0.973ns
    Clock Pessimism Removal (CPR):    0.000ns
  Clock Uncertainty:      0.035ns  ((TSJ^2 + TIJ^2)^1/2 + DJ) / 2 + PE
    Total System Jitter     (TSJ):    0.071ns
    Total Input Jitter      (TIJ):    0.000ns
    Discrete Jitter          (DJ):    0.000ns
    Phase Error              (PE):    0.000ns

    Location             Delay type                Incr(ns)  Path(ns)    Netlist Resource(s)
  -------------------------------------------------------------------    -------------------
                         (clock ap_clk rise edge)     0.000     0.000 r  
                                                      0.000     0.000 r  ap_clk (IN)
                         net (fo=7885, unset)         0.973     0.973    bd_0_i/hls_inst/inst/grp_pool_fu_699/grp_pool_Pipeline_CO_LOOP_H_LOOP_W_LOOP_fu_110/ap_clk
                         FDRE                                         r  bd_0_i/hls_inst/inst/grp_pool_fu_699/grp_pool_Pipeline_CO_LOOP_H_LOOP_W_LOOP_fu_110/max_val_1_reg_1208_reg[0]/C
  -------------------------------------------------------------------    -------------------
                         FDRE (Prop_fdre_C_Q)         0.518     1.491 f  bd_0_i/hls_inst/inst/grp_pool_fu_699/grp_pool_Pipeline_CO_LOOP_H_LOOP_W_LOOP_fu_110/max_val_1_reg_1208_reg[0]/Q
                         net (fo=3, unplaced)         0.759     2.250    bd_0_i/hls_inst/inst/grp_pool_fu_699/grp_pool_Pipeline_CO_LOOP_H_LOOP_W_LOOP_fu_110/max_val_1_reg_1208[0]
                         LUT4 (Prop_lut4_I1_O)        0.319     2.569 r  bd_0_i/hls_inst/inst/grp_pool_fu_699/grp_pool_Pipeline_CO_LOOP_H_LOOP_W_LOOP_fu_110/icmp_ln37_1_fu_924_p2_carry_i_4/O
                         net (fo=1, unplaced)         0.000     2.569    bd_0_i/hls_inst/inst/grp_pool_fu_699/grp_pool_Pipeline_CO_LOOP_H_LOOP_W_LOOP_fu_110/icmp_ln37_1_fu_924_p2_carry_i_4_n_6
                         CARRY4 (Prop_carry4_DI[0]_CO[3])
                                                      0.576     3.145 r  bd_0_i/hls_inst/inst/grp_pool_fu_699/grp_pool_Pipeline_CO_LOOP_H_LOOP_W_LOOP_fu_110/icmp_ln37_1_fu_924_p2_carry/CO[3]
                         net (fo=18, unplaced)        0.975     4.120    bd_0_i/hls_inst/inst/grp_pool_fu_699/grp_pool_Pipeline_CO_LOOP_H_LOOP_W_LOOP_fu_110/icmp_ln37_1_fu_924_p2_carry_n_6
                         LUT3 (Prop_lut3_I1_O)        0.116     4.236 f  bd_0_i/hls_inst/inst/grp_pool_fu_699/grp_pool_Pipeline_CO_LOOP_H_LOOP_W_LOOP_fu_110/max_val_5_reg_1259[2]_i_3/O
                         net (fo=5, unplaced)         0.477     4.713    bd_0_i/hls_inst/inst/grp_pool_fu_699/grp_pool_Pipeline_CO_LOOP_H_LOOP_W_LOOP_fu_110/max_val_5_reg_1259[2]_i_3_n_6
                         LUT6 (Prop_lut6_I1_O)        0.124     4.837 r  bd_0_i/hls_inst/inst/grp_pool_fu_699/grp_pool_Pipeline_CO_LOOP_H_LOOP_W_LOOP_fu_110/icmp_ln37_2_fu_939_p2_carry_i_3/O
                         net (fo=1, unplaced)         0.639     5.476    bd_0_i/hls_inst/inst/grp_pool_fu_699/grp_pool_Pipeline_CO_LOOP_H_LOOP_W_LOOP_fu_110/icmp_ln37_2_fu_939_p2_carry_i_3_n_6
                         CARRY4 (Prop_carry4_DI[1]_CO[3])
                                                      0.520     5.996 r  bd_0_i/hls_inst/inst/grp_pool_fu_699/grp_pool_Pipeline_CO_LOOP_H_LOOP_W_LOOP_fu_110/icmp_ln37_2_fu_939_p2_carry/CO[3]
                         net (fo=16, unplaced)        0.972     6.968    bd_0_i/hls_inst/inst/grp_pool_fu_699/grp_pool_Pipeline_CO_LOOP_H_LOOP_W_LOOP_fu_110/icmp_ln37_2_fu_939_p2_carry_n_6
                         LUT5 (Prop_lut5_I1_O)        0.124     7.092 f  bd_0_i/hls_inst/inst/grp_pool_fu_699/grp_pool_Pipeline_CO_LOOP_H_LOOP_W_LOOP_fu_110/max_val_5_reg_1259[3]_i_3/O
                         net (fo=2, unplaced)         0.460     7.552    bd_0_i/hls_inst/inst/grp_pool_fu_699/grp_pool_Pipeline_CO_LOOP_H_LOOP_W_LOOP_fu_110/p_0_in0_in[3]
                         LUT6 (Prop_lut6_I4_O)        0.124     7.676 r  bd_0_i/hls_inst/inst/grp_pool_fu_699/grp_pool_Pipeline_CO_LOOP_H_LOOP_W_LOOP_fu_110/icmp_ln37_3_fu_986_p2_carry_i_3/O
                         net (fo=1, unplaced)         0.639     8.315    bd_0_i/hls_inst/inst/grp_pool_fu_699/grp_pool_Pipeline_CO_LOOP_H_LOOP_W_LOOP_fu_110/icmp_ln37_3_fu_986_p2_carry_i_3_n_6
                         CARRY4 (Prop_carry4_DI[1]_CO[3])
                                                      0.520     8.835 r  bd_0_i/hls_inst/inst/grp_pool_fu_699/grp_pool_Pipeline_CO_LOOP_H_LOOP_W_LOOP_fu_110/icmp_ln37_3_fu_986_p2_carry/CO[3]
                         net (fo=7, unplaced)         0.953     9.788    bd_0_i/hls_inst/inst/grp_pool_fu_699/grp_pool_Pipeline_CO_LOOP_H_LOOP_W_LOOP_fu_110/icmp_ln37_3_fu_986_p2_carry_n_6
                         LUT5 (Prop_lut5_I1_O)        0.124     9.912 r  bd_0_i/hls_inst/inst/grp_pool_fu_699/grp_pool_Pipeline_CO_LOOP_H_LOOP_W_LOOP_fu_110/max_val_5_reg_1259[2]_i_1/O
                         net (fo=1, unplaced)         0.000     9.912    bd_0_i/hls_inst/inst/grp_pool_fu_699/grp_pool_Pipeline_CO_LOOP_H_LOOP_W_LOOP_fu_110/max_val_5_fu_992_p3[2]
                         FDRE                                         r  bd_0_i/hls_inst/inst/grp_pool_fu_699/grp_pool_Pipeline_CO_LOOP_H_LOOP_W_LOOP_fu_110/max_val_5_reg_1259_reg[2]/D
  -------------------------------------------------------------------    -------------------

                         (clock ap_clk rise edge)    10.000    10.000 r  
                                                      0.000    10.000 r  ap_clk (IN)
                         net (fo=7885, unset)         0.924    10.924    bd_0_i/hls_inst/inst/grp_pool_fu_699/grp_pool_Pipeline_CO_LOOP_H_LOOP_W_LOOP_fu_110/ap_clk
                         FDRE                                         r  bd_0_i/hls_inst/inst/grp_pool_fu_699/grp_pool_Pipeline_CO_LOOP_H_LOOP_W_LOOP_fu_110/max_val_5_reg_1259_reg[2]/C
                         clock pessimism              0.000    10.924    
                         clock uncertainty           -0.035    10.889    
                         FDRE (Setup_fdre_C_D)        0.077    10.966    bd_0_i/hls_inst/inst/grp_pool_fu_699/grp_pool_Pipeline_CO_LOOP_H_LOOP_W_LOOP_fu_110/max_val_5_reg_1259_reg[2]
  -------------------------------------------------------------------
                         required time                         10.966    
                         arrival time                          -9.912    
  -------------------------------------------------------------------
                         slack                                  1.054    

Slack (MET) :             1.054ns  (required time - arrival time)
  Source:                 bd_0_i/hls_inst/inst/grp_pool_fu_699/grp_pool_Pipeline_CO_LOOP_H_LOOP_W_LOOP_fu_110/max_val_1_reg_1208_reg[0]/C
                            (rising edge-triggered cell FDRE clocked by ap_clk  {rise@0.000ns fall@5.000ns period=10.000ns})
  Destination:            bd_0_i/hls_inst/inst/grp_pool_fu_699/grp_pool_Pipeline_CO_LOOP_H_LOOP_W_LOOP_fu_110/max_val_5_reg_1259_reg[4]/D
                            (rising edge-triggered cell FDRE clocked by ap_clk  {rise@0.000ns fall@5.000ns period=10.000ns})
  Path Group:             ap_clk
  Path Type:              Setup (Max at Slow Process Corner)
  Requirement:            10.000ns  (ap_clk rise@10.000ns - ap_clk rise@0.000ns)
  Data Path Delay:        8.939ns  (logic 3.065ns (34.288%)  route 5.874ns (65.712%))
  Logic Levels:           9  (CARRY4=3 LUT3=1 LUT4=1 LUT5=2 LUT6=2)
  Clock Path Skew:        -0.049ns (DCD - SCD + CPR)
    Destination Clock Delay (DCD):    0.924ns = ( 10.924 - 10.000 ) 
    Source Clock Delay      (SCD):    0.973ns
    Clock Pessimism Removal (CPR):    0.000ns
  Clock Uncertainty:      0.035ns  ((TSJ^2 + TIJ^2)^1/2 + DJ) / 2 + PE
    Total System Jitter     (TSJ):    0.071ns
    Total Input Jitter      (TIJ):    0.000ns
    Discrete Jitter          (DJ):    0.000ns
    Phase Error              (PE):    0.000ns

    Location             Delay type                Incr(ns)  Path(ns)    Netlist Resource(s)
  -------------------------------------------------------------------    -------------------
                         (clock ap_clk rise edge)     0.000     0.000 r  
                                                      0.000     0.000 r  ap_clk (IN)
                         net (fo=7885, unset)         0.973     0.973    bd_0_i/hls_inst/inst/grp_pool_fu_699/grp_pool_Pipeline_CO_LOOP_H_LOOP_W_LOOP_fu_110/ap_clk
                         FDRE                                         r  bd_0_i/hls_inst/inst/grp_pool_fu_699/grp_pool_Pipeline_CO_LOOP_H_LOOP_W_LOOP_fu_110/max_val_1_reg_1208_reg[0]/C
  -------------------------------------------------------------------    -------------------
                         FDRE (Prop_fdre_C_Q)         0.518     1.491 f  bd_0_i/hls_inst/inst/grp_pool_fu_699/grp_pool_Pipeline_CO_LOOP_H_LOOP_W_LOOP_fu_110/max_val_1_reg_1208_reg[0]/Q
                         net (fo=3, unplaced)         0.759     2.250    bd_0_i/hls_inst/inst/grp_pool_fu_699/grp_pool_Pipeline_CO_LOOP_H_LOOP_W_LOOP_fu_110/max_val_1_reg_1208[0]
                         LUT4 (Prop_lut4_I1_O)        0.319     2.569 r  bd_0_i/hls_inst/inst/grp_pool_fu_699/grp_pool_Pipeline_CO_LOOP_H_LOOP_W_LOOP_fu_110/icmp_ln37_1_fu_924_p2_carry_i_4/O
                         net (fo=1, unplaced)         0.000     2.569    bd_0_i/hls_inst/inst/grp_pool_fu_699/grp_pool_Pipeline_CO_LOOP_H_LOOP_W_LOOP_fu_110/icmp_ln37_1_fu_924_p2_carry_i_4_n_6
                         CARRY4 (Prop_carry4_DI[0]_CO[3])
                                                      0.576     3.145 r  bd_0_i/hls_inst/inst/grp_pool_fu_699/grp_pool_Pipeline_CO_LOOP_H_LOOP_W_LOOP_fu_110/icmp_ln37_1_fu_924_p2_carry/CO[3]
                         net (fo=18, unplaced)        0.975     4.120    bd_0_i/hls_inst/inst/grp_pool_fu_699/grp_pool_Pipeline_CO_LOOP_H_LOOP_W_LOOP_fu_110/icmp_ln37_1_fu_924_p2_carry_n_6
                         LUT3 (Prop_lut3_I1_O)        0.116     4.236 f  bd_0_i/hls_inst/inst/grp_pool_fu_699/grp_pool_Pipeline_CO_LOOP_H_LOOP_W_LOOP_fu_110/max_val_5_reg_1259[2]_i_3/O
                         net (fo=5, unplaced)         0.477     4.713    bd_0_i/hls_inst/inst/grp_pool_fu_699/grp_pool_Pipeline_CO_LOOP_H_LOOP_W_LOOP_fu_110/max_val_5_reg_1259[2]_i_3_n_6
                         LUT6 (Prop_lut6_I1_O)        0.124     4.837 r  bd_0_i/hls_inst/inst/grp_pool_fu_699/grp_pool_Pipeline_CO_LOOP_H_LOOP_W_LOOP_fu_110/icmp_ln37_2_fu_939_p2_carry_i_3/O
                         net (fo=1, unplaced)         0.639     5.476    bd_0_i/hls_inst/inst/grp_pool_fu_699/grp_pool_Pipeline_CO_LOOP_H_LOOP_W_LOOP_fu_110/icmp_ln37_2_fu_939_p2_carry_i_3_n_6
                         CARRY4 (Prop_carry4_DI[1]_CO[3])
                                                      0.520     5.996 r  bd_0_i/hls_inst/inst/grp_pool_fu_699/grp_pool_Pipeline_CO_LOOP_H_LOOP_W_LOOP_fu_110/icmp_ln37_2_fu_939_p2_carry/CO[3]
                         net (fo=16, unplaced)        0.972     6.968    bd_0_i/hls_inst/inst/grp_pool_fu_699/grp_pool_Pipeline_CO_LOOP_H_LOOP_W_LOOP_fu_110/icmp_ln37_2_fu_939_p2_carry_n_6
                         LUT5 (Prop_lut5_I1_O)        0.124     7.092 f  bd_0_i/hls_inst/inst/grp_pool_fu_699/grp_pool_Pipeline_CO_LOOP_H_LOOP_W_LOOP_fu_110/max_val_5_reg_1259[3]_i_3/O
                         net (fo=2, unplaced)         0.460     7.552    bd_0_i/hls_inst/inst/grp_pool_fu_699/grp_pool_Pipeline_CO_LOOP_H_LOOP_W_LOOP_fu_110/p_0_in0_in[3]
                         LUT6 (Prop_lut6_I4_O)        0.124     7.676 r  bd_0_i/hls_inst/inst/grp_pool_fu_699/grp_pool_Pipeline_CO_LOOP_H_LOOP_W_LOOP_fu_110/icmp_ln37_3_fu_986_p2_carry_i_3/O
                         net (fo=1, unplaced)         0.639     8.315    bd_0_i/hls_inst/inst/grp_pool_fu_699/grp_pool_Pipeline_CO_LOOP_H_LOOP_W_LOOP_fu_110/icmp_ln37_3_fu_986_p2_carry_i_3_n_6
                         CARRY4 (Prop_carry4_DI[1]_CO[3])
                                                      0.520     8.835 r  bd_0_i/hls_inst/inst/grp_pool_fu_699/grp_pool_Pipeline_CO_LOOP_H_LOOP_W_LOOP_fu_110/icmp_ln37_3_fu_986_p2_carry/CO[3]
                         net (fo=7, unplaced)         0.953     9.788    bd_0_i/hls_inst/inst/grp_pool_fu_699/grp_pool_Pipeline_CO_LOOP_H_LOOP_W_LOOP_fu_110/icmp_ln37_3_fu_986_p2_carry_n_6
                         LUT5 (Prop_lut5_I1_O)        0.124     9.912 r  bd_0_i/hls_inst/inst/grp_pool_fu_699/grp_pool_Pipeline_CO_LOOP_H_LOOP_W_LOOP_fu_110/max_val_5_reg_1259[4]_i_1/O
                         net (fo=1, unplaced)         0.000     9.912    bd_0_i/hls_inst/inst/grp_pool_fu_699/grp_pool_Pipeline_CO_LOOP_H_LOOP_W_LOOP_fu_110/max_val_5_fu_992_p3[4]
                         FDRE                                         r  bd_0_i/hls_inst/inst/grp_pool_fu_699/grp_pool_Pipeline_CO_LOOP_H_LOOP_W_LOOP_fu_110/max_val_5_reg_1259_reg[4]/D
  -------------------------------------------------------------------    -------------------

                         (clock ap_clk rise edge)    10.000    10.000 r  
                                                      0.000    10.000 r  ap_clk (IN)
                         net (fo=7885, unset)         0.924    10.924    bd_0_i/hls_inst/inst/grp_pool_fu_699/grp_pool_Pipeline_CO_LOOP_H_LOOP_W_LOOP_fu_110/ap_clk
                         FDRE                                         r  bd_0_i/hls_inst/inst/grp_pool_fu_699/grp_pool_Pipeline_CO_LOOP_H_LOOP_W_LOOP_fu_110/max_val_5_reg_1259_reg[4]/C
                         clock pessimism              0.000    10.924    
                         clock uncertainty           -0.035    10.889    
                         FDRE (Setup_fdre_C_D)        0.077    10.966    bd_0_i/hls_inst/inst/grp_pool_fu_699/grp_pool_Pipeline_CO_LOOP_H_LOOP_W_LOOP_fu_110/max_val_5_reg_1259_reg[4]
  -------------------------------------------------------------------
                         required time                         10.966    
                         arrival time                          -9.912    
  -------------------------------------------------------------------
                         slack                                  1.054    

Slack (MET) :             1.054ns  (required time - arrival time)
  Source:                 bd_0_i/hls_inst/inst/grp_pool_fu_699/grp_pool_Pipeline_CO_LOOP_H_LOOP_W_LOOP_fu_110/max_val_1_reg_1208_reg[0]/C
                            (rising edge-triggered cell FDRE clocked by ap_clk  {rise@0.000ns fall@5.000ns period=10.000ns})
  Destination:            bd_0_i/hls_inst/inst/grp_pool_fu_699/grp_pool_Pipeline_CO_LOOP_H_LOOP_W_LOOP_fu_110/max_val_5_reg_1259_reg[5]/D
                            (rising edge-triggered cell FDRE clocked by ap_clk  {rise@0.000ns fall@5.000ns period=10.000ns})
  Path Group:             ap_clk
  Path Type:              Setup (Max at Slow Process Corner)
  Requirement:            10.000ns  (ap_clk rise@10.000ns - ap_clk rise@0.000ns)
  Data Path Delay:        8.939ns  (logic 3.065ns (34.288%)  route 5.874ns (65.712%))
  Logic Levels:           9  (CARRY4=3 LUT3=2 LUT4=1 LUT5=1 LUT6=2)
  Clock Path Skew:        -0.049ns (DCD - SCD + CPR)
    Destination Clock Delay (DCD):    0.924ns = ( 10.924 - 10.000 ) 
    Source Clock Delay      (SCD):    0.973ns
    Clock Pessimism Removal (CPR):    0.000ns
  Clock Uncertainty:      0.035ns  ((TSJ^2 + TIJ^2)^1/2 + DJ) / 2 + PE
    Total System Jitter     (TSJ):    0.071ns
    Total Input Jitter      (TIJ):    0.000ns
    Discrete Jitter          (DJ):    0.000ns
    Phase Error              (PE):    0.000ns

    Location             Delay type                Incr(ns)  Path(ns)    Netlist Resource(s)
  -------------------------------------------------------------------    -------------------
                         (clock ap_clk rise edge)     0.000     0.000 r  
                                                      0.000     0.000 r  ap_clk (IN)
                         net (fo=7885, unset)         0.973     0.973    bd_0_i/hls_inst/inst/grp_pool_fu_699/grp_pool_Pipeline_CO_LOOP_H_LOOP_W_LOOP_fu_110/ap_clk
                         FDRE                                         r  bd_0_i/hls_inst/inst/grp_pool_fu_699/grp_pool_Pipeline_CO_LOOP_H_LOOP_W_LOOP_fu_110/max_val_1_reg_1208_reg[0]/C
  -------------------------------------------------------------------    -------------------
                         FDRE (Prop_fdre_C_Q)         0.518     1.491 f  bd_0_i/hls_inst/inst/grp_pool_fu_699/grp_pool_Pipeline_CO_LOOP_H_LOOP_W_LOOP_fu_110/max_val_1_reg_1208_reg[0]/Q
                         net (fo=3, unplaced)         0.759     2.250    bd_0_i/hls_inst/inst/grp_pool_fu_699/grp_pool_Pipeline_CO_LOOP_H_LOOP_W_LOOP_fu_110/max_val_1_reg_1208[0]
                         LUT4 (Prop_lut4_I1_O)        0.319     2.569 r  bd_0_i/hls_inst/inst/grp_pool_fu_699/grp_pool_Pipeline_CO_LOOP_H_LOOP_W_LOOP_fu_110/icmp_ln37_1_fu_924_p2_carry_i_4/O
                         net (fo=1, unplaced)         0.000     2.569    bd_0_i/hls_inst/inst/grp_pool_fu_699/grp_pool_Pipeline_CO_LOOP_H_LOOP_W_LOOP_fu_110/icmp_ln37_1_fu_924_p2_carry_i_4_n_6
                         CARRY4 (Prop_carry4_DI[0]_CO[3])
                                                      0.576     3.145 r  bd_0_i/hls_inst/inst/grp_pool_fu_699/grp_pool_Pipeline_CO_LOOP_H_LOOP_W_LOOP_fu_110/icmp_ln37_1_fu_924_p2_carry/CO[3]
                         net (fo=18, unplaced)        0.975     4.120    bd_0_i/hls_inst/inst/grp_pool_fu_699/grp_pool_Pipeline_CO_LOOP_H_LOOP_W_LOOP_fu_110/icmp_ln37_1_fu_924_p2_carry_n_6
                         LUT3 (Prop_lut3_I1_O)        0.116     4.236 f  bd_0_i/hls_inst/inst/grp_pool_fu_699/grp_pool_Pipeline_CO_LOOP_H_LOOP_W_LOOP_fu_110/max_val_5_reg_1259[2]_i_3/O
                         net (fo=5, unplaced)         0.477     4.713    bd_0_i/hls_inst/inst/grp_pool_fu_699/grp_pool_Pipeline_CO_LOOP_H_LOOP_W_LOOP_fu_110/max_val_5_reg_1259[2]_i_3_n_6
                         LUT6 (Prop_lut6_I1_O)        0.124     4.837 r  bd_0_i/hls_inst/inst/grp_pool_fu_699/grp_pool_Pipeline_CO_LOOP_H_LOOP_W_LOOP_fu_110/icmp_ln37_2_fu_939_p2_carry_i_3/O
                         net (fo=1, unplaced)         0.639     5.476    bd_0_i/hls_inst/inst/grp_pool_fu_699/grp_pool_Pipeline_CO_LOOP_H_LOOP_W_LOOP_fu_110/icmp_ln37_2_fu_939_p2_carry_i_3_n_6
                         CARRY4 (Prop_carry4_DI[1]_CO[3])
                                                      0.520     5.996 r  bd_0_i/hls_inst/inst/grp_pool_fu_699/grp_pool_Pipeline_CO_LOOP_H_LOOP_W_LOOP_fu_110/icmp_ln37_2_fu_939_p2_carry/CO[3]
                         net (fo=16, unplaced)        0.972     6.968    bd_0_i/hls_inst/inst/grp_pool_fu_699/grp_pool_Pipeline_CO_LOOP_H_LOOP_W_LOOP_fu_110/icmp_ln37_2_fu_939_p2_carry_n_6
                         LUT5 (Prop_lut5_I1_O)        0.124     7.092 f  bd_0_i/hls_inst/inst/grp_pool_fu_699/grp_pool_Pipeline_CO_LOOP_H_LOOP_W_LOOP_fu_110/max_val_5_reg_1259[3]_i_3/O
                         net (fo=2, unplaced)         0.460     7.552    bd_0_i/hls_inst/inst/grp_pool_fu_699/grp_pool_Pipeline_CO_LOOP_H_LOOP_W_LOOP_fu_110/p_0_in0_in[3]
                         LUT6 (Prop_lut6_I4_O)        0.124     7.676 r  bd_0_i/hls_inst/inst/grp_pool_fu_699/grp_pool_Pipeline_CO_LOOP_H_LOOP_W_LOOP_fu_110/icmp_ln37_3_fu_986_p2_carry_i_3/O
                         net (fo=1, unplaced)         0.639     8.315    bd_0_i/hls_inst/inst/grp_pool_fu_699/grp_pool_Pipeline_CO_LOOP_H_LOOP_W_LOOP_fu_110/icmp_ln37_3_fu_986_p2_carry_i_3_n_6
                         CARRY4 (Prop_carry4_DI[1]_CO[3])
                                                      0.520     8.835 r  bd_0_i/hls_inst/inst/grp_pool_fu_699/grp_pool_Pipeline_CO_LOOP_H_LOOP_W_LOOP_fu_110/icmp_ln37_3_fu_986_p2_carry/CO[3]
                         net (fo=7, unplaced)         0.953     9.788    bd_0_i/hls_inst/inst/grp_pool_fu_699/grp_pool_Pipeline_CO_LOOP_H_LOOP_W_LOOP_fu_110/icmp_ln37_3_fu_986_p2_carry_n_6
                         LUT3 (Prop_lut3_I1_O)        0.124     9.912 r  bd_0_i/hls_inst/inst/grp_pool_fu_699/grp_pool_Pipeline_CO_LOOP_H_LOOP_W_LOOP_fu_110/max_val_5_reg_1259[5]_i_1/O
                         net (fo=1, unplaced)         0.000     9.912    bd_0_i/hls_inst/inst/grp_pool_fu_699/grp_pool_Pipeline_CO_LOOP_H_LOOP_W_LOOP_fu_110/max_val_5_fu_992_p3[5]
                         FDRE                                         r  bd_0_i/hls_inst/inst/grp_pool_fu_699/grp_pool_Pipeline_CO_LOOP_H_LOOP_W_LOOP_fu_110/max_val_5_reg_1259_reg[5]/D
  -------------------------------------------------------------------    -------------------

                         (clock ap_clk rise edge)    10.000    10.000 r  
                                                      0.000    10.000 r  ap_clk (IN)
                         net (fo=7885, unset)         0.924    10.924    bd_0_i/hls_inst/inst/grp_pool_fu_699/grp_pool_Pipeline_CO_LOOP_H_LOOP_W_LOOP_fu_110/ap_clk
                         FDRE                                         r  bd_0_i/hls_inst/inst/grp_pool_fu_699/grp_pool_Pipeline_CO_LOOP_H_LOOP_W_LOOP_fu_110/max_val_5_reg_1259_reg[5]/C
                         clock pessimism              0.000    10.924    
                         clock uncertainty           -0.035    10.889    
                         FDRE (Setup_fdre_C_D)        0.077    10.966    bd_0_i/hls_inst/inst/grp_pool_fu_699/grp_pool_Pipeline_CO_LOOP_H_LOOP_W_LOOP_fu_110/max_val_5_reg_1259_reg[5]
  -------------------------------------------------------------------
                         required time                         10.966    
                         arrival time                          -9.912    
  -------------------------------------------------------------------
                         slack                                  1.054    




