Copyright 1986-2022 Xilinx, Inc. All Rights Reserved. Copyright 2022-2025 Advanced Micro Devices, Inc. All Rights Reserved.
---------------------------------------------------------------------------------------------------------------------------------------------
| Tool Version : Vivado v.2025.2 (lin64) Build 6299465 Fri Nov 14 12:34:56 MST 2025
| Date         : Sat Mar  7 19:19:47 2026
| Host         : universal-constructor running 64-bit Ubuntu 24.04.3 LTS
| Command      : report_design_analysis -file ./report/top_design_analysis_routed.rpt
| Design       : bd_0_wrapper
| Device       : xc7z020
| Design State : Routed
---------------------------------------------------------------------------------------------------------------------------------------------

Report Design Analysis

Table of Contents
-----------------
1. Setup Path Characteristics 1-1
2. Logic Level Distribution
3. Placer Final Level Congestion Reporting
4. Initial Estimated Router Congestion Reporting

1. Setup Path Characteristics 1-1
---------------------------------

+---------------------------+-----------------------------------------------------------------------------------------------------------------------------------------------------------------------------------------+
|      Characteristics      |                                                                                         Path #1                                                                                         |
+---------------------------+-----------------------------------------------------------------------------------------------------------------------------------------------------------------------------------------+
| Requirement               | 10.000                                                                                                                                                                                  |
| Path Delay                | 9.156                                                                                                                                                                                   |
| Logic Delay               | 0.456(5%)                                                                                                                                                                               |
| Net Delay                 | 8.700(95%)                                                                                                                                                                              |
| Clock Skew                | -0.049                                                                                                                                                                                  |
| Slack                     | 0.699                                                                                                                                                                                   |
| Clock Uncertainty         | 0.035                                                                                                                                                                                   |
| Clock Pair Classification | Timed                                                                                                                                                                                   |
| Clock Delay Group         | Same Clock                                                                                                                                                                              |
| Logic Levels              | 0                                                                                                                                                                                       |
| Routes                    | 1                                                                                                                                                                                       |
| Logical Path              | FDRE/C-(108)-FDRE/D                                                                                                                                                                     |
| Start Point Clock         | ap_clk                                                                                                                                                                                  |
| End Point Clock           | ap_clk                                                                                                                                                                                  |
| DSP Block                 | None                                                                                                                                                                                    |
| RAM Registers             | None-None                                                                                                                                                                               |
| IO Crossings              | 0                                                                                                                                                                                       |
| Config Crossings          | 0                                                                                                                                                                                       |
| SLR Crossings             | 0                                                                                                                                                                                       |
| PBlocks                   | 0                                                                                                                                                                                       |
| High Fanout               | 108                                                                                                                                                                                     |
| ASYNC REG                 | 0                                                                                                                                                                                       |
| Dont Touch                | 0                                                                                                                                                                                       |
| Mark Debug                | 0                                                                                                                                                                                       |
| Start Point Pin Primitive | FDRE/C                                                                                                                                                                                  |
| End Point Pin Primitive   | FDRE/D                                                                                                                                                                                  |
| Start Point Pin           | bus_wide_gen.data_buf_reg[4]/C                                                                                                                                                          |
| End Point Pin             | conv1_ap_fixed_8_5_ap_q_mode_5_ap_o_mode_3_0_ap_fixed_8_5_ap_q_mode_5_ap_o_mode_3_0_ap_fixed_8_5_ap_q_mode_5_ap_o_mode_3_0_ap_fixed_8_5_ap_q_mode_5_ap_o_mode_3_0_local_wei_25_reg[4]/D |
+---------------------------+-----------------------------------------------------------------------------------------------------------------------------------------------------------------------------------------+
* Bounding box calculated as % of dimensions for the target device (308, 299)


2. Logic Level Distribution
---------------------------

+-----------------+-------------+-----+----+-----+----+----+---+-----+-----+----+----+
| End Point Clock | Requirement |  0  |  1 |  2  |  3 |  4 | 5 |  6  |  7  |  8 |  9 |
+-----------------+-------------+-----+----+-----+----+----+---+-----+-----+----+----+
| ap_clk          | 10.000ns    | 303 | 65 | 157 | 72 | 51 | 6 | 151 | 158 | 16 | 21 |
+-----------------+-------------+-----+----+-----+----+----+---+-----+-----+----+----+
* Columns represent the logic levels per end point clock
** Distribution is for top worst 1000 paths


3. Placer Final Level Congestion Reporting
------------------------------------------

+-----------+------+-------+------------+--------+---------------+----------------+-----+--------+------+------+------+-----+-------+-----+------------+
| Direction | Type | Level | Congestion | Window | Combined LUTs | Avg LUT Inputs | LUT | LUTRAM | Flop | MUXF | RAMB | DSP | CARRY | SRL | Cell Names |
+-----------+------+-------+------------+--------+---------------+----------------+-----+--------+------+------+------+-----+-------+-----+------------+
* No congestion windows are found above level 5


4. Initial Estimated Router Congestion Reporting
------------------------------------------------

+-----------+------+-------+------------------+--------+---------------+----------------+-----+--------+------+------+------+-----+-------+-----+------------+
| Direction | Type | Level | Percentage Tiles | Window | Combined LUTs | Avg LUT Inputs | LUT | LUTRAM | Flop | MUXF | RAMB | DSP | CARRY | SRL | Cell Names |
+-----------+------+-------+------------------+--------+---------------+----------------+-----+--------+------+------+------+-----+-------+-----+------------+
* No initial estimated congestion windows are found above level 5


