Copyright 1986-2022 Xilinx, Inc. All Rights Reserved. Copyright 2022-2025 Advanced Micro Devices, Inc. All Rights Reserved.
---------------------------------------------------------------------------------------------------------------------------------------------
| Tool Version : Vivado v.2025.2 (lin64) Build 6299465 Fri Nov 14 12:34:56 MST 2025
| Date         : Sat Mar  7 19:18:30 2026
| Host         : universal-constructor running 64-bit Ubuntu 24.04.3 LTS
| Command      : report_design_analysis -file ./report/top_design_analysis_synth.rpt
| Design       : bd_0_wrapper
| Device       : xc7z020
| Design State : Synthesized
---------------------------------------------------------------------------------------------------------------------------------------------

Report Design Analysis

Table of Contents
-----------------
1. Setup Path Characteristics 1-1
2. Logic Level Distribution
3. Placer Final Level Congestion Reporting

1. Setup Path Characteristics 1-1
---------------------------------

+---------------------------+-------------------------------------------------------------------------------------------------------+
|      Characteristics      |                                                Path #1                                                |
+---------------------------+-------------------------------------------------------------------------------------------------------+
| Requirement               | 10.000                                                                                                |
| Path Delay                | 8.939                                                                                                 |
| Logic Delay               | 3.065(35%)                                                                                            |
| Net Delay                 | 5.874(65%)                                                                                            |
| Clock Skew                | -0.049                                                                                                |
| Slack                     | 1.054                                                                                                 |
| Clock Uncertainty         | 0.035                                                                                                 |
| Clock Pair Classification | Timed                                                                                                 |
| Clock Delay Group         | Same Clock                                                                                            |
| Logic Levels              | 9                                                                                                     |
| Routes                    | NA                                                                                                    |
| Logical Path              | FDRE/C-(3)-LUT4-(1)-CARRY4-LUT3-(5)-LUT6-(1)-CARRY4-(16)-LUT5-(2)-LUT6-(1)-CARRY4-(7)-LUT5-(1)-FDRE/D |
| Start Point Clock         | ap_clk                                                                                                |
| End Point Clock           | ap_clk                                                                                                |
| DSP Block                 | None                                                                                                  |
| RAM Registers             | None-None                                                                                             |
| IO Crossings              | 0                                                                                                     |
| Config Crossings          | 0                                                                                                     |
| SLR Crossings             | 0                                                                                                     |
| PBlocks                   | 0                                                                                                     |
| High Fanout               | 16                                                                                                    |
| ASYNC REG                 | 0                                                                                                     |
| Dont Touch                | 0                                                                                                     |
| Mark Debug                | 0                                                                                                     |
| Start Point Pin Primitive | FDRE/C                                                                                                |
| End Point Pin Primitive   | FDRE/D                                                                                                |
| Start Point Pin           | max_val_6_reg_1174_reg[0]/C                                                                           |
| End Point Pin             | max_val_10_reg_1225_reg[0]/D                                                                          |
+---------------------------+-------------------------------------------------------------------------------------------------------+
* Bounding box calculated as % of dimensions for the target device (308, 299)


2. Logic Level Distribution
---------------------------

+-----------------+-------------+---+----+-----+----+-----+-----+-----+-----+----+----+
| End Point Clock | Requirement | 0 |  1 |  2  |  3 |  4  |  5  |  6  |  7  |  8 |  9 |
+-----------------+-------------+---+----+-----+----+-----+-----+-----+-----+----+----+
| ap_clk          | 10.000ns    | 2 | 12 | 144 | 40 | 172 | 150 | 274 | 165 | 27 | 14 |
+-----------------+-------------+---+----+-----+----+-----+-----+-----+-----+----+----+
* Columns represent the logic levels per end point clock
** Distribution is for top worst 1000 paths


3. Placer Final Level Congestion Reporting
------------------------------------------

+-----------+------+-------+------------+--------+---------------+----------------+-----+--------+------+------+------+-----+-------+-----+------------+
| Direction | Type | Level | Congestion | Window | Combined LUTs | Avg LUT Inputs | LUT | LUTRAM | Flop | MUXF | RAMB | DSP | CARRY | SRL | Cell Names |
+-----------+------+-------+------------+--------+---------------+----------------+-----+--------+------+------+------+-----+-------+-----+------------+
* The design has not been placed, hence congestion data is not available. The command report_design_analysis -congestion should be run only after place_design has completed.


