Copyright 1986-2022 Xilinx, Inc. All Rights Reserved. Copyright 2022-2025 Advanced Micro Devices, Inc. All Rights Reserved.
---------------------------------------------------------------------------------------------------------------------------------------------
| Tool Version : Vivado v.2025.2 (lin64) Build 6299465 Fri Nov 14 12:34:56 MST 2025
| Date         : Sat Mar  7 19:19:46 2026
| Host         : universal-constructor running 64-bit Ubuntu 24.04.3 LTS
| Command      : report_timing -max_paths 10 -file ./report/top_timing_paths_routed.rpt
| Design       : bd_0_wrapper
| Device       : 7z020-clg484
| Speed File   : -1  PRODUCTION 1.12 2019-11-22
| Design State : Routed
---------------------------------------------------------------------------------------------------------------------------------------------

Timing Report

Slack (MET) :             0.699ns  (required time - arrival time)
  Source:                 bd_0_i/hls_inst/inst/gmem1_m_axi_U/load_unit_0/bus_wide_gen.data_buf_reg[4]/C
                            (rising edge-triggered cell FDRE clocked by ap_clk  {rise@0.000ns fall@5.000ns period=10.000ns})
  Destination:            bd_0_i/hls_inst/inst/grp_conv1_fu_527/conv1_ap_fixed_8_5_ap_q_mode_5_ap_o_mode_3_0_ap_fixed_8_5_ap_q_mode_5_ap_o_mode_3_0_ap_fixed_8_5_ap_q_mode_5_ap_o_mode_3_0_ap_fixed_8_5_ap_q_mode_5_ap_o_mode_3_0_local_wei_25_reg[4]/D
                            (rising edge-triggered cell FDRE clocked by ap_clk  {rise@0.000ns fall@5.000ns period=10.000ns})
  Path Group:             ap_clk
  Path Type:              Setup (Max at Slow Process Corner)
  Requirement:            10.000ns  (ap_clk rise@10.000ns - ap_clk rise@0.000ns)
  Data Path Delay:        9.156ns  (logic 0.456ns (4.980%)  route 8.700ns (95.020%))
  Logic Levels:           0  
  Clock Path Skew:        -0.049ns (DCD - SCD + CPR)
    Destination Clock Delay (DCD):    0.924ns = ( 10.924 - 10.000 ) 
    Source Clock Delay      (SCD):    0.973ns
    Clock Pessimism Removal (CPR):    0.000ns
  Clock Uncertainty:      0.035ns  ((TSJ^2 + TIJ^2)^1/2 + DJ) / 2 + PE
    Total System Jitter     (TSJ):    0.071ns
    Total Input Jitter      (TIJ):    0.000ns
    Discrete Jitter          (DJ):    0.000ns
    Phase Error              (PE):    0.000ns

    Location             Delay type                Incr(ns)  Path(ns)    Netlist Resource(s)
  -------------------------------------------------------------------    -------------------
                         (clock ap_clk rise edge)     0.000     0.000 r  
                                                      0.000     0.000 r  ap_clk (IN)
                         net (fo=7885, unset)         0.973     0.973    bd_0_i/hls_inst/inst/gmem1_m_axi_U/load_unit_0/ap_clk
    SLICE_X81Y25         FDRE                                         r  bd_0_i/hls_inst/inst/gmem1_m_axi_U/load_unit_0/bus_wide_gen.data_buf_reg[4]/C
  -------------------------------------------------------------------    -------------------
    SLICE_X81Y25         FDRE (Prop_fdre_C_Q)         0.456     1.429 r  bd_0_i/hls_inst/inst/gmem1_m_axi_U/load_unit_0/bus_wide_gen.data_buf_reg[4]/Q
                         net (fo=108, routed)         8.700    10.129    bd_0_i/hls_inst/inst/grp_conv1_fu_527/p_ZZ5conv1P8ap_fixedILi8ELi5EL9ap_q_mode5EL9ap_o_mode3ELi0EES3_S3_S3_E12local_wei_9_reg[7]_0[4]
    SLICE_X13Y20         FDRE                                         r  bd_0_i/hls_inst/inst/grp_conv1_fu_527/conv1_ap_fixed_8_5_ap_q_mode_5_ap_o_mode_3_0_ap_fixed_8_5_ap_q_mode_5_ap_o_mode_3_0_ap_fixed_8_5_ap_q_mode_5_ap_o_mode_3_0_ap_fixed_8_5_ap_q_mode_5_ap_o_mode_3_0_local_wei_25_reg[4]/D
  -------------------------------------------------------------------    -------------------

                         (clock ap_clk rise edge)    10.000    10.000 r  
                                                      0.000    10.000 r  ap_clk (IN)
                         net (fo=7885, unset)         0.924    10.924    bd_0_i/hls_inst/inst/grp_conv1_fu_527/ap_clk
    SLICE_X13Y20         FDRE                                         r  bd_0_i/hls_inst/inst/grp_conv1_fu_527/conv1_ap_fixed_8_5_ap_q_mode_5_ap_o_mode_3_0_ap_fixed_8_5_ap_q_mode_5_ap_o_mode_3_0_ap_fixed_8_5_ap_q_mode_5_ap_o_mode_3_0_ap_fixed_8_5_ap_q_mode_5_ap_o_mode_3_0_local_wei_25_reg[4]/C
                         clock pessimism              0.000    10.924    
                         clock uncertainty           -0.035    10.889    
    SLICE_X13Y20         FDRE (Setup_fdre_C_D)       -0.061    10.828    bd_0_i/hls_inst/inst/grp_conv1_fu_527/conv1_ap_fixed_8_5_ap_q_mode_5_ap_o_mode_3_0_ap_fixed_8_5_ap_q_mode_5_ap_o_mode_3_0_ap_fixed_8_5_ap_q_mode_5_ap_o_mode_3_0_ap_fixed_8_5_ap_q_mode_5_ap_o_mode_3_0_local_wei_25_reg[4]
  -------------------------------------------------------------------
                         required time                         10.828    
                         arrival time                         -10.129    
  -------------------------------------------------------------------
                         slack                                  0.699    

Slack (MET) :             0.758ns  (required time - arrival time)
  Source:                 bd_0_i/hls_inst/inst/gmem1_m_axi_U/load_unit_0/bus_wide_gen.data_buf_reg[4]/C
                            (rising edge-triggered cell FDRE clocked by ap_clk  {rise@0.000ns fall@5.000ns period=10.000ns})
  Destination:            bd_0_i/hls_inst/inst/grp_conv1_fu_527/conv1_ap_fixed_ap_fixed_ap_fixed_ap_fixed_8_5_5_3_0_local_weight_8_reg[4]/D
                            (rising edge-triggered cell FDRE clocked by ap_clk  {rise@0.000ns fall@5.000ns period=10.000ns})
  Path Group:             ap_clk
  Path Type:              Setup (Max at Slow Process Corner)
  Requirement:            10.000ns  (ap_clk rise@10.000ns - ap_clk rise@0.000ns)
  Data Path Delay:        9.130ns  (logic 0.456ns (4.994%)  route 8.674ns (95.006%))
  Logic Levels:           0  
  Clock Path Skew:        -0.049ns (DCD - SCD + CPR)
    Destination Clock Delay (DCD):    0.924ns = ( 10.924 - 10.000 ) 
    Source Clock Delay      (SCD):    0.973ns
    Clock Pessimism Removal (CPR):    0.000ns
  Clock Uncertainty:      0.035ns  ((TSJ^2 + TIJ^2)^1/2 + DJ) / 2 + PE
    Total System Jitter     (TSJ):    0.071ns
    Total Input Jitter      (TIJ):    0.000ns
    Discrete Jitter          (DJ):    0.000ns
    Phase Error              (PE):    0.000ns

    Location             Delay type                Incr(ns)  Path(ns)    Netlist Resource(s)
  -------------------------------------------------------------------    -------------------
                         (clock ap_clk rise edge)     0.000     0.000 r  
                                                      0.000     0.000 r  ap_clk (IN)
                         net (fo=7885, unset)         0.973     0.973    bd_0_i/hls_inst/inst/gmem1_m_axi_U/load_unit_0/ap_clk
    SLICE_X81Y25         FDRE                                         r  bd_0_i/hls_inst/inst/gmem1_m_axi_U/load_unit_0/bus_wide_gen.data_buf_reg[4]/C
  -------------------------------------------------------------------    -------------------
    SLICE_X81Y25         FDRE (Prop_fdre_C_Q)         0.456     1.429 r  bd_0_i/hls_inst/inst/gmem1_m_axi_U/load_unit_0/bus_wide_gen.data_buf_reg[4]/Q
                         net (fo=108, routed)         8.674    10.103    bd_0_i/hls_inst/inst/grp_conv1_fu_527/p_ZZ5conv1P8ap_fixedILi8ELi5EL9ap_q_mode5EL9ap_o_mode3ELi0EES3_S3_S3_E12local_wei_9_reg[7]_0[4]
    SLICE_X16Y19         FDRE                                         r  bd_0_i/hls_inst/inst/grp_conv1_fu_527/conv1_ap_fixed_ap_fixed_ap_fixed_ap_fixed_8_5_5_3_0_local_weight_8_reg[4]/D
  -------------------------------------------------------------------    -------------------

                         (clock ap_clk rise edge)    10.000    10.000 r  
                                                      0.000    10.000 r  ap_clk (IN)
                         net (fo=7885, unset)         0.924    10.924    bd_0_i/hls_inst/inst/grp_conv1_fu_527/ap_clk
    SLICE_X16Y19         FDRE                                         r  bd_0_i/hls_inst/inst/grp_conv1_fu_527/conv1_ap_fixed_ap_fixed_ap_fixed_ap_fixed_8_5_5_3_0_local_weight_8_reg[4]/C
                         clock pessimism              0.000    10.924    
                         clock uncertainty           -0.035    10.889    
    SLICE_X16Y19         FDRE (Setup_fdre_C_D)       -0.028    10.861    bd_0_i/hls_inst/inst/grp_conv1_fu_527/conv1_ap_fixed_ap_fixed_ap_fixed_ap_fixed_8_5_5_3_0_local_weight_8_reg[4]
  -------------------------------------------------------------------
                         required time                         10.861    
                         arrival time                         -10.103    
  -------------------------------------------------------------------
                         slack                                  0.758    

Slack (MET) :             0.838ns  (required time - arrival time)
  Source:                 bd_0_i/hls_inst/inst/grp_pool_1_fu_795/grp_pool_1_Pipeline_CO_LOOP_H_LOOP_W_LOOP_fu_110/val_reg_1180_reg[1]/C
                            (rising edge-triggered cell FDRE clocked by ap_clk  {rise@0.000ns fall@5.000ns period=10.000ns})
  Destination:            bd_0_i/hls_inst/inst/grp_pool_1_fu_795/grp_pool_1_Pipeline_CO_LOOP_H_LOOP_W_LOOP_fu_110/max_val_10_reg_1225_reg[5]/D
                            (rising edge-triggered cell FDRE clocked by ap_clk  {rise@0.000ns fall@5.000ns period=10.000ns})
  Path Group:             ap_clk
  Path Type:              Setup (Max at Slow Process Corner)
  Requirement:            10.000ns  (ap_clk rise@10.000ns - ap_clk rise@0.000ns)
  Data Path Delay:        9.107ns  (logic 3.159ns (34.686%)  route 5.948ns (65.314%))
  Logic Levels:           9  (CARRY4=3 LUT3=2 LUT4=1 LUT5=1 LUT6=2)
  Clock Path Skew:        -0.049ns (DCD - SCD + CPR)
    Destination Clock Delay (DCD):    0.924ns = ( 10.924 - 10.000 ) 
    Source Clock Delay      (SCD):    0.973ns
    Clock Pessimism Removal (CPR):    0.000ns
  Clock Uncertainty:      0.035ns  ((TSJ^2 + TIJ^2)^1/2 + DJ) / 2 + PE
    Total System Jitter     (TSJ):    0.071ns
    Total Input Jitter      (TIJ):    0.000ns
    Discrete Jitter          (DJ):    0.000ns
    Phase Error              (PE):    0.000ns

    Location             Delay type                Incr(ns)  Path(ns)    Netlist Resource(s)
  -------------------------------------------------------------------    -------------------
                         (clock ap_clk rise edge)     0.000     0.000 r  
                                                      0.000     0.000 r  ap_clk (IN)
                         net (fo=7885, unset)         0.973     0.973    bd_0_i/hls_inst/inst/grp_pool_1_fu_795/grp_pool_1_Pipeline_CO_LOOP_H_LOOP_W_LOOP_fu_110/ap_clk
    SLICE_X29Y16         FDRE                                         r  bd_0_i/hls_inst/inst/grp_pool_1_fu_795/grp_pool_1_Pipeline_CO_LOOP_H_LOOP_W_LOOP_fu_110/val_reg_1180_reg[1]/C
  -------------------------------------------------------------------    -------------------
    SLICE_X29Y16         FDRE (Prop_fdre_C_Q)         0.419     1.392 r  bd_0_i/hls_inst/inst/grp_pool_1_fu_795/grp_pool_1_Pipeline_CO_LOOP_H_LOOP_W_LOOP_fu_110/val_reg_1180_reg[1]/Q
                         net (fo=6, routed)           1.178     2.570    bd_0_i/hls_inst/inst/grp_pool_1_fu_795/grp_pool_1_Pipeline_CO_LOOP_H_LOOP_W_LOOP_fu_110/val_reg_1180[1]
    SLICE_X28Y12         LUT4 (Prop_lut4_I1_O)        0.299     2.869 r  bd_0_i/hls_inst/inst/grp_pool_1_fu_795/grp_pool_1_Pipeline_CO_LOOP_H_LOOP_W_LOOP_fu_110/icmp_ln37_1_fu_900_p2_carry_i_8/O
                         net (fo=1, routed)           0.000     2.869    bd_0_i/hls_inst/inst/grp_pool_1_fu_795/grp_pool_1_Pipeline_CO_LOOP_H_LOOP_W_LOOP_fu_110/icmp_ln37_1_fu_900_p2_carry_i_8_n_6
    SLICE_X28Y12         CARRY4 (Prop_carry4_S[0]_CO[3])
                                                      0.532     3.401 r  bd_0_i/hls_inst/inst/grp_pool_1_fu_795/grp_pool_1_Pipeline_CO_LOOP_H_LOOP_W_LOOP_fu_110/icmp_ln37_1_fu_900_p2_carry/CO[3]
                         net (fo=18, routed)          0.977     4.377    bd_0_i/hls_inst/inst/grp_pool_1_fu_795/grp_pool_1_Pipeline_CO_LOOP_H_LOOP_W_LOOP_fu_110/icmp_ln37_1_fu_900_p2_carry_n_6
    SLICE_X29Y12         LUT3 (Prop_lut3_I1_O)        0.153     4.530 f  bd_0_i/hls_inst/inst/grp_pool_1_fu_795/grp_pool_1_Pipeline_CO_LOOP_H_LOOP_W_LOOP_fu_110/max_val_10_reg_1225[2]_i_3/O
                         net (fo=5, routed)           0.435     4.965    bd_0_i/hls_inst/inst/grp_pool_1_fu_795/grp_pool_1_Pipeline_CO_LOOP_H_LOOP_W_LOOP_fu_110/max_val_10_reg_1225[2]_i_3_n_6
    SLICE_X29Y13         LUT6 (Prop_lut6_I1_O)        0.327     5.292 r  bd_0_i/hls_inst/inst/grp_pool_1_fu_795/grp_pool_1_Pipeline_CO_LOOP_H_LOOP_W_LOOP_fu_110/icmp_ln37_2_fu_915_p2_carry_i_3/O
                         net (fo=1, routed)           0.546     5.838    bd_0_i/hls_inst/inst/grp_pool_1_fu_795/grp_pool_1_Pipeline_CO_LOOP_H_LOOP_W_LOOP_fu_110/icmp_ln37_2_fu_915_p2_carry_i_3_n_6
    SLICE_X29Y15         CARRY4 (Prop_carry4_DI[1]_CO[3])
                                                      0.507     6.345 r  bd_0_i/hls_inst/inst/grp_pool_1_fu_795/grp_pool_1_Pipeline_CO_LOOP_H_LOOP_W_LOOP_fu_110/icmp_ln37_2_fu_915_p2_carry/CO[3]
                         net (fo=16, routed)          0.828     7.173    bd_0_i/hls_inst/inst/grp_pool_1_fu_795/grp_pool_1_Pipeline_CO_LOOP_H_LOOP_W_LOOP_fu_110/icmp_ln37_2_fu_915_p2_carry_n_6
    SLICE_X31Y15         LUT5 (Prop_lut5_I1_O)        0.124     7.297 f  bd_0_i/hls_inst/inst/grp_pool_1_fu_795/grp_pool_1_Pipeline_CO_LOOP_H_LOOP_W_LOOP_fu_110/max_val_10_reg_1225[1]_i_3/O
                         net (fo=2, routed)           0.538     7.835    bd_0_i/hls_inst/inst/grp_pool_1_fu_795/grp_pool_1_Pipeline_CO_LOOP_H_LOOP_W_LOOP_fu_110/p_0_in0_in[1]
    SLICE_X30Y15         LUT6 (Prop_lut6_I4_O)        0.124     7.959 r  bd_0_i/hls_inst/inst/grp_pool_1_fu_795/grp_pool_1_Pipeline_CO_LOOP_H_LOOP_W_LOOP_fu_110/icmp_ln37_3_fu_962_p2_carry_i_4/O
                         net (fo=1, routed)           0.473     8.432    bd_0_i/hls_inst/inst/grp_pool_1_fu_795/grp_pool_1_Pipeline_CO_LOOP_H_LOOP_W_LOOP_fu_110/icmp_ln37_3_fu_962_p2_carry_i_4_n_6
    SLICE_X30Y14         CARRY4 (Prop_carry4_DI[0]_CO[3])
                                                      0.550     8.982 r  bd_0_i/hls_inst/inst/grp_pool_1_fu_795/grp_pool_1_Pipeline_CO_LOOP_H_LOOP_W_LOOP_fu_110/icmp_ln37_3_fu_962_p2_carry/CO[3]
                         net (fo=7, routed)           0.975     9.956    bd_0_i/hls_inst/inst/grp_pool_1_fu_795/grp_pool_1_Pipeline_CO_LOOP_H_LOOP_W_LOOP_fu_110/icmp_ln37_3_fu_962_p2_carry_n_6
    SLICE_X31Y14         LUT3 (Prop_lut3_I1_O)        0.124    10.080 r  bd_0_i/hls_inst/inst/grp_pool_1_fu_795/grp_pool_1_Pipeline_CO_LOOP_H_LOOP_W_LOOP_fu_110/max_val_10_reg_1225[5]_i_1/O
                         net (fo=1, routed)           0.000    10.080    bd_0_i/hls_inst/inst/grp_pool_1_fu_795/grp_pool_1_Pipeline_CO_LOOP_H_LOOP_W_LOOP_fu_110/max_val_10_fu_968_p3[5]
    SLICE_X31Y14         FDRE                                         r  bd_0_i/hls_inst/inst/grp_pool_1_fu_795/grp_pool_1_Pipeline_CO_LOOP_H_LOOP_W_LOOP_fu_110/max_val_10_reg_1225_reg[5]/D
  -------------------------------------------------------------------    -------------------

                         (clock ap_clk rise edge)    10.000    10.000 r  
                                                      0.000    10.000 r  ap_clk (IN)
                         net (fo=7885, unset)         0.924    10.924    bd_0_i/hls_inst/inst/grp_pool_1_fu_795/grp_pool_1_Pipeline_CO_LOOP_H_LOOP_W_LOOP_fu_110/ap_clk
    SLICE_X31Y14         FDRE                                         r  bd_0_i/hls_inst/inst/grp_pool_1_fu_795/grp_pool_1_Pipeline_CO_LOOP_H_LOOP_W_LOOP_fu_110/max_val_10_reg_1225_reg[5]/C
                         clock pessimism              0.000    10.924    
                         clock uncertainty           -0.035    10.889    
    SLICE_X31Y14         FDRE (Setup_fdre_C_D)        0.029    10.918    bd_0_i/hls_inst/inst/grp_pool_1_fu_795/grp_pool_1_Pipeline_CO_LOOP_H_LOOP_W_LOOP_fu_110/max_val_10_reg_1225_reg[5]
  -------------------------------------------------------------------
                         required time                         10.918    
                         arrival time                         -10.080    
  -------------------------------------------------------------------
                         slack                                  0.838    

Slack (MET) :             0.851ns  (required time - arrival time)
  Source:                 bd_0_i/hls_inst/inst/gmem1_m_axi_U/load_unit_0/bus_wide_gen.data_buf_reg[4]/C
                            (rising edge-triggered cell FDRE clocked by ap_clk  {rise@0.000ns fall@5.000ns period=10.000ns})
  Destination:            bd_0_i/hls_inst/inst/grp_conv1_fu_527/conv1_ap_fixed_8_5_ap_q_mode_5_ap_o_mode_3_0_ap_fixed_8_5_ap_q_mode_5_ap_o_mode_3_0_ap_fixed_8_5_ap_q_mode_5_ap_o_mode_3_0_ap_fixed_8_5_ap_q_mode_5_ap_o_mode_3_0_local_wei_52_reg[4]/D
                            (rising edge-triggered cell FDRE clocked by ap_clk  {rise@0.000ns fall@5.000ns period=10.000ns})
  Path Group:             ap_clk
  Path Type:              Setup (Max at Slow Process Corner)
  Requirement:            10.000ns  (ap_clk rise@10.000ns - ap_clk rise@0.000ns)
  Data Path Delay:        8.984ns  (logic 0.456ns (5.075%)  route 8.528ns (94.925%))
  Logic Levels:           0  
  Clock Path Skew:        -0.049ns (DCD - SCD + CPR)
    Destination Clock Delay (DCD):    0.924ns = ( 10.924 - 10.000 ) 
    Source Clock Delay      (SCD):    0.973ns
    Clock Pessimism Removal (CPR):    0.000ns
  Clock Uncertainty:      0.035ns  ((TSJ^2 + TIJ^2)^1/2 + DJ) / 2 + PE
    Total System Jitter     (TSJ):    0.071ns
    Total Input Jitter      (TIJ):    0.000ns
    Discrete Jitter          (DJ):    0.000ns
    Phase Error              (PE):    0.000ns

    Location             Delay type                Incr(ns)  Path(ns)    Netlist Resource(s)
  -------------------------------------------------------------------    -------------------
                         (clock ap_clk rise edge)     0.000     0.000 r  
                                                      0.000     0.000 r  ap_clk (IN)
                         net (fo=7885, unset)         0.973     0.973    bd_0_i/hls_inst/inst/gmem1_m_axi_U/load_unit_0/ap_clk
    SLICE_X81Y25         FDRE                                         r  bd_0_i/hls_inst/inst/gmem1_m_axi_U/load_unit_0/bus_wide_gen.data_buf_reg[4]/C
  -------------------------------------------------------------------    -------------------
    SLICE_X81Y25         FDRE (Prop_fdre_C_Q)         0.456     1.429 r  bd_0_i/hls_inst/inst/gmem1_m_axi_U/load_unit_0/bus_wide_gen.data_buf_reg[4]/Q
                         net (fo=108, routed)         8.528     9.957    bd_0_i/hls_inst/inst/grp_conv1_fu_527/p_ZZ5conv1P8ap_fixedILi8ELi5EL9ap_q_mode5EL9ap_o_mode3ELi0EES3_S3_S3_E12local_wei_9_reg[7]_0[4]
    SLICE_X15Y19         FDRE                                         r  bd_0_i/hls_inst/inst/grp_conv1_fu_527/conv1_ap_fixed_8_5_ap_q_mode_5_ap_o_mode_3_0_ap_fixed_8_5_ap_q_mode_5_ap_o_mode_3_0_ap_fixed_8_5_ap_q_mode_5_ap_o_mode_3_0_ap_fixed_8_5_ap_q_mode_5_ap_o_mode_3_0_local_wei_52_reg[4]/D
  -------------------------------------------------------------------    -------------------

                         (clock ap_clk rise edge)    10.000    10.000 r  
                                                      0.000    10.000 r  ap_clk (IN)
                         net (fo=7885, unset)         0.924    10.924    bd_0_i/hls_inst/inst/grp_conv1_fu_527/ap_clk
    SLICE_X15Y19         FDRE                                         r  bd_0_i/hls_inst/inst/grp_conv1_fu_527/conv1_ap_fixed_8_5_ap_q_mode_5_ap_o_mode_3_0_ap_fixed_8_5_ap_q_mode_5_ap_o_mode_3_0_ap_fixed_8_5_ap_q_mode_5_ap_o_mode_3_0_ap_fixed_8_5_ap_q_mode_5_ap_o_mode_3_0_local_wei_52_reg[4]/C
                         clock pessimism              0.000    10.924    
                         clock uncertainty           -0.035    10.889    
    SLICE_X15Y19         FDRE (Setup_fdre_C_D)       -0.081    10.808    bd_0_i/hls_inst/inst/grp_conv1_fu_527/conv1_ap_fixed_8_5_ap_q_mode_5_ap_o_mode_3_0_ap_fixed_8_5_ap_q_mode_5_ap_o_mode_3_0_ap_fixed_8_5_ap_q_mode_5_ap_o_mode_3_0_ap_fixed_8_5_ap_q_mode_5_ap_o_mode_3_0_local_wei_52_reg[4]
  -------------------------------------------------------------------
                         required time                         10.808    
                         arrival time                          -9.957    
  -------------------------------------------------------------------
                         slack                                  0.851    

Slack (MET) :             0.890ns  (required time - arrival time)
  Source:                 bd_0_i/hls_inst/inst/grp_pool_1_fu_795/grp_pool_1_Pipeline_CO_LOOP_H_LOOP_W_LOOP_fu_110/val_reg_1180_reg[1]/C
                            (rising edge-triggered cell FDRE clocked by ap_clk  {rise@0.000ns fall@5.000ns period=10.000ns})
  Destination:            bd_0_i/hls_inst/inst/grp_pool_1_fu_795/grp_pool_1_Pipeline_CO_LOOP_H_LOOP_W_LOOP_fu_110/max_val_10_reg_1225_reg[6]/D
                            (rising edge-triggered cell FDRE clocked by ap_clk  {rise@0.000ns fall@5.000ns period=10.000ns})
  Path Group:             ap_clk
  Path Type:              Setup (Max at Slow Process Corner)
  Requirement:            10.000ns  (ap_clk rise@10.000ns - ap_clk rise@0.000ns)
  Data Path Delay:        9.101ns  (logic 3.153ns (34.643%)  route 5.948ns (65.357%))
  Logic Levels:           9  (CARRY4=3 LUT3=2 LUT4=1 LUT5=1 LUT6=2)
  Clock Path Skew:        -0.049ns (DCD - SCD + CPR)
    Destination Clock Delay (DCD):    0.924ns = ( 10.924 - 10.000 ) 
    Source Clock Delay      (SCD):    0.973ns
    Clock Pessimism Removal (CPR):    0.000ns
  Clock Uncertainty:      0.035ns  ((TSJ^2 + TIJ^2)^1/2 + DJ) / 2 + PE
    Total System Jitter     (TSJ):    0.071ns
    Total Input Jitter      (TIJ):    0.000ns
    Discrete Jitter          (DJ):    0.000ns
    Phase Error              (PE):    0.000ns

    Location             Delay type                Incr(ns)  Path(ns)    Netlist Resource(s)
  -------------------------------------------------------------------    -------------------
                         (clock ap_clk rise edge)     0.000     0.000 r  
                                                      0.000     0.000 r  ap_clk (IN)
                         net (fo=7885, unset)         0.973     0.973    bd_0_i/hls_inst/inst/grp_pool_1_fu_795/grp_pool_1_Pipeline_CO_LOOP_H_LOOP_W_LOOP_fu_110/ap_clk
    SLICE_X29Y16         FDRE                                         r  bd_0_i/hls_inst/inst/grp_pool_1_fu_795/grp_pool_1_Pipeline_CO_LOOP_H_LOOP_W_LOOP_fu_110/val_reg_1180_reg[1]/C
  -------------------------------------------------------------------    -------------------
    SLICE_X29Y16         FDRE (Prop_fdre_C_Q)         0.419     1.392 r  bd_0_i/hls_inst/inst/grp_pool_1_fu_795/grp_pool_1_Pipeline_CO_LOOP_H_LOOP_W_LOOP_fu_110/val_reg_1180_reg[1]/Q
                         net (fo=6, routed)           1.178     2.570    bd_0_i/hls_inst/inst/grp_pool_1_fu_795/grp_pool_1_Pipeline_CO_LOOP_H_LOOP_W_LOOP_fu_110/val_reg_1180[1]
    SLICE_X28Y12         LUT4 (Prop_lut4_I1_O)        0.299     2.869 r  bd_0_i/hls_inst/inst/grp_pool_1_fu_795/grp_pool_1_Pipeline_CO_LOOP_H_LOOP_W_LOOP_fu_110/icmp_ln37_1_fu_900_p2_carry_i_8/O
                         net (fo=1, routed)           0.000     2.869    bd_0_i/hls_inst/inst/grp_pool_1_fu_795/grp_pool_1_Pipeline_CO_LOOP_H_LOOP_W_LOOP_fu_110/icmp_ln37_1_fu_900_p2_carry_i_8_n_6
    SLICE_X28Y12         CARRY4 (Prop_carry4_S[0]_CO[3])
                                                      0.532     3.401 r  bd_0_i/hls_inst/inst/grp_pool_1_fu_795/grp_pool_1_Pipeline_CO_LOOP_H_LOOP_W_LOOP_fu_110/icmp_ln37_1_fu_900_p2_carry/CO[3]
                         net (fo=18, routed)          0.977     4.377    bd_0_i/hls_inst/inst/grp_pool_1_fu_795/grp_pool_1_Pipeline_CO_LOOP_H_LOOP_W_LOOP_fu_110/icmp_ln37_1_fu_900_p2_carry_n_6
    SLICE_X29Y12         LUT3 (Prop_lut3_I1_O)        0.153     4.530 f  bd_0_i/hls_inst/inst/grp_pool_1_fu_795/grp_pool_1_Pipeline_CO_LOOP_H_LOOP_W_LOOP_fu_110/max_val_10_reg_1225[2]_i_3/O
                         net (fo=5, routed)           0.435     4.965    bd_0_i/hls_inst/inst/grp_pool_1_fu_795/grp_pool_1_Pipeline_CO_LOOP_H_LOOP_W_LOOP_fu_110/max_val_10_reg_1225[2]_i_3_n_6
    SLICE_X29Y13         LUT6 (Prop_lut6_I1_O)        0.327     5.292 r  bd_0_i/hls_inst/inst/grp_pool_1_fu_795/grp_pool_1_Pipeline_CO_LOOP_H_LOOP_W_LOOP_fu_110/icmp_ln37_2_fu_915_p2_carry_i_3/O
                         net (fo=1, routed)           0.546     5.838    bd_0_i/hls_inst/inst/grp_pool_1_fu_795/grp_pool_1_Pipeline_CO_LOOP_H_LOOP_W_LOOP_fu_110/icmp_ln37_2_fu_915_p2_carry_i_3_n_6
    SLICE_X29Y15         CARRY4 (Prop_carry4_DI[1]_CO[3])
                                                      0.507     6.345 r  bd_0_i/hls_inst/inst/grp_pool_1_fu_795/grp_pool_1_Pipeline_CO_LOOP_H_LOOP_W_LOOP_fu_110/icmp_ln37_2_fu_915_p2_carry/CO[3]
                         net (fo=16, routed)          0.828     7.173    bd_0_i/hls_inst/inst/grp_pool_1_fu_795/grp_pool_1_Pipeline_CO_LOOP_H_LOOP_W_LOOP_fu_110/icmp_ln37_2_fu_915_p2_carry_n_6
    SLICE_X31Y15         LUT5 (Prop_lut5_I1_O)        0.124     7.297 f  bd_0_i/hls_inst/inst/grp_pool_1_fu_795/grp_pool_1_Pipeline_CO_LOOP_H_LOOP_W_LOOP_fu_110/max_val_10_reg_1225[1]_i_3/O
                         net (fo=2, routed)           0.538     7.835    bd_0_i/hls_inst/inst/grp_pool_1_fu_795/grp_pool_1_Pipeline_CO_LOOP_H_LOOP_W_LOOP_fu_110/p_0_in0_in[1]
    SLICE_X30Y15         LUT6 (Prop_lut6_I4_O)        0.124     7.959 r  bd_0_i/hls_inst/inst/grp_pool_1_fu_795/grp_pool_1_Pipeline_CO_LOOP_H_LOOP_W_LOOP_fu_110/icmp_ln37_3_fu_962_p2_carry_i_4/O
                         net (fo=1, routed)           0.473     8.432    bd_0_i/hls_inst/inst/grp_pool_1_fu_795/grp_pool_1_Pipeline_CO_LOOP_H_LOOP_W_LOOP_fu_110/icmp_ln37_3_fu_962_p2_carry_i_4_n_6
    SLICE_X30Y14         CARRY4 (Prop_carry4_DI[0]_CO[3])
                                                      0.550     8.982 r  bd_0_i/hls_inst/inst/grp_pool_1_fu_795/grp_pool_1_Pipeline_CO_LOOP_H_LOOP_W_LOOP_fu_110/icmp_ln37_3_fu_962_p2_carry/CO[3]
                         net (fo=7, routed)           0.975     9.956    bd_0_i/hls_inst/inst/grp_pool_1_fu_795/grp_pool_1_Pipeline_CO_LOOP_H_LOOP_W_LOOP_fu_110/icmp_ln37_3_fu_962_p2_carry_n_6
    SLICE_X31Y14         LUT3 (Prop_lut3_I1_O)        0.118    10.074 r  bd_0_i/hls_inst/inst/grp_pool_1_fu_795/grp_pool_1_Pipeline_CO_LOOP_H_LOOP_W_LOOP_fu_110/max_val_10_reg_1225[6]_i_1/O
                         net (fo=1, routed)           0.000    10.074    bd_0_i/hls_inst/inst/grp_pool_1_fu_795/grp_pool_1_Pipeline_CO_LOOP_H_LOOP_W_LOOP_fu_110/max_val_10_fu_968_p3[6]
    SLICE_X31Y14         FDRE                                         r  bd_0_i/hls_inst/inst/grp_pool_1_fu_795/grp_pool_1_Pipeline_CO_LOOP_H_LOOP_W_LOOP_fu_110/max_val_10_reg_1225_reg[6]/D
  -------------------------------------------------------------------    -------------------

                         (clock ap_clk rise edge)    10.000    10.000 r  
                                                      0.000    10.000 r  ap_clk (IN)
                         net (fo=7885, unset)         0.924    10.924    bd_0_i/hls_inst/inst/grp_pool_1_fu_795/grp_pool_1_Pipeline_CO_LOOP_H_LOOP_W_LOOP_fu_110/ap_clk
    SLICE_X31Y14         FDRE                                         r  bd_0_i/hls_inst/inst/grp_pool_1_fu_795/grp_pool_1_Pipeline_CO_LOOP_H_LOOP_W_LOOP_fu_110/max_val_10_reg_1225_reg[6]/C
                         clock pessimism              0.000    10.924    
                         clock uncertainty           -0.035    10.889    
    SLICE_X31Y14         FDRE (Setup_fdre_C_D)        0.075    10.964    bd_0_i/hls_inst/inst/grp_pool_1_fu_795/grp_pool_1_Pipeline_CO_LOOP_H_LOOP_W_LOOP_fu_110/max_val_10_reg_1225_reg[6]
  -------------------------------------------------------------------
                         required time                         10.964    
                         arrival time                         -10.074    
  -------------------------------------------------------------------
                         slack                                  0.890    

Slack (MET) :             0.916ns  (required time - arrival time)
  Source:                 bd_0_i/hls_inst/inst/gmem1_m_axi_U/load_unit_0/bus_wide_gen.data_buf_reg[4]/C
                            (rising edge-triggered cell FDRE clocked by ap_clk  {rise@0.000ns fall@5.000ns period=10.000ns})
  Destination:            bd_0_i/hls_inst/inst/grp_conv1_fu_527/conv1_ap_fixed_8_5_ap_q_mode_5_ap_o_mode_3_0_ap_fixed_8_5_ap_q_mode_5_ap_o_mode_3_0_ap_fixed_8_5_ap_q_mode_5_ap_o_mode_3_0_ap_fixed_8_5_ap_q_mode_5_ap_o_mode_3_0_local_wei_16_reg[4]/D
                            (rising edge-triggered cell FDRE clocked by ap_clk  {rise@0.000ns fall@5.000ns period=10.000ns})
  Path Group:             ap_clk
  Path Type:              Setup (Max at Slow Process Corner)
  Requirement:            10.000ns  (ap_clk rise@10.000ns - ap_clk rise@0.000ns)
  Data Path Delay:        8.955ns  (logic 0.456ns (5.092%)  route 8.499ns (94.908%))
  Logic Levels:           0  
  Clock Path Skew:        -0.049ns (DCD - SCD + CPR)
    Destination Clock Delay (DCD):    0.924ns = ( 10.924 - 10.000 ) 
    Source Clock Delay      (SCD):    0.973ns
    Clock Pessimism Removal (CPR):    0.000ns
  Clock Uncertainty:      0.035ns  ((TSJ^2 + TIJ^2)^1/2 + DJ) / 2 + PE
    Total System Jitter     (TSJ):    0.071ns
    Total Input Jitter      (TIJ):    0.000ns
    Discrete Jitter          (DJ):    0.000ns
    Phase Error              (PE):    0.000ns

    Location             Delay type                Incr(ns)  Path(ns)    Netlist Resource(s)
  -------------------------------------------------------------------    -------------------
                         (clock ap_clk rise edge)     0.000     0.000 r  
                                                      0.000     0.000 r  ap_clk (IN)
                         net (fo=7885, unset)         0.973     0.973    bd_0_i/hls_inst/inst/gmem1_m_axi_U/load_unit_0/ap_clk
    SLICE_X81Y25         FDRE                                         r  bd_0_i/hls_inst/inst/gmem1_m_axi_U/load_unit_0/bus_wide_gen.data_buf_reg[4]/C
  -------------------------------------------------------------------    -------------------
    SLICE_X81Y25         FDRE (Prop_fdre_C_Q)         0.456     1.429 r  bd_0_i/hls_inst/inst/gmem1_m_axi_U/load_unit_0/bus_wide_gen.data_buf_reg[4]/Q
                         net (fo=108, routed)         8.499     9.928    bd_0_i/hls_inst/inst/grp_conv1_fu_527/p_ZZ5conv1P8ap_fixedILi8ELi5EL9ap_q_mode5EL9ap_o_mode3ELi0EES3_S3_S3_E12local_wei_9_reg[7]_0[4]
    SLICE_X14Y19         FDRE                                         r  bd_0_i/hls_inst/inst/grp_conv1_fu_527/conv1_ap_fixed_8_5_ap_q_mode_5_ap_o_mode_3_0_ap_fixed_8_5_ap_q_mode_5_ap_o_mode_3_0_ap_fixed_8_5_ap_q_mode_5_ap_o_mode_3_0_ap_fixed_8_5_ap_q_mode_5_ap_o_mode_3_0_local_wei_16_reg[4]/D
  -------------------------------------------------------------------    -------------------

                         (clock ap_clk rise edge)    10.000    10.000 r  
                                                      0.000    10.000 r  ap_clk (IN)
                         net (fo=7885, unset)         0.924    10.924    bd_0_i/hls_inst/inst/grp_conv1_fu_527/ap_clk
    SLICE_X14Y19         FDRE                                         r  bd_0_i/hls_inst/inst/grp_conv1_fu_527/conv1_ap_fixed_8_5_ap_q_mode_5_ap_o_mode_3_0_ap_fixed_8_5_ap_q_mode_5_ap_o_mode_3_0_ap_fixed_8_5_ap_q_mode_5_ap_o_mode_3_0_ap_fixed_8_5_ap_q_mode_5_ap_o_mode_3_0_local_wei_16_reg[4]/C
                         clock pessimism              0.000    10.924    
                         clock uncertainty           -0.035    10.889    
    SLICE_X14Y19         FDRE (Setup_fdre_C_D)       -0.045    10.844    bd_0_i/hls_inst/inst/grp_conv1_fu_527/conv1_ap_fixed_8_5_ap_q_mode_5_ap_o_mode_3_0_ap_fixed_8_5_ap_q_mode_5_ap_o_mode_3_0_ap_fixed_8_5_ap_q_mode_5_ap_o_mode_3_0_ap_fixed_8_5_ap_q_mode_5_ap_o_mode_3_0_local_wei_16_reg[4]
  -------------------------------------------------------------------
                         required time                         10.844    
                         arrival time                          -9.928    
  -------------------------------------------------------------------
                         slack                                  0.916    

Slack (MET) :             0.916ns  (required time - arrival time)
  Source:                 bd_0_i/hls_inst/inst/gmem1_m_axi_U/load_unit_0/bus_wide_gen.data_buf_reg[4]/C
                            (rising edge-triggered cell FDRE clocked by ap_clk  {rise@0.000ns fall@5.000ns period=10.000ns})
  Destination:            bd_0_i/hls_inst/inst/grp_conv1_fu_527/conv1_ap_fixed_8_5_ap_q_mode_5_ap_o_mode_3_0_ap_fixed_8_5_ap_q_mode_5_ap_o_mode_3_0_ap_fixed_8_5_ap_q_mode_5_ap_o_mode_3_0_ap_fixed_8_5_ap_q_mode_5_ap_o_mode_3_0_local_wei_51_reg[4]/D
                            (rising edge-triggered cell FDRE clocked by ap_clk  {rise@0.000ns fall@5.000ns period=10.000ns})
  Path Group:             ap_clk
  Path Type:              Setup (Max at Slow Process Corner)
  Requirement:            10.000ns  (ap_clk rise@10.000ns - ap_clk rise@0.000ns)
  Data Path Delay:        8.933ns  (logic 0.456ns (5.105%)  route 8.477ns (94.895%))
  Logic Levels:           0  
  Clock Path Skew:        -0.049ns (DCD - SCD + CPR)
    Destination Clock Delay (DCD):    0.924ns = ( 10.924 - 10.000 ) 
    Source Clock Delay      (SCD):    0.973ns
    Clock Pessimism Removal (CPR):    0.000ns
  Clock Uncertainty:      0.035ns  ((TSJ^2 + TIJ^2)^1/2 + DJ) / 2 + PE
    Total System Jitter     (TSJ):    0.071ns
    Total Input Jitter      (TIJ):    0.000ns
    Discrete Jitter          (DJ):    0.000ns
    Phase Error              (PE):    0.000ns

    Location             Delay type                Incr(ns)  Path(ns)    Netlist Resource(s)
  -------------------------------------------------------------------    -------------------
                         (clock ap_clk rise edge)     0.000     0.000 r  
                                                      0.000     0.000 r  ap_clk (IN)
                         net (fo=7885, unset)         0.973     0.973    bd_0_i/hls_inst/inst/gmem1_m_axi_U/load_unit_0/ap_clk
    SLICE_X81Y25         FDRE                                         r  bd_0_i/hls_inst/inst/gmem1_m_axi_U/load_unit_0/bus_wide_gen.data_buf_reg[4]/C
  -------------------------------------------------------------------    -------------------
    SLICE_X81Y25         FDRE (Prop_fdre_C_Q)         0.456     1.429 r  bd_0_i/hls_inst/inst/gmem1_m_axi_U/load_unit_0/bus_wide_gen.data_buf_reg[4]/Q
                         net (fo=108, routed)         8.477     9.906    bd_0_i/hls_inst/inst/grp_conv1_fu_527/p_ZZ5conv1P8ap_fixedILi8ELi5EL9ap_q_mode5EL9ap_o_mode3ELi0EES3_S3_S3_E12local_wei_9_reg[7]_0[4]
    SLICE_X11Y19         FDRE                                         r  bd_0_i/hls_inst/inst/grp_conv1_fu_527/conv1_ap_fixed_8_5_ap_q_mode_5_ap_o_mode_3_0_ap_fixed_8_5_ap_q_mode_5_ap_o_mode_3_0_ap_fixed_8_5_ap_q_mode_5_ap_o_mode_3_0_ap_fixed_8_5_ap_q_mode_5_ap_o_mode_3_0_local_wei_51_reg[4]/D
  -------------------------------------------------------------------    -------------------

                         (clock ap_clk rise edge)    10.000    10.000 r  
                                                      0.000    10.000 r  ap_clk (IN)
                         net (fo=7885, unset)         0.924    10.924    bd_0_i/hls_inst/inst/grp_conv1_fu_527/ap_clk
    SLICE_X11Y19         FDRE                                         r  bd_0_i/hls_inst/inst/grp_conv1_fu_527/conv1_ap_fixed_8_5_ap_q_mode_5_ap_o_mode_3_0_ap_fixed_8_5_ap_q_mode_5_ap_o_mode_3_0_ap_fixed_8_5_ap_q_mode_5_ap_o_mode_3_0_ap_fixed_8_5_ap_q_mode_5_ap_o_mode_3_0_local_wei_51_reg[4]/C
                         clock pessimism              0.000    10.924    
                         clock uncertainty           -0.035    10.889    
    SLICE_X11Y19         FDRE (Setup_fdre_C_D)       -0.067    10.822    bd_0_i/hls_inst/inst/grp_conv1_fu_527/conv1_ap_fixed_8_5_ap_q_mode_5_ap_o_mode_3_0_ap_fixed_8_5_ap_q_mode_5_ap_o_mode_3_0_ap_fixed_8_5_ap_q_mode_5_ap_o_mode_3_0_ap_fixed_8_5_ap_q_mode_5_ap_o_mode_3_0_local_wei_51_reg[4]
  -------------------------------------------------------------------
                         required time                         10.822    
                         arrival time                          -9.906    
  -------------------------------------------------------------------
                         slack                                  0.916    

Slack (MET) :             0.918ns  (required time - arrival time)
  Source:                 bd_0_i/hls_inst/inst/gmem1_m_axi_U/load_unit_0/bus_wide_gen.data_buf_reg[4]/C
                            (rising edge-triggered cell FDRE clocked by ap_clk  {rise@0.000ns fall@5.000ns period=10.000ns})
  Destination:            bd_0_i/hls_inst/inst/grp_conv1_fu_527/p_ZZ5conv1P8ap_fixedILi8ELi5EL9ap_q_mode5EL9ap_o_mode3ELi0EES3_S3_S3_E12local_wei_7_reg[4]/D
                            (rising edge-triggered cell FDRE clocked by ap_clk  {rise@0.000ns fall@5.000ns period=10.000ns})
  Path Group:             ap_clk
  Path Type:              Setup (Max at Slow Process Corner)
  Requirement:            10.000ns  (ap_clk rise@10.000ns - ap_clk rise@0.000ns)
  Data Path Delay:        8.967ns  (logic 0.456ns (5.085%)  route 8.511ns (94.915%))
  Logic Levels:           0  
  Clock Path Skew:        -0.049ns (DCD - SCD + CPR)
    Destination Clock Delay (DCD):    0.924ns = ( 10.924 - 10.000 ) 
    Source Clock Delay      (SCD):    0.973ns
    Clock Pessimism Removal (CPR):    0.000ns
  Clock Uncertainty:      0.035ns  ((TSJ^2 + TIJ^2)^1/2 + DJ) / 2 + PE
    Total System Jitter     (TSJ):    0.071ns
    Total Input Jitter      (TIJ):    0.000ns
    Discrete Jitter          (DJ):    0.000ns
    Phase Error              (PE):    0.000ns

    Location             Delay type                Incr(ns)  Path(ns)    Netlist Resource(s)
  -------------------------------------------------------------------    -------------------
                         (clock ap_clk rise edge)     0.000     0.000 r  
                                                      0.000     0.000 r  ap_clk (IN)
                         net (fo=7885, unset)         0.973     0.973    bd_0_i/hls_inst/inst/gmem1_m_axi_U/load_unit_0/ap_clk
    SLICE_X81Y25         FDRE                                         r  bd_0_i/hls_inst/inst/gmem1_m_axi_U/load_unit_0/bus_wide_gen.data_buf_reg[4]/C
  -------------------------------------------------------------------    -------------------
    SLICE_X81Y25         FDRE (Prop_fdre_C_Q)         0.456     1.429 r  bd_0_i/hls_inst/inst/gmem1_m_axi_U/load_unit_0/bus_wide_gen.data_buf_reg[4]/Q
                         net (fo=108, routed)         8.511     9.940    bd_0_i/hls_inst/inst/grp_conv1_fu_527/p_ZZ5conv1P8ap_fixedILi8ELi5EL9ap_q_mode5EL9ap_o_mode3ELi0EES3_S3_S3_E12local_wei_9_reg[7]_0[4]
    SLICE_X12Y20         FDRE                                         r  bd_0_i/hls_inst/inst/grp_conv1_fu_527/p_ZZ5conv1P8ap_fixedILi8ELi5EL9ap_q_mode5EL9ap_o_mode3ELi0EES3_S3_S3_E12local_wei_7_reg[4]/D
  -------------------------------------------------------------------    -------------------

                         (clock ap_clk rise edge)    10.000    10.000 r  
                                                      0.000    10.000 r  ap_clk (IN)
                         net (fo=7885, unset)         0.924    10.924    bd_0_i/hls_inst/inst/grp_conv1_fu_527/ap_clk
    SLICE_X12Y20         FDRE                                         r  bd_0_i/hls_inst/inst/grp_conv1_fu_527/p_ZZ5conv1P8ap_fixedILi8ELi5EL9ap_q_mode5EL9ap_o_mode3ELi0EES3_S3_S3_E12local_wei_7_reg[4]/C
                         clock pessimism              0.000    10.924    
                         clock uncertainty           -0.035    10.889    
    SLICE_X12Y20         FDRE (Setup_fdre_C_D)       -0.031    10.858    bd_0_i/hls_inst/inst/grp_conv1_fu_527/p_ZZ5conv1P8ap_fixedILi8ELi5EL9ap_q_mode5EL9ap_o_mode3ELi0EES3_S3_S3_E12local_wei_7_reg[4]
  -------------------------------------------------------------------
                         required time                         10.858    
                         arrival time                          -9.940    
  -------------------------------------------------------------------
                         slack                                  0.918    

Slack (MET) :             0.919ns  (required time - arrival time)
  Source:                 bd_0_i/hls_inst/inst/gmem1_m_axi_U/load_unit_0/bus_wide_gen.data_buf_reg[4]/C
                            (rising edge-triggered cell FDRE clocked by ap_clk  {rise@0.000ns fall@5.000ns period=10.000ns})
  Destination:            bd_0_i/hls_inst/inst/grp_conv1_fu_527/conv1_ap_fixed_8_5_ap_q_mode_5_ap_o_mode_3_0_ap_fixed_8_5_ap_q_mode_5_ap_o_mode_3_0_ap_fixed_8_5_ap_q_mode_5_ap_o_mode_3_0_ap_fixed_8_5_ap_q_mode_5_ap_o_mode_3_0_local_wei_43_reg[4]/D
                            (rising edge-triggered cell FDRE clocked by ap_clk  {rise@0.000ns fall@5.000ns period=10.000ns})
  Path Group:             ap_clk
  Path Type:              Setup (Max at Slow Process Corner)
  Requirement:            10.000ns  (ap_clk rise@10.000ns - ap_clk rise@0.000ns)
  Data Path Delay:        8.950ns  (logic 0.456ns (5.095%)  route 8.494ns (94.905%))
  Logic Levels:           0  
  Clock Path Skew:        -0.049ns (DCD - SCD + CPR)
    Destination Clock Delay (DCD):    0.924ns = ( 10.924 - 10.000 ) 
    Source Clock Delay      (SCD):    0.973ns
    Clock Pessimism Removal (CPR):    0.000ns
  Clock Uncertainty:      0.035ns  ((TSJ^2 + TIJ^2)^1/2 + DJ) / 2 + PE
    Total System Jitter     (TSJ):    0.071ns
    Total Input Jitter      (TIJ):    0.000ns
    Discrete Jitter          (DJ):    0.000ns
    Phase Error              (PE):    0.000ns

    Location             Delay type                Incr(ns)  Path(ns)    Netlist Resource(s)
  -------------------------------------------------------------------    -------------------
                         (clock ap_clk rise edge)     0.000     0.000 r  
                                                      0.000     0.000 r  ap_clk (IN)
                         net (fo=7885, unset)         0.973     0.973    bd_0_i/hls_inst/inst/gmem1_m_axi_U/load_unit_0/ap_clk
    SLICE_X81Y25         FDRE                                         r  bd_0_i/hls_inst/inst/gmem1_m_axi_U/load_unit_0/bus_wide_gen.data_buf_reg[4]/C
  -------------------------------------------------------------------    -------------------
    SLICE_X81Y25         FDRE (Prop_fdre_C_Q)         0.456     1.429 r  bd_0_i/hls_inst/inst/gmem1_m_axi_U/load_unit_0/bus_wide_gen.data_buf_reg[4]/Q
                         net (fo=108, routed)         8.494     9.923    bd_0_i/hls_inst/inst/grp_conv1_fu_527/p_ZZ5conv1P8ap_fixedILi8ELi5EL9ap_q_mode5EL9ap_o_mode3ELi0EES3_S3_S3_E12local_wei_9_reg[7]_0[4]
    SLICE_X13Y18         FDRE                                         r  bd_0_i/hls_inst/inst/grp_conv1_fu_527/conv1_ap_fixed_8_5_ap_q_mode_5_ap_o_mode_3_0_ap_fixed_8_5_ap_q_mode_5_ap_o_mode_3_0_ap_fixed_8_5_ap_q_mode_5_ap_o_mode_3_0_ap_fixed_8_5_ap_q_mode_5_ap_o_mode_3_0_local_wei_43_reg[4]/D
  -------------------------------------------------------------------    -------------------

                         (clock ap_clk rise edge)    10.000    10.000 r  
                                                      0.000    10.000 r  ap_clk (IN)
                         net (fo=7885, unset)         0.924    10.924    bd_0_i/hls_inst/inst/grp_conv1_fu_527/ap_clk
    SLICE_X13Y18         FDRE                                         r  bd_0_i/hls_inst/inst/grp_conv1_fu_527/conv1_ap_fixed_8_5_ap_q_mode_5_ap_o_mode_3_0_ap_fixed_8_5_ap_q_mode_5_ap_o_mode_3_0_ap_fixed_8_5_ap_q_mode_5_ap_o_mode_3_0_ap_fixed_8_5_ap_q_mode_5_ap_o_mode_3_0_local_wei_43_reg[4]/C
                         clock pessimism              0.000    10.924    
                         clock uncertainty           -0.035    10.889    
    SLICE_X13Y18         FDRE (Setup_fdre_C_D)       -0.047    10.842    bd_0_i/hls_inst/inst/grp_conv1_fu_527/conv1_ap_fixed_8_5_ap_q_mode_5_ap_o_mode_3_0_ap_fixed_8_5_ap_q_mode_5_ap_o_mode_3_0_ap_fixed_8_5_ap_q_mode_5_ap_o_mode_3_0_ap_fixed_8_5_ap_q_mode_5_ap_o_mode_3_0_local_wei_43_reg[4]
  -------------------------------------------------------------------
                         required time                         10.842    
                         arrival time                          -9.923    
  -------------------------------------------------------------------
                         slack                                  0.919    

Slack (MET) :             0.966ns  (required time - arrival time)
  Source:                 bd_0_i/hls_inst/inst/gmem1_m_axi_U/load_unit_0/bus_wide_gen.data_buf_reg[4]/C
                            (rising edge-triggered cell FDRE clocked by ap_clk  {rise@0.000ns fall@5.000ns period=10.000ns})
  Destination:            bd_0_i/hls_inst/inst/grp_conv1_fu_527/conv1_ap_fixed_8_5_ap_q_mode_5_ap_o_mode_3_0_ap_fixed_8_5_ap_q_mode_5_ap_o_mode_3_0_ap_fixed_8_5_ap_q_mode_5_ap_o_mode_3_0_ap_fixed_8_5_ap_q_mode_5_ap_o_mode_3_0_local_wei_12_reg[4]/D
                            (rising edge-triggered cell FDRE clocked by ap_clk  {rise@0.000ns fall@5.000ns period=10.000ns})
  Path Group:             ap_clk
  Path Type:              Setup (Max at Slow Process Corner)
  Requirement:            10.000ns  (ap_clk rise@10.000ns - ap_clk rise@0.000ns)
  Data Path Delay:        8.869ns  (logic 0.456ns (5.141%)  route 8.413ns (94.859%))
  Logic Levels:           0  
  Clock Path Skew:        -0.049ns (DCD - SCD + CPR)
    Destination Clock Delay (DCD):    0.924ns = ( 10.924 - 10.000 ) 
    Source Clock Delay      (SCD):    0.973ns
    Clock Pessimism Removal (CPR):    0.000ns
  Clock Uncertainty:      0.035ns  ((TSJ^2 + TIJ^2)^1/2 + DJ) / 2 + PE
    Total System Jitter     (TSJ):    0.071ns
    Total Input Jitter      (TIJ):    0.000ns
    Discrete Jitter          (DJ):    0.000ns
    Phase Error              (PE):    0.000ns

    Location             Delay type                Incr(ns)  Path(ns)    Netlist Resource(s)
  -------------------------------------------------------------------    -------------------
                         (clock ap_clk rise edge)     0.000     0.000 r  
                                                      0.000     0.000 r  ap_clk (IN)
                         net (fo=7885, unset)         0.973     0.973    bd_0_i/hls_inst/inst/gmem1_m_axi_U/load_unit_0/ap_clk
    SLICE_X81Y25         FDRE                                         r  bd_0_i/hls_inst/inst/gmem1_m_axi_U/load_unit_0/bus_wide_gen.data_buf_reg[4]/C
  -------------------------------------------------------------------    -------------------
    SLICE_X81Y25         FDRE (Prop_fdre_C_Q)         0.456     1.429 r  bd_0_i/hls_inst/inst/gmem1_m_axi_U/load_unit_0/bus_wide_gen.data_buf_reg[4]/Q
                         net (fo=108, routed)         8.413     9.842    bd_0_i/hls_inst/inst/grp_conv1_fu_527/p_ZZ5conv1P8ap_fixedILi8ELi5EL9ap_q_mode5EL9ap_o_mode3ELi0EES3_S3_S3_E12local_wei_9_reg[7]_0[4]
    SLICE_X11Y34         FDRE                                         r  bd_0_i/hls_inst/inst/grp_conv1_fu_527/conv1_ap_fixed_8_5_ap_q_mode_5_ap_o_mode_3_0_ap_fixed_8_5_ap_q_mode_5_ap_o_mode_3_0_ap_fixed_8_5_ap_q_mode_5_ap_o_mode_3_0_ap_fixed_8_5_ap_q_mode_5_ap_o_mode_3_0_local_wei_12_reg[4]/D
  -------------------------------------------------------------------    -------------------

                         (clock ap_clk rise edge)    10.000    10.000 r  
                                                      0.000    10.000 r  ap_clk (IN)
                         net (fo=7885, unset)         0.924    10.924    bd_0_i/hls_inst/inst/grp_conv1_fu_527/ap_clk
    SLICE_X11Y34         FDRE                                         r  bd_0_i/hls_inst/inst/grp_conv1_fu_527/conv1_ap_fixed_8_5_ap_q_mode_5_ap_o_mode_3_0_ap_fixed_8_5_ap_q_mode_5_ap_o_mode_3_0_ap_fixed_8_5_ap_q_mode_5_ap_o_mode_3_0_ap_fixed_8_5_ap_q_mode_5_ap_o_mode_3_0_local_wei_12_reg[4]/C
                         clock pessimism              0.000    10.924    
                         clock uncertainty           -0.035    10.889    
    SLICE_X11Y34         FDRE (Setup_fdre_C_D)       -0.081    10.808    bd_0_i/hls_inst/inst/grp_conv1_fu_527/conv1_ap_fixed_8_5_ap_q_mode_5_ap_o_mode_3_0_ap_fixed_8_5_ap_q_mode_5_ap_o_mode_3_0_ap_fixed_8_5_ap_q_mode_5_ap_o_mode_3_0_ap_fixed_8_5_ap_q_mode_5_ap_o_mode_3_0_local_wei_12_reg[4]
  -------------------------------------------------------------------
                         required time                         10.808    
                         arrival time                          -9.842    
  -------------------------------------------------------------------
                         slack                                  0.966    




