Copyright 1986-2022 Xilinx, Inc. All Rights Reserved. Copyright 2022-2025 Advanced Micro Devices, Inc. All Rights Reserved.
---------------------------------------------------------------------------------------------------------------------------------------------
| Tool Version : Vivado v.2025.2 (lin64) Build 6299465 Fri Nov 14 12:34:56 MST 2025
| Date         : Sat Mar  7 19:18:22 2026
| Host         : universal-constructor running 64-bit Ubuntu 24.04.3 LTS
| Command      : report_utilization -hierarchical -hierarchical_depth 7 -file ./report/top_utilization_hierarchical_synth.rpt
| Design       : bd_0_wrapper
| Device       : xc7z020clg484-1
| Speed File   : -1
| Design State : Synthesized
---------------------------------------------------------------------------------------------------------------------------------------------

Utilization Design Information

Table of Contents
-----------------
1. Utilization by Hierarchy

1. Utilization by Hierarchy
---------------------------

+----------------------------------------------------------------+------------------------------------------------------------+------------+------------+---------+------+------+--------+--------+------------+
|                            Instance                            |                           Module                           | Total LUTs | Logic LUTs | LUTRAMs | SRLs |  FFs | RAMB36 | RAMB18 | DSP Blocks |
+----------------------------------------------------------------+------------------------------------------------------------+------------+------------+---------+------+------+--------+--------+------------+
| bd_0_wrapper                                                   |                                                      (top) |       7196 |       6591 |       0 |  605 | 7171 |      0 |     48 |         31 |
|   bd_0_i                                                       |                                                       bd_0 |       7196 |       6591 |       0 |  605 | 7171 |      0 |     48 |         31 |
|     hls_inst                                                   |                                            bd_0_hls_inst_0 |       7196 |       6591 |       0 |  605 | 7171 |      0 |     48 |         31 |
|       inst                                                     |                                        bd_0_hls_inst_0_top |       7196 |       6591 |       0 |  605 | 7171 |      0 |     48 |         31 |
|         (inst)                                                 |                                        bd_0_hls_inst_0_top |          1 |          0 |       0 |    1 |  809 |      0 |      0 |          0 |
|         control_s_axi_U                                        |                          bd_0_hls_inst_0_top_control_s_axi |        710 |        710 |       0 |    0 |  823 |      0 |      0 |          0 |
|         gmem0_m_axi_U                                          |                            bd_0_hls_inst_0_top_gmem0_m_axi |       1814 |       1505 |       0 |  309 | 2184 |      0 |      1 |          0 |
|           bus_read                                             |                       bd_0_hls_inst_0_top_gmem0_m_axi_read |        357 |        356 |       0 |    1 |  589 |      0 |      0 |          0 |
|             rreq_burst_conv                                    |         bd_0_hls_inst_0_top_gmem0_m_axi_burst_converter_96 |        279 |        279 |       0 |    0 |  487 |      0 |      0 |          0 |
|               burst_sequential                                 |        bd_0_hls_inst_0_top_gmem0_m_axi_burst_sequential_97 |        279 |        279 |       0 |    0 |  487 |      0 |      0 |          0 |
|             rs_rdata                                           |  bd_0_hls_inst_0_top_gmem0_m_axi_reg_slice__parameterized4 |         40 |         40 |       0 |    0 |   71 |      0 |      0 |          0 |
|           bus_write                                            |                      bd_0_hls_inst_0_top_gmem0_m_axi_write |        491 |        428 |       0 |   63 |  790 |      0 |      0 |          0 |
|             wreq_burst_conv                                    |            bd_0_hls_inst_0_top_gmem0_m_axi_burst_converter |        280 |        280 |       0 |    0 |  491 |      0 |      0 |          0 |
|               burst_sequential                                 |           bd_0_hls_inst_0_top_gmem0_m_axi_burst_sequential |        280 |        280 |       0 |    0 |  491 |      0 |      0 |          0 |
|             wreq_throttle                                      |                   bd_0_hls_inst_0_top_gmem0_m_axi_throttle |        184 |        122 |       0 |   62 |  276 |      0 |      0 |          0 |
|               rs_req                                           |  bd_0_hls_inst_0_top_gmem0_m_axi_reg_slice__parameterized2 |         73 |         73 |       0 |    0 |  137 |      0 |      0 |          0 |
|               fifo_burst_gen[0].fifo_req                       |       bd_0_hls_inst_0_top_gmem0_m_axi_fifo__parameterized8 |         84 |         22 |       0 |   62 |   79 |      0 |      0 |          0 |
|           load_unit_0                                          |                       bd_0_hls_inst_0_top_gmem0_m_axi_load |        315 |        238 |       0 |   77 |  330 |      0 |      1 |          0 |
|             (load_unit_0)                                      |                       bd_0_hls_inst_0_top_gmem0_m_axi_load |          3 |          3 |       0 |    0 |  114 |      0 |      0 |          0 |
|             buff_rdata                                         |       bd_0_hls_inst_0_top_gmem0_m_axi_fifo__parameterized7 |         51 |         51 |       0 |    0 |   37 |      0 |      1 |          0 |
|             bus_wide_gen.rs_rdata_int                          |                  bd_0_hls_inst_0_top_gmem0_m_axi_reg_slice |         86 |         86 |       0 |    0 |   71 |      0 |      0 |          0 |
|             fifo_rreq                                          |    bd_0_hls_inst_0_top_gmem0_m_axi_fifo__parameterized2_90 |        135 |         62 |       0 |   73 |   87 |      0 |      0 |          0 |
|               U_fifo_srl                                       |     bd_0_hls_inst_0_top_gmem0_m_axi_srl__parameterized2_91 |        120 |         47 |       0 |   73 |   73 |      0 |      0 |          0 |
|           store_unit_0                                         |                      bd_0_hls_inst_0_top_gmem0_m_axi_store |        651 |        483 |       0 |  168 |  475 |      0 |      0 |          0 |
|             (store_unit_0)                                     |                      bd_0_hls_inst_0_top_gmem0_m_axi_store |         56 |         56 |       0 |    0 |  200 |      0 |      0 |          0 |
|             buff_wdata                                         |       bd_0_hls_inst_0_top_gmem0_m_axi_fifo__parameterized3 |         67 |         31 |       0 |   36 |   53 |      0 |      0 |          0 |
|             bus_wide_gen.buff_wdata_in                         |       bd_0_hls_inst_0_top_gmem0_m_axi_fifo__parameterized1 |         76 |         58 |       0 |   18 |   32 |      0 |      0 |          0 |
|             bus_wide_gen.wreq_offset                           |       bd_0_hls_inst_0_top_gmem0_m_axi_fifo__parameterized0 |         63 |         29 |       0 |   34 |   51 |      0 |      0 |          0 |
|             conservative_gen.fifo_burst                        |                       bd_0_hls_inst_0_top_gmem0_m_axi_fifo |         51 |         47 |       0 |    4 |   21 |      0 |      0 |          0 |
|             fifo_wreq                                          |       bd_0_hls_inst_0_top_gmem0_m_axi_fifo__parameterized2 |        294 |        219 |       0 |   75 |   89 |      0 |      0 |          0 |
|               U_fifo_srl                                       |        bd_0_hls_inst_0_top_gmem0_m_axi_srl__parameterized2 |        277 |        202 |       0 |   75 |   75 |      0 |      0 |          0 |
|         gmem1_m_axi_U                                          |                            bd_0_hls_inst_0_top_gmem1_m_axi |        913 |        835 |       0 |   78 |  928 |      0 |      1 |          0 |
|           bus_read                                             |                       bd_0_hls_inst_0_top_gmem1_m_axi_read |        358 |        358 |       0 |    0 |  593 |      0 |      0 |          0 |
|             rreq_burst_conv                                    |            bd_0_hls_inst_0_top_gmem1_m_axi_burst_converter |        280 |        280 |       0 |    0 |  491 |      0 |      0 |          0 |
|               burst_sequential                                 |           bd_0_hls_inst_0_top_gmem1_m_axi_burst_sequential |        280 |        280 |       0 |    0 |  491 |      0 |      0 |          0 |
|             rs_rdata                                           |  bd_0_hls_inst_0_top_gmem1_m_axi_reg_slice__parameterized1 |         40 |         40 |       0 |    0 |   71 |      0 |      0 |          0 |
|           load_unit_0                                          |                       bd_0_hls_inst_0_top_gmem1_m_axi_load |        555 |        477 |       0 |   78 |  335 |      0 |      1 |          0 |
|             (load_unit_0)                                      |                       bd_0_hls_inst_0_top_gmem1_m_axi_load |          2 |          2 |       0 |    0 |  116 |      0 |      0 |          0 |
|             buff_rdata                                         |       bd_0_hls_inst_0_top_gmem1_m_axi_fifo__parameterized1 |         51 |         51 |       0 |    0 |   37 |      0 |      1 |          0 |
|             bus_wide_gen.rreq_offset                           |                       bd_0_hls_inst_0_top_gmem1_m_axi_fifo |         66 |         62 |       0 |    4 |   21 |      0 |      0 |          0 |
|               U_fifo_srl                                       |                        bd_0_hls_inst_0_top_gmem1_m_axi_srl |         50 |         46 |       0 |    4 |    4 |      0 |      0 |          0 |
|             bus_wide_gen.rs_rdata_int                          |                  bd_0_hls_inst_0_top_gmem1_m_axi_reg_slice |         61 |         61 |       0 |    0 |   71 |      0 |      0 |          0 |
|             fifo_rreq                                          |       bd_0_hls_inst_0_top_gmem1_m_axi_fifo__parameterized0 |        375 |        301 |       0 |   74 |   90 |      0 |      0 |          0 |
|               U_fifo_srl                                       |        bd_0_hls_inst_0_top_gmem1_m_axi_srl__parameterized0 |        357 |        283 |       0 |   74 |   74 |      0 |      0 |          0 |
|         grp_conv1_fu_527                                       |                                  bd_0_hls_inst_0_top_conv1 |       1110 |       1061 |       0 |   49 | 1020 |      0 |     16 |          9 |
|           (grp_conv1_fu_527)                                   |                                  bd_0_hls_inst_0_top_conv1 |         78 |         78 |       0 |    0 |  682 |      0 |      0 |          0 |
|           grp_conv1_Pipeline_CO_1_H_1_W_1_fu_550               |            bd_0_hls_inst_0_top_conv1_Pipeline_CO_1_H_1_W_1 |        878 |        829 |       0 |   49 |  267 |      0 |      0 |          9 |
|             (grp_conv1_Pipeline_CO_1_H_1_W_1_fu_550)           |            bd_0_hls_inst_0_top_conv1_Pipeline_CO_1_H_1_W_1 |        679 |        630 |       0 |   49 |  265 |      0 |      0 |          0 |
|             mac_muladd_8s_8s_11s_11_4_1_U122                   |         bd_0_hls_inst_0_top_mac_muladd_8s_8s_11s_11_4_1_71 |         82 |         82 |       0 |    0 |    0 |      0 |      0 |          1 |
|               top_mac_muladd_8s_8s_11s_11_4_1_DSP48_0_U        | bd_0_hls_inst_0_top_mac_muladd_8s_8s_11s_11_4_1_DSP48_0_88 |         82 |         82 |       0 |    0 |    0 |      0 |      0 |          1 |
|           grp_conv1_Pipeline_LOAD_W_fu_353                     |                  bd_0_hls_inst_0_top_conv1_Pipeline_LOAD_W |         92 |         92 |       0 |    0 |   17 |      0 |      0 |          0 |
|             (grp_conv1_Pipeline_LOAD_W_fu_353)                 |                  bd_0_hls_inst_0_top_conv1_Pipeline_LOAD_W |         78 |         78 |       0 |    0 |   15 |      0 |      0 |          0 |
|         grp_conv2_fu_717                                       |                                  bd_0_hls_inst_0_top_conv2 |       1599 |       1483 |       0 |  116 |  700 |      0 |     17 |          9 |
|           (grp_conv2_fu_717)                                   |                                  bd_0_hls_inst_0_top_conv2 |        189 |        189 |       0 |    0 |  316 |      0 |      0 |          0 |
|           grp_conv2_Pipeline_CI_2_fu_415                       |                    bd_0_hls_inst_0_top_conv2_Pipeline_CI_2 |       1294 |       1178 |       0 |  116 |  259 |      0 |      0 |          9 |
|             (grp_conv2_Pipeline_CI_2_fu_415)                   |                    bd_0_hls_inst_0_top_conv2_Pipeline_CI_2 |        691 |        575 |       0 |  116 |  257 |      0 |      0 |          0 |
|             mac_muladd_8s_8s_11s_16_4_1_U342                   |            bd_0_hls_inst_0_top_mac_muladd_8s_8s_11s_16_4_1 |        126 |        126 |       0 |    0 |    0 |      0 |      0 |          1 |
|               top_mac_muladd_8s_8s_11s_16_4_1_DSP48_0_U        | bd_0_hls_inst_0_top_mac_muladd_8s_8s_11s_16_4_1_DSP48_0_51 |        126 |        126 |       0 |    0 |    0 |      0 |      0 |          1 |
|             mac_muladd_8s_8s_11s_16_4_1_U344                   |         bd_0_hls_inst_0_top_mac_muladd_8s_8s_11s_16_4_1_37 |         95 |         95 |       0 |    0 |    0 |      0 |      0 |          1 |
|               top_mac_muladd_8s_8s_11s_16_4_1_DSP48_0_U        | bd_0_hls_inst_0_top_mac_muladd_8s_8s_11s_16_4_1_DSP48_0_49 |         95 |         95 |       0 |    0 |    0 |      0 |      0 |          1 |
|             mac_muladd_8s_8s_11s_16_4_1_U345                   |         bd_0_hls_inst_0_top_mac_muladd_8s_8s_11s_16_4_1_38 |         99 |         99 |       0 |    0 |    0 |      0 |      0 |          1 |
|               top_mac_muladd_8s_8s_11s_16_4_1_DSP48_0_U        | bd_0_hls_inst_0_top_mac_muladd_8s_8s_11s_16_4_1_DSP48_0_48 |         99 |         99 |       0 |    0 |    0 |      0 |      0 |          1 |
|             mac_muladd_8s_8s_11s_16_4_1_U347                   |         bd_0_hls_inst_0_top_mac_muladd_8s_8s_11s_16_4_1_40 |         56 |         56 |       0 |    0 |    0 |      0 |      0 |          1 |
|               top_mac_muladd_8s_8s_11s_16_4_1_DSP48_0_U        | bd_0_hls_inst_0_top_mac_muladd_8s_8s_11s_16_4_1_DSP48_0_46 |         56 |         56 |       0 |    0 |    0 |      0 |      0 |          1 |
|             mac_muladd_8s_8s_11s_16_4_1_U348                   |         bd_0_hls_inst_0_top_mac_muladd_8s_8s_11s_16_4_1_41 |         70 |         70 |       0 |    0 |    0 |      0 |      0 |          1 |
|               top_mac_muladd_8s_8s_11s_16_4_1_DSP48_0_U        | bd_0_hls_inst_0_top_mac_muladd_8s_8s_11s_16_4_1_DSP48_0_45 |         70 |         70 |       0 |    0 |    0 |      0 |      0 |          1 |
|           grp_conv2_Pipeline_LOAD_W_fu_336                     |                  bd_0_hls_inst_0_top_conv2_Pipeline_LOAD_W |         55 |         55 |       0 |    0 |   66 |      0 |      0 |          0 |
|             (grp_conv2_Pipeline_LOAD_W_fu_336)                 |                  bd_0_hls_inst_0_top_conv2_Pipeline_LOAD_W |         22 |         22 |       0 |    0 |   64 |      0 |      0 |          0 |
|         grp_pool_1_fu_795                                      |                                 bd_0_hls_inst_0_top_pool_1 |        425 |        403 |       0 |   22 |  233 |      0 |      0 |          6 |
|           grp_pool_1_Pipeline_LOAD_POOL_fu_93                  |              bd_0_hls_inst_0_top_pool_1_Pipeline_LOAD_POOL |         64 |         64 |       0 |    0 |   68 |      0 |      0 |          0 |
|             (grp_pool_1_Pipeline_LOAD_POOL_fu_93)              |              bd_0_hls_inst_0_top_pool_1_Pipeline_LOAD_POOL |         26 |         26 |       0 |    0 |   66 |      0 |      0 |          0 |
|           grp_pool_1_Pipeline_CO_LOOP_H_LOOP_W_LOOP_fu_110     |  bd_0_hls_inst_0_top_pool_1_Pipeline_CO_LOOP_H_LOOP_W_LOOP |        348 |        326 |       0 |   22 |  145 |      0 |      0 |          6 |
|             (grp_pool_1_Pipeline_CO_LOOP_H_LOOP_W_LOOP_fu_110) |  bd_0_hls_inst_0_top_pool_1_Pipeline_CO_LOOP_H_LOOP_W_LOOP |        247 |        233 |       0 |   14 |  102 |      0 |      0 |          6 |
|             urem_9ns_4ns_3_13_1_U414                           |                    bd_0_hls_inst_0_top_urem_9ns_4ns_3_13_1 |         61 |         53 |       0 |    8 |   41 |      0 |      0 |          0 |
|               top_urem_9ns_4ns_3_13_1_divider_u                |            bd_0_hls_inst_0_top_urem_9ns_4ns_3_13_1_divider |         59 |         53 |       0 |    6 |   40 |      0 |      0 |          0 |
|         grp_pool_fu_699                                        |                                   bd_0_hls_inst_0_top_pool |        460 |        434 |       0 |   26 |  256 |      0 |      0 |          6 |
|           (grp_pool_fu_699)                                    |                                   bd_0_hls_inst_0_top_pool |         62 |         62 |       0 |    0 |   20 |      0 |      0 |          0 |
|           grp_pool_Pipeline_CO_LOOP_H_LOOP_W_LOOP_fu_110       |    bd_0_hls_inst_0_top_pool_Pipeline_CO_LOOP_H_LOOP_W_LOOP |        331 |        305 |       0 |   26 |  165 |      0 |      0 |          6 |
|             (grp_pool_Pipeline_CO_LOOP_H_LOOP_W_LOOP_fu_110)   |    bd_0_hls_inst_0_top_pool_Pipeline_CO_LOOP_H_LOOP_W_LOOP |        261 |        245 |       0 |   16 |  123 |      0 |      0 |          6 |
|             urem_8ns_4ns_3_12_1_U254                           |                    bd_0_hls_inst_0_top_urem_8ns_4ns_3_12_1 |         50 |         40 |       0 |   10 |   40 |      0 |      0 |          0 |
|           grp_pool_Pipeline_LOAD_POOL_fu_93                    |                bd_0_hls_inst_0_top_pool_Pipeline_LOAD_POOL |         67 |         67 |       0 |    0 |   71 |      0 |      0 |          0 |
|             (grp_pool_Pipeline_LOAD_POOL_fu_93)                |                bd_0_hls_inst_0_top_pool_Pipeline_LOAD_POOL |         26 |         26 |       0 |    0 |   69 |      0 |      0 |          0 |
|         grp_top_Pipeline_DENSE_OUTER_DENSE_INNER_fu_853        |   bd_0_hls_inst_0_top_top_Pipeline_DENSE_OUTER_DENSE_INNER |         91 |         87 |       0 |    4 |   83 |      0 |      0 |          1 |
|           (grp_top_Pipeline_DENSE_OUTER_DENSE_INNER_fu_853)    |   bd_0_hls_inst_0_top_top_Pipeline_DENSE_OUTER_DENSE_INNER |         61 |         57 |       0 |    4 |   81 |      0 |      0 |          0 |
|         grp_top_Pipeline_LOAD_BIAS_fu_836                      |                 bd_0_hls_inst_0_top_top_Pipeline_LOAD_BIAS |         43 |         43 |       0 |    0 |   91 |      0 |      0 |          0 |
|           (grp_top_Pipeline_LOAD_BIAS_fu_836)                  |                 bd_0_hls_inst_0_top_top_Pipeline_LOAD_BIAS |         34 |         34 |       0 |    0 |   89 |      0 |      0 |          0 |
+----------------------------------------------------------------+------------------------------------------------------------+------------+------------+---------+------+------+--------+--------+------------+


